k3 chip: 4 workers, 4 TFLOPS, 200 GB/s simulated wall
DBG getmany L1 nw=16 wall=1.281s thr(out)1 thr(in)16 conc_peak=16 pread=17.711s
DBG getmany L1 nw=1 wall=0.201s thr(out)1 thr(in)16 conc_peak=1 pread=0.200s
DBG getmany L1 nw=1 wall=0.197s thr(out)1 thr(in)16 conc_peak=1 pread=0.196s
DBG getmany L1 nw=1 wall=0.207s thr(out)1 thr(in)16 conc_peak=1 pread=0.206s
DBG getmany L1 nw=1 wall=0.197s thr(out)1 thr(in)16 conc_peak=1 pread=0.197s
DBG getmany L1 nw=2 wall=0.234s thr(out)1 thr(in)16 conc_peak=2 pread=0.456s
DBG getmany L1 nw=1 wall=0.163s thr(out)1 thr(in)16 conc_peak=1 pread=0.163s
DBG getmany L1 nw=2 wall=0.548s thr(out)1 thr(in)16 conc_peak=2 pread=1.081s
DBG getmany L1 nw=1 wall=0.210s thr(out)1 thr(in)16 conc_peak=1 pread=0.209s
DBG getmany L1 nw=1 wall=0.239s thr(out)1 thr(in)16 conc_peak=1 pread=0.237s
DBG getmany L1 nw=1 wall=0.292s thr(out)1 thr(in)16 conc_peak=1 pread=0.284s
DBG getmany L1 nw=1 wall=0.159s thr(out)1 thr(in)16 conc_peak=1 pread=0.156s
DBG getmany L2 nw=16 wall=0.795s thr(out)1 thr(in)16 conc_peak=16 pread=11.593s
DBG getmany L2 nw=6 wall=1.062s thr(out)1 thr(in)16 conc_peak=6 pread=5.935s
DBG getmany L2 nw=3 wall=0.284s thr(out)1 thr(in)16 conc_peak=3 pread=0.819s
DBG getmany L2 nw=1 wall=0.161s thr(out)1 thr(in)16 conc_peak=1 pread=0.160s
DBG getmany L2 nw=1 wall=0.152s thr(out)1 thr(in)16 conc_peak=1 pread=0.151s
DBG getmany L2 nw=2 wall=0.240s thr(out)1 thr(in)16 conc_peak=2 pread=0.462s
DBG getmany L2 nw=1 wall=0.161s thr(out)1 thr(in)16 conc_peak=1 pread=0.160s
DBG getmany L2 nw=1 wall=0.207s thr(out)1 thr(in)16 conc_peak=1 pread=0.206s
DBG getmany L2 nw=1 wall=0.171s thr(out)1 thr(in)16 conc_peak=1 pread=0.169s
DBG getmany L3 nw=16 wall=0.565s thr(out)1 thr(in)16 conc_peak=16 pread=6.191s
DBG getmany L3 nw=5 wall=0.359s thr(out)1 thr(in)16 conc_peak=5 pread=1.657s
DBG getmany L3 nw=5 wall=0.337s thr(out)1 thr(in)16 conc_peak=5 pread=1.541s
DBG getmany L3 nw=2 wall=0.134s thr(out)1 thr(in)16 conc_peak=2 pread=0.253s
DBG getmany L3 nw=3 wall=0.207s thr(out)1 thr(in)16 conc_peak=3 pread=0.580s
DBG getmany L3 nw=2 wall=0.151s thr(out)1 thr(in)16 conc_peak=2 pread=0.261s
DBG getmany L3 nw=1 wall=0.113s thr(out)1 thr(in)16 conc_peak=1 pread=0.110s
DBG getmany L3 nw=2 wall=0.066s thr(out)1 thr(in)16 conc_peak=2 pread=0.120s
DBG getmany L4 nw=16 wall=0.244s thr(out)1 thr(in)16 conc_peak=16 pread=2.643s
DBG getmany L4 nw=2 wall=0.050s thr(out)1 thr(in)16 conc_peak=2 pread=0.089s
DBG getmany L4 nw=2 wall=0.057s thr(out)1 thr(in)16 conc_peak=2 pread=0.086s
DBG getmany L4 nw=2 wall=0.052s thr(out)1 thr(in)16 conc_peak=2 pread=0.090s
DBG getmany L4 nw=2 wall=0.061s thr(out)1 thr(in)16 conc_peak=2 pread=0.107s
DBG getmany L4 nw=1 wall=0.051s thr(out)1 thr(in)16 conc_peak=1 pread=0.039s
DBG getmany L5 nw=16 wall=0.233s thr(out)1 thr(in)16 conc_peak=16 pread=2.739s
DBG getmany L5 nw=3 wall=0.068s thr(out)1 thr(in)16 conc_peak=3 pread=0.184s
DBG getmany L5 nw=2 wall=0.057s thr(out)1 thr(in)16 conc_peak=2 pread=0.103s
DBG getmany L5 nw=4 wall=0.074s thr(out)1 thr(in)16 conc_peak=4 pread=0.234s
DBG getmany L5 nw=1 wall=0.063s thr(out)1 thr(in)16 conc_peak=1 pread=0.058s
DBG getmany L6 nw=16 wall=0.611s thr(out)1 thr(in)16 conc_peak=16 pread=8.634s
DBG getmany L6 nw=4 wall=0.316s thr(out)1 thr(in)16 conc_peak=4 pread=1.134s
DBG getmany L6 nw=1 wall=0.234s thr(out)1 thr(in)16 conc_peak=1 pread=0.233s
DBG getmany L6 nw=1 wall=0.153s thr(out)1 thr(in)16 conc_peak=1 pread=0.152s
DBG getmany L7 nw=16 wall=0.281s thr(out)1 thr(in)16 conc_peak=16 pread=3.286s
DBG getmany L7 nw=2 wall=0.069s thr(out)1 thr(in)16 conc_peak=2 pread=0.091s
DBG getmany L7 nw=3 wall=0.064s thr(out)1 thr(in)16 conc_peak=3 pread=0.163s
DBG getmany L7 nw=2 wall=0.058s thr(out)1 thr(in)16 conc_peak=2 pread=0.109s
DBG getmany L7 nw=2 wall=0.056s thr(out)1 thr(in)16 conc_peak=2 pread=0.098s
DBG getmany L8 nw=16 wall=0.228s thr(out)1 thr(in)16 conc_peak=16 pread=2.592s
DBG getmany L8 nw=6 wall=0.098s thr(out)1 thr(in)16 conc_peak=6 pread=0.438s
DBG getmany L8 nw=5 wall=0.081s thr(out)1 thr(in)16 conc_peak=5 pread=0.328s
DBG getmany L8 nw=10 wall=0.489s thr(out)1 thr(in)16 conc_peak=10 pread=2.435s
DBG getmany L8 nw=5 wall=0.413s thr(out)1 thr(in)16 conc_peak=4 pread=1.889s
DBG getmany L8 nw=6 wall=0.118s thr(out)1 thr(in)16 conc_peak=6 pread=0.502s
DBG getmany L8 nw=8 wall=0.116s thr(out)1 thr(in)16 conc_peak=8 pread=0.696s
DBG getmany L8 nw=1 wall=0.056s thr(out)1 thr(in)16 conc_peak=1 pread=0.055s
DBG getmany L9 nw=16 wall=0.618s thr(out)1 thr(in)16 conc_peak=16 pread=8.136s
DBG getmany L9 nw=7 wall=0.670s thr(out)1 thr(in)16 conc_peak=7 pread=3.951s
DBG getmany L9 nw=7 wall=1.660s thr(out)1 thr(in)16 conc_peak=7 pread=10.523s
DBG getmany L9 nw=12 wall=2.097s thr(out)1 thr(in)16 conc_peak=12 pread=23.869s
DBG getmany L9 nw=3 wall=0.780s thr(out)1 thr(in)16 conc_peak=2 pread=2.237s
DBG getmany L9 nw=12 wall=0.751s thr(out)1 thr(in)16 conc_peak=12 pread=8.501s
DBG getmany L9 nw=13 wall=0.761s thr(out)1 thr(in)16 conc_peak=13 pread=9.424s
DBG getmany L9 nw=4 wall=0.558s thr(out)1 thr(in)16 conc_peak=4 pread=2.131s
DBG getmany L9 nw=3 wall=0.357s thr(out)1 thr(in)16 conc_peak=3 pread=1.046s
DBG getmany L9 nw=4 wall=0.392s thr(out)1 thr(in)16 conc_peak=4 pread=1.529s
DBG getmany L9 nw=3 wall=0.504s thr(out)1 thr(in)16 conc_peak=3 pread=1.342s
DBG getmany L9 nw=2 wall=0.507s thr(out)1 thr(in)16 conc_peak=2 pread=1.003s
DBG getmany L9 nw=1 wall=0.319s thr(out)1 thr(in)16 conc_peak=1 pread=0.318s
DBG getmany L9 nw=1 wall=0.364s thr(out)1 thr(in)16 conc_peak=1 pread=0.363s
DBG getmany L9 nw=1 wall=0.323s thr(out)1 thr(in)16 conc_peak=1 pread=0.322s
DBG getmany L10 nw=16 wall=1.760s thr(out)1 thr(in)16 conc_peak=16 pread=20.035s
DBG getmany L10 nw=9 wall=1.429s thr(out)1 thr(in)16 conc_peak=9 pread=11.757s
DBG getmany L10 nw=5 wall=0.452s thr(out)1 thr(in)16 conc_peak=5 pread=2.230s
DBG getmany L10 nw=14 wall=0.685s thr(out)1 thr(in)16 conc_peak=14 pread=8.418s
DBG getmany L10 nw=7 wall=1.939s thr(out)1 thr(in)16 conc_peak=7 pread=7.992s
DBG getmany L10 nw=8 wall=1.908s thr(out)1 thr(in)16 conc_peak=8 pread=14.791s
DBG getmany L10 nw=11 wall=0.759s thr(out)1 thr(in)16 conc_peak=11 pread=7.464s
DBG getmany L10 nw=4 wall=1.401s thr(out)1 thr(in)16 conc_peak=4 pread=5.354s
DBG getmany L10 nw=3 wall=0.425s thr(out)1 thr(in)16 conc_peak=3 pread=1.220s
DBG getmany L10 nw=1 wall=0.336s thr(out)1 thr(in)16 conc_peak=1 pread=0.335s
DBG getmany L10 nw=1 wall=0.276s thr(out)1 thr(in)16 conc_peak=1 pread=0.274s
DBG getmany L10 nw=3 wall=0.378s thr(out)1 thr(in)16 conc_peak=3 pread=1.119s
DBG getmany L10 nw=1 wall=0.311s thr(out)1 thr(in)16 conc_peak=1 pread=0.304s
DBG getmany L10 nw=1 wall=0.304s thr(out)1 thr(in)16 conc_peak=1 pread=0.303s
DBG getmany L10 nw=1 wall=0.358s thr(out)1 thr(in)16 conc_peak=1 pread=0.358s
DBG getmany L10 nw=1 wall=0.296s thr(out)1 thr(in)16 conc_peak=1 pread=0.296s
DBG getmany L10 nw=1 wall=0.288s thr(out)1 thr(in)16 conc_peak=1 pread=0.287s
DBG getmany L10 nw=1 wall=0.297s thr(out)1 thr(in)16 conc_peak=1 pread=0.297s
DBG getmany L11 nw=16 wall=3.077s thr(out)1 thr(in)16 conc_peak=16 pread=40.983s
DBG getmany L11 nw=2 wall=0.190s thr(out)1 thr(in)16 conc_peak=2 pread=0.202s
config: /model/config.json (nested shape) | hidden=7168 layers=93 vocab=163840 | 24 MLA + 69 KDA | experts 896 top16 shared2 | latent=3584
NOTE: binding only the first 12 of 93 layers. Output is NOT the full model; it is a partial stack for testing the machinery.

  KV cache : 78.21 MB for 33 positions (2.37 MB/position)
Kimi K3, pure C, released checkpoint
  model    : /model
  prompt   : 30 tokens, generating 2

indexed 497220 tensors from 96 shards in 9.08 s
trunk on disk : 15.16 GB total (STREAMED from /mnt/nvme/trunk_layers_out, not held in RAM)

memory plan
  trunk (STREAMED) 6.00 GB
  embed + lm_head  4.70 GB
  expert cache     8.00 GB
  recurrent state  80.81 MB
  buffers          23.38 MB
  KV cache         78.06 MB
  TOTAL            18.88 GB
  available        28.53 GB

k3_trunk: trunk.bin absent - using per-layer slices (layer_%03d.bin)
trunk stream: 56.60 GB packed, 1/93 layers PINNED (3.00 GB), ring 2 x 1.30 GB
              reads use buffered I/O
              ring holds 2 slots: layers repeat over ~2 tokens, so recent ones are reused instead of re-read
trunk streaming enabled from /mnt/nvme/trunk_layers_out in 0.1 s
embedding, final norm and lm_head: 4.70 GB in 123.6 s

expert L2 cache enabled: 11397 slots x 17.55 MB = 199.99 GB on /mnt/nvme/experts.l2
expert L2 eviction policy: heat
peak RSS after loading weights: 4.78 GB  (the plan above is a forecast, this is measured)
expert cache: 455 slots x 17.56 MB = 7.99 GB (0.55% of the 1.45 TB expert pool)

recurrent state for 12 layers: 80.81 MB

incremental decode: KV cache 9.76 MB for 3 MLA layers at 33 positions

STEP   TOKEN      SECONDS      CACHE HIT  READ GB    TOK/S
--------------------------------------------------------------------
0      8611       183.07       100.0      8.67       0.005
  L2   resident=6298/11397 slots hit=100.0% read=8.67GB write=0.00GB
DBG getmany L1 nw=16 wall=0.168s thr(out)1 thr(in)16 conc_peak=16 pread=1.642s
DBG getmany L2 nw=16 wall=0.158s thr(out)1 thr(in)16 conc_peak=16 pread=1.494s
DBG getmany L3 nw=8 wall=0.083s thr(out)1 thr(in)16 conc_peak=8 pread=0.356s
DBG getmany L4 nw=14 wall=0.141s thr(out)1 thr(in)16 conc_peak=14 pread=1.332s
DBG getmany L5 nw=13 wall=0.131s thr(out)1 thr(in)16 conc_peak=13 pread=1.087s
DBG getmany L6 nw=16 wall=0.155s thr(out)1 thr(in)16 conc_peak=16 pread=1.608s
DBG getmany L7 nw=16 wall=0.169s thr(out)1 thr(in)16 conc_peak=16 pread=1.698s
DBG getmany L8 nw=12 wall=0.124s thr(out)1 thr(in)16 conc_peak=12 pread=0.955s
DBG getmany L9 nw=11 wall=0.110s thr(out)1 thr(in)16 conc_peak=11 pread=0.747s
DBG getmany L10 nw=12 wall=0.125s thr(out)1 thr(in)16 conc_peak=12 pread=0.991s
DBG getmany L11 nw=15 wall=0.129s thr(out)1 thr(in)16 conc_peak=15 pread=1.198s
1      82784      23.54        99.4       2.63       0.042
  L2   resident=6298/11397 slots hit=100.0% read=11.27GB write=0.00GB
--------------------------------------------------------------------
2 tokens in 206.6 s, 103.30 s/token average
PEAK RSS for the whole run: 16.56 GB   <- quote this, not the plan
layers completed: 12/12; routed expert drops: 0


[chip] simulated MXFP4 GEMV bill over 32 tokens
  5456 expert chains | 360424931328 flops | 95737872384 bytes (95.74 GB)
  per token: 170 chains | 2.99 GB | 0.01 Gflops
  compute wall @ 4 TFLOPS : 0.09 s (2.82 ms/token)
  bandwidth wall @ 200 GB/s : 0.48 s (14.96 ms/token)
  -> bandwidth-bound; to be compute-bound at 4 TFLOPS this needs 1062 GB/s
  expert fetch (host wall, measured): 45.26 s moving 95.74 GB = 2 GB/s
  chip pool wall (measured): 35.17 s

cache [final step]
  slots        : 455 of 17.56 MB = 7.99 GB arena (455 resident, 0 pinned)
  requests     : 176  hits 175 (99.43%)  misses 1  evictions 150
  of those hits : 149 came from the batch prefetch, i.e. read from disk
                  this token; TRUE resident hit rate 14.77%
  read from disk: 2.63 GB in 1.74 s (1513 MB/s while loading)
  phase2 i/o    : 2.62 GB in 1.49 s (1754 MB/s)  [pure parallel disk read]
l2cache [final step]
  requests     : 642  hits 642 (100.00%)  misses 0
  read  from sdd7: 11.27 GB, written 0.00 GB
  hit I/O   : 11.27 GB in 43.88 s (wall) = 257 MB/s [pread 294.04 s, 38 MB/s per-thread]
  miss I/O  : 0 misses, 0.00 GB from /model in 0.00 s (wall) = 0 MB/s
  restored from meta: 6298 slots

wrote reports/loop_serial_20260920_101149/loop_block4.json
I/O share of wall clock: 43.0%  (trunk 44.8 s + experts 44.1 s of 206.6 s)
  both figures are WHOLE-RUN totals over 2 steps
  experts, whole run: 11.30 GB read | 5267 of 5456 requests retained in RAM (96.54%) | 189 evictions
    (retention = requests - evictions; the raw `hits` counter includes
     experts the prefetcher had just read from disk, so it is not a
     measure of avoided I/O)

trunk [final]
  pinned 1/93 layers, ring 2 slots
  binds 24, hits 1 (4.2%), reads 23
  read 15.26 GB in 44.80 s (341 MB/s pread) + 0.00 s parked on the expert gate
  per-layer loads [L]=count: 0=1 1=2 2=2 3=2 4=2 5=2 6=2 7=2 8=2 9=2 10=2 11=2 12=0 13=0 14=0 15=0 16=0 17=0 18=0 19=0 20=0 21=0 22=0 23=0 24=0 25=0 26=0 27=0 28=0 29=0 30=0 31=0 32=0 33=0 34=0 35=0 36=0 37=0 38=0 39=0 40=0 41=0 42=0 43=0 44=0 45=0 46=0 47=0 48=0 49=0 50=0 51=0 52=0 53=0 54=0 55=0 56=0 57=0 58=0 59=0 60=0 61=0 62=0 63=0 64=0 65=0 66=0 67=0 68=0 69=0 70=0 71=0 72=0 73=0 74=0 75=0 76=0 77=0 78=0 79=0 80=0 81=0 82=0 83=0 84=0 85=0 86=0 87=0 88=0 89=0 90=0 91=0 92=0
  bind wall 38.05 s over 24 binds; read 44.80 + widen 0.65 = 45.46 s of device work,
                    of which 7.41 s (16%) overlapped compute on the reader thread
  widen breakdown: find 1 ms (626)  copy 0 ms (274)  deq 652 ms (200)  timed 1 s of widen 0.65 s
