L2 auto: 209 GB free on /mnt/nvme -> L2 at 256 GB
k3 chip: 4 workers, 4 TFLOPS, 200 GB/s simulated wall
DBG getmany L1 nw=16 wall=0.199s thr(out)1 thr(in)16 conc_peak=16 pread=2.139s
DBG getmany L2 nw=16 wall=0.194s thr(out)1 thr(in)16 conc_peak=16 pread=2.084s
DBG getmany L3 nw=16 wall=0.203s thr(out)1 thr(in)16 conc_peak=16 pread=2.155s
DBG getmany L4 nw=16 wall=0.173s thr(out)1 thr(in)16 conc_peak=16 pread=1.693s
DBG getmany L5 nw=16 wall=0.182s thr(out)1 thr(in)16 conc_peak=16 pread=1.868s
DBG getmany L6 nw=16 wall=0.192s thr(out)1 thr(in)16 conc_peak=16 pread=2.054s
DBG getmany L7 nw=16 wall=0.178s thr(out)1 thr(in)16 conc_peak=16 pread=1.818s
DBG getmany L8 nw=16 wall=0.193s thr(out)1 thr(in)16 conc_peak=16 pread=2.000s
DBG getmany L9 nw=16 wall=0.196s thr(out)1 thr(in)16 conc_peak=16 pread=2.061s
DBG getmany L10 nw=16 wall=0.204s thr(out)1 thr(in)16 conc_peak=16 pread=2.133s
DBG getmany L11 nw=16 wall=0.199s thr(out)1 thr(in)16 conc_peak=16 pread=2.078s
DBG getmany L12 nw=16 wall=0.202s thr(out)1 thr(in)16 conc_peak=16 pread=2.232s
DBG getmany L13 nw=16 wall=0.207s thr(out)1 thr(in)16 conc_peak=16 pread=2.208s
DBG getmany L14 nw=16 wall=0.199s thr(out)1 thr(in)16 conc_peak=16 pread=2.051s
DBG getmany L15 nw=16 wall=0.206s thr(out)1 thr(in)16 conc_peak=16 pread=2.258s
DBG getmany L16 nw=16 wall=0.257s thr(out)1 thr(in)16 conc_peak=16 pread=2.276s
DBG getmany L17 nw=16 wall=0.241s thr(out)1 thr(in)16 conc_peak=16 pread=2.893s
DBG getmany L18 nw=16 wall=0.362s thr(out)1 thr(in)16 conc_peak=16 pread=4.401s
DBG getmany L19 nw=16 wall=0.460s thr(out)1 thr(in)16 conc_peak=16 pread=5.214s
DBG getmany L20 nw=16 wall=0.495s thr(out)1 thr(in)16 conc_peak=16 pread=5.782s
DBG getmany L21 nw=16 wall=0.513s thr(out)1 thr(in)16 conc_peak=16 pread=5.200s
DBG getmany L22 nw=16 wall=0.380s thr(out)1 thr(in)16 conc_peak=16 pread=4.824s
DBG getmany L23 nw=16 wall=0.487s thr(out)1 thr(in)16 conc_peak=16 pread=6.172s
DBG getmany L24 nw=16 wall=0.566s thr(out)1 thr(in)16 conc_peak=16 pread=7.127s
DBG getmany L25 nw=16 wall=0.569s thr(out)1 thr(in)16 conc_peak=16 pread=7.474s
DBG getmany L26 nw=16 wall=0.403s thr(out)1 thr(in)16 conc_peak=16 pread=5.251s
DBG getmany L27 nw=16 wall=0.515s thr(out)1 thr(in)16 conc_peak=16 pread=6.599s
DBG getmany L28 nw=16 wall=0.491s thr(out)1 thr(in)16 conc_peak=16 pread=5.583s
DBG getmany L29 nw=16 wall=0.524s thr(out)1 thr(in)16 conc_peak=16 pread=6.428s
DBG getmany L30 nw=16 wall=0.407s thr(out)1 thr(in)16 conc_peak=16 pread=4.775s
DBG getmany L31 nw=16 wall=0.577s thr(out)1 thr(in)16 conc_peak=16 pread=7.883s
DBG getmany L32 nw=16 wall=0.563s thr(out)1 thr(in)16 conc_peak=16 pread=7.612s
DBG getmany L33 nw=16 wall=0.507s thr(out)1 thr(in)16 conc_peak=16 pread=5.739s
DBG getmany L34 nw=16 wall=0.409s thr(out)1 thr(in)16 conc_peak=16 pread=5.475s
DBG getmany L35 nw=16 wall=0.600s thr(out)1 thr(in)16 conc_peak=16 pread=6.740s
DBG getmany L36 nw=16 wall=0.572s thr(out)1 thr(in)16 conc_peak=16 pread=7.585s
DBG getmany L37 nw=16 wall=0.560s thr(out)1 thr(in)16 conc_peak=16 pread=7.800s
DBG getmany L38 nw=16 wall=0.354s thr(out)1 thr(in)16 conc_peak=16 pread=4.418s
DBG getmany L39 nw=16 wall=0.583s thr(out)1 thr(in)16 conc_peak=16 pread=6.941s
DBG getmany L40 nw=16 wall=0.555s thr(out)1 thr(in)16 conc_peak=16 pread=7.779s
DBG getmany L41 nw=16 wall=0.539s thr(out)1 thr(in)16 conc_peak=16 pread=6.332s
DBG getmany L42 nw=16 wall=0.410s thr(out)1 thr(in)16 conc_peak=16 pread=5.372s
DBG getmany L43 nw=16 wall=0.587s thr(out)1 thr(in)16 conc_peak=16 pread=7.704s
DBG getmany L44 nw=16 wall=0.580s thr(out)1 thr(in)16 conc_peak=16 pread=8.024s
DBG getmany L45 nw=16 wall=0.553s thr(out)1 thr(in)16 conc_peak=16 pread=6.490s
DBG getmany L46 nw=16 wall=0.452s thr(out)1 thr(in)16 conc_peak=16 pread=6.075s
DBG getmany L47 nw=16 wall=0.629s thr(out)1 thr(in)16 conc_peak=16 pread=7.913s
DBG getmany L48 nw=16 wall=0.576s thr(out)1 thr(in)16 conc_peak=16 pread=6.593s
DBG getmany L49 nw=16 wall=0.592s thr(out)1 thr(in)16 conc_peak=16 pread=7.055s
DBG getmany L50 nw=16 wall=0.435s thr(out)1 thr(in)16 conc_peak=16 pread=5.180s
DBG getmany L51 nw=16 wall=0.581s thr(out)1 thr(in)16 conc_peak=16 pread=7.140s
DBG getmany L52 nw=16 wall=0.563s thr(out)1 thr(in)16 conc_peak=16 pread=7.350s
DBG getmany L53 nw=16 wall=0.584s thr(out)1 thr(in)16 conc_peak=16 pread=6.259s
DBG getmany L54 nw=16 wall=0.455s thr(out)1 thr(in)16 conc_peak=16 pread=5.374s
DBG getmany L55 nw=16 wall=0.596s thr(out)1 thr(in)16 conc_peak=16 pread=6.778s
DBG getmany L56 nw=16 wall=0.610s thr(out)1 thr(in)16 conc_peak=16 pread=8.208s
DBG getmany L57 nw=16 wall=0.576s thr(out)1 thr(in)16 conc_peak=16 pread=6.753s
DBG getmany L58 nw=16 wall=0.423s thr(out)1 thr(in)16 conc_peak=16 pread=5.535s
DBG getmany L59 nw=16 wall=0.580s thr(out)1 thr(in)16 conc_peak=16 pread=6.826s
DBG getmany L60 nw=16 wall=0.579s thr(out)1 thr(in)16 conc_peak=16 pread=7.030s
DBG getmany L61 nw=16 wall=0.549s thr(out)1 thr(in)16 conc_peak=16 pread=6.294s
DBG getmany L62 nw=16 wall=0.439s thr(out)1 thr(in)16 conc_peak=16 pread=4.411s
DBG getmany L63 nw=16 wall=0.614s thr(out)1 thr(in)16 conc_peak=16 pread=7.832s
DBG getmany L64 nw=16 wall=0.585s thr(out)1 thr(in)16 conc_peak=16 pread=7.351s
DBG getmany L65 nw=16 wall=0.589s thr(out)1 thr(in)16 conc_peak=16 pread=7.296s
DBG getmany L66 nw=16 wall=0.449s thr(out)1 thr(in)16 conc_peak=16 pread=5.531s
DBG getmany L67 nw=16 wall=0.607s thr(out)1 thr(in)16 conc_peak=16 pread=8.682s
DBG getmany L68 nw=16 wall=0.582s thr(out)1 thr(in)16 conc_peak=16 pread=7.947s
DBG getmany L69 nw=16 wall=0.580s thr(out)1 thr(in)16 conc_peak=16 pread=7.168s
DBG getmany L70 nw=16 wall=0.428s thr(out)1 thr(in)16 conc_peak=16 pread=5.131s
DBG getmany L71 nw=16 wall=0.618s thr(out)1 thr(in)16 conc_peak=16 pread=7.163s
DBG getmany L72 nw=16 wall=0.580s thr(out)1 thr(in)16 conc_peak=16 pread=6.600s
DBG getmany L73 nw=16 wall=0.615s thr(out)1 thr(in)16 conc_peak=16 pread=6.706s
DBG getmany L74 nw=16 wall=10.115s thr(out)1 thr(in)16 conc_peak=16 pread=127.274s
DBG getmany L75 nw=16 wall=12.931s thr(out)1 thr(in)16 conc_peak=16 pread=205.290s
DBG getmany L76 nw=16 wall=10.359s thr(out)1 thr(in)16 conc_peak=16 pread=153.168s
DBG getmany L77 nw=16 wall=13.008s thr(out)1 thr(in)16 conc_peak=16 pread=201.885s
DBG getmany L78 nw=16 wall=5.997s thr(out)1 thr(in)16 conc_peak=16 pread=94.667s
DBG getmany L79 nw=16 wall=0.585s thr(out)1 thr(in)16 conc_peak=16 pread=7.144s
DBG getmany L80 nw=16 wall=0.488s thr(out)1 thr(in)16 conc_peak=16 pread=6.374s
DBG getmany L81 nw=16 wall=0.543s thr(out)1 thr(in)16 conc_peak=16 pread=7.791s
DBG getmany L82 nw=16 wall=0.395s thr(out)1 thr(in)16 conc_peak=16 pread=4.887s
DBG getmany L83 nw=16 wall=0.538s thr(out)1 thr(in)16 conc_peak=16 pread=7.561s
DBG getmany L84 nw=16 wall=0.562s thr(out)1 thr(in)16 conc_peak=16 pread=7.653s
DBG getmany L85 nw=16 wall=0.534s thr(out)1 thr(in)16 conc_peak=16 pread=8.026s
DBG getmany L86 nw=16 wall=0.393s thr(out)1 thr(in)16 conc_peak=16 pread=5.313s
DBG getmany L87 nw=16 wall=0.523s thr(out)1 thr(in)16 conc_peak=16 pread=7.257s
DBG getmany L88 nw=16 wall=0.558s thr(out)1 thr(in)16 conc_peak=16 pread=8.346s
DBG getmany L89 nw=16 wall=11.702s thr(out)1 thr(in)16 conc_peak=16 pread=186.621s
DBG getmany L90 nw=16 wall=0.396s thr(out)1 thr(in)16 conc_peak=16 pread=5.586s
DBG getmany L91 nw=16 wall=10.618s thr(out)1 thr(in)16 conc_peak=16 pread=115.800s
DBG getmany L92 nw=16 wall=1.203s thr(out)1 thr(in)16 conc_peak=16 pread=17.402s
config: /model/config.json (nested shape) | hidden=7168 layers=93 vocab=163840 | 24 MLA + 69 KDA | experts 896 top16 shared2 | latent=3584
  KV cache : 23.70 MB for 10 positions (2.37 MB/position)
Kimi K3, pure C, released checkpoint
  model    : /model
  prompt   : 1 tokens, generating 8

indexed 497220 tensors from 96 shards in 4.42 s
trunk on disk : 110.00 GB total (STREAMED from /mnt/nvme/trunk_layers_out, not held in RAM)

memory plan
  trunk (STREAMED) 26.00 GB
  embed + lm_head  4.70 GB
  expert cache     23.00 GB
  recurrent state  626.25 MB
  buffers          8.02 MB
  KV cache         23.65 MB
  TOTAL            54.36 GB
  available        57.80 GB

k3_trunk: trunk.bin absent - using per-layer slices (layer_%03d.bin)
trunk stream: 56.60 GB packed, 17/93 layers PINNED (23.00 GB), ring 2 x 1.30 GB
              reads use buffered I/O
              ring holds 2 slots: layers repeat over ~2 tokens, so recent ones are reused instead of re-read
trunk streaming enabled from /mnt/nvme/trunk_layers_out in 0.0 s
embedding, final norm and lm_head: 4.70 GB in 10.2 s

expert L1 eviction policy: heat
expert L2 cache enabled: 14589 slots x 17.55 MB = 256.00 GB on /mnt/nvme/experts.l2
expert L2 eviction policy: heat
peak RSS after loading weights: 4.78 GB  (the plan above is a forecast, this is measured)
expert cache: 1310 slots x 17.56 MB = 23.00 GB (1.59% of the 1.45 TB expert pool)

recurrent state for 93 layers: 626.25 MB

incremental decode: KV cache 23.65 MB for 24 MLA layers at 10 positions

STEP   TOKEN      SECONDS      CACHE HIT  READ GB    TOK/S
--------------------------------------------------------------------
0      220        157.69       100.0      25.83      0.006
  L2   resident=6779/14589 slots hit=100.0% read=25.83GB write=0.00GB
DBG getmany L1 nw=16 wall=0.176s thr(out)1 thr(in)16 conc_peak=16 pread=1.686s
DBG getmany L2 nw=16 wall=0.163s thr(out)1 thr(in)16 conc_peak=16 pread=1.487s
DBG getmany L3 nw=16 wall=0.159s thr(out)1 thr(in)16 conc_peak=16 pread=1.519s
DBG getmany L4 nw=16 wall=0.164s thr(out)1 thr(in)16 conc_peak=16 pread=1.558s
DBG getmany L5 nw=16 wall=0.161s thr(out)1 thr(in)16 conc_peak=16 pread=1.584s
DBG getmany L6 nw=16 wall=0.173s thr(out)1 thr(in)16 conc_peak=16 pread=1.649s
DBG getmany L7 nw=16 wall=0.159s thr(out)1 thr(in)16 conc_peak=16 pread=1.594s
DBG getmany L8 nw=16 wall=0.155s thr(out)1 thr(in)16 conc_peak=16 pread=1.440s
DBG getmany L9 nw=16 wall=0.158s thr(out)1 thr(in)16 conc_peak=16 pread=1.465s
DBG getmany L10 nw=16 wall=0.162s thr(out)1 thr(in)16 conc_peak=16 pread=1.488s
DBG getmany L11 nw=16 wall=0.164s thr(out)1 thr(in)16 conc_peak=16 pread=1.487s
DBG getmany L12 nw=16 wall=0.163s thr(out)1 thr(in)16 conc_peak=16 pread=1.550s
DBG getmany L13 nw=16 wall=0.169s thr(out)1 thr(in)16 conc_peak=16 pread=1.553s
DBG getmany L14 nw=16 wall=0.164s thr(out)1 thr(in)16 conc_peak=16 pread=1.545s
DBG getmany L15 nw=16 wall=0.151s thr(out)1 thr(in)16 conc_peak=16 pread=1.444s
DBG getmany L16 nw=16 wall=0.463s thr(out)1 thr(in)16 conc_peak=16 pread=5.698s
DBG getmany L17 nw=16 wall=0.516s thr(out)1 thr(in)16 conc_peak=16 pread=6.440s
DBG getmany L18 nw=16 wall=0.394s thr(out)1 thr(in)16 conc_peak=16 pread=4.774s
DBG getmany L19 nw=16 wall=0.497s thr(out)1 thr(in)16 conc_peak=16 pread=7.368s
DBG getmany L20 nw=16 wall=0.504s thr(out)1 thr(in)16 conc_peak=16 pread=6.971s
DBG getmany L21 nw=16 wall=0.533s thr(out)1 thr(in)16 conc_peak=16 pread=8.009s
DBG getmany L22 nw=16 wall=0.379s thr(out)1 thr(in)16 conc_peak=16 pread=5.415s
DBG getmany L23 nw=16 wall=0.514s thr(out)1 thr(in)16 conc_peak=16 pread=7.693s
DBG getmany L24 nw=16 wall=0.554s thr(out)1 thr(in)16 conc_peak=16 pread=7.737s
DBG getmany L25 nw=16 wall=0.552s thr(out)1 thr(in)16 conc_peak=16 pread=8.228s
DBG getmany L26 nw=16 wall=0.401s thr(out)1 thr(in)16 conc_peak=16 pread=4.945s
DBG getmany L27 nw=16 wall=0.515s thr(out)1 thr(in)16 conc_peak=16 pread=5.595s
DBG getmany L28 nw=16 wall=0.483s thr(out)1 thr(in)16 conc_peak=16 pread=6.695s
DBG getmany L29 nw=16 wall=0.516s thr(out)1 thr(in)16 conc_peak=16 pread=7.052s
DBG getmany L30 nw=16 wall=0.397s thr(out)1 thr(in)16 conc_peak=16 pread=4.809s
DBG getmany L31 nw=16 wall=0.605s thr(out)1 thr(in)16 conc_peak=16 pread=5.954s
DBG getmany L32 nw=16 wall=0.576s thr(out)1 thr(in)16 conc_peak=16 pread=8.248s
DBG getmany L33 nw=16 wall=0.598s thr(out)1 thr(in)16 conc_peak=16 pread=7.838s
DBG getmany L34 nw=16 wall=0.405s thr(out)1 thr(in)16 conc_peak=16 pread=5.518s
DBG getmany L35 nw=16 wall=0.590s thr(out)1 thr(in)16 conc_peak=16 pread=8.661s
DBG getmany L36 nw=16 wall=0.568s thr(out)1 thr(in)16 conc_peak=16 pread=8.087s
DBG getmany L37 nw=16 wall=0.574s thr(out)1 thr(in)16 conc_peak=16 pread=8.534s
DBG getmany L38 nw=16 wall=0.396s thr(out)1 thr(in)16 conc_peak=16 pread=5.698s
DBG getmany L39 nw=16 wall=0.572s thr(out)1 thr(in)16 conc_peak=16 pread=7.416s
DBG getmany L40 nw=16 wall=0.570s thr(out)1 thr(in)16 conc_peak=16 pread=7.541s
DBG getmany L41 nw=16 wall=0.545s thr(out)1 thr(in)16 conc_peak=16 pread=7.906s
DBG getmany L42 nw=16 wall=0.437s thr(out)1 thr(in)16 conc_peak=16 pread=6.172s
DBG getmany L43 nw=16 wall=0.805s thr(out)1 thr(in)16 conc_peak=16 pread=11.276s
DBG getmany L44 nw=16 wall=0.591s thr(out)1 thr(in)16 conc_peak=16 pread=7.244s
DBG getmany L45 nw=16 wall=0.817s thr(out)1 thr(in)16 conc_peak=16 pread=12.223s
DBG getmany L46 nw=16 wall=0.600s thr(out)1 thr(in)16 conc_peak=16 pread=8.655s
DBG getmany L47 nw=16 wall=0.813s thr(out)1 thr(in)16 conc_peak=16 pread=11.166s
DBG getmany L48 nw=16 wall=0.766s thr(out)1 thr(in)16 conc_peak=16 pread=10.517s
DBG getmany L49 nw=16 wall=0.808s thr(out)1 thr(in)16 conc_peak=16 pread=11.280s
DBG getmany L50 nw=16 wall=0.601s thr(out)1 thr(in)16 conc_peak=16 pread=8.459s
DBG getmany L51 nw=16 wall=0.770s thr(out)1 thr(in)16 conc_peak=16 pread=9.690s
DBG getmany L52 nw=16 wall=0.759s thr(out)1 thr(in)16 conc_peak=16 pread=10.119s
DBG getmany L53 nw=16 wall=0.789s thr(out)1 thr(in)16 conc_peak=16 pread=11.417s
DBG getmany L54 nw=16 wall=0.576s thr(out)1 thr(in)16 conc_peak=16 pread=7.923s
DBG getmany L55 nw=16 wall=0.792s thr(out)1 thr(in)16 conc_peak=16 pread=8.491s
DBG getmany L56 nw=16 wall=0.766s thr(out)1 thr(in)16 conc_peak=16 pread=10.837s
DBG getmany L57 nw=16 wall=0.783s thr(out)1 thr(in)16 conc_peak=16 pread=11.827s
DBG getmany L58 nw=16 wall=0.532s thr(out)1 thr(in)16 conc_peak=16 pread=6.827s
DBG getmany L59 nw=16 wall=0.795s thr(out)1 thr(in)16 conc_peak=16 pread=11.388s
DBG getmany L60 nw=16 wall=0.788s thr(out)1 thr(in)16 conc_peak=16 pread=11.575s
DBG getmany L61 nw=16 wall=0.768s thr(out)1 thr(in)16 conc_peak=16 pread=11.459s
DBG getmany L62 nw=16 wall=0.567s thr(out)1 thr(in)16 conc_peak=16 pread=7.959s
DBG getmany L63 nw=16 wall=0.787s thr(out)1 thr(in)16 conc_peak=16 pread=11.261s
DBG getmany L64 nw=16 wall=0.776s thr(out)1 thr(in)16 conc_peak=16 pread=10.643s
DBG getmany L65 nw=16 wall=0.753s thr(out)1 thr(in)16 conc_peak=16 pread=9.603s
DBG getmany L66 nw=16 wall=0.589s thr(out)1 thr(in)16 conc_peak=16 pread=7.118s
DBG getmany L67 nw=16 wall=0.782s thr(out)1 thr(in)16 conc_peak=16 pread=11.620s
DBG getmany L68 nw=16 wall=0.735s thr(out)1 thr(in)16 conc_peak=16 pread=8.100s
DBG getmany L69 nw=16 wall=0.646s thr(out)1 thr(in)16 conc_peak=16 pread=8.884s
DBG getmany L70 nw=16 wall=0.570s thr(out)1 thr(in)16 conc_peak=16 pread=8.395s
DBG getmany L71 nw=16 wall=0.819s thr(out)1 thr(in)16 conc_peak=16 pread=11.906s
DBG getmany L72 nw=16 wall=0.777s thr(out)1 thr(in)16 conc_peak=16 pread=9.171s
DBG getmany L73 nw=16 wall=0.796s thr(out)1 thr(in)16 conc_peak=16 pread=11.035s
DBG getmany L74 nw=16 wall=0.576s thr(out)1 thr(in)16 conc_peak=16 pread=7.583s
DBG getmany L75 nw=16 wall=0.799s thr(out)1 thr(in)16 conc_peak=16 pread=8.931s
DBG getmany L76 nw=16 wall=0.730s thr(out)1 thr(in)16 conc_peak=16 pread=10.775s
DBG getmany L77 nw=16 wall=0.765s thr(out)1 thr(in)16 conc_peak=16 pread=10.492s
DBG getmany L78 nw=16 wall=0.575s thr(out)1 thr(in)16 conc_peak=16 pread=7.505s
DBG getmany L79 nw=16 wall=0.730s thr(out)1 thr(in)16 conc_peak=16 pread=8.515s
DBG getmany L80 nw=16 wall=0.733s thr(out)1 thr(in)16 conc_peak=16 pread=10.796s
DBG getmany L81 nw=16 wall=0.744s thr(out)1 thr(in)16 conc_peak=16 pread=11.125s
DBG getmany L82 nw=16 wall=0.572s thr(out)1 thr(in)16 conc_peak=16 pread=7.754s
DBG getmany L83 nw=16 wall=0.774s thr(out)1 thr(in)16 conc_peak=16 pread=11.490s
DBG getmany L84 nw=16 wall=0.759s thr(out)1 thr(in)16 conc_peak=16 pread=10.052s
DBG getmany L85 nw=16 wall=0.747s thr(out)1 thr(in)16 conc_peak=16 pread=11.239s
DBG getmany L86 nw=16 wall=0.543s thr(out)1 thr(in)16 conc_peak=16 pread=6.513s
DBG getmany L87 nw=16 wall=0.739s thr(out)1 thr(in)16 conc_peak=16 pread=9.261s
DBG getmany L88 nw=16 wall=0.741s thr(out)1 thr(in)16 conc_peak=16 pread=11.097s
DBG getmany L89 nw=16 wall=0.818s thr(out)1 thr(in)16 conc_peak=16 pread=12.053s
DBG getmany L90 nw=16 wall=0.565s thr(out)1 thr(in)16 conc_peak=16 pread=8.113s
DBG getmany L91 nw=16 wall=0.585s thr(out)1 thr(in)16 conc_peak=16 pread=8.560s
DBG getmany L92 nw=16 wall=0.238s thr(out)1 thr(in)16 conc_peak=16 pread=2.306s
1      802        67.94        100.0      25.83      0.015
  L2   resident=6779/14589 slots hit=100.0% read=51.66GB write=0.00GB
DBG getmany L1 nw=16 wall=0.229s thr(out)1 thr(in)16 conc_peak=16 pread=2.115s
DBG getmany L2 nw=15 wall=0.218s thr(out)1 thr(in)16 conc_peak=15 pread=1.840s
DBG getmany L3 nw=13 wall=0.188s thr(out)1 thr(in)16 conc_peak=13 pread=1.488s
DBG getmany L4 nw=15 wall=0.210s thr(out)1 thr(in)16 conc_peak=15 pread=1.814s
DBG getmany L5 nw=16 wall=0.231s thr(out)1 thr(in)16 conc_peak=16 pread=2.225s
DBG getmany L6 nw=15 wall=0.222s thr(out)1 thr(in)16 conc_peak=15 pread=2.070s
DBG getmany L7 nw=15 wall=0.214s thr(out)1 thr(in)16 conc_peak=15 pread=1.950s
DBG getmany L8 nw=16 wall=0.235s thr(out)1 thr(in)16 conc_peak=16 pread=2.147s
DBG getmany L9 nw=15 wall=0.210s thr(out)1 thr(in)16 conc_peak=15 pread=1.841s
DBG getmany L10 nw=15 wall=0.217s thr(out)1 thr(in)16 conc_peak=15 pread=2.013s
DBG getmany L11 nw=15 wall=0.211s thr(out)1 thr(in)16 conc_peak=15 pread=1.822s
DBG getmany L12 nw=15 wall=0.213s thr(out)1 thr(in)16 conc_peak=15 pread=1.833s
DBG getmany L13 nw=16 wall=0.229s thr(out)1 thr(in)16 conc_peak=16 pread=2.156s
DBG getmany L14 nw=15 wall=0.214s thr(out)1 thr(in)16 conc_peak=15 pread=1.947s
DBG getmany L15 nw=16 wall=0.227s thr(out)1 thr(in)16 conc_peak=16 pread=2.074s
DBG getmany L16 nw=15 wall=0.661s thr(out)1 thr(in)16 conc_peak=15 pread=8.661s
DBG getmany L17 nw=16 wall=0.735s thr(out)1 thr(in)16 conc_peak=16 pread=10.734s
DBG getmany L18 nw=16 wall=0.581s thr(out)1 thr(in)16 conc_peak=16 pread=8.460s
DBG getmany L19 nw=16 wall=0.711s thr(out)1 thr(in)16 conc_peak=16 pread=10.072s
DBG getmany L20 nw=16 wall=0.708s thr(out)1 thr(in)16 conc_peak=16 pread=9.675s
DBG getmany L21 nw=16 wall=0.755s thr(out)1 thr(in)16 conc_peak=16 pread=9.296s
DBG getmany L22 nw=16 wall=0.568s thr(out)1 thr(in)16 conc_peak=16 pread=7.713s
DBG getmany L23 nw=15 wall=0.699s thr(out)1 thr(in)16 conc_peak=15 pread=8.452s
DBG getmany L24 nw=13 wall=0.762s thr(out)1 thr(in)16 conc_peak=13 pread=9.030s
DBG getmany L25 nw=15 wall=0.743s thr(out)1 thr(in)16 conc_peak=15 pread=8.858s
DBG getmany L26 nw=15 wall=0.533s thr(out)1 thr(in)16 conc_peak=15 pread=6.565s
DBG getmany L27 nw=16 wall=0.713s thr(out)1 thr(in)16 conc_peak=16 pread=8.676s
DBG getmany L28 nw=15 wall=0.684s thr(out)1 thr(in)16 conc_peak=15 pread=9.819s
DBG getmany L29 nw=16 wall=0.761s thr(out)1 thr(in)16 conc_peak=16 pread=10.611s
DBG getmany L30 nw=16 wall=0.573s thr(out)1 thr(in)16 conc_peak=16 pread=7.782s
DBG getmany L31 nw=16 wall=0.773s thr(out)1 thr(in)16 conc_peak=16 pread=10.101s
DBG getmany L32 nw=14 wall=0.725s thr(out)1 thr(in)16 conc_peak=14 pread=8.267s
DBG getmany L33 nw=15 wall=0.744s thr(out)1 thr(in)16 conc_peak=15 pread=9.100s
DBG getmany L34 nw=16 wall=0.582s thr(out)1 thr(in)16 conc_peak=16 pread=7.961s
DBG getmany L35 nw=16 wall=0.785s thr(out)1 thr(in)16 conc_peak=16 pread=10.545s
DBG getmany L36 nw=14 wall=0.737s thr(out)1 thr(in)16 conc_peak=14 pread=9.007s
DBG getmany L37 nw=16 wall=0.749s thr(out)1 thr(in)16 conc_peak=16 pread=11.192s
DBG getmany L38 nw=16 wall=0.546s thr(out)1 thr(in)16 conc_peak=16 pread=6.437s
DBG getmany L39 nw=16 wall=0.762s thr(out)1 thr(in)16 conc_peak=16 pread=11.217s
DBG getmany L40 nw=16 wall=12.090s thr(out)1 thr(in)16 conc_peak=16 pread=189.878s
DBG getmany L41 nw=16 wall=0.747s thr(out)1 thr(in)16 conc_peak=16 pread=10.496s
DBG getmany L42 nw=16 wall=0.582s thr(out)1 thr(in)16 conc_peak=16 pread=8.132s
DBG getmany L43 nw=16 wall=0.801s thr(out)1 thr(in)16 conc_peak=16 pread=11.374s
DBG getmany L44 nw=16 wall=0.772s thr(out)1 thr(in)16 conc_peak=16 pread=10.993s
DBG getmany L45 nw=16 wall=0.769s thr(out)1 thr(in)16 conc_peak=16 pread=11.177s
DBG getmany L46 nw=15 wall=0.526s thr(out)1 thr(in)16 conc_peak=15 pread=7.212s
DBG getmany L47 nw=15 wall=0.776s thr(out)1 thr(in)16 conc_peak=15 pread=7.360s
DBG getmany L48 nw=15 wall=0.746s thr(out)1 thr(in)16 conc_peak=15 pread=8.856s
DBG getmany L49 nw=15 wall=0.753s thr(out)1 thr(in)16 conc_peak=15 pread=9.015s
DBG getmany L50 nw=16 wall=0.574s thr(out)1 thr(in)16 conc_peak=16 pread=8.117s
DBG getmany L51 nw=16 wall=0.774s thr(out)1 thr(in)16 conc_peak=16 pread=11.479s
DBG getmany L52 nw=16 wall=0.746s thr(out)1 thr(in)16 conc_peak=16 pread=10.475s
DBG getmany L53 nw=15 wall=0.742s thr(out)1 thr(in)16 conc_peak=15 pread=7.850s
DBG getmany L54 nw=16 wall=0.559s thr(out)1 thr(in)16 conc_peak=16 pread=5.948s
DBG getmany L55 nw=16 wall=0.777s thr(out)1 thr(in)16 conc_peak=16 pread=11.572s
DBG getmany L56 nw=16 wall=0.763s thr(out)1 thr(in)16 conc_peak=16 pread=10.458s
DBG getmany L57 nw=16 wall=0.782s thr(out)1 thr(in)16 conc_peak=16 pread=11.026s
DBG getmany L58 nw=16 wall=0.578s thr(out)1 thr(in)16 conc_peak=16 pread=8.312s
DBG getmany L59 nw=16 wall=0.797s thr(out)1 thr(in)16 conc_peak=16 pread=10.300s
DBG getmany L60 nw=16 wall=0.774s thr(out)1 thr(in)16 conc_peak=16 pread=10.993s
DBG getmany L61 nw=16 wall=0.762s thr(out)1 thr(in)16 conc_peak=16 pread=11.394s
DBG getmany L62 nw=16 wall=0.567s thr(out)1 thr(in)16 conc_peak=16 pread=8.081s
DBG getmany L63 nw=16 wall=0.785s thr(out)1 thr(in)16 conc_peak=16 pread=10.913s
DBG getmany L64 nw=16 wall=0.791s thr(out)1 thr(in)16 conc_peak=16 pread=11.032s
DBG getmany L65 nw=16 wall=0.759s thr(out)1 thr(in)16 conc_peak=16 pread=9.716s
DBG getmany L66 nw=16 wall=0.522s thr(out)1 thr(in)16 conc_peak=16 pread=6.422s
DBG getmany L67 nw=16 wall=0.787s thr(out)1 thr(in)16 conc_peak=16 pread=11.280s
DBG getmany L68 nw=16 wall=0.745s thr(out)1 thr(in)16 conc_peak=16 pread=10.778s
DBG getmany L69 nw=16 wall=0.779s thr(out)1 thr(in)16 conc_peak=16 pread=11.357s
DBG getmany L70 nw=16 wall=0.567s thr(out)1 thr(in)16 conc_peak=16 pread=7.907s
DBG getmany L71 nw=16 wall=0.814s thr(out)1 thr(in)16 conc_peak=16 pread=9.897s
DBG getmany L72 nw=16 wall=6.376s thr(out)1 thr(in)16 conc_peak=16 pread=69.336s
DBG getmany L73 nw=16 wall=5.279s thr(out)1 thr(in)16 conc_peak=16 pread=79.075s
DBG getmany L74 nw=16 wall=0.571s thr(out)1 thr(in)16 conc_peak=16 pread=7.904s
DBG getmany L75 nw=16 wall=0.789s thr(out)1 thr(in)16 conc_peak=16 pread=10.808s
DBG getmany L76 nw=16 wall=0.742s thr(out)1 thr(in)16 conc_peak=16 pread=10.110s
DBG getmany L77 nw=16 wall=0.742s thr(out)1 thr(in)16 conc_peak=16 pread=8.636s
DBG getmany L78 nw=16 wall=0.556s thr(out)1 thr(in)16 conc_peak=16 pread=6.689s
DBG getmany L79 nw=16 wall=0.770s thr(out)1 thr(in)16 conc_peak=16 pread=10.466s
DBG getmany L80 nw=16 wall=0.749s thr(out)1 thr(in)16 conc_peak=16 pread=8.889s
DBG getmany L81 nw=15 wall=0.756s thr(out)1 thr(in)16 conc_peak=15 pread=8.046s
DBG getmany L82 nw=16 wall=0.579s thr(out)1 thr(in)16 conc_peak=16 pread=8.165s
DBG getmany L83 nw=13 wall=0.734s thr(out)1 thr(in)16 conc_peak=13 pread=7.911s
DBG getmany L84 nw=13 wall=0.733s thr(out)1 thr(in)16 conc_peak=13 pread=9.050s
DBG getmany L85 nw=14 wall=0.731s thr(out)1 thr(in)16 conc_peak=14 pread=9.427s
DBG getmany L86 nw=16 wall=0.580s thr(out)1 thr(in)16 conc_peak=16 pread=8.252s
DBG getmany L87 nw=13 wall=0.709s thr(out)1 thr(in)16 conc_peak=13 pread=7.030s
DBG getmany L88 nw=15 wall=0.762s thr(out)1 thr(in)16 conc_peak=15 pread=11.039s
DBG getmany L89 nw=13 wall=0.783s thr(out)1 thr(in)16 conc_peak=13 pread=9.742s
DBG getmany L90 nw=12 wall=0.518s thr(out)1 thr(in)16 conc_peak=12 pread=4.511s
DBG getmany L91 nw=13 wall=0.530s thr(out)1 thr(in)16 conc_peak=13 pread=4.973s
DBG getmany L92 nw=13 wall=0.184s thr(out)1 thr(in)16 conc_peak=13 pread=1.386s
2      24         97.01        100.0      24.85      0.010
  L2   resident=6779/14589 slots hit=100.0% read=76.51GB write=0.00GB
DBG getmany L1 nw=15 wall=0.209s thr(out)1 thr(in)16 conc_peak=15 pread=1.786s
DBG getmany L2 nw=14 wall=0.201s thr(out)1 thr(in)16 conc_peak=14 pread=1.617s
DBG getmany L3 nw=12 wall=0.173s thr(out)1 thr(in)16 conc_peak=12 pread=1.157s
DBG getmany L4 nw=13 wall=0.183s thr(out)1 thr(in)16 conc_peak=13 pread=1.412s
DBG getmany L5 nw=15 wall=0.225s thr(out)1 thr(in)16 conc_peak=15 pread=1.994s
DBG getmany L6 nw=16 wall=0.227s thr(out)1 thr(in)16 conc_peak=16 pread=2.222s
DBG getmany L7 nw=15 wall=0.216s thr(out)1 thr(in)16 conc_peak=15 pread=1.961s
DBG getmany L8 nw=16 wall=0.228s thr(out)1 thr(in)16 conc_peak=16 pread=2.257s
DBG getmany L9 nw=12 wall=0.172s thr(out)1 thr(in)16 conc_peak=12 pread=1.191s
DBG getmany L10 nw=10 wall=0.142s thr(out)1 thr(in)16 conc_peak=8 pread=0.816s
DBG getmany L11 nw=13 wall=0.182s thr(out)1 thr(in)16 conc_peak=12 pread=1.378s
DBG getmany L12 nw=14 wall=0.201s thr(out)1 thr(in)16 conc_peak=14 pread=1.553s
DBG getmany L13 nw=13 wall=0.188s thr(out)1 thr(in)16 conc_peak=13 pread=1.467s
DBG getmany L14 nw=13 wall=0.182s thr(out)1 thr(in)16 conc_peak=13 pread=1.387s
DBG getmany L15 nw=14 wall=0.196s thr(out)1 thr(in)16 conc_peak=14 pread=1.668s
DBG getmany L16 nw=12 wall=0.620s thr(out)1 thr(in)16 conc_peak=11 pread=5.905s
DBG getmany L17 nw=14 wall=0.702s thr(out)1 thr(in)16 conc_peak=14 pread=8.794s
DBG getmany L18 nw=13 wall=0.542s thr(out)1 thr(in)16 conc_peak=13 pread=6.393s
DBG getmany L19 nw=13 wall=0.665s thr(out)1 thr(in)16 conc_peak=13 pread=6.912s
DBG getmany L20 nw=12 wall=0.637s thr(out)1 thr(in)16 conc_peak=12 pread=6.943s
DBG getmany L21 nw=15 wall=0.740s thr(out)1 thr(in)16 conc_peak=15 pread=9.229s
DBG getmany L22 nw=15 wall=0.550s thr(out)1 thr(in)16 conc_peak=15 pread=7.689s
DBG getmany L23 nw=12 wall=0.662s thr(out)1 thr(in)16 conc_peak=12 pread=6.872s
DBG getmany L24 nw=13 wall=0.767s thr(out)1 thr(in)16 conc_peak=13 pread=7.009s
DBG getmany L25 nw=16 wall=0.761s thr(out)1 thr(in)16 conc_peak=16 pread=10.318s
DBG getmany L26 nw=14 wall=0.540s thr(out)1 thr(in)16 conc_peak=14 pread=7.039s
DBG getmany L27 nw=16 wall=0.716s thr(out)1 thr(in)16 conc_peak=16 pread=8.536s
DBG getmany L28 nw=15 wall=0.680s thr(out)1 thr(in)16 conc_peak=15 pread=8.213s
DBG getmany L29 nw=14 wall=0.562s thr(out)1 thr(in)16 conc_peak=14 pread=5.742s
DBG getmany L30 nw=15 wall=0.649s thr(out)1 thr(in)16 conc_peak=15 pread=8.048s
DBG getmany L31 nw=15 wall=0.762s thr(out)1 thr(in)16 conc_peak=15 pread=9.448s
DBG getmany L32 nw=12 wall=0.704s thr(out)1 thr(in)16 conc_peak=10 pread=7.193s
DBG getmany L33 nw=13 wall=0.759s thr(out)1 thr(in)16 conc_peak=13 pread=8.596s
DBG getmany L34 nw=15 wall=0.584s thr(out)1 thr(in)16 conc_peak=15 pread=7.946s
DBG getmany L35 nw=14 wall=0.762s thr(out)1 thr(in)16 conc_peak=14 pread=8.945s
DBG getmany L36 nw=14 wall=0.743s thr(out)1 thr(in)16 conc_peak=14 pread=9.040s
DBG getmany L37 nw=15 wall=0.735s thr(out)1 thr(in)16 conc_peak=15 pread=6.749s
DBG getmany L38 nw=14 wall=0.514s thr(out)1 thr(in)16 conc_peak=14 pread=6.196s
DBG getmany L39 nw=14 wall=0.742s thr(out)1 thr(in)16 conc_peak=14 pread=9.268s
DBG getmany L40 nw=15 wall=0.754s thr(out)1 thr(in)16 conc_peak=15 pread=9.805s
DBG getmany L41 nw=14 wall=0.705s thr(out)1 thr(in)16 conc_peak=14 pread=7.929s
DBG getmany L42 nw=14 wall=0.538s thr(out)1 thr(in)16 conc_peak=14 pread=6.204s
DBG getmany L43 nw=16 wall=0.803s thr(out)1 thr(in)16 conc_peak=16 pread=11.050s
DBG getmany L44 nw=16 wall=0.791s thr(out)1 thr(in)16 conc_peak=16 pread=10.125s
DBG getmany L45 nw=15 wall=0.758s thr(out)1 thr(in)16 conc_peak=15 pread=9.796s
DBG getmany L46 nw=14 wall=0.548s thr(out)1 thr(in)16 conc_peak=14 pread=6.669s
DBG getmany L47 nw=14 wall=0.720s thr(out)1 thr(in)16 conc_peak=14 pread=9.240s
DBG getmany L48 nw=15 wall=0.715s thr(out)1 thr(in)16 conc_peak=15 pread=8.459s
DBG getmany L49 nw=15 wall=0.758s thr(out)1 thr(in)16 conc_peak=15 pread=10.916s
DBG getmany L50 nw=15 wall=0.555s thr(out)1 thr(in)16 conc_peak=15 pread=7.872s
DBG getmany L51 nw=14 wall=0.717s thr(out)1 thr(in)16 conc_peak=14 pread=7.606s
DBG getmany L52 nw=13 wall=0.687s thr(out)1 thr(in)16 conc_peak=13 pread=6.435s
DBG getmany L53 nw=14 wall=0.708s thr(out)1 thr(in)16 conc_peak=14 pread=7.137s
DBG getmany L54 nw=15 wall=0.559s thr(out)1 thr(in)16 conc_peak=15 pread=6.827s
DBG getmany L55 nw=13 wall=0.724s thr(out)1 thr(in)16 conc_peak=13 pread=7.853s
DBG getmany L56 nw=15 wall=0.732s thr(out)1 thr(in)16 conc_peak=15 pread=10.309s
DBG getmany L57 nw=16 wall=0.755s thr(out)1 thr(in)16 conc_peak=16 pread=8.721s
DBG getmany L58 nw=13 wall=0.536s thr(out)1 thr(in)16 conc_peak=13 pread=6.158s
DBG getmany L59 nw=13 wall=0.732s thr(out)1 thr(in)16 conc_peak=13 pread=8.670s
DBG getmany L60 nw=15 wall=0.746s thr(out)1 thr(in)16 conc_peak=15 pread=8.144s
DBG getmany L61 nw=15 wall=0.738s thr(out)1 thr(in)16 conc_peak=15 pread=8.819s
DBG getmany L62 nw=12 wall=0.503s thr(out)1 thr(in)16 conc_peak=12 pread=5.118s
DBG getmany L63 nw=13 wall=0.725s thr(out)1 thr(in)16 conc_peak=13 pread=8.006s
DBG getmany L64 nw=14 wall=0.739s thr(out)1 thr(in)16 conc_peak=14 pread=8.523s
DBG getmany L65 nw=12 wall=0.694s thr(out)1 thr(in)16 conc_peak=12 pread=7.273s
DBG getmany L66 nw=14 wall=0.541s thr(out)1 thr(in)16 conc_peak=14 pread=6.994s
DBG getmany L67 nw=14 wall=0.761s thr(out)1 thr(in)16 conc_peak=14 pread=8.750s
DBG getmany L68 nw=13 wall=0.693s thr(out)1 thr(in)16 conc_peak=13 pread=7.530s
DBG getmany L69 nw=13 wall=0.728s thr(out)1 thr(in)16 conc_peak=13 pread=7.562s
DBG getmany L70 nw=12 wall=0.504s thr(out)1 thr(in)16 conc_peak=12 pread=4.574s
DBG getmany L71 nw=14 wall=0.785s thr(out)1 thr(in)16 conc_peak=14 pread=10.350s
DBG getmany L72 nw=15 wall=0.767s thr(out)1 thr(in)16 conc_peak=15 pread=9.841s
DBG getmany L73 nw=16 wall=0.689s thr(out)1 thr(in)16 conc_peak=16 pread=8.140s
DBG getmany L74 nw=16 wall=0.565s thr(out)1 thr(in)16 conc_peak=16 pread=7.081s
DBG getmany L75 nw=16 wall=0.766s thr(out)1 thr(in)16 conc_peak=16 pread=11.184s
DBG getmany L76 nw=16 wall=0.726s thr(out)1 thr(in)16 conc_peak=16 pread=10.786s
DBG getmany L77 nw=13 wall=0.708s thr(out)1 thr(in)16 conc_peak=13 pread=6.775s
DBG getmany L78 nw=14 wall=0.534s thr(out)1 thr(in)16 conc_peak=14 pread=6.667s
DBG getmany L79 nw=14 wall=0.734s thr(out)1 thr(in)16 conc_peak=14 pread=9.154s
DBG getmany L80 nw=16 wall=0.708s thr(out)1 thr(in)16 conc_peak=16 pread=9.595s
DBG getmany L81 nw=14 wall=0.649s thr(out)1 thr(in)16 conc_peak=14 pread=5.472s
DBG getmany L82 nw=15 wall=0.521s thr(out)1 thr(in)16 conc_peak=15 pread=5.721s
DBG getmany L83 nw=13 wall=0.721s thr(out)1 thr(in)16 conc_peak=13 pread=6.927s
DBG getmany L84 nw=10 wall=0.300s thr(out)1 thr(in)16 conc_peak=10 pread=2.385s
DBG getmany L85 nw=13 wall=0.730s thr(out)1 thr(in)16 conc_peak=13 pread=7.592s
DBG getmany L86 nw=14 wall=0.518s thr(out)1 thr(in)16 conc_peak=14 pread=6.311s
DBG getmany L87 nw=13 wall=0.694s thr(out)1 thr(in)16 conc_peak=13 pread=8.010s
DBG getmany L88 nw=11 wall=0.659s thr(out)1 thr(in)16 conc_peak=11 pread=6.465s
DBG getmany L89 nw=14 wall=0.782s thr(out)1 thr(in)16 conc_peak=14 pread=10.215s
DBG getmany L90 nw=13 wall=0.523s thr(out)1 thr(in)16 conc_peak=13 pread=6.203s
DBG getmany L91 nw=12 wall=0.515s thr(out)1 thr(in)16 conc_peak=12 pread=5.700s
DBG getmany L92 nw=13 wall=0.183s thr(out)1 thr(in)16 conc_peak=13 pread=1.405s
3      12         70.28        100.0      22.48      0.014
  L2   resident=6779/14589 slots hit=100.0% read=98.98GB write=0.00GB
DBG getmany L1 nw=13 wall=0.180s thr(out)1 thr(in)16 conc_peak=13 pread=1.372s
DBG getmany L2 nw=10 wall=0.139s thr(out)1 thr(in)16 conc_peak=10 pread=0.845s
DBG getmany L3 nw=10 wall=0.139s thr(out)1 thr(in)16 conc_peak=10 pread=0.794s
DBG getmany L4 nw=10 wall=0.144s thr(out)1 thr(in)16 conc_peak=10 pread=0.834s
DBG getmany L5 nw=11 wall=0.157s thr(out)1 thr(in)16 conc_peak=11 pread=0.989s
DBG getmany L6 nw=16 wall=0.224s thr(out)1 thr(in)16 conc_peak=16 pread=1.972s
DBG getmany L7 nw=15 wall=0.211s thr(out)1 thr(in)16 conc_peak=15 pread=1.791s
DBG getmany L8 nw=15 wall=0.217s thr(out)1 thr(in)16 conc_peak=15 pread=1.929s
DBG getmany L9 nw=11 wall=0.156s thr(out)1 thr(in)16 conc_peak=9 pread=0.974s
DBG getmany L10 nw=12 wall=0.168s thr(out)1 thr(in)16 conc_peak=12 pread=1.113s
DBG getmany L11 nw=10 wall=0.141s thr(out)1 thr(in)16 conc_peak=10 pread=0.827s
DBG getmany L12 nw=13 wall=0.185s thr(out)1 thr(in)16 conc_peak=13 pread=1.418s
DBG getmany L13 nw=13 wall=0.183s thr(out)1 thr(in)16 conc_peak=13 pread=1.317s
DBG getmany L14 nw=13 wall=0.187s thr(out)1 thr(in)16 conc_peak=13 pread=1.403s
DBG getmany L15 nw=10 wall=0.142s thr(out)1 thr(in)16 conc_peak=10 pread=0.807s
DBG getmany L16 nw=11 wall=0.607s thr(out)1 thr(in)16 conc_peak=11 pread=4.984s
DBG getmany L17 nw=12 wall=0.665s thr(out)1 thr(in)16 conc_peak=12 pread=6.739s
DBG getmany L18 nw=13 wall=0.535s thr(out)1 thr(in)16 conc_peak=13 pread=5.300s
DBG getmany L19 nw=10 wall=0.624s thr(out)1 thr(in)16 conc_peak=10 pread=5.258s
DBG getmany L20 nw=12 wall=0.650s thr(out)1 thr(in)16 conc_peak=12 pread=6.292s
DBG getmany L21 nw=13 wall=0.726s thr(out)1 thr(in)16 conc_peak=13 pread=8.320s
DBG getmany L22 nw=10 wall=0.453s thr(out)1 thr(in)16 conc_peak=7 pread=3.957s
DBG getmany L23 nw=11 wall=0.637s thr(out)1 thr(in)16 conc_peak=10 pread=3.485s
DBG getmany L24 nw=10 wall=0.722s thr(out)1 thr(in)16 conc_peak=10 pread=6.553s
DBG getmany L25 nw=15 wall=0.732s thr(out)1 thr(in)16 conc_peak=15 pread=10.358s
DBG getmany L26 nw=12 wall=4.157s thr(out)1 thr(in)16 conc_peak=12 pread=41.917s
DBG getmany L27 nw=14 wall=12.014s thr(out)1 thr(in)16 conc_peak=14 pread=124.062s
DBG getmany L28 nw=15 wall=8.703s thr(out)1 thr(in)16 conc_peak=15 pread=127.589s
DBG getmany L29 nw=13 wall=0.732s thr(out)1 thr(in)16 conc_peak=13 pread=7.419s
DBG getmany L30 nw=13 wall=0.539s thr(out)1 thr(in)16 conc_peak=13 pread=5.523s
DBG getmany L31 nw=14 wall=0.745s thr(out)1 thr(in)16 conc_peak=14 pread=9.819s
DBG getmany L32 nw=12 wall=0.706s thr(out)1 thr(in)16 conc_peak=12 pread=7.565s
DBG getmany L33 nw=11 wall=0.752s thr(out)1 thr(in)16 conc_peak=11 pread=6.330s
DBG getmany L34 nw=15 wall=0.568s thr(out)1 thr(in)16 conc_peak=14 pread=7.595s
DBG getmany L35 nw=13 wall=0.755s thr(out)1 thr(in)16 conc_peak=13 pread=8.775s
DBG getmany L36 nw=13 wall=0.741s thr(out)1 thr(in)16 conc_peak=13 pread=8.909s
DBG getmany L37 nw=13 wall=0.718s thr(out)1 thr(in)16 conc_peak=13 pread=8.001s
DBG getmany L38 nw=11 wall=0.478s thr(out)1 thr(in)16 conc_peak=11 pread=4.384s
DBG getmany L39 nw=12 wall=0.701s thr(out)1 thr(in)16 conc_peak=12 pread=7.212s
DBG getmany L40 nw=12 wall=0.646s thr(out)1 thr(in)16 conc_peak=12 pread=6.314s
DBG getmany L41 nw=11 wall=0.555s thr(out)1 thr(in)16 conc_peak=9 pread=4.659s
DBG getmany L42 nw=7 wall=0.435s thr(out)1 thr(in)16 conc_peak=6 pread=2.176s
DBG getmany L43 nw=11 wall=0.755s thr(out)1 thr(in)16 conc_peak=11 pread=7.880s
DBG getmany L44 nw=13 wall=0.732s thr(out)1 thr(in)16 conc_peak=13 pread=8.600s
DBG getmany L45 nw=9 wall=0.442s thr(out)1 thr(in)16 conc_peak=9 pread=2.755s
DBG getmany L46 nw=10 wall=0.492s thr(out)1 thr(in)16 conc_peak=10 pread=4.088s
DBG getmany L47 nw=11 wall=0.689s thr(out)1 thr(in)16 conc_peak=11 pread=6.839s
DBG getmany L48 nw=11 wall=0.664s thr(out)1 thr(in)16 conc_peak=11 pread=6.889s
DBG getmany L49 nw=14 wall=0.757s thr(out)1 thr(in)16 conc_peak=14 pread=9.653s
DBG getmany L50 nw=12 wall=0.505s thr(out)1 thr(in)16 conc_peak=12 pread=4.621s
DBG getmany L51 nw=11 wall=0.682s thr(out)1 thr(in)16 conc_peak=11 pread=6.816s
DBG getmany L52 nw=12 wall=0.677s thr(out)1 thr(in)16 conc_peak=12 pread=6.630s
DBG getmany L53 nw=11 wall=0.647s thr(out)1 thr(in)16 conc_peak=11 pread=5.823s
DBG getmany L54 nw=12 wall=0.496s thr(out)1 thr(in)16 conc_peak=12 pread=5.047s
DBG getmany L55 nw=10 wall=0.592s thr(out)1 thr(in)16 conc_peak=10 pread=4.665s
DBG getmany L56 nw=11 wall=0.700s thr(out)1 thr(in)16 conc_peak=11 pread=6.248s
DBG getmany L57 nw=13 wall=0.743s thr(out)1 thr(in)16 conc_peak=13 pread=7.476s
DBG getmany L58 nw=10 wall=0.491s thr(out)1 thr(in)16 conc_peak=10 pread=4.606s
DBG getmany L59 nw=10 wall=0.621s thr(out)1 thr(in)16 conc_peak=10 pread=5.587s
DBG getmany L60 nw=11 wall=0.700s thr(out)1 thr(in)16 conc_peak=8 pread=7.300s
DBG getmany L61 nw=12 wall=0.693s thr(out)1 thr(in)16 conc_peak=12 pread=7.306s
DBG getmany L62 nw=10 wall=0.426s thr(out)1 thr(in)16 conc_peak=8 pread=3.255s
DBG getmany L63 nw=13 wall=0.700s thr(out)1 thr(in)16 conc_peak=13 pread=8.428s
DBG getmany L64 nw=11 wall=0.638s thr(out)1 thr(in)16 conc_peak=11 pread=5.172s
DBG getmany L65 nw=12 wall=0.631s thr(out)1 thr(in)16 conc_peak=10 pread=5.746s
DBG getmany L66 nw=12 wall=0.421s thr(out)1 thr(in)16 conc_peak=12 pread=4.348s
DBG getmany L67 nw=9 wall=0.704s thr(out)1 thr(in)16 conc_peak=9 pread=4.602s
DBG getmany L68 nw=12 wall=0.701s thr(out)1 thr(in)16 conc_peak=12 pread=7.951s
DBG getmany L69 nw=9 wall=0.567s thr(out)1 thr(in)16 conc_peak=9 pread=3.752s
DBG getmany L70 nw=8 wall=0.445s thr(out)1 thr(in)16 conc_peak=7 pread=2.626s
DBG getmany L71 nw=12 wall=0.769s thr(out)1 thr(in)16 conc_peak=12 pread=8.223s
DBG getmany L72 nw=11 wall=0.722s thr(out)1 thr(in)16 conc_peak=11 pread=7.106s
DBG getmany L73 nw=11 wall=0.728s thr(out)1 thr(in)16 conc_peak=11 pread=7.384s
DBG getmany L74 nw=9 wall=0.470s thr(out)1 thr(in)16 conc_peak=8 pread=3.839s
DBG getmany L75 nw=7 wall=0.578s thr(out)1 thr(in)16 conc_peak=7 pread=3.172s
DBG getmany L76 nw=11 wall=0.679s thr(out)1 thr(in)16 conc_peak=10 pread=4.731s
DBG getmany L77 nw=8 wall=0.660s thr(out)1 thr(in)16 conc_peak=8 pread=3.810s
DBG getmany L78 nw=9 wall=0.484s thr(out)1 thr(in)16 conc_peak=9 pread=3.587s
DBG getmany L79 nw=8 wall=0.663s thr(out)1 thr(in)16 conc_peak=8 pread=5.005s
DBG getmany L80 nw=11 wall=0.688s thr(out)1 thr(in)16 conc_peak=11 pread=5.582s
DBG getmany L81 nw=13 wall=0.741s thr(out)1 thr(in)16 conc_peak=13 pread=8.662s
DBG getmany L82 nw=12 wall=0.520s thr(out)1 thr(in)16 conc_peak=12 pread=5.186s
DBG getmany L83 nw=11 wall=0.714s thr(out)1 thr(in)16 conc_peak=11 pread=7.435s
DBG getmany L84 nw=10 wall=0.708s thr(out)1 thr(in)16 conc_peak=10 pread=6.341s
DBG getmany L85 nw=12 wall=0.725s thr(out)1 thr(in)16 conc_peak=12 pread=8.323s
DBG getmany L86 nw=12 wall=0.516s thr(out)1 thr(in)16 conc_peak=10 pread=4.983s
DBG getmany L87 nw=8 wall=0.636s thr(out)1 thr(in)16 conc_peak=8 pread=4.321s
DBG getmany L88 nw=11 wall=0.693s thr(out)1 thr(in)16 conc_peak=10 pread=6.422s
DBG getmany L89 nw=8 wall=0.687s thr(out)1 thr(in)16 conc_peak=8 pread=4.998s
DBG getmany L90 nw=8 wall=0.459s thr(out)1 thr(in)16 conc_peak=8 pread=3.354s
DBG getmany L91 nw=9 wall=0.486s thr(out)1 thr(in)16 conc_peak=9 pread=3.789s
DBG getmany L92 nw=14 wall=0.224s thr(out)1 thr(in)16 conc_peak=14 pread=1.886s
4      2975       91.48        100.0      18.34      0.011
  L2   resident=6779/14589 slots hit=100.0% read=117.32GB write=0.00GB
DBG getmany L1 nw=12 wall=0.178s thr(out)1 thr(in)16 conc_peak=12 pread=1.216s
DBG getmany L2 nw=11 wall=0.163s thr(out)1 thr(in)16 conc_peak=11 pread=1.014s
DBG getmany L3 nw=8 wall=0.117s thr(out)1 thr(in)16 conc_peak=8 pread=0.553s
DBG getmany L4 nw=12 wall=0.185s thr(out)1 thr(in)16 conc_peak=12 pread=1.251s
DBG getmany L5 nw=9 wall=0.141s thr(out)1 thr(in)16 conc_peak=9 pread=0.771s
DBG getmany L6 nw=15 wall=0.227s thr(out)1 thr(in)16 conc_peak=15 pread=1.898s
DBG getmany L7 nw=12 wall=0.174s thr(out)1 thr(in)16 conc_peak=12 pread=1.301s
DBG getmany L8 nw=12 wall=0.175s thr(out)1 thr(in)16 conc_peak=9 pread=1.175s
DBG getmany L9 nw=12 wall=0.177s thr(out)1 thr(in)16 conc_peak=12 pread=1.258s
DBG getmany L10 nw=8 wall=0.113s thr(out)1 thr(in)16 conc_peak=8 pread=0.528s
DBG getmany L11 nw=8 wall=0.122s thr(out)1 thr(in)16 conc_peak=5 pread=0.627s
DBG getmany L12 nw=8 wall=0.122s thr(out)1 thr(in)16 conc_peak=8 pread=0.574s
DBG getmany L13 nw=10 wall=0.160s thr(out)1 thr(in)16 conc_peak=10 pread=0.931s
DBG getmany L14 nw=13 wall=0.207s thr(out)1 thr(in)16 conc_peak=13 pread=1.489s
DBG getmany L15 nw=12 wall=0.184s thr(out)1 thr(in)16 conc_peak=12 pread=1.263s
DBG getmany L16 nw=11 wall=0.595s thr(out)1 thr(in)16 conc_peak=11 pread=5.374s
DBG getmany L17 nw=12 wall=0.698s thr(out)1 thr(in)16 conc_peak=12 pread=6.874s
DBG getmany L18 nw=9 wall=0.499s thr(out)1 thr(in)16 conc_peak=9 pread=3.557s
DBG getmany L19 nw=12 wall=0.624s thr(out)1 thr(in)16 conc_peak=2 pread=6.306s
DBG getmany L20 nw=7 wall=0.595s thr(out)1 thr(in)16 conc_peak=3 pread=3.503s
DBG getmany L21 nw=11 wall=0.698s thr(out)1 thr(in)16 conc_peak=11 pread=5.344s
DBG getmany L22 nw=11 wall=0.514s thr(out)1 thr(in)16 conc_peak=11 pread=4.878s
DBG getmany L23 nw=9 wall=0.633s thr(out)1 thr(in)16 conc_peak=9 pread=4.535s
DBG getmany L24 nw=14 wall=0.783s thr(out)1 thr(in)16 conc_peak=14 pread=9.144s
DBG getmany L25 nw=13 wall=0.730s thr(out)1 thr(in)16 conc_peak=12 pread=8.026s
DBG getmany L26 nw=10 wall=0.489s thr(out)1 thr(in)16 conc_peak=10 pread=3.575s
DBG getmany L27 nw=13 wall=0.800s thr(out)1 thr(in)16 conc_peak=13 pread=7.569s
DBG getmany L28 nw=13 wall=0.658s thr(out)1 thr(in)16 conc_peak=13 pread=7.973s
DBG getmany L29 nw=13 wall=0.717s thr(out)1 thr(in)16 conc_peak=13 pread=8.094s
DBG getmany L30 nw=11 wall=0.514s thr(out)1 thr(in)16 conc_peak=11 pread=4.435s
DBG getmany L31 nw=10 wall=0.615s thr(out)1 thr(in)16 conc_peak=9 pread=4.571s
DBG getmany L32 nw=11 wall=0.686s thr(out)1 thr(in)16 conc_peak=11 pread=5.755s
DBG getmany L33 nw=9 wall=0.633s thr(out)1 thr(in)16 conc_peak=9 pread=3.760s
DBG getmany L34 nw=12 wall=0.526s thr(out)1 thr(in)16 conc_peak=12 pread=5.714s
DBG getmany L35 nw=10 wall=0.701s thr(out)1 thr(in)16 conc_peak=10 pread=5.027s
DBG getmany L36 nw=14 wall=0.748s thr(out)1 thr(in)16 conc_peak=14 pread=6.032s
DBG getmany L37 nw=14 wall=0.734s thr(out)1 thr(in)16 conc_peak=14 pread=8.834s
DBG getmany L38 nw=7 wall=0.435s thr(out)1 thr(in)16 conc_peak=7 pread=2.313s
DBG getmany L39 nw=11 wall=0.641s thr(out)1 thr(in)16 conc_peak=11 pread=6.240s
DBG getmany L40 nw=11 wall=0.700s thr(out)1 thr(in)16 conc_peak=11 pread=7.223s
DBG getmany L41 nw=8 wall=0.615s thr(out)1 thr(in)16 conc_peak=8 pread=3.126s
DBG getmany L42 nw=7 wall=0.448s thr(out)1 thr(in)16 conc_peak=7 pread=2.136s
DBG getmany L43 nw=8 wall=0.691s thr(out)1 thr(in)16 conc_peak=8 pread=4.999s
DBG getmany L44 nw=12 wall=0.701s thr(out)1 thr(in)16 conc_peak=11 pread=6.724s
DBG getmany L45 nw=10 wall=0.690s thr(out)1 thr(in)16 conc_peak=10 pread=5.921s
DBG getmany L46 nw=10 wall=0.489s thr(out)1 thr(in)16 conc_peak=10 pread=3.939s
DBG getmany L47 nw=10 wall=0.679s thr(out)1 thr(in)16 conc_peak=9 pread=5.330s
DBG getmany L48 nw=12 wall=0.666s thr(out)1 thr(in)16 conc_peak=12 pread=6.601s
DBG getmany L49 nw=15 wall=0.789s thr(out)1 thr(in)16 conc_peak=15 pread=11.353s
DBG getmany L50 nw=11 wall=0.526s thr(out)1 thr(in)16 conc_peak=11 pread=3.933s
DBG getmany L51 nw=12 wall=0.699s thr(out)1 thr(in)16 conc_peak=10 pread=6.674s
DBG getmany L52 nw=9 wall=0.633s thr(out)1 thr(in)16 conc_peak=9 pread=5.269s
DBG getmany L53 nw=13 wall=0.700s thr(out)1 thr(in)16 conc_peak=13 pread=8.198s
DBG getmany L54 nw=12 wall=0.517s thr(out)1 thr(in)16 conc_peak=12 pread=5.328s
DBG getmany L55 nw=13 wall=0.729s thr(out)1 thr(in)16 conc_peak=9 pread=7.682s
DBG getmany L56 nw=13 wall=0.709s thr(out)1 thr(in)16 conc_peak=13 pread=8.665s
DBG getmany L57 nw=15 wall=0.757s thr(out)1 thr(in)16 conc_peak=15 pread=9.925s
DBG getmany L58 nw=9 wall=0.488s thr(out)1 thr(in)16 conc_peak=9 pread=3.530s
DBG getmany L59 nw=7 wall=0.633s thr(out)1 thr(in)16 conc_peak=7 pread=4.230s
DBG getmany L60 nw=11 wall=0.685s thr(out)1 thr(in)16 conc_peak=11 pread=7.092s
DBG getmany L61 nw=12 wall=0.692s thr(out)1 thr(in)16 conc_peak=12 pread=7.872s
DBG getmany L62 nw=10 wall=0.474s thr(out)1 thr(in)16 conc_peak=10 pread=4.047s
DBG getmany L63 nw=12 wall=0.720s thr(out)1 thr(in)16 conc_peak=12 pread=7.362s
DBG getmany L64 nw=9 wall=0.662s thr(out)1 thr(in)16 conc_peak=9 pread=5.573s
DBG getmany L65 nw=10 wall=0.677s thr(out)1 thr(in)16 conc_peak=6 pread=5.717s
DBG getmany L66 nw=8 wall=0.462s thr(out)1 thr(in)16 conc_peak=8 pread=2.777s
DBG getmany L67 nw=12 wall=0.713s thr(out)1 thr(in)16 conc_peak=12 pread=7.311s
DBG getmany L68 nw=14 wall=11.744s thr(out)1 thr(in)16 conc_peak=13 pread=127.427s
DBG getmany L69 nw=9 wall=0.672s thr(out)1 thr(in)16 conc_peak=9 pread=5.484s
DBG getmany L70 nw=7 wall=0.444s thr(out)1 thr(in)16 conc_peak=7 pread=2.359s
DBG getmany L71 nw=8 wall=0.648s thr(out)1 thr(in)16 conc_peak=8 pread=4.059s
DBG getmany L72 nw=9 wall=0.690s thr(out)1 thr(in)16 conc_peak=9 pread=5.172s
DBG getmany L73 nw=10 wall=0.593s thr(out)1 thr(in)16 conc_peak=8 pread=3.857s
DBG getmany L74 nw=5 wall=0.351s thr(out)1 thr(in)16 conc_peak=5 pread=1.336s
DBG getmany L75 nw=6 wall=0.603s thr(out)1 thr(in)16 conc_peak=6 pread=2.299s
DBG getmany L76 nw=8 wall=0.609s thr(out)1 thr(in)16 conc_peak=8 pread=3.053s
DBG getmany L77 nw=7 wall=0.653s thr(out)1 thr(in)16 conc_peak=7 pread=2.817s
DBG getmany L78 nw=10 wall=0.597s thr(out)1 thr(in)16 conc_peak=9 pread=4.492s
DBG getmany L79 nw=7 wall=0.642s thr(out)1 thr(in)16 conc_peak=7 pread=3.550s
DBG getmany L80 nw=9 wall=0.580s thr(out)1 thr(in)16 conc_peak=9 pread=4.219s
DBG getmany L81 nw=10 wall=0.651s thr(out)1 thr(in)16 conc_peak=8 pread=5.400s
DBG getmany L82 nw=10 wall=0.486s thr(out)1 thr(in)16 conc_peak=10 pread=4.151s
DBG getmany L83 nw=10 wall=0.687s thr(out)1 thr(in)16 conc_peak=10 pread=6.259s
DBG getmany L84 nw=12 wall=0.632s thr(out)1 thr(in)16 conc_peak=12 pread=5.252s
DBG getmany L85 nw=11 wall=0.680s thr(out)1 thr(in)16 conc_peak=11 pread=6.254s
DBG getmany L86 nw=10 wall=0.477s thr(out)1 thr(in)16 conc_peak=10 pread=4.292s
DBG getmany L87 nw=8 wall=0.622s thr(out)1 thr(in)16 conc_peak=8 pread=3.473s
DBG getmany L88 nw=12 wall=0.690s thr(out)1 thr(in)16 conc_peak=12 pread=7.295s
DBG getmany L89 nw=7 wall=0.673s thr(out)1 thr(in)16 conc_peak=7 pread=4.169s
DBG getmany L90 nw=9 wall=0.470s thr(out)1 thr(in)16 conc_peak=9 pread=3.273s
DBG getmany L91 nw=7 wall=0.460s thr(out)1 thr(in)16 conc_peak=7 pread=2.586s
DBG getmany L92 nw=12 wall=0.169s thr(out)1 thr(in)16 conc_peak=12 pread=1.153s
5      15         77.86        99.8       16.85      0.013
  L2   resident=6779/14589 slots hit=100.0% read=134.11GB write=0.00GB
DBG getmany L1 nw=12 wall=0.172s thr(out)1 thr(in)16 conc_peak=12 pread=1.206s
DBG getmany L2 nw=10 wall=0.148s thr(out)1 thr(in)16 conc_peak=10 pread=0.845s
DBG getmany L3 nw=8 wall=0.121s thr(out)1 thr(in)16 conc_peak=8 pread=0.565s
DBG getmany L4 nw=10 wall=0.154s thr(out)1 thr(in)16 conc_peak=10 pread=0.918s
DBG getmany L5 nw=5 wall=0.077s thr(out)1 thr(in)16 conc_peak=5 pread=0.274s
DBG getmany L6 nw=14 wall=0.205s thr(out)1 thr(in)16 conc_peak=14 pread=1.651s
DBG getmany L7 nw=12 wall=0.174s thr(out)1 thr(in)16 conc_peak=12 pread=1.205s
DBG getmany L8 nw=11 wall=0.163s thr(out)1 thr(in)16 conc_peak=11 pread=1.025s
DBG getmany L9 nw=9 wall=0.140s thr(out)1 thr(in)16 conc_peak=8 pread=0.740s
DBG getmany L10 nw=8 wall=0.117s thr(out)1 thr(in)16 conc_peak=7 pread=0.560s
DBG getmany L11 nw=11 wall=0.160s thr(out)1 thr(in)16 conc_peak=11 pread=1.019s
DBG getmany L12 nw=11 wall=0.169s thr(out)1 thr(in)16 conc_peak=11 pread=1.070s
DBG getmany L13 nw=12 wall=0.182s thr(out)1 thr(in)16 conc_peak=12 pread=1.272s
DBG getmany L14 nw=13 wall=0.191s thr(out)1 thr(in)16 conc_peak=13 pread=1.398s
DBG getmany L15 nw=12 wall=0.180s thr(out)1 thr(in)16 conc_peak=12 pread=1.216s
DBG getmany L16 nw=10 wall=0.599s thr(out)1 thr(in)16 conc_peak=10 pread=5.370s
DBG getmany L17 nw=10 wall=0.647s thr(out)1 thr(in)16 conc_peak=10 pread=5.610s
DBG getmany L18 nw=9 wall=0.493s thr(out)1 thr(in)16 conc_peak=9 pread=3.854s
DBG getmany L19 nw=11 wall=0.645s thr(out)1 thr(in)16 conc_peak=11 pread=6.728s
DBG getmany L20 nw=9 wall=0.601s thr(out)1 thr(in)16 conc_peak=9 pread=4.368s
DBG getmany L21 nw=10 wall=0.582s thr(out)1 thr(in)16 conc_peak=10 pread=4.570s
DBG getmany L22 nw=9 wall=0.485s thr(out)1 thr(in)16 conc_peak=9 pread=3.477s
DBG getmany L23 nw=7 wall=0.596s thr(out)1 thr(in)16 conc_peak=7 pread=2.359s
DBG getmany L24 nw=14 wall=0.766s thr(out)1 thr(in)16 conc_peak=14 pread=10.003s
DBG getmany L25 nw=12 wall=0.701s thr(out)1 thr(in)16 conc_peak=12 pread=7.865s
DBG getmany L26 nw=9 wall=0.470s thr(out)1 thr(in)16 conc_peak=9 pread=3.785s
DBG getmany L27 nw=12 wall=0.662s thr(out)1 thr(in)16 conc_peak=12 pread=7.633s
DBG getmany L28 nw=13 wall=0.649s thr(out)1 thr(in)16 conc_peak=13 pread=8.060s
DBG getmany L29 nw=11 wall=0.684s thr(out)1 thr(in)16 conc_peak=11 pread=5.995s
DBG getmany L30 nw=10 wall=0.493s thr(out)1 thr(in)16 conc_peak=10 pread=4.280s
DBG getmany L31 nw=10 wall=0.624s thr(out)1 thr(in)16 conc_peak=10 pread=4.673s
DBG getmany L32 nw=7 wall=0.605s thr(out)1 thr(in)16 conc_peak=7 pread=2.261s
DBG getmany L33 nw=10 wall=0.507s thr(out)1 thr(in)16 conc_peak=7 pread=3.879s
DBG getmany L34 nw=12 wall=0.525s thr(out)1 thr(in)16 conc_peak=12 pread=5.553s
DBG getmany L35 nw=8 wall=0.674s thr(out)1 thr(in)16 conc_peak=8 pread=4.368s
DBG getmany L36 nw=11 wall=0.696s thr(out)1 thr(in)16 conc_peak=11 pread=6.366s
DBG getmany L37 nw=11 wall=0.665s thr(out)1 thr(in)16 conc_peak=10 pread=5.910s
DBG getmany L38 nw=11 wall=0.483s thr(out)1 thr(in)16 conc_peak=11 pread=4.823s
DBG getmany L39 nw=12 wall=0.691s thr(out)1 thr(in)16 conc_peak=12 pread=4.318s
DBG getmany L40 nw=8 wall=0.581s thr(out)1 thr(in)16 conc_peak=8 pread=3.754s
DBG getmany L41 nw=7 wall=0.520s thr(out)1 thr(in)16 conc_peak=7 pread=2.669s
DBG getmany L42 nw=8 wall=0.454s thr(out)1 thr(in)16 conc_peak=8 pread=2.462s
DBG getmany L43 nw=8 wall=0.693s thr(out)1 thr(in)16 conc_peak=8 pread=4.364s
DBG getmany L44 nw=8 wall=0.524s thr(out)1 thr(in)16 conc_peak=8 pread=2.891s
DBG getmany L45 nw=7 wall=0.498s thr(out)1 thr(in)16 conc_peak=7 pread=2.928s
DBG getmany L46 nw=8 wall=0.459s thr(out)1 thr(in)16 conc_peak=8 pread=2.857s
DBG getmany L47 nw=10 wall=0.666s thr(out)1 thr(in)16 conc_peak=10 pread=5.360s
DBG getmany L48 nw=10 wall=0.652s thr(out)1 thr(in)16 conc_peak=10 pread=5.275s
DBG getmany L49 nw=12 wall=0.721s thr(out)1 thr(in)16 conc_peak=12 pread=6.963s
DBG getmany L50 nw=10 wall=0.488s thr(out)1 thr(in)16 conc_peak=10 pread=4.630s
DBG getmany L51 nw=10 wall=0.667s thr(out)1 thr(in)16 conc_peak=10 pread=5.650s
DBG getmany L52 nw=12 wall=0.664s thr(out)1 thr(in)16 conc_peak=12 pread=7.394s
DBG getmany L53 nw=12 wall=0.688s thr(out)1 thr(in)16 conc_peak=12 pread=5.950s
DBG getmany L54 nw=12 wall=0.505s thr(out)1 thr(in)16 conc_peak=12 pread=5.064s
DBG getmany L55 nw=11 wall=0.699s thr(out)1 thr(in)16 conc_peak=11 pread=6.713s
DBG getmany L56 nw=11 wall=0.675s thr(out)1 thr(in)16 conc_peak=11 pread=4.974s
DBG getmany L57 nw=14 wall=0.748s thr(out)1 thr(in)16 conc_peak=14 pread=9.657s
DBG getmany L58 nw=9 wall=0.484s thr(out)1 thr(in)16 conc_peak=9 pread=3.079s
DBG getmany L59 nw=9 wall=0.677s thr(out)1 thr(in)16 conc_peak=9 pread=4.963s
DBG getmany L60 nw=12 wall=0.708s thr(out)1 thr(in)16 conc_peak=12 pread=7.003s
DBG getmany L61 nw=12 wall=0.649s thr(out)1 thr(in)16 conc_peak=12 pread=6.963s
DBG getmany L62 nw=13 wall=0.513s thr(out)1 thr(in)16 conc_peak=13 pread=5.752s
DBG getmany L63 nw=10 wall=0.688s thr(out)1 thr(in)16 conc_peak=10 pread=6.218s
DBG getmany L64 nw=11 wall=0.692s thr(out)1 thr(in)16 conc_peak=11 pread=6.344s
DBG getmany L65 nw=11 wall=0.622s thr(out)1 thr(in)16 conc_peak=11 pread=5.379s
DBG getmany L66 nw=9 wall=0.475s thr(out)1 thr(in)16 conc_peak=8 pread=3.325s
DBG getmany L67 nw=9 wall=0.677s thr(out)1 thr(in)16 conc_peak=9 pread=4.986s
DBG getmany L68 nw=12 wall=0.701s thr(out)1 thr(in)16 conc_peak=11 pread=6.392s
DBG getmany L69 nw=12 wall=0.709s thr(out)1 thr(in)16 conc_peak=12 pread=7.780s
DBG getmany L70 nw=10 wall=0.482s thr(out)1 thr(in)16 conc_peak=10 pread=4.458s
DBG getmany L71 nw=10 wall=0.739s thr(out)1 thr(in)16 conc_peak=10 pread=5.693s
DBG getmany L72 nw=10 wall=0.695s thr(out)1 thr(in)16 conc_peak=9 pread=4.106s
DBG getmany L73 nw=12 wall=0.720s thr(out)1 thr(in)16 conc_peak=12 pread=7.601s
DBG getmany L74 nw=7 wall=0.431s thr(out)1 thr(in)16 conc_peak=7 pread=2.784s
DBG getmany L75 nw=7 wall=0.647s thr(out)1 thr(in)16 conc_peak=7 pread=3.864s
DBG getmany L76 nw=9 wall=0.498s thr(out)1 thr(in)16 conc_peak=9 pread=3.516s
DBG getmany L77 nw=9 wall=0.648s thr(out)1 thr(in)16 conc_peak=9 pread=4.526s
DBG getmany L78 nw=11 wall=0.533s thr(out)1 thr(in)16 conc_peak=11 pread=4.110s
DBG getmany L79 nw=9 wall=0.652s thr(out)1 thr(in)16 conc_peak=9 pread=4.618s
DBG getmany L80 nw=9 wall=0.549s thr(out)1 thr(in)16 conc_peak=9 pread=3.553s
DBG getmany L81 nw=12 wall=0.691s thr(out)1 thr(in)16 conc_peak=12 pread=5.624s
DBG getmany L82 nw=10 wall=0.497s thr(out)1 thr(in)16 conc_peak=10 pread=3.656s
DBG getmany L83 nw=9 wall=0.680s thr(out)1 thr(in)16 conc_peak=9 pread=3.310s
DBG getmany L84 nw=11 wall=0.704s thr(out)1 thr(in)16 conc_peak=11 pread=5.844s
DBG getmany L85 nw=9 wall=0.449s thr(out)1 thr(in)16 conc_peak=9 pread=2.773s
DBG getmany L86 nw=11 wall=0.498s thr(out)1 thr(in)16 conc_peak=8 pread=4.735s
DBG getmany L87 nw=8 wall=0.650s thr(out)1 thr(in)16 conc_peak=8 pread=3.804s
DBG getmany L88 nw=11 wall=0.696s thr(out)1 thr(in)16 conc_peak=11 pread=5.854s
DBG getmany L89 nw=7 wall=0.673s thr(out)1 thr(in)16 conc_peak=7 pread=2.288s
DBG getmany L90 nw=8 wall=0.443s thr(out)1 thr(in)16 conc_peak=8 pread=2.571s
DBG getmany L91 nw=8 wall=0.349s thr(out)1 thr(in)16 conc_peak=8 pread=2.175s
DBG getmany L92 nw=11 wall=0.158s thr(out)1 thr(in)16 conc_peak=11 pread=0.969s
6      3629       66.63        100.0      16.34      0.015
  L2   resident=6779/14589 slots hit=100.0% read=150.45GB write=0.00GB
DBG getmany L1 nw=14 wall=0.205s thr(out)1 thr(in)16 conc_peak=14 pread=1.738s
DBG getmany L2 nw=14 wall=0.208s thr(out)1 thr(in)16 conc_peak=14 pread=1.643s
DBG getmany L3 nw=9 wall=0.135s thr(out)1 thr(in)16 conc_peak=9 pread=0.688s
DBG getmany L4 nw=13 wall=0.188s thr(out)1 thr(in)16 conc_peak=13 pread=1.388s
DBG getmany L5 nw=13 wall=0.190s thr(out)1 thr(in)16 conc_peak=13 pread=1.425s
DBG getmany L6 nw=15 wall=0.217s thr(out)1 thr(in)16 conc_peak=15 pread=1.928s
DBG getmany L7 nw=13 wall=0.190s thr(out)1 thr(in)16 conc_peak=13 pread=1.412s
DBG getmany L8 nw=13 wall=0.192s thr(out)1 thr(in)16 conc_peak=13 pread=1.439s
DBG getmany L9 nw=14 wall=0.197s thr(out)1 thr(in)16 conc_peak=14 pread=1.542s
DBG getmany L10 nw=10 wall=0.142s thr(out)1 thr(in)16 conc_peak=10 pread=0.810s
DBG getmany L11 nw=10 wall=0.144s thr(out)1 thr(in)16 conc_peak=10 pread=0.826s
DBG getmany L12 nw=9 wall=0.128s thr(out)1 thr(in)16 conc_peak=9 pread=0.656s
DBG getmany L13 nw=14 wall=0.209s thr(out)1 thr(in)16 conc_peak=14 pread=1.651s
DBG getmany L14 nw=15 wall=0.223s thr(out)1 thr(in)16 conc_peak=15 pread=1.903s
DBG getmany L15 nw=14 wall=0.197s thr(out)1 thr(in)16 conc_peak=14 pread=1.606s
DBG getmany L16 nw=12 wall=0.630s thr(out)1 thr(in)16 conc_peak=11 pread=6.737s
DBG getmany L17 nw=10 wall=0.640s thr(out)1 thr(in)16 conc_peak=10 pread=4.544s
DBG getmany L18 nw=9 wall=0.494s thr(out)1 thr(in)16 conc_peak=9 pread=3.887s
DBG getmany L19 nw=12 wall=0.656s thr(out)1 thr(in)16 conc_peak=12 pread=7.341s
DBG getmany L20 nw=11 wall=0.623s thr(out)1 thr(in)16 conc_peak=11 pread=6.434s
DBG getmany L21 nw=12 wall=0.705s thr(out)1 thr(in)16 conc_peak=12 pread=6.423s
DBG getmany L22 nw=12 wall=0.506s thr(out)1 thr(in)16 conc_peak=12 pread=5.101s
DBG getmany L23 nw=9 wall=0.622s thr(out)1 thr(in)16 conc_peak=9 pread=3.882s
DBG getmany L24 nw=15 wall=0.795s thr(out)1 thr(in)16 conc_peak=15 pread=10.911s
DBG getmany L25 nw=12 wall=0.695s thr(out)1 thr(in)16 conc_peak=12 pread=7.578s
DBG getmany L26 nw=12 wall=0.447s thr(out)1 thr(in)16 conc_peak=12 pread=4.056s
DBG getmany L27 nw=13 wall=0.655s thr(out)1 thr(in)16 conc_peak=13 pread=6.245s
DBG getmany L28 nw=14 wall=0.650s thr(out)1 thr(in)16 conc_peak=14 pread=6.947s
DBG getmany L29 nw=11 wall=0.688s thr(out)1 thr(in)16 conc_peak=11 pread=5.621s
DBG getmany L30 nw=10 wall=0.490s thr(out)1 thr(in)16 conc_peak=10 pread=3.991s
DBG getmany L31 nw=13 wall=0.616s thr(out)1 thr(in)16 conc_peak=13 pread=6.605s
DBG getmany L32 nw=10 wall=0.401s thr(out)1 thr(in)16 conc_peak=10 pread=3.053s
DBG getmany L33 nw=11 wall=11.693s thr(out)1 thr(in)16 conc_peak=8 pread=92.298s
DBG getmany L34 nw=13 wall=0.530s thr(out)1 thr(in)16 conc_peak=13 pread=4.803s
DBG getmany L35 nw=11 wall=0.738s thr(out)1 thr(in)16 conc_peak=11 pread=6.917s
DBG getmany L36 nw=9 wall=0.679s thr(out)1 thr(in)16 conc_peak=9 pread=4.875s
DBG getmany L37 nw=12 wall=0.703s thr(out)1 thr(in)16 conc_peak=11 pread=7.362s
DBG getmany L38 nw=12 wall=0.480s thr(out)1 thr(in)16 conc_peak=12 pread=4.081s
DBG getmany L39 nw=11 wall=0.610s thr(out)1 thr(in)16 conc_peak=11 pread=4.493s
DBG getmany L40 nw=9 wall=0.676s thr(out)1 thr(in)16 conc_peak=9 pread=4.910s
DBG getmany L41 nw=8 wall=0.636s thr(out)1 thr(in)16 conc_peak=8 pread=3.626s
DBG getmany L42 nw=7 wall=0.319s thr(out)1 thr(in)16 conc_peak=7 pread=1.674s
DBG getmany L43 nw=8 wall=0.705s thr(out)1 thr(in)16 conc_peak=8 pread=3.961s
DBG getmany L44 nw=8 wall=0.457s thr(out)1 thr(in)16 conc_peak=8 pread=2.747s
DBG getmany L45 nw=11 wall=0.840s thr(out)1 thr(in)16 conc_peak=11 pread=8.136s
DBG getmany L46 nw=10 wall=0.496s thr(out)1 thr(in)16 conc_peak=10 pread=3.838s
DBG getmany L47 nw=11 wall=0.688s thr(out)1 thr(in)16 conc_peak=11 pread=6.658s
DBG getmany L48 nw=10 wall=0.681s thr(out)1 thr(in)16 conc_peak=8 pread=6.540s
DBG getmany L49 nw=13 wall=0.753s thr(out)1 thr(in)16 conc_peak=13 pread=8.867s
DBG getmany L50 nw=13 wall=0.524s thr(out)1 thr(in)16 conc_peak=13 pread=5.215s
DBG getmany L51 nw=11 wall=0.700s thr(out)1 thr(in)16 conc_peak=9 pread=4.400s
DBG getmany L52 nw=10 wall=0.655s thr(out)1 thr(in)16 conc_peak=10 pread=4.349s
DBG getmany L53 nw=13 wall=0.674s thr(out)1 thr(in)16 conc_peak=13 pread=7.544s
DBG getmany L54 nw=12 wall=0.501s thr(out)1 thr(in)16 conc_peak=12 pread=5.342s
DBG getmany L55 nw=10 wall=0.697s thr(out)1 thr(in)16 conc_peak=10 pread=5.039s
DBG getmany L56 nw=11 wall=0.697s thr(out)1 thr(in)16 conc_peak=9 pread=7.053s
DBG getmany L57 nw=14 wall=0.643s thr(out)1 thr(in)16 conc_peak=14 pread=7.232s
DBG getmany L58 nw=10 wall=0.497s thr(out)1 thr(in)16 conc_peak=10 pread=4.312s
DBG getmany L59 nw=8 wall=0.675s thr(out)1 thr(in)16 conc_peak=8 pread=4.760s
DBG getmany L60 nw=11 wall=0.703s thr(out)1 thr(in)16 conc_peak=10 pread=6.482s
DBG getmany L61 nw=13 wall=0.694s thr(out)1 thr(in)16 conc_peak=13 pread=5.540s
DBG getmany L62 nw=9 wall=0.459s thr(out)1 thr(in)16 conc_peak=9 pread=3.242s
DBG getmany L63 nw=10 wall=0.534s thr(out)1 thr(in)16 conc_peak=10 pread=4.292s
DBG getmany L64 nw=13 wall=0.664s thr(out)1 thr(in)16 conc_peak=13 pread=7.627s
DBG getmany L65 nw=9 wall=0.659s thr(out)1 thr(in)16 conc_peak=9 pread=5.333s
DBG getmany L66 nw=10 wall=0.480s thr(out)1 thr(in)16 conc_peak=10 pread=3.684s
DBG getmany L67 nw=11 wall=0.724s thr(out)1 thr(in)16 conc_peak=11 pread=7.357s
DBG getmany L68 nw=15 wall=0.747s thr(out)1 thr(in)16 conc_peak=15 pread=10.511s
DBG getmany L69 nw=13 wall=0.729s thr(out)1 thr(in)16 conc_peak=13 pread=8.696s
DBG getmany L70 nw=11 wall=0.490s thr(out)1 thr(in)16 conc_peak=11 pread=4.312s
DBG getmany L71 nw=12 wall=0.785s thr(out)1 thr(in)16 conc_peak=12 pread=8.637s
DBG getmany L72 nw=10 wall=0.664s thr(out)1 thr(in)16 conc_peak=6 pread=4.707s
DBG getmany L73 nw=14 wall=0.745s thr(out)1 thr(in)16 conc_peak=14 pread=9.154s
DBG getmany L74 nw=9 wall=0.472s thr(out)1 thr(in)16 conc_peak=9 pread=3.339s
DBG getmany L75 nw=10 wall=0.684s thr(out)1 thr(in)16 conc_peak=10 pread=5.919s
DBG getmany L76 nw=10 wall=0.630s thr(out)1 thr(in)16 conc_peak=10 pread=4.607s
DBG getmany L77 nw=10 wall=0.672s thr(out)1 thr(in)16 conc_peak=10 pread=5.575s
DBG getmany L78 nw=9 wall=0.477s thr(out)1 thr(in)16 conc_peak=9 pread=4.015s
DBG getmany L79 nw=9 wall=0.659s thr(out)1 thr(in)16 conc_peak=9 pread=3.850s
DBG getmany L80 nw=14 wall=0.710s thr(out)1 thr(in)16 conc_peak=14 pread=8.888s
DBG getmany L81 nw=13 wall=0.714s thr(out)1 thr(in)16 conc_peak=13 pread=8.423s
DBG getmany L82 nw=12 wall=0.512s thr(out)1 thr(in)16 conc_peak=10 pread=5.340s
DBG getmany L83 nw=10 wall=0.586s thr(out)1 thr(in)16 conc_peak=10 pread=4.026s
DBG getmany L84 nw=12 wall=0.709s thr(out)1 thr(in)16 conc_peak=9 pread=5.247s
DBG getmany L85 nw=10 wall=0.695s thr(out)1 thr(in)16 conc_peak=10 pread=6.378s
DBG getmany L86 nw=10 wall=0.472s thr(out)1 thr(in)16 conc_peak=10 pread=4.512s
DBG getmany L87 nw=10 wall=0.669s thr(out)1 thr(in)16 conc_peak=10 pread=6.005s
DBG getmany L88 nw=8 wall=0.405s thr(out)1 thr(in)16 conc_peak=8 pread=2.640s
DBG getmany L89 nw=6 wall=0.652s thr(out)1 thr(in)16 conc_peak=6 pread=2.230s
DBG getmany L90 nw=9 wall=0.487s thr(out)1 thr(in)16 conc_peak=9 pread=3.488s
DBG getmany L91 nw=11 wall=0.527s thr(out)1 thr(in)16 conc_peak=11 pread=4.825s
DBG getmany L92 nw=13 wall=0.194s thr(out)1 thr(in)16 conc_peak=8 pread=1.493s
7      1389       78.73        100.0      18.06      0.013
  L2   resident=6779/14589 slots hit=100.0% read=168.51GB write=0.00GB
--------------------------------------------------------------------
8 tokens in 707.6 s, 88.45 s/token average
PEAK RSS for the whole run: 42.02 GB   <- quote this, not the plan
layers completed: 93/93; routed expert drops: 0


[chip] simulated MXFP4 GEMV bill over 9 tokens
  11776 expert chains | 777925951488 flops | 206636580864 bytes (206.64 GB)
  per token: 1308 chains | 22.96 GB | 0.09 Gflops
  compute wall @ 4 TFLOPS : 0.19 s (21.61 ms/token)
  bandwidth wall @ 200 GB/s : 1.03 s (114.80 ms/token)
  -> bandwidth-bound; to be compute-bound at 4 TFLOPS this needs 1062 GB/s
  expert fetch (host wall, measured): 549.08 s moving 206.64 GB = 0 GB/s
  chip pool wall (measured): 60.87 s

cache [final step]
  slots        : 1310 of 17.56 MB = 23.00 GB arena (1310 resident, 0 pinned)
  requests     : 1472  hits 1472 (100.00%)  misses 0  evictions 1029
  of those hits : 1029 came from the batch prefetch, i.e. read from disk
                  this token; TRUE resident hit rate 30.10%
  read from disk: 18.06 GB in 61.03 s (296 MB/s while loading)
  phase2 i/o    : 18.06 GB in 61.03 s (296 MB/s)  [pure parallel disk read]
l2cache [final step]
  requests     : 9603  hits 9603 (100.00%)  misses 0
  read  from sdd7: 168.51 GB, written 0.00 GB
  hit I/O   : 168.51 GB in 542.53 s (wall) = 311 MB/s [pread 6148.88 s, 27 MB/s per-thread]
  miss I/O  : 0 misses, 0.00 GB from /model in 0.00 s (wall) = 0 MB/s
  restored from meta: 6779 slots

wrote /mnt/f/kimi-k3-in-c/reports/gateab_ab/v17_clean-20260927_183229/ctrl.json
I/O share of wall clock: 148.6%  (trunk 508.7 s + experts 543.0 s of 707.6 s)
  both figures are WHOLE-RUN totals over 8 steps
  over 100% because trunk reads overlap compute on the reader thread;
  344.1 s of device time was hidden behind arithmetic
  experts, whole run: 168.56 GB read | 3480 of 11776 requests retained in RAM (29.55%) | 8296 evictions
    (retention = requests - evictions; the raw `hits` counter includes
     experts the prefetcher had just read from disk, so it is not a
     measure of avoided I/O)

trunk [final]
  pinned 17/93 layers, ring 2 slots
  binds 744, hits 119 (16.0%), reads 625
  read 370.13 GB in 508.68 s (728 MB/s pread)
  per-layer loads [L]=count: 0=1 1=1 2=1 3=1 4=1 5=1 6=1 7=1 8=1 9=1 10=1 11=1 12=1 13=1 14=1 15=1 16=1 17=8 18=8 19=8 20=8 21=8 22=8 23=8 24=8 25=8 26=8 27=8 28=8 29=8 30=8 31=8 32=8 33=8 34=8 35=8 36=8 37=8 38=8 39=8 40=8 41=8 42=8 43=8 44=8 45=8 46=8 47=8 48=8 49=8 50=8 51=8 52=8 53=8 54=8 55=8 56=8 57=8 58=8 59=8 60=8 61=8 62=8 63=8 64=8 65=8 66=8 67=8 68=8 69=8 70=8 71=8 72=8 73=8 74=8 75=8 76=8 77=8 78=8 79=8 80=8 81=8 82=8 83=8 84=8 85=8 86=8 87=8 88=8 89=8 90=8 91=8 92=8
  bind wall 30.09 s over 744 binds; read 508.68 + widen 3.01 = 511.69 s of device work,
                    of which 481.60 s (94%) overlapped compute on the reader thread
  widen breakdown: find 10 ms (19640)  copy 0 ms (9184)  deq 2986 ms (6320)  timed 3 s of widen 3.01 s
TIME_ELAPSED=727.86
