L2 auto: 209 GB free on /mnt/nvme -> L2 at 256 GB
k3 chip: 4 workers, 4 TFLOPS, 200 GB/s simulated wall
DBG getmany L1 nw=16 wall=0.219s thr(out)1 thr(in)16 conc_peak=16 pread=2.382s
DBG getmany L2 nw=16 wall=0.201s thr(out)1 thr(in)16 conc_peak=16 pread=2.154s
DBG getmany L3 nw=16 wall=0.207s thr(out)1 thr(in)16 conc_peak=16 pread=2.191s
DBG getmany L4 nw=16 wall=0.198s thr(out)1 thr(in)16 conc_peak=16 pread=2.122s
DBG getmany L5 nw=16 wall=0.194s thr(out)1 thr(in)16 conc_peak=16 pread=2.102s
DBG getmany L6 nw=16 wall=0.193s thr(out)1 thr(in)16 conc_peak=16 pread=2.058s
DBG getmany L7 nw=16 wall=0.196s thr(out)1 thr(in)16 conc_peak=16 pread=2.166s
DBG getmany L8 nw=16 wall=0.203s thr(out)1 thr(in)16 conc_peak=16 pread=2.244s
DBG getmany L9 nw=16 wall=0.198s thr(out)1 thr(in)16 conc_peak=16 pread=2.090s
DBG getmany L10 nw=16 wall=0.203s thr(out)1 thr(in)16 conc_peak=16 pread=2.202s
DBG getmany L11 nw=16 wall=0.202s thr(out)1 thr(in)16 conc_peak=16 pread=2.309s
DBG getmany L12 nw=16 wall=0.202s thr(out)1 thr(in)16 conc_peak=16 pread=2.183s
DBG getmany L13 nw=16 wall=0.209s thr(out)1 thr(in)16 conc_peak=16 pread=2.220s
DBG getmany L14 nw=16 wall=0.226s thr(out)1 thr(in)16 conc_peak=16 pread=2.466s
DBG getmany L15 nw=16 wall=0.229s thr(out)1 thr(in)16 conc_peak=16 pread=2.529s
DBG getmany L16 nw=16 wall=0.222s thr(out)1 thr(in)16 conc_peak=16 pread=2.473s
DBG getmany L17 nw=16 wall=0.219s thr(out)1 thr(in)16 conc_peak=16 pread=2.248s
DBG getmany L18 nw=16 wall=0.223s thr(out)1 thr(in)16 conc_peak=16 pread=2.548s
DBG getmany L19 nw=16 wall=0.221s thr(out)1 thr(in)16 conc_peak=16 pread=2.455s
DBG getmany L20 nw=16 wall=0.213s thr(out)1 thr(in)16 conc_peak=16 pread=2.228s
DBG getmany L21 nw=16 wall=0.210s thr(out)1 thr(in)16 conc_peak=16 pread=2.200s
DBG getmany L22 nw=16 wall=0.278s thr(out)1 thr(in)16 conc_peak=16 pread=2.327s
DBG getmany L23 nw=16 wall=0.491s thr(out)1 thr(in)16 conc_peak=16 pread=6.208s
DBG getmany L24 nw=16 wall=0.516s thr(out)1 thr(in)16 conc_peak=16 pread=6.128s
DBG getmany L25 nw=16 wall=0.532s thr(out)1 thr(in)16 conc_peak=16 pread=6.025s
DBG getmany L26 nw=16 wall=0.405s thr(out)1 thr(in)16 conc_peak=16 pread=5.291s
DBG getmany L27 nw=16 wall=0.486s thr(out)1 thr(in)16 conc_peak=16 pread=6.858s
DBG getmany L28 nw=16 wall=0.466s thr(out)1 thr(in)16 conc_peak=16 pread=5.784s
DBG getmany L29 nw=16 wall=0.512s thr(out)1 thr(in)16 conc_peak=16 pread=6.735s
DBG getmany L30 nw=16 wall=0.399s thr(out)1 thr(in)16 conc_peak=16 pread=5.248s
DBG getmany L31 nw=16 wall=0.564s thr(out)1 thr(in)16 conc_peak=16 pread=6.555s
DBG getmany L32 nw=16 wall=0.558s thr(out)1 thr(in)16 conc_peak=16 pread=6.758s
DBG getmany L33 nw=16 wall=0.570s thr(out)1 thr(in)16 conc_peak=16 pread=5.786s
DBG getmany L34 nw=16 wall=0.408s thr(out)1 thr(in)16 conc_peak=16 pread=4.887s
DBG getmany L35 nw=16 wall=0.585s thr(out)1 thr(in)16 conc_peak=16 pread=7.226s
DBG getmany L36 nw=16 wall=0.572s thr(out)1 thr(in)16 conc_peak=16 pread=6.937s
DBG getmany L37 nw=16 wall=0.567s thr(out)1 thr(in)16 conc_peak=16 pread=7.161s
DBG getmany L38 nw=16 wall=0.399s thr(out)1 thr(in)16 conc_peak=16 pread=5.480s
DBG getmany L39 nw=16 wall=0.566s thr(out)1 thr(in)16 conc_peak=16 pread=7.294s
DBG getmany L40 nw=16 wall=0.562s thr(out)1 thr(in)16 conc_peak=16 pread=7.426s
DBG getmany L41 nw=16 wall=0.511s thr(out)1 thr(in)16 conc_peak=16 pread=6.710s
DBG getmany L42 nw=16 wall=0.393s thr(out)1 thr(in)16 conc_peak=16 pread=5.140s
DBG getmany L43 nw=16 wall=0.583s thr(out)1 thr(in)16 conc_peak=16 pread=7.212s
DBG getmany L44 nw=16 wall=0.542s thr(out)1 thr(in)16 conc_peak=16 pread=7.652s
DBG getmany L45 nw=16 wall=0.556s thr(out)1 thr(in)16 conc_peak=16 pread=7.149s
DBG getmany L46 nw=16 wall=0.438s thr(out)1 thr(in)16 conc_peak=16 pread=5.459s
DBG getmany L47 nw=16 wall=0.593s thr(out)1 thr(in)16 conc_peak=16 pread=7.907s
DBG getmany L48 nw=16 wall=0.568s thr(out)1 thr(in)16 conc_peak=16 pread=7.605s
DBG getmany L49 nw=16 wall=0.572s thr(out)1 thr(in)16 conc_peak=16 pread=8.026s
DBG getmany L50 nw=16 wall=0.447s thr(out)1 thr(in)16 conc_peak=16 pread=6.460s
DBG getmany L51 nw=16 wall=0.593s thr(out)1 thr(in)16 conc_peak=16 pread=7.587s
DBG getmany L52 nw=16 wall=0.583s thr(out)1 thr(in)16 conc_peak=16 pread=6.337s
DBG getmany L53 nw=16 wall=0.569s thr(out)1 thr(in)16 conc_peak=16 pread=6.252s
DBG getmany L54 nw=16 wall=0.458s thr(out)1 thr(in)16 conc_peak=16 pread=4.781s
DBG getmany L55 nw=16 wall=0.594s thr(out)1 thr(in)16 conc_peak=16 pread=8.024s
DBG getmany L56 nw=16 wall=0.596s thr(out)1 thr(in)16 conc_peak=16 pread=6.163s
DBG getmany L57 nw=16 wall=0.560s thr(out)1 thr(in)16 conc_peak=16 pread=7.667s
DBG getmany L58 nw=16 wall=0.398s thr(out)1 thr(in)16 conc_peak=16 pread=5.610s
DBG getmany L59 nw=16 wall=0.591s thr(out)1 thr(in)16 conc_peak=16 pread=8.073s
DBG getmany L60 nw=16 wall=0.550s thr(out)1 thr(in)16 conc_peak=16 pread=7.151s
DBG getmany L61 nw=16 wall=0.569s thr(out)1 thr(in)16 conc_peak=16 pread=7.902s
DBG getmany L62 nw=16 wall=0.426s thr(out)1 thr(in)16 conc_peak=16 pread=5.928s
DBG getmany L63 nw=16 wall=0.602s thr(out)1 thr(in)16 conc_peak=16 pread=8.795s
DBG getmany L64 nw=16 wall=0.563s thr(out)1 thr(in)16 conc_peak=16 pread=7.991s
DBG getmany L65 nw=16 wall=0.573s thr(out)1 thr(in)16 conc_peak=16 pread=6.367s
DBG getmany L66 nw=16 wall=0.411s thr(out)1 thr(in)16 conc_peak=16 pread=5.163s
DBG getmany L67 nw=16 wall=0.597s thr(out)1 thr(in)16 conc_peak=16 pread=8.427s
DBG getmany L68 nw=16 wall=0.543s thr(out)1 thr(in)16 conc_peak=16 pread=7.863s
DBG getmany L69 nw=16 wall=0.561s thr(out)1 thr(in)16 conc_peak=16 pread=8.171s
DBG getmany L70 nw=16 wall=0.440s thr(out)1 thr(in)16 conc_peak=16 pread=5.247s
DBG getmany L71 nw=16 wall=0.626s thr(out)1 thr(in)16 conc_peak=16 pread=7.719s
DBG getmany L72 nw=16 wall=0.537s thr(out)1 thr(in)16 conc_peak=16 pread=6.368s
DBG getmany L73 nw=16 wall=0.579s thr(out)1 thr(in)16 conc_peak=16 pread=6.657s
DBG getmany L74 nw=16 wall=0.428s thr(out)1 thr(in)16 conc_peak=16 pread=5.157s
DBG getmany L75 nw=16 wall=0.591s thr(out)1 thr(in)16 conc_peak=16 pread=6.939s
DBG getmany L76 nw=16 wall=0.539s thr(out)1 thr(in)16 conc_peak=16 pread=6.174s
DBG getmany L77 nw=16 wall=0.607s thr(out)1 thr(in)16 conc_peak=16 pread=9.141s
DBG getmany L78 nw=16 wall=0.434s thr(out)1 thr(in)16 conc_peak=16 pread=5.548s
DBG getmany L79 nw=16 wall=0.601s thr(out)1 thr(in)16 conc_peak=16 pread=8.413s
DBG getmany L80 nw=16 wall=0.554s thr(out)1 thr(in)16 conc_peak=16 pread=8.162s
DBG getmany L81 nw=16 wall=0.567s thr(out)1 thr(in)16 conc_peak=16 pread=8.431s
DBG getmany L82 nw=16 wall=0.416s thr(out)1 thr(in)16 conc_peak=16 pread=6.087s
DBG getmany L83 nw=16 wall=0.548s thr(out)1 thr(in)16 conc_peak=16 pread=7.548s
DBG getmany L84 nw=16 wall=0.561s thr(out)1 thr(in)16 conc_peak=16 pread=6.987s
DBG getmany L85 nw=16 wall=0.562s thr(out)1 thr(in)16 conc_peak=16 pread=7.688s
DBG getmany L86 nw=16 wall=0.403s thr(out)1 thr(in)16 conc_peak=16 pread=5.147s
DBG getmany L87 nw=16 wall=0.588s thr(out)1 thr(in)16 conc_peak=16 pread=7.377s
DBG getmany L88 nw=16 wall=0.556s thr(out)1 thr(in)16 conc_peak=16 pread=6.668s
DBG getmany L89 nw=16 wall=0.562s thr(out)1 thr(in)16 conc_peak=16 pread=7.802s
DBG getmany L90 nw=16 wall=0.401s thr(out)1 thr(in)16 conc_peak=16 pread=5.477s
DBG getmany L91 nw=16 wall=0.405s thr(out)1 thr(in)16 conc_peak=16 pread=5.595s
DBG getmany L92 nw=16 wall=0.159s thr(out)1 thr(in)16 conc_peak=16 pread=1.508s
config: /model/config.json (nested shape) | hidden=7168 layers=93 vocab=163840 | 24 MLA + 69 KDA | experts 896 top16 shared2 | latent=3584
  KV cache : 11.85 MB for 5 positions (2.37 MB/position)
Kimi K3, pure C, released checkpoint
  model    : /model
  prompt   : 1 tokens, generating 3

indexed 497220 tensors from 96 shards in 0.53 s
trunk on disk : 110.00 GB total (STREAMED from /mnt/nvme/trunk_layers_out, not held in RAM)

memory plan
  trunk (STREAMED) 32.00 GB
  embed + lm_head  4.70 GB
  expert cache     15.00 GB
  recurrent state  626.25 MB
  buffers          4.68 MB
  KV cache         11.83 MB
  TOTAL            52.34 GB
  available        57.79 GB

k3_trunk: trunk.bin absent - using per-layer slices (layer_%03d.bin)
trunk stream: 56.60 GB packed, 22/93 layers PINNED (29.30 GB), ring 2 x 1.30 GB
              reads use buffered I/O
              ring holds 2 slots: layers repeat over ~2 tokens, so recent ones are reused instead of re-read
trunk streaming enabled from /mnt/nvme/trunk_layers_out in 0.0 s
embedding, final norm and lm_head: 4.70 GB in 3.3 s

expert L1 eviction policy: heat
async expert prefetch: lookahead depth 1 layer(s)
expert L2 cache enabled: 14589 slots x 17.55 MB = 256.00 GB on /mnt/nvme/experts.l2
expert L2 exact: nslot=14589 slot_bytes=17547264 l2_slot=17547264 K3_ST_ALIGN=4096
expert L2 eviction policy: heat
peak RSS after loading weights: 4.78 GB  (the plan above is a forecast, this is measured)
expert cache: 854 slots x 17.56 MB = 14.99 GB (1.04% of the 1.45 TB expert pool)

recurrent state for 93 layers: 626.25 MB

incremental decode: KV cache 11.83 MB for 24 MLA layers at 5 positions

STEP   TOKEN      SECONDS      CACHE HIT  READ GB    TOK/S
--------------------------------------------------------------------
0      220        75.02        100.0      25.83      0.013
  L2   resident=6779/14589 slots hit=100.0% read=25.83GB write=0.00GB
DBG getmany L1 nw=16 wall=0.175s thr(out)1 thr(in)16 conc_peak=16 pread=1.649s [reader]
DBG getmany L2 nw=16 wall=0.308s thr(out)1 thr(in)16 conc_peak=16 pread=4.869s [reader]
DBG getmany L1 nw=16 wall=0.333s thr(out)1 thr(in)16 conc_peak=16 pread=5.834s
DBG getmany L3 nw=16 wall=0.212s thr(out)1 thr(in)16 conc_peak=16 pread=1.938s [reader]
DBG getmany L2 nw=15 wall=0.265s thr(out)1 thr(in)16 conc_peak=15 pread=4.668s
DBG getmany L4 nw=16 wall=0.227s thr(out)1 thr(in)16 conc_peak=16 pread=2.868s [reader]
DBG getmany L3 nw=11 wall=0.235s thr(out)1 thr(in)16 conc_peak=11 pread=3.922s
DBG getmany L5 nw=16 wall=0.174s thr(out)1 thr(in)16 conc_peak=16 pread=1.676s [reader]
DBG getmany L4 nw=15 wall=0.255s thr(out)1 thr(in)16 conc_peak=15 pread=4.200s
DBG getmany L6 nw=16 wall=8.246s thr(out)1 thr(in)16 conc_peak=16 pread=116.822s [reader]
DBG getmany L5 nw=15 wall=10.688s thr(out)1 thr(in)16 conc_peak=15 pread=195.175s
DBG getmany L7 nw=16 wall=0.877s thr(out)1 thr(in)16 conc_peak=16 pread=17.192s [reader]
DBG getmany L6 nw=14 wall=0.900s thr(out)1 thr(in)16 conc_peak=14 pread=23.353s
DBG getmany L8 nw=16 wall=2.269s thr(out)1 thr(in)16 conc_peak=16 pread=9.386s [reader]
DBG getmany L7 nw=14 wall=6.311s thr(out)1 thr(in)16 conc_peak=14 pread=70.398s
DBG getmany L9 nw=16 wall=5.033s thr(out)1 thr(in)16 conc_peak=16 pread=87.722s [reader]
DBG getmany L8 nw=16 wall=5.059s thr(out)1 thr(in)16 conc_peak=16 pread=137.964s
DBG getmany L10 nw=16 wall=0.230s thr(out)1 thr(in)16 conc_peak=16 pread=2.137s [reader]
DBG getmany L9 nw=13 wall=0.246s thr(out)1 thr(in)16 conc_peak=13 pread=4.424s
DBG getmany L11 nw=16 wall=0.234s thr(out)1 thr(in)16 conc_peak=16 pread=2.539s [reader]
DBG getmany L10 nw=14 wall=0.246s thr(out)1 thr(in)16 conc_peak=14 pread=4.398s
DBG getmany L12 nw=16 wall=0.241s thr(out)1 thr(in)16 conc_peak=16 pread=2.702s [reader]
DBG getmany L11 nw=15 wall=0.274s thr(out)1 thr(in)16 conc_peak=15 pread=4.855s
DBG getmany L13 nw=16 wall=0.231s thr(out)1 thr(in)16 conc_peak=16 pread=2.361s [reader]
DBG getmany L12 nw=13 wall=0.242s thr(out)1 thr(in)16 conc_peak=13 pread=4.137s
DBG getmany L14 nw=16 wall=0.281s thr(out)1 thr(in)16 conc_peak=16 pread=3.538s [reader]
DBG getmany L13 nw=14 wall=0.238s thr(out)1 thr(in)16 conc_peak=14 pread=4.202s
DBG getmany L15 nw=16 wall=0.218s thr(out)1 thr(in)16 conc_peak=16 pread=2.123s [reader]
DBG getmany L14 nw=15 wall=0.267s thr(out)1 thr(in)16 conc_peak=15 pread=4.892s
DBG getmany L16 nw=16 wall=0.225s thr(out)1 thr(in)16 conc_peak=16 pread=2.602s [reader]
DBG getmany L15 nw=15 wall=0.281s thr(out)1 thr(in)16 conc_peak=15 pread=5.250s
DBG getmany L17 nw=16 wall=0.214s thr(out)1 thr(in)16 conc_peak=16 pread=2.101s [reader]
DBG getmany L16 nw=15 wall=0.260s thr(out)1 thr(in)16 conc_peak=15 pread=4.558s
DBG getmany L18 nw=16 wall=0.235s thr(out)1 thr(in)16 conc_peak=16 pread=2.273s [reader]
DBG getmany L17 nw=16 wall=0.275s thr(out)1 thr(in)16 conc_peak=16 pread=5.096s
DBG getmany L19 nw=16 wall=0.204s thr(out)1 thr(in)16 conc_peak=16 pread=1.895s [reader]
DBG getmany L18 nw=15 wall=0.264s thr(out)1 thr(in)16 conc_peak=15 pread=4.765s
DBG getmany L20 nw=16 wall=0.284s thr(out)1 thr(in)16 conc_peak=16 pread=4.123s [reader]
DBG getmany L19 nw=14 wall=0.270s thr(out)1 thr(in)16 conc_peak=14 pread=4.619s
DBG getmany L21 nw=16 wall=0.217s thr(out)1 thr(in)16 conc_peak=16 pread=2.080s [reader]
DBG getmany L20 nw=15 wall=0.260s thr(out)1 thr(in)16 conc_peak=15 pread=4.835s
DBG getmany L22 nw=16 wall=0.502s thr(out)1 thr(in)16 conc_peak=16 pread=3.636s [reader]
DBG getmany L21 nw=14 wall=0.632s thr(out)1 thr(in)16 conc_peak=14 pread=8.948s
DBG getmany L23 nw=16 wall=0.569s thr(out)1 thr(in)16 conc_peak=16 pread=9.035s [reader]
DBG getmany L22 nw=15 wall=0.516s thr(out)1 thr(in)16 conc_peak=15 pread=9.409s
DBG getmany L24 nw=16 wall=0.294s thr(out)1 thr(in)16 conc_peak=16 pread=2.900s [reader]
DBG getmany L23 nw=12 wall=0.609s thr(out)1 thr(in)16 conc_peak=12 pread=7.186s
DBG getmany L25 nw=16 wall=0.707s thr(out)1 thr(in)16 conc_peak=16 pread=8.295s [reader]
DBG getmany L24 nw=11 wall=0.658s thr(out)1 thr(in)16 conc_peak=11 pread=8.766s
DBG getmany L26 nw=16 wall=0.471s thr(out)1 thr(in)16 conc_peak=16 pread=4.560s [reader]
DBG getmany L25 nw=14 wall=0.667s thr(out)1 thr(in)16 conc_peak=14 pread=10.300s
DBG getmany L27 nw=16 wall=0.351s thr(out)1 thr(in)16 conc_peak=16 pread=3.807s [reader]
DBG getmany L26 nw=11 wall=0.508s thr(out)1 thr(in)16 conc_peak=11 pread=7.443s
DBG getmany L28 nw=16 wall=0.377s thr(out)1 thr(in)16 conc_peak=16 pread=3.191s [reader]
DBG getmany L27 nw=13 wall=0.621s thr(out)1 thr(in)16 conc_peak=13 pread=7.524s
DBG getmany L29 nw=16 wall=0.324s thr(out)1 thr(in)16 conc_peak=16 pread=2.450s [reader]
DBG getmany L28 nw=15 wall=0.613s thr(out)1 thr(in)16 conc_peak=15 pread=9.131s
DBG getmany L30 nw=16 wall=0.354s thr(out)1 thr(in)16 conc_peak=16 pread=2.559s [reader]
DBG getmany L29 nw=14 wall=0.647s thr(out)1 thr(in)16 conc_peak=14 pread=9.521s
DBG getmany L31 nw=16 wall=0.568s thr(out)1 thr(in)16 conc_peak=16 pread=9.554s [reader]
DBG getmany L30 nw=14 wall=0.535s thr(out)1 thr(in)16 conc_peak=14 pread=11.138s
DBG getmany L32 nw=16 wall=0.305s thr(out)1 thr(in)16 conc_peak=16 pread=2.380s [reader]
DBG getmany L31 nw=16 wall=0.710s thr(out)1 thr(in)16 conc_peak=16 pread=10.999s
DBG getmany L33 nw=16 wall=0.528s thr(out)1 thr(in)16 conc_peak=16 pread=6.219s [reader]
DBG getmany L32 nw=14 wall=0.672s thr(out)1 thr(in)16 conc_peak=14 pread=11.710s
DBG getmany L34 nw=16 wall=6.363s thr(out)1 thr(in)16 conc_peak=16 pread=37.101s [reader]
DBG getmany L33 nw=14 wall=12.061s thr(out)1 thr(in)16 conc_peak=14 pread=150.587s
DBG getmany L35 nw=16 wall=0.443s thr(out)1 thr(in)16 conc_peak=16 pread=6.466s [reader]
DBG getmany L34 nw=16 wall=0.567s thr(out)1 thr(in)16 conc_peak=16 pread=12.275s
DBG getmany L36 nw=16 wall=0.476s thr(out)1 thr(in)16 conc_peak=16 pread=5.276s [reader]
DBG getmany L35 nw=16 wall=0.757s thr(out)1 thr(in)16 conc_peak=16 pread=12.785s
DBG getmany L37 nw=16 wall=0.581s thr(out)1 thr(in)16 conc_peak=16 pread=5.163s [reader]
DBG getmany L36 nw=11 wall=0.707s thr(out)1 thr(in)16 conc_peak=11 pread=10.524s
DBG getmany L38 nw=16 wall=0.638s thr(out)1 thr(in)16 conc_peak=16 pread=6.556s [reader]
DBG getmany L37 nw=13 wall=0.697s thr(out)1 thr(in)16 conc_peak=13 pread=10.366s
DBG getmany L39 nw=16 wall=0.508s thr(out)1 thr(in)16 conc_peak=16 pread=6.002s [reader]
DBG getmany L38 nw=14 wall=0.529s thr(out)1 thr(in)16 conc_peak=14 pread=9.941s
DBG getmany L40 nw=16 wall=0.293s thr(out)1 thr(in)16 conc_peak=16 pread=2.442s [reader]
DBG getmany L39 nw=15 wall=0.722s thr(out)1 thr(in)16 conc_peak=15 pread=9.961s
DBG getmany L41 nw=16 wall=0.369s thr(out)1 thr(in)16 conc_peak=16 pread=2.951s [reader]
DBG getmany L40 nw=13 wall=0.730s thr(out)1 thr(in)16 conc_peak=13 pread=7.796s
DBG getmany L42 nw=16 wall=0.505s thr(out)1 thr(in)16 conc_peak=16 pread=4.773s [reader]
DBG getmany L41 nw=13 wall=0.703s thr(out)1 thr(in)16 conc_peak=13 pread=9.585s
DBG getmany L43 nw=16 wall=0.350s thr(out)1 thr(in)16 conc_peak=16 pread=2.137s [reader]
DBG getmany L42 nw=8 wall=0.493s thr(out)1 thr(in)16 conc_peak=8 pread=5.120s
DBG getmany L44 nw=16 wall=0.305s thr(out)1 thr(in)16 conc_peak=16 pread=3.179s [reader]
DBG getmany L43 nw=13 wall=0.742s thr(out)1 thr(in)16 conc_peak=13 pread=8.822s
DBG getmany L45 nw=16 wall=0.402s thr(out)1 thr(in)16 conc_peak=16 pread=2.557s [reader]
DBG getmany L44 nw=13 wall=0.710s thr(out)1 thr(in)16 conc_peak=13 pread=8.285s
DBG getmany L46 nw=16 wall=0.554s thr(out)1 thr(in)16 conc_peak=16 pread=6.147s [reader]
DBG getmany L45 nw=10 wall=0.717s thr(out)1 thr(in)16 conc_peak=10 pread=8.673s
DBG getmany L47 nw=16 wall=0.528s thr(out)1 thr(in)16 conc_peak=16 pread=5.680s [reader]
DBG getmany L46 nw=8 wall=0.472s thr(out)1 thr(in)16 conc_peak=8 pread=6.004s
DBG getmany L48 nw=16 wall=0.422s thr(out)1 thr(in)16 conc_peak=16 pread=3.832s [reader]
DBG getmany L47 nw=11 wall=0.739s thr(out)1 thr(in)16 conc_peak=11 pread=9.133s
DBG getmany L49 nw=16 wall=0.513s thr(out)1 thr(in)16 conc_peak=16 pread=6.574s [reader]
DBG getmany L48 nw=13 wall=0.727s thr(out)1 thr(in)16 conc_peak=13 pread=11.654s
DBG getmany L50 nw=16 wall=0.758s thr(out)1 thr(in)16 conc_peak=16 pread=13.819s [reader]
DBG getmany L49 nw=9 wall=0.717s thr(out)1 thr(in)16 conc_peak=9 pread=15.238s
DBG getmany L51 nw=16 wall=0.453s thr(out)1 thr(in)16 conc_peak=16 pread=4.423s [reader]
DBG getmany L50 nw=12 wall=0.591s thr(out)1 thr(in)16 conc_peak=12 pread=8.099s
DBG getmany L52 nw=16 wall=0.440s thr(out)1 thr(in)16 conc_peak=16 pread=4.316s [reader]
DBG getmany L51 nw=12 wall=0.727s thr(out)1 thr(in)16 conc_peak=12 pread=11.573s
DBG getmany L53 nw=16 wall=0.664s thr(out)1 thr(in)16 conc_peak=16 pread=6.824s [reader]
DBG getmany L52 nw=15 wall=0.735s thr(out)1 thr(in)16 conc_peak=15 pread=14.917s
DBG getmany L54 nw=16 wall=0.763s thr(out)1 thr(in)16 conc_peak=16 pread=9.658s [reader]
DBG getmany L53 nw=10 wall=0.736s thr(out)1 thr(in)16 conc_peak=10 pread=10.308s
DBG getmany L55 nw=16 wall=0.577s thr(out)1 thr(in)16 conc_peak=16 pread=7.409s [reader]
DBG getmany L54 nw=12 wall=0.596s thr(out)1 thr(in)16 conc_peak=12 pread=10.293s
DBG getmany L56 nw=16 wall=0.281s thr(out)1 thr(in)16 conc_peak=16 pread=3.004s [reader]
DBG getmany L55 nw=14 wall=0.752s thr(out)1 thr(in)16 conc_peak=14 pread=8.690s
DBG getmany L57 nw=16 wall=0.748s thr(out)1 thr(in)16 conc_peak=16 pread=11.781s [reader]
DBG getmany L56 nw=16 wall=0.753s thr(out)1 thr(in)16 conc_peak=16 pread=15.327s
DBG getmany L58 nw=16 wall=0.452s thr(out)1 thr(in)16 conc_peak=16 pread=3.910s [reader]
DBG getmany L57 nw=16 wall=0.759s thr(out)1 thr(in)16 conc_peak=16 pread=12.134s
DBG getmany L59 nw=16 wall=0.585s thr(out)1 thr(in)16 conc_peak=16 pread=7.360s [reader]
DBG getmany L58 nw=14 wall=0.583s thr(out)1 thr(in)16 conc_peak=14 pread=9.502s
DBG getmany L60 nw=16 wall=0.752s thr(out)1 thr(in)16 conc_peak=16 pread=10.350s [reader]
DBG getmany L59 nw=15 wall=0.750s thr(out)1 thr(in)16 conc_peak=15 pread=13.251s
DBG getmany L61 nw=16 wall=0.739s thr(out)1 thr(in)16 conc_peak=16 pread=11.855s [reader]
DBG getmany L60 nw=16 wall=0.763s thr(out)1 thr(in)16 conc_peak=16 pread=14.795s
DBG getmany L62 nw=16 wall=0.704s thr(out)1 thr(in)16 conc_peak=16 pread=11.751s [reader]
DBG getmany L61 nw=16 wall=0.732s thr(out)1 thr(in)16 conc_peak=16 pread=17.196s
DBG getmany L63 nw=16 wall=0.410s thr(out)1 thr(in)16 conc_peak=16 pread=4.560s [reader]
DBG getmany L62 nw=15 wall=0.541s thr(out)1 thr(in)16 conc_peak=15 pread=10.933s
DBG getmany L64 nw=16 wall=0.840s thr(out)1 thr(in)16 conc_peak=16 pread=16.143s [reader]
DBG getmany L63 nw=15 wall=0.890s thr(out)1 thr(in)16 conc_peak=15 pread=18.601s
DBG getmany L65 nw=16 wall=0.359s thr(out)1 thr(in)16 conc_peak=16 pread=3.297s [reader]
DBG getmany L64 nw=16 wall=1.037s thr(out)1 thr(in)16 conc_peak=16 pread=15.394s
DBG getmany L66 nw=16 wall=0.934s thr(out)1 thr(in)16 conc_peak=16 pread=12.465s [reader]
DBG getmany L65 nw=15 wall=1.006s thr(out)1 thr(in)16 conc_peak=15 pread=21.867s
DBG getmany L67 nw=16 wall=0.715s thr(out)1 thr(in)16 conc_peak=16 pread=8.979s [reader]
DBG getmany L66 nw=15 wall=0.803s thr(out)1 thr(in)16 conc_peak=15 pread=17.978s
DBG getmany L68 nw=16 wall=0.626s thr(out)1 thr(in)16 conc_peak=16 pread=5.590s [reader]
DBG getmany L67 nw=16 wall=1.055s thr(out)1 thr(in)16 conc_peak=16 pread=16.154s
DBG getmany L69 nw=16 wall=0.571s thr(out)1 thr(in)16 conc_peak=16 pread=5.252s [reader]
DBG getmany L68 nw=14 wall=0.983s thr(out)1 thr(in)16 conc_peak=14 pread=15.889s
DBG getmany L70 nw=16 wall=1.051s thr(out)1 thr(in)16 conc_peak=16 pread=14.863s [reader]
DBG getmany L69 nw=16 wall=1.040s thr(out)1 thr(in)16 conc_peak=16 pread=19.906s
DBG getmany L71 nw=16 wall=0.821s thr(out)1 thr(in)16 conc_peak=16 pread=10.979s [reader]
DBG getmany L70 nw=16 wall=0.838s thr(out)1 thr(in)16 conc_peak=16 pread=15.803s
DBG getmany L72 nw=16 wall=0.611s thr(out)1 thr(in)16 conc_peak=16 pread=4.913s [reader]
DBG getmany L71 nw=16 wall=1.114s thr(out)1 thr(in)16 conc_peak=16 pread=18.469s
DBG getmany L73 nw=16 wall=0.472s thr(out)1 thr(in)16 conc_peak=16 pread=3.839s [reader]
DBG getmany L72 nw=16 wall=1.082s thr(out)1 thr(in)16 conc_peak=16 pread=15.204s
DBG getmany L74 nw=16 wall=1.098s thr(out)1 thr(in)16 conc_peak=16 pread=15.870s [reader]
DBG getmany L73 nw=15 wall=1.052s thr(out)1 thr(in)16 conc_peak=15 pread=16.894s
DBG getmany L75 nw=16 wall=0.443s thr(out)1 thr(in)16 conc_peak=16 pread=3.402s [reader]
DBG getmany L74 nw=13 wall=0.798s thr(out)1 thr(in)16 conc_peak=13 pread=10.944s
DBG getmany L76 nw=16 wall=0.633s thr(out)1 thr(in)16 conc_peak=16 pread=6.741s [reader]
DBG getmany L75 nw=11 wall=0.960s thr(out)1 thr(in)16 conc_peak=11 pread=10.212s
DBG getmany L77 nw=16 wall=0.868s thr(out)1 thr(in)16 conc_peak=16 pread=8.150s [reader]
DBG getmany L76 nw=14 wall=0.988s thr(out)1 thr(in)16 conc_peak=14 pread=17.321s
DBG getmany L78 nw=16 wall=1.076s thr(out)1 thr(in)16 conc_peak=16 pread=18.482s [reader]
DBG getmany L77 nw=16 wall=1.064s thr(out)1 thr(in)16 conc_peak=16 pread=21.600s
DBG getmany L79 nw=16 wall=0.506s thr(out)1 thr(in)16 conc_peak=16 pread=4.669s [reader]
DBG getmany L78 nw=15 wall=0.827s thr(out)1 thr(in)16 conc_peak=15 pread=12.767s
DBG getmany L80 nw=16 wall=0.872s thr(out)1 thr(in)16 conc_peak=16 pread=11.423s [reader]
DBG getmany L79 nw=15 wall=1.027s thr(out)1 thr(in)16 conc_peak=15 pread=19.116s
DBG getmany L81 nw=16 wall=0.727s thr(out)1 thr(in)16 conc_peak=16 pread=9.648s [reader]
DBG getmany L80 nw=14 wall=0.922s thr(out)1 thr(in)16 conc_peak=14 pread=12.020s
DBG getmany L82 nw=16 wall=1.061s thr(out)1 thr(in)16 conc_peak=16 pread=22.353s [reader]
DBG getmany L81 nw=14 wall=1.025s thr(out)1 thr(in)16 conc_peak=14 pread=23.352s
DBG getmany L82 nw=14 wall=0.739s thr(out)1 thr(in)16 conc_peak=14 pread=11.496s
DBG getmany L83 nw=16 wall=0.859s thr(out)1 thr(in)16 conc_peak=16 pread=12.355s [reader]
DBG getmany L84 nw=16 wall=0.626s thr(out)1 thr(in)16 conc_peak=16 pread=5.684s [reader]
DBG getmany L83 nw=5 wall=0.734s thr(out)1 thr(in)16 conc_peak=5 pread=7.048s
DBG getmany L85 nw=16 wall=0.762s thr(out)1 thr(in)16 conc_peak=16 pread=7.303s [reader]
DBG getmany L84 nw=11 wall=0.957s thr(out)1 thr(in)16 conc_peak=11 pread=13.859s
DBG getmany L86 nw=16 wall=0.672s thr(out)1 thr(in)16 conc_peak=16 pread=7.604s [reader]
DBG getmany L85 nw=11 wall=0.931s thr(out)1 thr(in)16 conc_peak=11 pread=13.315s
DBG getmany L87 nw=16 wall=0.732s thr(out)1 thr(in)16 conc_peak=16 pread=7.704s [reader]
DBG getmany L86 nw=11 wall=0.731s thr(out)1 thr(in)16 conc_peak=11 pread=11.256s
DBG getmany L88 nw=16 wall=0.535s thr(out)1 thr(in)16 conc_peak=16 pread=4.509s [reader]
DBG getmany L87 nw=10 wall=0.943s thr(out)1 thr(in)16 conc_peak=10 pread=10.174s
DBG getmany L89 nw=16 wall=0.940s thr(out)1 thr(in)16 conc_peak=16 pread=9.029s [reader]
DBG getmany L88 nw=8 wall=0.913s thr(out)1 thr(in)16 conc_peak=8 pread=12.568s
DBG getmany L90 nw=16 wall=0.955s thr(out)1 thr(in)16 conc_peak=16 pread=11.342s [reader]
DBG getmany L89 nw=8 wall=0.931s thr(out)1 thr(in)16 conc_peak=8 pread=12.226s
DBG getmany L91 nw=16 wall=0.739s thr(out)1 thr(in)16 conc_peak=16 pread=10.705s [reader]
DBG getmany L90 nw=9 wall=0.725s thr(out)1 thr(in)16 conc_peak=9 pread=14.243s
DBG getmany L92 nw=16 wall=0.757s thr(out)1 thr(in)16 conc_peak=16 pread=8.728s [reader]
DBG getmany L91 nw=11 wall=0.754s thr(out)1 thr(in)16 conc_peak=11 pread=10.220s
DBG getmany L92 nw=9 wall=0.146s thr(out)1 thr(in)16 conc_peak=9 pread=0.771s
1      802        108.05       100.0      47.50      0.009
  L2   resident=6779/14589 slots hit=100.0% read=73.33GB write=0.00GB
DBG getmany L1 nw=16 wall=0.255s thr(out)1 thr(in)16 conc_peak=16 pread=2.617s [reader]
DBG getmany L1 nw=16 wall=0.370s thr(out)1 thr(in)16 conc_peak=16 pread=6.241s
DBG getmany L2 nw=15 wall=0.465s thr(out)1 thr(in)16 conc_peak=15 pread=9.596s [reader]
DBG getmany L2 nw=15 wall=0.356s thr(out)1 thr(in)16 conc_peak=15 pread=6.220s
DBG getmany L3 nw=11 wall=0.390s thr(out)1 thr(in)16 conc_peak=11 pread=6.331s [reader]
DBG getmany L4 nw=15 wall=0.255s thr(out)1 thr(in)16 conc_peak=15 pread=2.298s [reader]
DBG getmany L3 nw=11 wall=0.357s thr(out)1 thr(in)16 conc_peak=11 pread=5.333s
DBG getmany L5 nw=15 wall=0.393s thr(out)1 thr(in)16 conc_peak=15 pread=4.609s [reader]
DBG getmany L4 nw=12 wall=0.356s thr(out)1 thr(in)16 conc_peak=12 pread=5.520s
DBG getmany L6 nw=14 wall=0.320s thr(out)1 thr(in)16 conc_peak=14 pread=3.379s [reader]
DBG getmany L5 nw=10 wall=0.318s thr(out)1 thr(in)16 conc_peak=10 pread=4.801s
DBG getmany L7 nw=14 wall=0.289s thr(out)1 thr(in)16 conc_peak=14 pread=2.824s [reader]
DBG getmany L6 nw=14 wall=0.373s thr(out)1 thr(in)16 conc_peak=14 pread=5.916s
DBG getmany L8 nw=16 wall=0.335s thr(out)1 thr(in)16 conc_peak=16 pread=3.873s [reader]
DBG getmany L7 nw=12 wall=0.370s thr(out)1 thr(in)16 conc_peak=12 pread=6.265s
DBG getmany L9 nw=13 wall=0.252s thr(out)1 thr(in)16 conc_peak=13 pread=2.300s [reader]
DBG getmany L8 nw=12 wall=0.318s thr(out)1 thr(in)16 conc_peak=12 pread=4.667s
DBG getmany L10 nw=14 wall=0.239s thr(out)1 thr(in)16 conc_peak=14 pread=1.990s [reader]
DBG getmany L9 nw=11 wall=0.324s thr(out)1 thr(in)16 conc_peak=11 pread=4.928s
DBG getmany L11 nw=15 wall=0.283s thr(out)1 thr(in)16 conc_peak=15 pread=2.052s [reader]
DBG getmany L10 nw=8 wall=0.294s thr(out)1 thr(in)16 conc_peak=8 pread=4.065s
DBG getmany L11 nw=11 wall=0.314s thr(out)1 thr(in)16 conc_peak=11 pread=4.051s
DBG getmany L12 nw=13 wall=0.357s thr(out)1 thr(in)16 conc_peak=13 pread=4.781s [reader]
DBG getmany L13 nw=14 wall=0.274s thr(out)1 thr(in)16 conc_peak=14 pread=2.062s [reader]
DBG getmany L12 nw=12 wall=0.328s thr(out)1 thr(in)16 conc_peak=12 pread=4.969s
DBG getmany L14 nw=15 wall=0.314s thr(out)1 thr(in)16 conc_peak=15 pread=3.044s [reader]
DBG getmany L13 nw=11 wall=0.332s thr(out)1 thr(in)16 conc_peak=11 pread=5.268s
DBG getmany L15 nw=15 wall=0.313s thr(out)1 thr(in)16 conc_peak=15 pread=3.169s [reader]
DBG getmany L14 nw=9 wall=0.303s thr(out)1 thr(in)16 conc_peak=9 pread=4.495s
DBG getmany L16 nw=15 wall=0.362s thr(out)1 thr(in)16 conc_peak=15 pread=5.011s [reader]
DBG getmany L15 nw=11 wall=0.353s thr(out)1 thr(in)16 conc_peak=11 pread=5.676s
DBG getmany L17 nw=16 wall=0.305s thr(out)1 thr(in)16 conc_peak=16 pread=2.834s [reader]
DBG getmany L16 nw=11 wall=0.344s thr(out)1 thr(in)16 conc_peak=11 pread=5.480s
DBG getmany L18 nw=15 wall=0.280s thr(out)1 thr(in)16 conc_peak=15 pread=2.607s [reader]
DBG getmany L17 nw=12 wall=0.342s thr(out)1 thr(in)16 conc_peak=12 pread=5.430s
DBG getmany L19 nw=14 wall=0.267s thr(out)1 thr(in)16 conc_peak=14 pread=2.305s [reader]
DBG getmany L18 nw=12 wall=0.328s thr(out)1 thr(in)16 conc_peak=12 pread=4.935s
DBG getmany L20 nw=15 wall=0.298s thr(out)1 thr(in)16 conc_peak=15 pread=2.928s [reader]
DBG getmany L19 nw=11 wall=0.352s thr(out)1 thr(in)16 conc_peak=11 pread=5.509s
DBG getmany L21 nw=14 wall=0.331s thr(out)1 thr(in)16 conc_peak=14 pread=3.963s [reader]
DBG getmany L20 nw=11 wall=0.305s thr(out)1 thr(in)16 conc_peak=11 pread=4.774s
DBG getmany L22 nw=15 wall=0.961s thr(out)1 thr(in)16 conc_peak=15 pread=11.148s [reader]
DBG getmany L21 nw=13 wall=0.931s thr(out)1 thr(in)16 conc_peak=13 pread=12.895s
DBG getmany L23 nw=12 wall=0.557s thr(out)1 thr(in)16 conc_peak=12 pread=5.513s [reader]
DBG getmany L22 nw=14 wall=0.716s thr(out)1 thr(in)16 conc_peak=14 pread=11.148s
DBG getmany L24 nw=11 wall=0.595s thr(out)1 thr(in)16 conc_peak=11 pread=5.557s [reader]
DBG getmany L23 nw=12 wall=0.747s thr(out)1 thr(in)16 conc_peak=12 pread=8.947s
DBG getmany L24 nw=11 wall=0.921s thr(out)1 thr(in)16 conc_peak=11 pread=13.475s
DBG getmany L25 nw=14 wall=1.011s thr(out)1 thr(in)16 conc_peak=14 pread=16.603s [reader]
DBG getmany L26 nw=11 wall=0.552s thr(out)1 thr(in)16 conc_peak=11 pread=4.967s [reader]
DBG getmany L25 nw=14 wall=0.907s thr(out)1 thr(in)16 conc_peak=14 pread=13.205s
DBG getmany L26 nw=12 wall=0.700s thr(out)1 thr(in)16 conc_peak=12 pread=11.292s
DBG getmany L27 nw=13 wall=0.766s thr(out)1 thr(in)16 conc_peak=13 pread=12.897s [reader]
DBG getmany L28 nw=15 wall=0.437s thr(out)1 thr(in)16 conc_peak=15 pread=3.291s [reader]
DBG getmany L27 nw=14 wall=0.929s thr(out)1 thr(in)16 conc_peak=14 pread=10.682s
DBG getmany L29 nw=14 wall=0.591s thr(out)1 thr(in)16 conc_peak=14 pread=5.405s [reader]
DBG getmany L28 nw=12 wall=0.864s thr(out)1 thr(in)16 conc_peak=12 pread=12.475s
DBG getmany L30 nw=14 wall=0.899s thr(out)1 thr(in)16 conc_peak=14 pread=14.911s [reader]
DBG getmany L29 nw=12 wall=0.928s thr(out)1 thr(in)16 conc_peak=12 pread=17.592s
DBG getmany L31 nw=16 wall=0.781s thr(out)1 thr(in)16 conc_peak=16 pread=14.403s [reader]
DBG getmany L30 nw=15 wall=0.796s thr(out)1 thr(in)16 conc_peak=15 pread=19.033s
DBG getmany L32 nw=14 wall=0.778s thr(out)1 thr(in)16 conc_peak=14 pread=6.409s [reader]
DBG getmany L31 nw=12 wall=0.935s thr(out)1 thr(in)16 conc_peak=12 pread=15.692s
DBG getmany L33 nw=14 wall=0.656s thr(out)1 thr(in)16 conc_peak=14 pread=3.916s [reader]
DBG getmany L32 nw=11 wall=0.895s thr(out)1 thr(in)16 conc_peak=11 pread=9.928s
DBG getmany L34 nw=16 wall=1.013s thr(out)1 thr(in)16 conc_peak=16 pread=17.860s [reader]
DBG getmany L33 nw=11 wall=0.986s thr(out)1 thr(in)16 conc_peak=11 pread=21.757s
DBG getmany L35 nw=16 wall=0.818s thr(out)1 thr(in)16 conc_peak=16 pread=16.508s [reader]
DBG getmany L34 nw=13 wall=0.787s thr(out)1 thr(in)16 conc_peak=13 pread=18.065s
DBG getmany L35 nw=13 wall=0.893s thr(out)1 thr(in)16 conc_peak=13 pread=11.779s
DBG getmany L36 nw=11 wall=0.947s thr(out)1 thr(in)16 conc_peak=11 pread=14.595s [reader]
DBG getmany L37 nw=13 wall=0.486s thr(out)1 thr(in)16 conc_peak=13 pread=4.772s [reader]
DBG getmany L36 nw=11 wall=0.902s thr(out)1 thr(in)16 conc_peak=11 pread=11.552s
DBG getmany L38 nw=14 wall=0.538s thr(out)1 thr(in)16 conc_peak=14 pread=5.176s [reader]
DBG getmany L37 nw=13 wall=0.927s thr(out)1 thr(in)16 conc_peak=13 pread=13.010s
DBG getmany L39 nw=15 wall=0.650s thr(out)1 thr(in)16 conc_peak=15 pread=7.630s [reader]
DBG getmany L38 nw=13 wall=0.728s thr(out)1 thr(in)16 conc_peak=13 pread=10.332s
DBG getmany L40 nw=13 wall=0.929s thr(out)1 thr(in)16 conc_peak=13 pread=13.322s [reader]
DBG getmany L39 nw=14 wall=0.939s thr(out)1 thr(in)16 conc_peak=14 pread=16.060s
DBG getmany L41 nw=13 wall=0.927s thr(out)1 thr(in)16 conc_peak=13 pread=12.719s [reader]
DBG getmany L40 nw=14 wall=0.950s thr(out)1 thr(in)16 conc_peak=14 pread=18.160s
DBG getmany L42 nw=8 wall=0.903s thr(out)1 thr(in)16 conc_peak=8 pread=8.787s [reader]
DBG getmany L41 nw=14 wall=0.849s thr(out)1 thr(in)16 conc_peak=14 pread=9.634s
DBG getmany L43 nw=13 wall=0.764s thr(out)1 thr(in)16 conc_peak=13 pread=8.653s [reader]
DBG getmany L42 nw=14 wall=0.734s thr(out)1 thr(in)16 conc_peak=14 pread=10.747s
DBG getmany L44 nw=13 wall=0.289s thr(out)1 thr(in)16 conc_peak=13 pread=1.787s [reader]
DBG getmany L43 nw=15 wall=0.985s thr(out)1 thr(in)16 conc_peak=15 pread=12.831s
DBG getmany L45 nw=10 wall=0.935s thr(out)1 thr(in)16 conc_peak=10 pread=10.225s [reader]
DBG getmany L44 nw=14 wall=0.897s thr(out)1 thr(in)16 conc_peak=14 pread=12.004s
DBG getmany L46 nw=8 wall=0.137s thr(out)1 thr(in)16 conc_peak=8 pread=0.663s [reader]
DBG getmany L45 nw=15 wall=0.862s thr(out)1 thr(in)16 conc_peak=15 pread=9.949s
DBG getmany L47 nw=11 wall=0.534s thr(out)1 thr(in)16 conc_peak=11 pread=5.016s [reader]
DBG getmany L46 nw=13 wall=0.728s thr(out)1 thr(in)16 conc_peak=13 pread=8.585s
DBG getmany L48 nw=13 wall=0.443s thr(out)1 thr(in)16 conc_peak=13 pread=2.816s [reader]
DBG getmany L47 nw=15 wall=0.958s thr(out)1 thr(in)16 conc_peak=15 pread=11.342s
DBG getmany L49 nw=9 wall=0.428s thr(out)1 thr(in)16 conc_peak=9 pread=1.834s [reader]
DBG getmany L48 nw=14 wall=0.875s thr(out)1 thr(in)16 conc_peak=14 pread=12.371s
DBG getmany L50 nw=12 wall=0.936s thr(out)1 thr(in)16 conc_peak=12 pread=16.453s [reader]
DBG getmany L49 nw=15 wall=0.984s thr(out)1 thr(in)16 conc_peak=15 pread=20.262s
DBG getmany L51 nw=12 wall=0.749s thr(out)1 thr(in)16 conc_peak=12 pread=8.438s [reader]
DBG getmany L50 nw=15 wall=0.749s thr(out)1 thr(in)16 conc_peak=15 pread=12.000s
DBG getmany L52 nw=15 wall=0.721s thr(out)1 thr(in)16 conc_peak=15 pread=8.772s [reader]
DBG getmany L51 nw=13 wall=0.882s thr(out)1 thr(in)16 conc_peak=13 pread=11.957s
DBG getmany L53 nw=10 wall=0.291s thr(out)1 thr(in)16 conc_peak=10 pread=1.841s [reader]
DBG getmany L52 nw=12 wall=0.821s thr(out)1 thr(in)16 conc_peak=12 pread=9.949s
DBG getmany L54 nw=12 wall=0.736s thr(out)1 thr(in)16 conc_peak=12 pread=8.041s [reader]
DBG getmany L53 nw=14 wall=0.919s thr(out)1 thr(in)16 conc_peak=14 pread=17.827s
DBG getmany L55 nw=14 wall=0.737s thr(out)1 thr(in)16 conc_peak=14 pread=10.889s [reader]
DBG getmany L54 nw=14 wall=0.735s thr(out)1 thr(in)16 conc_peak=14 pread=14.429s
DBG getmany L56 nw=16 wall=0.397s thr(out)1 thr(in)16 conc_peak=16 pread=3.249s [reader]
DBG getmany L55 nw=13 wall=0.955s thr(out)1 thr(in)16 conc_peak=13 pread=12.453s
DBG getmany L57 nw=16 wall=0.811s thr(out)1 thr(in)16 conc_peak=16 pread=10.164s [reader]
DBG getmany L56 nw=9 wall=0.901s thr(out)1 thr(in)16 conc_peak=9 pread=11.920s
DBG getmany L58 nw=14 wall=0.495s thr(out)1 thr(in)16 conc_peak=14 pread=3.546s [reader]
DBG getmany L57 nw=14 wall=0.941s thr(out)1 thr(in)16 conc_peak=14 pread=11.559s
DBG getmany L59 nw=15 wall=0.742s thr(out)1 thr(in)16 conc_peak=15 pread=10.403s [reader]
DBG getmany L58 nw=11 wall=0.725s thr(out)1 thr(in)16 conc_peak=11 pread=12.458s
DBG getmany L60 nw=16 wall=0.411s thr(out)1 thr(in)16 conc_peak=16 pread=3.154s [reader]
DBG getmany L59 nw=10 wall=0.935s thr(out)1 thr(in)16 conc_peak=10 pread=9.508s
DBG getmany L61 nw=16 wall=0.747s thr(out)1 thr(in)16 conc_peak=16 pread=6.791s [reader]
DBG getmany L60 nw=13 wall=0.969s thr(out)1 thr(in)16 conc_peak=13 pread=15.370s
DBG getmany L62 nw=15 wall=0.945s thr(out)1 thr(in)16 conc_peak=15 pread=11.369s [reader]
DBG getmany L61 nw=15 wall=0.932s thr(out)1 thr(in)16 conc_peak=15 pread=14.902s
DBG getmany L63 nw=15 wall=0.413s thr(out)1 thr(in)16 conc_peak=15 pread=3.307s [reader]
DBG getmany L62 nw=11 wall=0.717s thr(out)1 thr(in)16 conc_peak=11 pread=8.125s
DBG getmany L64 nw=16 wall=0.789s thr(out)1 thr(in)16 conc_peak=16 pread=8.027s [reader]
DBG getmany L63 nw=12 wall=0.946s thr(out)1 thr(in)16 conc_peak=12 pread=13.351s
DBG getmany L65 nw=15 wall=0.619s thr(out)1 thr(in)16 conc_peak=15 pread=5.265s [reader]
DBG getmany L64 nw=13 wall=0.892s thr(out)1 thr(in)16 conc_peak=13 pread=10.106s
DBG getmany L66 nw=15 wall=0.679s thr(out)1 thr(in)16 conc_peak=15 pread=6.057s [reader]
DBG getmany L65 nw=10 wall=0.889s thr(out)1 thr(in)16 conc_peak=10 pread=11.611s
DBG getmany L67 nw=16 wall=0.740s thr(out)1 thr(in)16 conc_peak=16 pread=11.273s [reader]
DBG getmany L66 nw=13 wall=0.784s thr(out)1 thr(in)16 conc_peak=13 pread=15.761s
DBG getmany L68 nw=14 wall=0.553s thr(out)1 thr(in)16 conc_peak=14 pread=5.266s [reader]
DBG getmany L67 nw=13 wall=0.949s thr(out)1 thr(in)16 conc_peak=13 pread=10.891s
DBG getmany L69 nw=16 wall=0.615s thr(out)1 thr(in)16 conc_peak=16 pread=6.215s [reader]
DBG getmany L68 nw=11 wall=0.871s thr(out)1 thr(in)16 conc_peak=11 pread=10.819s
DBG getmany L70 nw=16 wall=0.560s thr(out)1 thr(in)16 conc_peak=16 pread=7.118s [reader]
DBG getmany L69 nw=11 wall=0.948s thr(out)1 thr(in)16 conc_peak=11 pread=10.192s
DBG getmany L71 nw=16 wall=0.717s thr(out)1 thr(in)16 conc_peak=16 pread=8.133s [reader]
DBG getmany L70 nw=11 wall=0.729s thr(out)1 thr(in)16 conc_peak=11 pread=12.183s
DBG getmany L72 nw=16 wall=0.453s thr(out)1 thr(in)16 conc_peak=16 pread=3.173s [reader]
DBG getmany L71 nw=10 wall=1.014s thr(out)1 thr(in)16 conc_peak=10 pread=9.891s
DBG getmany L73 nw=15 wall=0.659s thr(out)1 thr(in)16 conc_peak=15 pread=6.255s [reader]
DBG getmany L72 nw=15 wall=0.992s thr(out)1 thr(in)16 conc_peak=15 pread=15.120s
DBG getmany L74 nw=13 wall=0.967s thr(out)1 thr(in)16 conc_peak=13 pread=15.912s [reader]
DBG getmany L73 nw=16 wall=0.979s thr(out)1 thr(in)16 conc_peak=16 pread=20.654s
DBG getmany L75 nw=11 wall=0.706s thr(out)1 thr(in)16 conc_peak=11 pread=10.379s [reader]
DBG getmany L74 nw=16 wall=0.751s thr(out)1 thr(in)16 conc_peak=16 pread=15.321s
DBG getmany L76 nw=14 wall=0.932s thr(out)1 thr(in)16 conc_peak=14 pread=12.869s [reader]
DBG getmany L75 nw=16 wall=0.984s thr(out)1 thr(in)16 conc_peak=16 pread=15.757s
DBG getmany L77 nw=16 wall=0.844s thr(out)1 thr(in)16 conc_peak=16 pread=10.348s [reader]
DBG getmany L76 nw=16 wall=0.994s thr(out)1 thr(in)16 conc_peak=16 pread=15.609s
DBG getmany L78 nw=15 wall=0.802s thr(out)1 thr(in)16 conc_peak=15 pread=10.523s [reader]
DBG getmany L77 nw=13 wall=0.959s thr(out)1 thr(in)16 conc_peak=13 pread=17.323s
DBG getmany L79 nw=15 wall=0.489s thr(out)1 thr(in)16 conc_peak=15 pread=4.418s [reader]
DBG getmany L78 nw=15 wall=0.797s thr(out)1 thr(in)16 conc_peak=15 pread=14.052s
DBG getmany L80 nw=14 wall=0.672s thr(out)1 thr(in)16 conc_peak=14 pread=8.200s [reader]
DBG getmany L79 nw=14 wall=0.969s thr(out)1 thr(in)16 conc_peak=14 pread=14.759s
DBG getmany L81 nw=14 wall=0.503s thr(out)1 thr(in)16 conc_peak=14 pread=4.304s [reader]
DBG getmany L80 nw=16 wall=0.955s thr(out)1 thr(in)16 conc_peak=16 pread=13.911s
DBG getmany L82 nw=14 wall=0.930s thr(out)1 thr(in)16 conc_peak=14 pread=13.403s [reader]
DBG getmany L81 nw=13 wall=0.961s thr(out)1 thr(in)16 conc_peak=13 pread=16.138s
DBG getmany L83 nw=5 wall=0.612s thr(out)1 thr(in)16 conc_peak=5 pread=4.147s [reader]
DBG getmany L82 nw=14 wall=0.614s thr(out)1 thr(in)16 conc_peak=14 pread=8.278s
DBG getmany L84 nw=11 wall=0.654s thr(out)1 thr(in)16 conc_peak=11 pread=4.398s [reader]
DBG getmany L83 nw=12 wall=0.884s thr(out)1 thr(in)16 conc_peak=12 pread=8.611s
DBG getmany L85 nw=11 wall=0.489s thr(out)1 thr(in)16 conc_peak=11 pread=2.403s [reader]
DBG getmany L84 nw=10 wall=0.822s thr(out)1 thr(in)16 conc_peak=10 pread=7.329s
DBG getmany L86 nw=11 wall=0.463s thr(out)1 thr(in)16 conc_peak=11 pread=3.188s [reader]
DBG getmany L85 nw=9 wall=0.816s thr(out)1 thr(in)16 conc_peak=9 pread=8.001s
DBG getmany L87 nw=10 wall=0.478s thr(out)1 thr(in)16 conc_peak=10 pread=3.608s [reader]
DBG getmany L86 nw=12 wall=0.639s thr(out)1 thr(in)16 conc_peak=12 pread=8.489s
DBG getmany L88 nw=8 wall=0.674s thr(out)1 thr(in)16 conc_peak=8 pread=3.699s [reader]
DBG getmany L87 nw=11 wall=0.806s thr(out)1 thr(in)16 conc_peak=11 pread=8.993s
DBG getmany L89 nw=8 wall=0.242s thr(out)1 thr(in)16 conc_peak=8 pread=0.979s [reader]
DBG getmany L88 nw=12 wall=0.820s thr(out)1 thr(in)16 conc_peak=12 pread=9.364s
DBG getmany L90 nw=9 wall=0.543s thr(out)1 thr(in)16 conc_peak=9 pread=2.705s [reader]
DBG getmany L89 nw=12 wall=0.871s thr(out)1 thr(in)16 conc_peak=12 pread=9.874s
DBG getmany L91 nw=11 wall=0.728s thr(out)1 thr(in)16 conc_peak=11 pread=7.286s [reader]
DBG getmany L90 nw=12 wall=0.667s thr(out)1 thr(in)16 conc_peak=12 pread=7.879s
DBG getmany L92 nw=9 wall=0.194s thr(out)1 thr(in)16 conc_peak=9 pread=0.882s [reader]
DBG getmany L91 nw=12 wall=0.654s thr(out)1 thr(in)16 conc_peak=12 pread=6.707s
DBG getmany L92 nw=12 wall=0.172s thr(out)1 thr(in)16 conc_peak=12 pread=1.248s
2      24         83.03        100.0      42.04      0.012
  L2   resident=6779/14589 slots hit=100.0% read=115.36GB write=0.00GB
--------------------------------------------------------------------
3 tokens in 266.1 s, 88.70 s/token average
PEAK RSS for the whole run: 37.16 GB   <- quote this, not the plan
layers completed: 93/93; routed expert drops: 0


[chip] simulated MXFP4 GEMV bill over 4 tokens
  4416 expert chains | 291722231808 flops | 77488717824 bytes (77.49 GB)
  per token: 1104 chains | 19.37 GB | 0.07 Gflops
  compute wall @ 4 TFLOPS : 0.07 s (18.23 ms/token)
  bandwidth wall @ 200 GB/s : 0.39 s (96.86 ms/token)
  -> bandwidth-bound; to be compute-bound at 4 TFLOPS this needs 1062 GB/s
  expert fetch (host wall, measured): 203.67 s moving 77.49 GB = 0 GB/s
  chip pool wall (measured): 22.14 s

cache [final step]
  slots        : 854 of 17.56 MB = 14.99 GB arena (854 resident, 0 pinned)
  requests     : 1472  hits 1472 (100.00%)  misses 0  evictions 2396
  of those hits : 2396 came from the batch prefetch, i.e. read from disk
                  this token; TRUE resident hit rate 0.00%
  read from disk: 42.04 GB in 121.63 s (346 MB/s while loading)
  phase2 i/o    : 42.06 GB in 121.63 s (346 MB/s)  [pure parallel disk read]
  prefetch      : issued 1235  LATE 0  survival 21.1% (311/1472 prev-token routed experts still resident)
l2cache [final step]
  requests     : 6574  hits 6574 (100.00%)  misses 0
  read  from sdd7: 115.36 GB, written 0.00 GB
  hit I/O   : 115.36 GB in 325.17 s (wall) = 355 MB/s [pread 3060.71 s, 38 MB/s per-thread]
  miss I/O  : 0 misses, 0.00 GB from /model in 0.00 s (wall) = 0 MB/s
  restored from meta: 6779 slots

wrote reports/gateab_ab/v50_prefetch/pf1_r1-20260930_115817/ctrl.json
I/O share of wall clock: 192.4%  (trunk 186.8 s + experts 325.2 s of 266.1 s)
  both figures are WHOLE-RUN totals over 3 steps
  expert phase split: phase1 SERIAL reserve 0.2 s (828 calls) vs phase2 read 325.2 s
  over 100% because trunk reads overlap compute on the reader thread;
  245.9 s of device time was hidden behind arithmetic
  experts, whole run: 115.37 GB read | 0 of 4416 requests retained in RAM (0.00%) | 5721 evictions
    (retention = requests - evictions; the raw `hits` counter includes
     experts the prefetcher had just read from disk, so it is not a
     measure of avoided I/O)

trunk [final]
  pinned 22/93 layers, ring 2 slots
  binds 279, hits 44 (15.8%), reads 235
  read 140.16 GB in 186.82 s (750 MB/s pread)
  per-layer loads [L]=count: 0=1 1=1 2=1 3=1 4=1 5=1 6=1 7=1 8=1 9=1 10=1 11=1 12=1 13=1 14=1 15=1 16=1 17=1 18=1 19=1 20=1 21=1 22=3 23=3 24=3 25=3 26=3 27=3 28=3 29=3 30=3 31=3 32=3 33=3 34=3 35=3 36=3 37=3 38=3 39=3 40=3 41=3 42=3 43=3 44=3 45=3 46=3 47=3 48=3 49=3 50=3 51=3 52=3 53=3 54=3 55=3 56=3 57=3 58=3 59=3 60=3 61=3 62=3 63=3 64=3 65=3 66=3 67=3 68=3 69=3 70=3 71=3 72=3 73=3 74=3 75=3 76=3 77=3 78=3 79=3 80=3 81=3 82=3 83=3 84=3 85=3 86=3 87=3 88=3 89=3 90=3 91=3 92=3
  bind wall 18.23 s over 279 binds; read 186.82 + widen 1.49 = 188.31 s of device work,
                    of which 170.08 s (90%) overlapped compute on the reader thread
  widen breakdown: find 3 ms (7365)  copy 0 ms (3444)  deq 1480 ms (2370)  timed 1 s of widen 1.49 s
