k3 chip: 4 workers, 4 TFLOPS, 200 GB/s simulated wall
DBG fwd_inner loop_outer=1 loop_serial=1 T=6
DBG block b0=0 t=0 L=0 rnd=0
DBG block b0=0 t=0 L=1 rnd=0
DBG block b0=0 t=0 L=2 rnd=0
DBG block b0=0 t=0 L=3 rnd=0
DBG block b0=0 t=1 L=0 rnd=0
DBG block b0=0 t=1 L=1 rnd=0
DBG block b0=0 t=1 L=2 rnd=0
DBG block b0=0 t=1 L=3 rnd=0
DBG block b0=0 t=2 L=0 rnd=0
DBG block b0=0 t=2 L=1 rnd=0
DBG block b0=0 t=2 L=2 rnd=0
DBG block b0=0 t=2 L=3 rnd=0
DBG block b0=0 t=3 L=0 rnd=0
DBG block b0=0 t=3 L=1 rnd=0
DBG block b0=0 t=3 L=2 rnd=0
DBG block b0=0 t=3 L=3 rnd=0
DBG block b0=0 t=4 L=0 rnd=0
DBG block b0=0 t=4 L=1 rnd=0
DBG block b0=0 t=4 L=2 rnd=0
DBG block b0=0 t=4 L=3 rnd=0
DBG block b0=0 t=5 L=0 rnd=0
DBG block b0=0 t=5 L=1 rnd=0
DBG block b0=0 t=5 L=2 rnd=0
DBG block b0=0 t=5 L=3 rnd=0
DBG block b0=4 t=0 L=4 rnd=0
DBG block b0=4 t=0 L=5 rnd=0
DBG block b0=4 t=0 L=6 rnd=0
DBG block b0=4 t=0 L=7 rnd=0
DBG block b0=4 t=1 L=4 rnd=0
DBG block b0=4 t=1 L=5 rnd=0
DBG block b0=4 t=1 L=6 rnd=0
DBG block b0=4 t=1 L=7 rnd=0
DBG block b0=4 t=2 L=4 rnd=0
DBG block b0=4 t=2 L=5 rnd=0
DBG block b0=4 t=2 L=6 rnd=0
DBG block b0=4 t=2 L=7 rnd=0
DBG block b0=4 t=3 L=4 rnd=0
DBG block b0=4 t=3 L=5 rnd=0
DBG block b0=4 t=3 L=6 rnd=0
DBG block b0=4 t=3 L=7 rnd=0
DBG block b0=4 t=4 L=4 rnd=0
DBG block b0=4 t=4 L=5 rnd=0
DBG block b0=4 t=4 L=6 rnd=0
DBG block b0=4 t=4 L=7 rnd=0
DBG block b0=4 t=5 L=4 rnd=0
DBG block b0=4 t=5 L=5 rnd=0
DBG block b0=4 t=5 L=6 rnd=0
DBG block b0=4 t=5 L=7 rnd=0
config: /model/config.json (nested shape) | hidden=7168 layers=93 vocab=163840 | 24 MLA + 69 KDA | experts 896 top16 shared2 | latent=3584
NOTE: binding only the first 8 of 93 layers. Output is NOT the full model; it is a partial stack for testing the machinery.

  KV cache : 21.33 MB for 9 positions (2.37 MB/position)
Kimi K3, pure C, released checkpoint
  model    : /model
  prompt   : 6 tokens, generating 2

indexed 497220 tensors from 96 shards in 15.82 s
trunk on disk : 10.46 GB total (STREAMED from /mnt/nvme/trunk_layers_out, not held in RAM)

memory plan
  trunk (STREAMED) 6.00 GB
  embed + lm_head  4.70 GB
  expert cache     8.00 GB
  recurrent state  53.87 MB
  buffers          7.35 MB
  KV cache         21.29 MB
  TOTAL            18.78 GB
  available        28.62 GB

k3_trunk: trunk.bin absent - using per-layer slices (layer_%03d.bin)
trunk stream: 56.60 GB packed, 1/93 layers PINNED (3.00 GB), ring 2 x 1.30 GB
              reads use buffered I/O
              ring holds 2 slots: layers repeat over ~2 tokens, so recent ones are reused instead of re-read
trunk streaming enabled from /mnt/nvme/trunk_layers_out in 0.0 s
embedding, final norm and lm_head: 4.70 GB in 67.6 s

expert L2 cache enabled: 11397 slots x 17.55 MB = 199.99 GB on /mnt/nvme/experts.l2
expert L2 eviction policy: heat
peak RSS after loading weights: 4.78 GB  (the plan above is a forecast, this is measured)
expert cache: 455 slots x 17.56 MB = 7.99 GB (0.55% of the 1.45 TB expert pool)

recurrent state for 8 layers: 53.87 MB

incremental decode: KV cache 1.77 MB for 2 MLA layers at 9 positions

STEP   TOKEN      SECONDS      CACHE HIT  READ GB    TOK/S
--------------------------------------------------------------------
0      0          23.13        100.0      0.12       0.043
  L2   resident=6298/11397 slots hit=100.0% read=0.12GB write=0.00GB
DBG fwd_inner loop_outer=1 loop_serial=1 T=2
DBG block b0=0 t=0 L=0 rnd=0
DBG block b0=0 t=0 L=1 rnd=0
DBG block b0=0 t=0 L=2 rnd=0
DBG block b0=0 t=0 L=3 rnd=0
DBG block b0=0 t=1 L=0 rnd=0
DBG block b0=0 t=1 L=1 rnd=0
DBG block b0=0 t=1 L=2 rnd=0
DBG block b0=0 t=1 L=3 rnd=0
DBG block b0=4 t=0 L=4 rnd=0
DBG block b0=4 t=0 L=5 rnd=0
DBG block b0=4 t=0 L=6 rnd=0
DBG block b0=4 t=0 L=7 rnd=0
DBG block b0=4 t=1 L=4 rnd=0
DBG block b0=4 t=1 L=5 rnd=0
DBG block b0=4 t=1 L=6 rnd=0
DBG block b0=4 t=1 L=7 rnd=0
1      0          10.60        100.0      0.00       0.094
  L2   resident=6298/11397 slots hit=100.0% read=0.12GB write=0.00GB
--------------------------------------------------------------------
2 tokens in 33.7 s, 16.87 s/token average
PEAK RSS for the whole run: 8.65 GB   <- quote this, not the plan
layers completed: 8/8; routed expert drops: 0


[chip] simulated MXFP4 GEMV bill over 8 tokens
  896 expert chains | 59190018048 flops | 15722348544 bytes (15.72 GB)
  per token: 112 chains | 1.97 GB | 0.01 Gflops
  compute wall @ 4 TFLOPS : 0.01 s (1.85 ms/token)
  bandwidth wall @ 200 GB/s : 0.08 s (9.83 ms/token)
  -> bandwidth-bound; to be compute-bound at 4 TFLOPS this needs 1062 GB/s
  expert fetch (host wall, measured): 0.25 s moving 15.72 GB = 64 GB/s
  chip pool wall (measured): 6.78 s

cache [final step]
  slots        : 455 of 17.56 MB = 7.99 GB arena (7 resident, 0 pinned)
  requests     : 224  hits 224 (100.00%)  misses 0  evictions 0
  read from disk: 0.00 GB in 0.00 s (0 MB/s while loading)
  phase2 i/o    : 0.00 GB in 0.00 s (0 MB/s)  [pure parallel disk read]
l2cache [final step]
  requests     : 7  hits 7 (100.00%)  misses 0
  read  from sdd7: 0.12 GB, written 0.00 GB
  hit I/O   : 0.12 GB in 0.25 s (wall) = 501 MB/s [pread 0.23 s, 526 MB/s per-thread]
  miss I/O  : 0 misses, 0.00 GB from /model in 0.00 s (wall) = 0 MB/s
  restored from meta: 6298 slots

wrote reports/loop_dbg_153859/result.json
I/O share of wall clock: 34.5%  (trunk 11.4 s + experts 0.2 s of 33.7 s)
  both figures are WHOLE-RUN totals over 2 steps
  experts, whole run: 0.12 GB read | 896 of 896 requests retained in RAM (100.00%) | 0 evictions
    (retention = requests - evictions; the raw `hits` counter includes
     experts the prefetcher had just read from disk, so it is not a
     measure of avoided I/O)

trunk [final]
  pinned 1/93 layers, ring 2 slots
  binds 16, hits 1 (6.2%), reads 15
  read 10.52 GB in 11.39 s (924 MB/s pread) + 0.00 s parked on the expert gate
  per-layer loads [L]=count: 0=1 1=2 2=2 3=2 4=2 5=2 6=2 7=2 8=0 9=0 10=0 11=0 12=0 13=0 14=0 15=0 16=0 17=0 18=0 19=0 20=0 21=0 22=0 23=0 24=0 25=0 26=0 27=0 28=0 29=0 30=0 31=0 32=0 33=0 34=0 35=0 36=0 37=0 38=0 39=0 40=0 41=0 42=0 43=0 44=0 45=0 46=0 47=0 48=0 49=0 50=0 51=0 52=0 53=0 54=0 55=0 56=0 57=0 58=0 59=0 60=0 61=0 62=0 63=0 64=0 65=0 66=0 67=0 68=0 69=0 70=0 71=0 72=0 73=0 74=0 75=0 76=0 77=0 78=0 79=0 80=0 81=0 82=0 83=0 84=0 85=0 86=0 87=0 88=0 89=0 90=0 91=0 92=0
  bind wall 11.55 s over 16 binds  =  read 11.39 + widen 0.16 + other 0.00
                    shares:      read 99%  widen 1%  other 0%
  widen breakdown: find 0 ms (414)  copy 0 ms (174)  deq 164 ms (132)  timed 0 s of widen 0.16 s
