L2 auto: 209 GB free on /mnt/nvme -> L2 at 256 GB
k3 chip: 4 workers, 4 TFLOPS, 200 GB/s simulated wall
  L2 want=17547264 slot=17547264 nbytes=17547264 fd=O_DIRECT
  L2 want=17547264 slot=17547264 nbytes=17547264 fd=O_DIRECT
  L2 want=17547264 slot=17547264 nbytes=17547264 fd=O_DIRECT
  L2 want=17547264 slot=17547264 nbytes=17547264 fd=O_DIRECT
  L2 want=17547264 slot=17547264 nbytes=17547264 fd=O_DIRECT
  L2 want=17547264 slot=17547264 nbytes=17547264 fd=O_DIRECT
  L2 want=17547264 slot=17547264 nbytes=17547264 fd=O_DIRECT
  L2 want=17547264 slot=17547264 nbytes=17547264 fd=O_DIRECT
  L2 want=17547264 slot=17547264 nbytes=17547264 fd=O_DIRECT
  L2 want=17547264 slot=17547264 nbytes=17547264 fd=O_DIRECT
  L2 want=17547264 slot=17547264 nbytes=17547264 fd=O_DIRECT
  L2 want=17547264 slot=17547264 nbytes=17547264 fd=O_DIRECT
  L2 want=17547264 slot=17547264 nbytes=17547264 fd=O_DIRECT
  L2 want=17547264 slot=17547264 nbytes=17547264 fd=O_DIRECT
  L2 want=17547264 slot=17547264 nbytes=17547264 fd=O_DIRECT
  L2 want=17547264 slot=17547264 nbytes=17547264 fd=O_DIRECT
DBG getmany L1 nw=16 wall=0.238s thr(out)1 thr(in)16 conc_peak=16 pread=2.348s
DBG getmany L2 nw=16 wall=0.226s thr(out)1 thr(in)16 conc_peak=16 pread=2.483s
DBG getmany L3 nw=16 wall=0.229s thr(out)1 thr(in)16 conc_peak=16 pread=2.548s
DBG getmany L4 nw=16 wall=0.221s thr(out)1 thr(in)16 conc_peak=16 pread=2.511s
DBG getmany L5 nw=16 wall=0.206s thr(out)1 thr(in)16 conc_peak=16 pread=2.240s
DBG getmany L6 nw=16 wall=0.197s thr(out)1 thr(in)16 conc_peak=16 pread=2.004s
DBG getmany L7 nw=16 wall=0.222s thr(out)1 thr(in)16 conc_peak=16 pread=2.433s
DBG getmany L8 nw=16 wall=0.227s thr(out)1 thr(in)16 conc_peak=16 pread=2.581s
DBG getmany L9 nw=16 wall=0.225s thr(out)1 thr(in)16 conc_peak=16 pread=2.529s
DBG getmany L10 nw=16 wall=0.201s thr(out)1 thr(in)16 conc_peak=16 pread=2.020s
DBG getmany L11 nw=16 wall=0.226s thr(out)1 thr(in)16 conc_peak=16 pread=2.575s
DBG getmany L12 nw=16 wall=0.219s thr(out)1 thr(in)16 conc_peak=16 pread=2.457s
DBG getmany L13 nw=16 wall=0.223s thr(out)1 thr(in)16 conc_peak=16 pread=2.380s
DBG getmany L14 nw=16 wall=0.220s thr(out)1 thr(in)16 conc_peak=16 pread=2.370s
DBG getmany L15 nw=16 wall=0.232s thr(out)1 thr(in)16 conc_peak=16 pread=2.534s
DBG getmany L16 nw=16 wall=0.240s thr(out)1 thr(in)16 conc_peak=16 pread=2.632s
DBG getmany L17 nw=16 wall=0.219s thr(out)1 thr(in)16 conc_peak=16 pread=2.421s
DBG getmany L18 nw=16 wall=0.221s thr(out)1 thr(in)16 conc_peak=16 pread=2.464s
DBG getmany L19 nw=16 wall=0.238s thr(out)1 thr(in)16 conc_peak=16 pread=2.635s
DBG getmany L20 nw=16 wall=0.229s thr(out)1 thr(in)16 conc_peak=16 pread=2.499s
DBG getmany L21 nw=16 wall=0.225s thr(out)1 thr(in)16 conc_peak=16 pread=2.432s
DBG getmany L22 nw=16 wall=0.255s thr(out)1 thr(in)16 conc_peak=16 pread=2.760s
DBG getmany L23 nw=16 wall=0.459s thr(out)1 thr(in)16 conc_peak=16 pread=5.046s
DBG getmany L24 nw=16 wall=0.528s thr(out)1 thr(in)16 conc_peak=16 pread=6.839s
DBG getmany L25 nw=16 wall=0.573s thr(out)1 thr(in)16 conc_peak=16 pread=7.238s
DBG getmany L26 nw=16 wall=0.500s thr(out)1 thr(in)16 conc_peak=16 pread=6.479s
DBG getmany L27 nw=16 wall=0.730s thr(out)1 thr(in)16 conc_peak=16 pread=8.573s
DBG getmany L28 nw=16 wall=0.680s thr(out)1 thr(in)16 conc_peak=16 pread=8.337s
DBG getmany L29 nw=16 wall=0.690s thr(out)1 thr(in)16 conc_peak=16 pread=8.034s
DBG getmany L30 nw=16 wall=0.528s thr(out)1 thr(in)16 conc_peak=16 pread=6.803s
DBG getmany L31 nw=16 wall=0.758s thr(out)1 thr(in)16 conc_peak=16 pread=8.080s
DBG getmany L32 nw=16 wall=0.750s thr(out)1 thr(in)16 conc_peak=16 pread=8.336s
DBG getmany L33 nw=16 wall=0.807s thr(out)1 thr(in)16 conc_peak=16 pread=9.274s
DBG getmany L34 nw=16 wall=0.543s thr(out)1 thr(in)16 conc_peak=16 pread=6.760s
DBG getmany L35 nw=16 wall=0.758s thr(out)1 thr(in)16 conc_peak=16 pread=8.182s
DBG getmany L36 nw=16 wall=0.764s thr(out)1 thr(in)16 conc_peak=16 pread=8.314s
DBG getmany L37 nw=16 wall=0.731s thr(out)1 thr(in)16 conc_peak=16 pread=8.797s
DBG getmany L38 nw=16 wall=0.601s thr(out)1 thr(in)16 conc_peak=16 pread=7.223s
DBG getmany L39 nw=16 wall=0.751s thr(out)1 thr(in)16 conc_peak=16 pread=8.863s
DBG getmany L40 nw=16 wall=0.747s thr(out)1 thr(in)16 conc_peak=16 pread=8.138s
DBG getmany L41 nw=16 wall=0.596s thr(out)1 thr(in)16 conc_peak=16 pread=6.707s
DBG getmany L42 nw=16 wall=0.551s thr(out)1 thr(in)16 conc_peak=16 pread=6.329s
DBG getmany L43 nw=16 wall=0.719s thr(out)1 thr(in)16 conc_peak=16 pread=6.627s
DBG getmany L44 nw=16 wall=0.714s thr(out)1 thr(in)16 conc_peak=16 pread=8.972s
DBG getmany L45 nw=16 wall=0.762s thr(out)1 thr(in)16 conc_peak=16 pread=8.590s
DBG getmany L46 nw=16 wall=0.562s thr(out)1 thr(in)16 conc_peak=16 pread=7.075s
DBG getmany L47 nw=16 wall=0.712s thr(out)1 thr(in)16 conc_peak=16 pread=7.785s
DBG getmany L48 nw=16 wall=0.695s thr(out)1 thr(in)16 conc_peak=16 pread=8.540s
DBG getmany L49 nw=16 wall=0.763s thr(out)1 thr(in)16 conc_peak=16 pread=9.722s
DBG getmany L50 nw=16 wall=0.530s thr(out)1 thr(in)16 conc_peak=16 pread=6.657s
DBG getmany L51 nw=16 wall=0.725s thr(out)1 thr(in)16 conc_peak=16 pread=9.280s
DBG getmany L52 nw=16 wall=0.717s thr(out)1 thr(in)16 conc_peak=16 pread=8.398s
DBG getmany L53 nw=16 wall=8.084s thr(out)1 thr(in)16 conc_peak=16 pread=54.266s
DBG getmany L54 nw=16 wall=4.670s thr(out)1 thr(in)16 conc_peak=16 pread=72.345s
DBG getmany L55 nw=16 wall=0.733s thr(out)1 thr(in)16 conc_peak=16 pread=9.175s
DBG getmany L56 nw=16 wall=0.688s thr(out)1 thr(in)16 conc_peak=16 pread=9.838s
DBG getmany L57 nw=16 wall=0.730s thr(out)1 thr(in)16 conc_peak=16 pread=10.010s
DBG getmany L58 nw=16 wall=0.499s thr(out)1 thr(in)16 conc_peak=16 pread=6.039s
DBG getmany L59 nw=16 wall=0.743s thr(out)1 thr(in)16 conc_peak=16 pread=10.592s
DBG getmany L60 nw=16 wall=0.715s thr(out)1 thr(in)16 conc_peak=16 pread=9.505s
DBG getmany L61 nw=16 wall=0.698s thr(out)1 thr(in)16 conc_peak=16 pread=10.253s
DBG getmany L62 nw=16 wall=0.521s thr(out)1 thr(in)16 conc_peak=16 pread=6.125s
DBG getmany L63 nw=16 wall=0.746s thr(out)1 thr(in)16 conc_peak=16 pread=10.369s
DBG getmany L64 nw=16 wall=0.749s thr(out)1 thr(in)16 conc_peak=16 pread=10.784s
DBG getmany L65 nw=16 wall=0.686s thr(out)1 thr(in)16 conc_peak=16 pread=9.698s
DBG getmany L66 nw=16 wall=0.392s thr(out)1 thr(in)16 conc_peak=16 pread=5.595s
DBG getmany L67 nw=16 wall=0.649s thr(out)1 thr(in)16 conc_peak=16 pread=8.841s
DBG getmany L68 nw=16 wall=0.561s thr(out)1 thr(in)16 conc_peak=16 pread=6.458s
DBG getmany L69 nw=16 wall=0.536s thr(out)1 thr(in)16 conc_peak=16 pread=6.396s
DBG getmany L70 nw=16 wall=0.568s thr(out)1 thr(in)16 conc_peak=16 pread=7.193s
DBG getmany L71 nw=16 wall=0.789s thr(out)1 thr(in)16 conc_peak=16 pread=8.864s
DBG getmany L72 nw=16 wall=0.758s thr(out)1 thr(in)16 conc_peak=16 pread=9.981s
DBG getmany L73 nw=16 wall=0.749s thr(out)1 thr(in)16 conc_peak=16 pread=8.229s
DBG getmany L74 nw=16 wall=0.487s thr(out)1 thr(in)16 conc_peak=16 pread=7.130s
DBG getmany L75 nw=16 wall=0.722s thr(out)1 thr(in)16 conc_peak=16 pread=9.741s
DBG getmany L76 nw=16 wall=0.647s thr(out)1 thr(in)16 conc_peak=16 pread=8.586s
DBG getmany L77 nw=16 wall=0.757s thr(out)1 thr(in)16 conc_peak=16 pread=11.104s
DBG getmany L78 nw=16 wall=12.167s thr(out)1 thr(in)16 conc_peak=16 pread=182.552s
DBG getmany L79 nw=16 wall=0.739s thr(out)1 thr(in)16 conc_peak=16 pread=10.570s
DBG getmany L80 nw=16 wall=0.724s thr(out)1 thr(in)16 conc_peak=16 pread=8.691s
DBG getmany L81 nw=16 wall=0.785s thr(out)1 thr(in)16 conc_peak=16 pread=11.180s
DBG getmany L82 nw=16 wall=0.524s thr(out)1 thr(in)16 conc_peak=16 pread=6.770s
DBG getmany L83 nw=16 wall=0.769s thr(out)1 thr(in)16 conc_peak=16 pread=8.745s
DBG getmany L84 nw=16 wall=0.731s thr(out)1 thr(in)16 conc_peak=16 pread=10.265s
DBG getmany L85 nw=16 wall=0.731s thr(out)1 thr(in)16 conc_peak=16 pread=10.671s
DBG getmany L86 nw=16 wall=0.539s thr(out)1 thr(in)16 conc_peak=16 pread=7.104s
DBG getmany L87 nw=16 wall=0.741s thr(out)1 thr(in)16 conc_peak=16 pread=10.867s
DBG getmany L88 nw=16 wall=0.745s thr(out)1 thr(in)16 conc_peak=16 pread=10.500s
DBG getmany L89 nw=16 wall=0.762s thr(out)1 thr(in)16 conc_peak=16 pread=10.528s
DBG getmany L90 nw=16 wall=0.513s thr(out)1 thr(in)16 conc_peak=16 pread=7.399s
DBG getmany L91 nw=16 wall=0.520s thr(out)1 thr(in)16 conc_peak=16 pread=7.282s
DBG getmany L92 nw=16 wall=0.244s thr(out)1 thr(in)16 conc_peak=16 pread=2.263s
config: /model/config.json (nested shape) | hidden=7168 layers=93 vocab=163840 | 24 MLA + 69 KDA | experts 896 top16 shared2 | latent=3584
  KV cache : 11.85 MB for 5 positions (2.37 MB/position)
Kimi K3, pure C, released checkpoint
  model    : /model
  prompt   : 1 tokens, generating 3

indexed 497220 tensors from 96 shards in 0.50 s
trunk on disk : 110.00 GB total (STREAMED from /mnt/nvme/trunk_layers_out, not held in RAM)

memory plan
  trunk (STREAMED) 32.00 GB
  embed + lm_head  4.70 GB
  expert cache     15.00 GB
  recurrent state  626.25 MB
  buffers          4.68 MB
  KV cache         11.83 MB
  TOTAL            52.34 GB
  available        57.77 GB

k3_trunk: trunk.bin absent - using per-layer slices (layer_%03d.bin)
trunk stream: 56.60 GB packed, 22/93 layers PINNED (29.30 GB), ring 2 x 1.30 GB
              reads use buffered I/O
              ring holds 2 slots: layers repeat over ~2 tokens, so recent ones are reused instead of re-read
trunk streaming enabled from /mnt/nvme/trunk_layers_out in 0.0 s
embedding, final norm and lm_head: 4.70 GB in 4.8 s

expert L1 eviction policy: heat
expert L2 cache enabled: 14589 slots x 17.55 MB = 256.00 GB on /mnt/nvme/experts.l2
expert L2 exact: nslot=14589 slot_bytes=17547264 l2_slot=17547264 K3_ST_ALIGN=4096
expert L2 eviction policy: heat
peak RSS after loading weights: 4.78 GB  (the plan above is a forecast, this is measured)
expert cache: 854 slots x 17.56 MB = 14.99 GB (1.04% of the 1.45 TB expert pool)

recurrent state for 93 layers: 626.25 MB

incremental decode: KV cache 11.83 MB for 24 MLA layers at 5 positions

STEP   TOKEN      SECONDS      CACHE HIT  READ GB    TOK/S
--------------------------------------------------------------------
0      220        116.11       100.0      25.83      0.009
  L2   resident=6779/14589 slots hit=100.0% read=25.83GB write=0.00GB
DBG getmany L1 nw=16 wall=0.256s thr(out)1 thr(in)16 conc_peak=16 pread=2.496s
DBG getmany L2 nw=16 wall=0.242s thr(out)1 thr(in)16 conc_peak=16 pread=2.276s
DBG getmany L3 nw=16 wall=0.243s thr(out)1 thr(in)16 conc_peak=16 pread=2.352s
DBG getmany L4 nw=16 wall=0.229s thr(out)1 thr(in)16 conc_peak=16 pread=2.069s
DBG getmany L5 nw=16 wall=0.235s thr(out)1 thr(in)16 conc_peak=16 pread=2.287s
DBG getmany L6 nw=16 wall=0.243s thr(out)1 thr(in)16 conc_peak=16 pread=2.315s
DBG getmany L7 nw=16 wall=0.235s thr(out)1 thr(in)16 conc_peak=16 pread=2.208s
DBG getmany L8 nw=16 wall=0.239s thr(out)1 thr(in)16 conc_peak=16 pread=2.245s
DBG getmany L9 nw=16 wall=0.241s thr(out)1 thr(in)16 conc_peak=16 pread=2.278s
DBG getmany L10 nw=16 wall=0.255s thr(out)1 thr(in)16 conc_peak=16 pread=2.445s
DBG getmany L11 nw=16 wall=0.248s thr(out)1 thr(in)16 conc_peak=16 pread=2.318s
DBG getmany L12 nw=16 wall=0.242s thr(out)1 thr(in)16 conc_peak=16 pread=2.234s
DBG getmany L13 nw=16 wall=0.248s thr(out)1 thr(in)16 conc_peak=16 pread=2.324s
DBG getmany L14 nw=16 wall=0.249s thr(out)1 thr(in)16 conc_peak=16 pread=2.248s
DBG getmany L15 nw=16 wall=0.247s thr(out)1 thr(in)16 conc_peak=16 pread=2.287s
DBG getmany L16 nw=16 wall=0.245s thr(out)1 thr(in)16 conc_peak=16 pread=2.263s
DBG getmany L17 nw=16 wall=0.245s thr(out)1 thr(in)16 conc_peak=16 pread=2.459s
DBG getmany L18 nw=16 wall=0.236s thr(out)1 thr(in)16 conc_peak=16 pread=2.278s
DBG getmany L19 nw=16 wall=0.243s thr(out)1 thr(in)16 conc_peak=16 pread=2.181s
DBG getmany L20 nw=16 wall=0.248s thr(out)1 thr(in)16 conc_peak=16 pread=2.306s
DBG getmany L21 nw=16 wall=0.706s thr(out)1 thr(in)16 conc_peak=16 pread=7.851s
DBG getmany L22 nw=16 wall=0.574s thr(out)1 thr(in)16 conc_peak=16 pread=7.009s
DBG getmany L23 nw=16 wall=0.714s thr(out)1 thr(in)16 conc_peak=16 pread=9.760s
DBG getmany L24 nw=16 wall=0.813s thr(out)1 thr(in)16 conc_peak=16 pread=11.990s
DBG getmany L25 nw=16 wall=0.681s thr(out)1 thr(in)16 conc_peak=16 pread=8.064s
DBG getmany L26 nw=16 wall=0.498s thr(out)1 thr(in)16 conc_peak=16 pread=6.410s
DBG getmany L27 nw=16 wall=0.669s thr(out)1 thr(in)16 conc_peak=16 pread=9.408s
DBG getmany L28 nw=16 wall=0.673s thr(out)1 thr(in)16 conc_peak=16 pread=9.979s
DBG getmany L29 nw=16 wall=0.755s thr(out)1 thr(in)16 conc_peak=16 pread=9.059s
DBG getmany L30 nw=16 wall=0.571s thr(out)1 thr(in)16 conc_peak=16 pread=7.987s
DBG getmany L31 nw=16 wall=0.772s thr(out)1 thr(in)16 conc_peak=16 pread=10.948s
DBG getmany L32 nw=16 wall=0.759s thr(out)1 thr(in)16 conc_peak=16 pread=10.080s
DBG getmany L33 nw=16 wall=0.769s thr(out)1 thr(in)16 conc_peak=16 pread=9.669s
DBG getmany L34 nw=16 wall=0.506s thr(out)1 thr(in)16 conc_peak=16 pread=6.039s
DBG getmany L35 nw=16 wall=0.776s thr(out)1 thr(in)16 conc_peak=16 pread=11.689s
DBG getmany L36 nw=16 wall=0.689s thr(out)1 thr(in)16 conc_peak=16 pread=9.872s
DBG getmany L37 nw=16 wall=7.713s thr(out)1 thr(in)16 conc_peak=16 pread=87.140s
DBG getmany L38 nw=16 wall=4.563s thr(out)1 thr(in)16 conc_peak=16 pread=71.025s
DBG getmany L39 nw=16 wall=0.710s thr(out)1 thr(in)16 conc_peak=16 pread=10.148s
DBG getmany L40 nw=16 wall=0.621s thr(out)1 thr(in)16 conc_peak=16 pread=6.313s
DBG getmany L41 nw=16 wall=0.635s thr(out)1 thr(in)16 conc_peak=16 pread=8.923s
DBG getmany L42 nw=16 wall=0.522s thr(out)1 thr(in)16 conc_peak=16 pread=7.696s
DBG getmany L43 nw=16 wall=0.764s thr(out)1 thr(in)16 conc_peak=16 pread=8.994s
DBG getmany L44 nw=16 wall=0.732s thr(out)1 thr(in)16 conc_peak=16 pread=9.701s
DBG getmany L45 nw=16 wall=0.788s thr(out)1 thr(in)16 conc_peak=16 pread=11.449s
DBG getmany L46 nw=16 wall=0.574s thr(out)1 thr(in)16 conc_peak=16 pread=7.491s
DBG getmany L47 nw=16 wall=0.681s thr(out)1 thr(in)16 conc_peak=16 pread=9.015s
DBG getmany L48 nw=16 wall=0.684s thr(out)1 thr(in)16 conc_peak=16 pread=10.113s
DBG getmany L49 nw=16 wall=0.610s thr(out)1 thr(in)16 conc_peak=16 pread=8.002s
DBG getmany L50 nw=16 wall=0.540s thr(out)1 thr(in)16 conc_peak=16 pread=6.882s
DBG getmany L51 nw=16 wall=0.677s thr(out)1 thr(in)16 conc_peak=16 pread=8.574s
DBG getmany L52 nw=16 wall=0.670s thr(out)1 thr(in)16 conc_peak=16 pread=8.680s
DBG getmany L53 nw=16 wall=0.735s thr(out)1 thr(in)16 conc_peak=16 pread=9.323s
DBG getmany L54 nw=16 wall=0.524s thr(out)1 thr(in)16 conc_peak=16 pread=7.308s
DBG getmany L55 nw=16 wall=0.698s thr(out)1 thr(in)16 conc_peak=16 pread=7.964s
DBG getmany L56 nw=16 wall=0.726s thr(out)1 thr(in)16 conc_peak=16 pread=10.903s
DBG getmany L57 nw=16 wall=0.717s thr(out)1 thr(in)16 conc_peak=16 pread=7.411s
DBG getmany L58 nw=16 wall=0.506s thr(out)1 thr(in)16 conc_peak=16 pread=6.850s
DBG getmany L59 nw=16 wall=0.733s thr(out)1 thr(in)16 conc_peak=16 pread=9.276s
DBG getmany L60 nw=16 wall=0.571s thr(out)1 thr(in)16 conc_peak=16 pread=6.968s
DBG getmany L61 nw=16 wall=0.719s thr(out)1 thr(in)16 conc_peak=16 pread=9.297s
DBG getmany L62 nw=16 wall=0.485s thr(out)1 thr(in)16 conc_peak=16 pread=5.864s
DBG getmany L63 nw=16 wall=0.673s thr(out)1 thr(in)16 conc_peak=16 pread=9.776s
DBG getmany L64 nw=16 wall=0.731s thr(out)1 thr(in)16 conc_peak=16 pread=8.172s
DBG getmany L65 nw=16 wall=0.717s thr(out)1 thr(in)16 conc_peak=16 pread=10.753s
DBG getmany L66 nw=16 wall=0.504s thr(out)1 thr(in)16 conc_peak=16 pread=6.970s
DBG getmany L67 nw=16 wall=0.666s thr(out)1 thr(in)16 conc_peak=16 pread=9.070s
DBG getmany L68 nw=16 wall=0.714s thr(out)1 thr(in)16 conc_peak=16 pread=9.350s
DBG getmany L69 nw=16 wall=0.714s thr(out)1 thr(in)16 conc_peak=16 pread=10.180s
DBG getmany L70 nw=16 wall=0.493s thr(out)1 thr(in)16 conc_peak=16 pread=6.982s
DBG getmany L71 nw=16 wall=0.797s thr(out)1 thr(in)16 conc_peak=16 pread=11.874s
DBG getmany L72 nw=16 wall=0.734s thr(out)1 thr(in)16 conc_peak=16 pread=9.446s
DBG getmany L73 nw=16 wall=0.710s thr(out)1 thr(in)16 conc_peak=16 pread=9.918s
DBG getmany L74 nw=16 wall=0.537s thr(out)1 thr(in)16 conc_peak=16 pread=7.823s
DBG getmany L75 nw=16 wall=0.693s thr(out)1 thr(in)16 conc_peak=16 pread=9.851s
DBG getmany L76 nw=16 wall=0.696s thr(out)1 thr(in)16 conc_peak=16 pread=8.815s
DBG getmany L77 nw=16 wall=0.747s thr(out)1 thr(in)16 conc_peak=16 pread=10.812s
DBG getmany L78 nw=16 wall=0.506s thr(out)1 thr(in)16 conc_peak=16 pread=5.747s
DBG getmany L79 nw=16 wall=0.761s thr(out)1 thr(in)16 conc_peak=16 pread=9.957s
DBG getmany L80 nw=16 wall=0.437s thr(out)1 thr(in)16 conc_peak=16 pread=5.687s
DBG getmany L81 nw=16 wall=0.741s thr(out)1 thr(in)16 conc_peak=16 pread=9.899s
DBG getmany L82 nw=16 wall=0.512s thr(out)1 thr(in)16 conc_peak=16 pread=6.600s
DBG getmany L83 nw=16 wall=0.694s thr(out)1 thr(in)16 conc_peak=16 pread=9.398s
DBG getmany L84 nw=16 wall=0.712s thr(out)1 thr(in)16 conc_peak=16 pread=8.231s
DBG getmany L85 nw=16 wall=0.695s thr(out)1 thr(in)16 conc_peak=16 pread=8.726s
DBG getmany L86 nw=16 wall=0.485s thr(out)1 thr(in)16 conc_peak=16 pread=6.862s
DBG getmany L87 nw=16 wall=0.682s thr(out)1 thr(in)16 conc_peak=16 pread=9.983s
DBG getmany L88 nw=16 wall=0.730s thr(out)1 thr(in)16 conc_peak=16 pread=7.602s
DBG getmany L89 nw=16 wall=0.748s thr(out)1 thr(in)16 conc_peak=16 pread=10.473s
DBG getmany L90 nw=16 wall=0.545s thr(out)1 thr(in)16 conc_peak=16 pread=7.055s
DBG getmany L91 nw=16 wall=0.526s thr(out)1 thr(in)16 conc_peak=16 pread=6.694s
DBG getmany L92 nw=16 wall=0.252s thr(out)1 thr(in)16 conc_peak=16 pread=2.474s
1      802        87.12        100.0      25.83      0.011
  L2   resident=6779/14589 slots hit=100.0% read=51.66GB write=0.00GB
DBG getmany L1 nw=16 wall=0.257s thr(out)1 thr(in)16 conc_peak=16 pread=2.442s
DBG getmany L2 nw=15 wall=0.241s thr(out)1 thr(in)16 conc_peak=15 pread=2.207s
DBG getmany L3 nw=13 wall=0.205s thr(out)1 thr(in)16 conc_peak=13 pread=1.507s
DBG getmany L4 nw=15 wall=0.239s thr(out)1 thr(in)16 conc_peak=15 pread=2.222s
DBG getmany L5 nw=16 wall=0.267s thr(out)1 thr(in)16 conc_peak=16 pread=2.284s
DBG getmany L6 nw=15 wall=0.245s thr(out)1 thr(in)16 conc_peak=15 pread=2.253s
DBG getmany L7 nw=15 wall=0.223s thr(out)1 thr(in)16 conc_peak=15 pread=2.000s
DBG getmany L8 nw=16 wall=0.232s thr(out)1 thr(in)16 conc_peak=16 pread=2.150s
DBG getmany L9 nw=15 wall=0.226s thr(out)1 thr(in)16 conc_peak=15 pread=2.171s
DBG getmany L10 nw=15 wall=0.224s thr(out)1 thr(in)16 conc_peak=15 pread=2.066s
DBG getmany L11 nw=15 wall=0.225s thr(out)1 thr(in)16 conc_peak=15 pread=2.029s
DBG getmany L12 nw=15 wall=0.228s thr(out)1 thr(in)16 conc_peak=15 pread=2.096s
DBG getmany L13 nw=16 wall=0.254s thr(out)1 thr(in)16 conc_peak=16 pread=2.477s
DBG getmany L14 nw=15 wall=0.234s thr(out)1 thr(in)16 conc_peak=15 pread=2.281s
DBG getmany L15 nw=16 wall=0.246s thr(out)1 thr(in)16 conc_peak=16 pread=2.372s
DBG getmany L16 nw=15 wall=0.232s thr(out)1 thr(in)16 conc_peak=15 pread=2.089s
DBG getmany L17 nw=16 wall=0.248s thr(out)1 thr(in)16 conc_peak=16 pread=2.329s
DBG getmany L18 nw=16 wall=0.245s thr(out)1 thr(in)16 conc_peak=16 pread=2.194s
DBG getmany L19 nw=16 wall=0.251s thr(out)1 thr(in)16 conc_peak=16 pread=2.346s
DBG getmany L20 nw=16 wall=0.246s thr(out)1 thr(in)16 conc_peak=16 pread=2.252s
DBG getmany L21 nw=16 wall=0.557s thr(out)1 thr(in)16 conc_peak=16 pread=7.875s
DBG getmany L22 nw=16 wall=0.465s thr(out)1 thr(in)16 conc_peak=16 pread=5.928s
DBG getmany L23 nw=15 wall=0.644s thr(out)1 thr(in)16 conc_peak=15 pread=7.502s
DBG getmany L24 nw=13 wall=0.681s thr(out)1 thr(in)16 conc_peak=13 pread=6.519s
DBG getmany L25 nw=15 wall=0.704s thr(out)1 thr(in)16 conc_peak=15 pread=7.705s
DBG getmany L26 nw=15 wall=0.481s thr(out)1 thr(in)16 conc_peak=15 pread=6.315s
DBG getmany L27 nw=16 wall=0.692s thr(out)1 thr(in)16 conc_peak=16 pread=9.802s
DBG getmany L28 nw=15 wall=0.671s thr(out)1 thr(in)16 conc_peak=15 pread=8.922s
DBG getmany L29 nw=16 wall=0.699s thr(out)1 thr(in)16 conc_peak=16 pread=9.146s
DBG getmany L30 nw=16 wall=0.506s thr(out)1 thr(in)16 conc_peak=16 pread=5.511s
DBG getmany L31 nw=16 wall=0.712s thr(out)1 thr(in)16 conc_peak=16 pread=10.469s
DBG getmany L32 nw=14 wall=0.719s thr(out)1 thr(in)16 conc_peak=14 pread=6.836s
DBG getmany L33 nw=15 wall=0.752s thr(out)1 thr(in)16 conc_peak=15 pread=10.320s
DBG getmany L34 nw=16 wall=0.564s thr(out)1 thr(in)16 conc_peak=16 pread=7.892s
DBG getmany L35 nw=16 wall=0.738s thr(out)1 thr(in)16 conc_peak=16 pread=9.809s
DBG getmany L36 nw=14 wall=0.702s thr(out)1 thr(in)16 conc_peak=14 pread=8.633s
DBG getmany L37 nw=16 wall=0.699s thr(out)1 thr(in)16 conc_peak=16 pread=7.615s
DBG getmany L38 nw=16 wall=0.466s thr(out)1 thr(in)16 conc_peak=16 pread=6.146s
DBG getmany L39 nw=16 wall=0.695s thr(out)1 thr(in)16 conc_peak=16 pread=10.413s
DBG getmany L40 nw=16 wall=0.695s thr(out)1 thr(in)16 conc_peak=16 pread=9.984s
DBG getmany L41 nw=16 wall=0.641s thr(out)1 thr(in)16 conc_peak=16 pread=9.512s
DBG getmany L42 nw=16 wall=0.490s thr(out)1 thr(in)16 conc_peak=16 pread=6.833s
DBG getmany L43 nw=16 wall=0.741s thr(out)1 thr(in)16 conc_peak=16 pread=11.070s
DBG getmany L44 nw=16 wall=0.661s thr(out)1 thr(in)16 conc_peak=16 pread=9.049s
DBG getmany L45 nw=16 wall=0.734s thr(out)1 thr(in)16 conc_peak=16 pread=11.029s
DBG getmany L46 nw=15 wall=0.523s thr(out)1 thr(in)16 conc_peak=15 pread=6.367s
DBG getmany L47 nw=15 wall=0.670s thr(out)1 thr(in)16 conc_peak=15 pread=8.831s
DBG getmany L48 nw=15 wall=0.672s thr(out)1 thr(in)16 conc_peak=15 pread=8.787s
DBG getmany L49 nw=15 wall=0.725s thr(out)1 thr(in)16 conc_peak=15 pread=10.245s
DBG getmany L50 nw=16 wall=0.470s thr(out)1 thr(in)16 conc_peak=16 pread=5.064s
DBG getmany L51 nw=16 wall=0.693s thr(out)1 thr(in)16 conc_peak=16 pread=10.127s
DBG getmany L52 nw=16 wall=0.652s thr(out)1 thr(in)16 conc_peak=16 pread=8.869s
DBG getmany L53 nw=15 wall=0.661s thr(out)1 thr(in)16 conc_peak=15 pread=8.270s
DBG getmany L54 nw=16 wall=0.540s thr(out)1 thr(in)16 conc_peak=16 pread=6.899s
DBG getmany L55 nw=16 wall=0.682s thr(out)1 thr(in)16 conc_peak=16 pread=8.897s
DBG getmany L56 nw=16 wall=0.712s thr(out)1 thr(in)16 conc_peak=16 pread=9.558s
DBG getmany L57 nw=16 wall=0.715s thr(out)1 thr(in)16 conc_peak=16 pread=8.130s
DBG getmany L58 nw=16 wall=0.529s thr(out)1 thr(in)16 conc_peak=16 pread=7.425s
DBG getmany L59 nw=16 wall=0.723s thr(out)1 thr(in)16 conc_peak=16 pread=9.419s
DBG getmany L60 nw=16 wall=0.673s thr(out)1 thr(in)16 conc_peak=16 pread=9.811s
DBG getmany L61 nw=16 wall=0.667s thr(out)1 thr(in)16 conc_peak=16 pread=7.817s
DBG getmany L62 nw=16 wall=0.518s thr(out)1 thr(in)16 conc_peak=16 pread=6.870s
DBG getmany L63 nw=16 wall=0.725s thr(out)1 thr(in)16 conc_peak=16 pread=10.457s
DBG getmany L64 nw=16 wall=0.715s thr(out)1 thr(in)16 conc_peak=16 pread=8.793s
DBG getmany L65 nw=16 wall=0.701s thr(out)1 thr(in)16 conc_peak=16 pread=9.392s
DBG getmany L66 nw=16 wall=0.497s thr(out)1 thr(in)16 conc_peak=16 pread=6.683s
DBG getmany L67 nw=16 wall=0.721s thr(out)1 thr(in)16 conc_peak=16 pread=10.141s
DBG getmany L68 nw=16 wall=0.692s thr(out)1 thr(in)16 conc_peak=16 pread=9.244s
DBG getmany L69 nw=16 wall=0.710s thr(out)1 thr(in)16 conc_peak=16 pread=10.209s
DBG getmany L70 nw=16 wall=0.514s thr(out)1 thr(in)16 conc_peak=16 pread=6.607s
DBG getmany L71 nw=16 wall=0.806s thr(out)1 thr(in)16 conc_peak=16 pread=11.067s
DBG getmany L72 nw=16 wall=0.652s thr(out)1 thr(in)16 conc_peak=16 pread=8.100s
DBG getmany L73 nw=16 wall=0.665s thr(out)1 thr(in)16 conc_peak=16 pread=7.460s
DBG getmany L74 nw=16 wall=0.464s thr(out)1 thr(in)16 conc_peak=16 pread=6.030s
DBG getmany L75 nw=16 wall=0.705s thr(out)1 thr(in)16 conc_peak=16 pread=8.127s
DBG getmany L76 nw=16 wall=0.639s thr(out)1 thr(in)16 conc_peak=16 pread=6.712s
DBG getmany L77 nw=16 wall=0.728s thr(out)1 thr(in)16 conc_peak=16 pread=8.803s
DBG getmany L78 nw=16 wall=0.515s thr(out)1 thr(in)16 conc_peak=16 pread=7.340s
DBG getmany L79 nw=16 wall=0.664s thr(out)1 thr(in)16 conc_peak=16 pread=9.819s
DBG getmany L80 nw=16 wall=0.687s thr(out)1 thr(in)16 conc_peak=16 pread=10.007s
DBG getmany L81 nw=15 wall=0.689s thr(out)1 thr(in)16 conc_peak=15 pread=7.962s
DBG getmany L82 nw=16 wall=0.446s thr(out)1 thr(in)16 conc_peak=16 pread=5.697s
DBG getmany L83 nw=13 wall=0.651s thr(out)1 thr(in)16 conc_peak=13 pread=5.988s
DBG getmany L84 nw=13 wall=0.589s thr(out)1 thr(in)16 conc_peak=13 pread=6.357s
DBG getmany L85 nw=14 wall=0.639s thr(out)1 thr(in)16 conc_peak=14 pread=8.202s
DBG getmany L86 nw=16 wall=0.490s thr(out)1 thr(in)16 conc_peak=16 pread=6.072s
DBG getmany L87 nw=13 wall=0.658s thr(out)1 thr(in)16 conc_peak=13 pread=7.556s
DBG getmany L88 nw=15 wall=0.639s thr(out)1 thr(in)16 conc_peak=15 pread=8.760s
DBG getmany L89 nw=13 wall=0.580s thr(out)1 thr(in)16 conc_peak=13 pread=5.699s
DBG getmany L90 nw=12 wall=0.394s thr(out)1 thr(in)16 conc_peak=12 pread=3.851s
DBG getmany L91 nw=13 wall=0.473s thr(out)1 thr(in)16 conc_peak=13 pread=4.242s
DBG getmany L92 nw=13 wall=0.203s thr(out)1 thr(in)16 conc_peak=13 pread=1.552s
2      24         75.73        100.0      24.85      0.013
  L2   resident=6779/14589 slots hit=100.0% read=76.51GB write=0.00GB
--------------------------------------------------------------------
3 tokens in 279.0 s, 92.99 s/token average
PEAK RSS for the whole run: 37.16 GB   <- quote this, not the plan
layers completed: 93/93; routed expert drops: 0


[chip] simulated MXFP4 GEMV bill over 4 tokens
  4416 expert chains | 291722231808 flops | 77488717824 bytes (77.49 GB)
  per token: 1104 chains | 19.37 GB | 0.07 Gflops
  compute wall @ 4 TFLOPS : 0.07 s (18.23 ms/token)
  bandwidth wall @ 200 GB/s : 0.39 s (96.86 ms/token)
  -> bandwidth-bound; to be compute-bound at 4 TFLOPS this needs 1062 GB/s
  expert fetch (host wall, measured): 188.32 s moving 77.49 GB = 0 GB/s
  chip pool wall (measured): 27.26 s

cache [final step]
  slots        : 854 of 17.56 MB = 14.99 GB arena (854 resident, 0 pinned)
  requests     : 1472  hits 1472 (100.00%)  misses 0  evictions 1416
  of those hits : 1416 came from the batch prefetch, i.e. read from disk
                  this token; TRUE resident hit rate 3.80%
  read from disk: 24.85 GB in 49.95 s (497 MB/s while loading)
  phase2 i/o    : 24.86 GB in 49.95 s (498 MB/s)  [pure parallel disk read]
l2cache [final step]
  requests     : 4359  hits 4359 (100.00%)  misses 0
  read  from sdd7: 76.51 GB, written 0.00 GB
  fd split  : 3543 O_DIRECT, 0 BUFFERED (0.00% buffered)
  hit I/O   : 76.51 GB in 186.79 s (wall) = 410 MB/s [pread 2351.45 s, 33 MB/s per-thread]
  miss I/O  : 0 misses, 0.00 GB from /model in 0.00 s (wall) = 0 MB/s
  restored from meta: 6779 slots
kio tier0: 4595 reqs, 216.66 GB delivered | per-stream 87 MB/s, aggregate 777 MB/s, concurrency 8.9x | queue 84.9 s (3.4% of io), submit-lock 4.1 s, worker-lock 0.1 s, sleep 2068.7 s in 8332 waits (46% of worker-time)
      group0: 235 reqs, 140.16 GB | per-stream 668 MB/s | queue 0.1 s (0.1%)
      group1: 4360 reqs, 76.51 GB | per-stream 34 MB/s | queue 84.8 s (3.7%)

wrote reports/gateab_ab/v62_policy/heat15_r2/ctrl.json
I/O share of wall clock: 142.3%  (trunk 210.1 s + experts 186.8 s of 279.0 s)
  both figures are WHOLE-RUN totals over 3 steps
  expert phase split: phase1 SERIAL reserve 0.1 s (552 calls) vs phase2 read 186.8 s
  over 100% because trunk reads overlap compute on the reader thread;
  117.9 s of device time was hidden behind arithmetic
  experts, whole run: 76.51 GB read | 910 of 4416 requests retained in RAM (20.61%) | 3506 evictions
    (retention = requests - evictions; the raw `hits` counter includes
     experts the prefetcher had just read from disk, so it is not a
     measure of avoided I/O)

trunk [final]
  pinned 22/93 layers, ring 2 slots
  binds 279, hits 44 (15.8%), reads 235
  read 140.16 GB in 210.11 s (667 MB/s pread)
  per-layer loads [L]=count: 0=1 1=1 2=1 3=1 4=1 5=1 6=1 7=1 8=1 9=1 10=1 11=1 12=1 13=1 14=1 15=1 16=1 17=1 18=1 19=1 20=1 21=1 22=3 23=3 24=3 25=3 26=3 27=3 28=3 29=3 30=3 31=3 32=3 33=3 34=3 35=3 36=3 37=3 38=3 39=3 40=3 41=3 42=3 43=3 44=3 45=3 46=3 47=3 48=3 49=3 50=3 51=3 52=3 53=3 54=3 55=3 56=3 57=3 58=3 59=3 60=3 61=3 62=3 63=3 64=3 65=3 66=3 67=3 68=3 69=3 70=3 71=3 72=3 73=3 74=3 75=3 76=3 77=3 78=3 79=3 80=3 81=3 82=3 83=3 84=3 85=3 86=3 87=3 88=3 89=3 90=3 91=3 92=3
  bind wall 20.41 s over 279 binds; read 210.11 + widen 1.84 = 211.95 s of device work,
                    of which 191.53 s (90%) overlapped compute on the reader thread
  widen breakdown: find 6 ms (7365)  copy 0 ms (3444)  deq 1822 ms (2370)  timed 2 s of widen 1.84 s
