k3 chip: 4 workers, 4 TFLOPS, 200 GB/s simulated wall
[TOK] 163584 ranks (max id 163583) + 16 added tokens | kimi=1 rankbpe=1
DBG getmany L1 nw=16 wall=0.232s thr(out)1 thr(in)16 conc_peak=16 pread=2.583s
DBG getmany L2 nw=16 wall=0.234s thr(out)1 thr(in)16 conc_peak=16 pread=2.692s
DBG getmany L3 nw=16 wall=0.228s thr(out)1 thr(in)16 conc_peak=16 pread=2.501s
DBG getmany L1 nw=15 wall=0.323s thr(out)1 thr(in)16 conc_peak=15 pread=3.811s
DBG getmany L2 nw=16 wall=0.212s thr(out)1 thr(in)16 conc_peak=16 pread=2.421s
DBG getmany L3 nw=12 wall=0.162s thr(out)1 thr(in)16 conc_peak=12 pread=1.357s
DBG getmany L1 nw=12 wall=0.214s thr(out)1 thr(in)16 conc_peak=12 pread=1.869s
DBG getmany L2 nw=12 wall=0.199s thr(out)1 thr(in)16 conc_peak=12 pread=1.775s
DBG getmany L3 nw=12 wall=0.162s thr(out)1 thr(in)16 conc_peak=12 pread=1.368s
DBG getmany L4 nw=16 wall=1.722s thr(out)1 thr(in)16 conc_peak=16 pread=2.532s
DBG getmany L5 nw=16 wall=5.591s thr(out)1 thr(in)16 conc_peak=16 pread=11.338s
DBG getmany L6 nw=16 wall=4.043s thr(out)1 thr(in)16 conc_peak=16 pread=26.195s
DBG getmany L7 nw=16 wall=4.769s thr(out)1 thr(in)16 conc_peak=16 pread=17.416s
DBG getmany L4 nw=13 wall=5.647s thr(out)1 thr(in)16 conc_peak=13 pread=8.060s
DBG getmany L5 nw=14 wall=6.702s thr(out)1 thr(in)16 conc_peak=14 pread=2.864s
DBG getmany L6 nw=14 wall=4.402s thr(out)1 thr(in)16 conc_peak=14 pread=7.362s
DBG getmany L7 nw=12 wall=4.664s thr(out)1 thr(in)16 conc_peak=12 pread=26.928s
DBG getmany L4 nw=7 wall=6.626s thr(out)1 thr(in)16 conc_peak=7 pread=2.955s
DBG getmany L5 nw=11 wall=5.831s thr(out)1 thr(in)16 conc_peak=11 pread=10.449s
DBG getmany L6 nw=7 wall=4.148s thr(out)1 thr(in)16 conc_peak=7 pread=0.674s
DBG getmany L7 nw=9 wall=9.358s thr(out)1 thr(in)16 conc_peak=9 pread=2.188s
DBG getmany L8 nw=16 wall=13.864s thr(out)1 thr(in)16 conc_peak=16 pread=3.589s
DBG getmany L9 nw=1 wall=0.971s thr(out)1 thr(in)16 conc_peak=1 pread=0.000s
DBG getmany L10 nw=1 wall=0.891s thr(out)1 thr(in)16 conc_peak=1 pread=0.000s
DBG getmany L11 nw=1 wall=0.869s thr(out)1 thr(in)16 conc_peak=1 pread=0.000s
DBG getmany L8 nw=14 wall=6.935s thr(out)1 thr(in)16 conc_peak=14 pread=0.920s
DBG getmany L8 nw=9 wall=4.990s thr(out)1 thr(in)16 conc_peak=9 pread=0.791s
config: /model/config.json (nested shape) | hidden=7168 layers=93 vocab=163840 | 24 MLA + 69 KDA | experts 896 top16 shared2 | latent=3584
NOTE: binding only the first 12 of 93 layers. Output is NOT the full model; it is a partial stack for testing the machinery.

  tokenized: 15 bytes -> 3 ids
  KV cache : 18.96 MB for 8 positions (2.37 MB/position)
Kimi K3, pure C, released checkpoint
  model    : /model
  prompt   : 3 tokens, generating 4

indexed 497220 tensors from 96 shards in 5.66 s
trunk on disk : 15.16 GB total (STREAMED from /mnt/nvme/trunk_layers_out, not held in RAM)

memory plan
  trunk (STREAMED) 12.00 GB
  embed + lm_head  4.70 GB
  expert cache     8.00 GB
  recurrent state  80.81 MB
  buffers          6.68 MB
  KV cache         18.92 MB
  TOTAL            24.80 GB
  available        28.52 GB

k3_trunk: trunk.bin absent - using per-layer slices (layer_%03d.bin)
trunk stream: 56.60 GB packed, 6/93 layers PINNED (9.30 GB), ring 2 x 1.30 GB
              reads use buffered I/O
              ring holds 2 slots: layers repeat over ~2 tokens, so recent ones are reused instead of re-read
trunk streaming enabled from /mnt/nvme/trunk_layers_out in 0.0 s
embedding, final norm and lm_head: 4.70 GB in 86.1 s

expert L2 cache enabled: 11397 slots x 17.55 MB = 199.99 GB on /mnt/nvme/experts.l2
expert L2 eviction policy: heat
peak RSS after loading weights: 4.80 GB  (the plan above is a forecast, this is measured)
expert cache: 455 slots x 17.56 MB = 7.99 GB (0.55% of the 1.45 TB expert pool)

recurrent state for 12 layers: 80.81 MB

incremental decode: KV cache 2.37 MB for 3 MLA layers at 8 positions

STEP   TOKEN      SECONDS      CACHE HIT  READ GB    TOK/S
--------------------------------------------------------------------
0      0          143.90       100.0      5.62       0.007
  L2   resident=6298/11397 slots hit=68.9% read=3.68GB write=1.93GB
DBG getmany L1 nw=11 wall=7.091s thr(out)1 thr(in)16 conc_peak=11 pread=17.612s
DBG getmany L2 nw=15 wall=5.003s thr(out)1 thr(in)16 conc_peak=15 pread=18.218s
DBG getmany L3 nw=11 wall=7.830s thr(out)1 thr(in)16 conc_peak=11 pread=29.664s
DBG getmany L1 nw=5 wall=3.938s thr(out)1 thr(in)16 conc_peak=4 pread=0.000s
DBG getmany L2 nw=6 wall=1.957s thr(out)1 thr(in)16 conc_peak=6 pread=1.473s
DBG getmany L3 nw=4 wall=2.368s thr(out)1 thr(in)16 conc_peak=4 pread=0.545s
DBG getmany L1 nw=2 wall=4.600s thr(out)1 thr(in)16 conc_peak=2 pread=0.000s
DBG getmany L2 nw=3 wall=0.903s thr(out)1 thr(in)16 conc_peak=3 pread=0.905s
DBG getmany L3 nw=4 wall=1.560s thr(out)1 thr(in)16 conc_peak=4 pread=1.012s
DBG getmany L1 nw=2 wall=0.997s thr(out)1 thr(in)16 conc_peak=2 pread=0.435s
DBG getmany L3 nw=3 wall=2.329s thr(out)1 thr(in)16 conc_peak=3 pread=0.000s
DBG getmany L4 nw=9 wall=2.535s thr(out)1 thr(in)16 conc_peak=9 pread=6.847s
DBG getmany L5 nw=10 wall=1.690s thr(out)1 thr(in)16 conc_peak=10 pread=1.420s
DBG getmany L6 nw=13 wall=5.144s thr(out)1 thr(in)16 conc_peak=13 pread=0.813s
DBG getmany L7 nw=10 wall=2.339s thr(out)1 thr(in)16 conc_peak=10 pread=1.325s
DBG getmany L4 nw=3 wall=0.923s thr(out)1 thr(in)16 conc_peak=3 pread=0.162s
DBG getmany L5 nw=7 wall=2.067s thr(out)1 thr(in)16 conc_peak=7 pread=1.507s
DBG getmany L6 nw=12 wall=2.831s thr(out)1 thr(in)16 conc_peak=12 pread=1.182s
DBG getmany L7 nw=5 wall=0.898s thr(out)1 thr(in)16 conc_peak=5 pread=0.599s
DBG getmany L4 nw=5 wall=2.920s thr(out)1 thr(in)16 conc_peak=5 pread=1.520s
DBG getmany L5 nw=3 wall=3.080s thr(out)1 thr(in)16 conc_peak=2 pread=4.493s
DBG getmany L6 nw=4 wall=1.517s thr(out)1 thr(in)16 conc_peak=3 pread=2.164s
DBG getmany L7 nw=2 wall=0.567s thr(out)1 thr(in)16 conc_peak=2 pread=1.099s
DBG getmany L4 nw=4 wall=2.347s thr(out)1 thr(in)16 conc_peak=4 pread=0.000s
DBG getmany L6 nw=4 wall=2.048s thr(out)1 thr(in)16 conc_peak=4 pread=1.054s
DBG getmany L7 nw=1 wall=0.973s thr(out)1 thr(in)16 conc_peak=1 pread=0.000s
DBG getmany L8 nw=11 wall=5.556s thr(out)1 thr(in)16 conc_peak=11 pread=0.571s
DBG getmany L8 nw=7 wall=4.219s thr(out)1 thr(in)16 conc_peak=7 pread=1.166s
DBG getmany L8 nw=4 wall=3.127s thr(out)1 thr(in)16 conc_peak=4 pread=0.508s
DBG getmany L8 nw=3 wall=2.373s thr(out)1 thr(in)16 conc_peak=3 pread=0.000s
1      0          117.84       100.0      3.21       0.008
  L2   resident=6298/11397 slots hit=59.0% read=4.84GB write=3.98GB
--------------------------------------------------------------------
4 tokens in 261.7 s, 65.44 s/token average

--- generated text ---
!!!!
----------------------

PEAK RSS for the whole run: 19.71 GB   <- quote this, not the plan
layers completed: 12/12; routed expert drops: 0


[chip] simulated MXFP4 GEMV bill over 7 tokens
  1232 expert chains | 81386274816 flops | 21618229248 bytes (21.62 GB)
  per token: 176 chains | 3.09 GB | 0.01 Gflops
  compute wall @ 4 TFLOPS : 0.02 s (2.91 ms/token)
  bandwidth wall @ 200 GB/s : 0.11 s (15.44 ms/token)
  -> bandwidth-bound; to be compute-bound at 4 TFLOPS this needs 1062 GB/s
  expert fetch (host wall, measured): 180.15 s moving 21.62 GB = 0 GB/s
  chip pool wall (measured): 9.92 s

cache [final step]
  slots        : 455 of 17.56 MB = 7.99 GB arena (455 resident, 0 pinned)
  requests     : 704  hits 704 (100.00%)  misses 0  evictions 48
  of those hits : 183 came from the batch prefetch, i.e. read from disk
                  this token; TRUE resident hit rate 74.01%
  read from disk: 3.21 GB in 85.73 s (37 MB/s while loading)
  phase2 i/o    : 3.21 GB in 85.73 s (37 MB/s)  [pure parallel disk read]
l2cache [final step]
  requests     : 468  hits 276 (58.97%)  misses 192
  read  from sdd7: 4.84 GB, written 3.98 GB
  hit I/O   : 4.84 GB in 36.51 s (wall) = 133 MB/s [pread 240.93 s, 20 MB/s per-thread]
  miss I/O  : 192 misses, 3.37 GB from /model in 143.21 s (wall) = 24 MB/s
  restored from meta: 6298 slots

wrote reports/loop_pin_164953/b0.json
I/O share of wall clock: 83.7%  (trunk 39.4 s + experts 179.7 s of 261.7 s)
  both figures are WHOLE-RUN totals over 4 steps
  experts, whole run: 8.83 GB read | 1184 of 1232 requests retained in RAM (96.10%) | 48 evictions
    (retention = requests - evictions; the raw `hits` counter includes
     experts the prefetcher had just read from disk, so it is not a
     measure of avoided I/O)

trunk [final]
  pinned 6/93 layers, ring 2 slots
  binds 24, hits 6 (25.0%), reads 18
  read 12.25 GB in 39.38 s (311 MB/s pread) + 0.00 s parked on the expert gate
  per-layer loads [L]=count: 0=1 1=1 2=1 3=1 4=1 5=1 6=2 7=2 8=2 9=2 10=2 11=2 12=0 13=0 14=0 15=0 16=0 17=0 18=0 19=0 20=0 21=0 22=0 23=0 24=0 25=0 26=0 27=0 28=0 29=0 30=0 31=0 32=0 33=0 34=0 35=0 36=0 37=0 38=0 39=0 40=0 41=0 42=0 43=0 44=0 45=0 46=0 47=0 48=0 49=0 50=0 51=0 52=0 53=0 54=0 55=0 56=0 57=0 58=0 59=0 60=0 61=0 62=0 63=0 64=0 65=0 66=0 67=0 68=0 69=0 70=0 71=0 72=0 73=0 74=0 75=0 76=0 77=0 78=0 79=0 80=0 81=0 82=0 83=0 84=0 85=0 86=0 87=0 88=0 89=0 90=0 91=0 92=0
  bind wall 45.85 s over 24 binds  =  read 39.38 + widen 6.47 + other 0.00
                    shares:      read 86%  widen 14%  other 0%
  widen breakdown: find 20 ms (626)  copy 0 ms (274)  deq 6450 ms (200)  timed 6 s of widen 6.47 s
