k3 chip: 4 workers, 4 TFLOPS, 200 GB/s simulated wall
[TOK] 163584 ranks (max id 163583) + 16 added tokens | kimi=1 rankbpe=1
DBG getmany L1 nw=16 wall=0.911s thr(out)1 thr(in)16 conc_peak=16 pread=11.402s
DBG getmany L2 nw=16 wall=0.910s thr(out)1 thr(in)16 conc_peak=16 pread=13.337s
DBG getmany L3 nw=16 wall=0.886s thr(out)1 thr(in)16 conc_peak=16 pread=12.849s
DBG getmany L1 nw=15 wall=1.121s thr(out)1 thr(in)16 conc_peak=15 pread=12.150s
DBG getmany L2 nw=15 wall=1.132s thr(out)1 thr(in)16 conc_peak=15 pread=9.342s
DBG getmany L3 nw=13 wall=0.736s thr(out)1 thr(in)16 conc_peak=13 pread=1.099s
DBG getmany L1 nw=12 wall=0.865s thr(out)1 thr(in)16 conc_peak=12 pread=0.595s
DBG getmany L2 nw=12 wall=0.678s thr(out)1 thr(in)16 conc_peak=12 pread=0.798s
DBG getmany L3 nw=12 wall=0.169s thr(out)1 thr(in)16 conc_peak=12 pread=1.373s
DBG getmany L4 nw=16 wall=1.928s thr(out)1 thr(in)16 conc_peak=16 pread=25.202s
DBG getmany L5 nw=16 wall=7.914s thr(out)1 thr(in)16 conc_peak=16 pread=110.780s
DBG getmany L6 nw=16 wall=0.240s thr(out)1 thr(in)16 conc_peak=16 pread=2.683s
DBG getmany L7 nw=16 wall=0.237s thr(out)1 thr(in)16 conc_peak=16 pread=2.686s
DBG getmany L4 nw=13 wall=5.107s thr(out)1 thr(in)16 conc_peak=13 pread=2.106s
DBG getmany L5 nw=12 wall=0.789s thr(out)1 thr(in)16 conc_peak=12 pread=1.244s
DBG getmany L6 nw=15 wall=5.365s thr(out)1 thr(in)16 conc_peak=15 pread=1.118s
DBG getmany L7 nw=12 wall=3.573s thr(out)1 thr(in)16 conc_peak=12 pread=0.374s
DBG getmany L4 nw=9 wall=3.491s thr(out)1 thr(in)16 conc_peak=9 pread=0.087s
DBG getmany L5 nw=6 wall=1.319s thr(out)1 thr(in)16 conc_peak=6 pread=0.116s
DBG getmany L6 nw=11 wall=1.611s thr(out)1 thr(in)16 conc_peak=10 pread=0.470s
DBG getmany L7 nw=4 wall=1.397s thr(out)1 thr(in)16 conc_peak=4 pread=0.000s
DBG getmany L8 nw=16 wall=0.218s thr(out)1 thr(in)16 conc_peak=16 pread=2.494s
DBG getmany L9 nw=1 wall=0.137s thr(out)1 thr(in)16 conc_peak=1 pread=0.137s
DBG getmany L10 nw=1 wall=0.074s thr(out)1 thr(in)16 conc_peak=1 pread=0.070s
DBG getmany L11 nw=1 wall=0.298s thr(out)1 thr(in)16 conc_peak=1 pread=0.295s
config: /model/config.json (nested shape) | hidden=7168 layers=93 vocab=163840 | 24 MLA + 69 KDA | experts 896 top16 shared2 | latent=3584
NOTE: binding only the first 12 of 93 layers. Output is NOT the full model; it is a partial stack for testing the machinery.

  tokenized: 15 bytes -> 3 ids
  KV cache : 18.96 MB for 8 positions (2.37 MB/position)
Kimi K3, pure C, released checkpoint
  model    : /model
  prompt   : 3 tokens, generating 4

indexed 497220 tensors from 96 shards in 6.60 s
trunk on disk : 15.16 GB total (STREAMED from /mnt/nvme/trunk_layers_out, not held in RAM)

memory plan
  trunk (STREAMED) 12.00 GB
  embed + lm_head  4.70 GB
  expert cache     8.00 GB
  recurrent state  80.81 MB
  buffers          6.68 MB
  KV cache         18.92 MB
  TOTAL            24.80 GB
  available        28.53 GB

k3_trunk: trunk.bin absent - using per-layer slices (layer_%03d.bin)
trunk stream: 56.60 GB packed, 6/93 layers PINNED (9.30 GB), ring 2 x 1.30 GB
              reads use buffered I/O
              ring holds 2 slots: layers repeat over ~2 tokens, so recent ones are reused instead of re-read
trunk streaming enabled from /mnt/nvme/trunk_layers_out in 0.1 s
embedding, final norm and lm_head: 4.70 GB in 95.6 s

expert L2 cache enabled: 11397 slots x 17.55 MB = 199.99 GB on /mnt/nvme/experts.l2
expert L2 eviction policy: heat
peak RSS after loading weights: 4.80 GB  (the plan above is a forecast, this is measured)
expert cache: 455 slots x 17.56 MB = 7.99 GB (0.55% of the 1.45 TB expert pool)

recurrent state for 12 layers: 80.81 MB

incremental decode: KV cache 2.37 MB for 3 MLA layers at 8 positions

STEP   TOKEN      SECONDS      CACHE HIT  READ GB    TOK/S
--------------------------------------------------------------------
0      0          137.14       100.0      5.14       0.007
  L2   resident=6298/11397 slots hit=81.0% read=3.97GB write=1.16GB
DBG getmany L1 nw=11 wall=0.169s thr(out)1 thr(in)16 conc_peak=9 pread=1.379s
DBG getmany L2 nw=15 wall=1.356s thr(out)1 thr(in)16 conc_peak=15 pread=18.926s
DBG getmany L3 nw=12 wall=0.573s thr(out)1 thr(in)16 conc_peak=12 pread=1.351s
DBG getmany L1 nw=4 wall=0.069s thr(out)1 thr(in)16 conc_peak=4 pread=0.217s
DBG getmany L2 nw=6 wall=0.736s thr(out)1 thr(in)16 conc_peak=6 pread=0.242s
DBG getmany L3 nw=5 wall=0.483s thr(out)1 thr(in)16 conc_peak=5 pread=0.251s
DBG getmany L2 nw=4 wall=0.067s thr(out)1 thr(in)16 conc_peak=4 pread=0.210s
DBG getmany L3 nw=3 wall=0.667s thr(out)1 thr(in)16 conc_peak=3 pread=0.089s
DBG getmany L3 nw=3 wall=0.058s thr(out)1 thr(in)16 conc_peak=3 pread=0.146s
DBG getmany L4 nw=12 wall=2.808s thr(out)1 thr(in)16 conc_peak=12 pread=4.247s
DBG getmany L5 nw=12 wall=3.609s thr(out)1 thr(in)16 conc_peak=12 pread=4.663s
DBG getmany L6 nw=10 wall=5.459s thr(out)1 thr(in)16 conc_peak=10 pread=21.900s
DBG getmany L7 nw=11 wall=4.947s thr(out)1 thr(in)16 conc_peak=11 pread=4.341s
DBG getmany L4 nw=6 wall=2.110s thr(out)1 thr(in)16 conc_peak=5 pread=1.867s
DBG getmany L5 nw=8 wall=5.227s thr(out)1 thr(in)16 conc_peak=8 pread=7.442s
DBG getmany L6 nw=6 wall=2.028s thr(out)1 thr(in)16 conc_peak=4 pread=1.601s
DBG getmany L7 nw=3 wall=2.523s thr(out)1 thr(in)16 conc_peak=3 pread=1.150s
DBG getmany L4 nw=4 wall=3.809s thr(out)1 thr(in)16 conc_peak=4 pread=0.000s
DBG getmany L5 nw=2 wall=1.511s thr(out)1 thr(in)16 conc_peak=2 pread=0.000s
DBG getmany L6 nw=1 wall=0.816s thr(out)1 thr(in)16 conc_peak=1 pread=0.000s
DBG getmany L7 nw=4 wall=1.202s thr(out)1 thr(in)16 conc_peak=3 pread=0.543s
DBG getmany L4 nw=1 wall=0.787s thr(out)1 thr(in)16 conc_peak=1 pread=0.000s
DBG getmany L7 nw=2 wall=0.607s thr(out)1 thr(in)16 conc_peak=2 pread=0.057s
1      0          68.24        100.0      2.60       0.015
  L2   resident=6298/11397 slots hit=77.3% read=5.74GB write=1.98GB
--------------------------------------------------------------------
4 tokens in 205.4 s, 51.34 s/token average

--- generated text ---
!!!!
----------------------

PEAK RSS for the whole run: 19.47 GB   <- quote this, not the plan
layers completed: 12/12; routed expert drops: 0


[chip] simulated MXFP4 GEMV bill over 7 tokens
  1232 expert chains | 81386274816 flops | 21618229248 bytes (21.62 GB)
  per token: 176 chains | 3.09 GB | 0.01 Gflops
  compute wall @ 4 TFLOPS : 0.02 s (2.91 ms/token)
  bandwidth wall @ 200 GB/s : 0.11 s (15.44 ms/token)
  -> bandwidth-bound; to be compute-bound at 4 TFLOPS this needs 1062 GB/s
  expert fetch (host wall, measured): 83.51 s moving 21.62 GB = 0 GB/s
  chip pool wall (measured): 7.68 s

cache [final step]
  slots        : 455 of 17.56 MB = 7.99 GB arena (441 resident, 0 pinned)
  requests     : 704  hits 704 (100.00%)  misses 0  evictions 0
  of those hits : 148 came from the batch prefetch, i.e. read from disk
                  this token; TRUE resident hit rate 78.98%
  read from disk: 2.60 GB in 41.70 s (62 MB/s while loading)
  phase2 i/o    : 2.60 GB in 41.70 s (62 MB/s)  [pure parallel disk read]
l2cache [final step]
  requests     : 423  hits 327 (77.30%)  misses 96
  read  from sdd7: 5.74 GB, written 1.98 GB
  hit I/O   : 5.74 GB in 29.24 s (wall) = 196 MB/s [pread 283.59 s, 20 MB/s per-thread]
  miss I/O  : 96 misses, 1.68 GB from /model in 53.61 s (wall) = 31 MB/s
  restored from meta: 6298 slots

wrote reports/loop_pin_164953/b01.json
I/O share of wall clock: 76.2%  (trunk 73.7 s + experts 82.8 s of 205.4 s)
  both figures are WHOLE-RUN totals over 4 steps
  experts, whole run: 7.74 GB read | 1232 of 1232 requests retained in RAM (100.00%) | 0 evictions
    (retention = requests - evictions; the raw `hits` counter includes
     experts the prefetcher had just read from disk, so it is not a
     measure of avoided I/O)

trunk [final]
  pinned 6/93 layers, ring 2 slots
  binds 24, hits 6 (25.0%), reads 18
  read 12.25 GB in 73.70 s (166 MB/s pread) + 0.00 s parked on the expert gate
  per-layer loads [L]=count: 0=1 1=1 2=1 3=1 4=1 5=1 6=2 7=2 8=2 9=2 10=2 11=2 12=0 13=0 14=0 15=0 16=0 17=0 18=0 19=0 20=0 21=0 22=0 23=0 24=0 25=0 26=0 27=0 28=0 29=0 30=0 31=0 32=0 33=0 34=0 35=0 36=0 37=0 38=0 39=0 40=0 41=0 42=0 43=0 44=0 45=0 46=0 47=0 48=0 49=0 50=0 51=0 52=0 53=0 54=0 55=0 56=0 57=0 58=0 59=0 60=0 61=0 62=0 63=0 64=0 65=0 66=0 67=0 68=0 69=0 70=0 71=0 72=0 73=0 74=0 75=0 76=0 77=0 78=0 79=0 80=0 81=0 82=0 83=0 84=0 85=0 86=0 87=0 88=0 89=0 90=0 91=0 92=0
  bind wall 77.03 s over 24 binds  =  read 73.70 + widen 3.32 + other 0.00
                    shares:      read 96%  widen 4%  other 0%
  widen breakdown: find 2 ms (626)  copy 0 ms (274)  deq 3322 ms (200)  timed 3 s of widen 3.32 s
