L2 auto: 209 GB free on /mnt/nvme -> L2 at 256 GB
layer-bundle plan: resident 4/93 layers -> trunk 9.8 GB (incl ring) / expert arena 10.0 GB [L2-alive expert preload] (horizon 8 passes, alive-bounded)
k3 chip: 4 workers, 4 TFLOPS, 200 GB/s simulated wall
DBG getmany L1 nw=16 wall=0.913s thr(out)1 thr(in)16 conc_peak=16 pread=13.149s
DBG getmany L2 nw=16 wall=0.308s thr(out)1 thr(in)16 conc_peak=16 pread=2.735s
DBG getmany L3 nw=16 wall=0.433s thr(out)1 thr(in)16 conc_peak=16 pread=5.367s
DBG getmany L4 nw=16 wall=0.268s thr(out)1 thr(in)16 conc_peak=16 pread=3.237s
DBG getmany L5 nw=16 wall=0.292s thr(out)1 thr(in)16 conc_peak=16 pread=3.314s
DBG getmany L6 nw=16 wall=0.381s thr(out)1 thr(in)16 conc_peak=16 pread=4.645s
DBG getmany L7 nw=16 wall=0.378s thr(out)1 thr(in)16 conc_peak=16 pread=4.931s
DBG getmany L8 nw=16 wall=0.457s thr(out)1 thr(in)16 conc_peak=16 pread=6.147s
DBG getmany L9 nw=16 wall=0.411s thr(out)1 thr(in)16 conc_peak=16 pread=5.521s
DBG getmany L10 nw=16 wall=0.317s thr(out)1 thr(in)16 conc_peak=16 pread=3.951s
DBG getmany L11 nw=16 wall=0.467s thr(out)1 thr(in)16 conc_peak=16 pread=5.277s
DBG getmany L12 nw=16 wall=0.417s thr(out)1 thr(in)16 conc_peak=16 pread=4.837s
DBG getmany L13 nw=16 wall=0.414s thr(out)1 thr(in)16 conc_peak=16 pread=4.890s
DBG getmany L14 nw=16 wall=0.325s thr(out)1 thr(in)16 conc_peak=16 pread=4.258s
DBG getmany L15 nw=16 wall=0.500s thr(out)1 thr(in)16 conc_peak=16 pread=6.346s
DBG getmany L16 nw=16 wall=0.542s thr(out)1 thr(in)16 conc_peak=16 pread=6.548s
DBG getmany L17 nw=16 wall=0.421s thr(out)1 thr(in)16 conc_peak=16 pread=5.350s
DBG getmany L18 nw=16 wall=0.305s thr(out)1 thr(in)16 conc_peak=16 pread=3.796s
DBG getmany L19 nw=16 wall=0.680s thr(out)1 thr(in)16 conc_peak=16 pread=6.275s
DBG getmany L20 nw=16 wall=0.428s thr(out)1 thr(in)16 conc_peak=16 pread=5.301s
DBG getmany L21 nw=16 wall=0.440s thr(out)1 thr(in)16 conc_peak=16 pread=4.949s
DBG getmany L22 nw=16 wall=0.323s thr(out)1 thr(in)16 conc_peak=16 pread=4.160s
DBG getmany L23 nw=16 wall=0.228s thr(out)1 thr(in)16 conc_peak=16 pread=2.568s
DBG getmany L24 nw=16 wall=0.494s thr(out)1 thr(in)16 conc_peak=16 pread=6.894s
DBG getmany L25 nw=16 wall=2.433s thr(out)1 thr(in)16 conc_peak=16 pread=36.590s
DBG getmany L26 nw=16 wall=2.699s thr(out)1 thr(in)16 conc_peak=16 pread=41.975s
DBG getmany L27 nw=16 wall=0.820s thr(out)1 thr(in)16 conc_peak=16 pread=11.895s
DBG getmany L28 nw=16 wall=0.862s thr(out)1 thr(in)16 conc_peak=16 pread=12.929s
DBG getmany L29 nw=16 wall=0.863s thr(out)1 thr(in)16 conc_peak=16 pread=12.778s
DBG getmany L30 nw=16 wall=1.622s thr(out)1 thr(in)16 conc_peak=16 pread=24.903s
DBG getmany L31 nw=16 wall=3.574s thr(out)1 thr(in)16 conc_peak=16 pread=54.048s
DBG getmany L32 nw=16 wall=0.410s thr(out)1 thr(in)16 conc_peak=16 pread=5.518s
DBG getmany L33 nw=16 wall=0.413s thr(out)1 thr(in)16 conc_peak=16 pread=5.792s
DBG getmany L34 nw=16 wall=2.878s thr(out)1 thr(in)16 conc_peak=16 pread=43.708s
DBG getmany L35 nw=16 wall=3.729s thr(out)1 thr(in)16 conc_peak=16 pread=58.315s
DBG getmany L36 nw=16 wall=0.589s thr(out)1 thr(in)16 conc_peak=16 pread=6.467s
DBG getmany L37 nw=16 wall=0.169s thr(out)1 thr(in)16 conc_peak=16 pread=1.780s
DBG getmany L38 nw=16 wall=0.279s thr(out)1 thr(in)16 conc_peak=16 pread=1.872s
DBG getmany L39 nw=16 wall=0.285s thr(out)1 thr(in)16 conc_peak=16 pread=3.588s
DBG getmany L40 nw=16 wall=0.300s thr(out)1 thr(in)16 conc_peak=16 pread=4.281s
DBG getmany L41 nw=16 wall=0.530s thr(out)1 thr(in)16 conc_peak=16 pread=3.941s
DBG getmany L42 nw=16 wall=0.268s thr(out)1 thr(in)16 conc_peak=16 pread=3.525s
DBG getmany L43 nw=16 wall=0.506s thr(out)1 thr(in)16 conc_peak=16 pread=6.175s
DBG getmany L44 nw=16 wall=0.427s thr(out)1 thr(in)16 conc_peak=16 pread=4.984s
DBG getmany L45 nw=16 wall=0.417s thr(out)1 thr(in)16 conc_peak=16 pread=4.931s
DBG getmany L46 nw=16 wall=0.396s thr(out)1 thr(in)16 conc_peak=16 pread=5.138s
DBG getmany L47 nw=16 wall=0.475s thr(out)1 thr(in)16 conc_peak=16 pread=5.759s
DBG getmany L48 nw=16 wall=0.472s thr(out)1 thr(in)16 conc_peak=16 pread=5.268s
DBG getmany L49 nw=16 wall=0.391s thr(out)1 thr(in)16 conc_peak=16 pread=5.470s
DBG getmany L50 nw=16 wall=0.259s thr(out)1 thr(in)16 conc_peak=16 pread=3.235s
DBG getmany L51 nw=16 wall=0.490s thr(out)1 thr(in)16 conc_peak=16 pread=7.153s
DBG getmany L52 nw=16 wall=0.394s thr(out)1 thr(in)16 conc_peak=16 pread=5.572s
DBG getmany L53 nw=16 wall=0.525s thr(out)1 thr(in)16 conc_peak=16 pread=7.220s
DBG getmany L54 nw=16 wall=0.296s thr(out)1 thr(in)16 conc_peak=16 pread=3.840s
DBG getmany L55 nw=16 wall=0.508s thr(out)1 thr(in)16 conc_peak=16 pread=7.409s
DBG getmany L56 nw=16 wall=0.368s thr(out)1 thr(in)16 conc_peak=16 pread=5.058s
DBG getmany L57 nw=16 wall=0.468s thr(out)1 thr(in)16 conc_peak=16 pread=6.713s
DBG getmany L58 nw=16 wall=0.350s thr(out)1 thr(in)16 conc_peak=16 pread=4.370s
DBG getmany L59 nw=16 wall=0.513s thr(out)1 thr(in)16 conc_peak=16 pread=7.244s
DBG getmany L60 nw=16 wall=0.489s thr(out)1 thr(in)16 conc_peak=16 pread=6.013s
DBG getmany L61 nw=16 wall=0.498s thr(out)1 thr(in)16 conc_peak=16 pread=6.823s
DBG getmany L62 nw=16 wall=0.339s thr(out)1 thr(in)16 conc_peak=16 pread=3.876s
DBG getmany L63 nw=16 wall=0.538s thr(out)1 thr(in)16 conc_peak=16 pread=7.032s
DBG getmany L64 nw=16 wall=0.506s thr(out)1 thr(in)16 conc_peak=16 pread=6.756s
DBG getmany L65 nw=16 wall=0.469s thr(out)1 thr(in)16 conc_peak=16 pread=6.820s
DBG getmany L66 nw=16 wall=0.418s thr(out)1 thr(in)16 conc_peak=16 pread=5.993s
DBG getmany L67 nw=16 wall=0.528s thr(out)1 thr(in)16 conc_peak=16 pread=7.315s
DBG getmany L68 nw=16 wall=0.380s thr(out)1 thr(in)16 conc_peak=16 pread=4.501s
DBG getmany L69 nw=16 wall=0.458s thr(out)1 thr(in)16 conc_peak=16 pread=6.282s
DBG getmany L70 nw=16 wall=0.342s thr(out)1 thr(in)16 conc_peak=16 pread=4.617s
DBG getmany L71 nw=16 wall=0.452s thr(out)1 thr(in)16 conc_peak=16 pread=5.724s
DBG getmany L72 nw=16 wall=0.514s thr(out)1 thr(in)16 conc_peak=16 pread=6.618s
DBG getmany L73 nw=16 wall=0.525s thr(out)1 thr(in)16 conc_peak=16 pread=7.104s
DBG getmany L74 nw=16 wall=0.375s thr(out)1 thr(in)16 conc_peak=16 pread=5.296s
DBG getmany L75 nw=16 wall=0.551s thr(out)1 thr(in)16 conc_peak=16 pread=6.949s
DBG getmany L76 nw=16 wall=0.665s thr(out)1 thr(in)16 conc_peak=16 pread=7.279s
DBG getmany L77 nw=16 wall=0.587s thr(out)1 thr(in)16 conc_peak=16 pread=7.537s
DBG getmany L78 nw=16 wall=0.485s thr(out)1 thr(in)16 conc_peak=16 pread=6.808s
DBG getmany L79 nw=16 wall=0.664s thr(out)1 thr(in)16 conc_peak=16 pread=9.454s
DBG getmany L80 nw=16 wall=0.685s thr(out)1 thr(in)16 conc_peak=16 pread=8.797s
DBG getmany L81 nw=16 wall=0.698s thr(out)1 thr(in)16 conc_peak=16 pread=8.753s
DBG getmany L82 nw=16 wall=0.470s thr(out)1 thr(in)16 conc_peak=16 pread=5.997s
DBG getmany L83 nw=16 wall=0.698s thr(out)1 thr(in)16 conc_peak=16 pread=9.647s
DBG getmany L84 nw=16 wall=0.512s thr(out)1 thr(in)16 conc_peak=16 pread=6.299s
DBG getmany L85 nw=16 wall=0.651s thr(out)1 thr(in)16 conc_peak=16 pread=9.302s
DBG getmany L86 nw=16 wall=0.472s thr(out)1 thr(in)16 conc_peak=16 pread=6.613s
DBG getmany L87 nw=16 wall=0.667s thr(out)1 thr(in)16 conc_peak=16 pread=8.625s
DBG getmany L88 nw=16 wall=0.663s thr(out)1 thr(in)16 conc_peak=16 pread=9.008s
DBG getmany L89 nw=16 wall=0.658s thr(out)1 thr(in)16 conc_peak=16 pread=9.426s
DBG getmany L90 nw=16 wall=0.348s thr(out)1 thr(in)16 conc_peak=16 pread=4.700s
DBG getmany L91 nw=16 wall=0.520s thr(out)1 thr(in)16 conc_peak=16 pread=7.318s
DBG getmany L92 nw=16 wall=0.225s thr(out)1 thr(in)16 conc_peak=16 pread=2.159s
auto budget: 28.8 GB available, 9.0 GB reserved -> trunk 6.0 GB / expert cache 13.8 GB
config: /model/config.json (nested shape) | hidden=7168 layers=93 vocab=163840 | 24 MLA + 69 KDA | experts 896 top16 shared2 | latent=3584
  KV cache : 23.70 MB for 10 positions (2.37 MB/position)
Kimi K3, pure C, released checkpoint
  model    : /model
  prompt   : 1 tokens, generating 8

indexed 497220 tensors from 96 shards in 5.55 s
trunk on disk : 110.00 GB total (STREAMED from /mnt/nvme/trunk_layers_out, not held in RAM)

memory plan
  trunk (STREAMED) 9.77 GB
  embed + lm_head  4.70 GB
  expert cache     10.02 GB
  recurrent state  626.25 MB
  buffers          8.02 MB
  KV cache         23.65 MB
  TOTAL            25.15 GB
  available        28.64 GB

k3_trunk: trunk.bin absent - using per-layer slices (layer_%03d.bin)
trunk stream: 56.60 GB packed, 4/93 layers PINNED (6.91 GB), ring 2 x 1.30 GB
              reads use buffered I/O
              ring holds 2 slots: layers repeat over ~2 tokens, so recent ones are reused instead of re-read
trunk streaming enabled from /mnt/nvme/trunk_layers_out in 0.0 s
embedding, final norm and lm_head: 4.70 GB in 50.5 s

expert L1 eviction policy: heat
expert arena: resident-layer first-touch pins armed for 4 layers
expert L2 cache enabled: 14589 slots x 17.55 MB = 256.00 GB on /mnt/nvme/experts.l2
expert L2 eviction policy: heat
peak RSS after loading weights: 4.79 GB  (the plan above is a forecast, this is measured)
expert cache: 570 slots x 17.56 MB = 10.01 GB (0.69% of the 1.45 TB expert pool)

recurrent state for 93 layers: 626.25 MB

incremental decode: KV cache 23.65 MB for 24 MLA layers at 10 positions

STEP   TOKEN      SECONDS      CACHE HIT  READ GB    TOK/S
--------------------------------------------------------------------
0      220        134.05       100.0      25.83      0.007
  L2   resident=6778/14589 slots hit=100.0% read=25.83GB write=0.00GB
DBG getmany L1 nw=16 wall=0.381s thr(out)1 thr(in)16 conc_peak=16 pread=5.108s
DBG getmany L2 nw=16 wall=0.263s thr(out)1 thr(in)16 conc_peak=16 pread=3.486s
DBG getmany L3 nw=16 wall=0.446s thr(out)1 thr(in)16 conc_peak=16 pread=6.384s
DBG getmany L4 nw=16 wall=0.420s thr(out)1 thr(in)16 conc_peak=16 pread=6.374s
DBG getmany L5 nw=16 wall=0.177s thr(out)1 thr(in)16 conc_peak=16 pread=1.739s
DBG getmany L6 nw=14 wall=0.295s thr(out)1 thr(in)16 conc_peak=14 pread=3.281s
DBG getmany L7 nw=16 wall=0.458s thr(out)1 thr(in)16 conc_peak=16 pread=6.568s
DBG getmany L8 nw=16 wall=0.415s thr(out)1 thr(in)16 conc_peak=16 pread=6.016s
DBG getmany L9 nw=16 wall=0.362s thr(out)1 thr(in)16 conc_peak=16 pread=4.351s
DBG getmany L10 nw=16 wall=0.284s thr(out)1 thr(in)16 conc_peak=16 pread=3.812s
DBG getmany L11 nw=16 wall=0.441s thr(out)1 thr(in)16 conc_peak=16 pread=5.789s
DBG getmany L12 nw=16 wall=0.430s thr(out)1 thr(in)16 conc_peak=16 pread=5.459s
DBG getmany L13 nw=16 wall=0.418s thr(out)1 thr(in)16 conc_peak=16 pread=5.080s
DBG getmany L14 nw=16 wall=0.310s thr(out)1 thr(in)16 conc_peak=16 pread=3.593s
DBG getmany L15 nw=16 wall=0.419s thr(out)1 thr(in)16 conc_peak=16 pread=5.611s
DBG getmany L16 nw=16 wall=0.367s thr(out)1 thr(in)16 conc_peak=16 pread=5.168s
DBG getmany L17 nw=16 wall=0.292s thr(out)1 thr(in)16 conc_peak=16 pread=3.711s
DBG getmany L18 nw=16 wall=0.418s thr(out)1 thr(in)16 conc_peak=16 pread=4.906s
DBG getmany L19 nw=16 wall=0.691s thr(out)1 thr(in)16 conc_peak=16 pread=10.113s
DBG getmany L20 nw=16 wall=0.633s thr(out)1 thr(in)16 conc_peak=16 pread=8.732s
DBG getmany L21 nw=16 wall=0.693s thr(out)1 thr(in)16 conc_peak=16 pread=9.896s
DBG getmany L22 nw=16 wall=0.457s thr(out)1 thr(in)16 conc_peak=16 pread=6.617s
DBG getmany L23 nw=16 wall=0.238s thr(out)1 thr(in)16 conc_peak=16 pread=2.218s
DBG getmany L24 nw=11 wall=0.570s thr(out)1 thr(in)16 conc_peak=11 pread=5.757s
DBG getmany L25 nw=16 wall=0.603s thr(out)1 thr(in)16 conc_peak=16 pread=8.722s
DBG getmany L26 nw=16 wall=0.430s thr(out)1 thr(in)16 conc_peak=16 pread=4.832s
DBG getmany L27 nw=16 wall=0.618s thr(out)1 thr(in)16 conc_peak=16 pread=8.388s
DBG getmany L28 nw=16 wall=0.605s thr(out)1 thr(in)16 conc_peak=16 pread=8.091s
DBG getmany L29 nw=16 wall=0.714s thr(out)1 thr(in)16 conc_peak=16 pread=9.483s
DBG getmany L30 nw=16 wall=0.537s thr(out)1 thr(in)16 conc_peak=16 pread=6.122s
DBG getmany L31 nw=16 wall=0.710s thr(out)1 thr(in)16 conc_peak=16 pread=9.778s
DBG getmany L32 nw=16 wall=0.601s thr(out)1 thr(in)16 conc_peak=16 pread=7.779s
DBG getmany L33 nw=16 wall=0.696s thr(out)1 thr(in)16 conc_peak=16 pread=9.894s
DBG getmany L34 nw=16 wall=0.491s thr(out)1 thr(in)16 conc_peak=16 pread=7.156s
DBG getmany L35 nw=16 wall=0.728s thr(out)1 thr(in)16 conc_peak=16 pread=10.288s
DBG getmany L36 nw=16 wall=0.734s thr(out)1 thr(in)16 conc_peak=16 pread=10.557s
DBG getmany L37 nw=16 wall=0.715s thr(out)1 thr(in)16 conc_peak=16 pread=10.408s
DBG getmany L38 nw=16 wall=0.493s thr(out)1 thr(in)16 conc_peak=16 pread=6.520s
DBG getmany L39 nw=16 wall=0.675s thr(out)1 thr(in)16 conc_peak=16 pread=9.935s
DBG getmany L40 nw=16 wall=0.699s thr(out)1 thr(in)16 conc_peak=16 pread=10.232s
DBG getmany L41 nw=16 wall=0.664s thr(out)1 thr(in)16 conc_peak=16 pread=9.605s
DBG getmany L42 nw=16 wall=0.494s thr(out)1 thr(in)16 conc_peak=16 pread=6.481s
DBG getmany L43 nw=16 wall=0.760s thr(out)1 thr(in)16 conc_peak=16 pread=9.936s
DBG getmany L44 nw=16 wall=0.725s thr(out)1 thr(in)16 conc_peak=16 pread=10.557s
DBG getmany L45 nw=16 wall=0.721s thr(out)1 thr(in)16 conc_peak=16 pread=9.873s
DBG getmany L46 nw=16 wall=0.522s thr(out)1 thr(in)16 conc_peak=16 pread=6.398s
DBG getmany L47 nw=16 wall=0.711s thr(out)1 thr(in)16 conc_peak=16 pread=9.332s
DBG getmany L48 nw=16 wall=0.658s thr(out)1 thr(in)16 conc_peak=16 pread=9.268s
DBG getmany L49 nw=16 wall=0.707s thr(out)1 thr(in)16 conc_peak=16 pread=9.878s
DBG getmany L50 nw=16 wall=0.548s thr(out)1 thr(in)16 conc_peak=16 pread=7.706s
DBG getmany L51 nw=16 wall=0.701s thr(out)1 thr(in)16 conc_peak=16 pread=8.974s
DBG getmany L52 nw=16 wall=0.719s thr(out)1 thr(in)16 conc_peak=16 pread=8.406s
DBG getmany L53 nw=16 wall=0.707s thr(out)1 thr(in)16 conc_peak=16 pread=10.768s
DBG getmany L54 nw=16 wall=0.522s thr(out)1 thr(in)16 conc_peak=16 pread=6.876s
DBG getmany L55 nw=16 wall=0.688s thr(out)1 thr(in)16 conc_peak=16 pread=8.815s
DBG getmany L56 nw=16 wall=0.669s thr(out)1 thr(in)16 conc_peak=16 pread=9.165s
DBG getmany L57 nw=16 wall=0.716s thr(out)1 thr(in)16 conc_peak=16 pread=10.690s
DBG getmany L58 nw=16 wall=0.489s thr(out)1 thr(in)16 conc_peak=16 pread=6.569s
DBG getmany L59 nw=16 wall=0.679s thr(out)1 thr(in)16 conc_peak=16 pread=8.953s
DBG getmany L60 nw=16 wall=0.627s thr(out)1 thr(in)16 conc_peak=16 pread=8.566s
DBG getmany L61 nw=16 wall=0.624s thr(out)1 thr(in)16 conc_peak=16 pread=6.196s
DBG getmany L62 nw=16 wall=0.503s thr(out)1 thr(in)16 conc_peak=16 pread=6.787s
DBG getmany L63 nw=16 wall=0.740s thr(out)1 thr(in)16 conc_peak=16 pread=10.832s
DBG getmany L64 nw=16 wall=0.699s thr(out)1 thr(in)16 conc_peak=16 pread=10.454s
DBG getmany L65 nw=16 wall=0.676s thr(out)1 thr(in)16 conc_peak=16 pread=9.485s
DBG getmany L66 nw=16 wall=0.484s thr(out)1 thr(in)16 conc_peak=16 pread=6.819s
DBG getmany L67 nw=16 wall=0.728s thr(out)1 thr(in)16 conc_peak=16 pread=9.122s
DBG getmany L68 nw=16 wall=0.680s thr(out)1 thr(in)16 conc_peak=16 pread=8.907s
DBG getmany L69 nw=16 wall=0.682s thr(out)1 thr(in)16 conc_peak=16 pread=9.786s
DBG getmany L70 nw=16 wall=0.516s thr(out)1 thr(in)16 conc_peak=16 pread=6.662s
DBG getmany L71 nw=16 wall=0.750s thr(out)1 thr(in)16 conc_peak=16 pread=9.821s
DBG getmany L72 nw=16 wall=0.722s thr(out)1 thr(in)16 conc_peak=16 pread=9.376s
DBG getmany L73 nw=16 wall=0.660s thr(out)1 thr(in)16 conc_peak=16 pread=9.391s
DBG getmany L74 nw=16 wall=0.402s thr(out)1 thr(in)16 conc_peak=16 pread=5.237s
DBG getmany L75 nw=16 wall=0.663s thr(out)1 thr(in)16 conc_peak=16 pread=8.390s
DBG getmany L76 nw=16 wall=0.587s thr(out)1 thr(in)16 conc_peak=16 pread=7.445s
DBG getmany L77 nw=16 wall=0.641s thr(out)1 thr(in)16 conc_peak=16 pread=8.761s
DBG getmany L78 nw=16 wall=0.521s thr(out)1 thr(in)16 conc_peak=16 pread=7.240s
DBG getmany L79 nw=16 wall=0.721s thr(out)1 thr(in)16 conc_peak=16 pread=9.816s
DBG getmany L80 nw=16 wall=0.673s thr(out)1 thr(in)16 conc_peak=16 pread=7.777s
DBG getmany L81 nw=16 wall=0.691s thr(out)1 thr(in)16 conc_peak=16 pread=9.984s
DBG getmany L82 nw=16 wall=0.459s thr(out)1 thr(in)16 conc_peak=16 pread=6.640s
DBG getmany L83 nw=16 wall=0.713s thr(out)1 thr(in)16 conc_peak=16 pread=8.574s
DBG getmany L84 nw=16 wall=0.650s thr(out)1 thr(in)16 conc_peak=16 pread=6.987s
DBG getmany L85 nw=16 wall=0.652s thr(out)1 thr(in)16 conc_peak=16 pread=9.588s
DBG getmany L86 nw=16 wall=0.538s thr(out)1 thr(in)16 conc_peak=16 pread=7.399s
DBG getmany L87 nw=16 wall=0.702s thr(out)1 thr(in)16 conc_peak=16 pread=9.195s
DBG getmany L88 nw=16 wall=0.580s thr(out)1 thr(in)16 conc_peak=16 pread=7.296s
DBG getmany L89 nw=16 wall=0.711s thr(out)1 thr(in)16 conc_peak=16 pread=9.930s
DBG getmany L90 nw=16 wall=0.497s thr(out)1 thr(in)16 conc_peak=16 pread=6.404s
DBG getmany L91 nw=16 wall=0.545s thr(out)1 thr(in)16 conc_peak=16 pread=7.142s
DBG getmany L92 nw=16 wall=0.236s thr(out)1 thr(in)16 conc_peak=16 pread=2.074s
1      802        78.04        100.0      25.71      0.013
  L2   resident=6778/14589 slots hit=100.0% read=51.52GB write=0.00GB
DBG getmany L1 nw=12 wall=0.517s thr(out)1 thr(in)16 conc_peak=12 pread=4.972s
DBG getmany L2 nw=15 wall=0.487s thr(out)1 thr(in)16 conc_peak=15 pread=6.561s
DBG getmany L3 nw=13 wall=0.642s thr(out)1 thr(in)16 conc_peak=13 pread=7.779s
DBG getmany L4 nw=15 wall=0.676s thr(out)1 thr(in)16 conc_peak=15 pread=8.689s
DBG getmany L5 nw=16 wall=0.236s thr(out)1 thr(in)16 conc_peak=16 pread=2.220s
DBG getmany L6 nw=14 wall=0.492s thr(out)1 thr(in)16 conc_peak=14 pread=6.525s
DBG getmany L7 nw=15 wall=0.658s thr(out)1 thr(in)16 conc_peak=15 pread=8.815s
DBG getmany L8 nw=16 wall=0.605s thr(out)1 thr(in)16 conc_peak=16 pread=8.366s
DBG getmany L9 nw=15 wall=0.622s thr(out)1 thr(in)16 conc_peak=15 pread=8.327s
DBG getmany L10 nw=15 wall=0.475s thr(out)1 thr(in)16 conc_peak=15 pread=5.217s
DBG getmany L11 nw=15 wall=0.722s thr(out)1 thr(in)16 conc_peak=15 pread=8.264s
DBG getmany L12 nw=15 wall=0.649s thr(out)1 thr(in)16 conc_peak=15 pread=9.147s
DBG getmany L13 nw=16 wall=0.683s thr(out)1 thr(in)16 conc_peak=16 pread=9.254s
DBG getmany L14 nw=15 wall=0.482s thr(out)1 thr(in)16 conc_peak=15 pread=6.891s
DBG getmany L15 nw=16 wall=0.702s thr(out)1 thr(in)16 conc_peak=16 pread=10.326s
DBG getmany L16 nw=15 wall=0.634s thr(out)1 thr(in)16 conc_peak=15 pread=9.032s
DBG getmany L17 nw=16 wall=0.639s thr(out)1 thr(in)16 conc_peak=16 pread=8.367s
DBG getmany L18 nw=16 wall=0.232s thr(out)1 thr(in)16 conc_peak=16 pread=2.298s
DBG getmany L19 nw=16 wall=0.233s thr(out)1 thr(in)16 conc_peak=16 pread=2.124s
DBG getmany L20 nw=16 wall=0.614s thr(out)1 thr(in)16 conc_peak=16 pread=8.425s
DBG getmany L21 nw=16 wall=0.658s thr(out)1 thr(in)16 conc_peak=16 pread=9.156s
DBG getmany L22 nw=16 wall=0.456s thr(out)1 thr(in)16 conc_peak=16 pread=6.279s
DBG getmany L23 nw=15 wall=0.290s thr(out)1 thr(in)16 conc_peak=15 pread=2.092s
DBG getmany L24 nw=11 wall=0.668s thr(out)1 thr(in)16 conc_peak=9 pread=5.970s
DBG getmany L25 nw=15 wall=0.698s thr(out)1 thr(in)16 conc_peak=15 pread=6.412s
DBG getmany L26 nw=15 wall=0.528s thr(out)1 thr(in)16 conc_peak=15 pread=6.551s
DBG getmany L27 nw=16 wall=0.637s thr(out)1 thr(in)16 conc_peak=16 pread=8.418s
DBG getmany L28 nw=15 wall=0.638s thr(out)1 thr(in)16 conc_peak=15 pread=8.550s
DBG getmany L29 nw=16 wall=0.701s thr(out)1 thr(in)16 conc_peak=16 pread=10.507s
DBG getmany L30 nw=16 wall=0.542s thr(out)1 thr(in)16 conc_peak=16 pread=7.846s
DBG getmany L31 nw=16 wall=0.724s thr(out)1 thr(in)16 conc_peak=16 pread=7.281s
DBG getmany L32 nw=14 wall=0.680s thr(out)1 thr(in)16 conc_peak=14 pread=6.721s
DBG getmany L33 nw=15 wall=0.687s thr(out)1 thr(in)16 conc_peak=15 pread=9.450s
DBG getmany L34 nw=16 wall=0.559s thr(out)1 thr(in)16 conc_peak=16 pread=7.914s
DBG getmany L35 nw=16 wall=0.729s thr(out)1 thr(in)16 conc_peak=16 pread=9.034s
DBG getmany L36 nw=14 wall=0.698s thr(out)1 thr(in)16 conc_peak=14 pread=8.587s
DBG getmany L37 nw=16 wall=0.720s thr(out)1 thr(in)16 conc_peak=16 pread=9.642s
DBG getmany L38 nw=16 wall=0.539s thr(out)1 thr(in)16 conc_peak=16 pread=7.051s
DBG getmany L39 nw=16 wall=0.728s thr(out)1 thr(in)16 conc_peak=16 pread=10.420s
DBG getmany L40 nw=16 wall=0.687s thr(out)1 thr(in)16 conc_peak=16 pread=9.109s
DBG getmany L41 nw=16 wall=0.678s thr(out)1 thr(in)16 conc_peak=16 pread=7.098s
DBG getmany L42 nw=16 wall=0.479s thr(out)1 thr(in)16 conc_peak=16 pread=6.747s
DBG getmany L43 nw=16 wall=0.747s thr(out)1 thr(in)16 conc_peak=16 pread=10.725s
DBG getmany L44 nw=16 wall=0.670s thr(out)1 thr(in)16 conc_peak=16 pread=8.963s
DBG getmany L45 nw=16 wall=0.678s thr(out)1 thr(in)16 conc_peak=16 pread=10.251s
DBG getmany L46 nw=15 wall=0.494s thr(out)1 thr(in)16 conc_peak=15 pread=6.408s
DBG getmany L47 nw=15 wall=0.704s thr(out)1 thr(in)16 conc_peak=15 pread=9.751s
DBG getmany L48 nw=15 wall=0.680s thr(out)1 thr(in)16 conc_peak=15 pread=6.748s
DBG getmany L49 nw=15 wall=0.684s thr(out)1 thr(in)16 conc_peak=15 pread=9.260s
DBG getmany L50 nw=16 wall=0.510s thr(out)1 thr(in)16 conc_peak=16 pread=7.101s
DBG getmany L51 nw=16 wall=0.710s thr(out)1 thr(in)16 conc_peak=16 pread=10.180s
DBG getmany L52 nw=16 wall=0.562s thr(out)1 thr(in)16 conc_peak=16 pread=7.440s
DBG getmany L53 nw=15 wall=0.705s thr(out)1 thr(in)16 conc_peak=15 pread=9.257s
DBG getmany L54 nw=16 wall=0.510s thr(out)1 thr(in)16 conc_peak=16 pread=6.836s
DBG getmany L55 nw=16 wall=0.738s thr(out)1 thr(in)16 conc_peak=16 pread=9.816s
DBG getmany L56 nw=16 wall=0.624s thr(out)1 thr(in)16 conc_peak=16 pread=8.134s
DBG getmany L57 nw=16 wall=0.607s thr(out)1 thr(in)16 conc_peak=16 pread=7.471s
DBG getmany L58 nw=16 wall=0.529s thr(out)1 thr(in)16 conc_peak=16 pread=7.314s
DBG getmany L59 nw=16 wall=0.750s thr(out)1 thr(in)16 conc_peak=16 pread=11.064s
DBG getmany L60 nw=16 wall=0.683s thr(out)1 thr(in)16 conc_peak=16 pread=8.788s
DBG getmany L61 nw=16 wall=0.688s thr(out)1 thr(in)16 conc_peak=16 pread=8.232s
DBG getmany L62 nw=16 wall=0.481s thr(out)1 thr(in)16 conc_peak=16 pread=6.211s
DBG getmany L63 nw=16 wall=0.713s thr(out)1 thr(in)16 conc_peak=16 pread=10.352s
DBG getmany L64 nw=16 wall=0.696s thr(out)1 thr(in)16 conc_peak=16 pread=10.009s
DBG getmany L65 nw=16 wall=0.680s thr(out)1 thr(in)16 conc_peak=16 pread=9.957s
DBG getmany L66 nw=16 wall=0.538s thr(out)1 thr(in)16 conc_peak=16 pread=6.943s
DBG getmany L67 nw=16 wall=0.732s thr(out)1 thr(in)16 conc_peak=16 pread=10.150s
DBG getmany L68 nw=16 wall=0.682s thr(out)1 thr(in)16 conc_peak=16 pread=9.199s
DBG getmany L69 nw=16 wall=0.701s thr(out)1 thr(in)16 conc_peak=16 pread=9.693s
DBG getmany L70 nw=16 wall=0.525s thr(out)1 thr(in)16 conc_peak=16 pread=7.311s
DBG getmany L71 nw=16 wall=0.762s thr(out)1 thr(in)16 conc_peak=16 pread=8.405s
DBG getmany L72 nw=16 wall=0.692s thr(out)1 thr(in)16 conc_peak=16 pread=9.215s
DBG getmany L73 nw=16 wall=0.695s thr(out)1 thr(in)16 conc_peak=16 pread=10.374s
DBG getmany L74 nw=16 wall=0.534s thr(out)1 thr(in)16 conc_peak=16 pread=7.808s
DBG getmany L75 nw=16 wall=0.756s thr(out)1 thr(in)16 conc_peak=16 pread=10.431s
DBG getmany L76 nw=16 wall=0.678s thr(out)1 thr(in)16 conc_peak=16 pread=9.087s
DBG getmany L77 nw=16 wall=0.693s thr(out)1 thr(in)16 conc_peak=16 pread=10.030s
DBG getmany L78 nw=16 wall=0.492s thr(out)1 thr(in)16 conc_peak=16 pread=6.684s
DBG getmany L79 nw=16 wall=0.705s thr(out)1 thr(in)16 conc_peak=16 pread=9.483s
DBG getmany L80 nw=16 wall=0.635s thr(out)1 thr(in)16 conc_peak=16 pread=9.275s
DBG getmany L81 nw=15 wall=0.659s thr(out)1 thr(in)16 conc_peak=15 pread=8.349s
DBG getmany L82 nw=16 wall=0.513s thr(out)1 thr(in)16 conc_peak=16 pread=7.097s
DBG getmany L83 nw=13 wall=0.656s thr(out)1 thr(in)16 conc_peak=13 pread=7.845s
DBG getmany L84 nw=13 wall=0.651s thr(out)1 thr(in)16 conc_peak=13 pread=7.424s
DBG getmany L85 nw=14 wall=0.658s thr(out)1 thr(in)16 conc_peak=14 pread=7.295s
DBG getmany L86 nw=16 wall=0.510s thr(out)1 thr(in)16 conc_peak=16 pread=6.877s
DBG getmany L87 nw=13 wall=0.658s thr(out)1 thr(in)16 conc_peak=13 pread=7.467s
DBG getmany L88 nw=15 wall=0.653s thr(out)1 thr(in)16 conc_peak=15 pread=8.850s
DBG getmany L89 nw=13 wall=0.626s thr(out)1 thr(in)16 conc_peak=13 pread=7.228s
DBG getmany L90 nw=12 wall=0.418s thr(out)1 thr(in)16 conc_peak=12 pread=3.888s
DBG getmany L91 nw=13 wall=0.488s thr(out)1 thr(in)16 conc_peak=13 pread=5.190s
DBG getmany L92 nw=13 wall=0.195s thr(out)1 thr(in)16 conc_peak=13 pread=1.500s
2      24         81.24        100.0      24.72      0.012
  L2   resident=6778/14589 slots hit=100.0% read=76.24GB write=0.00GB
DBG getmany L1 nw=11 wall=0.551s thr(out)1 thr(in)16 conc_peak=11 pread=5.211s
DBG getmany L2 nw=14 wall=0.470s thr(out)1 thr(in)16 conc_peak=14 pread=5.881s
DBG getmany L3 nw=12 wall=0.643s thr(out)1 thr(in)16 conc_peak=12 pread=6.968s
DBG getmany L4 nw=13 wall=0.597s thr(out)1 thr(in)16 conc_peak=13 pread=7.397s
DBG getmany L5 nw=15 wall=0.223s thr(out)1 thr(in)16 conc_peak=15 pread=2.042s
DBG getmany L6 nw=15 wall=0.510s thr(out)1 thr(in)16 conc_peak=15 pread=6.632s
DBG getmany L7 nw=15 wall=0.680s thr(out)1 thr(in)16 conc_peak=15 pread=8.489s
DBG getmany L8 nw=16 wall=0.699s thr(out)1 thr(in)16 conc_peak=16 pread=9.086s
DBG getmany L9 nw=12 wall=0.542s thr(out)1 thr(in)16 conc_peak=12 pread=5.338s
DBG getmany L10 nw=10 wall=0.374s thr(out)1 thr(in)16 conc_peak=10 pread=3.143s
DBG getmany L11 nw=13 wall=0.662s thr(out)1 thr(in)16 conc_peak=13 pread=7.257s
DBG getmany L12 nw=15 wall=0.658s thr(out)1 thr(in)16 conc_peak=15 pread=9.041s
DBG getmany L13 nw=13 wall=0.634s thr(out)1 thr(in)16 conc_peak=13 pread=6.309s
DBG getmany L14 nw=13 wall=0.399s thr(out)1 thr(in)16 conc_peak=13 pread=3.629s
DBG getmany L15 nw=14 wall=0.651s thr(out)1 thr(in)16 conc_peak=14 pread=7.845s
DBG getmany L16 nw=12 wall=0.537s thr(out)1 thr(in)16 conc_peak=12 pread=5.977s
DBG getmany L17 nw=14 wall=0.609s thr(out)1 thr(in)16 conc_peak=14 pread=6.906s
DBG getmany L18 nw=13 wall=0.438s thr(out)1 thr(in)16 conc_peak=13 pread=4.774s
DBG getmany L19 nw=13 wall=0.647s thr(out)1 thr(in)16 conc_peak=13 pread=7.925s
DBG getmany L20 nw=12 wall=0.608s thr(out)1 thr(in)16 conc_peak=12 pread=6.424s
DBG getmany L21 nw=15 wall=0.665s thr(out)1 thr(in)16 conc_peak=15 pread=8.401s
DBG getmany L22 nw=15 wall=0.505s thr(out)1 thr(in)16 conc_peak=15 pread=6.438s
DBG getmany L23 nw=13 wall=0.189s thr(out)1 thr(in)16 conc_peak=13 pread=1.498s
DBG getmany L24 nw=11 wall=0.665s thr(out)1 thr(in)16 conc_peak=11 pread=5.548s
DBG getmany L25 nw=16 wall=0.700s thr(out)1 thr(in)16 conc_peak=16 pread=9.835s
DBG getmany L26 nw=15 wall=0.544s thr(out)1 thr(in)16 conc_peak=15 pread=6.576s
DBG getmany L27 nw=16 wall=0.689s thr(out)1 thr(in)16 conc_peak=16 pread=9.486s
DBG getmany L28 nw=16 wall=0.679s thr(out)1 thr(in)16 conc_peak=16 pread=9.816s
DBG getmany L29 nw=16 wall=0.745s thr(out)1 thr(in)16 conc_peak=16 pread=11.189s
DBG getmany L30 nw=16 wall=0.497s thr(out)1 thr(in)16 conc_peak=16 pread=7.100s
DBG getmany L31 nw=16 wall=0.723s thr(out)1 thr(in)16 conc_peak=16 pread=10.728s
DBG getmany L32 nw=14 wall=0.656s thr(out)1 thr(in)16 conc_peak=14 pread=7.329s
DBG getmany L33 nw=15 wall=0.727s thr(out)1 thr(in)16 conc_peak=15 pread=10.367s
DBG getmany L34 nw=16 wall=0.550s thr(out)1 thr(in)16 conc_peak=16 pread=7.364s
DBG getmany L35 nw=16 wall=0.776s thr(out)1 thr(in)16 conc_peak=16 pread=9.720s
DBG getmany L36 nw=15 wall=0.717s thr(out)1 thr(in)16 conc_peak=15 pread=9.908s
DBG getmany L37 nw=16 wall=0.711s thr(out)1 thr(in)16 conc_peak=16 pread=10.595s
DBG getmany L38 nw=16 wall=0.515s thr(out)1 thr(in)16 conc_peak=16 pread=7.341s
DBG getmany L39 nw=16 wall=0.726s thr(out)1 thr(in)16 conc_peak=16 pread=10.268s
DBG getmany L40 nw=16 wall=0.711s thr(out)1 thr(in)16 conc_peak=16 pread=9.486s
DBG getmany L41 nw=16 wall=0.723s thr(out)1 thr(in)16 conc_peak=16 pread=10.893s
DBG getmany L42 nw=16 wall=0.526s thr(out)1 thr(in)16 conc_peak=16 pread=7.682s
DBG getmany L43 nw=16 wall=0.751s thr(out)1 thr(in)16 conc_peak=16 pread=10.384s
DBG getmany L44 nw=16 wall=0.725s thr(out)1 thr(in)16 conc_peak=16 pread=10.873s
DBG getmany L45 nw=16 wall=0.695s thr(out)1 thr(in)16 conc_peak=16 pread=10.432s
DBG getmany L46 nw=15 wall=0.521s thr(out)1 thr(in)16 conc_peak=15 pread=6.922s
DBG getmany L47 nw=15 wall=0.691s thr(out)1 thr(in)16 conc_peak=15 pread=7.364s
DBG getmany L48 nw=15 wall=0.647s thr(out)1 thr(in)16 conc_peak=15 pread=8.601s
DBG getmany L49 nw=15 wall=0.539s thr(out)1 thr(in)16 conc_peak=15 pread=6.265s
DBG getmany L50 nw=16 wall=0.535s thr(out)1 thr(in)16 conc_peak=16 pread=7.075s
DBG getmany L51 nw=16 wall=0.743s thr(out)1 thr(in)16 conc_peak=16 pread=9.015s
DBG getmany L52 nw=16 wall=0.698s thr(out)1 thr(in)16 conc_peak=16 pread=10.508s
DBG getmany L53 nw=15 wall=0.734s thr(out)1 thr(in)16 conc_peak=15 pread=8.955s
DBG getmany L54 nw=16 wall=0.504s thr(out)1 thr(in)16 conc_peak=16 pread=6.033s
DBG getmany L55 nw=16 wall=0.715s thr(out)1 thr(in)16 conc_peak=16 pread=8.352s
DBG getmany L56 nw=16 wall=0.711s thr(out)1 thr(in)16 conc_peak=16 pread=9.172s
DBG getmany L57 nw=16 wall=0.701s thr(out)1 thr(in)16 conc_peak=16 pread=10.126s
DBG getmany L58 nw=16 wall=0.501s thr(out)1 thr(in)16 conc_peak=16 pread=6.936s
DBG getmany L59 nw=16 wall=0.729s thr(out)1 thr(in)16 conc_peak=16 pread=10.501s
DBG getmany L60 nw=16 wall=0.691s thr(out)1 thr(in)16 conc_peak=16 pread=8.427s
DBG getmany L61 nw=16 wall=0.561s thr(out)1 thr(in)16 conc_peak=16 pread=6.584s
DBG getmany L62 nw=16 wall=0.512s thr(out)1 thr(in)16 conc_peak=16 pread=6.843s
DBG getmany L63 nw=16 wall=0.734s thr(out)1 thr(in)16 conc_peak=16 pread=9.098s
DBG getmany L64 nw=16 wall=0.725s thr(out)1 thr(in)16 conc_peak=16 pread=9.261s
DBG getmany L65 nw=16 wall=0.687s thr(out)1 thr(in)16 conc_peak=16 pread=7.468s
DBG getmany L66 nw=16 wall=0.516s thr(out)1 thr(in)16 conc_peak=16 pread=6.923s
DBG getmany L67 nw=16 wall=0.777s thr(out)1 thr(in)16 conc_peak=16 pread=11.488s
DBG getmany L68 nw=16 wall=0.708s thr(out)1 thr(in)16 conc_peak=16 pread=9.931s
DBG getmany L69 nw=16 wall=0.709s thr(out)1 thr(in)16 conc_peak=16 pread=9.453s
DBG getmany L70 nw=16 wall=0.528s thr(out)1 thr(in)16 conc_peak=16 pread=7.571s
DBG getmany L71 nw=16 wall=0.788s thr(out)1 thr(in)16 conc_peak=16 pread=11.151s
DBG getmany L72 nw=16 wall=0.757s thr(out)1 thr(in)16 conc_peak=16 pread=8.888s
DBG getmany L73 nw=16 wall=0.705s thr(out)1 thr(in)16 conc_peak=16 pread=8.240s
DBG getmany L74 nw=16 wall=0.526s thr(out)1 thr(in)16 conc_peak=16 pread=7.301s
DBG getmany L75 nw=16 wall=0.695s thr(out)1 thr(in)16 conc_peak=16 pread=8.657s
DBG getmany L76 nw=16 wall=0.679s thr(out)1 thr(in)16 conc_peak=16 pread=9.973s
DBG getmany L77 nw=16 wall=0.723s thr(out)1 thr(in)16 conc_peak=16 pread=10.143s
DBG getmany L78 nw=16 wall=0.544s thr(out)1 thr(in)16 conc_peak=16 pread=7.293s
DBG getmany L79 nw=16 wall=0.723s thr(out)1 thr(in)16 conc_peak=16 pread=10.424s
DBG getmany L80 nw=16 wall=0.694s thr(out)1 thr(in)16 conc_peak=16 pread=10.198s
DBG getmany L81 nw=15 wall=0.633s thr(out)1 thr(in)16 conc_peak=15 pread=7.917s
DBG getmany L82 nw=16 wall=0.499s thr(out)1 thr(in)16 conc_peak=16 pread=6.920s
DBG getmany L83 nw=13 wall=0.683s thr(out)1 thr(in)16 conc_peak=13 pread=7.446s
DBG getmany L84 nw=13 wall=0.671s thr(out)1 thr(in)16 conc_peak=13 pread=5.287s
DBG getmany L85 nw=15 wall=0.664s thr(out)1 thr(in)16 conc_peak=15 pread=8.373s
DBG getmany L86 nw=16 wall=0.518s thr(out)1 thr(in)16 conc_peak=16 pread=7.127s
DBG getmany L87 nw=15 wall=0.433s thr(out)1 thr(in)16 conc_peak=14 pread=4.829s
DBG getmany L88 nw=15 wall=0.718s thr(out)1 thr(in)16 conc_peak=15 pread=9.619s
DBG getmany L89 nw=14 wall=0.681s thr(out)1 thr(in)16 conc_peak=14 pread=8.291s
DBG getmany L90 nw=13 wall=0.484s thr(out)1 thr(in)16 conc_peak=13 pread=5.460s
DBG getmany L91 nw=13 wall=0.484s thr(out)1 thr(in)16 conc_peak=13 pread=5.381s
DBG getmany L92 nw=13 wall=0.181s thr(out)1 thr(in)16 conc_peak=13 pread=1.328s
3      12         80.11        99.9       24.18      0.012
  L2   resident=6778/14589 slots hit=100.0% read=100.35GB write=0.00GB
DBG getmany L1 nw=13 wall=0.612s thr(out)1 thr(in)16 conc_peak=13 pread=5.605s
DBG getmany L2 nw=14 wall=0.509s thr(out)1 thr(in)16 conc_peak=14 pread=6.070s
DBG getmany L3 nw=13 wall=0.683s thr(out)1 thr(in)16 conc_peak=13 pread=7.911s
DBG getmany L4 nw=13 wall=0.545s thr(out)1 thr(in)16 conc_peak=13 pread=5.536s
DBG getmany L5 nw=16 wall=0.225s thr(out)1 thr(in)16 conc_peak=16 pread=2.070s
DBG getmany L6 nw=13 wall=0.424s thr(out)1 thr(in)16 conc_peak=13 pread=5.128s
DBG getmany L7 nw=15 wall=0.701s thr(out)1 thr(in)16 conc_peak=15 pread=8.879s
DBG getmany L8 nw=16 wall=0.701s thr(out)1 thr(in)16 conc_peak=16 pread=10.698s
DBG getmany L9 nw=14 wall=0.674s thr(out)1 thr(in)16 conc_peak=14 pread=8.579s
DBG getmany L10 nw=14 wall=0.470s thr(out)1 thr(in)16 conc_peak=14 pread=5.433s
DBG getmany L11 nw=13 wall=0.702s thr(out)1 thr(in)16 conc_peak=13 pread=8.315s
DBG getmany L12 nw=15 wall=0.652s thr(out)1 thr(in)16 conc_peak=15 pread=7.173s
DBG getmany L13 nw=15 wall=0.659s thr(out)1 thr(in)16 conc_peak=15 pread=8.725s
DBG getmany L14 nw=15 wall=0.494s thr(out)1 thr(in)16 conc_peak=15 pread=5.742s
DBG getmany L15 nw=14 wall=0.685s thr(out)1 thr(in)16 conc_peak=14 pread=8.798s
DBG getmany L16 nw=14 wall=0.612s thr(out)1 thr(in)16 conc_peak=14 pread=6.864s
DBG getmany L17 nw=15 wall=0.633s thr(out)1 thr(in)16 conc_peak=15 pread=8.187s
DBG getmany L18 nw=15 wall=0.464s thr(out)1 thr(in)16 conc_peak=15 pread=5.364s
DBG getmany L19 nw=14 wall=0.660s thr(out)1 thr(in)16 conc_peak=14 pread=7.810s
DBG getmany L20 nw=14 wall=0.552s thr(out)1 thr(in)16 conc_peak=14 pread=6.658s
DBG getmany L21 nw=15 wall=0.683s thr(out)1 thr(in)16 conc_peak=15 pread=8.943s
DBG getmany L22 nw=15 wall=0.510s thr(out)1 thr(in)16 conc_peak=15 pread=6.244s
DBG getmany L23 nw=12 wall=0.167s thr(out)1 thr(in)16 conc_peak=12 pread=1.227s
DBG getmany L24 nw=9 wall=0.551s thr(out)1 thr(in)16 conc_peak=9 pread=1.864s
DBG getmany L25 nw=16 wall=0.705s thr(out)1 thr(in)16 conc_peak=16 pread=9.741s
DBG getmany L26 nw=15 wall=0.541s thr(out)1 thr(in)16 conc_peak=15 pread=6.952s
DBG getmany L27 nw=16 wall=0.695s thr(out)1 thr(in)16 conc_peak=16 pread=8.470s
DBG getmany L28 nw=15 wall=0.670s thr(out)1 thr(in)16 conc_peak=15 pread=9.343s
DBG getmany L29 nw=15 wall=0.676s thr(out)1 thr(in)16 conc_peak=15 pread=6.145s
DBG getmany L30 nw=16 wall=0.532s thr(out)1 thr(in)16 conc_peak=16 pread=7.669s
DBG getmany L31 nw=15 wall=0.729s thr(out)1 thr(in)16 conc_peak=15 pread=9.495s
DBG getmany L32 nw=14 wall=0.677s thr(out)1 thr(in)16 conc_peak=14 pread=7.716s
DBG getmany L33 nw=15 wall=0.709s thr(out)1 thr(in)16 conc_peak=15 pread=9.535s
DBG getmany L34 nw=15 wall=0.516s thr(out)1 thr(in)16 conc_peak=15 pread=6.845s
DBG getmany L35 nw=15 wall=0.736s thr(out)1 thr(in)16 conc_peak=15 pread=9.813s
DBG getmany L36 nw=15 wall=0.739s thr(out)1 thr(in)16 conc_peak=15 pread=9.268s
DBG getmany L37 nw=15 wall=0.720s thr(out)1 thr(in)16 conc_peak=15 pread=9.792s
DBG getmany L38 nw=14 wall=0.494s thr(out)1 thr(in)16 conc_peak=14 pread=6.438s
DBG getmany L39 nw=14 wall=0.707s thr(out)1 thr(in)16 conc_peak=14 pread=7.508s
DBG getmany L40 nw=15 wall=0.717s thr(out)1 thr(in)16 conc_peak=15 pread=9.307s
DBG getmany L41 nw=15 wall=0.670s thr(out)1 thr(in)16 conc_peak=15 pread=9.462s
DBG getmany L42 nw=15 wall=0.507s thr(out)1 thr(in)16 conc_peak=15 pread=6.645s
DBG getmany L43 nw=16 wall=0.759s thr(out)1 thr(in)16 conc_peak=16 pread=9.948s
DBG getmany L44 nw=16 wall=0.728s thr(out)1 thr(in)16 conc_peak=16 pread=9.626s
DBG getmany L45 nw=16 wall=0.661s thr(out)1 thr(in)16 conc_peak=16 pread=8.998s
DBG getmany L46 nw=15 wall=0.488s thr(out)1 thr(in)16 conc_peak=15 pread=5.840s
DBG getmany L47 nw=14 wall=0.681s thr(out)1 thr(in)16 conc_peak=14 pread=8.580s
DBG getmany L48 nw=15 wall=0.699s thr(out)1 thr(in)16 conc_peak=15 pread=9.085s
DBG getmany L49 nw=16 wall=0.669s thr(out)1 thr(in)16 conc_peak=16 pread=7.968s
DBG getmany L50 nw=15 wall=0.516s thr(out)1 thr(in)16 conc_peak=15 pread=7.166s
DBG getmany L51 nw=15 wall=0.722s thr(out)1 thr(in)16 conc_peak=15 pread=8.771s
DBG getmany L52 nw=13 wall=0.663s thr(out)1 thr(in)16 conc_peak=13 pread=6.377s
DBG getmany L53 nw=15 wall=0.668s thr(out)1 thr(in)16 conc_peak=15 pread=5.795s
DBG getmany L54 nw=15 wall=0.475s thr(out)1 thr(in)16 conc_peak=15 pread=6.160s
DBG getmany L55 nw=14 wall=0.714s thr(out)1 thr(in)16 conc_peak=14 pread=9.110s
DBG getmany L56 nw=15 wall=0.769s thr(out)1 thr(in)16 conc_peak=15 pread=9.377s
DBG getmany L57 nw=16 wall=0.722s thr(out)1 thr(in)16 conc_peak=16 pread=8.934s
DBG getmany L58 nw=16 wall=0.514s thr(out)1 thr(in)16 conc_peak=16 pread=6.503s
DBG getmany L59 nw=13 wall=0.661s thr(out)1 thr(in)16 conc_peak=13 pread=6.272s
DBG getmany L60 nw=16 wall=0.682s thr(out)1 thr(in)16 conc_peak=16 pread=8.887s
DBG getmany L61 nw=15 wall=0.675s thr(out)1 thr(in)16 conc_peak=15 pread=9.526s
DBG getmany L62 nw=13 wall=0.441s thr(out)1 thr(in)16 conc_peak=13 pread=5.044s
DBG getmany L63 nw=15 wall=0.741s thr(out)1 thr(in)16 conc_peak=15 pread=10.181s
DBG getmany L64 nw=14 wall=0.691s thr(out)1 thr(in)16 conc_peak=14 pread=8.856s
DBG getmany L65 nw=15 wall=0.705s thr(out)1 thr(in)16 conc_peak=15 pread=8.532s
DBG getmany L66 nw=16 wall=0.538s thr(out)1 thr(in)16 conc_peak=16 pread=7.866s
DBG getmany L67 nw=16 wall=0.748s thr(out)1 thr(in)16 conc_peak=16 pread=11.323s
DBG getmany L68 nw=14 wall=0.676s thr(out)1 thr(in)16 conc_peak=14 pread=7.654s
DBG getmany L69 nw=14 wall=0.696s thr(out)1 thr(in)16 conc_peak=14 pread=7.836s
DBG getmany L70 nw=13 wall=0.480s thr(out)1 thr(in)16 conc_peak=13 pread=5.356s
DBG getmany L71 nw=14 wall=0.749s thr(out)1 thr(in)16 conc_peak=14 pread=9.696s
DBG getmany L72 nw=16 wall=0.717s thr(out)1 thr(in)16 conc_peak=16 pread=9.900s
DBG getmany L73 nw=16 wall=0.709s thr(out)1 thr(in)16 conc_peak=16 pread=10.499s
DBG getmany L74 nw=16 wall=0.507s thr(out)1 thr(in)16 conc_peak=16 pread=6.430s
DBG getmany L75 nw=16 wall=0.710s thr(out)1 thr(in)16 conc_peak=16 pread=9.816s
DBG getmany L76 nw=16 wall=0.676s thr(out)1 thr(in)16 conc_peak=16 pread=8.862s
DBG getmany L77 nw=16 wall=0.673s thr(out)1 thr(in)16 conc_peak=16 pread=8.996s
DBG getmany L78 nw=16 wall=0.521s thr(out)1 thr(in)16 conc_peak=16 pread=5.704s
DBG getmany L79 nw=16 wall=0.760s thr(out)1 thr(in)16 conc_peak=16 pread=8.966s
DBG getmany L80 nw=16 wall=0.737s thr(out)1 thr(in)16 conc_peak=16 pread=9.687s
DBG getmany L81 nw=16 wall=0.705s thr(out)1 thr(in)16 conc_peak=16 pread=9.396s
DBG getmany L82 nw=16 wall=0.532s thr(out)1 thr(in)16 conc_peak=16 pread=7.091s
DBG getmany L83 nw=14 wall=0.690s thr(out)1 thr(in)16 conc_peak=14 pread=8.148s
DBG getmany L84 nw=15 wall=0.666s thr(out)1 thr(in)16 conc_peak=15 pread=9.177s
DBG getmany L85 nw=16 wall=0.689s thr(out)1 thr(in)16 conc_peak=16 pread=9.190s
DBG getmany L86 nw=16 wall=0.535s thr(out)1 thr(in)16 conc_peak=16 pread=7.340s
DBG getmany L87 nw=15 wall=0.723s thr(out)1 thr(in)16 conc_peak=15 pread=10.052s
DBG getmany L88 nw=15 wall=0.712s thr(out)1 thr(in)16 conc_peak=15 pread=9.639s
DBG getmany L89 nw=15 wall=0.728s thr(out)1 thr(in)16 conc_peak=15 pread=6.876s
DBG getmany L90 nw=14 wall=0.492s thr(out)1 thr(in)16 conc_peak=14 pread=5.931s
DBG getmany L91 nw=13 wall=0.512s thr(out)1 thr(in)16 conc_peak=13 pread=5.836s
DBG getmany L92 nw=15 wall=0.245s thr(out)1 thr(in)16 conc_peak=15 pread=2.049s
4      2975       78.39        100.0      23.86      0.013
  L2   resident=6778/14589 slots hit=100.0% read=124.20GB write=0.00GB
DBG getmany L1 nw=7 wall=0.552s thr(out)1 thr(in)16 conc_peak=7 pread=2.767s
DBG getmany L2 nw=16 wall=0.545s thr(out)1 thr(in)16 conc_peak=16 pread=7.913s
DBG getmany L3 nw=13 wall=0.664s thr(out)1 thr(in)16 conc_peak=13 pread=8.152s
DBG getmany L4 nw=14 wall=0.654s thr(out)1 thr(in)16 conc_peak=14 pread=7.915s
DBG getmany L5 nw=16 wall=0.228s thr(out)1 thr(in)16 conc_peak=16 pread=2.230s
DBG getmany L6 nw=8 wall=0.399s thr(out)1 thr(in)16 conc_peak=8 pread=2.736s
DBG getmany L7 nw=15 wall=0.590s thr(out)1 thr(in)16 conc_peak=15 pread=3.903s
DBG getmany L8 nw=16 wall=0.706s thr(out)1 thr(in)16 conc_peak=16 pread=9.634s
DBG getmany L9 nw=14 wall=0.684s thr(out)1 thr(in)16 conc_peak=14 pread=7.289s
DBG getmany L10 nw=14 wall=0.512s thr(out)1 thr(in)16 conc_peak=14 pread=6.194s
DBG getmany L11 nw=14 wall=0.723s thr(out)1 thr(in)16 conc_peak=14 pread=9.397s
DBG getmany L12 nw=15 wall=0.688s thr(out)1 thr(in)16 conc_peak=15 pread=9.465s
DBG getmany L13 nw=15 wall=0.685s thr(out)1 thr(in)16 conc_peak=15 pread=9.316s
DBG getmany L14 nw=15 wall=0.526s thr(out)1 thr(in)16 conc_peak=15 pread=7.225s
DBG getmany L15 nw=14 wall=0.600s thr(out)1 thr(in)16 conc_peak=14 pread=3.143s
DBG getmany L16 nw=14 wall=0.618s thr(out)1 thr(in)16 conc_peak=14 pread=8.117s
DBG getmany L17 nw=15 wall=0.643s thr(out)1 thr(in)16 conc_peak=15 pread=7.996s
DBG getmany L18 nw=15 wall=0.469s thr(out)1 thr(in)16 conc_peak=15 pread=6.118s
DBG getmany L19 nw=15 wall=0.681s thr(out)1 thr(in)16 conc_peak=15 pread=9.616s
DBG getmany L20 nw=14 wall=0.608s thr(out)1 thr(in)16 conc_peak=14 pread=7.651s
DBG getmany L21 nw=15 wall=0.693s thr(out)1 thr(in)16 conc_peak=15 pread=9.507s
DBG getmany L22 nw=15 wall=0.496s thr(out)1 thr(in)16 conc_peak=15 pread=6.359s
DBG getmany L23 nw=13 wall=0.188s thr(out)1 thr(in)16 conc_peak=13 pread=1.375s
DBG getmany L24 nw=11 wall=0.656s thr(out)1 thr(in)16 conc_peak=11 pread=4.801s
DBG getmany L25 nw=16 wall=0.657s thr(out)1 thr(in)16 conc_peak=16 pread=9.450s
DBG getmany L26 nw=14 wall=0.455s thr(out)1 thr(in)16 conc_peak=14 pread=5.146s
DBG getmany L27 nw=16 wall=0.709s thr(out)1 thr(in)16 conc_peak=16 pread=9.475s
DBG getmany L28 nw=15 wall=0.662s thr(out)1 thr(in)16 conc_peak=15 pread=7.906s
DBG getmany L29 nw=16 wall=0.743s thr(out)1 thr(in)16 conc_peak=16 pread=10.581s
DBG getmany L30 nw=16 wall=0.572s thr(out)1 thr(in)16 conc_peak=16 pread=7.294s
DBG getmany L31 nw=15 wall=0.751s thr(out)1 thr(in)16 conc_peak=15 pread=7.954s
DBG getmany L32 nw=14 wall=0.610s thr(out)1 thr(in)16 conc_peak=14 pread=7.171s
DBG getmany L33 nw=15 wall=0.720s thr(out)1 thr(in)16 conc_peak=15 pread=8.125s
DBG getmany L34 nw=15 wall=0.504s thr(out)1 thr(in)16 conc_peak=15 pread=6.648s
DBG getmany L35 nw=15 wall=0.582s thr(out)1 thr(in)16 conc_peak=15 pread=4.900s
DBG getmany L36 nw=16 wall=0.754s thr(out)1 thr(in)16 conc_peak=16 pread=9.493s
DBG getmany L37 nw=15 wall=0.698s thr(out)1 thr(in)16 conc_peak=15 pread=9.305s
DBG getmany L38 nw=14 wall=0.568s thr(out)1 thr(in)16 conc_peak=14 pread=3.111s
DBG getmany L39 nw=14 wall=0.728s thr(out)1 thr(in)16 conc_peak=14 pread=6.966s
DBG getmany L40 nw=15 wall=0.700s thr(out)1 thr(in)16 conc_peak=15 pread=8.877s
DBG getmany L41 nw=15 wall=0.709s thr(out)1 thr(in)16 conc_peak=15 pread=9.753s
DBG getmany L42 nw=15 wall=0.492s thr(out)1 thr(in)16 conc_peak=15 pread=6.516s
DBG getmany L43 nw=16 wall=0.731s thr(out)1 thr(in)16 conc_peak=16 pread=9.040s
DBG getmany L44 nw=16 wall=0.723s thr(out)1 thr(in)16 conc_peak=16 pread=9.050s
DBG getmany L45 nw=16 wall=0.723s thr(out)1 thr(in)16 conc_peak=16 pread=10.406s
DBG getmany L46 nw=15 wall=0.512s thr(out)1 thr(in)16 conc_peak=15 pread=6.984s
DBG getmany L47 nw=15 wall=0.735s thr(out)1 thr(in)16 conc_peak=15 pread=10.229s
DBG getmany L48 nw=15 wall=0.706s thr(out)1 thr(in)16 conc_peak=15 pread=8.727s
DBG getmany L49 nw=16 wall=0.757s thr(out)1 thr(in)16 conc_peak=16 pread=7.870s
DBG getmany L50 nw=15 wall=0.516s thr(out)1 thr(in)16 conc_peak=15 pread=7.218s
DBG getmany L51 nw=15 wall=0.734s thr(out)1 thr(in)16 conc_peak=15 pread=8.041s
DBG getmany L52 nw=13 wall=0.655s thr(out)1 thr(in)16 conc_peak=13 pread=7.596s
DBG getmany L53 nw=16 wall=0.702s thr(out)1 thr(in)16 conc_peak=16 pread=10.349s
DBG getmany L54 nw=15 wall=0.538s thr(out)1 thr(in)16 conc_peak=15 pread=6.261s
DBG getmany L55 nw=15 wall=0.732s thr(out)1 thr(in)16 conc_peak=15 pread=9.726s
DBG getmany L56 nw=15 wall=0.682s thr(out)1 thr(in)16 conc_peak=15 pread=8.912s
DBG getmany L57 nw=16 wall=0.727s thr(out)1 thr(in)16 conc_peak=16 pread=10.802s
DBG getmany L58 nw=16 wall=0.536s thr(out)1 thr(in)16 conc_peak=16 pread=7.524s
DBG getmany L59 nw=13 wall=0.613s thr(out)1 thr(in)16 conc_peak=13 pread=6.650s
DBG getmany L60 nw=16 wall=0.712s thr(out)1 thr(in)16 conc_peak=16 pread=9.837s
DBG getmany L61 nw=15 wall=0.732s thr(out)1 thr(in)16 conc_peak=15 pread=10.374s
DBG getmany L62 nw=13 wall=0.498s thr(out)1 thr(in)16 conc_peak=13 pread=6.054s
DBG getmany L63 nw=15 wall=0.759s thr(out)1 thr(in)16 conc_peak=15 pread=3.030s
DBG getmany L64 nw=14 wall=0.694s thr(out)1 thr(in)16 conc_peak=14 pread=7.984s
DBG getmany L65 nw=15 wall=0.683s thr(out)1 thr(in)16 conc_peak=15 pread=9.004s
DBG getmany L66 nw=16 wall=0.534s thr(out)1 thr(in)16 conc_peak=16 pread=6.952s
DBG getmany L67 nw=16 wall=0.783s thr(out)1 thr(in)16 conc_peak=16 pread=10.116s
DBG getmany L68 nw=16 wall=0.699s thr(out)1 thr(in)16 conc_peak=16 pread=9.743s
DBG getmany L69 nw=15 wall=0.703s thr(out)1 thr(in)16 conc_peak=15 pread=6.818s
DBG getmany L70 nw=13 wall=0.493s thr(out)1 thr(in)16 conc_peak=13 pread=4.860s
DBG getmany L71 nw=14 wall=0.725s thr(out)1 thr(in)16 conc_peak=14 pread=7.672s
DBG getmany L72 nw=16 wall=0.706s thr(out)1 thr(in)16 conc_peak=16 pread=9.944s
DBG getmany L73 nw=16 wall=0.710s thr(out)1 thr(in)16 conc_peak=16 pread=8.112s
DBG getmany L74 nw=16 wall=0.536s thr(out)1 thr(in)16 conc_peak=16 pread=5.985s
DBG getmany L75 nw=16 wall=0.734s thr(out)1 thr(in)16 conc_peak=16 pread=10.133s
DBG getmany L76 nw=16 wall=0.685s thr(out)1 thr(in)16 conc_peak=16 pread=8.927s
DBG getmany L77 nw=14 wall=0.774s thr(out)1 thr(in)16 conc_peak=14 pread=3.786s
DBG getmany L78 nw=14 wall=0.490s thr(out)1 thr(in)16 conc_peak=14 pread=5.547s
DBG getmany L79 nw=16 wall=0.638s thr(out)1 thr(in)16 conc_peak=16 pread=8.474s
DBG getmany L80 nw=16 wall=0.664s thr(out)1 thr(in)16 conc_peak=16 pread=9.808s
DBG getmany L81 nw=15 wall=0.711s thr(out)1 thr(in)16 conc_peak=15 pread=9.680s
DBG getmany L82 nw=16 wall=0.507s thr(out)1 thr(in)16 conc_peak=16 pread=6.169s
DBG getmany L83 nw=14 wall=0.699s thr(out)1 thr(in)16 conc_peak=14 pread=8.522s
DBG getmany L84 nw=15 wall=0.656s thr(out)1 thr(in)16 conc_peak=15 pread=8.232s
DBG getmany L85 nw=15 wall=0.663s thr(out)1 thr(in)16 conc_peak=15 pread=8.184s
DBG getmany L86 nw=15 wall=0.506s thr(out)1 thr(in)16 conc_peak=15 pread=6.787s
DBG getmany L87 nw=15 wall=0.698s thr(out)1 thr(in)16 conc_peak=15 pread=9.966s
DBG getmany L88 nw=15 wall=0.680s thr(out)1 thr(in)16 conc_peak=15 pread=7.509s
DBG getmany L89 nw=15 wall=0.705s thr(out)1 thr(in)16 conc_peak=15 pread=7.081s
DBG getmany L90 nw=14 wall=0.496s thr(out)1 thr(in)16 conc_peak=14 pread=6.021s
DBG getmany L91 nw=12 wall=0.486s thr(out)1 thr(in)16 conc_peak=12 pread=4.194s
DBG getmany L92 nw=15 wall=0.212s thr(out)1 thr(in)16 conc_peak=15 pread=1.846s
5      15         78.41        100.0      23.79      0.013
  L2   resident=6778/14589 slots hit=100.0% read=147.98GB write=0.02GB
DBG getmany L1 nw=10 wall=0.492s thr(out)1 thr(in)16 conc_peak=10 pread=3.501s
DBG getmany L2 nw=16 wall=0.541s thr(out)1 thr(in)16 conc_peak=16 pread=6.056s
DBG getmany L3 nw=14 wall=0.698s thr(out)1 thr(in)16 conc_peak=14 pread=8.102s
DBG getmany L4 nw=14 wall=0.690s thr(out)1 thr(in)16 conc_peak=14 pread=7.419s
DBG getmany L5 nw=16 wall=0.243s thr(out)1 thr(in)16 conc_peak=16 pread=2.184s
DBG getmany L6 nw=8 wall=0.367s thr(out)1 thr(in)16 conc_peak=8 pread=2.223s
DBG getmany L7 nw=15 wall=0.719s thr(out)1 thr(in)16 conc_peak=15 pread=9.041s
DBG getmany L8 nw=16 wall=0.677s thr(out)1 thr(in)16 conc_peak=16 pread=9.184s
DBG getmany L9 nw=14 wall=0.666s thr(out)1 thr(in)16 conc_peak=14 pread=7.518s
DBG getmany L10 nw=14 wall=0.507s thr(out)1 thr(in)16 conc_peak=14 pread=6.154s
DBG getmany L11 nw=15 wall=0.741s thr(out)1 thr(in)16 conc_peak=15 pread=10.174s
DBG getmany L12 nw=15 wall=0.692s thr(out)1 thr(in)16 conc_peak=15 pread=8.581s
DBG getmany L13 nw=15 wall=0.652s thr(out)1 thr(in)16 conc_peak=15 pread=7.054s
DBG getmany L14 nw=16 wall=0.519s thr(out)1 thr(in)16 conc_peak=16 pread=5.930s
DBG getmany L15 nw=15 wall=0.712s thr(out)1 thr(in)16 conc_peak=15 pread=9.957s
DBG getmany L16 nw=14 wall=0.634s thr(out)1 thr(in)16 conc_peak=14 pread=7.949s
DBG getmany L17 nw=15 wall=0.640s thr(out)1 thr(in)16 conc_peak=15 pread=6.729s
DBG getmany L18 nw=15 wall=0.495s thr(out)1 thr(in)16 conc_peak=15 pread=5.932s
DBG getmany L19 nw=15 wall=0.685s thr(out)1 thr(in)16 conc_peak=15 pread=8.681s
DBG getmany L20 nw=14 wall=0.644s thr(out)1 thr(in)16 conc_peak=14 pread=8.329s
DBG getmany L21 nw=15 wall=0.657s thr(out)1 thr(in)16 conc_peak=15 pread=8.414s
DBG getmany L22 nw=15 wall=0.515s thr(out)1 thr(in)16 conc_peak=15 pread=6.675s
DBG getmany L23 nw=13 wall=0.187s thr(out)1 thr(in)16 conc_peak=13 pread=1.457s
DBG getmany L24 nw=8 wall=0.674s thr(out)1 thr(in)16 conc_peak=8 pread=4.314s
DBG getmany L25 nw=16 wall=0.726s thr(out)1 thr(in)16 conc_peak=16 pread=10.432s
DBG getmany L26 nw=16 wall=0.548s thr(out)1 thr(in)16 conc_peak=16 pread=7.611s
DBG getmany L27 nw=16 wall=0.694s thr(out)1 thr(in)16 conc_peak=16 pread=9.797s
DBG getmany L28 nw=16 wall=0.635s thr(out)1 thr(in)16 conc_peak=16 pread=8.511s
DBG getmany L29 nw=16 wall=0.697s thr(out)1 thr(in)16 conc_peak=16 pread=6.782s
DBG getmany L30 nw=16 wall=0.537s thr(out)1 thr(in)16 conc_peak=16 pread=7.522s
DBG getmany L31 nw=15 wall=0.702s thr(out)1 thr(in)16 conc_peak=15 pread=9.324s
DBG getmany L32 nw=14 wall=0.660s thr(out)1 thr(in)16 conc_peak=14 pread=8.272s
DBG getmany L33 nw=15 wall=0.729s thr(out)1 thr(in)16 conc_peak=15 pread=10.123s
DBG getmany L34 nw=16 wall=0.555s thr(out)1 thr(in)16 conc_peak=16 pread=7.779s
DBG getmany L35 nw=15 wall=0.745s thr(out)1 thr(in)16 conc_peak=15 pread=10.205s
DBG getmany L36 nw=16 wall=0.727s thr(out)1 thr(in)16 conc_peak=16 pread=10.593s
DBG getmany L37 nw=15 wall=0.720s thr(out)1 thr(in)16 conc_peak=15 pread=8.928s
DBG getmany L38 nw=15 wall=0.487s thr(out)1 thr(in)16 conc_peak=15 pread=6.503s
DBG getmany L39 nw=15 wall=0.702s thr(out)1 thr(in)16 conc_peak=15 pread=9.109s
DBG getmany L40 nw=15 wall=0.672s thr(out)1 thr(in)16 conc_peak=15 pread=8.688s
DBG getmany L41 nw=15 wall=0.705s thr(out)1 thr(in)16 conc_peak=15 pread=9.335s
DBG getmany L42 nw=15 wall=0.510s thr(out)1 thr(in)16 conc_peak=15 pread=7.074s
DBG getmany L43 nw=16 wall=0.742s thr(out)1 thr(in)16 conc_peak=16 pread=9.025s
DBG getmany L44 nw=16 wall=0.746s thr(out)1 thr(in)16 conc_peak=16 pread=10.926s
DBG getmany L45 nw=16 wall=0.737s thr(out)1 thr(in)16 conc_peak=16 pread=11.060s
DBG getmany L46 nw=15 wall=0.508s thr(out)1 thr(in)16 conc_peak=15 pread=6.398s
DBG getmany L47 nw=15 wall=0.732s thr(out)1 thr(in)16 conc_peak=15 pread=9.104s
DBG getmany L48 nw=16 wall=0.704s thr(out)1 thr(in)16 conc_peak=16 pread=8.791s
DBG getmany L49 nw=16 wall=0.704s thr(out)1 thr(in)16 conc_peak=16 pread=9.704s
DBG getmany L50 nw=15 wall=0.508s thr(out)1 thr(in)16 conc_peak=15 pread=6.130s
DBG getmany L51 nw=15 wall=0.726s thr(out)1 thr(in)16 conc_peak=15 pread=9.368s
DBG getmany L52 nw=14 wall=0.643s thr(out)1 thr(in)16 conc_peak=14 pread=7.443s
DBG getmany L53 nw=15 wall=0.684s thr(out)1 thr(in)16 conc_peak=15 pread=9.022s
DBG getmany L54 nw=15 wall=0.219s thr(out)1 thr(in)16 conc_peak=15 pread=1.853s
DBG getmany L55 nw=15 wall=0.750s thr(out)1 thr(in)16 conc_peak=15 pread=9.315s
DBG getmany L56 nw=15 wall=0.717s thr(out)1 thr(in)16 conc_peak=15 pread=7.524s
DBG getmany L57 nw=16 wall=0.697s thr(out)1 thr(in)16 conc_peak=16 pread=9.696s
DBG getmany L58 nw=16 wall=0.541s thr(out)1 thr(in)16 conc_peak=16 pread=8.028s
DBG getmany L59 nw=14 wall=0.733s thr(out)1 thr(in)16 conc_peak=14 pread=8.701s
DBG getmany L60 nw=16 wall=0.703s thr(out)1 thr(in)16 conc_peak=16 pread=8.451s
DBG getmany L61 nw=15 wall=0.711s thr(out)1 thr(in)16 conc_peak=15 pread=9.330s
DBG getmany L62 nw=15 wall=0.507s thr(out)1 thr(in)16 conc_peak=15 pread=6.494s
DBG getmany L63 nw=15 wall=0.738s thr(out)1 thr(in)16 conc_peak=15 pread=9.554s
DBG getmany L64 nw=15 wall=0.697s thr(out)1 thr(in)16 conc_peak=15 pread=9.580s
DBG getmany L65 nw=15 wall=0.634s thr(out)1 thr(in)16 conc_peak=15 pread=7.987s
DBG getmany L66 nw=16 wall=0.550s thr(out)1 thr(in)16 conc_peak=16 pread=7.185s
DBG getmany L67 nw=16 wall=0.785s thr(out)1 thr(in)16 conc_peak=16 pread=10.844s
DBG getmany L68 nw=16 wall=0.682s thr(out)1 thr(in)16 conc_peak=16 pread=8.794s
DBG getmany L69 nw=15 wall=0.781s thr(out)1 thr(in)16 conc_peak=15 pread=5.438s
DBG getmany L70 nw=14 wall=0.513s thr(out)1 thr(in)16 conc_peak=14 pread=6.192s
DBG getmany L71 nw=14 wall=0.748s thr(out)1 thr(in)16 conc_peak=14 pread=9.314s
DBG getmany L72 nw=16 wall=0.569s thr(out)1 thr(in)16 conc_peak=16 pread=7.056s
DBG getmany L73 nw=16 wall=0.686s thr(out)1 thr(in)16 conc_peak=16 pread=9.388s
DBG getmany L74 nw=16 wall=0.528s thr(out)1 thr(in)16 conc_peak=16 pread=7.310s
DBG getmany L75 nw=16 wall=0.723s thr(out)1 thr(in)16 conc_peak=16 pread=9.991s
DBG getmany L76 nw=16 wall=0.693s thr(out)1 thr(in)16 conc_peak=16 pread=9.747s
DBG getmany L77 nw=14 wall=0.706s thr(out)1 thr(in)16 conc_peak=14 pread=8.301s
DBG getmany L78 nw=15 wall=0.546s thr(out)1 thr(in)16 conc_peak=15 pread=7.048s
DBG getmany L79 nw=16 wall=0.754s thr(out)1 thr(in)16 conc_peak=16 pread=9.734s
DBG getmany L80 nw=16 wall=0.705s thr(out)1 thr(in)16 conc_peak=16 pread=10.484s
DBG getmany L81 nw=15 wall=0.762s thr(out)1 thr(in)16 conc_peak=15 pread=9.198s
DBG getmany L82 nw=16 wall=0.543s thr(out)1 thr(in)16 conc_peak=16 pread=7.767s
DBG getmany L83 nw=13 wall=0.716s thr(out)1 thr(in)16 conc_peak=13 pread=8.003s
DBG getmany L84 nw=15 wall=0.669s thr(out)1 thr(in)16 conc_peak=15 pread=7.275s
DBG getmany L85 nw=15 wall=0.694s thr(out)1 thr(in)16 conc_peak=15 pread=9.905s
DBG getmany L86 nw=15 wall=0.503s thr(out)1 thr(in)16 conc_peak=15 pread=6.484s
DBG getmany L87 nw=14 wall=0.686s thr(out)1 thr(in)16 conc_peak=14 pread=7.557s
DBG getmany L88 nw=15 wall=0.693s thr(out)1 thr(in)16 conc_peak=15 pread=9.005s
DBG getmany L89 nw=15 wall=0.696s thr(out)1 thr(in)16 conc_peak=15 pread=9.446s
DBG getmany L90 nw=14 wall=0.479s thr(out)1 thr(in)16 conc_peak=14 pread=5.743s
DBG getmany L91 nw=12 wall=0.470s thr(out)1 thr(in)16 conc_peak=12 pread=4.871s
DBG getmany L92 nw=13 wall=0.176s thr(out)1 thr(in)16 conc_peak=13 pread=1.471s
6      3629       78.63        100.0      24.02      0.013
  L2   resident=6778/14589 slots hit=100.0% read=172.00GB write=0.02GB
DBG getmany L1 nw=9 wall=0.497s thr(out)1 thr(in)16 conc_peak=9 pread=3.146s
DBG getmany L2 nw=15 wall=0.488s thr(out)1 thr(in)16 conc_peak=15 pread=6.575s
DBG getmany L3 nw=12 wall=0.646s thr(out)1 thr(in)16 conc_peak=9 pread=7.226s
DBG getmany L4 nw=14 wall=0.653s thr(out)1 thr(in)16 conc_peak=14 pread=8.296s
DBG getmany L5 nw=15 wall=0.190s thr(out)1 thr(in)16 conc_peak=15 pread=1.696s
DBG getmany L6 nw=12 wall=0.385s thr(out)1 thr(in)16 conc_peak=12 pread=4.119s
DBG getmany L7 nw=15 wall=0.692s thr(out)1 thr(in)16 conc_peak=15 pread=9.734s
DBG getmany L8 nw=15 wall=0.648s thr(out)1 thr(in)16 conc_peak=15 pread=8.196s
DBG getmany L9 nw=15 wall=0.651s thr(out)1 thr(in)16 conc_peak=15 pread=8.788s
DBG getmany L10 nw=13 wall=0.466s thr(out)1 thr(in)16 conc_peak=13 pread=4.893s
DBG getmany L11 nw=15 wall=0.732s thr(out)1 thr(in)16 conc_peak=15 pread=7.781s
DBG getmany L12 nw=14 wall=0.628s thr(out)1 thr(in)16 conc_peak=14 pread=7.246s
DBG getmany L13 nw=15 wall=0.655s thr(out)1 thr(in)16 conc_peak=15 pread=9.267s
DBG getmany L14 nw=16 wall=0.517s thr(out)1 thr(in)16 conc_peak=16 pread=6.755s
DBG getmany L15 nw=15 wall=0.669s thr(out)1 thr(in)16 conc_peak=15 pread=9.586s
DBG getmany L16 nw=15 wall=0.621s thr(out)1 thr(in)16 conc_peak=15 pread=8.876s
DBG getmany L17 nw=14 wall=0.583s thr(out)1 thr(in)16 conc_peak=14 pread=6.162s
DBG getmany L18 nw=15 wall=0.455s thr(out)1 thr(in)16 conc_peak=15 pread=5.910s
DBG getmany L19 nw=15 wall=0.659s thr(out)1 thr(in)16 conc_peak=15 pread=8.729s
DBG getmany L20 nw=14 wall=0.709s thr(out)1 thr(in)16 conc_peak=14 pread=3.470s
DBG getmany L21 nw=15 wall=0.649s thr(out)1 thr(in)16 conc_peak=15 pread=9.225s
DBG getmany L22 nw=16 wall=0.478s thr(out)1 thr(in)16 conc_peak=16 pread=6.455s
DBG getmany L23 nw=14 wall=0.186s thr(out)1 thr(in)16 conc_peak=14 pread=1.481s
DBG getmany L24 nw=12 wall=0.637s thr(out)1 thr(in)16 conc_peak=12 pread=7.115s
DBG getmany L25 nw=16 wall=0.718s thr(out)1 thr(in)16 conc_peak=16 pread=8.847s
DBG getmany L26 nw=16 wall=0.537s thr(out)1 thr(in)16 conc_peak=16 pread=6.626s
DBG getmany L27 nw=16 wall=0.674s thr(out)1 thr(in)16 conc_peak=16 pread=9.073s
DBG getmany L28 nw=16 wall=0.641s thr(out)1 thr(in)16 conc_peak=16 pread=8.851s
DBG getmany L29 nw=16 wall=0.706s thr(out)1 thr(in)16 conc_peak=16 pread=10.545s
DBG getmany L30 nw=16 wall=0.539s thr(out)1 thr(in)16 conc_peak=16 pread=7.777s
DBG getmany L31 nw=16 wall=0.737s thr(out)1 thr(in)16 conc_peak=16 pread=8.325s
DBG getmany L32 nw=14 wall=0.645s thr(out)1 thr(in)16 conc_peak=14 pread=7.836s
DBG getmany L33 nw=16 wall=0.718s thr(out)1 thr(in)16 conc_peak=16 pread=6.392s
DBG getmany L34 nw=16 wall=0.523s thr(out)1 thr(in)16 conc_peak=16 pread=7.762s
DBG getmany L35 nw=15 wall=0.652s thr(out)1 thr(in)16 conc_peak=15 pread=6.900s
DBG getmany L36 nw=16 wall=0.698s thr(out)1 thr(in)16 conc_peak=16 pread=9.228s
DBG getmany L37 nw=15 wall=0.644s thr(out)1 thr(in)16 conc_peak=15 pread=8.944s
DBG getmany L38 nw=15 wall=0.504s thr(out)1 thr(in)16 conc_peak=15 pread=6.748s
DBG getmany L39 nw=15 wall=0.701s thr(out)1 thr(in)16 conc_peak=15 pread=8.314s
DBG getmany L40 nw=15 wall=0.658s thr(out)1 thr(in)16 conc_peak=15 pread=8.011s
DBG getmany L41 nw=15 wall=0.715s thr(out)1 thr(in)16 conc_peak=15 pread=9.982s
DBG getmany L42 nw=15 wall=0.476s thr(out)1 thr(in)16 conc_peak=15 pread=5.800s
DBG getmany L43 nw=16 wall=0.771s thr(out)1 thr(in)16 conc_peak=16 pread=8.751s
DBG getmany L44 nw=16 wall=0.714s thr(out)1 thr(in)16 conc_peak=16 pread=10.533s
DBG getmany L45 nw=16 wall=0.714s thr(out)1 thr(in)16 conc_peak=16 pread=9.934s
DBG getmany L46 nw=15 wall=0.551s thr(out)1 thr(in)16 conc_peak=15 pread=7.277s
DBG getmany L47 nw=15 wall=0.763s thr(out)1 thr(in)16 conc_peak=15 pread=7.964s
DBG getmany L48 nw=15 wall=0.695s thr(out)1 thr(in)16 conc_peak=15 pread=9.151s
DBG getmany L49 nw=16 wall=0.678s thr(out)1 thr(in)16 conc_peak=16 pread=8.370s
DBG getmany L50 nw=16 wall=0.497s thr(out)1 thr(in)16 conc_peak=16 pread=6.795s
DBG getmany L51 nw=15 wall=0.697s thr(out)1 thr(in)16 conc_peak=15 pread=8.123s
DBG getmany L52 nw=14 wall=0.645s thr(out)1 thr(in)16 conc_peak=14 pread=8.376s
DBG getmany L53 nw=16 wall=0.687s thr(out)1 thr(in)16 conc_peak=16 pread=10.116s
DBG getmany L54 nw=15 wall=0.502s thr(out)1 thr(in)16 conc_peak=15 pread=6.416s
DBG getmany L55 nw=16 wall=0.635s thr(out)1 thr(in)16 conc_peak=16 pread=8.040s
DBG getmany L56 nw=15 wall=0.676s thr(out)1 thr(in)16 conc_peak=15 pread=7.820s
DBG getmany L57 nw=16 wall=0.733s thr(out)1 thr(in)16 conc_peak=16 pread=10.288s
DBG getmany L58 nw=16 wall=0.521s thr(out)1 thr(in)16 conc_peak=16 pread=6.977s
DBG getmany L59 nw=14 wall=0.632s thr(out)1 thr(in)16 conc_peak=14 pread=6.369s
DBG getmany L60 nw=16 wall=0.632s thr(out)1 thr(in)16 conc_peak=16 pread=9.177s
DBG getmany L61 nw=15 wall=0.641s thr(out)1 thr(in)16 conc_peak=15 pread=9.100s
DBG getmany L62 nw=16 wall=0.529s thr(out)1 thr(in)16 conc_peak=16 pread=7.033s
DBG getmany L63 nw=15 wall=0.711s thr(out)1 thr(in)16 conc_peak=15 pread=9.077s
DBG getmany L64 nw=15 wall=0.695s thr(out)1 thr(in)16 conc_peak=15 pread=9.187s
DBG getmany L65 nw=16 wall=0.670s thr(out)1 thr(in)16 conc_peak=16 pread=8.035s
DBG getmany L66 nw=16 wall=0.483s thr(out)1 thr(in)16 conc_peak=16 pread=6.609s
DBG getmany L67 nw=16 wall=0.749s thr(out)1 thr(in)16 conc_peak=16 pread=10.732s
DBG getmany L68 nw=16 wall=0.708s thr(out)1 thr(in)16 conc_peak=16 pread=7.995s
DBG getmany L69 nw=15 wall=0.697s thr(out)1 thr(in)16 conc_peak=15 pread=8.135s
DBG getmany L70 nw=16 wall=0.529s thr(out)1 thr(in)16 conc_peak=16 pread=6.863s
DBG getmany L71 nw=15 wall=0.718s thr(out)1 thr(in)16 conc_peak=15 pread=10.225s
DBG getmany L72 nw=16 wall=0.721s thr(out)1 thr(in)16 conc_peak=16 pread=10.577s
DBG getmany L73 nw=16 wall=0.676s thr(out)1 thr(in)16 conc_peak=16 pread=9.247s
DBG getmany L74 nw=16 wall=0.527s thr(out)1 thr(in)16 conc_peak=16 pread=7.052s
DBG getmany L75 nw=16 wall=0.742s thr(out)1 thr(in)16 conc_peak=16 pread=9.878s
DBG getmany L76 nw=16 wall=0.677s thr(out)1 thr(in)16 conc_peak=16 pread=9.245s
DBG getmany L77 nw=14 wall=0.705s thr(out)1 thr(in)16 conc_peak=14 pread=7.548s
DBG getmany L78 nw=15 wall=0.511s thr(out)1 thr(in)16 conc_peak=15 pread=7.041s
DBG getmany L79 nw=16 wall=9.858s thr(out)1 thr(in)16 conc_peak=16 pread=113.587s
DBG getmany L80 nw=16 wall=0.682s thr(out)1 thr(in)16 conc_peak=16 pread=9.605s
DBG getmany L81 nw=16 wall=0.726s thr(out)1 thr(in)16 conc_peak=16 pread=10.575s
DBG getmany L82 nw=16 wall=0.518s thr(out)1 thr(in)16 conc_peak=16 pread=6.975s
DBG getmany L83 nw=13 wall=0.672s thr(out)1 thr(in)16 conc_peak=13 pread=8.287s
DBG getmany L84 nw=16 wall=0.640s thr(out)1 thr(in)16 conc_peak=16 pread=7.985s
DBG getmany L85 nw=15 wall=0.679s thr(out)1 thr(in)16 conc_peak=15 pread=6.973s
DBG getmany L86 nw=15 wall=0.493s thr(out)1 thr(in)16 conc_peak=15 pread=6.401s
DBG getmany L87 nw=15 wall=0.690s thr(out)1 thr(in)16 conc_peak=15 pread=9.581s
DBG getmany L88 nw=15 wall=0.687s thr(out)1 thr(in)16 conc_peak=15 pread=9.602s
DBG getmany L89 nw=15 wall=0.706s thr(out)1 thr(in)16 conc_peak=15 pread=7.967s
DBG getmany L90 nw=15 wall=0.441s thr(out)1 thr(in)16 conc_peak=15 pread=5.666s
DBG getmany L91 nw=13 wall=0.499s thr(out)1 thr(in)16 conc_peak=13 pread=5.762s
DBG getmany L92 nw=15 wall=0.193s thr(out)1 thr(in)16 conc_peak=15 pread=1.706s
7      1389       86.46        100.0      24.36      0.012
  L2   resident=6778/14589 slots hit=100.0% read=196.35GB write=0.02GB
--------------------------------------------------------------------
8 tokens in 695.3 s, 86.92 s/token average
PEAK RSS for the whole run: 21.15 GB   <- quote this, not the plan
layers completed: 93/93; routed expert drops: 0


[chip] simulated MXFP4 GEMV bill over 9 tokens
  11776 expert chains | 777925951488 flops | 206636580864 bytes (206.64 GB)
  per token: 1308 chains | 22.96 GB | 0.09 Gflops
  compute wall @ 4 TFLOPS : 0.19 s (21.61 ms/token)
  bandwidth wall @ 200 GB/s : 1.03 s (114.80 ms/token)
  -> bandwidth-bound; to be compute-bound at 4 TFLOPS this needs 1062 GB/s
  expert fetch (host wall, measured): 478.00 s moving 206.64 GB = 0 GB/s
  chip pool wall (measured): 65.72 s

cache [final step]
  slots        : 570 of 17.56 MB = 10.01 GB arena (570 resident, 283 pinned)
  requests     : 1472  hits 1472 (100.00%)  misses 0  evictions 1388
  of those hits : 1388 came from the batch prefetch, i.e. read from disk
                  this token; TRUE resident hit rate 5.71%
  read from disk: 24.36 GB in 65.89 s (370 MB/s while loading)
  phase2 i/o    : 24.37 GB in 65.89 s (370 MB/s)  [pure parallel disk read]
l2cache [final step]
  requests     : 11193  hits 11192 (99.99%)  misses 1
  read  from sdd7: 196.35 GB, written 0.02 GB
  hit I/O   : 196.35 GB in 461.64 s (wall) = 425 MB/s [pread 5883.72 s, 33 MB/s per-thread]
  miss I/O  : 1 misses, 0.02 GB from /model in 0.08 s (wall) = 227 MB/s
  restored from meta: 6778 slots

wrote /mnt/f/kimi-k3-in-c/reports/lb_lh2_20260924_101907/b.json
I/O share of wall clock: 142.1%  (trunk 526.3 s + experts 462.1 s of 695.3 s)
  both figures are WHOLE-RUN totals over 8 steps
  over 100% because trunk reads overlap compute on the reader thread;
  293.0 s of device time was hidden behind arithmetic
  experts, whole run: 196.48 GB read | 1149 of 11776 requests retained in RAM (9.76%) | 10627 evictions
    (retention = requests - evictions; the raw `hits` counter includes
     experts the prefetcher had just read from disk, so it is not a
     measure of avoided I/O)

trunk [final]
  pinned 4/93 layers, ring 2 slots
  binds 744, hits 28 (3.8%), reads 716
  read 422.89 GB in 526.27 s (804 MB/s pread)
  per-layer loads [L]=count: 0=1 1=1 2=8 3=8 4=8 5=8 6=1 7=8 8=8 9=8 10=8 11=8 12=8 13=8 14=8 15=8 16=8 17=8 18=8 19=8 20=8 21=8 22=8 23=8 24=1 25=8 26=8 27=8 28=8 29=8 30=8 31=8 32=8 33=8 34=8 35=8 36=8 37=8 38=8 39=8 40=8 41=8 42=8 43=8 44=8 45=8 46=8 47=8 48=8 49=8 50=8 51=8 52=8 53=8 54=8 55=8 56=8 57=8 58=8 59=8 60=8 61=8 62=8 63=8 64=8 65=8 66=8 67=8 68=8 69=8 70=8 71=8 72=8 73=8 74=8 75=8 76=8 77=8 78=8 79=8 80=8 81=8 82=8 83=8 84=8 85=8 86=8 87=8 88=8 89=8 90=8 91=8 92=8
  bind wall 40.62 s over 744 binds; read 526.27 + widen 4.17 = 530.45 s of device work,
                    of which 489.83 s (92%) overlapped compute on the reader thread
  widen breakdown: find 593 ms (19640)  copy 0 ms (9184)  deq 3562 ms (6320)  timed 4 s of widen 4.17 s
TIME_ELAPSED=763.37
