[trace] ON -> /mnt/f/kimi-k3-in-c/reports/gateab_ab/v32_table2b/rep2-20260929_081828/trace.csv (K3_TRACE_MAX 200000 events)
L2 auto: 209 GB free on /mnt/nvme -> L2 at 256 GB
k3 chip: 4 workers, 4 TFLOPS, 200 GB/s simulated wall
DBG getmany L1 nw=16 wall=0.206s thr(out)1 thr(in)16 conc_peak=16 pread=2.265s
DBG getmany L2 nw=16 wall=0.206s thr(out)1 thr(in)16 conc_peak=16 pread=2.269s
DBG getmany L3 nw=16 wall=0.201s thr(out)1 thr(in)16 conc_peak=16 pread=2.212s
DBG getmany L4 nw=16 wall=0.191s thr(out)1 thr(in)16 conc_peak=16 pread=2.077s
DBG getmany L5 nw=16 wall=0.195s thr(out)1 thr(in)16 conc_peak=16 pread=2.175s
DBG getmany L6 nw=16 wall=0.190s thr(out)1 thr(in)16 conc_peak=16 pread=2.049s
DBG getmany L7 nw=16 wall=0.189s thr(out)1 thr(in)16 conc_peak=16 pread=1.975s
DBG getmany L8 nw=16 wall=0.193s thr(out)1 thr(in)16 conc_peak=16 pread=2.038s
DBG getmany L9 nw=16 wall=0.196s thr(out)1 thr(in)16 conc_peak=16 pread=2.109s
DBG getmany L10 nw=16 wall=0.206s thr(out)1 thr(in)16 conc_peak=16 pread=2.147s
DBG getmany L11 nw=16 wall=0.196s thr(out)1 thr(in)16 conc_peak=16 pread=2.046s
DBG getmany L12 nw=16 wall=0.201s thr(out)1 thr(in)16 conc_peak=16 pread=2.166s
DBG getmany L13 nw=16 wall=0.203s thr(out)1 thr(in)16 conc_peak=16 pread=2.220s
DBG getmany L14 nw=16 wall=0.197s thr(out)1 thr(in)16 conc_peak=16 pread=2.029s
DBG getmany L15 nw=16 wall=0.208s thr(out)1 thr(in)16 conc_peak=16 pread=2.105s
DBG getmany L16 nw=16 wall=0.202s thr(out)1 thr(in)16 conc_peak=16 pread=2.036s
DBG getmany L17 nw=16 wall=0.201s thr(out)1 thr(in)16 conc_peak=16 pread=2.130s
DBG getmany L18 nw=16 wall=0.188s thr(out)1 thr(in)16 conc_peak=16 pread=1.921s
DBG getmany L19 nw=16 wall=0.206s thr(out)1 thr(in)16 conc_peak=16 pread=2.166s
DBG getmany L20 nw=16 wall=0.196s thr(out)1 thr(in)16 conc_peak=16 pread=2.050s
DBG getmany L21 nw=16 wall=0.260s thr(out)1 thr(in)16 conc_peak=16 pread=2.291s
DBG getmany L22 nw=16 wall=0.266s thr(out)1 thr(in)16 conc_peak=16 pread=2.345s
DBG getmany L23 nw=16 wall=0.439s thr(out)1 thr(in)16 conc_peak=16 pread=5.250s
DBG getmany L24 nw=16 wall=0.524s thr(out)1 thr(in)16 conc_peak=16 pread=6.700s
DBG getmany L25 nw=16 wall=0.536s thr(out)1 thr(in)16 conc_peak=16 pread=5.956s
DBG getmany L26 nw=16 wall=0.404s thr(out)1 thr(in)16 conc_peak=16 pread=5.019s
DBG getmany L27 nw=16 wall=0.485s thr(out)1 thr(in)16 conc_peak=16 pread=5.564s
DBG getmany L28 nw=16 wall=0.468s thr(out)1 thr(in)16 conc_peak=16 pread=5.688s
DBG getmany L29 nw=16 wall=0.477s thr(out)1 thr(in)16 conc_peak=16 pread=5.228s
DBG getmany L30 nw=16 wall=0.401s thr(out)1 thr(in)16 conc_peak=16 pread=5.341s
DBG getmany L31 nw=16 wall=0.536s thr(out)1 thr(in)16 conc_peak=16 pread=6.058s
DBG getmany L32 nw=16 wall=0.539s thr(out)1 thr(in)16 conc_peak=16 pread=5.439s
DBG getmany L33 nw=16 wall=0.490s thr(out)1 thr(in)16 conc_peak=16 pread=5.622s
DBG getmany L34 nw=16 wall=0.405s thr(out)1 thr(in)16 conc_peak=16 pread=4.872s
DBG getmany L35 nw=16 wall=0.572s thr(out)1 thr(in)16 conc_peak=16 pread=6.801s
DBG getmany L36 nw=16 wall=0.558s thr(out)1 thr(in)16 conc_peak=16 pread=7.441s
DBG getmany L37 nw=16 wall=0.546s thr(out)1 thr(in)16 conc_peak=16 pread=7.036s
DBG getmany L38 nw=16 wall=0.378s thr(out)1 thr(in)16 conc_peak=16 pread=5.210s
DBG getmany L39 nw=16 wall=0.559s thr(out)1 thr(in)16 conc_peak=16 pread=7.606s
DBG getmany L40 nw=16 wall=0.540s thr(out)1 thr(in)16 conc_peak=16 pread=6.271s
DBG getmany L41 nw=16 wall=0.512s thr(out)1 thr(in)16 conc_peak=16 pread=6.515s
DBG getmany L42 nw=16 wall=0.383s thr(out)1 thr(in)16 conc_peak=16 pread=5.003s
DBG getmany L43 nw=16 wall=0.571s thr(out)1 thr(in)16 conc_peak=16 pread=8.577s
DBG getmany L44 nw=16 wall=0.548s thr(out)1 thr(in)16 conc_peak=16 pread=7.581s
DBG getmany L45 nw=16 wall=0.495s thr(out)1 thr(in)16 conc_peak=16 pread=6.106s
DBG getmany L46 nw=16 wall=0.435s thr(out)1 thr(in)16 conc_peak=16 pread=5.249s
DBG getmany L47 nw=16 wall=0.597s thr(out)1 thr(in)16 conc_peak=16 pread=7.439s
DBG getmany L48 nw=16 wall=0.563s thr(out)1 thr(in)16 conc_peak=16 pread=6.746s
DBG getmany L49 nw=16 wall=0.587s thr(out)1 thr(in)16 conc_peak=16 pread=7.816s
DBG getmany L50 nw=16 wall=0.439s thr(out)1 thr(in)16 conc_peak=16 pread=6.302s
DBG getmany L51 nw=16 wall=0.608s thr(out)1 thr(in)16 conc_peak=16 pread=8.008s
DBG getmany L52 nw=16 wall=0.663s thr(out)1 thr(in)16 conc_peak=16 pread=5.459s
DBG getmany L53 nw=16 wall=0.564s thr(out)1 thr(in)16 conc_peak=16 pread=7.517s
DBG getmany L54 nw=16 wall=0.455s thr(out)1 thr(in)16 conc_peak=16 pread=5.487s
DBG getmany L55 nw=16 wall=0.580s thr(out)1 thr(in)16 conc_peak=16 pread=5.498s
DBG getmany L56 nw=16 wall=0.196s thr(out)1 thr(in)16 conc_peak=16 pread=1.799s
DBG getmany L57 nw=16 wall=0.563s thr(out)1 thr(in)16 conc_peak=16 pread=7.812s
DBG getmany L58 nw=16 wall=0.400s thr(out)1 thr(in)16 conc_peak=16 pread=5.011s
DBG getmany L59 nw=16 wall=0.607s thr(out)1 thr(in)16 conc_peak=16 pread=3.821s
DBG getmany L60 nw=16 wall=0.579s thr(out)1 thr(in)16 conc_peak=16 pread=8.636s
DBG getmany L61 nw=16 wall=0.564s thr(out)1 thr(in)16 conc_peak=16 pread=8.330s
DBG getmany L62 nw=16 wall=0.424s thr(out)1 thr(in)16 conc_peak=16 pread=5.921s
DBG getmany L63 nw=16 wall=0.584s thr(out)1 thr(in)16 conc_peak=16 pread=8.154s
DBG getmany L64 nw=16 wall=0.384s thr(out)1 thr(in)16 conc_peak=16 pread=2.790s
DBG getmany L65 nw=16 wall=0.577s thr(out)1 thr(in)16 conc_peak=16 pread=8.069s
DBG getmany L66 nw=16 wall=0.446s thr(out)1 thr(in)16 conc_peak=16 pread=5.201s
DBG getmany L67 nw=16 wall=0.582s thr(out)1 thr(in)16 conc_peak=16 pread=7.906s
DBG getmany L68 nw=16 wall=0.542s thr(out)1 thr(in)16 conc_peak=16 pread=6.866s
DBG getmany L69 nw=16 wall=0.553s thr(out)1 thr(in)16 conc_peak=16 pread=7.457s
DBG getmany L70 nw=16 wall=0.419s thr(out)1 thr(in)16 conc_peak=16 pread=5.898s
DBG getmany L71 nw=16 wall=0.608s thr(out)1 thr(in)16 conc_peak=16 pread=9.170s
DBG getmany L72 nw=16 wall=0.578s thr(out)1 thr(in)16 conc_peak=16 pread=8.299s
DBG getmany L73 nw=16 wall=0.574s thr(out)1 thr(in)16 conc_peak=16 pread=8.528s
DBG getmany L74 nw=16 wall=0.419s thr(out)1 thr(in)16 conc_peak=16 pread=5.692s
DBG getmany L75 nw=16 wall=0.575s thr(out)1 thr(in)16 conc_peak=16 pread=8.543s
DBG getmany L76 nw=16 wall=0.580s thr(out)1 thr(in)16 conc_peak=16 pread=7.127s
DBG getmany L77 nw=16 wall=0.781s thr(out)1 thr(in)16 conc_peak=16 pread=7.886s
DBG getmany L78 nw=16 wall=0.606s thr(out)1 thr(in)16 conc_peak=16 pread=8.560s
DBG getmany L79 nw=16 wall=0.767s thr(out)1 thr(in)16 conc_peak=16 pread=9.188s
DBG getmany L80 nw=16 wall=0.743s thr(out)1 thr(in)16 conc_peak=16 pread=10.962s
DBG getmany L81 nw=16 wall=0.773s thr(out)1 thr(in)16 conc_peak=16 pread=11.580s
DBG getmany L82 nw=16 wall=0.568s thr(out)1 thr(in)16 conc_peak=16 pread=6.239s
DBG getmany L83 nw=16 wall=0.777s thr(out)1 thr(in)16 conc_peak=16 pread=11.289s
DBG getmany L84 nw=16 wall=0.750s thr(out)1 thr(in)16 conc_peak=16 pread=11.186s
DBG getmany L85 nw=16 wall=0.742s thr(out)1 thr(in)16 conc_peak=16 pread=11.144s
DBG getmany L86 nw=16 wall=0.529s thr(out)1 thr(in)16 conc_peak=16 pread=6.860s
DBG getmany L87 nw=16 wall=0.762s thr(out)1 thr(in)16 conc_peak=16 pread=9.726s
DBG getmany L88 nw=16 wall=0.766s thr(out)1 thr(in)16 conc_peak=16 pread=11.457s
DBG getmany L89 nw=16 wall=0.795s thr(out)1 thr(in)16 conc_peak=16 pread=11.108s
DBG getmany L90 nw=16 wall=0.560s thr(out)1 thr(in)16 conc_peak=16 pread=7.817s
DBG getmany L91 nw=16 wall=0.574s thr(out)1 thr(in)16 conc_peak=16 pread=8.224s
DBG getmany L92 nw=16 wall=0.230s thr(out)1 thr(in)16 conc_peak=16 pread=2.267s
config: /model/config.json (nested shape) | hidden=7168 layers=93 vocab=163840 | 24 MLA + 69 KDA | experts 896 top16 shared2 | latent=3584
  KV cache : 23.70 MB for 10 positions (2.37 MB/position)
Kimi K3, pure C, released checkpoint
  model    : /model
  prompt   : 1 tokens, generating 8

indexed 497220 tensors from 96 shards in 4.11 s
trunk on disk : 110.00 GB total (STREAMED from /mnt/nvme/trunk_layers_out, not held in RAM)

memory plan
  trunk (STREAMED) 32.00 GB
  embed + lm_head  4.70 GB
  expert cache     15.00 GB
  recurrent state  626.25 MB
  buffers          8.02 MB
  KV cache         23.65 MB
  TOTAL            52.36 GB
  available        57.81 GB

k3_trunk: trunk.bin absent - using per-layer slices (layer_%03d.bin)
trunk stream: 56.60 GB packed, 22/93 layers PINNED (29.30 GB), ring 2 x 1.30 GB
              reads use buffered I/O
              ring holds 2 slots: layers repeat over ~2 tokens, so recent ones are reused instead of re-read
trunk streaming enabled from /mnt/nvme/trunk_layers_out in 0.0 s
embedding, final norm and lm_head: 4.70 GB in 10.0 s

expert L1 eviction policy: heat
expert L2 cache enabled: 14589 slots x 17.55 MB = 256.00 GB on /mnt/nvme/experts.l2
expert L2 eviction policy: heat
peak RSS after loading weights: 4.78 GB  (the plan above is a forecast, this is measured)
expert cache: 854 slots x 17.56 MB = 14.99 GB (1.04% of the 1.45 TB expert pool)

recurrent state for 93 layers: 626.25 MB

incremental decode: KV cache 23.65 MB for 24 MLA layers at 10 positions

STEP   TOKEN      SECONDS      CACHE HIT  READ GB    TOK/S
--------------------------------------------------------------------
0      220        76.45        100.0      25.83      0.013
  L2   resident=6779/14589 slots hit=100.0% read=25.83GB write=0.00GB
DBG getmany L1 nw=16 wall=0.247s thr(out)1 thr(in)16 conc_peak=16 pread=2.145s
DBG getmany L2 nw=16 wall=0.239s thr(out)1 thr(in)16 conc_peak=16 pread=2.323s
DBG getmany L3 nw=16 wall=0.235s thr(out)1 thr(in)16 conc_peak=16 pread=2.204s
DBG getmany L4 nw=16 wall=0.229s thr(out)1 thr(in)16 conc_peak=16 pread=2.229s
DBG getmany L5 nw=16 wall=0.232s thr(out)1 thr(in)16 conc_peak=16 pread=2.142s
DBG getmany L6 nw=16 wall=0.241s thr(out)1 thr(in)16 conc_peak=16 pread=2.254s
DBG getmany L7 nw=16 wall=0.230s thr(out)1 thr(in)16 conc_peak=16 pread=2.188s
DBG getmany L8 nw=16 wall=0.229s thr(out)1 thr(in)16 conc_peak=16 pread=2.227s
DBG getmany L9 nw=16 wall=0.231s thr(out)1 thr(in)16 conc_peak=16 pread=2.335s
DBG getmany L10 nw=16 wall=0.242s thr(out)1 thr(in)16 conc_peak=16 pread=2.282s
DBG getmany L11 nw=16 wall=0.237s thr(out)1 thr(in)16 conc_peak=16 pread=2.161s
DBG getmany L12 nw=16 wall=0.238s thr(out)1 thr(in)16 conc_peak=16 pread=2.215s
DBG getmany L13 nw=16 wall=0.238s thr(out)1 thr(in)16 conc_peak=16 pread=2.271s
DBG getmany L14 nw=16 wall=0.238s thr(out)1 thr(in)16 conc_peak=16 pread=2.236s
DBG getmany L15 nw=16 wall=0.233s thr(out)1 thr(in)16 conc_peak=16 pread=2.155s
DBG getmany L16 nw=16 wall=0.236s thr(out)1 thr(in)16 conc_peak=16 pread=2.216s
DBG getmany L17 nw=16 wall=0.236s thr(out)1 thr(in)16 conc_peak=16 pread=2.136s
DBG getmany L18 nw=16 wall=0.233s thr(out)1 thr(in)16 conc_peak=16 pread=2.224s
DBG getmany L19 nw=16 wall=0.232s thr(out)1 thr(in)16 conc_peak=16 pread=2.051s
DBG getmany L20 nw=16 wall=0.230s thr(out)1 thr(in)16 conc_peak=16 pread=2.005s
DBG getmany L21 nw=16 wall=0.773s thr(out)1 thr(in)16 conc_peak=16 pread=10.090s
DBG getmany L22 nw=16 wall=0.583s thr(out)1 thr(in)16 conc_peak=16 pread=7.294s
DBG getmany L23 nw=16 wall=0.731s thr(out)1 thr(in)16 conc_peak=16 pread=10.353s
DBG getmany L24 nw=16 wall=0.829s thr(out)1 thr(in)16 conc_peak=16 pread=10.641s
DBG getmany L25 nw=16 wall=0.757s thr(out)1 thr(in)16 conc_peak=16 pread=11.315s
DBG getmany L26 nw=16 wall=0.567s thr(out)1 thr(in)16 conc_peak=16 pread=8.261s
DBG getmany L27 nw=16 wall=0.728s thr(out)1 thr(in)16 conc_peak=16 pread=10.537s
DBG getmany L28 nw=16 wall=0.717s thr(out)1 thr(in)16 conc_peak=16 pread=9.316s
DBG getmany L29 nw=16 wall=0.767s thr(out)1 thr(in)16 conc_peak=16 pread=10.822s
DBG getmany L30 nw=16 wall=0.582s thr(out)1 thr(in)16 conc_peak=16 pread=8.674s
DBG getmany L31 nw=16 wall=0.769s thr(out)1 thr(in)16 conc_peak=16 pread=10.234s
DBG getmany L32 nw=16 wall=0.779s thr(out)1 thr(in)16 conc_peak=16 pread=11.052s
DBG getmany L33 nw=16 wall=0.799s thr(out)1 thr(in)16 conc_peak=16 pread=11.651s
DBG getmany L34 nw=16 wall=0.577s thr(out)1 thr(in)16 conc_peak=16 pread=8.581s
DBG getmany L35 nw=16 wall=0.794s thr(out)1 thr(in)16 conc_peak=16 pread=11.835s
DBG getmany L36 nw=16 wall=0.785s thr(out)1 thr(in)16 conc_peak=16 pread=11.503s
DBG getmany L37 nw=16 wall=0.751s thr(out)1 thr(in)16 conc_peak=16 pread=10.648s
DBG getmany L38 nw=16 wall=0.564s thr(out)1 thr(in)16 conc_peak=16 pread=8.181s
DBG getmany L39 nw=16 wall=0.775s thr(out)1 thr(in)16 conc_peak=16 pread=10.902s
DBG getmany L40 nw=16 wall=0.783s thr(out)1 thr(in)16 conc_peak=16 pread=10.680s
DBG getmany L41 nw=16 wall=0.753s thr(out)1 thr(in)16 conc_peak=16 pread=10.802s
DBG getmany L42 nw=16 wall=0.598s thr(out)1 thr(in)16 conc_peak=16 pread=8.293s
DBG getmany L43 nw=16 wall=0.809s thr(out)1 thr(in)16 conc_peak=16 pread=11.772s
DBG getmany L44 nw=16 wall=0.805s thr(out)1 thr(in)16 conc_peak=16 pread=11.354s
DBG getmany L45 nw=16 wall=0.769s thr(out)1 thr(in)16 conc_peak=16 pread=9.516s
DBG getmany L46 nw=16 wall=0.595s thr(out)1 thr(in)16 conc_peak=16 pread=7.815s
DBG getmany L47 nw=16 wall=0.772s thr(out)1 thr(in)16 conc_peak=16 pread=11.350s
DBG getmany L48 nw=16 wall=0.760s thr(out)1 thr(in)16 conc_peak=16 pread=11.054s
DBG getmany L49 nw=16 wall=0.810s thr(out)1 thr(in)16 conc_peak=16 pread=11.424s
DBG getmany L50 nw=16 wall=0.590s thr(out)1 thr(in)16 conc_peak=16 pread=7.775s
DBG getmany L51 nw=16 wall=0.772s thr(out)1 thr(in)16 conc_peak=16 pread=11.460s
DBG getmany L52 nw=16 wall=0.761s thr(out)1 thr(in)16 conc_peak=16 pread=10.244s
DBG getmany L53 nw=16 wall=0.801s thr(out)1 thr(in)16 conc_peak=16 pread=11.937s
DBG getmany L54 nw=16 wall=0.603s thr(out)1 thr(in)16 conc_peak=16 pread=8.148s
DBG getmany L55 nw=16 wall=0.781s thr(out)1 thr(in)16 conc_peak=16 pread=10.986s
DBG getmany L56 nw=16 wall=0.772s thr(out)1 thr(in)16 conc_peak=16 pread=9.982s
DBG getmany L57 nw=16 wall=0.789s thr(out)1 thr(in)16 conc_peak=16 pread=11.943s
DBG getmany L58 nw=16 wall=0.582s thr(out)1 thr(in)16 conc_peak=16 pread=8.136s
DBG getmany L59 nw=16 wall=0.788s thr(out)1 thr(in)16 conc_peak=16 pread=11.371s
DBG getmany L60 nw=16 wall=0.790s thr(out)1 thr(in)16 conc_peak=16 pread=10.188s
DBG getmany L61 nw=16 wall=0.749s thr(out)1 thr(in)16 conc_peak=16 pread=11.382s
DBG getmany L62 nw=16 wall=0.570s thr(out)1 thr(in)16 conc_peak=16 pread=8.234s
DBG getmany L63 nw=16 wall=0.771s thr(out)1 thr(in)16 conc_peak=16 pread=11.106s
DBG getmany L64 nw=16 wall=0.788s thr(out)1 thr(in)16 conc_peak=16 pread=11.908s
DBG getmany L65 nw=16 wall=0.767s thr(out)1 thr(in)16 conc_peak=16 pread=11.487s
DBG getmany L66 nw=16 wall=0.587s thr(out)1 thr(in)16 conc_peak=16 pread=8.444s
DBG getmany L67 nw=16 wall=0.793s thr(out)1 thr(in)16 conc_peak=16 pread=10.854s
DBG getmany L68 nw=16 wall=0.778s thr(out)1 thr(in)16 conc_peak=16 pread=10.631s
DBG getmany L69 nw=16 wall=0.794s thr(out)1 thr(in)16 conc_peak=16 pread=10.564s
DBG getmany L70 nw=16 wall=0.573s thr(out)1 thr(in)16 conc_peak=16 pread=6.513s
DBG getmany L71 nw=16 wall=0.983s thr(out)1 thr(in)16 conc_peak=16 pread=13.758s
DBG getmany L72 nw=16 wall=0.800s thr(out)1 thr(in)16 conc_peak=16 pread=12.098s
DBG getmany L73 nw=16 wall=0.801s thr(out)1 thr(in)16 conc_peak=16 pread=8.329s
DBG getmany L74 nw=16 wall=0.604s thr(out)1 thr(in)16 conc_peak=16 pread=8.565s
DBG getmany L75 nw=16 wall=0.743s thr(out)1 thr(in)16 conc_peak=16 pread=10.189s
DBG getmany L76 nw=16 wall=0.583s thr(out)1 thr(in)16 conc_peak=16 pread=5.980s
DBG getmany L77 nw=16 wall=0.778s thr(out)1 thr(in)16 conc_peak=16 pread=10.345s
DBG getmany L78 nw=16 wall=0.598s thr(out)1 thr(in)16 conc_peak=16 pread=8.870s
DBG getmany L79 nw=16 wall=5.897s thr(out)1 thr(in)16 conc_peak=16 pread=51.217s
DBG getmany L80 nw=16 wall=6.498s thr(out)1 thr(in)16 conc_peak=16 pread=101.712s
DBG getmany L81 nw=16 wall=0.780s thr(out)1 thr(in)16 conc_peak=16 pread=10.176s
DBG getmany L82 nw=16 wall=0.561s thr(out)1 thr(in)16 conc_peak=16 pread=7.230s
DBG getmany L83 nw=16 wall=0.773s thr(out)1 thr(in)16 conc_peak=16 pread=9.192s
DBG getmany L84 nw=16 wall=0.769s thr(out)1 thr(in)16 conc_peak=16 pread=9.693s
DBG getmany L85 nw=16 wall=0.780s thr(out)1 thr(in)16 conc_peak=16 pread=11.551s
DBG getmany L86 nw=16 wall=0.575s thr(out)1 thr(in)16 conc_peak=16 pread=8.044s
DBG getmany L87 nw=16 wall=0.742s thr(out)1 thr(in)16 conc_peak=16 pread=11.226s
DBG getmany L88 nw=16 wall=0.753s thr(out)1 thr(in)16 conc_peak=16 pread=10.223s
DBG getmany L89 nw=16 wall=0.806s thr(out)1 thr(in)16 conc_peak=16 pread=10.163s
DBG getmany L90 nw=16 wall=0.577s thr(out)1 thr(in)16 conc_peak=16 pread=7.201s
DBG getmany L91 nw=16 wall=0.597s thr(out)1 thr(in)16 conc_peak=16 pread=8.116s
DBG getmany L92 nw=16 wall=0.235s thr(out)1 thr(in)16 conc_peak=16 pread=2.149s
1      802        82.79        100.0      25.83      0.012
  L2   resident=6779/14589 slots hit=100.0% read=51.66GB write=0.00GB
DBG getmany L1 nw=16 wall=0.228s thr(out)1 thr(in)16 conc_peak=16 pread=2.025s
DBG getmany L2 nw=15 wall=0.220s thr(out)1 thr(in)16 conc_peak=15 pread=1.827s
DBG getmany L3 nw=13 wall=0.188s thr(out)1 thr(in)16 conc_peak=13 pread=1.359s
DBG getmany L4 nw=15 wall=0.220s thr(out)1 thr(in)16 conc_peak=15 pread=1.928s
DBG getmany L5 nw=16 wall=0.234s thr(out)1 thr(in)16 conc_peak=16 pread=2.193s
DBG getmany L6 nw=15 wall=0.222s thr(out)1 thr(in)16 conc_peak=15 pread=1.947s
DBG getmany L7 nw=15 wall=0.213s thr(out)1 thr(in)16 conc_peak=15 pread=1.868s
DBG getmany L8 nw=16 wall=0.228s thr(out)1 thr(in)16 conc_peak=16 pread=1.965s
DBG getmany L9 nw=15 wall=0.216s thr(out)1 thr(in)16 conc_peak=14 pread=1.869s
DBG getmany L10 nw=15 wall=0.217s thr(out)1 thr(in)16 conc_peak=15 pread=1.776s
DBG getmany L11 nw=15 wall=0.216s thr(out)1 thr(in)16 conc_peak=15 pread=1.844s
DBG getmany L12 nw=15 wall=0.213s thr(out)1 thr(in)16 conc_peak=15 pread=1.785s
DBG getmany L13 nw=16 wall=0.230s thr(out)1 thr(in)16 conc_peak=16 pread=2.005s
DBG getmany L14 nw=15 wall=0.214s thr(out)1 thr(in)16 conc_peak=15 pread=1.846s
DBG getmany L15 nw=16 wall=0.230s thr(out)1 thr(in)16 conc_peak=16 pread=2.058s
DBG getmany L16 nw=15 wall=0.219s thr(out)1 thr(in)16 conc_peak=15 pread=1.930s
DBG getmany L17 nw=16 wall=0.233s thr(out)1 thr(in)16 conc_peak=16 pread=2.084s
DBG getmany L18 nw=16 wall=0.232s thr(out)1 thr(in)16 conc_peak=16 pread=2.216s
DBG getmany L19 nw=16 wall=0.238s thr(out)1 thr(in)16 conc_peak=16 pread=2.142s
DBG getmany L20 nw=16 wall=0.231s thr(out)1 thr(in)16 conc_peak=16 pread=2.194s
DBG getmany L21 nw=16 wall=0.770s thr(out)1 thr(in)16 conc_peak=16 pread=10.806s
DBG getmany L22 nw=16 wall=0.582s thr(out)1 thr(in)16 conc_peak=16 pread=8.103s
DBG getmany L23 nw=15 wall=0.714s thr(out)1 thr(in)16 conc_peak=15 pread=7.860s
DBG getmany L24 nw=13 wall=0.776s thr(out)1 thr(in)16 conc_peak=13 pread=8.565s
DBG getmany L25 nw=15 wall=0.763s thr(out)1 thr(in)16 conc_peak=15 pread=9.366s
DBG getmany L26 nw=15 wall=0.564s thr(out)1 thr(in)16 conc_peak=15 pread=7.070s
DBG getmany L27 nw=16 wall=0.738s thr(out)1 thr(in)16 conc_peak=16 pread=10.098s
DBG getmany L28 nw=15 wall=0.703s thr(out)1 thr(in)16 conc_peak=15 pread=9.837s
DBG getmany L29 nw=16 wall=0.764s thr(out)1 thr(in)16 conc_peak=16 pread=11.058s
DBG getmany L30 nw=16 wall=0.604s thr(out)1 thr(in)16 conc_peak=16 pread=8.434s
DBG getmany L31 nw=16 wall=0.774s thr(out)1 thr(in)16 conc_peak=16 pread=11.404s
DBG getmany L32 nw=14 wall=0.747s thr(out)1 thr(in)16 conc_peak=14 pread=8.387s
DBG getmany L33 nw=15 wall=0.792s thr(out)1 thr(in)16 conc_peak=15 pread=10.853s
DBG getmany L34 nw=16 wall=0.600s thr(out)1 thr(in)16 conc_peak=16 pread=8.237s
DBG getmany L35 nw=16 wall=0.815s thr(out)1 thr(in)16 conc_peak=16 pread=11.139s
DBG getmany L36 nw=14 wall=0.762s thr(out)1 thr(in)16 conc_peak=14 pread=6.408s
DBG getmany L37 nw=16 wall=0.772s thr(out)1 thr(in)16 conc_peak=16 pread=10.617s
DBG getmany L38 nw=16 wall=0.576s thr(out)1 thr(in)16 conc_peak=16 pread=7.712s
DBG getmany L39 nw=16 wall=0.768s thr(out)1 thr(in)16 conc_peak=16 pread=8.461s
DBG getmany L40 nw=16 wall=0.793s thr(out)1 thr(in)16 conc_peak=16 pread=9.879s
DBG getmany L41 nw=16 wall=0.747s thr(out)1 thr(in)16 conc_peak=16 pread=11.075s
DBG getmany L42 nw=16 wall=0.593s thr(out)1 thr(in)16 conc_peak=16 pread=8.298s
DBG getmany L43 nw=16 wall=0.809s thr(out)1 thr(in)16 conc_peak=16 pread=12.103s
DBG getmany L44 nw=16 wall=0.698s thr(out)1 thr(in)16 conc_peak=16 pread=9.645s
DBG getmany L45 nw=16 wall=0.740s thr(out)1 thr(in)16 conc_peak=16 pread=6.991s
DBG getmany L46 nw=15 wall=0.576s thr(out)1 thr(in)16 conc_peak=13 pread=6.885s
DBG getmany L47 nw=15 wall=0.752s thr(out)1 thr(in)16 conc_peak=15 pread=7.509s
DBG getmany L48 nw=15 wall=0.731s thr(out)1 thr(in)16 conc_peak=15 pread=9.813s
DBG getmany L49 nw=15 wall=1.072s thr(out)1 thr(in)16 conc_peak=15 pread=15.211s
DBG getmany L50 nw=16 wall=0.586s thr(out)1 thr(in)16 conc_peak=16 pread=7.246s
DBG getmany L51 nw=16 wall=0.758s thr(out)1 thr(in)16 conc_peak=16 pread=11.144s
DBG getmany L52 nw=16 wall=0.737s thr(out)1 thr(in)16 conc_peak=16 pread=9.221s
DBG getmany L53 nw=15 wall=0.763s thr(out)1 thr(in)16 conc_peak=15 pread=9.468s
DBG getmany L54 nw=16 wall=0.582s thr(out)1 thr(in)16 conc_peak=16 pread=8.559s
DBG getmany L55 nw=16 wall=0.765s thr(out)1 thr(in)16 conc_peak=16 pread=11.505s
DBG getmany L56 nw=16 wall=0.768s thr(out)1 thr(in)16 conc_peak=16 pread=9.541s
DBG getmany L57 nw=16 wall=0.777s thr(out)1 thr(in)16 conc_peak=16 pread=10.143s
DBG getmany L58 nw=16 wall=0.581s thr(out)1 thr(in)16 conc_peak=16 pread=8.570s
DBG getmany L59 nw=16 wall=0.787s thr(out)1 thr(in)16 conc_peak=16 pread=11.242s
DBG getmany L60 nw=16 wall=0.776s thr(out)1 thr(in)16 conc_peak=16 pread=11.192s
DBG getmany L61 nw=16 wall=0.753s thr(out)1 thr(in)16 conc_peak=16 pread=11.311s
DBG getmany L62 nw=16 wall=0.569s thr(out)1 thr(in)16 conc_peak=16 pread=8.427s
DBG getmany L63 nw=16 wall=0.791s thr(out)1 thr(in)16 conc_peak=16 pread=11.811s
DBG getmany L64 nw=16 wall=0.780s thr(out)1 thr(in)16 conc_peak=16 pread=11.313s
DBG getmany L65 nw=16 wall=0.765s thr(out)1 thr(in)16 conc_peak=16 pread=11.441s
DBG getmany L66 nw=16 wall=0.567s thr(out)1 thr(in)16 conc_peak=16 pread=7.723s
DBG getmany L67 nw=16 wall=0.780s thr(out)1 thr(in)16 conc_peak=16 pread=11.801s
DBG getmany L68 nw=16 wall=0.751s thr(out)1 thr(in)16 conc_peak=16 pread=10.361s
DBG getmany L69 nw=16 wall=0.786s thr(out)1 thr(in)16 conc_peak=16 pread=11.192s
DBG getmany L70 nw=16 wall=0.571s thr(out)1 thr(in)16 conc_peak=16 pread=7.559s
DBG getmany L71 nw=16 wall=0.831s thr(out)1 thr(in)16 conc_peak=16 pread=12.471s
DBG getmany L72 nw=16 wall=0.791s thr(out)1 thr(in)16 conc_peak=16 pread=11.830s
DBG getmany L73 nw=16 wall=0.785s thr(out)1 thr(in)16 conc_peak=16 pread=11.829s
DBG getmany L74 nw=16 wall=0.596s thr(out)1 thr(in)16 conc_peak=16 pread=6.464s
DBG getmany L75 nw=16 wall=0.773s thr(out)1 thr(in)16 conc_peak=16 pread=10.767s
DBG getmany L76 nw=16 wall=0.735s thr(out)1 thr(in)16 conc_peak=16 pread=10.806s
DBG getmany L77 nw=16 wall=0.765s thr(out)1 thr(in)16 conc_peak=16 pread=11.082s
DBG getmany L78 nw=16 wall=0.598s thr(out)1 thr(in)16 conc_peak=16 pread=8.512s
DBG getmany L79 nw=16 wall=0.761s thr(out)1 thr(in)16 conc_peak=16 pread=10.016s
DBG getmany L80 nw=16 wall=0.751s thr(out)1 thr(in)16 conc_peak=16 pread=8.531s
DBG getmany L81 nw=15 wall=0.776s thr(out)1 thr(in)16 conc_peak=15 pread=10.745s
DBG getmany L82 nw=16 wall=0.584s thr(out)1 thr(in)16 conc_peak=16 pread=8.588s
DBG getmany L83 nw=13 wall=0.739s thr(out)1 thr(in)16 conc_peak=13 pread=7.737s
DBG getmany L84 nw=13 wall=0.721s thr(out)1 thr(in)16 conc_peak=13 pread=8.617s
DBG getmany L85 nw=14 wall=0.742s thr(out)1 thr(in)16 conc_peak=14 pread=8.052s
DBG getmany L86 nw=16 wall=0.568s thr(out)1 thr(in)16 conc_peak=16 pread=7.521s
DBG getmany L87 nw=13 wall=0.698s thr(out)1 thr(in)16 conc_peak=13 pread=8.501s
DBG getmany L88 nw=15 wall=0.750s thr(out)1 thr(in)16 conc_peak=15 pread=10.135s
DBG getmany L89 nw=13 wall=0.756s thr(out)1 thr(in)16 conc_peak=12 pread=9.060s
DBG getmany L90 nw=12 wall=0.451s thr(out)1 thr(in)16 conc_peak=12 pread=4.047s
DBG getmany L91 nw=13 wall=0.534s thr(out)1 thr(in)16 conc_peak=13 pread=6.294s
DBG getmany L92 nw=13 wall=0.187s thr(out)1 thr(in)16 conc_peak=13 pread=1.392s
2      24         70.17        100.0      24.85      0.014
  L2   resident=6779/14589 slots hit=100.0% read=76.51GB write=0.00GB
DBG getmany L1 nw=15 wall=0.211s thr(out)1 thr(in)16 conc_peak=15 pread=1.900s
DBG getmany L2 nw=14 wall=0.202s thr(out)1 thr(in)16 conc_peak=14 pread=1.683s
DBG getmany L3 nw=12 wall=0.174s thr(out)1 thr(in)16 conc_peak=12 pread=1.167s
DBG getmany L4 nw=13 wall=0.189s thr(out)1 thr(in)16 conc_peak=13 pread=1.488s
DBG getmany L5 nw=15 wall=0.221s thr(out)1 thr(in)16 conc_peak=15 pread=1.881s
DBG getmany L6 nw=16 wall=0.231s thr(out)1 thr(in)16 conc_peak=16 pread=2.162s
DBG getmany L7 nw=15 wall=0.217s thr(out)1 thr(in)16 conc_peak=15 pread=1.784s
DBG getmany L8 nw=16 wall=0.224s thr(out)1 thr(in)16 conc_peak=16 pread=2.057s
DBG getmany L9 nw=12 wall=0.172s thr(out)1 thr(in)16 conc_peak=11 pread=1.305s
DBG getmany L10 nw=10 wall=0.146s thr(out)1 thr(in)16 conc_peak=9 pread=0.924s
DBG getmany L11 nw=13 wall=0.186s thr(out)1 thr(in)16 conc_peak=13 pread=1.515s
DBG getmany L12 nw=14 wall=0.201s thr(out)1 thr(in)16 conc_peak=14 pread=1.623s
DBG getmany L13 nw=13 wall=4.538s thr(out)1 thr(in)16 conc_peak=13 pread=35.773s
DBG getmany L14 nw=13 wall=4.563s thr(out)1 thr(in)16 conc_peak=11 pread=35.413s
DBG getmany L15 nw=14 wall=1.727s thr(out)1 thr(in)16 conc_peak=14 pread=20.318s
DBG getmany L16 nw=12 wall=0.171s thr(out)1 thr(in)16 conc_peak=12 pread=1.197s
DBG getmany L17 nw=14 wall=0.197s thr(out)1 thr(in)16 conc_peak=14 pread=1.564s
DBG getmany L18 nw=13 wall=0.186s thr(out)1 thr(in)16 conc_peak=13 pread=1.415s
DBG getmany L19 nw=13 wall=0.188s thr(out)1 thr(in)16 conc_peak=13 pread=1.373s
DBG getmany L20 nw=12 wall=0.168s thr(out)1 thr(in)16 conc_peak=12 pread=1.216s
DBG getmany L21 nw=15 wall=0.763s thr(out)1 thr(in)16 conc_peak=15 pread=10.194s
DBG getmany L22 nw=15 wall=0.583s thr(out)1 thr(in)16 conc_peak=15 pread=8.021s
DBG getmany L23 nw=12 wall=0.671s thr(out)1 thr(in)16 conc_peak=12 pread=7.138s
DBG getmany L24 nw=13 wall=0.787s thr(out)1 thr(in)16 conc_peak=13 pread=9.493s
DBG getmany L25 nw=16 wall=0.771s thr(out)1 thr(in)16 conc_peak=16 pread=7.278s
DBG getmany L26 nw=14 wall=0.547s thr(out)1 thr(in)16 conc_peak=14 pread=6.947s
DBG getmany L27 nw=16 wall=0.730s thr(out)1 thr(in)16 conc_peak=16 pread=10.397s
DBG getmany L28 nw=15 wall=0.700s thr(out)1 thr(in)16 conc_peak=15 pread=9.563s
DBG getmany L29 nw=14 wall=0.737s thr(out)1 thr(in)16 conc_peak=14 pread=8.868s
DBG getmany L30 nw=15 wall=0.583s thr(out)1 thr(in)16 conc_peak=15 pread=7.481s
DBG getmany L31 nw=15 wall=0.769s thr(out)1 thr(in)16 conc_peak=15 pread=9.871s
DBG getmany L32 nw=12 wall=0.705s thr(out)1 thr(in)16 conc_peak=8 pread=7.527s
DBG getmany L33 nw=13 wall=0.754s thr(out)1 thr(in)16 conc_peak=13 pread=9.310s
DBG getmany L34 nw=15 wall=0.582s thr(out)1 thr(in)16 conc_peak=15 pread=8.048s
DBG getmany L35 nw=14 wall=0.769s thr(out)1 thr(in)16 conc_peak=14 pread=10.132s
DBG getmany L36 nw=14 wall=0.760s thr(out)1 thr(in)16 conc_peak=14 pread=8.774s
DBG getmany L37 nw=15 wall=0.759s thr(out)1 thr(in)16 conc_peak=15 pread=10.031s
DBG getmany L38 nw=14 wall=0.537s thr(out)1 thr(in)16 conc_peak=13 pread=6.627s
DBG getmany L39 nw=14 wall=0.740s thr(out)1 thr(in)16 conc_peak=14 pread=7.497s
DBG getmany L40 nw=15 wall=0.767s thr(out)1 thr(in)16 conc_peak=15 pread=9.348s
DBG getmany L41 nw=14 wall=0.713s thr(out)1 thr(in)16 conc_peak=14 pread=8.749s
DBG getmany L42 nw=14 wall=0.556s thr(out)1 thr(in)16 conc_peak=14 pread=7.280s
DBG getmany L43 nw=16 wall=0.822s thr(out)1 thr(in)16 conc_peak=16 pread=7.179s
DBG getmany L44 nw=16 wall=0.753s thr(out)1 thr(in)16 conc_peak=16 pread=10.138s
DBG getmany L45 nw=15 wall=0.774s thr(out)1 thr(in)16 conc_peak=15 pread=11.077s
DBG getmany L46 nw=14 wall=0.562s thr(out)1 thr(in)16 conc_peak=14 pread=6.082s
DBG getmany L47 nw=14 wall=0.738s thr(out)1 thr(in)16 conc_peak=14 pread=7.124s
DBG getmany L48 nw=15 wall=0.605s thr(out)1 thr(in)16 conc_peak=15 pread=6.263s
DBG getmany L49 nw=15 wall=0.776s thr(out)1 thr(in)16 conc_peak=15 pread=10.597s
DBG getmany L50 nw=15 wall=0.577s thr(out)1 thr(in)16 conc_peak=15 pread=6.953s
DBG getmany L51 nw=14 wall=0.735s thr(out)1 thr(in)16 conc_peak=14 pread=9.182s
DBG getmany L52 nw=13 wall=0.687s thr(out)1 thr(in)16 conc_peak=13 pread=7.995s
DBG getmany L53 nw=14 wall=0.721s thr(out)1 thr(in)16 conc_peak=5 pread=7.765s
DBG getmany L54 nw=15 wall=0.555s thr(out)1 thr(in)16 conc_peak=15 pread=6.695s
DBG getmany L55 nw=13 wall=0.707s thr(out)1 thr(in)16 conc_peak=13 pread=7.458s
DBG getmany L56 nw=15 wall=0.747s thr(out)1 thr(in)16 conc_peak=15 pread=10.683s
DBG getmany L57 nw=16 wall=0.773s thr(out)1 thr(in)16 conc_peak=16 pread=11.682s
DBG getmany L58 nw=13 wall=0.530s thr(out)1 thr(in)16 conc_peak=13 pread=6.015s
DBG getmany L59 nw=13 wall=0.718s thr(out)1 thr(in)16 conc_peak=13 pread=7.597s
DBG getmany L60 nw=15 wall=0.772s thr(out)1 thr(in)16 conc_peak=15 pread=10.687s
DBG getmany L61 nw=15 wall=0.740s thr(out)1 thr(in)16 conc_peak=15 pread=9.145s
DBG getmany L62 nw=12 wall=0.510s thr(out)1 thr(in)16 conc_peak=12 pread=5.583s
DBG getmany L63 nw=13 wall=0.733s thr(out)1 thr(in)16 conc_peak=13 pread=6.669s
DBG getmany L64 nw=14 wall=0.755s thr(out)1 thr(in)16 conc_peak=14 pread=6.979s
DBG getmany L65 nw=12 wall=0.712s thr(out)1 thr(in)16 conc_peak=12 pread=6.667s
DBG getmany L66 nw=14 wall=0.567s thr(out)1 thr(in)16 conc_peak=14 pread=6.771s
DBG getmany L67 nw=14 wall=0.758s thr(out)1 thr(in)16 conc_peak=14 pread=9.198s
DBG getmany L68 nw=13 wall=0.709s thr(out)1 thr(in)16 conc_peak=13 pread=8.549s
DBG getmany L69 nw=13 wall=0.737s thr(out)1 thr(in)16 conc_peak=13 pread=8.355s
DBG getmany L70 nw=12 wall=0.514s thr(out)1 thr(in)16 conc_peak=12 pread=5.541s
DBG getmany L71 nw=14 wall=0.786s thr(out)1 thr(in)16 conc_peak=14 pread=9.621s
DBG getmany L72 nw=15 wall=0.696s thr(out)1 thr(in)16 conc_peak=15 pread=7.421s
DBG getmany L73 nw=16 wall=0.777s thr(out)1 thr(in)16 conc_peak=16 pread=10.916s
DBG getmany L74 nw=16 wall=0.589s thr(out)1 thr(in)16 conc_peak=16 pread=7.839s
DBG getmany L75 nw=16 wall=0.784s thr(out)1 thr(in)16 conc_peak=16 pread=8.746s
DBG getmany L76 nw=16 wall=0.743s thr(out)1 thr(in)16 conc_peak=16 pread=9.245s
DBG getmany L77 nw=13 wall=0.723s thr(out)1 thr(in)16 conc_peak=13 pread=8.928s
DBG getmany L78 nw=14 wall=0.563s thr(out)1 thr(in)16 conc_peak=14 pread=7.296s
DBG getmany L79 nw=14 wall=0.752s thr(out)1 thr(in)16 conc_peak=14 pread=8.784s
DBG getmany L80 nw=16 wall=0.666s thr(out)1 thr(in)16 conc_peak=16 pread=7.633s
DBG getmany L81 nw=14 wall=0.747s thr(out)1 thr(in)16 conc_peak=14 pread=9.546s
DBG getmany L82 nw=15 wall=0.543s thr(out)1 thr(in)16 conc_peak=15 pread=7.631s
DBG getmany L83 nw=13 wall=0.746s thr(out)1 thr(in)16 conc_peak=13 pread=8.381s
DBG getmany L84 nw=10 wall=0.677s thr(out)1 thr(in)16 conc_peak=10 pread=3.323s
DBG getmany L85 nw=13 wall=0.719s thr(out)1 thr(in)16 conc_peak=10 pread=7.882s
DBG getmany L86 nw=14 wall=0.535s thr(out)1 thr(in)16 conc_peak=14 pread=6.066s
DBG getmany L87 nw=13 wall=0.697s thr(out)1 thr(in)16 conc_peak=13 pread=8.569s
DBG getmany L88 nw=12 wall=0.704s thr(out)1 thr(in)16 conc_peak=12 pread=6.968s
DBG getmany L89 nw=14 wall=0.766s thr(out)1 thr(in)16 conc_peak=14 pread=8.987s
DBG getmany L90 nw=13 wall=0.536s thr(out)1 thr(in)16 conc_peak=13 pread=4.526s
DBG getmany L91 nw=12 wall=0.520s thr(out)1 thr(in)16 conc_peak=12 pread=5.915s
DBG getmany L92 nw=13 wall=0.182s thr(out)1 thr(in)16 conc_peak=13 pread=1.427s
3      12         77.86        100.0      22.50      0.013
  L2   resident=6779/14589 slots hit=100.0% read=99.00GB write=0.00GB
DBG getmany L1 nw=13 wall=0.182s thr(out)1 thr(in)16 conc_peak=13 pread=1.427s
DBG getmany L2 nw=10 wall=0.142s thr(out)1 thr(in)16 conc_peak=7 pread=0.791s
DBG getmany L3 nw=10 wall=0.140s thr(out)1 thr(in)16 conc_peak=10 pread=0.812s
DBG getmany L4 nw=11 wall=0.154s thr(out)1 thr(in)16 conc_peak=11 pread=1.004s
DBG getmany L5 nw=11 wall=0.154s thr(out)1 thr(in)16 conc_peak=11 pread=0.960s
DBG getmany L6 nw=16 wall=0.226s thr(out)1 thr(in)16 conc_peak=16 pread=2.316s
DBG getmany L7 nw=15 wall=0.209s thr(out)1 thr(in)16 conc_peak=15 pread=1.822s
DBG getmany L8 nw=15 wall=0.214s thr(out)1 thr(in)16 conc_peak=15 pread=1.781s
DBG getmany L9 nw=11 wall=0.157s thr(out)1 thr(in)16 conc_peak=11 pread=0.979s
DBG getmany L10 nw=13 wall=0.181s thr(out)1 thr(in)16 conc_peak=13 pread=1.381s
DBG getmany L11 nw=10 wall=0.140s thr(out)1 thr(in)16 conc_peak=10 pread=0.801s
DBG getmany L12 nw=13 wall=0.183s thr(out)1 thr(in)16 conc_peak=13 pread=1.309s
DBG getmany L13 nw=13 wall=0.186s thr(out)1 thr(in)16 conc_peak=13 pread=1.360s
DBG getmany L14 nw=14 wall=0.198s thr(out)1 thr(in)16 conc_peak=14 pread=1.637s
DBG getmany L15 nw=11 wall=0.157s thr(out)1 thr(in)16 conc_peak=10 pread=0.975s
DBG getmany L16 nw=11 wall=0.151s thr(out)1 thr(in)16 conc_peak=11 pread=0.929s
DBG getmany L17 nw=12 wall=0.167s thr(out)1 thr(in)16 conc_peak=12 pread=1.159s
DBG getmany L18 nw=13 wall=0.181s thr(out)1 thr(in)16 conc_peak=13 pread=1.328s
DBG getmany L19 nw=10 wall=0.143s thr(out)1 thr(in)16 conc_peak=9 pread=0.835s
DBG getmany L20 nw=12 wall=0.172s thr(out)1 thr(in)16 conc_peak=12 pread=1.162s
DBG getmany L21 nw=13 wall=0.725s thr(out)1 thr(in)16 conc_peak=13 pread=8.496s
DBG getmany L22 nw=11 wall=0.514s thr(out)1 thr(in)16 conc_peak=11 pread=4.654s
DBG getmany L23 nw=11 wall=0.657s thr(out)1 thr(in)16 conc_peak=11 pread=6.457s
DBG getmany L24 nw=11 wall=0.755s thr(out)1 thr(in)16 conc_peak=11 pread=7.872s
DBG getmany L25 nw=15 wall=0.708s thr(out)1 thr(in)16 conc_peak=15 pread=8.471s
DBG getmany L26 nw=13 wall=0.537s thr(out)1 thr(in)16 conc_peak=13 pread=4.940s
DBG getmany L27 nw=15 wall=0.720s thr(out)1 thr(in)16 conc_peak=15 pread=9.355s
DBG getmany L28 nw=15 wall=0.704s thr(out)1 thr(in)16 conc_peak=15 pread=9.632s
DBG getmany L29 nw=13 wall=0.725s thr(out)1 thr(in)16 conc_peak=13 pread=8.768s
DBG getmany L30 nw=13 wall=0.552s thr(out)1 thr(in)16 conc_peak=11 pread=4.938s
DBG getmany L31 nw=14 wall=0.748s thr(out)1 thr(in)16 conc_peak=14 pread=8.774s
DBG getmany L32 nw=12 wall=0.645s thr(out)1 thr(in)16 conc_peak=11 pread=6.449s
DBG getmany L33 nw=12 wall=0.747s thr(out)1 thr(in)16 conc_peak=11 pread=7.635s
DBG getmany L34 nw=15 wall=0.573s thr(out)1 thr(in)16 conc_peak=15 pread=7.558s
DBG getmany L35 nw=13 wall=0.744s thr(out)1 thr(in)16 conc_peak=13 pread=9.017s
DBG getmany L36 nw=13 wall=0.726s thr(out)1 thr(in)16 conc_peak=9 pread=9.081s
DBG getmany L37 nw=13 wall=0.729s thr(out)1 thr(in)16 conc_peak=13 pread=6.976s
DBG getmany L38 nw=11 wall=0.486s thr(out)1 thr(in)16 conc_peak=9 pread=4.437s
DBG getmany L39 nw=12 wall=0.712s thr(out)1 thr(in)16 conc_peak=12 pread=7.262s
DBG getmany L40 nw=12 wall=0.723s thr(out)1 thr(in)16 conc_peak=8 pread=7.312s
DBG getmany L41 nw=11 wall=0.672s thr(out)1 thr(in)16 conc_peak=11 pread=5.919s
DBG getmany L42 nw=7 wall=0.315s thr(out)1 thr(in)16 conc_peak=7 pread=1.667s
DBG getmany L43 nw=12 wall=0.752s thr(out)1 thr(in)16 conc_peak=12 pread=8.417s
DBG getmany L44 nw=13 wall=0.660s thr(out)1 thr(in)16 conc_peak=13 pread=7.116s
DBG getmany L45 nw=9 wall=0.685s thr(out)1 thr(in)16 conc_peak=8 pread=5.705s
DBG getmany L46 nw=10 wall=0.500s thr(out)1 thr(in)16 conc_peak=10 pread=4.682s
DBG getmany L47 nw=11 wall=0.697s thr(out)1 thr(in)16 conc_peak=11 pread=6.677s
DBG getmany L48 nw=11 wall=0.633s thr(out)1 thr(in)16 conc_peak=11 pread=5.129s
DBG getmany L49 nw=14 wall=0.755s thr(out)1 thr(in)16 conc_peak=14 pread=8.478s
DBG getmany L50 nw=12 wall=0.529s thr(out)1 thr(in)16 conc_peak=11 pread=5.131s
DBG getmany L51 nw=11 wall=0.687s thr(out)1 thr(in)16 conc_peak=11 pread=6.826s
DBG getmany L52 nw=12 wall=0.677s thr(out)1 thr(in)16 conc_peak=12 pread=6.846s
DBG getmany L53 nw=11 wall=0.702s thr(out)1 thr(in)16 conc_peak=11 pread=6.356s
DBG getmany L54 nw=12 wall=0.521s thr(out)1 thr(in)16 conc_peak=12 pread=4.977s
DBG getmany L55 nw=11 wall=0.705s thr(out)1 thr(in)16 conc_peak=11 pread=6.303s
DBG getmany L56 nw=12 wall=0.710s thr(out)1 thr(in)16 conc_peak=12 pread=7.094s
DBG getmany L57 nw=15 wall=0.767s thr(out)1 thr(in)16 conc_peak=15 pread=10.312s
DBG getmany L58 nw=14 wall=0.554s thr(out)1 thr(in)16 conc_peak=14 pread=6.637s
DBG getmany L59 nw=13 wall=0.730s thr(out)1 thr(in)16 conc_peak=13 pread=8.530s
DBG getmany L60 nw=16 wall=0.798s thr(out)1 thr(in)16 conc_peak=16 pread=10.941s
DBG getmany L61 nw=15 wall=0.741s thr(out)1 thr(in)16 conc_peak=15 pread=8.954s
DBG getmany L62 nw=13 wall=0.543s thr(out)1 thr(in)16 conc_peak=12 pread=6.461s
DBG getmany L63 nw=15 wall=0.796s thr(out)1 thr(in)16 conc_peak=15 pread=10.631s
DBG getmany L64 nw=13 wall=0.746s thr(out)1 thr(in)16 conc_peak=13 pread=7.744s
DBG getmany L65 nw=15 wall=0.753s thr(out)1 thr(in)16 conc_peak=14 pread=10.030s
DBG getmany L66 nw=16 wall=0.596s thr(out)1 thr(in)16 conc_peak=16 pread=7.188s
DBG getmany L67 nw=12 wall=0.732s thr(out)1 thr(in)16 conc_peak=12 pread=7.721s
DBG getmany L68 nw=14 wall=0.733s thr(out)1 thr(in)16 conc_peak=14 pread=8.453s
DBG getmany L69 nw=14 wall=0.757s thr(out)1 thr(in)16 conc_peak=14 pread=9.756s
DBG getmany L70 nw=13 wall=0.528s thr(out)1 thr(in)16 conc_peak=13 pread=5.988s
DBG getmany L71 nw=14 wall=0.803s thr(out)1 thr(in)16 conc_peak=12 pread=9.742s
DBG getmany L72 nw=16 wall=0.773s thr(out)1 thr(in)16 conc_peak=16 pread=9.522s
DBG getmany L73 nw=16 wall=0.782s thr(out)1 thr(in)16 conc_peak=16 pread=10.561s
DBG getmany L74 nw=16 wall=0.569s thr(out)1 thr(in)16 conc_peak=16 pread=7.954s
DBG getmany L75 nw=15 wall=0.794s thr(out)1 thr(in)16 conc_peak=15 pread=5.700s
DBG getmany L76 nw=16 wall=0.749s thr(out)1 thr(in)16 conc_peak=16 pread=11.155s
DBG getmany L77 nw=14 wall=0.747s thr(out)1 thr(in)16 conc_peak=14 pread=9.892s
DBG getmany L78 nw=14 wall=0.573s thr(out)1 thr(in)16 conc_peak=14 pread=7.090s
DBG getmany L79 nw=15 wall=0.762s thr(out)1 thr(in)16 conc_peak=15 pread=10.807s
DBG getmany L80 nw=16 wall=0.747s thr(out)1 thr(in)16 conc_peak=16 pread=10.557s
DBG getmany L81 nw=15 wall=0.784s thr(out)1 thr(in)16 conc_peak=15 pread=8.633s
DBG getmany L82 nw=16 wall=0.584s thr(out)1 thr(in)16 conc_peak=16 pread=8.189s
DBG getmany L83 nw=14 wall=0.767s thr(out)1 thr(in)16 conc_peak=14 pread=8.631s
DBG getmany L84 nw=13 wall=0.726s thr(out)1 thr(in)16 conc_peak=13 pread=8.493s
DBG getmany L85 nw=15 wall=0.762s thr(out)1 thr(in)16 conc_peak=15 pread=9.212s
DBG getmany L86 nw=15 wall=0.580s thr(out)1 thr(in)16 conc_peak=15 pread=7.374s
DBG getmany L87 nw=14 wall=0.728s thr(out)1 thr(in)16 conc_peak=14 pread=9.246s
DBG getmany L88 nw=13 wall=0.730s thr(out)1 thr(in)16 conc_peak=13 pread=7.078s
DBG getmany L89 nw=10 wall=0.705s thr(out)1 thr(in)16 conc_peak=10 pread=6.715s
DBG getmany L90 nw=9 wall=0.481s thr(out)1 thr(in)16 conc_peak=9 pread=3.675s
DBG getmany L91 nw=9 wall=0.493s thr(out)1 thr(in)16 conc_peak=9 pread=4.114s
DBG getmany L92 nw=14 wall=0.229s thr(out)1 thr(in)16 conc_peak=14 pread=1.843s
4      2975       69.69        98.7       21.16      0.014
  L2   resident=6779/14589 slots hit=100.0% read=119.83GB write=0.00GB
DBG getmany L1 nw=13 wall=0.196s thr(out)1 thr(in)16 conc_peak=11 pread=1.477s
DBG getmany L2 nw=12 wall=0.187s thr(out)1 thr(in)16 conc_peak=12 pread=1.255s
DBG getmany L3 nw=11 wall=0.160s thr(out)1 thr(in)16 conc_peak=6 pread=0.990s
DBG getmany L4 nw=13 wall=0.202s thr(out)1 thr(in)16 conc_peak=13 pread=1.611s
DBG getmany L5 nw=12 wall=0.185s thr(out)1 thr(in)16 conc_peak=12 pread=1.282s
DBG getmany L6 nw=16 wall=0.243s thr(out)1 thr(in)16 conc_peak=16 pread=2.270s
DBG getmany L7 nw=15 wall=0.222s thr(out)1 thr(in)16 conc_peak=15 pread=2.020s
DBG getmany L8 nw=15 wall=0.227s thr(out)1 thr(in)16 conc_peak=15 pread=2.050s
DBG getmany L9 nw=12 wall=0.179s thr(out)1 thr(in)16 conc_peak=12 pread=1.289s
DBG getmany L10 nw=11 wall=0.156s thr(out)1 thr(in)16 conc_peak=11 pread=0.972s
DBG getmany L11 nw=12 wall=0.178s thr(out)1 thr(in)16 conc_peak=12 pread=1.206s
DBG getmany L12 nw=14 wall=0.205s thr(out)1 thr(in)16 conc_peak=14 pread=1.646s
DBG getmany L13 nw=13 wall=0.203s thr(out)1 thr(in)16 conc_peak=13 pread=1.535s
DBG getmany L14 nw=14 wall=0.216s thr(out)1 thr(in)16 conc_peak=14 pread=1.783s
DBG getmany L15 nw=12 wall=0.192s thr(out)1 thr(in)16 conc_peak=6 pread=1.386s
DBG getmany L16 nw=12 wall=0.188s thr(out)1 thr(in)16 conc_peak=12 pread=1.230s
DBG getmany L17 nw=14 wall=0.209s thr(out)1 thr(in)16 conc_peak=14 pread=1.710s
DBG getmany L18 nw=13 wall=0.198s thr(out)1 thr(in)16 conc_peak=13 pread=1.482s
DBG getmany L19 nw=13 wall=0.200s thr(out)1 thr(in)16 conc_peak=12 pread=1.461s
DBG getmany L20 nw=11 wall=0.163s thr(out)1 thr(in)16 conc_peak=11 pread=1.097s
DBG getmany L21 nw=14 wall=0.748s thr(out)1 thr(in)16 conc_peak=14 pread=8.801s
DBG getmany L22 nw=13 wall=0.559s thr(out)1 thr(in)16 conc_peak=13 pread=6.766s
DBG getmany L23 nw=13 wall=0.692s thr(out)1 thr(in)16 conc_peak=12 pread=7.708s
DBG getmany L24 nw=14 wall=0.813s thr(out)1 thr(in)16 conc_peak=14 pread=9.593s
DBG getmany L25 nw=16 wall=0.780s thr(out)1 thr(in)16 conc_peak=16 pread=10.693s
DBG getmany L26 nw=11 wall=0.517s thr(out)1 thr(in)16 conc_peak=11 pread=5.146s
DBG getmany L27 nw=15 wall=0.721s thr(out)1 thr(in)16 conc_peak=15 pread=9.226s
DBG getmany L28 nw=15 wall=0.630s thr(out)1 thr(in)16 conc_peak=15 pread=7.308s
DBG getmany L29 nw=14 wall=0.736s thr(out)1 thr(in)16 conc_peak=14 pread=8.381s
DBG getmany L30 nw=14 wall=0.567s thr(out)1 thr(in)16 conc_peak=14 pread=7.482s
DBG getmany L31 nw=14 wall=0.761s thr(out)1 thr(in)16 conc_peak=14 pread=6.047s
DBG getmany L32 nw=13 wall=0.732s thr(out)1 thr(in)16 conc_peak=13 pread=8.536s
DBG getmany L33 nw=9 wall=0.718s thr(out)1 thr(in)16 conc_peak=8 pread=5.860s
DBG getmany L34 nw=15 wall=0.582s thr(out)1 thr(in)16 conc_peak=12 pread=6.971s
DBG getmany L35 nw=15 wall=0.790s thr(out)1 thr(in)16 conc_peak=15 pread=10.627s
DBG getmany L36 nw=15 wall=0.766s thr(out)1 thr(in)16 conc_peak=15 pread=9.917s
DBG getmany L37 nw=14 wall=0.738s thr(out)1 thr(in)16 conc_peak=14 pread=7.307s
DBG getmany L38 nw=11 wall=0.489s thr(out)1 thr(in)16 conc_peak=11 pread=4.184s
DBG getmany L39 nw=12 wall=0.722s thr(out)1 thr(in)16 conc_peak=12 pread=7.379s
DBG getmany L40 nw=12 wall=0.731s thr(out)1 thr(in)16 conc_peak=12 pread=6.700s
DBG getmany L41 nw=12 wall=0.707s thr(out)1 thr(in)16 conc_peak=11 pread=7.550s
DBG getmany L42 nw=9 wall=0.411s thr(out)1 thr(in)16 conc_peak=7 pread=2.870s
DBG getmany L43 nw=11 wall=0.741s thr(out)1 thr(in)16 conc_peak=11 pread=5.865s
DBG getmany L44 nw=14 wall=0.765s thr(out)1 thr(in)16 conc_peak=14 pread=7.312s
DBG getmany L45 nw=11 wall=0.717s thr(out)1 thr(in)16 conc_peak=7 pread=7.134s
DBG getmany L46 nw=11 wall=0.427s thr(out)1 thr(in)16 conc_peak=11 pread=3.661s
DBG getmany L47 nw=13 wall=0.705s thr(out)1 thr(in)16 conc_peak=13 pread=7.912s
DBG getmany L48 nw=12 wall=0.701s thr(out)1 thr(in)16 conc_peak=12 pread=6.571s
DBG getmany L49 nw=15 wall=0.778s thr(out)1 thr(in)16 conc_peak=14 pread=10.114s
DBG getmany L50 nw=13 wall=0.548s thr(out)1 thr(in)16 conc_peak=13 pread=6.268s
DBG getmany L51 nw=13 wall=0.711s thr(out)1 thr(in)16 conc_peak=13 pread=8.247s
DBG getmany L52 nw=12 wall=0.680s thr(out)1 thr(in)16 conc_peak=11 pread=7.492s
DBG getmany L53 nw=13 wall=0.732s thr(out)1 thr(in)16 conc_peak=13 pread=7.747s
DBG getmany L54 nw=14 wall=0.569s thr(out)1 thr(in)16 conc_peak=14 pread=6.608s
DBG getmany L55 nw=13 wall=0.733s thr(out)1 thr(in)16 conc_peak=13 pread=8.002s
DBG getmany L56 nw=15 wall=0.766s thr(out)1 thr(in)16 conc_peak=15 pread=10.028s
DBG getmany L57 nw=15 wall=0.776s thr(out)1 thr(in)16 conc_peak=15 pread=9.601s
DBG getmany L58 nw=10 wall=0.514s thr(out)1 thr(in)16 conc_peak=10 pread=4.710s
DBG getmany L59 nw=10 wall=0.701s thr(out)1 thr(in)16 conc_peak=10 pread=6.061s
DBG getmany L60 nw=13 wall=0.752s thr(out)1 thr(in)16 conc_peak=12 pread=8.466s
DBG getmany L61 nw=14 wall=0.733s thr(out)1 thr(in)16 conc_peak=11 pread=9.823s
DBG getmany L62 nw=10 wall=0.505s thr(out)1 thr(in)16 conc_peak=9 pread=4.474s
DBG getmany L63 nw=14 wall=0.762s thr(out)1 thr(in)16 conc_peak=13 pread=9.380s
DBG getmany L64 nw=12 wall=0.724s thr(out)1 thr(in)16 conc_peak=12 pread=7.883s
DBG getmany L65 nw=13 wall=0.695s thr(out)1 thr(in)16 conc_peak=13 pread=8.478s
DBG getmany L66 nw=13 wall=0.552s thr(out)1 thr(in)16 conc_peak=13 pread=5.989s
DBG getmany L67 nw=14 wall=0.773s thr(out)1 thr(in)16 conc_peak=14 pread=7.091s
DBG getmany L68 nw=15 wall=0.745s thr(out)1 thr(in)16 conc_peak=15 pread=10.301s
DBG getmany L69 nw=10 wall=0.702s thr(out)1 thr(in)16 conc_peak=10 pread=5.894s
DBG getmany L70 nw=8 wall=0.427s thr(out)1 thr(in)16 conc_peak=7 pread=2.500s
DBG getmany L71 nw=13 wall=0.782s thr(out)1 thr(in)16 conc_peak=12 pread=8.885s
DBG getmany L72 nw=12 wall=0.750s thr(out)1 thr(in)16 conc_peak=12 pread=6.809s
DBG getmany L73 nw=12 wall=0.522s thr(out)1 thr(in)16 conc_peak=12 pread=4.714s
DBG getmany L74 nw=9 wall=0.484s thr(out)1 thr(in)16 conc_peak=9 pread=3.852s
DBG getmany L75 nw=8 wall=0.663s thr(out)1 thr(in)16 conc_peak=8 pread=3.277s
DBG getmany L76 nw=13 wall=0.698s thr(out)1 thr(in)16 conc_peak=13 pread=8.099s
DBG getmany L77 nw=9 wall=0.686s thr(out)1 thr(in)16 conc_peak=9 pread=5.012s
DBG getmany L78 nw=10 wall=0.523s thr(out)1 thr(in)16 conc_peak=10 pread=4.915s
DBG getmany L79 nw=9 wall=0.695s thr(out)1 thr(in)16 conc_peak=9 pread=4.844s
DBG getmany L80 nw=13 wall=0.708s thr(out)1 thr(in)16 conc_peak=12 pread=8.613s
DBG getmany L81 nw=14 wall=0.776s thr(out)1 thr(in)16 conc_peak=14 pread=9.501s
DBG getmany L82 nw=13 wall=0.553s thr(out)1 thr(in)16 conc_peak=13 pread=4.813s
DBG getmany L83 nw=12 wall=0.747s thr(out)1 thr(in)16 conc_peak=10 pread=6.397s
DBG getmany L84 nw=13 wall=0.743s thr(out)1 thr(in)16 conc_peak=11 pread=8.049s
DBG getmany L85 nw=13 wall=0.741s thr(out)1 thr(in)16 conc_peak=13 pread=7.267s
DBG getmany L86 nw=12 wall=0.544s thr(out)1 thr(in)16 conc_peak=9 pread=5.269s
DBG getmany L87 nw=9 wall=0.664s thr(out)1 thr(in)16 conc_peak=8 pread=4.877s
DBG getmany L88 nw=13 wall=0.732s thr(out)1 thr(in)16 conc_peak=13 pread=8.644s
DBG getmany L89 nw=10 wall=0.712s thr(out)1 thr(in)16 conc_peak=10 pread=5.004s
DBG getmany L90 nw=10 wall=0.483s thr(out)1 thr(in)16 conc_peak=10 pread=3.433s
DBG getmany L91 nw=9 wall=0.485s thr(out)1 thr(in)16 conc_peak=9 pread=3.640s
DBG getmany L92 nw=12 wall=0.173s thr(out)1 thr(in)16 conc_peak=12 pread=1.187s
5      15         66.38        100.0      20.13      0.015
  L2   resident=6779/14589 slots hit=100.0% read=139.96GB write=0.00GB
DBG getmany L1 nw=14 wall=0.200s thr(out)1 thr(in)16 conc_peak=14 pread=1.660s
DBG getmany L2 nw=12 wall=0.180s thr(out)1 thr(in)16 conc_peak=12 pread=1.306s
DBG getmany L3 nw=10 wall=0.147s thr(out)1 thr(in)16 conc_peak=10 pread=0.831s
DBG getmany L4 nw=12 wall=0.182s thr(out)1 thr(in)16 conc_peak=12 pread=1.220s
DBG getmany L5 nw=7 wall=0.107s thr(out)1 thr(in)16 conc_peak=7 pread=0.438s
DBG getmany L6 nw=15 wall=0.215s thr(out)1 thr(in)16 conc_peak=15 pread=2.084s
DBG getmany L7 nw=14 wall=0.200s thr(out)1 thr(in)16 conc_peak=12 pread=1.599s
DBG getmany L8 nw=14 wall=0.203s thr(out)1 thr(in)16 conc_peak=12 pread=1.796s
DBG getmany L9 nw=12 wall=0.185s thr(out)1 thr(in)16 conc_peak=12 pread=1.276s
DBG getmany L10 nw=10 wall=0.145s thr(out)1 thr(in)16 conc_peak=10 pread=0.831s
DBG getmany L11 nw=12 wall=0.176s thr(out)1 thr(in)16 conc_peak=11 pread=1.250s
DBG getmany L12 nw=13 wall=0.194s thr(out)1 thr(in)16 conc_peak=13 pread=1.492s
DBG getmany L13 nw=13 wall=0.199s thr(out)1 thr(in)16 conc_peak=10 pread=1.537s
DBG getmany L14 nw=16 wall=0.240s thr(out)1 thr(in)16 conc_peak=16 pread=2.168s
DBG getmany L15 nw=14 wall=0.209s thr(out)1 thr(in)16 conc_peak=14 pread=1.741s
DBG getmany L16 nw=11 wall=0.167s thr(out)1 thr(in)16 conc_peak=11 pread=1.088s
DBG getmany L17 nw=13 wall=0.193s thr(out)1 thr(in)16 conc_peak=13 pread=1.434s
DBG getmany L18 nw=12 wall=0.179s thr(out)1 thr(in)16 conc_peak=7 pread=1.221s
DBG getmany L19 nw=14 wall=0.210s thr(out)1 thr(in)16 conc_peak=11 pread=1.758s
DBG getmany L20 nw=10 wall=0.150s thr(out)1 thr(in)16 conc_peak=10 pread=0.856s
DBG getmany L21 nw=13 wall=0.730s thr(out)1 thr(in)16 conc_peak=13 pread=7.596s
DBG getmany L22 nw=10 wall=0.519s thr(out)1 thr(in)16 conc_peak=10 pread=4.071s
DBG getmany L23 nw=12 wall=0.678s thr(out)1 thr(in)16 conc_peak=11 pread=6.962s
DBG getmany L24 nw=15 wall=0.815s thr(out)1 thr(in)16 conc_peak=15 pread=10.889s
DBG getmany L25 nw=13 wall=0.733s thr(out)1 thr(in)16 conc_peak=13 pread=9.018s
DBG getmany L26 nw=13 wall=0.524s thr(out)1 thr(in)16 conc_peak=12 pread=5.942s
DBG getmany L27 nw=15 wall=0.661s thr(out)1 thr(in)16 conc_peak=15 pread=9.047s
DBG getmany L28 nw=14 wall=0.678s thr(out)1 thr(in)16 conc_peak=14 pread=7.589s
DBG getmany L29 nw=14 wall=0.742s thr(out)1 thr(in)16 conc_peak=14 pread=9.517s
DBG getmany L30 nw=11 wall=0.531s thr(out)1 thr(in)16 conc_peak=11 pread=5.515s
DBG getmany L31 nw=13 wall=0.737s thr(out)1 thr(in)16 conc_peak=13 pread=7.651s
DBG getmany L32 nw=11 wall=0.700s thr(out)1 thr(in)16 conc_peak=11 pread=4.131s
DBG getmany L33 nw=14 wall=0.786s thr(out)1 thr(in)16 conc_peak=14 pread=10.079s
DBG getmany L34 nw=14 wall=0.562s thr(out)1 thr(in)16 conc_peak=14 pread=6.795s
DBG getmany L35 nw=11 wall=0.729s thr(out)1 thr(in)16 conc_peak=9 pread=7.527s
DBG getmany L36 nw=14 wall=0.763s thr(out)1 thr(in)16 conc_peak=14 pread=8.770s
DBG getmany L37 nw=14 wall=0.733s thr(out)1 thr(in)16 conc_peak=14 pread=8.792s
DBG getmany L38 nw=11 wall=0.477s thr(out)1 thr(in)16 conc_peak=10 pread=4.474s
DBG getmany L39 nw=14 wall=0.735s thr(out)1 thr(in)16 conc_peak=14 pread=8.982s
DBG getmany L40 nw=13 wall=0.698s thr(out)1 thr(in)16 conc_peak=13 pread=7.225s
DBG getmany L41 nw=9 wall=0.651s thr(out)1 thr(in)16 conc_peak=9 pread=5.553s
DBG getmany L42 nw=8 wall=0.463s thr(out)1 thr(in)16 conc_peak=8 pread=2.860s
DBG getmany L43 nw=9 wall=0.708s thr(out)1 thr(in)16 conc_peak=5 pread=4.737s
DBG getmany L44 nw=12 wall=0.725s thr(out)1 thr(in)16 conc_peak=12 pread=5.817s
DBG getmany L45 nw=10 wall=0.684s thr(out)1 thr(in)16 conc_peak=10 pread=5.320s
DBG getmany L46 nw=10 wall=0.494s thr(out)1 thr(in)16 conc_peak=9 pread=4.182s
DBG getmany L47 nw=11 wall=0.683s thr(out)1 thr(in)16 conc_peak=11 pread=6.775s
DBG getmany L48 nw=13 wall=0.654s thr(out)1 thr(in)16 conc_peak=13 pread=7.353s
DBG getmany L49 nw=15 wall=0.757s thr(out)1 thr(in)16 conc_peak=15 pread=8.926s
DBG getmany L50 nw=12 wall=0.514s thr(out)1 thr(in)16 conc_peak=12 pread=5.371s
DBG getmany L51 nw=11 wall=0.678s thr(out)1 thr(in)16 conc_peak=11 pread=6.240s
DBG getmany L52 nw=13 wall=0.669s thr(out)1 thr(in)16 conc_peak=13 pread=7.196s
DBG getmany L53 nw=12 wall=0.718s thr(out)1 thr(in)16 conc_peak=12 pread=4.779s
DBG getmany L54 nw=12 wall=0.530s thr(out)1 thr(in)16 conc_peak=9 pread=5.475s
DBG getmany L55 nw=12 wall=0.710s thr(out)1 thr(in)16 conc_peak=12 pread=8.097s
DBG getmany L56 nw=11 wall=0.703s thr(out)1 thr(in)16 conc_peak=9 pread=6.490s
DBG getmany L57 nw=14 wall=0.750s thr(out)1 thr(in)16 conc_peak=14 pread=9.391s
DBG getmany L58 nw=10 wall=0.517s thr(out)1 thr(in)16 conc_peak=10 pread=3.459s
DBG getmany L59 nw=9 wall=0.663s thr(out)1 thr(in)16 conc_peak=9 pread=4.857s
DBG getmany L60 nw=12 wall=0.731s thr(out)1 thr(in)16 conc_peak=6 pread=5.079s
DBG getmany L61 nw=12 wall=0.697s thr(out)1 thr(in)16 conc_peak=12 pread=6.728s
DBG getmany L62 nw=13 wall=0.480s thr(out)1 thr(in)16 conc_peak=13 pread=4.188s
DBG getmany L63 nw=12 wall=0.720s thr(out)1 thr(in)16 conc_peak=12 pread=7.809s
DBG getmany L64 nw=12 wall=0.723s thr(out)1 thr(in)16 conc_peak=12 pread=8.387s
DBG getmany L65 nw=11 wall=0.700s thr(out)1 thr(in)16 conc_peak=11 pread=7.383s
DBG getmany L66 nw=10 wall=0.513s thr(out)1 thr(in)16 conc_peak=10 pread=4.327s
DBG getmany L67 nw=13 wall=0.740s thr(out)1 thr(in)16 conc_peak=12 pread=7.976s
DBG getmany L68 nw=12 wall=0.661s thr(out)1 thr(in)16 conc_peak=11 pread=6.185s
DBG getmany L69 nw=12 wall=0.730s thr(out)1 thr(in)16 conc_peak=12 pread=7.881s
DBG getmany L70 nw=10 wall=0.485s thr(out)1 thr(in)16 conc_peak=10 pread=4.064s
DBG getmany L71 nw=10 wall=0.721s thr(out)1 thr(in)16 conc_peak=10 pread=6.082s
DBG getmany L72 nw=11 wall=0.722s thr(out)1 thr(in)16 conc_peak=10 pread=7.167s
DBG getmany L73 nw=13 wall=0.742s thr(out)1 thr(in)16 conc_peak=13 pread=8.842s
DBG getmany L74 nw=7 wall=0.460s thr(out)1 thr(in)16 conc_peak=7 pread=2.050s
DBG getmany L75 nw=8 wall=0.665s thr(out)1 thr(in)16 conc_peak=8 pread=4.832s
DBG getmany L76 nw=10 wall=0.644s thr(out)1 thr(in)16 conc_peak=10 pread=5.521s
DBG getmany L77 nw=9 wall=0.676s thr(out)1 thr(in)16 conc_peak=9 pread=5.605s
DBG getmany L78 nw=11 wall=0.521s thr(out)1 thr(in)16 conc_peak=11 pread=4.973s
DBG getmany L79 nw=9 wall=0.675s thr(out)1 thr(in)16 conc_peak=9 pread=3.705s
DBG getmany L80 nw=10 wall=0.659s thr(out)1 thr(in)16 conc_peak=8 pread=6.053s
DBG getmany L81 nw=13 wall=0.747s thr(out)1 thr(in)16 conc_peak=13 pread=7.784s
DBG getmany L82 nw=11 wall=0.509s thr(out)1 thr(in)16 conc_peak=10 pread=4.484s
DBG getmany L83 nw=11 wall=0.733s thr(out)1 thr(in)16 conc_peak=11 pread=5.243s
DBG getmany L84 nw=12 wall=0.722s thr(out)1 thr(in)16 conc_peak=12 pread=7.949s
DBG getmany L85 nw=10 wall=0.659s thr(out)1 thr(in)16 conc_peak=9 pread=5.781s
DBG getmany L86 nw=11 wall=0.503s thr(out)1 thr(in)16 conc_peak=11 pread=3.863s
DBG getmany L87 nw=9 wall=0.639s thr(out)1 thr(in)16 conc_peak=9 pread=4.851s
DBG getmany L88 nw=11 wall=0.698s thr(out)1 thr(in)16 conc_peak=10 pread=6.424s
DBG getmany L89 nw=7 wall=0.663s thr(out)1 thr(in)16 conc_peak=7 pread=3.841s
DBG getmany L90 nw=8 wall=0.454s thr(out)1 thr(in)16 conc_peak=8 pread=3.045s
DBG getmany L91 nw=8 wall=0.460s thr(out)1 thr(in)16 conc_peak=5 pread=3.212s
DBG getmany L92 nw=11 wall=0.157s thr(out)1 thr(in)16 conc_peak=11 pread=0.979s
6      3629       65.63        99.9       18.79      0.015
  L2   resident=6779/14589 slots hit=100.0% read=158.72GB write=0.00GB
DBG getmany L1 nw=15 wall=0.217s thr(out)1 thr(in)16 conc_peak=15 pread=1.909s
DBG getmany L2 nw=14 wall=0.206s thr(out)1 thr(in)16 conc_peak=14 pread=1.672s
DBG getmany L3 nw=10 wall=0.146s thr(out)1 thr(in)16 conc_peak=10 pread=0.825s
DBG getmany L4 nw=14 wall=0.204s thr(out)1 thr(in)16 conc_peak=14 pread=1.582s
DBG getmany L5 nw=13 wall=0.190s thr(out)1 thr(in)16 conc_peak=12 pread=1.459s
DBG getmany L6 nw=15 wall=0.217s thr(out)1 thr(in)16 conc_peak=15 pread=1.982s
DBG getmany L7 nw=15 wall=0.217s thr(out)1 thr(in)16 conc_peak=15 pread=1.842s
DBG getmany L8 nw=15 wall=0.219s thr(out)1 thr(in)16 conc_peak=15 pread=2.058s
DBG getmany L9 nw=15 wall=0.212s thr(out)1 thr(in)16 conc_peak=15 pread=1.840s
DBG getmany L10 nw=12 wall=0.170s thr(out)1 thr(in)16 conc_peak=12 pread=1.222s
DBG getmany L11 nw=13 wall=0.185s thr(out)1 thr(in)16 conc_peak=11 pread=1.336s
DBG getmany L12 nw=13 wall=0.183s thr(out)1 thr(in)16 conc_peak=11 pread=1.383s
DBG getmany L13 nw=15 wall=0.221s thr(out)1 thr(in)16 conc_peak=15 pread=2.064s
DBG getmany L14 nw=16 wall=0.236s thr(out)1 thr(in)16 conc_peak=16 pread=2.324s
DBG getmany L15 nw=15 wall=0.217s thr(out)1 thr(in)16 conc_peak=15 pread=1.855s
DBG getmany L16 nw=14 wall=0.210s thr(out)1 thr(in)16 conc_peak=14 pread=1.633s
DBG getmany L17 nw=13 wall=0.189s thr(out)1 thr(in)16 conc_peak=13 pread=1.508s
DBG getmany L18 nw=11 wall=0.167s thr(out)1 thr(in)16 conc_peak=11 pread=1.175s
DBG getmany L19 nw=15 wall=0.217s thr(out)1 thr(in)16 conc_peak=15 pread=1.941s
DBG getmany L20 nw=12 wall=0.172s thr(out)1 thr(in)16 conc_peak=8 pread=1.167s
DBG getmany L21 nw=14 wall=0.738s thr(out)1 thr(in)16 conc_peak=14 pread=9.616s
DBG getmany L22 nw=14 wall=0.561s thr(out)1 thr(in)16 conc_peak=14 pread=6.369s
DBG getmany L23 nw=14 wall=0.610s thr(out)1 thr(in)16 conc_peak=14 pread=5.299s
DBG getmany L24 nw=15 wall=0.822s thr(out)1 thr(in)16 conc_peak=12 pread=11.173s
DBG getmany L25 nw=13 wall=0.736s thr(out)1 thr(in)16 conc_peak=13 pread=7.890s
DBG getmany L26 nw=14 wall=0.557s thr(out)1 thr(in)16 conc_peak=14 pread=6.175s
DBG getmany L27 nw=16 wall=0.733s thr(out)1 thr(in)16 conc_peak=16 pread=10.153s
DBG getmany L28 nw=15 wall=0.693s thr(out)1 thr(in)16 conc_peak=15 pread=9.615s
DBG getmany L29 nw=13 wall=0.722s thr(out)1 thr(in)16 conc_peak=13 pread=6.544s
DBG getmany L30 nw=12 wall=0.535s thr(out)1 thr(in)16 conc_peak=12 pread=5.837s
DBG getmany L31 nw=15 wall=0.763s thr(out)1 thr(in)16 conc_peak=15 pread=11.018s
DBG getmany L32 nw=12 wall=0.715s thr(out)1 thr(in)16 conc_peak=8 pread=7.784s
DBG getmany L33 nw=14 wall=0.778s thr(out)1 thr(in)16 conc_peak=14 pread=9.478s
DBG getmany L34 nw=13 wall=0.568s thr(out)1 thr(in)16 conc_peak=13 pread=5.115s
DBG getmany L35 nw=13 wall=0.754s thr(out)1 thr(in)16 conc_peak=13 pread=8.996s
DBG getmany L36 nw=13 wall=0.745s thr(out)1 thr(in)16 conc_peak=13 pread=8.801s
DBG getmany L37 nw=14 wall=0.753s thr(out)1 thr(in)16 conc_peak=14 pread=8.514s
DBG getmany L38 nw=12 wall=0.506s thr(out)1 thr(in)16 conc_peak=12 pread=5.346s
DBG getmany L39 nw=13 wall=0.748s thr(out)1 thr(in)16 conc_peak=13 pread=7.473s
DBG getmany L40 nw=13 wall=0.732s thr(out)1 thr(in)16 conc_peak=13 pread=6.672s
DBG getmany L41 nw=11 wall=0.686s thr(out)1 thr(in)16 conc_peak=11 pread=7.056s
DBG getmany L42 nw=9 wall=0.477s thr(out)1 thr(in)16 conc_peak=9 pread=3.735s
DBG getmany L43 nw=10 wall=0.524s thr(out)1 thr(in)16 conc_peak=10 pread=4.378s
DBG getmany L44 nw=13 wall=0.740s thr(out)1 thr(in)16 conc_peak=13 pread=8.912s
DBG getmany L45 nw=14 wall=0.757s thr(out)1 thr(in)16 conc_peak=14 pread=6.601s
DBG getmany L46 nw=13 wall=0.549s thr(out)1 thr(in)16 conc_peak=13 pread=6.280s
DBG getmany L47 nw=13 wall=0.718s thr(out)1 thr(in)16 conc_peak=13 pread=7.843s
DBG getmany L48 nw=12 wall=0.656s thr(out)1 thr(in)16 conc_peak=12 pread=6.644s
DBG getmany L49 nw=15 wall=0.762s thr(out)1 thr(in)16 conc_peak=15 pread=9.526s
DBG getmany L50 nw=14 wall=0.559s thr(out)1 thr(in)16 conc_peak=14 pread=6.813s
DBG getmany L51 nw=12 wall=0.700s thr(out)1 thr(in)16 conc_peak=12 pread=6.726s
DBG getmany L52 nw=12 wall=0.689s thr(out)1 thr(in)16 conc_peak=12 pread=6.878s
DBG getmany L53 nw=13 wall=0.695s thr(out)1 thr(in)16 conc_peak=13 pread=7.474s
DBG getmany L54 nw=12 wall=0.529s thr(out)1 thr(in)16 conc_peak=10 pread=5.655s
DBG getmany L55 nw=15 wall=0.748s thr(out)1 thr(in)16 conc_peak=15 pread=10.247s
DBG getmany L56 nw=13 wall=0.713s thr(out)1 thr(in)16 conc_peak=13 pread=8.455s
DBG getmany L57 nw=16 wall=0.786s thr(out)1 thr(in)16 conc_peak=16 pread=11.091s
DBG getmany L58 nw=11 wall=0.523s thr(out)1 thr(in)16 conc_peak=11 pread=4.784s
DBG getmany L59 nw=11 wall=0.717s thr(out)1 thr(in)16 conc_peak=11 pread=7.242s
DBG getmany L60 nw=13 wall=0.735s thr(out)1 thr(in)16 conc_peak=13 pread=9.176s
DBG getmany L61 nw=15 wall=0.594s thr(out)1 thr(in)16 conc_peak=15 pread=6.870s
DBG getmany L62 nw=12 wall=0.499s thr(out)1 thr(in)16 conc_peak=12 pread=4.517s
DBG getmany L63 nw=13 wall=0.724s thr(out)1 thr(in)16 conc_peak=12 pread=7.713s
DBG getmany L64 nw=13 wall=0.721s thr(out)1 thr(in)16 conc_peak=13 pread=7.714s
DBG getmany L65 nw=13 wall=0.718s thr(out)1 thr(in)16 conc_peak=13 pread=7.770s
DBG getmany L66 nw=13 wall=0.532s thr(out)1 thr(in)16 conc_peak=13 pread=6.447s
DBG getmany L67 nw=13 wall=4.191s thr(out)1 thr(in)16 conc_peak=8 pread=44.048s
DBG getmany L68 nw=15 wall=8.344s thr(out)1 thr(in)16 conc_peak=15 pread=123.116s
DBG getmany L69 nw=13 wall=0.725s thr(out)1 thr(in)16 conc_peak=13 pread=7.814s
DBG getmany L70 nw=12 wall=0.516s thr(out)1 thr(in)16 conc_peak=12 pread=5.633s
DBG getmany L71 nw=13 wall=0.792s thr(out)1 thr(in)16 conc_peak=13 pread=9.186s
DBG getmany L72 nw=12 wall=0.729s thr(out)1 thr(in)16 conc_peak=12 pread=7.520s
DBG getmany L73 nw=14 wall=0.755s thr(out)1 thr(in)16 conc_peak=14 pread=10.019s
DBG getmany L74 nw=9 wall=0.461s thr(out)1 thr(in)16 conc_peak=9 pread=3.753s
DBG getmany L75 nw=11 wall=0.705s thr(out)1 thr(in)16 conc_peak=11 pread=5.456s
DBG getmany L76 nw=11 wall=0.638s thr(out)1 thr(in)16 conc_peak=11 pread=5.660s
DBG getmany L77 nw=12 wall=0.735s thr(out)1 thr(in)16 conc_peak=12 pread=7.636s
DBG getmany L78 nw=12 wall=0.524s thr(out)1 thr(in)16 conc_peak=12 pread=5.517s
DBG getmany L79 nw=10 wall=0.665s thr(out)1 thr(in)16 conc_peak=10 pread=6.180s
DBG getmany L80 nw=14 wall=0.704s thr(out)1 thr(in)16 conc_peak=14 pread=7.843s
DBG getmany L81 nw=15 wall=0.770s thr(out)1 thr(in)16 conc_peak=15 pread=9.497s
DBG getmany L82 nw=13 wall=0.527s thr(out)1 thr(in)16 conc_peak=10 pread=5.717s
DBG getmany L83 nw=11 wall=0.676s thr(out)1 thr(in)16 conc_peak=9 pread=6.549s
DBG getmany L84 nw=15 wall=0.733s thr(out)1 thr(in)16 conc_peak=15 pread=9.416s
DBG getmany L85 nw=13 wall=0.710s thr(out)1 thr(in)16 conc_peak=12 pread=7.853s
DBG getmany L86 nw=13 wall=0.526s thr(out)1 thr(in)16 conc_peak=13 pread=5.818s
DBG getmany L87 nw=11 wall=0.679s thr(out)1 thr(in)16 conc_peak=11 pread=7.070s
DBG getmany L88 nw=13 wall=0.731s thr(out)1 thr(in)16 conc_peak=13 pread=8.584s
DBG getmany L89 nw=9 wall=0.706s thr(out)1 thr(in)16 conc_peak=9 pread=5.708s
DBG getmany L90 nw=11 wall=0.472s thr(out)1 thr(in)16 conc_peak=11 pread=3.986s
DBG getmany L91 nw=11 wall=0.504s thr(out)1 thr(in)16 conc_peak=11 pread=5.016s
DBG getmany L92 nw=14 wall=0.211s thr(out)1 thr(in)16 conc_peak=13 pread=1.718s
7      1389       78.18        100.0      21.02      0.013
  L2   resident=6779/14589 slots hit=100.0% read=179.74GB write=0.00GB
[trace] wrote 2224 events to /mnt/f/kimi-k3-in-c/reports/gateab_ab/v32_table2b/rep2-20260929_081828/trace.csv
--------------------------------------------------------------------
8 tokens in 587.1 s, 73.39 s/token average
PEAK RSS for the whole run: 37.17 GB   <- quote this, not the plan
layers completed: 93/93; routed expert drops: 0


[chip] simulated MXFP4 GEMV bill over 9 tokens
  11776 expert chains | 777925951488 flops | 206636580864 bytes (206.64 GB)
  per token: 1308 chains | 22.96 GB | 0.09 Gflops
  compute wall @ 4 TFLOPS : 0.19 s (21.61 ms/token)
  bandwidth wall @ 200 GB/s : 1.03 s (114.80 ms/token)
  -> bandwidth-bound; to be compute-bound at 4 TFLOPS this needs 1062 GB/s
  expert fetch (host wall, measured): 449.82 s moving 206.64 GB = 0 GB/s
  chip pool wall (measured): 58.99 s

cache [final step]
  slots        : 854 of 17.56 MB = 14.99 GB arena (854 resident, 0 pinned)
  requests     : 1472  hits 1472 (100.00%)  misses 0  evictions 1198
  of those hits : 1198 came from the batch prefetch, i.e. read from disk
                  this token; TRUE resident hit rate 18.61%
  read from disk: 21.02 GB in 62.54 s (336 MB/s while loading)
  phase2 i/o    : 21.03 GB in 62.54 s (336 MB/s)  [pure parallel disk read]
l2cache [final step]
  requests     : 10243  hits 10243 (100.00%)  misses 0
  read  from sdd7: 179.74 GB, written 0.00 GB
  hit I/O   : 179.74 GB in 444.57 s (wall) = 404 MB/s [pread 5108.12 s, 35 MB/s per-thread]
  miss I/O  : 0 misses, 0.00 GB from /model in 0.00 s (wall) = 0 MB/s
  restored from meta: 6779 slots

wrote /mnt/f/kimi-k3-in-c/reports/gateab_ab/v32_table2b/rep2-20260929_081828/ctrl.json
I/O share of wall clock: 147.3%  (trunk 416.8 s + experts 448.3 s of 587.1 s)
  both figures are WHOLE-RUN totals over 8 steps
  over 100% because trunk reads overlap compute on the reader thread;
  278.0 s of device time was hidden behind arithmetic
  experts, whole run: 180.11 GB read | 2366 of 11776 requests retained in RAM (20.09%) | 9410 evictions
    (retention = requests - evictions; the raw `hits` counter includes
     experts the prefetcher had just read from disk, so it is not a
     measure of avoided I/O)

trunk [final]
  pinned 22/93 layers, ring 2 slots
  binds 744, hits 154 (20.7%), reads 590
  read 349.03 GB in 416.78 s (837 MB/s pread)
  per-layer loads [L]=count: 0=1 1=1 2=1 3=1 4=1 5=1 6=1 7=1 8=1 9=1 10=1 11=1 12=1 13=1 14=1 15=1 16=1 17=1 18=1 19=1 20=1 21=1 22=8 23=8 24=8 25=8 26=8 27=8 28=8 29=8 30=8 31=8 32=8 33=8 34=8 35=8 36=8 37=8 38=8 39=8 40=8 41=8 42=8 43=8 44=8 45=8 46=8 47=8 48=8 49=8 50=8 51=8 52=8 53=8 54=8 55=8 56=8 57=8 58=8 59=8 60=8 61=8 62=8 63=8 64=8 65=8 66=8 67=8 68=8 69=8 70=8 71=8 72=8 73=8 74=8 75=8 76=8 77=8 78=8 79=8 80=8 81=8 82=8 83=8 84=8 85=8 86=8 87=8 88=8 89=8 90=8 91=8 92=8
  bind wall 19.95 s over 744 binds; read 416.78 + widen 3.12 = 419.90 s of device work,
                    of which 399.94 s (95%) overlapped compute on the reader thread
  widen breakdown: find 9 ms (19640)  copy 0 ms (9184)  deq 3093 ms (6320)  timed 3 s of widen 3.12 s
TIME_ELAPSED=606.06
