k3 chip: 4 workers, 4 TFLOPS, 200 GB/s simulated wall
[TOK] 163584 ranks (max id 163583) + 16 added tokens | kimi=1 rankbpe=1
DBG getmany L1 nw=16 wall=1.092s thr(out)1 thr(in)16 conc_peak=16 pread=13.136s
DBG getmany L2 nw=16 wall=0.736s thr(out)1 thr(in)16 conc_peak=16 pread=9.793s
DBG getmany L3 nw=16 wall=2.068s thr(out)1 thr(in)16 conc_peak=16 pread=31.567s
DBG getmany L1 nw=15 wall=0.457s thr(out)1 thr(in)16 conc_peak=15 pread=5.917s
DBG getmany L2 nw=16 wall=0.523s thr(out)1 thr(in)16 conc_peak=16 pread=7.086s
DBG getmany L3 nw=12 wall=0.165s thr(out)1 thr(in)16 conc_peak=12 pread=1.362s
DBG getmany L1 nw=12 wall=0.164s thr(out)1 thr(in)16 conc_peak=12 pread=1.390s
DBG getmany L2 nw=12 wall=0.163s thr(out)1 thr(in)16 conc_peak=12 pread=1.426s
DBG getmany L3 nw=12 wall=0.173s thr(out)1 thr(in)16 conc_peak=12 pread=1.438s
DBG getmany L4 nw=16 wall=1.951s thr(out)1 thr(in)16 conc_peak=16 pread=4.189s
DBG getmany L5 nw=16 wall=2.469s thr(out)1 thr(in)16 conc_peak=16 pread=1.166s
DBG getmany L6 nw=16 wall=3.165s thr(out)1 thr(in)16 conc_peak=16 pread=3.623s
DBG getmany L7 nw=16 wall=4.865s thr(out)1 thr(in)16 conc_peak=16 pread=1.725s
DBG getmany L4 nw=13 wall=0.213s thr(out)1 thr(in)16 conc_peak=13 pread=1.832s
DBG getmany L5 nw=14 wall=4.795s thr(out)1 thr(in)16 conc_peak=14 pread=1.034s
DBG getmany L6 nw=14 wall=6.007s thr(out)1 thr(in)16 conc_peak=14 pread=1.466s
DBG getmany L7 nw=12 wall=2.344s thr(out)1 thr(in)16 conc_peak=12 pread=1.244s
DBG getmany L4 nw=7 wall=0.936s thr(out)1 thr(in)16 conc_peak=7 pread=0.523s
DBG getmany L5 nw=11 wall=1.188s thr(out)1 thr(in)16 conc_peak=11 pread=0.924s
DBG getmany L6 nw=7 wall=1.444s thr(out)1 thr(in)16 conc_peak=7 pread=0.180s
DBG getmany L7 nw=9 wall=2.132s thr(out)1 thr(in)16 conc_peak=8 pread=0.476s
DBG getmany L8 nw=16 wall=5.619s thr(out)1 thr(in)16 conc_peak=16 pread=0.810s
DBG getmany L9 nw=1 wall=0.302s thr(out)1 thr(in)16 conc_peak=1 pread=0.000s
DBG getmany L10 nw=1 wall=0.324s thr(out)1 thr(in)16 conc_peak=1 pread=0.000s
DBG getmany L11 nw=1 wall=0.262s thr(out)1 thr(in)16 conc_peak=1 pread=0.000s
DBG getmany L8 nw=14 wall=3.122s thr(out)1 thr(in)16 conc_peak=14 pread=0.094s
DBG getmany L8 nw=9 wall=1.361s thr(out)1 thr(in)16 conc_peak=9 pread=0.252s
config: /model/config.json (nested shape) | hidden=7168 layers=93 vocab=163840 | 24 MLA + 69 KDA | experts 896 top16 shared2 | latent=3584
NOTE: binding only the first 12 of 93 layers. Output is NOT the full model; it is a partial stack for testing the machinery.

  tokenized: 15 bytes -> 3 ids
  KV cache : 16.59 MB for 7 positions (2.37 MB/position)
Kimi K3, pure C, released checkpoint
  model    : /model
  prompt   : 3 tokens, generating 3

indexed 497220 tensors from 96 shards in 7.00 s
trunk on disk : 15.16 GB total (STREAMED from /mnt/nvme/trunk_layers_out, not held in RAM)

memory plan
  trunk (STREAMED) 12.00 GB
  embed + lm_head  4.70 GB
  expert cache     8.00 GB
  recurrent state  80.81 MB
  buffers          6.02 MB
  KV cache         16.56 MB
  TOTAL            24.80 GB
  available        28.53 GB

k3_trunk: trunk.bin absent - using per-layer slices (layer_%03d.bin)
trunk stream: 56.60 GB packed, 6/93 layers PINNED (9.30 GB), ring 2 x 1.30 GB
              reads use buffered I/O
              ring holds 2 slots: layers repeat over ~2 tokens, so recent ones are reused instead of re-read
trunk streaming enabled from /mnt/nvme/trunk_layers_out in 0.1 s
embedding, final norm and lm_head: 4.70 GB in 158.7 s

expert L2 cache enabled: 11397 slots x 17.55 MB = 199.99 GB on /mnt/nvme/experts.l2
expert L2 eviction policy: heat
peak RSS after loading weights: 4.80 GB  (the plan above is a forecast, this is measured)
expert cache: 455 slots x 17.56 MB = 7.99 GB (0.55% of the 1.45 TB expert pool)

recurrent state for 12 layers: 80.81 MB

incremental decode: KV cache 2.07 MB for 3 MLA layers at 7 positions

STEP   TOKEN      SECONDS      CACHE HIT  READ GB    TOK/S
--------------------------------------------------------------------
0      0          135.71       100.0      5.62       0.007
  L2   resident=6298/11397 slots hit=75.4% read=4.19GB write=1.42GB
DBG getmany L1 nw=11 wall=1.690s thr(out)1 thr(in)16 conc_peak=11 pread=2.184s
DBG getmany L2 nw=15 wall=2.748s thr(out)1 thr(in)16 conc_peak=15 pread=1.855s
DBG getmany L3 nw=11 wall=2.591s thr(out)1 thr(in)16 conc_peak=11 pread=0.550s
DBG getmany L1 nw=5 wall=1.606s thr(out)1 thr(in)16 conc_peak=5 pread=0.000s
DBG getmany L2 nw=6 wall=3.051s thr(out)1 thr(in)16 conc_peak=6 pread=0.000s
DBG getmany L3 nw=4 wall=1.374s thr(out)1 thr(in)16 conc_peak=4 pread=0.059s
DBG getmany L1 nw=2 wall=1.003s thr(out)1 thr(in)16 conc_peak=2 pread=0.000s
DBG getmany L2 nw=3 wall=0.521s thr(out)1 thr(in)16 conc_peak=3 pread=0.091s
DBG getmany L3 nw=4 wall=1.604s thr(out)1 thr(in)16 conc_peak=3 pread=0.091s
DBG getmany L4 nw=9 wall=2.527s thr(out)1 thr(in)16 conc_peak=7 pread=0.407s
DBG getmany L5 nw=10 wall=2.083s thr(out)1 thr(in)16 conc_peak=9 pread=0.488s
DBG getmany L6 nw=13 wall=4.630s thr(out)1 thr(in)16 conc_peak=13 pread=0.666s
DBG getmany L7 nw=10 wall=2.108s thr(out)1 thr(in)16 conc_peak=10 pread=0.957s
DBG getmany L4 nw=3 wall=0.970s thr(out)1 thr(in)16 conc_peak=3 pread=0.070s
DBG getmany L5 nw=7 wall=1.922s thr(out)1 thr(in)16 conc_peak=7 pread=0.470s
DBG getmany L6 nw=12 wall=3.537s thr(out)1 thr(in)16 conc_peak=12 pread=0.760s
DBG getmany L7 nw=5 wall=1.139s thr(out)1 thr(in)16 conc_peak=5 pread=0.184s
DBG getmany L4 nw=5 wall=1.765s thr(out)1 thr(in)16 conc_peak=5 pread=0.071s
DBG getmany L5 nw=3 wall=0.942s thr(out)1 thr(in)16 conc_peak=3 pread=0.015s
DBG getmany L6 nw=4 wall=2.389s thr(out)1 thr(in)16 conc_peak=4 pread=0.016s
DBG getmany L8 nw=11 wall=6.553s thr(out)1 thr(in)16 conc_peak=10 pread=0.032s
DBG getmany L8 nw=7 wall=8.611s thr(out)1 thr(in)16 conc_peak=7 pread=0.060s
DBG getmany L8 nw=4 wall=1.218s thr(out)1 thr(in)16 conc_peak=4 pread=0.032s
1      0          67.72        100.0      2.91       0.015
  L2   resident=6298/11397 slots hit=61.2% read=5.12GB write=3.40GB
--------------------------------------------------------------------
3 tokens in 203.4 s, 67.81 s/token average

--- generated text ---
!!!
----------------------

PEAK RSS for the whole run: 19.71 GB   <- quote this, not the plan
layers completed: 12/12; routed expert drops: 0


[chip] simulated MXFP4 GEMV bill over 6 tokens
  1056 expert chains | 69759664128 flops | 18529910784 bytes (18.53 GB)
  per token: 176 chains | 3.09 GB | 0.01 Gflops
  compute wall @ 4 TFLOPS : 0.02 s (2.91 ms/token)
  bandwidth wall @ 200 GB/s : 0.09 s (15.44 ms/token)
  -> bandwidth-bound; to be compute-bound at 4 TFLOPS this needs 1062 GB/s
  expert fetch (host wall, measured): 105.16 s moving 18.53 GB = 0 GB/s
  chip pool wall (measured): 6.04 s

cache [final step]
  slots        : 455 of 17.56 MB = 7.99 GB arena (455 resident, 0 pinned)
  requests     : 528  hits 528 (100.00%)  misses 0  evictions 31
  of those hits : 166 came from the batch prefetch, i.e. read from disk
                  this token; TRUE resident hit rate 68.56%
  read from disk: 2.91 GB in 56.60 s (51 MB/s while loading)
  phase2 i/o    : 2.91 GB in 56.60 s (51 MB/s)  [pure parallel disk read]
l2cache [final step]
  requests     : 477  hits 292 (61.22%)  misses 185
  read  from sdd7: 5.12 GB, written 3.40 GB
  hit I/O   : 5.12 GB in 11.90 s (wall) = 431 MB/s [pread 101.75 s, 50 MB/s per-thread]
  miss I/O  : 185 misses, 3.25 GB from /model in 92.75 s (wall) = 35 MB/s
  restored from meta: 6298 slots

wrote reports/loop_v3_175616/b.json
I/O share of wall clock: 90.4%  (trunk 79.3 s + experts 104.6 s of 203.4 s)
  both figures are WHOLE-RUN totals over 3 steps
  experts, whole run: 8.53 GB read | 1025 of 1056 requests retained in RAM (97.06%) | 31 evictions
    (retention = requests - evictions; the raw `hits` counter includes
     experts the prefetcher had just read from disk, so it is not a
     measure of avoided I/O)

trunk [final]
  pinned 6/93 layers, ring 2 slots
  binds 24, hits 6 (25.0%), reads 18
  read 12.25 GB in 79.29 s (154 MB/s pread) + 0.00 s parked on the expert gate
  per-layer loads [L]=count: 0=1 1=1 2=1 3=1 4=1 5=1 6=2 7=2 8=2 9=2 10=2 11=2 12=0 13=0 14=0 15=0 16=0 17=0 18=0 19=0 20=0 21=0 22=0 23=0 24=0 25=0 26=0 27=0 28=0 29=0 30=0 31=0 32=0 33=0 34=0 35=0 36=0 37=0 38=0 39=0 40=0 41=0 42=0 43=0 44=0 45=0 46=0 47=0 48=0 49=0 50=0 51=0 52=0 53=0 54=0 55=0 56=0 57=0 58=0 59=0 60=0 61=0 62=0 63=0 64=0 65=0 66=0 67=0 68=0 69=0 70=0 71=0 72=0 73=0 74=0 75=0 76=0 77=0 78=0 79=0 80=0 81=0 82=0 83=0 84=0 85=0 86=0 87=0 88=0 89=0 90=0 91=0 92=0
  bind wall 80.67 s over 24 binds  =  read 79.29 + widen 1.38 + other 0.00
                    shares:      read 98%  widen 2%  other 0%
  widen breakdown: find 4 ms (626)  copy 0 ms (274)  deq 1380 ms (200)  timed 1 s of widen 1.38 s
