[trace] ON -> /mnt/f/kimi-k3-in-c/reports/gateab_ab/v22_pf1-20260928_090057/trace.csv (K3_TRACE_MAX 200000 events)
L2 auto: 209 GB free on /mnt/nvme -> L2 at 256 GB
k3 chip: 4 workers, 4 TFLOPS, 200 GB/s simulated wall
DBG getmany L1 nw=16 wall=0.232s thr(out)1 thr(in)16 conc_peak=16 pread=2.344s
DBG getmany L2 nw=16 wall=0.353s thr(out)1 thr(in)16 conc_peak=16 pread=4.052s
DBG getmany L3 nw=16 wall=0.497s thr(out)1 thr(in)16 conc_peak=16 pread=6.519s
DBG getmany L4 nw=16 wall=0.468s thr(out)1 thr(in)16 conc_peak=16 pread=4.861s
DBG getmany L5 nw=16 wall=0.464s thr(out)1 thr(in)16 conc_peak=16 pread=5.176s
DBG getmany L6 nw=16 wall=0.345s thr(out)1 thr(in)16 conc_peak=16 pread=3.975s
DBG getmany L7 nw=16 wall=0.493s thr(out)1 thr(in)16 conc_peak=16 pread=6.616s
DBG getmany L8 nw=16 wall=0.492s thr(out)1 thr(in)16 conc_peak=16 pread=5.405s
DBG getmany L9 nw=16 wall=0.494s thr(out)1 thr(in)16 conc_peak=16 pread=6.092s
DBG getmany L10 nw=16 wall=0.384s thr(out)1 thr(in)16 conc_peak=16 pread=4.495s
DBG getmany L11 nw=16 wall=0.498s thr(out)1 thr(in)16 conc_peak=16 pread=6.129s
DBG getmany L12 nw=16 wall=0.483s thr(out)1 thr(in)16 conc_peak=16 pread=6.818s
DBG getmany L13 nw=16 wall=0.466s thr(out)1 thr(in)16 conc_peak=16 pread=5.518s
DBG getmany L14 nw=16 wall=0.359s thr(out)1 thr(in)16 conc_peak=16 pread=4.947s
DBG getmany L15 nw=16 wall=0.504s thr(out)1 thr(in)16 conc_peak=16 pread=5.755s
DBG getmany L16 nw=16 wall=0.452s thr(out)1 thr(in)16 conc_peak=16 pread=5.046s
DBG getmany L17 nw=16 wall=0.470s thr(out)1 thr(in)16 conc_peak=16 pread=5.931s
DBG getmany L18 nw=16 wall=0.365s thr(out)1 thr(in)16 conc_peak=16 pread=4.314s
DBG getmany L19 nw=16 wall=0.489s thr(out)1 thr(in)16 conc_peak=16 pread=5.138s
DBG getmany L20 nw=16 wall=0.476s thr(out)1 thr(in)16 conc_peak=16 pread=6.337s
DBG getmany L21 nw=16 wall=0.483s thr(out)1 thr(in)16 conc_peak=16 pread=6.271s
DBG getmany L22 nw=16 wall=0.377s thr(out)1 thr(in)16 conc_peak=16 pread=4.264s
DBG getmany L23 nw=16 wall=0.480s thr(out)1 thr(in)16 conc_peak=16 pread=5.595s
DBG getmany L24 nw=16 wall=0.560s thr(out)1 thr(in)16 conc_peak=16 pread=7.215s
DBG getmany L25 nw=16 wall=0.543s thr(out)1 thr(in)16 conc_peak=16 pread=5.537s
DBG getmany L26 nw=16 wall=0.400s thr(out)1 thr(in)16 conc_peak=16 pread=5.501s
DBG getmany L27 nw=16 wall=0.483s thr(out)1 thr(in)16 conc_peak=16 pread=6.344s
DBG getmany L28 nw=16 wall=0.460s thr(out)1 thr(in)16 conc_peak=16 pread=6.028s
DBG getmany L29 nw=16 wall=0.502s thr(out)1 thr(in)16 conc_peak=16 pread=6.773s
DBG getmany L30 nw=16 wall=0.405s thr(out)1 thr(in)16 conc_peak=16 pread=5.237s
DBG getmany L31 nw=16 wall=0.589s thr(out)1 thr(in)16 conc_peak=16 pread=7.378s
DBG getmany L32 nw=16 wall=0.544s thr(out)1 thr(in)16 conc_peak=16 pread=6.335s
DBG getmany L33 nw=16 wall=0.553s thr(out)1 thr(in)16 conc_peak=16 pread=6.051s
DBG getmany L34 nw=16 wall=0.396s thr(out)1 thr(in)16 conc_peak=16 pread=4.846s
DBG getmany L35 nw=16 wall=0.574s thr(out)1 thr(in)16 conc_peak=16 pread=7.619s
DBG getmany L36 nw=16 wall=0.556s thr(out)1 thr(in)16 conc_peak=16 pread=7.175s
DBG getmany L37 nw=16 wall=0.501s thr(out)1 thr(in)16 conc_peak=16 pread=5.444s
DBG getmany L38 nw=16 wall=0.383s thr(out)1 thr(in)16 conc_peak=16 pread=4.678s
DBG getmany L39 nw=16 wall=0.558s thr(out)1 thr(in)16 conc_peak=16 pread=7.106s
DBG getmany L40 nw=16 wall=0.541s thr(out)1 thr(in)16 conc_peak=16 pread=7.293s
DBG getmany L41 nw=16 wall=0.513s thr(out)1 thr(in)16 conc_peak=16 pread=7.197s
DBG getmany L42 nw=16 wall=0.381s thr(out)1 thr(in)16 conc_peak=16 pread=4.611s
DBG getmany L43 nw=16 wall=0.587s thr(out)1 thr(in)16 conc_peak=16 pread=7.565s
DBG getmany L44 nw=16 wall=0.503s thr(out)1 thr(in)16 conc_peak=16 pread=5.363s
DBG getmany L45 nw=16 wall=0.551s thr(out)1 thr(in)16 conc_peak=16 pread=6.964s
DBG getmany L46 nw=16 wall=0.427s thr(out)1 thr(in)16 conc_peak=16 pread=5.686s
DBG getmany L47 nw=16 wall=0.579s thr(out)1 thr(in)16 conc_peak=16 pread=8.150s
DBG getmany L48 nw=16 wall=0.571s thr(out)1 thr(in)16 conc_peak=16 pread=8.193s
DBG getmany L49 nw=16 wall=0.591s thr(out)1 thr(in)16 conc_peak=16 pread=6.202s
DBG getmany L50 nw=16 wall=0.442s thr(out)1 thr(in)16 conc_peak=16 pread=5.236s
DBG getmany L51 nw=16 wall=0.596s thr(out)1 thr(in)16 conc_peak=16 pread=7.978s
DBG getmany L52 nw=16 wall=0.550s thr(out)1 thr(in)16 conc_peak=16 pread=6.694s
DBG getmany L53 nw=16 wall=0.571s thr(out)1 thr(in)16 conc_peak=16 pread=7.977s
DBG getmany L54 nw=16 wall=0.441s thr(out)1 thr(in)16 conc_peak=16 pread=6.044s
DBG getmany L55 nw=16 wall=0.562s thr(out)1 thr(in)16 conc_peak=16 pread=5.752s
DBG getmany L56 nw=16 wall=0.599s thr(out)1 thr(in)16 conc_peak=16 pread=5.926s
DBG getmany L57 nw=16 wall=0.555s thr(out)1 thr(in)16 conc_peak=16 pread=8.251s
DBG getmany L58 nw=16 wall=0.423s thr(out)1 thr(in)16 conc_peak=16 pread=5.011s
DBG getmany L59 nw=16 wall=0.457s thr(out)1 thr(in)16 conc_peak=16 pread=5.564s
DBG getmany L60 nw=16 wall=0.598s thr(out)1 thr(in)16 conc_peak=16 pread=5.539s
DBG getmany L61 nw=16 wall=0.587s thr(out)1 thr(in)16 conc_peak=16 pread=6.903s
DBG getmany L62 nw=16 wall=0.439s thr(out)1 thr(in)16 conc_peak=16 pread=5.289s
DBG getmany L63 nw=16 wall=0.605s thr(out)1 thr(in)16 conc_peak=16 pread=7.799s
DBG getmany L64 nw=16 wall=0.594s thr(out)1 thr(in)16 conc_peak=16 pread=5.653s
DBG getmany L65 nw=16 wall=0.601s thr(out)1 thr(in)16 conc_peak=16 pread=7.443s
DBG getmany L66 nw=16 wall=0.437s thr(out)1 thr(in)16 conc_peak=16 pread=5.437s
DBG getmany L67 nw=16 wall=0.600s thr(out)1 thr(in)16 conc_peak=16 pread=7.478s
DBG getmany L68 nw=16 wall=0.537s thr(out)1 thr(in)16 conc_peak=16 pread=6.836s
DBG getmany L69 nw=16 wall=0.553s thr(out)1 thr(in)16 conc_peak=16 pread=7.106s
DBG getmany L70 nw=16 wall=0.434s thr(out)1 thr(in)16 conc_peak=16 pread=6.209s
DBG getmany L71 nw=16 wall=0.547s thr(out)1 thr(in)16 conc_peak=16 pread=6.510s
DBG getmany L72 nw=16 wall=0.597s thr(out)1 thr(in)16 conc_peak=16 pread=7.101s
DBG getmany L73 nw=16 wall=0.598s thr(out)1 thr(in)16 conc_peak=16 pread=7.182s
DBG getmany L74 nw=16 wall=0.416s thr(out)1 thr(in)16 conc_peak=16 pread=4.690s
DBG getmany L75 nw=16 wall=0.599s thr(out)1 thr(in)16 conc_peak=16 pread=6.543s
DBG getmany L76 nw=16 wall=0.554s thr(out)1 thr(in)16 conc_peak=16 pread=6.288s
DBG getmany L77 nw=16 wall=0.597s thr(out)1 thr(in)16 conc_peak=16 pread=7.378s
DBG getmany L78 nw=16 wall=0.444s thr(out)1 thr(in)16 conc_peak=16 pread=5.682s
DBG getmany L79 nw=16 wall=0.569s thr(out)1 thr(in)16 conc_peak=16 pread=7.435s
DBG getmany L80 nw=16 wall=0.547s thr(out)1 thr(in)16 conc_peak=16 pread=7.229s
DBG getmany L81 nw=16 wall=0.554s thr(out)1 thr(in)16 conc_peak=16 pread=7.226s
DBG getmany L82 nw=16 wall=0.409s thr(out)1 thr(in)16 conc_peak=16 pread=5.202s
DBG getmany L83 nw=16 wall=0.587s thr(out)1 thr(in)16 conc_peak=16 pread=7.488s
DBG getmany L84 nw=16 wall=0.553s thr(out)1 thr(in)16 conc_peak=16 pread=5.840s
DBG getmany L85 nw=16 wall=0.597s thr(out)1 thr(in)16 conc_peak=16 pread=7.714s
DBG getmany L86 nw=16 wall=0.383s thr(out)1 thr(in)16 conc_peak=16 pread=5.266s
DBG getmany L87 nw=16 wall=0.543s thr(out)1 thr(in)16 conc_peak=16 pread=6.007s
DBG getmany L88 nw=16 wall=0.559s thr(out)1 thr(in)16 conc_peak=16 pread=6.206s
DBG getmany L89 nw=16 wall=0.584s thr(out)1 thr(in)16 conc_peak=16 pread=5.281s
DBG getmany L90 nw=16 wall=0.391s thr(out)1 thr(in)16 conc_peak=16 pread=5.226s
DBG getmany L91 nw=16 wall=0.419s thr(out)1 thr(in)16 conc_peak=16 pread=5.586s
DBG getmany L92 nw=16 wall=0.176s thr(out)1 thr(in)16 conc_peak=16 pread=1.908s
config: /model/config.json (nested shape) | hidden=7168 layers=93 vocab=163840 | 24 MLA + 69 KDA | experts 896 top16 shared2 | latent=3584
  KV cache : 23.70 MB for 10 positions (2.37 MB/position)
Kimi K3, pure C, released checkpoint
  model    : /model
  prompt   : 1 tokens, generating 8

indexed 497220 tensors from 96 shards in 13.35 s
trunk on disk : 110.00 GB total (STREAMED from /mnt/nvme/trunk_layers_out, not held in RAM)

memory plan
  trunk (STREAMED) 6.00 GB
  embed + lm_head  4.70 GB
  expert cache     40.00 GB
  recurrent state  626.25 MB
  buffers          8.02 MB
  KV cache         23.65 MB
  TOTAL            51.36 GB
  available        57.81 GB

k3_trunk: trunk.bin absent - using per-layer slices (layer_%03d.bin)
trunk stream: 56.60 GB packed, 1/93 layers PINNED (3.00 GB), ring 2 x 1.30 GB
              reads use buffered I/O
              ring holds 2 slots: layers repeat over ~2 tokens, so recent ones are reused instead of re-read
trunk streaming enabled from /mnt/nvme/trunk_layers_out in 0.0 s
embedding, final norm and lm_head: 4.70 GB in 10.3 s

expert L1 eviction policy: heat
async expert prefetch: lookahead depth 1 layer(s)
expert L2 cache enabled: 14589 slots x 17.55 MB = 256.00 GB on /mnt/nvme/experts.l2
expert L2 eviction policy: heat
peak RSS after loading weights: 4.78 GB  (the plan above is a forecast, this is measured)
expert cache: 2278 slots x 17.56 MB = 39.99 GB (2.76% of the 1.45 TB expert pool)

recurrent state for 93 layers: 626.25 MB

incremental decode: KV cache 23.65 MB for 24 MLA layers at 10 positions

STEP   TOKEN      SECONDS      CACHE HIT  READ GB    TOK/S
--------------------------------------------------------------------
0      220        65.94        100.0      25.83      0.015
  L2   resident=6779/14589 slots hit=100.0% read=25.83GB write=0.00GB
DBG getmany L1 nw=16 wall=0.470s thr(out)1 thr(in)16 conc_peak=16 pread=4.895s
DBG getmany L2 nw=15 wall=0.351s thr(out)1 thr(in)16 conc_peak=15 pread=4.231s
DBG getmany L3 nw=11 wall=0.450s thr(out)1 thr(in)16 conc_peak=11 pread=3.667s
DBG getmany L4 nw=15 wall=0.470s thr(out)1 thr(in)16 conc_peak=15 pread=6.279s
DBG getmany L5 nw=15 wall=0.465s thr(out)1 thr(in)16 conc_peak=15 pread=4.666s
DBG getmany L6 nw=14 wall=0.328s thr(out)1 thr(in)16 conc_peak=14 pread=3.713s
DBG getmany L7 nw=14 wall=0.480s thr(out)1 thr(in)16 conc_peak=14 pread=5.219s
DBG getmany L8 nw=16 wall=0.504s thr(out)1 thr(in)16 conc_peak=16 pread=6.320s
DBG getmany L9 nw=13 wall=0.464s thr(out)1 thr(in)16 conc_peak=13 pread=4.965s
DBG getmany L10 nw=14 wall=0.349s thr(out)1 thr(in)16 conc_peak=13 pread=3.998s
DBG getmany L11 nw=15 wall=0.460s thr(out)1 thr(in)16 conc_peak=15 pread=5.252s
DBG getmany L12 nw=13 wall=0.441s thr(out)1 thr(in)16 conc_peak=12 pread=4.309s
DBG getmany L13 nw=14 wall=0.448s thr(out)1 thr(in)16 conc_peak=14 pread=3.753s
DBG getmany L14 nw=15 wall=0.350s thr(out)1 thr(in)16 conc_peak=15 pread=4.120s
DBG getmany L15 nw=15 wall=0.493s thr(out)1 thr(in)16 conc_peak=15 pread=6.400s
DBG getmany L16 nw=15 wall=0.441s thr(out)1 thr(in)16 conc_peak=15 pread=4.625s
DBG getmany L17 nw=16 wall=0.481s thr(out)1 thr(in)16 conc_peak=16 pread=6.757s
DBG getmany L18 nw=15 wall=0.344s thr(out)1 thr(in)16 conc_peak=15 pread=4.055s
DBG getmany L19 nw=14 wall=0.475s thr(out)1 thr(in)16 conc_peak=14 pread=4.497s
DBG getmany L20 nw=15 wall=0.460s thr(out)1 thr(in)16 conc_peak=15 pread=5.810s
DBG getmany L21 nw=14 wall=0.469s thr(out)1 thr(in)16 conc_peak=14 pread=4.393s
DBG getmany L22 nw=15 wall=0.346s thr(out)1 thr(in)16 conc_peak=15 pread=4.210s
DBG getmany L23 nw=12 wall=0.437s thr(out)1 thr(in)16 conc_peak=12 pread=4.248s
DBG getmany L24 nw=11 wall=0.493s thr(out)1 thr(in)16 conc_peak=11 pread=4.710s
DBG getmany L25 nw=14 wall=0.519s thr(out)1 thr(in)16 conc_peak=14 pread=3.974s
DBG getmany L26 nw=11 wall=0.356s thr(out)1 thr(in)16 conc_peak=8 pread=2.760s
DBG getmany L27 nw=13 wall=0.452s thr(out)1 thr(in)16 conc_peak=12 pread=4.437s
DBG getmany L28 nw=15 wall=0.425s thr(out)1 thr(in)16 conc_peak=15 pread=4.847s
DBG getmany L29 nw=14 wall=0.484s thr(out)1 thr(in)16 conc_peak=14 pread=5.033s
DBG getmany L30 nw=14 wall=0.384s thr(out)1 thr(in)16 conc_peak=14 pread=4.026s
DBG getmany L31 nw=16 wall=0.553s thr(out)1 thr(in)16 conc_peak=16 pread=7.775s
DBG getmany L32 nw=14 wall=5.692s thr(out)1 thr(in)16 conc_peak=14 pread=74.068s
DBG getmany L33 nw=14 wall=7.563s thr(out)1 thr(in)16 conc_peak=14 pread=101.911s
DBG getmany L34 nw=16 wall=9.351s thr(out)1 thr(in)16 conc_peak=16 pread=144.242s
DBG getmany L35 nw=16 wall=9.238s thr(out)1 thr(in)16 conc_peak=16 pread=143.265s
DBG getmany L36 nw=11 wall=4.311s thr(out)1 thr(in)16 conc_peak=11 pread=45.074s
DBG getmany L37 nw=13 wall=4.388s thr(out)1 thr(in)16 conc_peak=12 pread=53.979s
DBG getmany L38 nw=14 wall=7.239s thr(out)1 thr(in)16 conc_peak=13 pread=97.413s
DBG getmany L39 nw=15 wall=8.552s thr(out)1 thr(in)16 conc_peak=15 pread=125.702s
DBG getmany L40 nw=13 wall=6.001s thr(out)1 thr(in)16 conc_peak=13 pread=73.934s
DBG getmany L41 nw=13 wall=6.019s thr(out)1 thr(in)16 conc_peak=13 pread=73.018s
DBG getmany L42 nw=8 wall=23.943s thr(out)1 thr(in)16 conc_peak=7 pread=188.391s
DBG getmany L43 nw=13 wall=2.172s thr(out)1 thr(in)16 conc_peak=13 pread=27.100s
DBG getmany L44 nw=13 wall=3.779s thr(out)1 thr(in)16 conc_peak=13 pread=48.453s
DBG getmany L45 nw=10 wall=0.662s thr(out)1 thr(in)16 conc_peak=10 pread=6.136s
DBG getmany L46 nw=8 wall=0.481s thr(out)1 thr(in)16 conc_peak=8 pread=3.536s
DBG getmany L47 nw=11 wall=0.665s thr(out)1 thr(in)16 conc_peak=11 pread=6.599s
DBG getmany L48 nw=13 wall=0.545s thr(out)1 thr(in)16 conc_peak=13 pread=6.233s
DBG getmany L49 nw=9 wall=0.376s thr(out)1 thr(in)16 conc_peak=9 pread=2.570s
DBG getmany L50 nw=12 wall=0.278s thr(out)1 thr(in)16 conc_peak=12 pread=2.880s
DBG getmany L51 nw=12 wall=0.436s thr(out)1 thr(in)16 conc_peak=12 pread=3.384s
DBG getmany L52 nw=15 wall=0.518s thr(out)1 thr(in)16 conc_peak=15 pread=5.333s
DBG getmany L53 nw=10 wall=0.450s thr(out)1 thr(in)16 conc_peak=10 pread=2.523s
DBG getmany L54 nw=12 wall=0.356s thr(out)1 thr(in)16 conc_peak=12 pread=3.123s
DBG getmany L55 nw=14 wall=0.543s thr(out)1 thr(in)16 conc_peak=14 pread=5.103s
DBG getmany L56 nw=16 wall=0.486s thr(out)1 thr(in)16 conc_peak=16 pread=5.801s
DBG getmany L57 nw=16 wall=0.496s thr(out)1 thr(in)16 conc_peak=16 pread=5.184s
DBG getmany L58 nw=14 wall=0.349s thr(out)1 thr(in)16 conc_peak=14 pread=3.523s
DBG getmany L59 nw=15 wall=0.515s thr(out)1 thr(in)16 conc_peak=15 pread=6.469s
DBG getmany L60 nw=16 wall=0.502s thr(out)1 thr(in)16 conc_peak=16 pread=6.706s
DBG getmany L61 nw=16 wall=0.515s thr(out)1 thr(in)16 conc_peak=16 pread=7.243s
DBG getmany L62 nw=15 wall=0.335s thr(out)1 thr(in)16 conc_peak=15 pread=4.107s
DBG getmany L63 nw=15 wall=0.546s thr(out)1 thr(in)16 conc_peak=15 pread=6.091s
DBG getmany L64 nw=16 wall=0.521s thr(out)1 thr(in)16 conc_peak=16 pread=7.099s
DBG getmany L65 nw=15 wall=0.514s thr(out)1 thr(in)16 conc_peak=15 pread=6.296s
DBG getmany L66 nw=15 wall=0.382s thr(out)1 thr(in)16 conc_peak=15 pread=4.208s
DBG getmany L67 nw=16 wall=0.539s thr(out)1 thr(in)16 conc_peak=16 pread=7.666s
DBG getmany L68 nw=14 wall=0.434s thr(out)1 thr(in)16 conc_peak=14 pread=4.519s
DBG getmany L69 nw=16 wall=0.501s thr(out)1 thr(in)16 conc_peak=16 pread=5.289s
DBG getmany L70 nw=16 wall=0.367s thr(out)1 thr(in)16 conc_peak=16 pread=4.095s
DBG getmany L71 nw=16 wall=0.568s thr(out)1 thr(in)16 conc_peak=16 pread=6.370s
DBG getmany L72 nw=16 wall=0.545s thr(out)1 thr(in)16 conc_peak=16 pread=8.027s
DBG getmany L73 nw=15 wall=0.549s thr(out)1 thr(in)16 conc_peak=15 pread=6.354s
DBG getmany L74 nw=13 wall=0.356s thr(out)1 thr(in)16 conc_peak=13 pread=3.897s
DBG getmany L75 nw=11 wall=0.522s thr(out)1 thr(in)16 conc_peak=11 pread=5.043s
DBG getmany L76 nw=14 wall=0.486s thr(out)1 thr(in)16 conc_peak=14 pread=5.546s
DBG getmany L77 nw=16 wall=0.539s thr(out)1 thr(in)16 conc_peak=16 pread=7.349s
DBG getmany L78 nw=15 wall=0.383s thr(out)1 thr(in)16 conc_peak=15 pread=4.887s
DBG getmany L79 nw=15 wall=0.520s thr(out)1 thr(in)16 conc_peak=15 pread=6.589s
DBG getmany L80 nw=14 wall=0.445s thr(out)1 thr(in)16 conc_peak=14 pread=5.796s
DBG getmany L81 nw=14 wall=0.344s thr(out)1 thr(in)16 conc_peak=14 pread=3.690s
DBG getmany L82 nw=14 wall=0.371s thr(out)1 thr(in)16 conc_peak=14 pread=4.880s
DBG getmany L83 nw=5 wall=0.456s thr(out)1 thr(in)16 conc_peak=5 pread=2.057s
DBG getmany L84 nw=11 wall=0.466s thr(out)1 thr(in)16 conc_peak=11 pread=4.307s
DBG getmany L85 nw=11 wall=0.492s thr(out)1 thr(in)16 conc_peak=11 pread=3.329s
DBG getmany L86 nw=11 wall=0.331s thr(out)1 thr(in)16 conc_peak=11 pread=2.922s
DBG getmany L87 nw=10 wall=0.458s thr(out)1 thr(in)16 conc_peak=10 pread=2.809s
DBG getmany L88 nw=8 wall=0.443s thr(out)1 thr(in)16 conc_peak=8 pread=2.670s
DBG getmany L89 nw=8 wall=0.394s thr(out)1 thr(in)16 conc_peak=8 pread=1.814s
DBG getmany L90 nw=9 wall=0.299s thr(out)1 thr(in)16 conc_peak=9 pread=2.085s
DBG getmany L91 nw=11 wall=0.376s thr(out)1 thr(in)16 conc_peak=11 pread=2.773s
DBG getmany L92 nw=9 wall=0.107s thr(out)1 thr(in)16 conc_peak=9 pread=0.560s
1      802        155.26       100.0      21.67      0.006
  L2   resident=6779/14589 slots hit=100.0% read=47.50GB write=0.00GB
DBG getmany L1 nw=12 wall=0.415s thr(out)1 thr(in)16 conc_peak=12 pread=4.462s
DBG getmany L2 nw=11 wall=0.301s thr(out)1 thr(in)16 conc_peak=10 pread=2.990s
DBG getmany L3 nw=11 wall=0.444s thr(out)1 thr(in)16 conc_peak=10 pread=4.268s
DBG getmany L4 nw=12 wall=0.413s thr(out)1 thr(in)16 conc_peak=12 pread=3.720s
DBG getmany L5 nw=10 wall=0.380s thr(out)1 thr(in)16 conc_peak=10 pread=2.749s
DBG getmany L6 nw=14 wall=0.316s thr(out)1 thr(in)16 conc_peak=14 pread=4.132s
DBG getmany L7 nw=12 wall=0.468s thr(out)1 thr(in)16 conc_peak=12 pread=5.344s
DBG getmany L8 nw=12 wall=0.432s thr(out)1 thr(in)16 conc_peak=12 pread=4.914s
DBG getmany L9 nw=11 wall=0.415s thr(out)1 thr(in)16 conc_peak=11 pread=3.725s
DBG getmany L10 nw=8 wall=0.280s thr(out)1 thr(in)16 conc_peak=8 pread=1.943s
DBG getmany L11 nw=11 wall=0.449s thr(out)1 thr(in)16 conc_peak=11 pread=4.125s
DBG getmany L12 nw=12 wall=0.414s thr(out)1 thr(in)16 conc_peak=12 pread=3.924s
DBG getmany L13 nw=11 wall=0.407s thr(out)1 thr(in)16 conc_peak=9 pread=3.974s
DBG getmany L14 nw=9 wall=0.264s thr(out)1 thr(in)16 conc_peak=9 pread=2.020s
DBG getmany L15 nw=11 wall=0.423s thr(out)1 thr(in)16 conc_peak=11 pread=3.488s
DBG getmany L16 nw=11 wall=0.332s thr(out)1 thr(in)16 conc_peak=9 pread=3.174s
DBG getmany L17 nw=12 wall=0.411s thr(out)1 thr(in)16 conc_peak=12 pread=3.117s
DBG getmany L18 nw=12 wall=0.317s thr(out)1 thr(in)16 conc_peak=12 pread=3.011s
DBG getmany L19 nw=11 wall=0.444s thr(out)1 thr(in)16 conc_peak=11 pread=4.159s
DBG getmany L20 nw=11 wall=0.350s thr(out)1 thr(in)16 conc_peak=11 pread=2.806s
DBG getmany L21 nw=13 wall=0.441s thr(out)1 thr(in)16 conc_peak=13 pread=5.020s
DBG getmany L22 nw=14 wall=0.333s thr(out)1 thr(in)16 conc_peak=14 pread=4.307s
DBG getmany L23 nw=12 wall=0.447s thr(out)1 thr(in)16 conc_peak=12 pread=4.365s
DBG getmany L24 nw=11 wall=0.478s thr(out)1 thr(in)16 conc_peak=9 pread=4.076s
DBG getmany L25 nw=14 wall=0.496s thr(out)1 thr(in)16 conc_peak=14 pread=5.173s
DBG getmany L26 nw=12 wall=0.343s thr(out)1 thr(in)16 conc_peak=12 pread=3.572s
DBG getmany L27 nw=14 wall=0.415s thr(out)1 thr(in)16 conc_peak=14 pread=4.664s
DBG getmany L28 nw=12 wall=0.409s thr(out)1 thr(in)16 conc_peak=12 pread=4.088s
DBG getmany L29 nw=12 wall=0.456s thr(out)1 thr(in)16 conc_peak=12 pread=5.217s
DBG getmany L30 nw=15 wall=0.377s thr(out)1 thr(in)16 conc_peak=15 pread=5.341s
DBG getmany L31 nw=12 wall=0.382s thr(out)1 thr(in)16 conc_peak=12 pread=3.797s
DBG getmany L32 nw=11 wall=0.456s thr(out)1 thr(in)16 conc_peak=11 pread=4.361s
DBG getmany L33 nw=11 wall=0.503s thr(out)1 thr(in)16 conc_peak=10 pread=4.888s
DBG getmany L34 nw=13 wall=0.353s thr(out)1 thr(in)16 conc_peak=13 pread=4.152s
DBG getmany L35 nw=13 wall=0.558s thr(out)1 thr(in)16 conc_peak=11 pread=7.013s
DBG getmany L36 nw=11 wall=0.510s thr(out)1 thr(in)16 conc_peak=11 pread=4.873s
DBG getmany L37 nw=13 wall=0.503s thr(out)1 thr(in)16 conc_peak=13 pread=6.221s
DBG getmany L38 nw=13 wall=0.350s thr(out)1 thr(in)16 conc_peak=13 pread=3.765s
DBG getmany L39 nw=14 wall=0.536s thr(out)1 thr(in)16 conc_peak=14 pread=5.043s
DBG getmany L40 nw=14 wall=0.504s thr(out)1 thr(in)16 conc_peak=14 pread=5.694s
DBG getmany L41 nw=14 wall=0.482s thr(out)1 thr(in)16 conc_peak=14 pread=6.458s
DBG getmany L42 nw=14 wall=0.340s thr(out)1 thr(in)16 conc_peak=14 pread=4.247s
DBG getmany L43 nw=15 wall=0.533s thr(out)1 thr(in)16 conc_peak=15 pread=6.609s
DBG getmany L44 nw=14 wall=0.495s thr(out)1 thr(in)16 conc_peak=14 pread=5.683s
DBG getmany L45 nw=15 wall=0.520s thr(out)1 thr(in)16 conc_peak=15 pread=6.636s
DBG getmany L46 nw=13 wall=0.359s thr(out)1 thr(in)16 conc_peak=13 pread=4.052s
DBG getmany L47 nw=15 wall=0.547s thr(out)1 thr(in)16 conc_peak=15 pread=7.673s
DBG getmany L48 nw=14 wall=0.510s thr(out)1 thr(in)16 conc_peak=14 pread=3.964s
DBG getmany L49 nw=15 wall=0.532s thr(out)1 thr(in)16 conc_peak=15 pread=7.360s
DBG getmany L50 nw=15 wall=0.396s thr(out)1 thr(in)16 conc_peak=15 pread=5.132s
DBG getmany L51 nw=13 wall=0.523s thr(out)1 thr(in)16 conc_peak=13 pread=6.119s
DBG getmany L52 nw=12 wall=0.516s thr(out)1 thr(in)16 conc_peak=12 pread=4.074s
DBG getmany L53 nw=14 wall=0.520s thr(out)1 thr(in)16 conc_peak=14 pread=6.181s
DBG getmany L54 nw=14 wall=0.392s thr(out)1 thr(in)16 conc_peak=14 pread=4.727s
DBG getmany L55 nw=13 wall=0.506s thr(out)1 thr(in)16 conc_peak=13 pread=5.942s
DBG getmany L56 nw=9 wall=0.492s thr(out)1 thr(in)16 conc_peak=9 pread=2.983s
DBG getmany L57 nw=14 wall=0.504s thr(out)1 thr(in)16 conc_peak=14 pread=6.786s
DBG getmany L58 nw=11 wall=0.348s thr(out)1 thr(in)16 conc_peak=10 pread=3.274s
DBG getmany L59 nw=10 wall=0.499s thr(out)1 thr(in)16 conc_peak=10 pread=3.392s
DBG getmany L60 nw=13 wall=0.502s thr(out)1 thr(in)16 conc_peak=12 pread=5.655s
DBG getmany L61 nw=15 wall=0.535s thr(out)1 thr(in)16 conc_peak=15 pread=5.804s
DBG getmany L62 nw=11 wall=0.334s thr(out)1 thr(in)16 conc_peak=11 pread=2.949s
DBG getmany L63 nw=12 wall=0.523s thr(out)1 thr(in)16 conc_peak=12 pread=5.073s
DBG getmany L64 nw=13 wall=0.533s thr(out)1 thr(in)16 conc_peak=13 pread=5.207s
DBG getmany L65 nw=10 wall=0.433s thr(out)1 thr(in)16 conc_peak=7 pread=3.527s
DBG getmany L66 nw=13 wall=0.387s thr(out)1 thr(in)16 conc_peak=13 pread=4.454s
DBG getmany L67 nw=13 wall=0.533s thr(out)1 thr(in)16 conc_peak=13 pread=3.938s
DBG getmany L68 nw=11 wall=0.458s thr(out)1 thr(in)16 conc_peak=11 pread=3.482s
DBG getmany L69 nw=11 wall=0.451s thr(out)1 thr(in)16 conc_peak=11 pread=3.974s
DBG getmany L70 nw=11 wall=0.335s thr(out)1 thr(in)16 conc_peak=10 pread=3.377s
DBG getmany L71 nw=10 wall=0.520s thr(out)1 thr(in)16 conc_peak=10 pread=4.122s
DBG getmany L72 nw=15 wall=0.533s thr(out)1 thr(in)16 conc_peak=15 pread=6.412s
DBG getmany L73 nw=16 wall=0.554s thr(out)1 thr(in)16 conc_peak=16 pread=8.440s
DBG getmany L74 nw=16 wall=0.398s thr(out)1 thr(in)16 conc_peak=16 pread=5.451s
DBG getmany L75 nw=16 wall=0.550s thr(out)1 thr(in)16 conc_peak=16 pread=6.963s
DBG getmany L76 nw=16 wall=0.529s thr(out)1 thr(in)16 conc_peak=16 pread=6.973s
DBG getmany L77 nw=13 wall=0.570s thr(out)1 thr(in)16 conc_peak=13 pread=5.809s
DBG getmany L78 nw=15 wall=0.541s thr(out)1 thr(in)16 conc_peak=15 pread=7.001s
DBG getmany L79 nw=14 wall=0.710s thr(out)1 thr(in)16 conc_peak=14 pread=7.158s
DBG getmany L80 nw=16 wall=0.711s thr(out)1 thr(in)16 conc_peak=16 pread=9.953s
DBG getmany L81 nw=13 wall=0.705s thr(out)1 thr(in)16 conc_peak=13 pread=7.010s
DBG getmany L82 nw=14 wall=0.535s thr(out)1 thr(in)16 conc_peak=14 pread=6.515s
DBG getmany L83 nw=12 wall=0.698s thr(out)1 thr(in)16 conc_peak=12 pread=5.919s
DBG getmany L84 nw=10 wall=0.568s thr(out)1 thr(in)16 conc_peak=10 pread=3.452s
DBG getmany L85 nw=9 wall=0.637s thr(out)1 thr(in)16 conc_peak=9 pread=5.004s
DBG getmany L86 nw=12 wall=0.485s thr(out)1 thr(in)16 conc_peak=12 pread=4.847s
DBG getmany L87 nw=11 wall=0.656s thr(out)1 thr(in)16 conc_peak=11 pread=5.815s
DBG getmany L88 nw=12 wall=0.676s thr(out)1 thr(in)16 conc_peak=12 pread=6.645s
DBG getmany L89 nw=12 wall=0.714s thr(out)1 thr(in)16 conc_peak=12 pread=7.422s
DBG getmany L90 nw=12 wall=0.485s thr(out)1 thr(in)16 conc_peak=12 pread=5.233s
DBG getmany L91 nw=12 wall=0.499s thr(out)1 thr(in)16 conc_peak=12 pread=5.589s
DBG getmany L92 nw=12 wall=0.168s thr(out)1 thr(in)16 conc_peak=12 pread=1.122s
2      24         61.13        100.0      20.23      0.016
  L2   resident=6779/14589 slots hit=100.0% read=67.73GB write=0.00GB
DBG getmany L1 nw=11 wall=0.630s thr(out)1 thr(in)16 conc_peak=11 pread=5.488s
DBG getmany L2 nw=9 wall=0.443s thr(out)1 thr(in)16 conc_peak=9 pread=3.572s
DBG getmany L3 nw=7 wall=0.623s thr(out)1 thr(in)16 conc_peak=7 pread=4.195s
DBG getmany L4 nw=7 wall=0.537s thr(out)1 thr(in)16 conc_peak=6 pread=2.691s
DBG getmany L5 nw=10 wall=0.644s thr(out)1 thr(in)16 conc_peak=10 pread=4.371s
DBG getmany L6 nw=15 wall=0.525s thr(out)1 thr(in)16 conc_peak=15 pread=6.699s
DBG getmany L7 nw=13 wall=0.682s thr(out)1 thr(in)16 conc_peak=13 pread=7.102s
DBG getmany L8 nw=11 wall=0.713s thr(out)1 thr(in)16 conc_peak=10 pread=6.061s
DBG getmany L9 nw=5 wall=0.342s thr(out)1 thr(in)16 conc_peak=5 pread=1.473s
DBG getmany L10 nw=5 wall=0.383s thr(out)1 thr(in)16 conc_peak=5 pread=1.603s
DBG getmany L11 nw=7 wall=0.661s thr(out)1 thr(in)16 conc_peak=7 pread=3.389s
DBG getmany L12 nw=10 wall=0.670s thr(out)1 thr(in)16 conc_peak=10 pread=6.188s
DBG getmany L13 nw=11 wall=0.652s thr(out)1 thr(in)16 conc_peak=10 pread=5.663s
DBG getmany L14 nw=9 wall=0.413s thr(out)1 thr(in)16 conc_peak=9 pread=2.726s
DBG getmany L15 nw=9 wall=0.649s thr(out)1 thr(in)16 conc_peak=9 pread=3.189s
DBG getmany L16 nw=7 wall=0.321s thr(out)1 thr(in)16 conc_peak=7 pread=1.749s
DBG getmany L17 nw=7 wall=0.527s thr(out)1 thr(in)16 conc_peak=5 pread=2.580s
DBG getmany L18 nw=5 wall=0.431s thr(out)1 thr(in)16 conc_peak=5 pread=1.604s
DBG getmany L19 nw=6 wall=0.578s thr(out)1 thr(in)16 conc_peak=6 pread=2.301s
DBG getmany L20 nw=6 wall=0.398s thr(out)1 thr(in)16 conc_peak=5 pread=1.888s
DBG getmany L21 nw=11 wall=0.686s thr(out)1 thr(in)16 conc_peak=11 pread=6.359s
DBG getmany L22 nw=7 wall=0.443s thr(out)1 thr(in)16 conc_peak=7 pread=2.603s
DBG getmany L23 nw=6 wall=0.575s thr(out)1 thr(in)16 conc_peak=6 pread=2.329s
DBG getmany L24 nw=11 wall=0.731s thr(out)1 thr(in)16 conc_peak=11 pread=5.952s
DBG getmany L25 nw=12 wall=0.684s thr(out)1 thr(in)16 conc_peak=11 pread=7.814s
DBG getmany L26 nw=9 wall=0.460s thr(out)1 thr(in)16 conc_peak=9 pread=3.489s
DBG getmany L27 nw=14 wall=0.691s thr(out)1 thr(in)16 conc_peak=14 pread=8.768s
DBG getmany L28 nw=15 wall=0.589s thr(out)1 thr(in)16 conc_peak=15 pread=7.210s
DBG getmany L29 nw=10 wall=0.677s thr(out)1 thr(in)16 conc_peak=10 pread=5.221s
DBG getmany L30 nw=10 wall=0.494s thr(out)1 thr(in)16 conc_peak=10 pread=4.331s
DBG getmany L31 nw=14 wall=0.756s thr(out)1 thr(in)16 conc_peak=14 pread=9.055s
DBG getmany L32 nw=9 wall=0.677s thr(out)1 thr(in)16 conc_peak=8 pread=3.850s
DBG getmany L33 nw=9 wall=0.740s thr(out)1 thr(in)16 conc_peak=9 pread=4.328s
DBG getmany L34 nw=13 wall=0.529s thr(out)1 thr(in)16 conc_peak=13 pread=4.520s
DBG getmany L35 nw=9 wall=0.684s thr(out)1 thr(in)16 conc_peak=9 pread=4.473s
DBG getmany L36 nw=11 wall=0.698s thr(out)1 thr(in)16 conc_peak=8 pread=6.124s
DBG getmany L37 nw=11 wall=0.683s thr(out)1 thr(in)16 conc_peak=11 pread=6.980s
DBG getmany L38 nw=8 wall=0.434s thr(out)1 thr(in)16 conc_peak=8 pread=2.847s
DBG getmany L39 nw=8 wall=0.658s thr(out)1 thr(in)16 conc_peak=8 pread=3.687s
DBG getmany L40 nw=9 wall=0.668s thr(out)1 thr(in)16 conc_peak=9 pread=4.554s
DBG getmany L41 nw=7 wall=0.616s thr(out)1 thr(in)16 conc_peak=7 pread=4.056s
DBG getmany L42 nw=4 wall=0.404s thr(out)1 thr(in)16 conc_peak=4 pread=1.082s
DBG getmany L43 nw=10 wall=0.718s thr(out)1 thr(in)16 conc_peak=10 pread=6.149s
DBG getmany L44 nw=10 wall=0.678s thr(out)1 thr(in)16 conc_peak=10 pread=6.243s
DBG getmany L45 nw=6 wall=0.585s thr(out)1 thr(in)16 conc_peak=6 pread=2.805s
DBG getmany L46 nw=7 wall=0.438s thr(out)1 thr(in)16 conc_peak=7 pread=2.730s
DBG getmany L47 nw=8 wall=0.639s thr(out)1 thr(in)16 conc_peak=8 pread=4.284s
DBG getmany L48 nw=10 wall=0.642s thr(out)1 thr(in)16 conc_peak=10 pread=5.334s
DBG getmany L49 nw=11 wall=0.699s thr(out)1 thr(in)16 conc_peak=10 pread=6.930s
DBG getmany L50 nw=11 wall=0.498s thr(out)1 thr(in)16 conc_peak=11 pread=4.926s
DBG getmany L51 nw=7 wall=0.584s thr(out)1 thr(in)16 conc_peak=7 pread=3.053s
DBG getmany L52 nw=9 wall=0.620s thr(out)1 thr(in)16 conc_peak=9 pread=4.528s
DBG getmany L53 nw=8 wall=0.633s thr(out)1 thr(in)16 conc_peak=7 pread=3.806s
DBG getmany L54 nw=9 wall=0.447s thr(out)1 thr(in)16 conc_peak=9 pread=2.902s
DBG getmany L55 nw=7 wall=0.530s thr(out)1 thr(in)16 conc_peak=7 pread=2.566s
DBG getmany L56 nw=12 wall=0.701s thr(out)1 thr(in)16 conc_peak=12 pread=5.450s
DBG getmany L57 nw=10 wall=0.679s thr(out)1 thr(in)16 conc_peak=10 pread=5.419s
DBG getmany L58 nw=6 wall=0.416s thr(out)1 thr(in)16 conc_peak=6 pread=2.075s
DBG getmany L59 nw=8 wall=0.656s thr(out)1 thr(in)16 conc_peak=8 pread=4.162s
DBG getmany L60 nw=7 wall=0.637s thr(out)1 thr(in)16 conc_peak=7 pread=3.505s
DBG getmany L61 nw=10 wall=0.659s thr(out)1 thr(in)16 conc_peak=10 pread=5.506s
DBG getmany L62 nw=7 wall=0.356s thr(out)1 thr(in)16 conc_peak=7 pread=1.939s
DBG getmany L63 nw=6 wall=0.633s thr(out)1 thr(in)16 conc_peak=5 pread=2.357s
DBG getmany L64 nw=6 wall=0.611s thr(out)1 thr(in)16 conc_peak=6 pread=3.089s
DBG getmany L65 nw=5 wall=0.323s thr(out)1 thr(in)16 conc_peak=5 pread=1.221s
DBG getmany L66 nw=8 wall=0.393s thr(out)1 thr(in)16 conc_peak=8 pread=2.406s
DBG getmany L67 nw=7 wall=0.668s thr(out)1 thr(in)16 conc_peak=7 pread=3.893s
DBG getmany L68 nw=9 wall=0.651s thr(out)1 thr(in)16 conc_peak=9 pread=4.142s
DBG getmany L69 nw=8 wall=0.647s thr(out)1 thr(in)16 conc_peak=7 pread=2.743s
DBG getmany L70 nw=7 wall=0.326s thr(out)1 thr(in)16 conc_peak=7 pread=1.913s
DBG getmany L71 nw=9 wall=0.715s thr(out)1 thr(in)16 conc_peak=9 pread=5.531s
DBG getmany L72 nw=8 wall=0.642s thr(out)1 thr(in)16 conc_peak=7 pread=3.722s
DBG getmany L73 nw=7 wall=0.632s thr(out)1 thr(in)16 conc_peak=7 pread=3.738s
DBG getmany L74 nw=5 wall=0.407s thr(out)1 thr(in)16 conc_peak=5 pread=1.923s
DBG getmany L75 nw=6 wall=0.634s thr(out)1 thr(in)16 conc_peak=6 pread=3.183s
DBG getmany L76 nw=7 wall=0.591s thr(out)1 thr(in)16 conc_peak=2 pread=3.813s
DBG getmany L77 nw=5 wall=0.531s thr(out)1 thr(in)16 conc_peak=5 pread=2.113s
DBG getmany L78 nw=5 wall=0.403s thr(out)1 thr(in)16 conc_peak=5 pread=1.505s
DBG getmany L79 nw=4 wall=0.574s thr(out)1 thr(in)16 conc_peak=4 pread=1.963s
DBG getmany L80 nw=6 wall=0.573s thr(out)1 thr(in)16 conc_peak=6 pread=2.772s
DBG getmany L81 nw=9 wall=0.625s thr(out)1 thr(in)16 conc_peak=9 pread=4.369s
DBG getmany L82 nw=9 wall=0.462s thr(out)1 thr(in)16 conc_peak=9 pread=2.806s
DBG getmany L83 nw=7 wall=0.642s thr(out)1 thr(in)16 conc_peak=7 pread=4.270s
DBG getmany L84 nw=2 wall=0.470s thr(out)1 thr(in)16 conc_peak=2 pread=0.873s
DBG getmany L85 nw=6 wall=0.600s thr(out)1 thr(in)16 conc_peak=6 pread=3.480s
DBG getmany L86 nw=5 wall=0.406s thr(out)1 thr(in)16 conc_peak=4 pread=1.574s
DBG getmany L87 nw=6 wall=0.605s thr(out)1 thr(in)16 conc_peak=5 pread=2.941s
DBG getmany L88 nw=2 wall=0.496s thr(out)1 thr(in)16 conc_peak=2 pread=0.674s
DBG getmany L89 nw=4 wall=0.622s thr(out)1 thr(in)16 conc_peak=2 pread=2.421s
DBG getmany L90 nw=4 wall=0.388s thr(out)1 thr(in)16 conc_peak=4 pread=1.241s
DBG getmany L91 nw=4 wall=0.400s thr(out)1 thr(in)16 conc_peak=4 pread=1.495s
DBG getmany L92 nw=8 wall=0.116s thr(out)1 thr(in)16 conc_peak=8 pread=0.589s
3      12         69.53        100.0      13.06      0.014
  L2   resident=6779/14589 slots hit=100.0% read=80.79GB write=0.00GB
DBG getmany L1 nw=13 wall=11.892s thr(out)1 thr(in)16 conc_peak=13 pread=153.751s
DBG getmany L2 nw=9 wall=0.464s thr(out)1 thr(in)16 conc_peak=9 pread=3.716s
DBG getmany L3 nw=10 wall=0.665s thr(out)1 thr(in)16 conc_peak=9 pread=6.439s
DBG getmany L4 nw=7 wall=11.611s thr(out)1 thr(in)16 conc_peak=7 pread=54.609s
DBG getmany L5 nw=9 wall=0.633s thr(out)1 thr(in)16 conc_peak=5 pread=5.534s
DBG getmany L6 nw=14 wall=0.506s thr(out)1 thr(in)16 conc_peak=14 pread=6.497s
DBG getmany L7 nw=14 wall=0.583s thr(out)1 thr(in)16 conc_peak=14 pread=7.155s
DBG getmany L8 nw=11 wall=0.723s thr(out)1 thr(in)16 conc_peak=8 pread=7.687s
DBG getmany L9 nw=10 wall=0.702s thr(out)1 thr(in)16 conc_peak=10 pread=6.449s
DBG getmany L10 nw=8 wall=0.380s thr(out)1 thr(in)16 conc_peak=7 pread=2.417s
DBG getmany L11 nw=6 wall=0.636s thr(out)1 thr(in)16 conc_peak=6 pread=3.286s
DBG getmany L12 nw=11 wall=0.677s thr(out)1 thr(in)16 conc_peak=11 pread=5.997s
DBG getmany L13 nw=9 wall=0.577s thr(out)1 thr(in)16 conc_peak=9 pread=3.819s
DBG getmany L14 nw=13 wall=0.512s thr(out)1 thr(in)16 conc_peak=13 pread=5.503s
DBG getmany L15 nw=10 wall=0.582s thr(out)1 thr(in)16 conc_peak=9 pread=4.553s
DBG getmany L16 nw=10 wall=0.590s thr(out)1 thr(in)16 conc_peak=10 pread=4.615s
DBG getmany L17 nw=10 wall=0.647s thr(out)1 thr(in)16 conc_peak=8 pread=4.913s
DBG getmany L18 nw=11 wall=0.460s thr(out)1 thr(in)16 conc_peak=10 pread=4.293s
DBG getmany L19 nw=10 wall=0.621s thr(out)1 thr(in)16 conc_peak=10 pread=5.623s
DBG getmany L20 nw=10 wall=0.551s thr(out)1 thr(in)16 conc_peak=10 pread=3.854s
DBG getmany L21 nw=11 wall=0.659s thr(out)1 thr(in)16 conc_peak=10 pread=5.696s
DBG getmany L22 nw=10 wall=0.487s thr(out)1 thr(in)16 conc_peak=10 pread=4.641s
DBG getmany L23 nw=9 wall=0.601s thr(out)1 thr(in)16 conc_peak=9 pread=5.246s
DBG getmany L24 nw=9 wall=0.686s thr(out)1 thr(in)16 conc_peak=9 pread=5.762s
DBG getmany L25 nw=11 wall=0.691s thr(out)1 thr(in)16 conc_peak=11 pread=6.431s
DBG getmany L26 nw=12 wall=0.498s thr(out)1 thr(in)16 conc_peak=12 pread=5.643s
DBG getmany L27 nw=12 wall=0.664s thr(out)1 thr(in)16 conc_peak=11 pread=7.094s
DBG getmany L28 nw=12 wall=0.633s thr(out)1 thr(in)16 conc_peak=12 pread=6.610s
DBG getmany L29 nw=12 wall=0.697s thr(out)1 thr(in)16 conc_peak=12 pread=6.786s
DBG getmany L30 nw=9 wall=0.475s thr(out)1 thr(in)16 conc_peak=9 pread=4.004s
DBG getmany L31 nw=9 wall=0.674s thr(out)1 thr(in)16 conc_peak=9 pread=4.046s
DBG getmany L32 nw=11 wall=0.682s thr(out)1 thr(in)16 conc_peak=11 pread=6.675s
DBG getmany L33 nw=10 wall=0.724s thr(out)1 thr(in)16 conc_peak=10 pread=5.823s
DBG getmany L34 nw=10 wall=0.491s thr(out)1 thr(in)16 conc_peak=10 pread=4.020s
DBG getmany L35 nw=10 wall=0.519s thr(out)1 thr(in)16 conc_peak=10 pread=2.523s
DBG getmany L36 nw=11 wall=0.696s thr(out)1 thr(in)16 conc_peak=10 pread=5.837s
DBG getmany L37 nw=11 wall=0.653s thr(out)1 thr(in)16 conc_peak=11 pread=6.737s
DBG getmany L38 nw=8 wall=0.426s thr(out)1 thr(in)16 conc_peak=8 pread=2.962s
DBG getmany L39 nw=9 wall=0.648s thr(out)1 thr(in)16 conc_peak=9 pread=5.150s
DBG getmany L40 nw=11 wall=0.674s thr(out)1 thr(in)16 conc_peak=11 pread=6.610s
DBG getmany L41 nw=8 wall=0.622s thr(out)1 thr(in)16 conc_peak=8 pread=4.052s
DBG getmany L42 nw=7 wall=0.656s thr(out)1 thr(in)16 conc_peak=6 pread=3.854s
DBG getmany L43 nw=6 wall=0.657s thr(out)1 thr(in)16 conc_peak=6 pread=3.002s
DBG getmany L44 nw=10 wall=0.609s thr(out)1 thr(in)16 conc_peak=10 pread=5.058s
DBG getmany L45 nw=7 wall=0.646s thr(out)1 thr(in)16 conc_peak=7 pread=3.736s
DBG getmany L46 nw=9 wall=0.456s thr(out)1 thr(in)16 conc_peak=9 pread=3.761s
DBG getmany L47 nw=9 wall=0.639s thr(out)1 thr(in)16 conc_peak=9 pread=5.142s
DBG getmany L48 nw=9 wall=0.404s thr(out)1 thr(in)16 conc_peak=9 pread=2.557s
DBG getmany L49 nw=11 wall=0.703s thr(out)1 thr(in)16 conc_peak=11 pread=6.896s
DBG getmany L50 nw=7 wall=0.449s thr(out)1 thr(in)16 conc_peak=7 pread=2.431s
DBG getmany L51 nw=9 wall=0.659s thr(out)1 thr(in)16 conc_peak=9 pread=4.143s
DBG getmany L52 nw=10 wall=0.673s thr(out)1 thr(in)16 conc_peak=10 pread=5.907s
DBG getmany L53 nw=9 wall=0.635s thr(out)1 thr(in)16 conc_peak=9 pread=4.852s
DBG getmany L54 nw=8 wall=0.449s thr(out)1 thr(in)16 conc_peak=8 pread=2.803s
DBG getmany L55 nw=6 wall=0.601s thr(out)1 thr(in)16 conc_peak=6 pread=3.412s
DBG getmany L56 nw=8 wall=0.634s thr(out)1 thr(in)16 conc_peak=8 pread=3.862s
DBG getmany L57 nw=9 wall=0.667s thr(out)1 thr(in)16 conc_peak=9 pread=4.550s
DBG getmany L58 nw=9 wall=0.465s thr(out)1 thr(in)16 conc_peak=9 pread=3.310s
DBG getmany L59 nw=7 wall=0.646s thr(out)1 thr(in)16 conc_peak=7 pread=2.858s
DBG getmany L60 nw=11 wall=0.695s thr(out)1 thr(in)16 conc_peak=11 pread=6.225s
DBG getmany L61 nw=8 wall=0.642s thr(out)1 thr(in)16 conc_peak=8 pread=4.287s
DBG getmany L62 nw=8 wall=0.444s thr(out)1 thr(in)16 conc_peak=8 pread=3.204s
DBG getmany L63 nw=11 wall=0.699s thr(out)1 thr(in)16 conc_peak=11 pread=7.352s
DBG getmany L64 nw=10 wall=0.697s thr(out)1 thr(in)16 conc_peak=10 pread=6.570s
DBG getmany L65 nw=9 wall=0.659s thr(out)1 thr(in)16 conc_peak=9 pread=5.029s
DBG getmany L66 nw=7 wall=0.444s thr(out)1 thr(in)16 conc_peak=7 pread=2.301s
DBG getmany L67 nw=6 wall=0.658s thr(out)1 thr(in)16 conc_peak=5 pread=2.003s
DBG getmany L68 nw=8 wall=0.595s thr(out)1 thr(in)16 conc_peak=8 pread=4.560s
DBG getmany L69 nw=7 wall=0.641s thr(out)1 thr(in)16 conc_peak=7 pread=4.230s
DBG getmany L70 nw=7 wall=0.327s thr(out)1 thr(in)16 conc_peak=7 pread=1.763s
DBG getmany L71 nw=8 wall=0.703s thr(out)1 thr(in)16 conc_peak=8 pread=3.829s
DBG getmany L72 nw=10 wall=0.595s thr(out)1 thr(in)16 conc_peak=10 pread=4.442s
DBG getmany L73 nw=10 wall=0.670s thr(out)1 thr(in)16 conc_peak=10 pread=5.655s
DBG getmany L74 nw=6 wall=0.414s thr(out)1 thr(in)16 conc_peak=6 pread=2.195s
DBG getmany L75 nw=4 wall=0.600s thr(out)1 thr(in)16 conc_peak=4 pread=1.453s
DBG getmany L76 nw=9 wall=0.634s thr(out)1 thr(in)16 conc_peak=9 pread=5.253s
DBG getmany L77 nw=6 wall=0.358s thr(out)1 thr(in)16 conc_peak=6 pread=1.780s
DBG getmany L78 nw=8 wall=0.467s thr(out)1 thr(in)16 conc_peak=8 pread=3.344s
DBG getmany L79 nw=7 wall=0.634s thr(out)1 thr(in)16 conc_peak=7 pread=3.192s
DBG getmany L80 nw=8 wall=0.617s thr(out)1 thr(in)16 conc_peak=8 pread=4.390s
DBG getmany L81 nw=10 wall=0.679s thr(out)1 thr(in)16 conc_peak=10 pread=6.160s
DBG getmany L82 nw=8 wall=0.394s thr(out)1 thr(in)16 conc_peak=8 pread=2.405s
DBG getmany L83 nw=10 wall=0.581s thr(out)1 thr(in)16 conc_peak=10 pread=3.286s
DBG getmany L84 nw=10 wall=0.710s thr(out)1 thr(in)16 conc_peak=10 pread=5.665s
DBG getmany L85 nw=10 wall=0.693s thr(out)1 thr(in)16 conc_peak=10 pread=6.215s
DBG getmany L86 nw=11 wall=0.495s thr(out)1 thr(in)16 conc_peak=11 pread=4.245s
DBG getmany L87 nw=7 wall=0.624s thr(out)1 thr(in)16 conc_peak=6 pread=3.014s
DBG getmany L88 nw=9 wall=0.676s thr(out)1 thr(in)16 conc_peak=9 pread=5.349s
DBG getmany L89 nw=5 wall=0.659s thr(out)1 thr(in)16 conc_peak=5 pread=3.150s
DBG getmany L90 nw=7 wall=0.440s thr(out)1 thr(in)16 conc_peak=7 pread=2.411s
DBG getmany L91 nw=9 wall=0.489s thr(out)1 thr(in)16 conc_peak=9 pread=3.904s
DBG getmany L92 nw=14 wall=0.225s thr(out)1 thr(in)16 conc_peak=14 pread=1.845s
4      2975       93.99        100.0      14.88      0.011
  L2   resident=6779/14589 slots hit=100.0% read=95.67GB write=0.00GB
DBG getmany L1 nw=7 wall=1.008s thr(out)1 thr(in)16 conc_peak=7 pread=3.880s
DBG getmany L2 nw=9 wall=0.478s thr(out)1 thr(in)16 conc_peak=9 pread=3.039s
DBG getmany L3 nw=4 wall=0.588s thr(out)1 thr(in)16 conc_peak=4 pread=1.566s
DBG getmany L4 nw=9 wall=0.645s thr(out)1 thr(in)16 conc_peak=8 pread=5.185s
DBG getmany L5 nw=6 wall=0.433s thr(out)1 thr(in)16 conc_peak=6 pread=2.051s
DBG getmany L6 nw=13 wall=0.518s thr(out)1 thr(in)16 conc_peak=12 pread=6.090s
DBG getmany L7 nw=9 wall=0.652s thr(out)1 thr(in)16 conc_peak=9 pread=3.803s
DBG getmany L8 nw=9 wall=0.693s thr(out)1 thr(in)16 conc_peak=9 pread=5.754s
DBG getmany L9 nw=8 wall=0.572s thr(out)1 thr(in)16 conc_peak=7 pread=3.057s
DBG getmany L10 nw=4 wall=0.263s thr(out)1 thr(in)16 conc_peak=4 pread=0.894s
DBG getmany L11 nw=6 wall=0.642s thr(out)1 thr(in)16 conc_peak=5 pread=2.432s
DBG getmany L12 nw=5 wall=0.599s thr(out)1 thr(in)16 conc_peak=5 pread=1.774s
DBG getmany L13 nw=9 wall=0.581s thr(out)1 thr(in)16 conc_peak=9 pread=3.575s
DBG getmany L14 nw=9 wall=0.471s thr(out)1 thr(in)16 conc_peak=9 pread=3.230s
DBG getmany L15 nw=9 wall=0.647s thr(out)1 thr(in)16 conc_peak=9 pread=4.754s
DBG getmany L16 nw=9 wall=0.590s thr(out)1 thr(in)16 conc_peak=9 pread=3.989s
DBG getmany L17 nw=8 wall=0.629s thr(out)1 thr(in)16 conc_peak=8 pread=4.659s
DBG getmany L18 nw=6 wall=0.380s thr(out)1 thr(in)16 conc_peak=5 pread=1.861s
DBG getmany L19 nw=8 wall=0.609s thr(out)1 thr(in)16 conc_peak=8 pread=3.275s
DBG getmany L20 nw=5 wall=0.543s thr(out)1 thr(in)16 conc_peak=5 pread=1.984s
DBG getmany L21 nw=6 wall=0.626s thr(out)1 thr(in)16 conc_peak=6 pread=2.190s
DBG getmany L22 nw=7 wall=0.333s thr(out)1 thr(in)16 conc_peak=6 pread=1.898s
DBG getmany L23 nw=3 wall=0.368s thr(out)1 thr(in)16 conc_peak=3 pread=0.752s
DBG getmany L24 nw=13 wall=0.773s thr(out)1 thr(in)16 conc_peak=13 pread=8.811s
DBG getmany L25 nw=12 wall=0.723s thr(out)1 thr(in)16 conc_peak=12 pread=6.808s
DBG getmany L26 nw=7 wall=0.343s thr(out)1 thr(in)16 conc_peak=7 pread=1.760s
DBG getmany L27 nw=11 wall=0.663s thr(out)1 thr(in)16 conc_peak=11 pread=6.768s
DBG getmany L28 nw=13 wall=0.659s thr(out)1 thr(in)16 conc_peak=13 pread=6.704s
DBG getmany L29 nw=10 wall=0.694s thr(out)1 thr(in)16 conc_peak=10 pread=5.004s
DBG getmany L30 nw=9 wall=0.492s thr(out)1 thr(in)16 conc_peak=9 pread=3.629s
DBG getmany L31 nw=6 wall=0.653s thr(out)1 thr(in)16 conc_peak=6 pread=2.920s
DBG getmany L32 nw=7 wall=0.577s thr(out)1 thr(in)16 conc_peak=7 pread=3.113s
DBG getmany L33 nw=4 wall=0.562s thr(out)1 thr(in)16 conc_peak=4 pread=1.594s
DBG getmany L34 nw=9 wall=0.409s thr(out)1 thr(in)16 conc_peak=9 pread=2.954s
DBG getmany L35 nw=6 wall=0.650s thr(out)1 thr(in)16 conc_peak=6 pread=2.903s
DBG getmany L36 nw=9 wall=0.661s thr(out)1 thr(in)16 conc_peak=8 pread=4.363s
DBG getmany L37 nw=8 wall=0.596s thr(out)1 thr(in)16 conc_peak=8 pread=4.120s
DBG getmany L38 nw=7 wall=0.429s thr(out)1 thr(in)16 conc_peak=7 pread=2.388s
DBG getmany L39 nw=9 wall=0.669s thr(out)1 thr(in)16 conc_peak=9 pread=5.032s
DBG getmany L40 nw=7 wall=0.644s thr(out)1 thr(in)16 conc_peak=7 pread=3.130s
DBG getmany L41 nw=6 wall=0.606s thr(out)1 thr(in)16 conc_peak=6 pread=3.129s
DBG getmany L42 nw=6 wall=0.436s thr(out)1 thr(in)16 conc_peak=6 pread=2.257s
DBG getmany L43 nw=7 wall=0.669s thr(out)1 thr(in)16 conc_peak=7 pread=3.469s
DBG getmany L44 nw=9 wall=0.404s thr(out)1 thr(in)16 conc_peak=9 pread=2.721s
DBG getmany L45 nw=7 wall=0.548s thr(out)1 thr(in)16 conc_peak=7 pread=3.440s
DBG getmany L46 nw=5 wall=0.419s thr(out)1 thr(in)16 conc_peak=5 pread=1.746s
DBG getmany L47 nw=8 wall=0.658s thr(out)1 thr(in)16 conc_peak=8 pread=4.388s
DBG getmany L48 nw=10 wall=0.667s thr(out)1 thr(in)16 conc_peak=10 pread=4.664s
DBG getmany L49 nw=12 wall=0.724s thr(out)1 thr(in)16 conc_peak=12 pread=6.488s
DBG getmany L50 nw=9 wall=0.479s thr(out)1 thr(in)16 conc_peak=9 pread=3.474s
DBG getmany L51 nw=12 wall=0.701s thr(out)1 thr(in)16 conc_peak=12 pread=7.858s
DBG getmany L52 nw=7 wall=0.631s thr(out)1 thr(in)16 conc_peak=6 pread=2.177s
DBG getmany L53 nw=12 wall=0.693s thr(out)1 thr(in)16 conc_peak=10 pread=6.134s
DBG getmany L54 nw=10 wall=0.487s thr(out)1 thr(in)16 conc_peak=10 pread=4.011s
DBG getmany L55 nw=12 wall=0.714s thr(out)1 thr(in)16 conc_peak=12 pread=7.186s
DBG getmany L56 nw=11 wall=0.702s thr(out)1 thr(in)16 conc_peak=11 pread=5.066s
DBG getmany L57 nw=15 wall=0.763s thr(out)1 thr(in)16 conc_peak=15 pread=10.480s
DBG getmany L58 nw=9 wall=0.493s thr(out)1 thr(in)16 conc_peak=9 pread=3.628s
DBG getmany L59 nw=6 wall=0.705s thr(out)1 thr(in)16 conc_peak=6 pread=4.994s
DBG getmany L60 nw=10 wall=0.830s thr(out)1 thr(in)16 conc_peak=10 pread=5.818s [reader]
DBG getmany L61 nw=7 wall=0.115s thr(out)1 thr(in)16 conc_peak=7 pread=0.467s [reader]
DBG getmany L60 nw=8 wall=0.774s thr(out)1 thr(in)16 conc_peak=8 pread=5.032s
DBG getmany L62 nw=7 wall=0.234s thr(out)1 thr(in)16 conc_peak=7 pread=0.620s [reader]
DBG getmany L61 nw=8 wall=0.664s thr(out)1 thr(in)16 conc_peak=8 pread=5.025s
DBG getmany L63 nw=10 wall=0.585s thr(out)1 thr(in)16 conc_peak=10 pread=3.330s [reader]
DBG getmany L62 nw=6 wall=0.556s thr(out)1 thr(in)16 conc_peak=6 pread=5.391s
DBG getmany L64 nw=9 wall=0.158s thr(out)1 thr(in)16 conc_peak=9 pread=0.771s [reader]
DBG getmany L63 nw=6 wall=0.493s thr(out)1 thr(in)16 conc_peak=6 pread=3.200s
DBG getmany L65 nw=7 wall=0.431s thr(out)1 thr(in)16 conc_peak=7 pread=1.113s [reader]
DBG getmany L64 nw=7 wall=0.739s thr(out)1 thr(in)16 conc_peak=7 pread=6.047s
DBG getmany L66 nw=6 wall=0.095s thr(out)1 thr(in)16 conc_peak=6 pread=0.350s [reader]
DBG getmany L65 nw=6 wall=0.529s thr(out)1 thr(in)16 conc_peak=6 pread=2.736s
DBG getmany L66 nw=3 wall=0.416s thr(out)1 thr(in)16 conc_peak=3 pread=1.826s
DBG getmany L67 nw=5 wall=0.475s thr(out)1 thr(in)16 conc_peak=5 pread=2.327s [reader]
DBG getmany L68 nw=8 wall=0.281s thr(out)1 thr(in)16 conc_peak=8 pread=0.953s [reader]
DBG getmany L67 nw=11 wall=0.814s thr(out)1 thr(in)16 conc_peak=11 pread=7.168s
DBG getmany L69 nw=7 wall=0.386s thr(out)1 thr(in)16 conc_peak=7 pread=1.411s [reader]
DBG getmany L68 nw=12 wall=0.799s thr(out)1 thr(in)16 conc_peak=12 pread=10.039s
DBG getmany L70 nw=7 wall=0.294s thr(out)1 thr(in)16 conc_peak=7 pread=0.713s [reader]
DBG getmany L69 nw=6 wall=0.666s thr(out)1 thr(in)16 conc_peak=6 pread=4.351s
DBG getmany L70 nw=5 wall=0.421s thr(out)1 thr(in)16 conc_peak=5 pread=2.907s
DBG getmany L71 nw=5 wall=0.494s thr(out)1 thr(in)16 conc_peak=5 pread=3.401s [reader]
DBG getmany L72 nw=9 wall=0.696s thr(out)1 thr(in)16 conc_peak=9 pread=3.904s [reader]
DBG getmany L71 nw=7 wall=0.804s thr(out)1 thr(in)16 conc_peak=7 pread=7.813s
DBG getmany L73 nw=8 wall=0.682s thr(out)1 thr(in)16 conc_peak=8 pread=5.175s [reader]
DBG getmany L72 nw=7 wall=0.777s thr(out)1 thr(in)16 conc_peak=7 pread=8.975s
DBG getmany L74 nw=6 wall=0.298s thr(out)1 thr(in)16 conc_peak=6 pread=1.146s [reader]
DBG getmany L73 nw=10 wall=0.696s thr(out)1 thr(in)16 conc_peak=10 pread=6.720s
DBG getmany L75 nw=4 wall=0.141s thr(out)1 thr(in)16 conc_peak=4 pread=0.456s [reader]
DBG getmany L74 nw=4 wall=0.295s thr(out)1 thr(in)16 conc_peak=4 pread=1.454s
DBG getmany L76 nw=8 wall=0.254s thr(out)1 thr(in)16 conc_peak=8 pread=1.082s [reader]
DBG getmany L75 nw=6 wall=0.513s thr(out)1 thr(in)16 conc_peak=6 pread=3.045s
DBG getmany L77 nw=6 wall=0.104s thr(out)1 thr(in)16 conc_peak=6 pread=0.379s [reader]
DBG getmany L76 nw=5 wall=0.592s thr(out)1 thr(in)16 conc_peak=5 pread=2.674s
DBG getmany L78 nw=8 wall=0.419s thr(out)1 thr(in)16 conc_peak=8 pread=1.707s [reader]
DBG getmany L77 nw=4 wall=0.622s thr(out)1 thr(in)16 conc_peak=4 pread=3.942s
DBG getmany L79 nw=6 wall=0.425s thr(out)1 thr(in)16 conc_peak=6 pread=1.407s [reader]
DBG getmany L78 nw=6 wall=0.458s thr(out)1 thr(in)16 conc_peak=6 pread=3.531s
DBG getmany L80 nw=7 wall=0.115s thr(out)1 thr(in)16 conc_peak=7 pread=0.498s [reader]
DBG getmany L79 nw=5 wall=0.538s thr(out)1 thr(in)16 conc_peak=5 pread=2.663s
DBG getmany L81 nw=7 wall=0.229s thr(out)1 thr(in)16 conc_peak=7 pread=1.006s [reader]
DBG getmany L80 nw=6 wall=0.513s thr(out)1 thr(in)16 conc_peak=6 pread=3.202s
DBG getmany L82 nw=7 wall=0.762s thr(out)1 thr(in)16 conc_peak=7 pread=2.475s [reader]
DBG getmany L81 nw=4 wall=0.710s thr(out)1 thr(in)16 conc_peak=4 pread=3.064s
DBG getmany L83 nw=7 wall=0.119s thr(out)1 thr(in)16 conc_peak=7 pread=0.513s [reader]
DBG getmany L82 nw=7 wall=0.549s thr(out)1 thr(in)16 conc_peak=7 pread=3.537s
DBG getmany L84 nw=9 wall=0.571s thr(out)1 thr(in)16 conc_peak=9 pread=3.355s [reader]
DBG getmany L83 nw=7 wall=0.783s thr(out)1 thr(in)16 conc_peak=7 pread=7.806s
DBG getmany L84 nw=5 wall=0.665s thr(out)1 thr(in)16 conc_peak=5 pread=2.342s
DBG getmany L85 nw=10 wall=0.818s thr(out)1 thr(in)16 conc_peak=10 pread=8.038s [reader]
DBG getmany L86 nw=10 wall=0.252s thr(out)1 thr(in)16 conc_peak=10 pread=1.261s [reader]
DBG getmany L85 nw=4 wall=0.721s thr(out)1 thr(in)16 conc_peak=4 pread=3.979s
DBG getmany L87 nw=5 wall=0.197s thr(out)1 thr(in)16 conc_peak=5 pread=0.378s [reader]
DBG getmany L86 nw=6 wall=0.493s thr(out)1 thr(in)16 conc_peak=6 pread=2.419s
DBG getmany L88 nw=9 wall=0.306s thr(out)1 thr(in)16 conc_peak=9 pread=1.426s [reader]
DBG getmany L87 nw=7 wall=0.754s thr(out)1 thr(in)16 conc_peak=7 pread=6.124s
DBG getmany L89 nw=5 wall=0.539s thr(out)1 thr(in)16 conc_peak=5 pread=1.762s [reader]
DBG getmany L88 nw=3 wall=0.608s thr(out)1 thr(in)16 conc_peak=3 pread=2.247s
DBG getmany L90 nw=7 wall=0.395s thr(out)1 thr(in)16 conc_peak=7 pread=1.849s [reader]
DBG getmany L89 nw=3 wall=0.716s thr(out)1 thr(in)16 conc_peak=3 pread=3.954s
DBG getmany L90 nw=3 wall=0.361s thr(out)1 thr(in)16 conc_peak=3 pread=1.622s
DBG getmany L91 nw=7 wall=0.554s thr(out)1 thr(in)16 conc_peak=7 pread=3.295s [reader]
DBG getmany L91 nw=5 wall=0.585s thr(out)1 thr(in)16 conc_peak=5 pread=6.745s
DBG getmany L92 nw=12 wall=0.621s thr(out)1 thr(in)16 conc_peak=12 pread=9.194s [reader]
DBG getmany L92 nw=9 wall=0.129s thr(out)1 thr(in)16 conc_peak=9 pread=0.652s
5      15         71.63        99.9       16.42      0.014
  L2   resident=6779/14589 slots hit=100.0% read=112.06GB write=0.00GB
DBG getmany L1 nw=7 wall=0.317s thr(out)1 thr(in)16 conc_peak=7 pread=0.880s [reader]
DBG getmany L2 nw=7 wall=1.037s thr(out)1 thr(in)16 conc_peak=7 pread=3.300s [reader]
DBG getmany L1 nw=11 wall=1.239s thr(out)1 thr(in)16 conc_peak=11 pread=15.340s
DBG getmany L3 nw=4 wall=0.183s thr(out)1 thr(in)16 conc_peak=4 pread=0.343s [reader]
DBG getmany L2 nw=9 wall=0.532s thr(out)1 thr(in)16 conc_peak=9 pread=4.358s
DBG getmany L4 nw=9 wall=0.175s thr(out)1 thr(in)16 conc_peak=9 pread=0.854s [reader]
DBG getmany L3 nw=7 wall=0.436s thr(out)1 thr(in)16 conc_peak=7 pread=3.423s
DBG getmany L5 nw=4 wall=0.118s thr(out)1 thr(in)16 conc_peak=4 pread=0.298s [reader]
DBG getmany L4 nw=4 wall=0.598s thr(out)1 thr(in)16 conc_peak=4 pread=2.315s
DBG getmany L6 nw=8 wall=0.280s thr(out)1 thr(in)16 conc_peak=8 pread=0.918s [reader]
DBG getmany L5 nw=4 wall=0.693s thr(out)1 thr(in)16 conc_peak=4 pread=2.770s
DBG getmany L7 nw=6 wall=0.547s thr(out)1 thr(in)16 conc_peak=6 pread=3.422s [reader]
DBG getmany L6 nw=12 wall=0.582s thr(out)1 thr(in)16 conc_peak=12 pread=7.917s
DBG getmany L8 nw=7 wall=0.295s thr(out)1 thr(in)16 conc_peak=7 pread=0.854s [reader]
DBG getmany L7 nw=9 wall=0.665s thr(out)1 thr(in)16 conc_peak=9 pread=5.976s
DBG getmany L9 nw=8 wall=0.422s thr(out)1 thr(in)16 conc_peak=8 pread=1.919s [reader]
DBG getmany L8 nw=7 wall=0.785s thr(out)1 thr(in)16 conc_peak=7 pread=6.078s
DBG getmany L10 nw=2 wall=0.665s thr(out)1 thr(in)16 conc_peak=2 pread=1.330s [reader]
DBG getmany L9 nw=6 wall=0.688s thr(out)1 thr(in)16 conc_peak=6 pread=4.636s
DBG getmany L11 nw=6 wall=0.532s thr(out)1 thr(in)16 conc_peak=6 pread=4.081s [reader]
DBG getmany L10 nw=6 wall=0.548s thr(out)1 thr(in)16 conc_peak=6 pread=5.681s
DBG getmany L12 nw=3 wall=0.382s thr(out)1 thr(in)16 conc_peak=3 pread=1.333s [reader]
DBG getmany L11 nw=7 wall=0.714s thr(out)1 thr(in)16 conc_peak=7 pread=5.041s
DBG getmany L13 nw=8 wall=0.144s thr(out)1 thr(in)16 conc_peak=8 pread=0.663s [reader]
DBG getmany L12 nw=9 wall=0.792s thr(out)1 thr(in)16 conc_peak=9 pread=6.970s
DBG getmany L14 nw=9 wall=0.386s thr(out)1 thr(in)16 conc_peak=9 pread=2.320s [reader]
DBG getmany L13 nw=5 wall=0.417s thr(out)1 thr(in)16 conc_peak=5 pread=3.004s
DBG getmany L15 nw=7 wall=0.270s thr(out)1 thr(in)16 conc_peak=7 pread=1.023s [reader]
DBG getmany L14 nw=8 wall=0.565s thr(out)1 thr(in)16 conc_peak=8 pread=4.865s
DBG getmany L16 nw=7 wall=0.110s thr(out)1 thr(in)16 conc_peak=7 pread=0.447s [reader]
DBG getmany L15 nw=9 wall=0.500s thr(out)1 thr(in)16 conc_peak=9 pread=3.922s
DBG getmany L17 nw=8 wall=0.518s thr(out)1 thr(in)16 conc_peak=8 pread=2.072s [reader]
DBG getmany L16 nw=5 wall=0.646s thr(out)1 thr(in)16 conc_peak=5 pread=4.525s
DBG getmany L18 nw=5 wall=0.092s thr(out)1 thr(in)16 conc_peak=5 pread=0.297s [reader]
DBG getmany L17 nw=5 wall=0.608s thr(out)1 thr(in)16 conc_peak=5 pread=2.862s
DBG getmany L19 nw=8 wall=0.498s thr(out)1 thr(in)16 conc_peak=8 pread=3.606s [reader]
DBG getmany L18 nw=6 wall=0.550s thr(out)1 thr(in)16 conc_peak=6 pread=5.676s
DBG getmany L20 nw=5 wall=0.143s thr(out)1 thr(in)16 conc_peak=5 pread=0.317s [reader]
DBG getmany L19 nw=5 wall=0.346s thr(out)1 thr(in)16 conc_peak=5 pread=1.559s
DBG getmany L20 nw=7 wall=0.638s thr(out)1 thr(in)16 conc_peak=7 pread=4.528s
DBG getmany L21 nw=5 wall=0.719s thr(out)1 thr(in)16 conc_peak=5 pread=5.982s [reader]
DBG getmany L22 nw=4 wall=0.156s thr(out)1 thr(in)16 conc_peak=4 pread=0.332s [reader]
DBG getmany L21 nw=7 wall=0.699s thr(out)1 thr(in)16 conc_peak=7 pread=4.949s
DBG getmany L23 nw=3 wall=0.231s thr(out)1 thr(in)16 conc_peak=3 pread=0.559s [reader]
DBG getmany L22 nw=5 wall=0.468s thr(out)1 thr(in)16 conc_peak=5 pread=2.737s
DBG getmany L23 nw=5 wall=0.672s thr(out)1 thr(in)16 conc_peak=5 pread=3.684s
DBG getmany L24 nw=11 wall=0.729s thr(out)1 thr(in)16 conc_peak=11 pread=5.931s [reader]
DBG getmany L25 nw=10 wall=0.896s thr(out)1 thr(in)16 conc_peak=10 pread=12.372s [reader]
DBG getmany L24 nw=9 wall=0.866s thr(out)1 thr(in)16 conc_peak=9 pread=14.065s
DBG getmany L26 nw=5 wall=0.090s thr(out)1 thr(in)16 conc_peak=5 pread=0.333s [reader]
DBG getmany L25 nw=6 wall=0.631s thr(out)1 thr(in)16 conc_peak=6 pread=3.441s
DBG getmany L27 nw=7 wall=0.326s thr(out)1 thr(in)16 conc_peak=7 pread=1.757s [reader]
DBG getmany L26 nw=7 wall=0.556s thr(out)1 thr(in)16 conc_peak=7 pread=4.114s
DBG getmany L28 nw=9 wall=0.569s thr(out)1 thr(in)16 conc_peak=9 pread=5.003s [reader]
DBG getmany L27 nw=9 wall=0.751s thr(out)1 thr(in)16 conc_peak=9 pread=7.196s
DBG getmany L29 nw=7 wall=0.270s thr(out)1 thr(in)16 conc_peak=7 pread=0.626s [reader]
DBG getmany L28 nw=8 wall=0.642s thr(out)1 thr(in)16 conc_peak=8 pread=4.837s
DBG getmany L30 nw=7 wall=0.275s thr(out)1 thr(in)16 conc_peak=7 pread=1.259s [reader]
DBG getmany L29 nw=10 wall=0.784s thr(out)1 thr(in)16 conc_peak=10 pread=7.135s
DBG getmany L31 nw=5 wall=0.274s thr(out)1 thr(in)16 conc_peak=5 pread=1.059s [reader]
DBG getmany L30 nw=5 wall=0.347s thr(out)1 thr(in)16 conc_peak=5 pread=2.360s
DBG getmany L32 nw=3 wall=0.064s thr(out)1 thr(in)16 conc_peak=3 pread=0.139s [reader]
DBG getmany L31 nw=6 wall=0.690s thr(out)1 thr(in)16 conc_peak=6 pread=3.061s
DBG getmany L33 nw=2 wall=0.210s thr(out)1 thr(in)16 conc_peak=2 pread=0.353s [reader]
DBG getmany L32 nw=6 wall=0.652s thr(out)1 thr(in)16 conc_peak=6 pread=3.212s
DBG getmany L34 nw=7 wall=0.224s thr(out)1 thr(in)16 conc_peak=7 pread=0.991s [reader]
DBG getmany L33 nw=7 wall=0.801s thr(out)1 thr(in)16 conc_peak=7 pread=6.121s
DBG getmany L35 nw=6 wall=0.321s thr(out)1 thr(in)16 conc_peak=6 pread=0.617s [reader]
DBG getmany L34 nw=9 wall=0.568s thr(out)1 thr(in)16 conc_peak=9 pread=5.255s
DBG getmany L36 nw=6 wall=0.098s thr(out)1 thr(in)16 conc_peak=6 pread=0.369s [reader]
DBG getmany L35 nw=6 wall=0.510s thr(out)1 thr(in)16 conc_peak=6 pread=3.060s
DBG getmany L37 nw=5 wall=0.470s thr(out)1 thr(in)16 conc_peak=5 pread=1.368s [reader]
DBG getmany L36 nw=9 wall=0.746s thr(out)1 thr(in)16 conc_peak=9 pread=7.562s
DBG getmany L38 nw=5 wall=0.451s thr(out)1 thr(in)16 conc_peak=5 pread=1.179s [reader]
DBG getmany L37 nw=8 wall=0.723s thr(out)1 thr(in)16 conc_peak=8 pread=6.437s
DBG getmany L39 nw=7 wall=0.225s thr(out)1 thr(in)16 conc_peak=7 pread=0.590s [reader]
DBG getmany L38 nw=7 wall=0.513s thr(out)1 thr(in)16 conc_peak=7 pread=3.788s
DBG getmany L40 nw=3 wall=0.082s thr(out)1 thr(in)16 conc_peak=3 pread=0.142s [reader]
DBG getmany L39 nw=6 wall=0.525s thr(out)1 thr(in)16 conc_peak=6 pread=2.428s
DBG getmany L41 nw=5 wall=0.096s thr(out)1 thr(in)16 conc_peak=5 pread=0.277s [reader]
DBG getmany L40 nw=6 wall=0.707s thr(out)1 thr(in)16 conc_peak=6 pread=4.005s
DBG getmany L42 nw=5 wall=0.148s thr(out)1 thr(in)16 conc_peak=5 pread=0.549s [reader]
DBG getmany L41 nw=4 wall=0.648s thr(out)1 thr(in)16 conc_peak=4 pread=2.687s
DBG getmany L43 nw=6 wall=0.527s thr(out)1 thr(in)16 conc_peak=6 pread=3.864s [reader]
DBG getmany L42 nw=7 wall=0.493s thr(out)1 thr(in)16 conc_peak=7 pread=5.289s
DBG getmany L44 nw=6 wall=0.099s thr(out)1 thr(in)16 conc_peak=6 pread=0.368s [reader]
DBG getmany L43 nw=3 wall=0.355s thr(out)1 thr(in)16 conc_peak=3 pread=1.244s
DBG getmany L45 nw=7 wall=0.384s thr(out)1 thr(in)16 conc_peak=7 pread=1.235s [reader]
DBG getmany L44 nw=3 wall=0.619s thr(out)1 thr(in)16 conc_peak=3 pread=2.301s
DBG getmany L46 nw=5 wall=0.314s thr(out)1 thr(in)16 conc_peak=5 pread=0.506s [reader]
DBG getmany L45 nw=3 wall=0.627s thr(out)1 thr(in)16 conc_peak=3 pread=1.952s
DBG getmany L47 nw=8 wall=0.131s thr(out)1 thr(in)16 conc_peak=8 pread=0.626s [reader]
DBG getmany L46 nw=5 wall=0.505s thr(out)1 thr(in)16 conc_peak=5 pread=2.370s
DBG getmany L48 nw=7 wall=0.357s thr(out)1 thr(in)16 conc_peak=7 pread=0.758s [reader]
DBG getmany L47 nw=3 wall=0.433s thr(out)1 thr(in)16 conc_peak=3 pread=1.863s
DBG getmany L49 nw=11 wall=0.566s thr(out)1 thr(in)16 conc_peak=11 pread=4.361s [reader]
DBG getmany L48 nw=4 wall=0.651s thr(out)1 thr(in)16 conc_peak=4 pread=4.969s
DBG getmany L50 nw=8 wall=0.288s thr(out)1 thr(in)16 conc_peak=8 pread=1.578s [reader]
DBG getmany L49 nw=8 wall=0.784s thr(out)1 thr(in)16 conc_peak=8 pread=7.403s
DBG getmany L51 nw=9 wall=0.530s thr(out)1 thr(in)16 conc_peak=9 pread=3.196s [reader]
DBG getmany L50 nw=4 wall=0.543s thr(out)1 thr(in)16 conc_peak=4 pread=4.804s
DBG getmany L52 nw=7 wall=0.117s thr(out)1 thr(in)16 conc_peak=7 pread=0.483s [reader]
DBG getmany L51 nw=3 wall=0.607s thr(out)1 thr(in)16 conc_peak=3 pread=2.013s
DBG getmany L53 nw=9 wall=0.192s thr(out)1 thr(in)16 conc_peak=9 pread=1.047s [reader]
DBG getmany L52 nw=9 wall=0.615s thr(out)1 thr(in)16 conc_peak=9 pread=5.705s
DBG getmany L54 nw=9 wall=0.536s thr(out)1 thr(in)16 conc_peak=9 pread=3.788s [reader]
DBG getmany L53 nw=10 wall=0.783s thr(out)1 thr(in)16 conc_peak=10 pread=7.635s
DBG getmany L55 nw=9 wall=0.598s thr(out)1 thr(in)16 conc_peak=9 pread=1.637s [reader]
DBG getmany L54 nw=9 wall=0.601s thr(out)1 thr(in)16 conc_peak=9 pread=6.673s
DBG getmany L56 nw=7 wall=0.111s thr(out)1 thr(in)16 conc_peak=7 pread=0.506s [reader]
DBG getmany L55 nw=3 wall=0.391s thr(out)1 thr(in)16 conc_peak=3 pread=1.260s
DBG getmany L57 nw=9 wall=0.674s thr(out)1 thr(in)16 conc_peak=9 pread=4.290s [reader]
DBG getmany L56 nw=6 wall=0.742s thr(out)1 thr(in)16 conc_peak=6 pread=6.455s
DBG getmany L58 nw=5 wall=0.304s thr(out)1 thr(in)16 conc_peak=5 pread=0.766s [reader]
DBG getmany L57 nw=7 wall=0.695s thr(out)1 thr(in)16 conc_peak=7 pread=5.288s
DBG getmany L58 nw=7 wall=0.473s thr(out)1 thr(in)16 conc_peak=7 pread=2.139s
DBG getmany L60 nw=7 wall=0.112s thr(out)1 thr(in)16 conc_peak=7 pread=0.469s [reader]
DBG getmany L59 nw=5 wall=0.480s thr(out)1 thr(in)16 conc_peak=5 pread=2.511s
DBG getmany L61 nw=5 wall=0.203s thr(out)1 thr(in)16 conc_peak=5 pread=0.658s [reader]
DBG getmany L60 nw=5 wall=0.685s thr(out)1 thr(in)16 conc_peak=5 pread=3.374s
DBG getmany L62 nw=4 wall=0.138s thr(out)1 thr(in)16 conc_peak=4 pread=0.384s [reader]
DBG getmany L61 nw=5 wall=0.654s thr(out)1 thr(in)16 conc_peak=5 pread=3.193s
DBG getmany L62 nw=7 wall=0.506s thr(out)1 thr(in)16 conc_peak=7 pread=3.070s
DBG getmany L63 nw=6 wall=0.576s thr(out)1 thr(in)16 conc_peak=6 pread=4.811s [reader]
DBG getmany L64 nw=7 wall=0.142s thr(out)1 thr(in)16 conc_peak=7 pread=0.477s [reader]
DBG getmany L63 nw=3 wall=0.626s thr(out)1 thr(in)16 conc_peak=3 pread=1.564s
DBG getmany L65 nw=6 wall=0.339s thr(out)1 thr(in)16 conc_peak=6 pread=1.206s [reader]
DBG getmany L64 nw=10 wall=0.765s thr(out)1 thr(in)16 conc_peak=10 pread=7.086s
DBG getmany L66 nw=3 wall=0.116s thr(out)1 thr(in)16 conc_peak=3 pread=0.300s [reader]
DBG getmany L65 nw=5 wall=0.646s thr(out)1 thr(in)16 conc_peak=5 pread=2.391s
DBG getmany L67 nw=8 wall=0.289s thr(out)1 thr(in)16 conc_peak=8 pread=1.471s [reader]
DBG getmany L66 nw=4 wall=0.525s thr(out)1 thr(in)16 conc_peak=4 pread=3.469s
DBG getmany L68 nw=9 wall=0.179s thr(out)1 thr(in)16 conc_peak=9 pread=0.834s [reader]
DBG getmany L67 nw=6 wall=0.664s thr(out)1 thr(in)16 conc_peak=6 pread=3.885s
DBG getmany L68 nw=8 wall=0.669s thr(out)1 thr(in)16 conc_peak=8 pread=5.730s
DBG getmany L69 nw=5 wall=0.740s thr(out)1 thr(in)16 conc_peak=5 pread=7.297s [reader]
DBG getmany L69 nw=8 wall=0.707s thr(out)1 thr(in)16 conc_peak=8 pread=5.048s
DBG getmany L71 nw=3 wall=0.089s thr(out)1 thr(in)16 conc_peak=3 pread=0.151s [reader]
DBG getmany L70 nw=5 wall=0.455s thr(out)1 thr(in)16 conc_peak=5 pread=1.960s
DBG getmany L72 nw=3 wall=0.053s thr(out)1 thr(in)16 conc_peak=3 pread=0.124s [reader]
DBG getmany L71 nw=4 wall=0.625s thr(out)1 thr(in)16 conc_peak=4 pread=2.491s
DBG getmany L73 nw=10 wall=0.679s thr(out)1 thr(in)16 conc_peak=10 pread=4.972s [reader]
DBG getmany L72 nw=6 wall=0.723s thr(out)1 thr(in)16 conc_peak=6 pread=7.650s
DBG getmany L73 nw=8 wall=0.689s thr(out)1 thr(in)16 conc_peak=8 pread=4.404s
DBG getmany L75 nw=6 wall=0.229s thr(out)1 thr(in)16 conc_peak=6 pread=0.513s [reader]
DBG getmany L74 nw=5 wall=0.496s thr(out)1 thr(in)16 conc_peak=5 pread=2.666s
DBG getmany L76 nw=4 wall=0.271s thr(out)1 thr(in)16 conc_peak=4 pread=0.383s [reader]
DBG getmany L75 nw=4 wall=0.609s thr(out)1 thr(in)16 conc_peak=4 pread=2.378s
DBG getmany L77 nw=4 wall=0.147s thr(out)1 thr(in)16 conc_peak=4 pread=0.341s [reader]
DBG getmany L76 nw=7 wall=0.655s thr(out)1 thr(in)16 conc_peak=7 pread=4.120s
DBG getmany L78 nw=5 wall=0.235s thr(out)1 thr(in)16 conc_peak=5 pread=0.536s [reader]
DBG getmany L77 nw=5 wall=0.655s thr(out)1 thr(in)16 conc_peak=5 pread=3.360s
DBG getmany L78 nw=4 wall=0.291s thr(out)1 thr(in)16 conc_peak=4 pread=1.054s
DBG getmany L79 nw=5 wall=0.375s thr(out)1 thr(in)16 conc_peak=5 pread=1.544s [reader]
DBG getmany L80 nw=5 wall=0.075s thr(out)1 thr(in)16 conc_peak=5 pread=0.252s [reader]
DBG getmany L79 nw=7 wall=0.524s thr(out)1 thr(in)16 conc_peak=7 pread=3.446s
DBG getmany L81 nw=3 wall=0.104s thr(out)1 thr(in)16 conc_peak=3 pread=0.216s [reader]
DBG getmany L80 nw=5 wall=0.622s thr(out)1 thr(in)16 conc_peak=5 pread=1.939s
DBG getmany L81 nw=4 wall=0.482s thr(out)1 thr(in)16 conc_peak=4 pread=1.887s
DBG getmany L82 nw=4 wall=0.708s thr(out)1 thr(in)16 conc_peak=4 pread=2.621s [reader]
DBG getmany L83 nw=6 wall=0.095s thr(out)1 thr(in)16 conc_peak=6 pread=0.372s [reader]
DBG getmany L82 nw=3 wall=0.396s thr(out)1 thr(in)16 conc_peak=3 pread=1.370s
DBG getmany L83 nw=5 wall=0.652s thr(out)1 thr(in)16 conc_peak=5 pread=2.938s
DBG getmany L85 nw=3 wall=0.360s thr(out)1 thr(in)16 conc_peak=3 pread=0.877s [reader]
DBG getmany L84 nw=5 wall=0.664s thr(out)1 thr(in)16 conc_peak=5 pread=3.271s
DBG getmany L85 nw=4 wall=0.279s thr(out)1 thr(in)16 conc_peak=4 pread=2.071s
DBG getmany L86 nw=6 wall=0.498s thr(out)1 thr(in)16 conc_peak=6 pread=2.569s [reader]
DBG getmany L87 nw=7 wall=0.509s thr(out)1 thr(in)16 conc_peak=7 pread=1.303s [reader]
DBG getmany L86 nw=2 wall=0.473s thr(out)1 thr(in)16 conc_peak=2 pread=2.193s
DBG getmany L87 nw=5 wall=0.570s thr(out)1 thr(in)16 conc_peak=5 pread=1.974s
DBG getmany L89 nw=3 wall=0.455s thr(out)1 thr(in)16 conc_peak=3 pread=0.946s [reader]
DBG getmany L88 nw=2 wall=0.481s thr(out)1 thr(in)16 conc_peak=2 pread=1.864s
DBG getmany L90 nw=3 wall=0.214s thr(out)1 thr(in)16 conc_peak=3 pread=0.564s [reader]
DBG getmany L89 nw=4 wall=0.614s thr(out)1 thr(in)16 conc_peak=4 pread=2.530s
DBG getmany L90 nw=1 wall=0.187s thr(out)1 thr(in)16 conc_peak=1 pread=0.305s
DBG getmany L91 nw=3 wall=0.284s thr(out)1 thr(in)16 conc_peak=3 pread=0.614s [reader]
DBG getmany L91 nw=1 wall=0.208s thr(out)1 thr(in)16 conc_peak=1 pread=0.464s
DBG getmany L92 nw=5 wall=0.292s thr(out)1 thr(in)16 conc_peak=5 pread=0.806s [reader]
DBG getmany L92 nw=7 wall=0.101s thr(out)1 thr(in)16 conc_peak=7 pread=0.410s
6      3629       71.85        100.0      19.04      0.014
  L2   resident=6779/14589 slots hit=100.0% read=131.10GB write=0.00GB
DBG getmany L1 nw=10 wall=0.306s thr(out)1 thr(in)16 conc_peak=10 pread=1.137s [reader]
DBG getmany L2 nw=8 wall=0.126s thr(out)1 thr(in)16 conc_peak=8 pread=0.612s [reader]
DBG getmany L1 nw=10 wall=1.103s thr(out)1 thr(in)16 conc_peak=10 pread=8.838s
DBG getmany L3 nw=5 wall=0.564s thr(out)1 thr(in)16 conc_peak=5 pread=3.078s [reader]
DBG getmany L2 nw=13 wall=0.608s thr(out)1 thr(in)16 conc_peak=13 pread=8.764s
DBG getmany L4 nw=2 wall=0.245s thr(out)1 thr(in)16 conc_peak=2 pread=0.428s [reader]
DBG getmany L3 nw=7 wall=0.642s thr(out)1 thr(in)16 conc_peak=7 pread=4.535s
DBG getmany L5 nw=3 wall=0.325s thr(out)1 thr(in)16 conc_peak=3 pread=0.692s [reader]
DBG getmany L4 nw=10 wall=0.614s thr(out)1 thr(in)16 conc_peak=10 pread=6.184s
DBG getmany L6 nw=8 wall=0.797s thr(out)1 thr(in)16 conc_peak=8 pread=8.519s [reader]
DBG getmany L5 nw=13 wall=0.819s thr(out)1 thr(in)16 conc_peak=13 pread=14.029s
DBG getmany L7 nw=7 wall=0.512s thr(out)1 thr(in)16 conc_peak=7 pread=2.752s [reader]
DBG getmany L6 nw=14 wall=0.619s thr(out)1 thr(in)16 conc_peak=14 pread=10.107s
DBG getmany L8 nw=7 wall=0.681s thr(out)1 thr(in)16 conc_peak=7 pread=3.907s [reader]
DBG getmany L7 nw=7 wall=0.725s thr(out)1 thr(in)16 conc_peak=7 pread=6.764s
DBG getmany L9 nw=6 wall=0.650s thr(out)1 thr(in)16 conc_peak=6 pread=2.322s [reader]
DBG getmany L8 nw=12 wall=0.829s thr(out)1 thr(in)16 conc_peak=12 pread=10.401s
DBG getmany L9 nw=11 wall=0.651s thr(out)1 thr(in)16 conc_peak=11 pread=7.416s
DBG getmany L10 nw=6 wall=0.859s thr(out)1 thr(in)16 conc_peak=6 pread=8.274s [reader]
DBG getmany L11 nw=6 wall=0.275s thr(out)1 thr(in)16 conc_peak=6 pread=0.999s [reader]
DBG getmany L10 nw=6 wall=0.500s thr(out)1 thr(in)16 conc_peak=6 pread=2.973s
DBG getmany L12 nw=8 wall=0.368s thr(out)1 thr(in)16 conc_peak=8 pread=1.460s [reader]
DBG getmany L11 nw=8 wall=0.739s thr(out)1 thr(in)16 conc_peak=8 pread=5.466s
DBG getmany L13 nw=4 wall=0.092s thr(out)1 thr(in)16 conc_peak=4 pread=0.220s [reader]
DBG getmany L12 nw=9 wall=0.708s thr(out)1 thr(in)16 conc_peak=9 pread=5.043s
DBG getmany L14 nw=4 wall=0.130s thr(out)1 thr(in)16 conc_peak=4 pread=0.349s [reader]
DBG getmany L13 nw=9 wall=0.693s thr(out)1 thr(in)16 conc_peak=9 pread=6.083s
DBG getmany L15 nw=8 wall=0.372s thr(out)1 thr(in)16 conc_peak=8 pread=2.526s [reader]
DBG getmany L14 nw=11 wall=0.610s thr(out)1 thr(in)16 conc_peak=11 pread=7.269s
DBG getmany L15 nw=11 wall=0.600s thr(out)1 thr(in)16 conc_peak=11 pread=5.478s
DBG getmany L17 nw=3 wall=0.328s thr(out)1 thr(in)16 conc_peak=3 pread=0.663s [reader]
DBG getmany L16 nw=6 wall=0.591s thr(out)1 thr(in)16 conc_peak=6 pread=3.315s
DBG getmany L17 nw=6 wall=0.639s thr(out)1 thr(in)16 conc_peak=6 pread=2.965s
DBG getmany L19 nw=2 wall=0.217s thr(out)1 thr(in)16 conc_peak=2 pread=0.246s [reader]
DBG getmany L18 nw=6 wall=0.451s thr(out)1 thr(in)16 conc_peak=6 pread=2.488s
DBG getmany L20 nw=6 wall=0.359s thr(out)1 thr(in)16 conc_peak=6 pread=1.623s [reader]
DBG getmany L19 nw=8 wall=0.676s thr(out)1 thr(in)16 conc_peak=8 pread=3.931s
DBG getmany L21 nw=4 wall=0.544s thr(out)1 thr(in)16 conc_peak=4 pread=2.561s [reader]
DBG getmany L20 nw=8 wall=0.656s thr(out)1 thr(in)16 conc_peak=8 pread=6.157s
DBG getmany L22 nw=3 wall=0.108s thr(out)1 thr(in)16 conc_peak=3 pread=0.281s [reader]
DBG getmany L21 nw=9 wall=0.716s thr(out)1 thr(in)16 conc_peak=9 pread=6.104s
DBG getmany L23 nw=5 wall=0.339s thr(out)1 thr(in)16 conc_peak=5 pread=1.131s [reader]
DBG getmany L22 nw=9 wall=0.480s thr(out)1 thr(in)16 conc_peak=9 pread=4.428s
DBG getmany L24 nw=8 wall=0.173s thr(out)1 thr(in)16 conc_peak=8 pread=0.623s [reader]
DBG getmany L23 nw=9 wall=0.646s thr(out)1 thr(in)16 conc_peak=9 pread=5.328s
DBG getmany L25 nw=5 wall=0.164s thr(out)1 thr(in)16 conc_peak=5 pread=0.558s [reader]
DBG getmany L24 nw=13 wall=0.843s thr(out)1 thr(in)16 conc_peak=13 pread=9.741s
DBG getmany L26 nw=7 wall=0.266s thr(out)1 thr(in)16 conc_peak=7 pread=0.899s [reader]
DBG getmany L25 nw=9 wall=0.767s thr(out)1 thr(in)16 conc_peak=9 pread=6.775s
DBG getmany L27 nw=4 wall=0.123s thr(out)1 thr(in)16 conc_peak=4 pread=0.405s [reader]
DBG getmany L26 nw=10 wall=0.541s thr(out)1 thr(in)16 conc_peak=10 pread=3.933s
DBG getmany L28 nw=6 wall=0.084s thr(out)1 thr(in)16 conc_peak=6 pread=0.322s [reader]
DBG getmany L27 nw=12 wall=0.661s thr(out)1 thr(in)16 conc_peak=12 pread=7.107s
DBG getmany L29 nw=7 wall=0.354s thr(out)1 thr(in)16 conc_peak=7 pread=1.227s [reader]
DBG getmany L28 nw=11 wall=0.676s thr(out)1 thr(in)16 conc_peak=11 pread=7.024s
DBG getmany L30 nw=5 wall=0.157s thr(out)1 thr(in)16 conc_peak=5 pread=0.309s [reader]
DBG getmany L29 nw=9 wall=0.658s thr(out)1 thr(in)16 conc_peak=9 pread=4.133s
DBG getmany L31 nw=4 wall=0.303s thr(out)1 thr(in)16 conc_peak=4 pread=0.795s [reader]
DBG getmany L30 nw=8 wall=0.528s thr(out)1 thr(in)16 conc_peak=8 pread=4.624s
DBG getmany L32 nw=4 wall=0.064s thr(out)1 thr(in)16 conc_peak=4 pread=0.158s [reader]
DBG getmany L31 nw=9 wall=0.629s thr(out)1 thr(in)16 conc_peak=9 pread=5.017s
DBG getmany L33 nw=4 wall=0.202s thr(out)1 thr(in)16 conc_peak=4 pread=0.299s [reader]
DBG getmany L32 nw=8 wall=0.693s thr(out)1 thr(in)16 conc_peak=8 pread=5.305s
DBG getmany L34 nw=8 wall=0.682s thr(out)1 thr(in)16 conc_peak=8 pread=3.766s [reader]
DBG getmany L33 nw=10 wall=0.824s thr(out)1 thr(in)16 conc_peak=10 pread=7.535s
DBG getmany L35 nw=3 wall=0.518s thr(out)1 thr(in)16 conc_peak=3 pread=0.807s [reader]
DBG getmany L34 nw=10 wall=0.546s thr(out)1 thr(in)16 conc_peak=10 pread=5.903s
DBG getmany L36 nw=4 wall=0.057s thr(out)1 thr(in)16 conc_peak=4 pread=0.155s [reader]
DBG getmany L35 nw=8 wall=0.642s thr(out)1 thr(in)16 conc_peak=8 pread=4.340s
DBG getmany L37 nw=6 wall=0.272s thr(out)1 thr(in)16 conc_peak=6 pread=1.064s [reader]
DBG getmany L36 nw=9 wall=0.763s thr(out)1 thr(in)16 conc_peak=9 pread=5.609s
DBG getmany L38 nw=4 wall=0.122s thr(out)1 thr(in)16 conc_peak=4 pread=0.282s [reader]
DBG getmany L37 nw=10 wall=0.735s thr(out)1 thr(in)16 conc_peak=10 pread=6.298s
DBG getmany L39 nw=3 wall=0.108s thr(out)1 thr(in)16 conc_peak=3 pread=0.295s [reader]
DBG getmany L38 nw=5 wall=0.453s thr(out)1 thr(in)16 conc_peak=5 pread=2.181s
DBG getmany L40 nw=3 wall=0.075s thr(out)1 thr(in)16 conc_peak=3 pread=0.182s [reader]
DBG getmany L39 nw=6 wall=0.679s thr(out)1 thr(in)16 conc_peak=6 pread=4.008s
DBG getmany L41 nw=1 wall=0.098s thr(out)1 thr(in)16 conc_peak=1 pread=0.098s [reader]
DBG getmany L40 nw=5 wall=0.598s thr(out)1 thr(in)16 conc_peak=5 pread=2.625s
DBG getmany L42 nw=5 wall=0.093s thr(out)1 thr(in)16 conc_peak=5 pread=0.288s [reader]
DBG getmany L41 nw=3 wall=0.495s thr(out)1 thr(in)16 conc_peak=3 pread=1.281s
DBG getmany L43 nw=1 wall=0.412s thr(out)1 thr(in)16 conc_peak=1 pread=0.726s [reader]
DBG getmany L42 nw=3 wall=0.409s thr(out)1 thr(in)16 conc_peak=3 pread=1.531s
DBG getmany L43 nw=4 wall=0.412s thr(out)1 thr(in)16 conc_peak=4 pread=1.533s
DBG getmany L45 nw=3 wall=0.109s thr(out)1 thr(in)16 conc_peak=3 pread=0.172s [reader]
DBG getmany L44 nw=4 wall=0.637s thr(out)1 thr(in)16 conc_peak=4 pread=2.574s
DBG getmany L45 nw=6 wall=0.659s thr(out)1 thr(in)16 conc_peak=6 pread=3.705s
DBG getmany L46 nw=3 wall=0.740s thr(out)1 thr(in)16 conc_peak=3 pread=4.445s [reader]
DBG getmany L47 nw=2 wall=0.068s thr(out)1 thr(in)16 conc_peak=2 pread=0.097s [reader]
DBG getmany L46 nw=7 wall=0.474s thr(out)1 thr(in)16 conc_peak=7 pread=2.300s
DBG getmany L47 nw=4 wall=0.491s thr(out)1 thr(in)16 conc_peak=4 pread=1.392s
DBG getmany L49 nw=6 wall=0.662s thr(out)1 thr(in)16 conc_peak=6 pread=3.334s [reader]
DBG getmany L48 nw=7 wall=0.705s thr(out)1 thr(in)16 conc_peak=7 pread=5.947s
DBG getmany L50 nw=2 wall=0.112s thr(out)1 thr(in)16 conc_peak=2 pread=0.211s [reader]
DBG getmany L49 nw=10 wall=0.735s thr(out)1 thr(in)16 conc_peak=10 pread=5.721s
DBG getmany L50 nw=8 wall=0.490s thr(out)1 thr(in)16 conc_peak=8 pread=3.380s
DBG getmany L52 nw=5 wall=0.073s thr(out)1 thr(in)16 conc_peak=5 pread=0.244s [reader]
DBG getmany L51 nw=7 wall=0.710s thr(out)1 thr(in)16 conc_peak=7 pread=4.416s
DBG getmany L53 nw=8 wall=0.520s thr(out)1 thr(in)16 conc_peak=8 pread=2.129s [reader]
DBG getmany L52 nw=6 wall=0.681s thr(out)1 thr(in)16 conc_peak=6 pread=4.017s
DBG getmany L54 nw=4 wall=0.350s thr(out)1 thr(in)16 conc_peak=4 pread=1.077s [reader]
DBG getmany L53 nw=8 wall=0.604s thr(out)1 thr(in)16 conc_peak=8 pread=4.017s
DBG getmany L55 nw=1 wall=0.085s thr(out)1 thr(in)16 conc_peak=1 pread=0.084s [reader]
DBG getmany L54 nw=10 wall=0.509s thr(out)1 thr(in)16 conc_peak=10 pread=4.685s
DBG getmany L56 nw=5 wall=0.449s thr(out)1 thr(in)16 conc_peak=5 pread=1.670s [reader]
DBG getmany L55 nw=7 wall=0.650s thr(out)1 thr(in)16 conc_peak=7 pread=4.611s
DBG getmany L56 nw=7 wall=0.620s thr(out)1 thr(in)16 conc_peak=7 pread=4.721s
DBG getmany L57 nw=3 wall=0.676s thr(out)1 thr(in)16 conc_peak=3 pread=5.397s [reader]
DBG getmany L58 nw=3 wall=0.328s thr(out)1 thr(in)16 conc_peak=3 pread=0.729s [reader]
DBG getmany L57 nw=9 wall=0.721s thr(out)1 thr(in)16 conc_peak=9 pread=7.069s
DBG getmany L59 nw=5 wall=0.529s thr(out)1 thr(in)16 conc_peak=5 pread=1.715s [reader]
DBG getmany L58 nw=6 wall=0.519s thr(out)1 thr(in)16 conc_peak=6 pread=3.652s
DBG getmany L59 nw=3 wall=0.626s thr(out)1 thr(in)16 conc_peak=3 pread=1.858s
DBG getmany L61 nw=4 wall=0.254s thr(out)1 thr(in)16 conc_peak=4 pread=0.777s [reader]
DBG getmany L60 nw=10 wall=0.741s thr(out)1 thr(in)16 conc_peak=10 pread=7.974s
DBG getmany L62 nw=3 wall=0.786s thr(out)1 thr(in)16 conc_peak=3 pread=3.927s [reader]
DBG getmany L61 nw=13 wall=0.749s thr(out)1 thr(in)16 conc_peak=13 pread=7.571s
DBG getmany L63 nw=3 wall=0.312s thr(out)1 thr(in)16 conc_peak=3 pread=0.815s [reader]
DBG getmany L62 nw=7 wall=0.471s thr(out)1 thr(in)16 conc_peak=7 pread=3.950s
DBG getmany L64 nw=6 wall=0.257s thr(out)1 thr(in)16 conc_peak=6 pread=0.507s [reader]
DBG getmany L63 nw=8 wall=0.503s thr(out)1 thr(in)16 conc_peak=8 pread=3.886s
DBG getmany L64 nw=12 wall=0.749s thr(out)1 thr(in)16 conc_peak=12 pread=7.410s
DBG getmany L66 nw=3 wall=0.226s thr(out)1 thr(in)16 conc_peak=3 pread=0.351s [reader]
DBG getmany L65 nw=7 wall=0.656s thr(out)1 thr(in)16 conc_peak=7 pread=3.822s
DBG getmany L67 nw=6 wall=0.469s thr(out)1 thr(in)16 conc_peak=6 pread=2.320s [reader]
DBG getmany L66 nw=9 wall=0.551s thr(out)1 thr(in)16 conc_peak=9 pread=4.250s
DBG getmany L68 nw=7 wall=0.505s thr(out)1 thr(in)16 conc_peak=7 pread=2.598s [reader]
DBG getmany L67 nw=6 wall=0.685s thr(out)1 thr(in)16 conc_peak=6 pread=5.710s
DBG getmany L69 nw=5 wall=0.083s thr(out)1 thr(in)16 conc_peak=5 pread=0.272s [reader]
DBG getmany L68 nw=10 wall=0.686s thr(out)1 thr(in)16 conc_peak=10 pread=6.116s
DBG getmany L69 nw=10 wall=0.717s thr(out)1 thr(in)16 conc_peak=10 pread=7.330s
DBG getmany L70 nw=3 wall=0.784s thr(out)1 thr(in)16 conc_peak=3 pread=8.888s [reader]
DBG getmany L71 nw=1 wall=0.359s thr(out)1 thr(in)16 conc_peak=1 pread=0.568s [reader]
DBG getmany L70 nw=8 wall=0.411s thr(out)1 thr(in)16 conc_peak=8 pread=3.157s
DBG getmany L72 nw=4 wall=0.061s thr(out)1 thr(in)16 conc_peak=4 pread=0.169s [reader]
DBG getmany L71 nw=8 wall=0.651s thr(out)1 thr(in)16 conc_peak=8 pread=4.975s
DBG getmany L73 nw=6 wall=0.283s thr(out)1 thr(in)16 conc_peak=6 pread=1.112s [reader]
DBG getmany L72 nw=4 wall=0.673s thr(out)1 thr(in)16 conc_peak=4 pread=3.096s
DBG getmany L74 nw=5 wall=0.193s thr(out)1 thr(in)16 conc_peak=5 pread=0.611s [reader]
DBG getmany L73 nw=8 wall=0.688s thr(out)1 thr(in)16 conc_peak=8 pread=4.998s
DBG getmany L75 nw=3 wall=0.110s thr(out)1 thr(in)16 conc_peak=3 pread=0.300s [reader]
DBG getmany L74 nw=6 wall=0.475s thr(out)1 thr(in)16 conc_peak=6 pread=2.752s
DBG getmany L76 nw=5 wall=0.074s thr(out)1 thr(in)16 conc_peak=5 pread=0.226s [reader]
DBG getmany L75 nw=8 wall=0.547s thr(out)1 thr(in)16 conc_peak=8 pread=3.908s
DBG getmany L77 nw=3 wall=0.658s thr(out)1 thr(in)16 conc_peak=3 pread=2.038s [reader]
DBG getmany L76 nw=10 wall=0.675s thr(out)1 thr(in)16 conc_peak=10 pread=7.147s
DBG getmany L78 nw=3 wall=0.137s thr(out)1 thr(in)16 conc_peak=3 pread=0.204s [reader]
DBG getmany L77 nw=6 wall=0.645s thr(out)1 thr(in)16 conc_peak=6 pread=3.272s
DBG getmany L79 nw=6 wall=0.524s thr(out)1 thr(in)16 conc_peak=6 pread=2.192s [reader]
DBG getmany L78 nw=7 wall=0.520s thr(out)1 thr(in)16 conc_peak=7 pread=5.649s
DBG getmany L80 nw=4 wall=0.062s thr(out)1 thr(in)16 conc_peak=4 pread=0.168s [reader]
DBG getmany L79 nw=5 wall=0.493s thr(out)1 thr(in)16 conc_peak=5 pread=2.318s
DBG getmany L81 nw=4 wall=0.167s thr(out)1 thr(in)16 conc_peak=4 pread=0.284s [reader]
DBG getmany L80 nw=12 wall=0.711s thr(out)1 thr(in)16 conc_peak=12 pread=7.907s
DBG getmany L81 nw=6 wall=0.597s thr(out)1 thr(in)16 conc_peak=6 pread=3.277s
DBG getmany L82 nw=3 wall=0.720s thr(out)1 thr(in)16 conc_peak=3 pread=4.022s [reader]
DBG getmany L83 nw=3 wall=0.556s thr(out)1 thr(in)16 conc_peak=3 pread=3.445s [reader]
DBG getmany L82 nw=11 wall=0.543s thr(out)1 thr(in)16 conc_peak=11 pread=6.005s
DBG getmany L84 nw=4 wall=0.058s thr(out)1 thr(in)16 conc_peak=4 pread=0.150s [reader]
DBG getmany L83 nw=7 wall=0.697s thr(out)1 thr(in)16 conc_peak=7 pread=3.680s
DBG getmany L85 nw=3 wall=0.249s thr(out)1 thr(in)16 conc_peak=3 pread=0.439s [reader]
DBG getmany L84 nw=10 wall=0.712s thr(out)1 thr(in)16 conc_peak=10 pread=6.660s
DBG getmany L85 nw=8 wall=0.625s thr(out)1 thr(in)16 conc_peak=8 pread=4.070s
DBG getmany L86 nw=1 wall=0.721s thr(out)1 thr(in)16 conc_peak=1 pread=4.790s [reader]
DBG getmany L87 nw=3 wall=0.316s thr(out)1 thr(in)16 conc_peak=3 pread=0.639s [reader]
DBG getmany L86 nw=9 wall=0.501s thr(out)1 thr(in)16 conc_peak=9 pread=4.722s
DBG getmany L88 nw=1 wall=0.076s thr(out)1 thr(in)16 conc_peak=1 pread=0.076s [reader]
DBG getmany L87 nw=5 wall=0.613s thr(out)1 thr(in)16 conc_peak=5 pread=2.244s
DBG getmany L89 nw=4 wall=0.300s thr(out)1 thr(in)16 conc_peak=4 pread=1.224s [reader]
DBG getmany L88 nw=6 wall=0.530s thr(out)1 thr(in)16 conc_peak=6 pread=2.925s
DBG getmany L90 nw=1 wall=0.109s thr(out)1 thr(in)16 conc_peak=1 pread=0.109s [reader]
DBG getmany L89 nw=6 wall=0.674s thr(out)1 thr(in)16 conc_peak=6 pread=3.430s
DBG getmany L91 nw=1 wall=0.093s thr(out)1 thr(in)16 conc_peak=1 pread=0.093s [reader]
DBG getmany L90 nw=7 wall=0.465s thr(out)1 thr(in)16 conc_peak=7 pread=3.099s
DBG getmany L92 nw=5 wall=0.357s thr(out)1 thr(in)16 conc_peak=5 pread=1.283s [reader]
DBG getmany L91 nw=10 wall=0.561s thr(out)1 thr(in)16 conc_peak=10 pread=6.024s
DBG getmany L92 nw=10 wall=0.150s thr(out)1 thr(in)16 conc_peak=10 pread=0.877s
7      1389       73.39        100.0      19.99      0.014
  L2   resident=6779/14589 slots hit=100.0% read=151.08GB write=0.00GB
[trace] wrote 2441 events to /mnt/f/kimi-k3-in-c/reports/gateab_ab/v22_pf1-20260928_090057/trace.csv
--------------------------------------------------------------------
8 tokens in 662.7 s, 82.84 s/token average
PEAK RSS for the whole run: 49.09 GB   <- quote this, not the plan
layers completed: 93/93; routed expert drops: 0


[chip] simulated MXFP4 GEMV bill over 9 tokens
  11776 expert chains | 777925951488 flops | 206636580864 bytes (206.64 GB)
  per token: 1308 chains | 22.96 GB | 0.09 Gflops
  compute wall @ 4 TFLOPS : 0.19 s (21.61 ms/token)
  bandwidth wall @ 200 GB/s : 1.03 s (114.80 ms/token)
  -> bandwidth-bound; to be compute-bound at 4 TFLOPS this needs 1062 GB/s
  expert fetch (host wall, measured): 521.45 s moving 206.64 GB = 0 GB/s
  chip pool wall (measured): 60.22 s

cache [final step]
  slots        : 2278 of 17.56 MB = 39.99 GB arena (2278 resident, 0 pinned)
  requests     : 1472  hits 1472 (100.00%)  misses 0  evictions 1139
  of those hits : 1139 came from the batch prefetch, i.e. read from disk
                  this token; TRUE resident hit rate 22.62%
  read from disk: 19.99 GB in 84.73 s (236 MB/s while loading)
  phase2 i/o    : 20.00 GB in 84.73 s (236 MB/s)  [pure parallel disk read]
  prefetch      : issued 387  LATE 0  survival 48.9% (720/1472 prev-token routed experts still resident)
l2cache [final step]
  requests     : 8610  hits 8610 (100.00%)  misses 0
  read  from sdd7: 151.08 GB, written 0.00 GB
  hit I/O   : 151.08 GB in 585.57 s (wall) = 258 MB/s [pread 4780.85 s, 32 MB/s per-thread]
  miss I/O  : 0 misses, 0.00 GB from /model in 0.00 s (wall) = 0 MB/s
  restored from meta: 6779 slots

wrote /mnt/f/kimi-k3-in-c/reports/gateab_ab/v22_pf1-20260928_090057/ctrl.json
I/O share of wall clock: 159.8%  (trunk 473.1 s + experts 586.0 s of 662.7 s)
  both figures are WHOLE-RUN totals over 8 steps
  over 100% because trunk reads overlap compute on the reader thread;
  396.4 s of device time was hidden behind arithmetic
  experts, whole run: 151.12 GB read | 5442 of 11776 requests retained in RAM (46.21%) | 6334 evictions
    (retention = requests - evictions; the raw `hits` counter includes
     experts the prefetcher had just read from disk, so it is not a
     measure of avoided I/O)

trunk [final]
  pinned 1/93 layers, ring 2 slots
  binds 744, hits 7 (0.9%), reads 737
  read 436.45 GB in 473.15 s (922 MB/s pread)
  per-layer loads [L]=count: 0=1 1=8 2=8 3=8 4=8 5=8 6=8 7=8 8=8 9=8 10=8 11=8 12=8 13=8 14=8 15=8 16=8 17=8 18=8 19=8 20=8 21=8 22=8 23=8 24=8 25=8 26=8 27=8 28=8 29=8 30=8 31=8 32=8 33=8 34=8 35=8 36=8 37=8 38=8 39=8 40=8 41=8 42=8 43=8 44=8 45=8 46=8 47=8 48=8 49=8 50=8 51=8 52=8 53=8 54=8 55=8 56=8 57=8 58=8 59=8 60=8 61=8 62=8 63=8 64=8 65=8 66=8 67=8 68=8 69=8 70=8 71=8 72=8 73=8 74=8 75=8 76=8 77=8 78=8 79=8 80=8 81=8 82=8 83=8 84=8 85=8 86=8 87=8 88=8 89=8 90=8 91=8 92=8
  bind wall 14.42 s over 744 binds; read 473.15 + widen 2.64 = 475.79 s of device work,
                    of which 461.37 s (97%) overlapped compute on the reader thread
  widen breakdown: find 122 ms (19640)  copy 0 ms (9184)  deq 2508 ms (6320)  timed 3 s of widen 2.64 s
TIME_ELAPSED=693.40
