L2 auto: 209 GB free on /mnt/nvme -> L2 at 256 GB
k3 chip: 4 workers, 4 TFLOPS, 200 GB/s simulated wall
  L2 want=17547264 slot=17547264 nbytes=17547264 fd=O_DIRECT
  L2 want=17547264 slot=17547264 nbytes=17547264 fd=O_DIRECT
  L2 want=17547264 slot=17547264 nbytes=17547264 fd=O_DIRECT
  L2 want=17547264 slot=17547264 nbytes=17547264 fd=O_DIRECT
  L2 want=17547264 slot=17547264 nbytes=17547264 fd=O_DIRECT
  L2 want=17547264 slot=17547264 nbytes=17547264 fd=O_DIRECT
  L2 want=17547264 slot=17547264 nbytes=17547264 fd=O_DIRECT
  L2 want=17547264 slot=17547264 nbytes=17547264 fd=O_DIRECT
  L2 want=17547264 slot=17547264 nbytes=17547264 fd=O_DIRECT
  L2 want=17547264 slot=17547264 nbytes=17547264 fd=O_DIRECT
  L2 want=17547264 slot=17547264 nbytes=17547264 fd=O_DIRECT
  L2 want=17547264 slot=17547264 nbytes=17547264 fd=O_DIRECT
  L2 want=17547264 slot=17547264 nbytes=17547264 fd=O_DIRECT
  L2 want=17547264 slot=17547264 nbytes=17547264 fd=O_DIRECT
  L2 want=17547264 slot=17547264 nbytes=17547264 fd=O_DIRECT
  L2 want=17547264 slot=17547264 nbytes=17547264 fd=O_DIRECT
DBG getmany L1 nw=16 wall=0.240s thr(out)1 thr(in)16 conc_peak=16 pread=2.631s
DBG getmany L2 nw=16 wall=0.207s thr(out)1 thr(in)16 conc_peak=16 pread=2.234s
DBG getmany L3 nw=16 wall=0.212s thr(out)1 thr(in)16 conc_peak=16 pread=2.349s
DBG getmany L4 nw=16 wall=0.204s thr(out)1 thr(in)16 conc_peak=16 pread=2.249s
DBG getmany L5 nw=16 wall=0.200s thr(out)1 thr(in)16 conc_peak=16 pread=2.155s
DBG getmany L6 nw=16 wall=0.205s thr(out)1 thr(in)16 conc_peak=16 pread=2.254s
DBG getmany L7 nw=16 wall=0.198s thr(out)1 thr(in)16 conc_peak=16 pread=2.110s
DBG getmany L8 nw=16 wall=0.213s thr(out)1 thr(in)16 conc_peak=16 pread=2.387s
DBG getmany L9 nw=16 wall=0.189s thr(out)1 thr(in)16 conc_peak=16 pread=1.904s
DBG getmany L10 nw=16 wall=0.205s thr(out)1 thr(in)16 conc_peak=16 pread=2.162s
DBG getmany L11 nw=16 wall=0.210s thr(out)1 thr(in)16 conc_peak=16 pread=2.240s
DBG getmany L12 nw=16 wall=0.199s thr(out)1 thr(in)16 conc_peak=16 pread=2.095s
DBG getmany L13 nw=16 wall=0.222s thr(out)1 thr(in)16 conc_peak=16 pread=2.514s
DBG getmany L14 nw=16 wall=0.215s thr(out)1 thr(in)16 conc_peak=16 pread=2.320s
DBG getmany L15 nw=16 wall=0.223s thr(out)1 thr(in)16 conc_peak=16 pread=2.368s
DBG getmany L16 nw=16 wall=0.225s thr(out)1 thr(in)16 conc_peak=16 pread=2.487s
DBG getmany L17 nw=16 wall=0.221s thr(out)1 thr(in)16 conc_peak=16 pread=2.401s
DBG getmany L18 nw=16 wall=0.198s thr(out)1 thr(in)16 conc_peak=16 pread=2.026s
DBG getmany L19 nw=16 wall=0.223s thr(out)1 thr(in)16 conc_peak=16 pread=2.380s
DBG getmany L20 nw=16 wall=0.213s thr(out)1 thr(in)16 conc_peak=16 pread=2.304s
DBG getmany L21 nw=16 wall=0.208s thr(out)1 thr(in)16 conc_peak=16 pread=2.212s
DBG getmany L22 nw=16 wall=0.262s thr(out)1 thr(in)16 conc_peak=16 pread=2.376s
DBG getmany L23 nw=16 wall=0.469s thr(out)1 thr(in)16 conc_peak=16 pread=4.890s
DBG getmany L24 nw=16 wall=0.539s thr(out)1 thr(in)16 conc_peak=16 pread=6.883s
DBG getmany L25 nw=16 wall=0.512s thr(out)1 thr(in)16 conc_peak=16 pread=5.999s
DBG getmany L26 nw=16 wall=0.386s thr(out)1 thr(in)16 conc_peak=16 pread=5.251s
DBG getmany L27 nw=16 wall=0.480s thr(out)1 thr(in)16 conc_peak=16 pread=5.629s
DBG getmany L28 nw=16 wall=0.466s thr(out)1 thr(in)16 conc_peak=16 pread=5.474s
DBG getmany L29 nw=16 wall=0.491s thr(out)1 thr(in)16 conc_peak=16 pread=5.676s
DBG getmany L30 nw=16 wall=0.431s thr(out)1 thr(in)16 conc_peak=16 pread=4.738s
DBG getmany L31 nw=16 wall=0.542s thr(out)1 thr(in)16 conc_peak=16 pread=6.489s
DBG getmany L32 nw=16 wall=0.523s thr(out)1 thr(in)16 conc_peak=16 pread=7.097s
DBG getmany L33 nw=16 wall=0.567s thr(out)1 thr(in)16 conc_peak=16 pread=6.451s
DBG getmany L34 nw=16 wall=0.355s thr(out)1 thr(in)16 conc_peak=16 pread=4.522s
DBG getmany L35 nw=16 wall=0.565s thr(out)1 thr(in)16 conc_peak=16 pread=7.218s
DBG getmany L36 nw=16 wall=0.560s thr(out)1 thr(in)16 conc_peak=16 pread=5.942s
DBG getmany L37 nw=16 wall=0.537s thr(out)1 thr(in)16 conc_peak=16 pread=7.261s
DBG getmany L38 nw=16 wall=0.370s thr(out)1 thr(in)16 conc_peak=16 pread=5.091s
DBG getmany L39 nw=16 wall=0.561s thr(out)1 thr(in)16 conc_peak=16 pread=6.796s
DBG getmany L40 nw=16 wall=0.508s thr(out)1 thr(in)16 conc_peak=16 pread=7.055s
DBG getmany L41 nw=16 wall=0.473s thr(out)1 thr(in)16 conc_peak=16 pread=5.874s
DBG getmany L42 nw=16 wall=0.394s thr(out)1 thr(in)16 conc_peak=16 pread=5.171s
DBG getmany L43 nw=16 wall=0.555s thr(out)1 thr(in)16 conc_peak=16 pread=7.229s
DBG getmany L44 nw=16 wall=0.502s thr(out)1 thr(in)16 conc_peak=16 pread=5.648s
DBG getmany L45 nw=16 wall=0.539s thr(out)1 thr(in)16 conc_peak=16 pread=6.697s
DBG getmany L46 nw=16 wall=0.378s thr(out)1 thr(in)16 conc_peak=16 pread=5.042s
DBG getmany L47 nw=16 wall=0.575s thr(out)1 thr(in)16 conc_peak=16 pread=7.134s
DBG getmany L48 nw=16 wall=0.528s thr(out)1 thr(in)16 conc_peak=16 pread=7.339s
DBG getmany L49 nw=16 wall=0.553s thr(out)1 thr(in)16 conc_peak=16 pread=6.305s
DBG getmany L50 nw=16 wall=0.362s thr(out)1 thr(in)16 conc_peak=16 pread=4.828s
DBG getmany L51 nw=16 wall=0.591s thr(out)1 thr(in)16 conc_peak=16 pread=7.450s
DBG getmany L52 nw=16 wall=5.915s thr(out)1 thr(in)16 conc_peak=16 pread=73.052s
DBG getmany L53 nw=16 wall=10.948s thr(out)1 thr(in)16 conc_peak=16 pread=169.440s
DBG getmany L54 nw=16 wall=4.089s thr(out)1 thr(in)16 conc_peak=16 pread=26.344s
DBG getmany L55 nw=16 wall=0.546s thr(out)1 thr(in)16 conc_peak=16 pread=7.287s
DBG getmany L56 nw=16 wall=0.554s thr(out)1 thr(in)16 conc_peak=16 pread=8.131s
DBG getmany L57 nw=16 wall=0.557s thr(out)1 thr(in)16 conc_peak=16 pread=7.797s
DBG getmany L58 nw=16 wall=0.380s thr(out)1 thr(in)16 conc_peak=16 pread=5.338s
DBG getmany L59 nw=16 wall=0.501s thr(out)1 thr(in)16 conc_peak=16 pread=5.671s
DBG getmany L60 nw=16 wall=0.543s thr(out)1 thr(in)16 conc_peak=16 pread=6.876s
DBG getmany L61 nw=16 wall=0.551s thr(out)1 thr(in)16 conc_peak=16 pread=7.696s
DBG getmany L62 nw=16 wall=0.412s thr(out)1 thr(in)16 conc_peak=16 pread=5.596s
DBG getmany L63 nw=16 wall=0.551s thr(out)1 thr(in)16 conc_peak=16 pread=8.199s
DBG getmany L64 nw=16 wall=0.570s thr(out)1 thr(in)16 conc_peak=16 pread=8.437s
DBG getmany L65 nw=16 wall=0.560s thr(out)1 thr(in)16 conc_peak=16 pread=7.324s
DBG getmany L66 nw=16 wall=0.388s thr(out)1 thr(in)16 conc_peak=16 pread=5.596s
DBG getmany L67 nw=16 wall=0.596s thr(out)1 thr(in)16 conc_peak=16 pread=8.570s
DBG getmany L68 nw=16 wall=0.568s thr(out)1 thr(in)16 conc_peak=16 pread=7.733s
DBG getmany L69 nw=16 wall=0.529s thr(out)1 thr(in)16 conc_peak=16 pread=6.721s
DBG getmany L70 nw=16 wall=0.398s thr(out)1 thr(in)16 conc_peak=16 pread=5.319s
DBG getmany L71 nw=16 wall=0.592s thr(out)1 thr(in)16 conc_peak=16 pread=8.832s
DBG getmany L72 nw=16 wall=0.533s thr(out)1 thr(in)16 conc_peak=16 pread=7.533s
DBG getmany L73 nw=16 wall=0.543s thr(out)1 thr(in)16 conc_peak=16 pread=7.977s
DBG getmany L74 nw=16 wall=0.393s thr(out)1 thr(in)16 conc_peak=16 pread=5.293s
DBG getmany L75 nw=16 wall=0.557s thr(out)1 thr(in)16 conc_peak=16 pread=6.334s
DBG getmany L76 nw=16 wall=0.525s thr(out)1 thr(in)16 conc_peak=16 pread=5.570s
DBG getmany L77 nw=16 wall=0.578s thr(out)1 thr(in)16 conc_peak=16 pread=7.631s
DBG getmany L78 nw=16 wall=0.393s thr(out)1 thr(in)16 conc_peak=16 pread=4.904s
DBG getmany L79 nw=16 wall=0.561s thr(out)1 thr(in)16 conc_peak=16 pread=8.267s
DBG getmany L80 nw=16 wall=0.546s thr(out)1 thr(in)16 conc_peak=16 pread=7.716s
DBG getmany L81 nw=16 wall=0.522s thr(out)1 thr(in)16 conc_peak=16 pread=6.960s
DBG getmany L82 nw=16 wall=0.368s thr(out)1 thr(in)16 conc_peak=16 pread=4.784s
DBG getmany L83 nw=16 wall=0.482s thr(out)1 thr(in)16 conc_peak=16 pread=7.092s
DBG getmany L84 nw=16 wall=0.526s thr(out)1 thr(in)16 conc_peak=16 pread=7.405s
DBG getmany L85 nw=16 wall=0.475s thr(out)1 thr(in)16 conc_peak=16 pread=6.969s
DBG getmany L86 nw=16 wall=0.368s thr(out)1 thr(in)16 conc_peak=16 pread=5.362s
DBG getmany L87 nw=16 wall=0.553s thr(out)1 thr(in)16 conc_peak=16 pread=7.874s
DBG getmany L88 nw=16 wall=0.507s thr(out)1 thr(in)16 conc_peak=16 pread=6.529s
DBG getmany L89 nw=16 wall=0.514s thr(out)1 thr(in)16 conc_peak=16 pread=6.064s
DBG getmany L90 nw=16 wall=0.361s thr(out)1 thr(in)16 conc_peak=16 pread=4.814s
DBG getmany L91 nw=16 wall=0.377s thr(out)1 thr(in)16 conc_peak=16 pread=5.493s
DBG getmany L92 nw=16 wall=0.162s thr(out)1 thr(in)16 conc_peak=16 pread=1.601s
config: /model/config.json (nested shape) | hidden=7168 layers=93 vocab=163840 | 24 MLA + 69 KDA | experts 896 top16 shared2 | latent=3584
  KV cache : 11.85 MB for 5 positions (2.37 MB/position)
Kimi K3, pure C, released checkpoint
  model    : /model
  prompt   : 1 tokens, generating 3

indexed 497220 tensors from 96 shards in 0.47 s
trunk on disk : 110.00 GB total (STREAMED from /mnt/nvme/trunk_layers_out, not held in RAM)

memory plan
  trunk (STREAMED) 32.00 GB
  embed + lm_head  4.70 GB
  expert cache     15.00 GB
  recurrent state  626.25 MB
  buffers          4.68 MB
  KV cache         11.83 MB
  TOTAL            52.34 GB
  available        57.80 GB

k3_trunk: trunk.bin absent - using per-layer slices (layer_%03d.bin)
trunk stream: 56.60 GB packed, 22/93 layers PINNED (29.30 GB), ring 2 x 1.30 GB
              reads use buffered I/O
              ring holds 2 slots: layers repeat over ~2 tokens, so recent ones are reused instead of re-read
trunk streaming enabled from /mnt/nvme/trunk_layers_out in 0.0 s
embedding, final norm and lm_head: 4.70 GB in 5.7 s

expert L1 eviction policy: heat
expert L2 cache enabled: 14589 slots x 17.55 MB = 256.00 GB on /mnt/nvme/experts.l2
expert L2 exact: nslot=14589 slot_bytes=17547264 l2_slot=17547264 K3_ST_ALIGN=4096
expert L2 eviction policy: heat
peak RSS after loading weights: 4.78 GB  (the plan above is a forecast, this is measured)
expert cache: 854 slots x 17.56 MB = 14.99 GB (1.04% of the 1.45 TB expert pool)

recurrent state for 93 layers: 626.25 MB

incremental decode: KV cache 11.83 MB for 24 MLA layers at 5 positions

STEP   TOKEN      SECONDS      CACHE HIT  READ GB    TOK/S
--------------------------------------------------------------------
0      220        99.16        100.0      25.83      0.010
  L2   resident=6779/14589 slots hit=100.0% read=25.83GB write=0.00GB
DBG getmany L1 nw=16 wall=0.184s thr(out)1 thr(in)16 conc_peak=16 pread=1.605s
DBG getmany L2 nw=16 wall=0.169s thr(out)1 thr(in)16 conc_peak=16 pread=1.704s
DBG getmany L3 nw=16 wall=0.163s thr(out)1 thr(in)16 conc_peak=16 pread=1.607s
DBG getmany L4 nw=16 wall=0.161s thr(out)1 thr(in)16 conc_peak=16 pread=1.574s
DBG getmany L5 nw=16 wall=0.158s thr(out)1 thr(in)16 conc_peak=16 pread=1.529s
DBG getmany L6 nw=16 wall=0.171s thr(out)1 thr(in)16 conc_peak=16 pread=1.663s
DBG getmany L7 nw=16 wall=0.167s thr(out)1 thr(in)16 conc_peak=16 pread=1.578s
DBG getmany L8 nw=16 wall=0.163s thr(out)1 thr(in)16 conc_peak=16 pread=1.612s
DBG getmany L9 nw=16 wall=0.161s thr(out)1 thr(in)16 conc_peak=16 pread=1.599s
DBG getmany L10 nw=16 wall=0.165s thr(out)1 thr(in)16 conc_peak=16 pread=1.526s
DBG getmany L11 nw=16 wall=0.169s thr(out)1 thr(in)16 conc_peak=16 pread=1.577s
DBG getmany L12 nw=16 wall=0.161s thr(out)1 thr(in)16 conc_peak=16 pread=1.607s
DBG getmany L13 nw=16 wall=0.171s thr(out)1 thr(in)16 conc_peak=16 pread=1.699s
DBG getmany L14 nw=16 wall=0.171s thr(out)1 thr(in)16 conc_peak=16 pread=1.588s
DBG getmany L15 nw=16 wall=0.165s thr(out)1 thr(in)16 conc_peak=16 pread=1.519s
DBG getmany L16 nw=16 wall=0.163s thr(out)1 thr(in)16 conc_peak=16 pread=1.483s
DBG getmany L17 nw=16 wall=0.169s thr(out)1 thr(in)16 conc_peak=16 pread=1.480s
DBG getmany L18 nw=16 wall=0.173s thr(out)1 thr(in)16 conc_peak=16 pread=1.661s
DBG getmany L19 nw=16 wall=0.160s thr(out)1 thr(in)16 conc_peak=16 pread=1.426s
DBG getmany L20 nw=16 wall=0.164s thr(out)1 thr(in)16 conc_peak=16 pread=1.568s
DBG getmany L21 nw=16 wall=0.466s thr(out)1 thr(in)16 conc_peak=16 pread=6.920s
DBG getmany L22 nw=16 wall=0.294s thr(out)1 thr(in)16 conc_peak=16 pread=3.623s
DBG getmany L23 nw=16 wall=0.482s thr(out)1 thr(in)16 conc_peak=16 pread=7.212s
DBG getmany L24 nw=16 wall=0.498s thr(out)1 thr(in)16 conc_peak=16 pread=6.191s
DBG getmany L25 nw=16 wall=0.504s thr(out)1 thr(in)16 conc_peak=16 pread=7.568s
DBG getmany L26 nw=16 wall=0.348s thr(out)1 thr(in)16 conc_peak=16 pread=5.037s
DBG getmany L27 nw=16 wall=0.460s thr(out)1 thr(in)16 conc_peak=16 pread=6.676s
DBG getmany L28 nw=16 wall=0.462s thr(out)1 thr(in)16 conc_peak=16 pread=5.421s
DBG getmany L29 nw=16 wall=0.517s thr(out)1 thr(in)16 conc_peak=16 pread=7.210s
DBG getmany L30 nw=16 wall=0.364s thr(out)1 thr(in)16 conc_peak=16 pread=4.233s
DBG getmany L31 nw=16 wall=0.551s thr(out)1 thr(in)16 conc_peak=16 pread=4.980s
DBG getmany L32 nw=16 wall=0.512s thr(out)1 thr(in)16 conc_peak=16 pread=6.967s
DBG getmany L33 nw=16 wall=0.548s thr(out)1 thr(in)16 conc_peak=16 pread=7.370s
DBG getmany L34 nw=16 wall=0.377s thr(out)1 thr(in)16 conc_peak=16 pread=4.852s
DBG getmany L35 nw=16 wall=0.549s thr(out)1 thr(in)16 conc_peak=16 pread=8.154s
DBG getmany L36 nw=16 wall=0.478s thr(out)1 thr(in)16 conc_peak=16 pread=6.472s
DBG getmany L37 nw=16 wall=0.511s thr(out)1 thr(in)16 conc_peak=16 pread=7.051s
DBG getmany L38 nw=16 wall=0.340s thr(out)1 thr(in)16 conc_peak=16 pread=4.648s
DBG getmany L39 nw=16 wall=0.522s thr(out)1 thr(in)16 conc_peak=16 pread=6.754s
DBG getmany L40 nw=16 wall=0.524s thr(out)1 thr(in)16 conc_peak=16 pread=7.526s
DBG getmany L41 nw=16 wall=0.472s thr(out)1 thr(in)16 conc_peak=16 pread=5.743s
DBG getmany L42 nw=16 wall=0.380s thr(out)1 thr(in)16 conc_peak=16 pread=5.178s
DBG getmany L43 nw=16 wall=0.571s thr(out)1 thr(in)16 conc_peak=16 pread=7.110s
DBG getmany L44 nw=16 wall=0.579s thr(out)1 thr(in)16 conc_peak=16 pread=6.809s
DBG getmany L45 nw=16 wall=0.796s thr(out)1 thr(in)16 conc_peak=16 pread=11.640s
DBG getmany L46 nw=16 wall=0.566s thr(out)1 thr(in)16 conc_peak=16 pread=6.417s
DBG getmany L47 nw=16 wall=0.764s thr(out)1 thr(in)16 conc_peak=16 pread=11.112s
DBG getmany L48 nw=16 wall=0.769s thr(out)1 thr(in)16 conc_peak=16 pread=11.099s
DBG getmany L49 nw=16 wall=0.772s thr(out)1 thr(in)16 conc_peak=16 pread=9.975s
DBG getmany L50 nw=16 wall=0.556s thr(out)1 thr(in)16 conc_peak=16 pread=6.672s
DBG getmany L51 nw=16 wall=0.777s thr(out)1 thr(in)16 conc_peak=16 pread=9.537s
DBG getmany L52 nw=16 wall=0.725s thr(out)1 thr(in)16 conc_peak=16 pread=10.461s
DBG getmany L53 nw=16 wall=0.773s thr(out)1 thr(in)16 conc_peak=16 pread=9.425s
DBG getmany L54 nw=16 wall=0.577s thr(out)1 thr(in)16 conc_peak=16 pread=7.632s
DBG getmany L55 nw=16 wall=0.742s thr(out)1 thr(in)16 conc_peak=16 pread=9.628s
DBG getmany L56 nw=16 wall=0.743s thr(out)1 thr(in)16 conc_peak=16 pread=10.580s
DBG getmany L57 nw=16 wall=0.763s thr(out)1 thr(in)16 conc_peak=16 pread=10.499s
DBG getmany L58 nw=16 wall=0.558s thr(out)1 thr(in)16 conc_peak=16 pread=7.967s
DBG getmany L59 nw=16 wall=0.789s thr(out)1 thr(in)16 conc_peak=16 pread=11.387s
DBG getmany L60 nw=16 wall=0.759s thr(out)1 thr(in)16 conc_peak=16 pread=10.464s
DBG getmany L61 nw=16 wall=0.623s thr(out)1 thr(in)16 conc_peak=16 pread=8.311s
DBG getmany L62 nw=16 wall=0.532s thr(out)1 thr(in)16 conc_peak=16 pread=6.340s
DBG getmany L63 nw=16 wall=0.767s thr(out)1 thr(in)16 conc_peak=16 pread=9.724s
DBG getmany L64 nw=16 wall=0.752s thr(out)1 thr(in)16 conc_peak=16 pread=10.396s
DBG getmany L65 nw=16 wall=0.756s thr(out)1 thr(in)16 conc_peak=16 pread=10.329s
DBG getmany L66 nw=16 wall=0.550s thr(out)1 thr(in)16 conc_peak=16 pread=8.048s
DBG getmany L67 nw=16 wall=0.779s thr(out)1 thr(in)16 conc_peak=16 pread=11.423s
DBG getmany L68 nw=16 wall=0.759s thr(out)1 thr(in)16 conc_peak=16 pread=10.600s
DBG getmany L69 nw=16 wall=0.783s thr(out)1 thr(in)16 conc_peak=16 pread=10.218s
DBG getmany L70 nw=16 wall=0.567s thr(out)1 thr(in)16 conc_peak=16 pread=6.177s
DBG getmany L71 nw=16 wall=0.830s thr(out)1 thr(in)16 conc_peak=16 pread=12.164s
DBG getmany L72 nw=16 wall=0.807s thr(out)1 thr(in)16 conc_peak=16 pread=10.749s
DBG getmany L73 nw=16 wall=0.733s thr(out)1 thr(in)16 conc_peak=16 pread=10.359s
DBG getmany L74 nw=16 wall=0.547s thr(out)1 thr(in)16 conc_peak=16 pread=7.844s
DBG getmany L75 nw=16 wall=0.770s thr(out)1 thr(in)16 conc_peak=16 pread=10.388s
DBG getmany L76 nw=16 wall=0.728s thr(out)1 thr(in)16 conc_peak=16 pread=9.985s
DBG getmany L77 nw=16 wall=0.747s thr(out)1 thr(in)16 conc_peak=16 pread=9.904s
DBG getmany L78 nw=16 wall=0.583s thr(out)1 thr(in)16 conc_peak=16 pread=3.599s
DBG getmany L79 nw=16 wall=0.773s thr(out)1 thr(in)16 conc_peak=16 pread=11.050s
DBG getmany L80 nw=16 wall=0.722s thr(out)1 thr(in)16 conc_peak=16 pread=10.300s
DBG getmany L81 nw=16 wall=0.843s thr(out)1 thr(in)16 conc_peak=16 pread=5.782s
DBG getmany L82 nw=16 wall=0.560s thr(out)1 thr(in)16 conc_peak=16 pread=8.114s
DBG getmany L83 nw=16 wall=0.741s thr(out)1 thr(in)16 conc_peak=16 pread=10.531s
DBG getmany L84 nw=16 wall=0.748s thr(out)1 thr(in)16 conc_peak=16 pread=8.901s
DBG getmany L85 nw=16 wall=0.734s thr(out)1 thr(in)16 conc_peak=16 pread=10.861s
DBG getmany L86 nw=16 wall=0.560s thr(out)1 thr(in)16 conc_peak=16 pread=7.733s
DBG getmany L87 nw=16 wall=0.713s thr(out)1 thr(in)16 conc_peak=16 pread=10.273s
DBG getmany L88 nw=16 wall=0.728s thr(out)1 thr(in)16 conc_peak=16 pread=9.929s
DBG getmany L89 nw=16 wall=0.776s thr(out)1 thr(in)16 conc_peak=16 pread=10.837s
DBG getmany L90 nw=16 wall=0.581s thr(out)1 thr(in)16 conc_peak=16 pread=8.459s
DBG getmany L91 nw=16 wall=0.574s thr(out)1 thr(in)16 conc_peak=16 pread=7.011s
DBG getmany L92 nw=16 wall=0.252s thr(out)1 thr(in)16 conc_peak=16 pread=2.429s
1      802        70.63        100.0      25.83      0.014
  L2   resident=6779/14589 slots hit=100.0% read=51.66GB write=0.00GB
DBG getmany L1 nw=16 wall=0.256s thr(out)1 thr(in)16 conc_peak=16 pread=2.403s
DBG getmany L2 nw=15 wall=0.239s thr(out)1 thr(in)16 conc_peak=15 pread=2.168s
DBG getmany L3 nw=13 wall=0.207s thr(out)1 thr(in)16 conc_peak=13 pread=1.523s
DBG getmany L4 nw=15 wall=0.239s thr(out)1 thr(in)16 conc_peak=15 pread=2.117s
DBG getmany L5 nw=16 wall=0.251s thr(out)1 thr(in)16 conc_peak=16 pread=2.329s
DBG getmany L6 nw=15 wall=0.237s thr(out)1 thr(in)16 conc_peak=15 pread=2.107s
DBG getmany L7 nw=15 wall=0.219s thr(out)1 thr(in)16 conc_peak=15 pread=2.020s
DBG getmany L8 nw=16 wall=0.233s thr(out)1 thr(in)16 conc_peak=16 pread=2.091s
DBG getmany L9 nw=15 wall=0.217s thr(out)1 thr(in)16 conc_peak=15 pread=1.889s
DBG getmany L10 nw=15 wall=0.220s thr(out)1 thr(in)16 conc_peak=15 pread=1.951s
DBG getmany L11 nw=15 wall=0.226s thr(out)1 thr(in)16 conc_peak=15 pread=1.953s
DBG getmany L12 nw=15 wall=0.226s thr(out)1 thr(in)16 conc_peak=15 pread=2.169s
DBG getmany L13 nw=16 wall=0.245s thr(out)1 thr(in)16 conc_peak=16 pread=2.316s
DBG getmany L14 nw=15 wall=0.228s thr(out)1 thr(in)16 conc_peak=15 pread=2.239s
DBG getmany L15 nw=16 wall=0.247s thr(out)1 thr(in)16 conc_peak=16 pread=2.364s
DBG getmany L16 nw=15 wall=0.228s thr(out)1 thr(in)16 conc_peak=15 pread=1.892s
DBG getmany L17 nw=16 wall=0.242s thr(out)1 thr(in)16 conc_peak=16 pread=2.140s
DBG getmany L18 nw=16 wall=0.238s thr(out)1 thr(in)16 conc_peak=16 pread=2.258s
DBG getmany L19 nw=16 wall=0.243s thr(out)1 thr(in)16 conc_peak=16 pread=2.102s
DBG getmany L20 nw=16 wall=0.236s thr(out)1 thr(in)16 conc_peak=16 pread=2.149s
DBG getmany L21 nw=16 wall=0.738s thr(out)1 thr(in)16 conc_peak=16 pread=11.008s
DBG getmany L22 nw=16 wall=0.545s thr(out)1 thr(in)16 conc_peak=16 pread=6.752s
DBG getmany L23 nw=15 wall=0.648s thr(out)1 thr(in)16 conc_peak=15 pread=8.303s
DBG getmany L24 nw=13 wall=0.782s thr(out)1 thr(in)16 conc_peak=13 pread=8.455s
DBG getmany L25 nw=15 wall=0.758s thr(out)1 thr(in)16 conc_peak=15 pread=10.864s
DBG getmany L26 nw=15 wall=0.555s thr(out)1 thr(in)16 conc_peak=15 pread=2.993s
DBG getmany L27 nw=16 wall=0.719s thr(out)1 thr(in)16 conc_peak=16 pread=10.255s
DBG getmany L28 nw=15 wall=0.758s thr(out)1 thr(in)16 conc_peak=15 pread=4.342s
DBG getmany L29 nw=16 wall=0.747s thr(out)1 thr(in)16 conc_peak=16 pread=8.342s
DBG getmany L30 nw=16 wall=0.542s thr(out)1 thr(in)16 conc_peak=16 pread=7.868s
DBG getmany L31 nw=16 wall=0.780s thr(out)1 thr(in)16 conc_peak=16 pread=9.701s
DBG getmany L32 nw=14 wall=0.707s thr(out)1 thr(in)16 conc_peak=14 pread=7.793s
DBG getmany L33 nw=15 wall=0.802s thr(out)1 thr(in)16 conc_peak=15 pread=11.347s
DBG getmany L34 nw=16 wall=0.599s thr(out)1 thr(in)16 conc_peak=16 pread=8.451s
DBG getmany L35 nw=16 wall=0.728s thr(out)1 thr(in)16 conc_peak=16 pread=9.876s
DBG getmany L36 nw=14 wall=0.562s thr(out)1 thr(in)16 conc_peak=14 pread=6.277s
DBG getmany L37 nw=16 wall=0.732s thr(out)1 thr(in)16 conc_peak=16 pread=11.046s
DBG getmany L38 nw=16 wall=0.539s thr(out)1 thr(in)16 conc_peak=16 pread=6.646s
DBG getmany L39 nw=16 wall=0.709s thr(out)1 thr(in)16 conc_peak=16 pread=10.132s
DBG getmany L40 nw=16 wall=0.779s thr(out)1 thr(in)16 conc_peak=16 pread=10.709s
DBG getmany L41 nw=16 wall=0.805s thr(out)1 thr(in)16 conc_peak=16 pread=4.093s
DBG getmany L42 nw=16 wall=0.539s thr(out)1 thr(in)16 conc_peak=16 pread=6.801s
DBG getmany L43 nw=16 wall=0.799s thr(out)1 thr(in)16 conc_peak=16 pread=10.579s
DBG getmany L44 nw=16 wall=0.769s thr(out)1 thr(in)16 conc_peak=16 pread=9.498s
DBG getmany L45 nw=16 wall=0.717s thr(out)1 thr(in)16 conc_peak=16 pread=9.390s
DBG getmany L46 nw=15 wall=0.538s thr(out)1 thr(in)16 conc_peak=15 pread=6.250s
DBG getmany L47 nw=15 wall=0.733s thr(out)1 thr(in)16 conc_peak=15 pread=8.826s
DBG getmany L48 nw=15 wall=0.735s thr(out)1 thr(in)16 conc_peak=15 pread=9.897s
DBG getmany L49 nw=15 wall=0.774s thr(out)1 thr(in)16 conc_peak=15 pread=10.237s
DBG getmany L50 nw=16 wall=0.753s thr(out)1 thr(in)16 conc_peak=16 pread=9.315s
DBG getmany L51 nw=16 wall=0.708s thr(out)1 thr(in)16 conc_peak=16 pread=8.922s
DBG getmany L52 nw=16 wall=0.681s thr(out)1 thr(in)16 conc_peak=16 pread=9.589s
DBG getmany L53 nw=15 wall=0.710s thr(out)1 thr(in)16 conc_peak=15 pread=8.940s
DBG getmany L54 nw=16 wall=0.532s thr(out)1 thr(in)16 conc_peak=16 pread=7.277s
DBG getmany L55 nw=16 wall=0.761s thr(out)1 thr(in)16 conc_peak=16 pread=11.185s
DBG getmany L56 nw=16 wall=0.739s thr(out)1 thr(in)16 conc_peak=16 pread=10.733s
DBG getmany L57 nw=16 wall=0.757s thr(out)1 thr(in)16 conc_peak=16 pread=11.303s
DBG getmany L58 nw=16 wall=0.567s thr(out)1 thr(in)16 conc_peak=16 pread=7.675s
DBG getmany L59 nw=16 wall=0.793s thr(out)1 thr(in)16 conc_peak=16 pread=10.763s
DBG getmany L60 nw=16 wall=0.737s thr(out)1 thr(in)16 conc_peak=16 pread=10.329s
DBG getmany L61 nw=16 wall=0.722s thr(out)1 thr(in)16 conc_peak=16 pread=10.692s
DBG getmany L62 nw=16 wall=0.524s thr(out)1 thr(in)16 conc_peak=16 pread=7.463s
DBG getmany L63 nw=16 wall=0.771s thr(out)1 thr(in)16 conc_peak=16 pread=11.621s
DBG getmany L64 nw=16 wall=0.733s thr(out)1 thr(in)16 conc_peak=16 pread=11.069s
DBG getmany L65 nw=16 wall=0.772s thr(out)1 thr(in)16 conc_peak=16 pread=11.450s
DBG getmany L66 nw=16 wall=0.568s thr(out)1 thr(in)16 conc_peak=16 pread=8.234s
DBG getmany L67 nw=16 wall=0.758s thr(out)1 thr(in)16 conc_peak=16 pread=8.089s
DBG getmany L68 nw=16 wall=0.724s thr(out)1 thr(in)16 conc_peak=16 pread=9.668s
DBG getmany L69 nw=16 wall=0.770s thr(out)1 thr(in)16 conc_peak=16 pread=11.379s
DBG getmany L70 nw=16 wall=0.510s thr(out)1 thr(in)16 conc_peak=16 pread=6.617s
DBG getmany L71 nw=16 wall=0.828s thr(out)1 thr(in)16 conc_peak=16 pread=12.507s
DBG getmany L72 nw=16 wall=0.765s thr(out)1 thr(in)16 conc_peak=16 pread=9.671s
DBG getmany L73 nw=16 wall=0.742s thr(out)1 thr(in)16 conc_peak=16 pread=10.392s
DBG getmany L74 nw=16 wall=0.575s thr(out)1 thr(in)16 conc_peak=16 pread=6.230s
DBG getmany L75 nw=16 wall=0.771s thr(out)1 thr(in)16 conc_peak=16 pread=11.081s
DBG getmany L76 nw=16 wall=0.719s thr(out)1 thr(in)16 conc_peak=16 pread=10.280s
DBG getmany L77 nw=16 wall=0.726s thr(out)1 thr(in)16 conc_peak=16 pread=8.530s
DBG getmany L78 nw=16 wall=0.571s thr(out)1 thr(in)16 conc_peak=16 pread=8.181s
DBG getmany L79 nw=16 wall=15.825s thr(out)1 thr(in)16 conc_peak=16 pread=217.461s
DBG getmany L80 nw=16 wall=0.404s thr(out)1 thr(in)16 conc_peak=16 pread=4.720s
DBG getmany L81 nw=15 wall=0.780s thr(out)1 thr(in)16 conc_peak=15 pread=10.255s
DBG getmany L82 nw=16 wall=0.538s thr(out)1 thr(in)16 conc_peak=16 pread=7.447s
DBG getmany L83 nw=13 wall=0.734s thr(out)1 thr(in)16 conc_peak=13 pread=8.494s
DBG getmany L84 nw=13 wall=0.668s thr(out)1 thr(in)16 conc_peak=13 pread=6.913s
DBG getmany L85 nw=14 wall=0.668s thr(out)1 thr(in)16 conc_peak=14 pread=8.356s
DBG getmany L86 nw=16 wall=0.516s thr(out)1 thr(in)16 conc_peak=16 pread=6.645s
DBG getmany L87 nw=13 wall=0.698s thr(out)1 thr(in)16 conc_peak=13 pread=7.357s
DBG getmany L88 nw=15 wall=0.489s thr(out)1 thr(in)16 conc_peak=15 pread=3.686s
DBG getmany L89 nw=13 wall=0.729s thr(out)1 thr(in)16 conc_peak=13 pread=8.160s
DBG getmany L90 nw=12 wall=0.482s thr(out)1 thr(in)16 conc_peak=12 pread=4.571s
DBG getmany L91 nw=13 wall=0.549s thr(out)1 thr(in)16 conc_peak=13 pread=5.909s
DBG getmany L92 nw=13 wall=0.198s thr(out)1 thr(in)16 conc_peak=13 pread=1.491s
2      24         90.31        100.0      24.85      0.011
  L2   resident=6779/14589 slots hit=100.0% read=76.51GB write=0.00GB
--------------------------------------------------------------------
3 tokens in 260.1 s, 86.70 s/token average
PEAK RSS for the whole run: 37.16 GB   <- quote this, not the plan
layers completed: 93/93; routed expert drops: 0


[chip] simulated MXFP4 GEMV bill over 4 tokens
  4416 expert chains | 291722231808 flops | 77488717824 bytes (77.49 GB)
  per token: 1104 chains | 19.37 GB | 0.07 Gflops
  compute wall @ 4 TFLOPS : 0.07 s (18.23 ms/token)
  bandwidth wall @ 200 GB/s : 0.39 s (96.86 ms/token)
  -> bandwidth-bound; to be compute-bound at 4 TFLOPS this needs 1062 GB/s
  expert fetch (host wall, measured): 180.75 s moving 77.49 GB = 0 GB/s
  chip pool wall (measured): 22.46 s

cache [final step]
  slots        : 854 of 17.56 MB = 14.99 GB arena (854 resident, 0 pinned)
  requests     : 1472  hits 1472 (100.00%)  misses 0  evictions 1416
  of those hits : 1416 came from the batch prefetch, i.e. read from disk
                  this token; TRUE resident hit rate 3.80%
  read from disk: 24.85 GB in 68.38 s (363 MB/s while loading)
  phase2 i/o    : 24.86 GB in 68.38 s (364 MB/s)  [pure parallel disk read]
l2cache [final step]
  requests     : 4360  hits 4360 (100.00%)  misses 0
  read  from sdd7: 76.51 GB, written 0.00 GB
  fd split  : 3013 O_DIRECT, 0 BUFFERED (0.00% buffered)
  hit I/O   : 76.51 GB in 174.95 s (wall) = 437 MB/s [pread 2243.59 s, 34 MB/s per-thread]
  miss I/O  : 0 misses, 0.00 GB from /model in 0.00 s (wall) = 0 MB/s
  restored from meta: 6779 slots
kio tier0: 4595 reqs, 216.66 GB delivered | per-stream 92 MB/s, aggregate 833 MB/s, concurrency 9.0x | queue 65.6 s (2.8% of io), submit-lock 3.3 s, worker-lock 0.0 s, sleep 1917.7 s in 8234 waits (46% of worker-time)
      group0: 235 reqs, 140.16 GB | per-stream 826 MB/s | queue 0.2 s (0.1%)
      group1: 4360 reqs, 76.51 GB | per-stream 35 MB/s | queue 65.5 s (3.0%)

wrote reports/gateab_ab/v59_bisect/ca0e9b9/ctrl.json
I/O share of wall clock: 132.6%  (trunk 169.9 s + experts 175.0 s of 260.1 s)
  both figures are WHOLE-RUN totals over 3 steps
  expert phase split: phase1 SERIAL reserve 0.1 s (552 calls) vs phase2 read 175.0 s
  over 100% because trunk reads overlap compute on the reader thread;
  84.8 s of device time was hidden behind arithmetic
  experts, whole run: 76.51 GB read | 910 of 4416 requests retained in RAM (20.61%) | 3506 evictions
    (retention = requests - evictions; the raw `hits` counter includes
     experts the prefetcher had just read from disk, so it is not a
     measure of avoided I/O)

trunk [final]
  pinned 22/93 layers, ring 2 slots
  binds 279, hits 44 (15.8%), reads 235
  read 140.16 GB in 169.91 s (825 MB/s pread)
  per-layer loads [L]=count: 0=1 1=1 2=1 3=1 4=1 5=1 6=1 7=1 8=1 9=1 10=1 11=1 12=1 13=1 14=1 15=1 16=1 17=1 18=1 19=1 20=1 21=1 22=3 23=3 24=3 25=3 26=3 27=3 28=3 29=3 30=3 31=3 32=3 33=3 34=3 35=3 36=3 37=3 38=3 39=3 40=3 41=3 42=3 43=3 44=3 45=3 46=3 47=3 48=3 49=3 50=3 51=3 52=3 53=3 54=3 55=3 56=3 57=3 58=3 59=3 60=3 61=3 62=3 63=3 64=3 65=3 66=3 67=3 68=3 69=3 70=3 71=3 72=3 73=3 74=3 75=3 76=3 77=3 78=3 79=3 80=3 81=3 82=3 83=3 84=3 85=3 86=3 87=3 88=3 89=3 90=3 91=3 92=3
  bind wall 19.99 s over 279 binds; read 169.91 + widen 1.62 = 171.53 s of device work,
                    of which 151.54 s (88%) overlapped compute on the reader thread
  widen breakdown: find 4 ms (7365)  copy 0 ms (3444)  deq 1607 ms (2370)  timed 2 s of widen 1.62 s
