L2 auto: 209 GB free on /mnt/nvme -> L2 at 256 GB
k3 chip: 4 workers, 4 TFLOPS, 200 GB/s simulated wall

REFUSING TO START: this needs 56.36 GB and the machine has 57.80 GB available, a shortfall of -1448677632.00 B.
Options: a larger box, a smaller --cache-gb, or fewer --layers.
config: /model/config.json (nested shape) | hidden=7168 layers=93 vocab=163840 | 24 MLA + 69 KDA | experts 896 top16 shared2 | latent=3584
  KV cache : 23.70 MB for 10 positions (2.37 MB/position)
Kimi K3, pure C, released checkpoint
  model    : /model
  prompt   : 1 tokens, generating 8

indexed 497220 tensors from 96 shards in 3.95 s
trunk on disk : 110.00 GB total (STREAMED from /mnt/nvme/trunk_layers_out, not held in RAM)

memory plan
  trunk (STREAMED) 25.00 GB
  embed + lm_head  4.70 GB
  expert cache     26.00 GB
  recurrent state  626.25 MB
  buffers          8.02 MB
  KV cache         23.65 MB
  TOTAL            56.36 GB
  available        57.80 GB
Command exited with non-zero status 1
TIME_ELAPSED=4.15
