[trace] ON -> /mnt/f/kimi-k3-in-c/reports/gateab_ab/v29_clean-20260928_154147/trace.csv (K3_TRACE_MAX 200000 events)
L2 auto: 209 GB free on /mnt/nvme -> L2 at 256 GB
k3 chip: 4 workers, 4 TFLOPS, 200 GB/s simulated wall
DBG getmany L1 nw=16 wall=0.206s thr(out)1 thr(in)16 conc_peak=16 pread=2.304s
DBG getmany L2 nw=16 wall=0.195s thr(out)1 thr(in)16 conc_peak=16 pread=2.065s
DBG getmany L3 nw=16 wall=0.200s thr(out)1 thr(in)16 conc_peak=16 pread=2.070s
DBG getmany L4 nw=16 wall=0.189s thr(out)1 thr(in)16 conc_peak=16 pread=2.009s
DBG getmany L5 nw=16 wall=0.189s thr(out)1 thr(in)16 conc_peak=16 pread=2.013s
DBG getmany L6 nw=16 wall=0.186s thr(out)1 thr(in)16 conc_peak=16 pread=1.915s
DBG getmany L7 nw=16 wall=2.867s thr(out)1 thr(in)16 conc_peak=16 pread=37.616s
DBG getmany L8 nw=16 wall=0.188s thr(out)1 thr(in)16 conc_peak=16 pread=1.946s
DBG getmany L9 nw=16 wall=0.196s thr(out)1 thr(in)16 conc_peak=16 pread=2.054s
DBG getmany L10 nw=16 wall=0.192s thr(out)1 thr(in)16 conc_peak=16 pread=1.945s
DBG getmany L11 nw=16 wall=0.192s thr(out)1 thr(in)16 conc_peak=16 pread=1.993s
DBG getmany L12 nw=16 wall=0.196s thr(out)1 thr(in)16 conc_peak=16 pread=1.975s
DBG getmany L13 nw=16 wall=0.198s thr(out)1 thr(in)16 conc_peak=16 pread=2.089s
DBG getmany L14 nw=16 wall=0.197s thr(out)1 thr(in)16 conc_peak=16 pread=2.029s
DBG getmany L15 nw=16 wall=0.202s thr(out)1 thr(in)16 conc_peak=16 pread=2.051s
DBG getmany L16 nw=16 wall=0.204s thr(out)1 thr(in)16 conc_peak=16 pread=2.128s
DBG getmany L17 nw=16 wall=0.206s thr(out)1 thr(in)16 conc_peak=16 pread=2.252s
DBG getmany L18 nw=16 wall=0.195s thr(out)1 thr(in)16 conc_peak=16 pread=2.142s
DBG getmany L19 nw=16 wall=0.209s thr(out)1 thr(in)16 conc_peak=16 pread=2.214s
DBG getmany L20 nw=16 wall=0.207s thr(out)1 thr(in)16 conc_peak=16 pread=2.173s
DBG getmany L21 nw=16 wall=0.230s thr(out)1 thr(in)16 conc_peak=16 pread=2.204s
DBG getmany L22 nw=16 wall=0.251s thr(out)1 thr(in)16 conc_peak=16 pread=2.147s
DBG getmany L23 nw=16 wall=0.495s thr(out)1 thr(in)16 conc_peak=16 pread=5.690s
DBG getmany L24 nw=16 wall=0.490s thr(out)1 thr(in)16 conc_peak=16 pread=5.799s
DBG getmany L25 nw=16 wall=0.552s thr(out)1 thr(in)16 conc_peak=16 pread=7.764s
DBG getmany L26 nw=16 wall=0.395s thr(out)1 thr(in)16 conc_peak=16 pread=4.961s
DBG getmany L27 nw=16 wall=0.501s thr(out)1 thr(in)16 conc_peak=16 pread=6.062s
DBG getmany L28 nw=16 wall=0.475s thr(out)1 thr(in)16 conc_peak=16 pread=6.291s
DBG getmany L29 nw=16 wall=0.506s thr(out)1 thr(in)16 conc_peak=16 pread=6.623s
DBG getmany L30 nw=16 wall=0.398s thr(out)1 thr(in)16 conc_peak=16 pread=5.647s
DBG getmany L31 nw=16 wall=0.551s thr(out)1 thr(in)16 conc_peak=16 pread=5.717s
DBG getmany L32 nw=16 wall=0.547s thr(out)1 thr(in)16 conc_peak=16 pread=7.580s
DBG getmany L33 nw=16 wall=0.584s thr(out)1 thr(in)16 conc_peak=16 pread=6.867s
DBG getmany L34 nw=16 wall=0.404s thr(out)1 thr(in)16 conc_peak=16 pread=4.411s
DBG getmany L35 nw=16 wall=0.587s thr(out)1 thr(in)16 conc_peak=16 pread=7.215s
DBG getmany L36 nw=16 wall=0.565s thr(out)1 thr(in)16 conc_peak=16 pread=6.616s
DBG getmany L37 nw=16 wall=0.553s thr(out)1 thr(in)16 conc_peak=16 pread=7.481s
DBG getmany L38 nw=16 wall=0.399s thr(out)1 thr(in)16 conc_peak=16 pread=5.053s
DBG getmany L39 nw=16 wall=0.566s thr(out)1 thr(in)16 conc_peak=16 pread=6.573s
DBG getmany L40 nw=16 wall=0.566s thr(out)1 thr(in)16 conc_peak=16 pread=6.918s
DBG getmany L41 nw=16 wall=0.513s thr(out)1 thr(in)16 conc_peak=16 pread=5.914s
DBG getmany L42 nw=16 wall=0.403s thr(out)1 thr(in)16 conc_peak=16 pread=5.195s
DBG getmany L43 nw=16 wall=0.579s thr(out)1 thr(in)16 conc_peak=16 pread=8.623s
DBG getmany L44 nw=16 wall=0.557s thr(out)1 thr(in)16 conc_peak=16 pread=7.550s
DBG getmany L45 nw=16 wall=0.575s thr(out)1 thr(in)16 conc_peak=16 pread=8.715s
DBG getmany L46 nw=16 wall=0.444s thr(out)1 thr(in)16 conc_peak=16 pread=5.887s
DBG getmany L47 nw=16 wall=0.613s thr(out)1 thr(in)16 conc_peak=16 pread=7.757s
DBG getmany L48 nw=16 wall=0.561s thr(out)1 thr(in)16 conc_peak=16 pread=6.571s
DBG getmany L49 nw=16 wall=0.600s thr(out)1 thr(in)16 conc_peak=16 pread=6.623s
DBG getmany L50 nw=16 wall=0.443s thr(out)1 thr(in)16 conc_peak=16 pread=5.533s
DBG getmany L51 nw=16 wall=0.606s thr(out)1 thr(in)16 conc_peak=16 pread=8.451s
DBG getmany L52 nw=16 wall=0.562s thr(out)1 thr(in)16 conc_peak=16 pread=6.840s
DBG getmany L53 nw=16 wall=0.583s thr(out)1 thr(in)16 conc_peak=16 pread=7.087s
DBG getmany L54 nw=16 wall=0.461s thr(out)1 thr(in)16 conc_peak=16 pread=6.726s
DBG getmany L55 nw=16 wall=0.586s thr(out)1 thr(in)16 conc_peak=16 pread=7.797s
DBG getmany L56 nw=16 wall=0.610s thr(out)1 thr(in)16 conc_peak=16 pread=7.724s
DBG getmany L57 nw=16 wall=0.570s thr(out)1 thr(in)16 conc_peak=16 pread=8.436s
DBG getmany L58 nw=16 wall=0.423s thr(out)1 thr(in)16 conc_peak=16 pread=6.042s
DBG getmany L59 nw=16 wall=0.585s thr(out)1 thr(in)16 conc_peak=16 pread=7.494s
DBG getmany L60 nw=16 wall=0.569s thr(out)1 thr(in)16 conc_peak=16 pread=8.008s
DBG getmany L61 nw=16 wall=0.602s thr(out)1 thr(in)16 conc_peak=16 pread=8.283s
DBG getmany L62 nw=16 wall=0.423s thr(out)1 thr(in)16 conc_peak=16 pread=5.869s
DBG getmany L63 nw=16 wall=0.611s thr(out)1 thr(in)16 conc_peak=16 pread=7.639s
DBG getmany L64 nw=16 wall=0.627s thr(out)1 thr(in)16 conc_peak=16 pread=8.802s
DBG getmany L65 nw=16 wall=0.597s thr(out)1 thr(in)16 conc_peak=16 pread=6.041s
DBG getmany L66 nw=16 wall=0.443s thr(out)1 thr(in)16 conc_peak=16 pread=6.163s
DBG getmany L67 nw=16 wall=0.626s thr(out)1 thr(in)16 conc_peak=16 pread=9.064s
DBG getmany L68 nw=16 wall=0.597s thr(out)1 thr(in)16 conc_peak=16 pread=8.304s
DBG getmany L69 nw=16 wall=0.570s thr(out)1 thr(in)16 conc_peak=16 pread=8.421s
DBG getmany L70 nw=16 wall=0.434s thr(out)1 thr(in)16 conc_peak=16 pread=5.826s
DBG getmany L71 nw=16 wall=0.620s thr(out)1 thr(in)16 conc_peak=16 pread=6.987s
DBG getmany L72 nw=16 wall=0.582s thr(out)1 thr(in)16 conc_peak=16 pread=8.074s
DBG getmany L73 nw=16 wall=0.602s thr(out)1 thr(in)16 conc_peak=16 pread=7.735s
DBG getmany L74 nw=16 wall=0.431s thr(out)1 thr(in)16 conc_peak=16 pread=5.247s
DBG getmany L75 nw=16 wall=0.576s thr(out)1 thr(in)16 conc_peak=16 pread=7.395s
DBG getmany L76 nw=16 wall=0.537s thr(out)1 thr(in)16 conc_peak=16 pread=6.031s
DBG getmany L77 nw=16 wall=0.588s thr(out)1 thr(in)16 conc_peak=16 pread=6.475s
DBG getmany L78 nw=16 wall=0.447s thr(out)1 thr(in)16 conc_peak=16 pread=6.123s
DBG getmany L79 nw=16 wall=0.572s thr(out)1 thr(in)16 conc_peak=16 pread=8.261s
DBG getmany L80 nw=16 wall=0.533s thr(out)1 thr(in)16 conc_peak=16 pread=7.365s
DBG getmany L81 nw=16 wall=0.558s thr(out)1 thr(in)16 conc_peak=16 pread=6.895s
DBG getmany L82 nw=16 wall=0.416s thr(out)1 thr(in)16 conc_peak=16 pread=5.920s
DBG getmany L83 nw=16 wall=0.570s thr(out)1 thr(in)16 conc_peak=16 pread=7.980s
DBG getmany L84 nw=16 wall=0.556s thr(out)1 thr(in)16 conc_peak=16 pread=8.405s
DBG getmany L85 nw=16 wall=0.563s thr(out)1 thr(in)16 conc_peak=16 pread=7.085s
DBG getmany L86 nw=16 wall=0.404s thr(out)1 thr(in)16 conc_peak=16 pread=5.740s
DBG getmany L87 nw=16 wall=0.536s thr(out)1 thr(in)16 conc_peak=16 pread=7.778s
DBG getmany L88 nw=16 wall=0.558s thr(out)1 thr(in)16 conc_peak=16 pread=8.093s
DBG getmany L89 nw=16 wall=0.579s thr(out)1 thr(in)16 conc_peak=16 pread=6.625s
DBG getmany L90 nw=16 wall=0.427s thr(out)1 thr(in)16 conc_peak=16 pread=6.273s
DBG getmany L91 nw=16 wall=0.428s thr(out)1 thr(in)16 conc_peak=16 pread=5.159s
DBG getmany L92 nw=16 wall=0.159s thr(out)1 thr(in)16 conc_peak=16 pread=1.571s
config: /model/config.json (nested shape) | hidden=7168 layers=93 vocab=163840 | 24 MLA + 69 KDA | experts 896 top16 shared2 | latent=3584
  KV cache : 23.70 MB for 10 positions (2.37 MB/position)
Kimi K3, pure C, released checkpoint
  model    : /model
  prompt   : 1 tokens, generating 8

indexed 497220 tensors from 96 shards in 13.48 s
trunk on disk : 110.00 GB total (STREAMED from /mnt/nvme/trunk_layers_out, not held in RAM)

memory plan
  trunk (STREAMED) 32.00 GB
  embed + lm_head  4.70 GB
  expert cache     15.00 GB
  recurrent state  626.25 MB
  buffers          8.02 MB
  KV cache         23.65 MB
  TOTAL            52.36 GB
  available        57.82 GB

k3_trunk: trunk.bin absent - using per-layer slices (layer_%03d.bin)
trunk stream: 56.60 GB packed, 22/93 layers PINNED (29.30 GB), ring 2 x 1.30 GB
              reads use buffered I/O
              ring holds 2 slots: layers repeat over ~2 tokens, so recent ones are reused instead of re-read
trunk streaming enabled from /mnt/nvme/trunk_layers_out in 0.0 s
embedding, final norm and lm_head: 4.70 GB in 10.2 s

expert L1 eviction policy: heat
expert L2 cache enabled: 14589 slots x 17.55 MB = 256.00 GB on /mnt/nvme/experts.l2
expert L2 eviction policy: heat
peak RSS after loading weights: 4.78 GB  (the plan above is a forecast, this is measured)
expert cache: 854 slots x 17.56 MB = 14.99 GB (1.04% of the 1.45 TB expert pool)

recurrent state for 93 layers: 626.25 MB

incremental decode: KV cache 23.65 MB for 24 MLA layers at 10 positions

STEP   TOKEN      SECONDS      CACHE HIT  READ GB    TOK/S
--------------------------------------------------------------------
0      220        83.38        100.0      25.83      0.012
  L2   resident=6779/14589 slots hit=100.0% read=25.83GB write=0.00GB
DBG getmany L1 nw=16 wall=0.184s thr(out)1 thr(in)16 conc_peak=16 pread=1.748s
DBG getmany L2 nw=16 wall=0.175s thr(out)1 thr(in)16 conc_peak=16 pread=1.603s
DBG getmany L3 nw=16 wall=0.165s thr(out)1 thr(in)16 conc_peak=16 pread=1.544s
DBG getmany L4 nw=16 wall=0.157s thr(out)1 thr(in)16 conc_peak=16 pread=1.470s
DBG getmany L5 nw=16 wall=0.163s thr(out)1 thr(in)16 conc_peak=16 pread=1.513s
DBG getmany L6 nw=16 wall=0.179s thr(out)1 thr(in)16 conc_peak=16 pread=1.651s
DBG getmany L7 nw=16 wall=0.162s thr(out)1 thr(in)16 conc_peak=16 pread=1.528s
DBG getmany L8 nw=16 wall=0.155s thr(out)1 thr(in)16 conc_peak=16 pread=1.467s
DBG getmany L9 nw=16 wall=0.156s thr(out)1 thr(in)16 conc_peak=16 pread=1.430s
DBG getmany L10 nw=16 wall=0.161s thr(out)1 thr(in)16 conc_peak=16 pread=1.536s
DBG getmany L11 nw=16 wall=0.167s thr(out)1 thr(in)16 conc_peak=16 pread=1.540s
DBG getmany L12 nw=16 wall=0.165s thr(out)1 thr(in)16 conc_peak=16 pread=1.535s
DBG getmany L13 nw=16 wall=0.167s thr(out)1 thr(in)16 conc_peak=16 pread=1.628s
DBG getmany L14 nw=16 wall=0.164s thr(out)1 thr(in)16 conc_peak=16 pread=1.489s
DBG getmany L15 nw=16 wall=0.166s thr(out)1 thr(in)16 conc_peak=16 pread=1.544s
DBG getmany L16 nw=16 wall=0.160s thr(out)1 thr(in)16 conc_peak=16 pread=1.554s
DBG getmany L17 nw=16 wall=0.165s thr(out)1 thr(in)16 conc_peak=16 pread=1.544s
DBG getmany L18 nw=16 wall=0.165s thr(out)1 thr(in)16 conc_peak=16 pread=1.471s
DBG getmany L19 nw=16 wall=0.161s thr(out)1 thr(in)16 conc_peak=16 pread=1.489s
DBG getmany L20 nw=16 wall=0.159s thr(out)1 thr(in)16 conc_peak=16 pread=1.517s
DBG getmany L21 nw=16 wall=0.498s thr(out)1 thr(in)16 conc_peak=16 pread=7.456s
DBG getmany L22 nw=16 wall=0.372s thr(out)1 thr(in)16 conc_peak=16 pread=5.185s
DBG getmany L23 nw=16 wall=0.505s thr(out)1 thr(in)16 conc_peak=16 pread=7.309s
DBG getmany L24 nw=16 wall=0.823s thr(out)1 thr(in)16 conc_peak=16 pread=11.945s
DBG getmany L25 nw=16 wall=0.765s thr(out)1 thr(in)16 conc_peak=16 pread=10.941s
DBG getmany L26 nw=16 wall=0.584s thr(out)1 thr(in)16 conc_peak=16 pread=7.993s
DBG getmany L27 nw=16 wall=0.743s thr(out)1 thr(in)16 conc_peak=16 pread=10.961s
DBG getmany L28 nw=16 wall=0.714s thr(out)1 thr(in)16 conc_peak=16 pread=10.258s
DBG getmany L29 nw=16 wall=0.703s thr(out)1 thr(in)16 conc_peak=16 pread=9.829s
DBG getmany L30 nw=16 wall=0.591s thr(out)1 thr(in)16 conc_peak=16 pread=8.680s
DBG getmany L31 nw=16 wall=0.777s thr(out)1 thr(in)16 conc_peak=14 pread=11.320s
DBG getmany L32 nw=16 wall=0.791s thr(out)1 thr(in)16 conc_peak=16 pread=11.159s
DBG getmany L33 nw=16 wall=0.814s thr(out)1 thr(in)16 conc_peak=16 pread=12.183s
DBG getmany L34 nw=16 wall=0.589s thr(out)1 thr(in)16 conc_peak=16 pread=8.103s
DBG getmany L35 nw=16 wall=0.792s thr(out)1 thr(in)16 conc_peak=16 pread=9.734s
DBG getmany L36 nw=16 wall=0.790s thr(out)1 thr(in)16 conc_peak=16 pread=11.800s
DBG getmany L37 nw=16 wall=0.773s thr(out)1 thr(in)16 conc_peak=16 pread=11.440s
DBG getmany L38 nw=16 wall=0.560s thr(out)1 thr(in)16 conc_peak=16 pread=6.903s
DBG getmany L39 nw=16 wall=0.775s thr(out)1 thr(in)16 conc_peak=16 pread=11.398s
DBG getmany L40 nw=16 wall=0.782s thr(out)1 thr(in)16 conc_peak=16 pread=10.704s
DBG getmany L41 nw=16 wall=0.764s thr(out)1 thr(in)16 conc_peak=16 pread=11.384s
DBG getmany L42 nw=16 wall=0.602s thr(out)1 thr(in)16 conc_peak=16 pread=8.210s
DBG getmany L43 nw=16 wall=0.821s thr(out)1 thr(in)16 conc_peak=16 pread=11.862s
DBG getmany L44 nw=16 wall=0.795s thr(out)1 thr(in)16 conc_peak=16 pread=10.021s
DBG getmany L45 nw=16 wall=0.792s thr(out)1 thr(in)16 conc_peak=15 pread=9.863s
DBG getmany L46 nw=16 wall=0.609s thr(out)1 thr(in)16 conc_peak=16 pread=8.498s
DBG getmany L47 nw=16 wall=0.791s thr(out)1 thr(in)16 conc_peak=16 pread=8.837s
DBG getmany L48 nw=16 wall=0.758s thr(out)1 thr(in)16 conc_peak=16 pread=11.129s
DBG getmany L49 nw=16 wall=0.804s thr(out)1 thr(in)16 conc_peak=16 pread=11.922s
DBG getmany L50 nw=16 wall=0.608s thr(out)1 thr(in)16 conc_peak=16 pread=8.147s
DBG getmany L51 nw=16 wall=0.783s thr(out)1 thr(in)16 conc_peak=16 pread=7.016s
DBG getmany L52 nw=16 wall=0.741s thr(out)1 thr(in)16 conc_peak=16 pread=10.944s
DBG getmany L53 nw=16 wall=0.784s thr(out)1 thr(in)16 conc_peak=16 pread=11.529s
DBG getmany L54 nw=16 wall=0.602s thr(out)1 thr(in)16 conc_peak=16 pread=8.130s
DBG getmany L55 nw=16 wall=0.785s thr(out)1 thr(in)16 conc_peak=16 pread=11.232s
DBG getmany L56 nw=16 wall=0.761s thr(out)1 thr(in)16 conc_peak=16 pread=11.480s
DBG getmany L57 nw=16 wall=0.787s thr(out)1 thr(in)16 conc_peak=16 pread=11.866s
DBG getmany L58 nw=16 wall=0.580s thr(out)1 thr(in)16 conc_peak=16 pread=8.086s
DBG getmany L59 nw=16 wall=0.789s thr(out)1 thr(in)16 conc_peak=16 pread=10.841s
DBG getmany L60 nw=16 wall=0.790s thr(out)1 thr(in)16 conc_peak=16 pread=11.315s
DBG getmany L61 nw=16 wall=0.753s thr(out)1 thr(in)16 conc_peak=16 pread=10.863s
DBG getmany L62 nw=16 wall=0.558s thr(out)1 thr(in)16 conc_peak=16 pread=8.020s
DBG getmany L63 nw=16 wall=0.783s thr(out)1 thr(in)16 conc_peak=16 pread=10.200s
DBG getmany L64 nw=16 wall=0.979s thr(out)1 thr(in)16 conc_peak=16 pread=13.918s
DBG getmany L65 nw=16 wall=0.780s thr(out)1 thr(in)16 conc_peak=16 pread=10.045s
DBG getmany L66 nw=16 wall=0.567s thr(out)1 thr(in)16 conc_peak=16 pread=7.727s
DBG getmany L67 nw=16 wall=0.780s thr(out)1 thr(in)16 conc_peak=16 pread=11.164s
DBG getmany L68 nw=16 wall=0.756s thr(out)1 thr(in)16 conc_peak=16 pread=10.596s
DBG getmany L69 nw=16 wall=0.787s thr(out)1 thr(in)16 conc_peak=16 pread=11.778s
DBG getmany L70 nw=16 wall=0.583s thr(out)1 thr(in)16 conc_peak=16 pread=7.675s
DBG getmany L71 nw=16 wall=0.715s thr(out)1 thr(in)16 conc_peak=16 pread=9.825s
DBG getmany L72 nw=16 wall=0.801s thr(out)1 thr(in)16 conc_peak=16 pread=11.511s
DBG getmany L73 nw=16 wall=0.798s thr(out)1 thr(in)16 conc_peak=16 pread=10.434s
DBG getmany L74 nw=16 wall=0.611s thr(out)1 thr(in)16 conc_peak=16 pread=8.364s
DBG getmany L75 nw=16 wall=0.810s thr(out)1 thr(in)16 conc_peak=16 pread=9.999s
DBG getmany L76 nw=16 wall=8.618s thr(out)1 thr(in)16 conc_peak=16 pread=95.344s
DBG getmany L77 nw=16 wall=4.059s thr(out)1 thr(in)16 conc_peak=16 pread=53.154s
DBG getmany L78 nw=16 wall=0.588s thr(out)1 thr(in)16 conc_peak=16 pread=7.508s
DBG getmany L79 nw=16 wall=0.761s thr(out)1 thr(in)16 conc_peak=16 pread=9.988s
DBG getmany L80 nw=16 wall=0.757s thr(out)1 thr(in)16 conc_peak=16 pread=10.330s
DBG getmany L81 nw=16 wall=0.765s thr(out)1 thr(in)16 conc_peak=16 pread=9.945s
DBG getmany L82 nw=16 wall=0.585s thr(out)1 thr(in)16 conc_peak=16 pread=6.236s
DBG getmany L83 nw=16 wall=0.795s thr(out)1 thr(in)16 conc_peak=16 pread=9.990s
DBG getmany L84 nw=16 wall=0.772s thr(out)1 thr(in)16 conc_peak=16 pread=10.064s
DBG getmany L85 nw=16 wall=0.770s thr(out)1 thr(in)16 conc_peak=16 pread=9.577s
DBG getmany L86 nw=16 wall=0.570s thr(out)1 thr(in)16 conc_peak=16 pread=8.452s
DBG getmany L87 nw=16 wall=0.743s thr(out)1 thr(in)16 conc_peak=16 pread=11.173s
DBG getmany L88 nw=16 wall=0.752s thr(out)1 thr(in)16 conc_peak=16 pread=11.276s
DBG getmany L89 nw=16 wall=0.803s thr(out)1 thr(in)16 conc_peak=16 pread=10.393s
DBG getmany L90 nw=16 wall=0.572s thr(out)1 thr(in)16 conc_peak=16 pread=8.143s
DBG getmany L91 nw=16 wall=0.588s thr(out)1 thr(in)16 conc_peak=16 pread=8.513s
DBG getmany L92 nw=16 wall=0.241s thr(out)1 thr(in)16 conc_peak=16 pread=2.358s
1      802        80.35        100.0      25.83      0.012
  L2   resident=6779/14589 slots hit=100.0% read=51.66GB write=0.00GB
DBG getmany L1 nw=16 wall=0.231s thr(out)1 thr(in)16 conc_peak=16 pread=2.122s
DBG getmany L2 nw=15 wall=0.220s thr(out)1 thr(in)16 conc_peak=15 pread=1.949s
DBG getmany L3 nw=13 wall=0.187s thr(out)1 thr(in)16 conc_peak=13 pread=1.373s
DBG getmany L4 nw=15 wall=0.212s thr(out)1 thr(in)16 conc_peak=15 pread=1.917s
DBG getmany L5 nw=16 wall=0.236s thr(out)1 thr(in)16 conc_peak=16 pread=2.135s
DBG getmany L6 nw=15 wall=0.225s thr(out)1 thr(in)16 conc_peak=15 pread=2.127s
DBG getmany L7 nw=15 wall=0.216s thr(out)1 thr(in)16 conc_peak=15 pread=1.923s
DBG getmany L8 nw=16 wall=0.231s thr(out)1 thr(in)16 conc_peak=16 pread=2.204s
DBG getmany L9 nw=15 wall=0.215s thr(out)1 thr(in)16 conc_peak=15 pread=1.823s
DBG getmany L10 nw=15 wall=0.216s thr(out)1 thr(in)16 conc_peak=15 pread=1.969s
DBG getmany L11 nw=15 wall=0.216s thr(out)1 thr(in)16 conc_peak=15 pread=1.912s
DBG getmany L12 nw=15 wall=0.215s thr(out)1 thr(in)16 conc_peak=15 pread=1.906s
DBG getmany L13 nw=16 wall=0.236s thr(out)1 thr(in)16 conc_peak=16 pread=2.437s
DBG getmany L14 nw=15 wall=0.214s thr(out)1 thr(in)16 conc_peak=15 pread=1.972s
DBG getmany L15 nw=16 wall=0.231s thr(out)1 thr(in)16 conc_peak=16 pread=2.125s
DBG getmany L16 nw=15 wall=0.218s thr(out)1 thr(in)16 conc_peak=15 pread=2.059s
DBG getmany L17 nw=16 wall=0.230s thr(out)1 thr(in)16 conc_peak=16 pread=2.094s
DBG getmany L18 nw=16 wall=0.235s thr(out)1 thr(in)16 conc_peak=16 pread=2.119s
DBG getmany L19 nw=16 wall=0.235s thr(out)1 thr(in)16 conc_peak=16 pread=2.311s
DBG getmany L20 nw=16 wall=0.231s thr(out)1 thr(in)16 conc_peak=16 pread=2.097s
DBG getmany L21 nw=16 wall=0.771s thr(out)1 thr(in)16 conc_peak=16 pread=10.498s
DBG getmany L22 nw=16 wall=0.584s thr(out)1 thr(in)16 conc_peak=16 pread=8.600s
DBG getmany L23 nw=15 wall=0.656s thr(out)1 thr(in)16 conc_peak=15 pread=8.952s
DBG getmany L24 nw=13 wall=0.783s thr(out)1 thr(in)16 conc_peak=13 pread=8.865s
DBG getmany L25 nw=15 wall=0.955s thr(out)1 thr(in)16 conc_peak=15 pread=12.745s
DBG getmany L26 nw=15 wall=0.584s thr(out)1 thr(in)16 conc_peak=15 pread=7.425s
DBG getmany L27 nw=16 wall=0.697s thr(out)1 thr(in)16 conc_peak=16 pread=8.252s
DBG getmany L28 nw=15 wall=0.663s thr(out)1 thr(in)16 conc_peak=15 pread=9.110s
DBG getmany L29 nw=16 wall=0.773s thr(out)1 thr(in)16 conc_peak=16 pread=9.025s
DBG getmany L30 nw=16 wall=0.594s thr(out)1 thr(in)16 conc_peak=16 pread=8.599s
DBG getmany L31 nw=16 wall=0.722s thr(out)1 thr(in)16 conc_peak=16 pread=9.069s
DBG getmany L32 nw=14 wall=0.744s thr(out)1 thr(in)16 conc_peak=14 pread=9.049s
DBG getmany L33 nw=15 wall=0.797s thr(out)1 thr(in)16 conc_peak=15 pread=10.142s
DBG getmany L34 nw=16 wall=0.591s thr(out)1 thr(in)16 conc_peak=16 pread=8.247s
DBG getmany L35 nw=16 wall=0.789s thr(out)1 thr(in)16 conc_peak=16 pread=11.175s
DBG getmany L36 nw=14 wall=0.751s thr(out)1 thr(in)16 conc_peak=14 pread=10.109s
DBG getmany L37 nw=16 wall=0.770s thr(out)1 thr(in)16 conc_peak=16 pread=11.057s
DBG getmany L38 nw=16 wall=0.567s thr(out)1 thr(in)16 conc_peak=16 pread=7.701s
DBG getmany L39 nw=16 wall=0.777s thr(out)1 thr(in)16 conc_peak=16 pread=11.756s
DBG getmany L40 nw=16 wall=0.789s thr(out)1 thr(in)16 conc_peak=16 pread=11.946s
DBG getmany L41 nw=16 wall=0.758s thr(out)1 thr(in)16 conc_peak=16 pread=10.097s
DBG getmany L42 nw=16 wall=0.593s thr(out)1 thr(in)16 conc_peak=16 pread=8.847s
DBG getmany L43 nw=16 wall=0.815s thr(out)1 thr(in)16 conc_peak=16 pread=9.286s
DBG getmany L44 nw=16 wall=0.782s thr(out)1 thr(in)16 conc_peak=16 pread=11.567s
DBG getmany L45 nw=16 wall=0.779s thr(out)1 thr(in)16 conc_peak=16 pread=11.502s
DBG getmany L46 nw=15 wall=0.582s thr(out)1 thr(in)16 conc_peak=15 pread=8.112s
DBG getmany L47 nw=15 wall=0.735s thr(out)1 thr(in)16 conc_peak=15 pread=9.128s
DBG getmany L48 nw=15 wall=0.734s thr(out)1 thr(in)16 conc_peak=15 pread=10.209s
DBG getmany L49 nw=15 wall=0.782s thr(out)1 thr(in)16 conc_peak=15 pread=10.968s
DBG getmany L50 nw=16 wall=0.589s thr(out)1 thr(in)16 conc_peak=16 pread=8.393s
DBG getmany L51 nw=16 wall=0.756s thr(out)1 thr(in)16 conc_peak=16 pread=11.323s
DBG getmany L52 nw=16 wall=0.743s thr(out)1 thr(in)16 conc_peak=16 pread=11.015s
DBG getmany L53 nw=15 wall=0.761s thr(out)1 thr(in)16 conc_peak=15 pread=9.894s
DBG getmany L54 nw=16 wall=0.576s thr(out)1 thr(in)16 conc_peak=16 pread=6.821s
DBG getmany L55 nw=16 wall=0.759s thr(out)1 thr(in)16 conc_peak=16 pread=11.074s
DBG getmany L56 nw=16 wall=0.750s thr(out)1 thr(in)16 conc_peak=16 pread=11.182s
DBG getmany L57 nw=16 wall=0.788s thr(out)1 thr(in)16 conc_peak=16 pread=5.644s
DBG getmany L58 nw=16 wall=0.569s thr(out)1 thr(in)16 conc_peak=16 pread=6.654s
DBG getmany L59 nw=16 wall=0.784s thr(out)1 thr(in)16 conc_peak=16 pread=9.969s
DBG getmany L60 nw=16 wall=0.778s thr(out)1 thr(in)16 conc_peak=16 pread=11.441s
DBG getmany L61 nw=16 wall=0.750s thr(out)1 thr(in)16 conc_peak=16 pread=9.662s
DBG getmany L62 nw=16 wall=0.567s thr(out)1 thr(in)16 conc_peak=16 pread=7.717s
DBG getmany L63 nw=16 wall=0.779s thr(out)1 thr(in)16 conc_peak=16 pread=10.067s
DBG getmany L64 nw=16 wall=0.773s thr(out)1 thr(in)16 conc_peak=16 pread=9.923s
DBG getmany L65 nw=16 wall=0.769s thr(out)1 thr(in)16 conc_peak=16 pread=11.059s
DBG getmany L66 nw=16 wall=0.586s thr(out)1 thr(in)16 conc_peak=16 pread=8.445s
DBG getmany L67 nw=16 wall=0.787s thr(out)1 thr(in)16 conc_peak=16 pread=10.471s
DBG getmany L68 nw=16 wall=0.705s thr(out)1 thr(in)16 conc_peak=16 pread=9.921s
DBG getmany L69 nw=16 wall=0.780s thr(out)1 thr(in)16 conc_peak=16 pread=9.940s
DBG getmany L70 nw=16 wall=0.568s thr(out)1 thr(in)16 conc_peak=16 pread=7.698s
DBG getmany L71 nw=16 wall=0.819s thr(out)1 thr(in)16 conc_peak=16 pread=12.314s
DBG getmany L72 nw=16 wall=0.784s thr(out)1 thr(in)16 conc_peak=16 pread=11.178s
DBG getmany L73 nw=16 wall=0.749s thr(out)1 thr(in)16 conc_peak=16 pread=9.790s
DBG getmany L74 nw=16 wall=0.587s thr(out)1 thr(in)16 conc_peak=16 pread=7.833s
DBG getmany L75 nw=16 wall=0.787s thr(out)1 thr(in)16 conc_peak=16 pread=10.628s
DBG getmany L76 nw=16 wall=0.742s thr(out)1 thr(in)16 conc_peak=16 pread=10.795s
DBG getmany L77 nw=16 wall=0.746s thr(out)1 thr(in)16 conc_peak=16 pread=10.166s
DBG getmany L78 nw=16 wall=0.586s thr(out)1 thr(in)16 conc_peak=16 pread=8.121s
DBG getmany L79 nw=16 wall=0.783s thr(out)1 thr(in)16 conc_peak=16 pread=9.979s
DBG getmany L80 nw=16 wall=0.756s thr(out)1 thr(in)16 conc_peak=16 pread=10.033s
DBG getmany L81 nw=15 wall=0.766s thr(out)1 thr(in)16 conc_peak=15 pread=10.514s
DBG getmany L82 nw=16 wall=0.578s thr(out)1 thr(in)16 conc_peak=16 pread=8.053s
DBG getmany L83 nw=13 wall=0.755s thr(out)1 thr(in)16 conc_peak=13 pread=7.485s
DBG getmany L84 nw=13 wall=0.721s thr(out)1 thr(in)16 conc_peak=13 pread=8.967s
DBG getmany L85 nw=14 wall=0.733s thr(out)1 thr(in)16 conc_peak=14 pread=9.458s
DBG getmany L86 nw=16 wall=0.560s thr(out)1 thr(in)16 conc_peak=16 pread=8.288s
DBG getmany L87 nw=13 wall=0.694s thr(out)1 thr(in)16 conc_peak=13 pread=7.713s
DBG getmany L88 nw=15 wall=0.750s thr(out)1 thr(in)16 conc_peak=15 pread=9.495s
DBG getmany L89 nw=13 wall=0.751s thr(out)1 thr(in)16 conc_peak=13 pread=8.297s
DBG getmany L90 nw=12 wall=0.499s thr(out)1 thr(in)16 conc_peak=8 pread=4.609s
DBG getmany L91 nw=13 wall=0.533s thr(out)1 thr(in)16 conc_peak=13 pread=6.089s
DBG getmany L92 nw=13 wall=0.185s thr(out)1 thr(in)16 conc_peak=13 pread=1.393s
2      24         69.90        100.0      24.85      0.014
  L2   resident=6779/14589 slots hit=100.0% read=76.51GB write=0.00GB
DBG getmany L1 nw=15 wall=0.207s thr(out)1 thr(in)16 conc_peak=15 pread=1.780s
DBG getmany L2 nw=14 wall=0.197s thr(out)1 thr(in)16 conc_peak=14 pread=1.591s
DBG getmany L3 nw=12 wall=0.178s thr(out)1 thr(in)16 conc_peak=12 pread=1.244s
DBG getmany L4 nw=13 wall=0.186s thr(out)1 thr(in)16 conc_peak=13 pread=1.387s
DBG getmany L5 nw=15 wall=0.223s thr(out)1 thr(in)16 conc_peak=15 pread=1.843s
DBG getmany L6 nw=16 wall=0.231s thr(out)1 thr(in)16 conc_peak=16 pread=2.162s
DBG getmany L7 nw=15 wall=0.219s thr(out)1 thr(in)16 conc_peak=15 pread=1.941s
DBG getmany L8 nw=16 wall=0.228s thr(out)1 thr(in)16 conc_peak=16 pread=2.066s
DBG getmany L9 nw=12 wall=0.171s thr(out)1 thr(in)16 conc_peak=12 pread=1.152s
DBG getmany L10 nw=10 wall=0.147s thr(out)1 thr(in)16 conc_peak=10 pread=0.861s
DBG getmany L11 nw=13 wall=0.186s thr(out)1 thr(in)16 conc_peak=13 pread=1.437s
DBG getmany L12 nw=14 wall=0.205s thr(out)1 thr(in)16 conc_peak=14 pread=1.643s
DBG getmany L13 nw=13 wall=0.193s thr(out)1 thr(in)16 conc_peak=11 pread=1.414s
DBG getmany L14 nw=13 wall=0.182s thr(out)1 thr(in)16 conc_peak=13 pread=1.337s
DBG getmany L15 nw=14 wall=0.197s thr(out)1 thr(in)16 conc_peak=14 pread=1.618s
DBG getmany L16 nw=12 wall=0.167s thr(out)1 thr(in)16 conc_peak=12 pread=1.172s
DBG getmany L17 nw=14 wall=0.203s thr(out)1 thr(in)16 conc_peak=14 pread=1.653s
DBG getmany L18 nw=13 wall=0.188s thr(out)1 thr(in)16 conc_peak=9 pread=1.333s
DBG getmany L19 nw=13 wall=0.187s thr(out)1 thr(in)16 conc_peak=13 pread=1.353s
DBG getmany L20 nw=12 wall=0.169s thr(out)1 thr(in)16 conc_peak=12 pread=1.194s
DBG getmany L21 nw=15 wall=0.762s thr(out)1 thr(in)16 conc_peak=15 pread=9.293s
DBG getmany L22 nw=15 wall=0.565s thr(out)1 thr(in)16 conc_peak=15 pread=7.664s
DBG getmany L23 nw=12 wall=0.667s thr(out)1 thr(in)16 conc_peak=12 pread=4.922s
DBG getmany L24 nw=13 wall=0.791s thr(out)1 thr(in)16 conc_peak=13 pread=7.452s
DBG getmany L25 nw=16 wall=0.946s thr(out)1 thr(in)16 conc_peak=16 pread=14.128s
DBG getmany L26 nw=14 wall=0.559s thr(out)1 thr(in)16 conc_peak=14 pread=7.096s
DBG getmany L27 nw=16 wall=0.493s thr(out)1 thr(in)16 conc_peak=16 pread=5.486s
DBG getmany L28 nw=15 wall=0.651s thr(out)1 thr(in)16 conc_peak=15 pread=8.928s
DBG getmany L29 nw=14 wall=0.597s thr(out)1 thr(in)16 conc_peak=14 pread=7.272s
DBG getmany L30 nw=15 wall=0.584s thr(out)1 thr(in)16 conc_peak=15 pread=6.459s
DBG getmany L31 nw=15 wall=0.773s thr(out)1 thr(in)16 conc_peak=15 pread=10.577s
DBG getmany L32 nw=12 wall=0.714s thr(out)1 thr(in)16 conc_peak=11 pread=6.335s
DBG getmany L33 nw=13 wall=0.758s thr(out)1 thr(in)16 conc_peak=13 pread=8.173s
DBG getmany L34 nw=15 wall=0.574s thr(out)1 thr(in)16 conc_peak=15 pread=6.144s
DBG getmany L35 nw=14 wall=0.766s thr(out)1 thr(in)16 conc_peak=13 pread=9.418s
DBG getmany L36 nw=14 wall=0.711s thr(out)1 thr(in)16 conc_peak=14 pread=8.507s
DBG getmany L37 nw=15 wall=0.758s thr(out)1 thr(in)16 conc_peak=15 pread=10.902s
DBG getmany L38 nw=14 wall=0.491s thr(out)1 thr(in)16 conc_peak=14 pread=5.359s
DBG getmany L39 nw=14 wall=0.436s thr(out)1 thr(in)16 conc_peak=14 pread=4.384s
DBG getmany L40 nw=15 wall=0.750s thr(out)1 thr(in)16 conc_peak=15 pread=8.706s
DBG getmany L41 nw=14 wall=0.730s thr(out)1 thr(in)16 conc_peak=14 pread=9.319s
DBG getmany L42 nw=14 wall=0.565s thr(out)1 thr(in)16 conc_peak=14 pread=7.106s
DBG getmany L43 nw=16 wall=0.810s thr(out)1 thr(in)16 conc_peak=16 pread=11.945s
DBG getmany L44 nw=16 wall=0.784s thr(out)1 thr(in)16 conc_peak=16 pread=11.820s
DBG getmany L45 nw=15 wall=0.764s thr(out)1 thr(in)16 conc_peak=15 pread=10.227s
DBG getmany L46 nw=14 wall=0.562s thr(out)1 thr(in)16 conc_peak=14 pread=6.332s
DBG getmany L47 nw=14 wall=0.693s thr(out)1 thr(in)16 conc_peak=14 pread=7.053s
DBG getmany L48 nw=15 wall=0.743s thr(out)1 thr(in)16 conc_peak=15 pread=7.535s
DBG getmany L49 nw=15 wall=0.769s thr(out)1 thr(in)16 conc_peak=15 pread=10.130s
DBG getmany L50 nw=15 wall=0.575s thr(out)1 thr(in)16 conc_peak=15 pread=8.132s
DBG getmany L51 nw=14 wall=0.529s thr(out)1 thr(in)16 conc_peak=14 pread=5.361s
DBG getmany L52 nw=13 wall=0.457s thr(out)1 thr(in)16 conc_peak=13 pread=4.184s
DBG getmany L53 nw=14 wall=0.735s thr(out)1 thr(in)16 conc_peak=14 pread=9.286s
DBG getmany L54 nw=15 wall=0.557s thr(out)1 thr(in)16 conc_peak=15 pread=7.375s
DBG getmany L55 nw=13 wall=0.725s thr(out)1 thr(in)16 conc_peak=13 pread=8.938s
DBG getmany L56 nw=15 wall=0.751s thr(out)1 thr(in)16 conc_peak=15 pread=9.546s
DBG getmany L57 nw=16 wall=0.778s thr(out)1 thr(in)16 conc_peak=16 pread=11.284s
DBG getmany L58 nw=13 wall=0.543s thr(out)1 thr(in)16 conc_peak=13 pread=6.021s
DBG getmany L59 nw=13 wall=0.745s thr(out)1 thr(in)16 conc_peak=13 pread=8.233s
DBG getmany L60 nw=15 wall=0.778s thr(out)1 thr(in)16 conc_peak=15 pread=10.476s
DBG getmany L61 nw=15 wall=0.741s thr(out)1 thr(in)16 conc_peak=15 pread=10.118s
DBG getmany L62 nw=12 wall=0.510s thr(out)1 thr(in)16 conc_peak=12 pread=5.251s
DBG getmany L63 nw=13 wall=0.727s thr(out)1 thr(in)16 conc_peak=9 pread=7.916s
DBG getmany L64 nw=14 wall=0.741s thr(out)1 thr(in)16 conc_peak=14 pread=8.420s
DBG getmany L65 nw=12 wall=0.698s thr(out)1 thr(in)16 conc_peak=12 pread=6.368s
DBG getmany L66 nw=14 wall=0.557s thr(out)1 thr(in)16 conc_peak=10 pread=6.882s
DBG getmany L67 nw=14 wall=0.739s thr(out)1 thr(in)16 conc_peak=14 pread=8.773s
DBG getmany L68 nw=13 wall=0.707s thr(out)1 thr(in)16 conc_peak=13 pread=8.256s
DBG getmany L69 nw=13 wall=0.692s thr(out)1 thr(in)16 conc_peak=13 pread=7.841s
DBG getmany L70 nw=12 wall=0.506s thr(out)1 thr(in)16 conc_peak=12 pread=5.396s
DBG getmany L71 nw=14 wall=0.776s thr(out)1 thr(in)16 conc_peak=14 pread=7.023s
DBG getmany L72 nw=15 wall=0.760s thr(out)1 thr(in)16 conc_peak=15 pread=10.634s
DBG getmany L73 nw=16 wall=10.215s thr(out)1 thr(in)16 conc_peak=16 pread=107.868s
DBG getmany L74 nw=16 wall=2.242s thr(out)1 thr(in)16 conc_peak=15 pread=34.641s
DBG getmany L75 nw=16 wall=0.781s thr(out)1 thr(in)16 conc_peak=16 pread=8.696s
DBG getmany L76 nw=16 wall=0.740s thr(out)1 thr(in)16 conc_peak=16 pread=10.331s
DBG getmany L77 nw=13 wall=0.722s thr(out)1 thr(in)16 conc_peak=13 pread=7.740s
DBG getmany L78 nw=14 wall=0.557s thr(out)1 thr(in)16 conc_peak=14 pread=6.992s
DBG getmany L79 nw=14 wall=0.736s thr(out)1 thr(in)16 conc_peak=14 pread=9.513s
DBG getmany L80 nw=16 wall=0.750s thr(out)1 thr(in)16 conc_peak=16 pread=10.122s
DBG getmany L81 nw=14 wall=0.746s thr(out)1 thr(in)16 conc_peak=14 pread=9.351s
DBG getmany L82 nw=15 wall=12.495s thr(out)1 thr(in)16 conc_peak=15 pread=151.831s
DBG getmany L83 nw=13 wall=0.752s thr(out)1 thr(in)16 conc_peak=13 pread=9.057s
DBG getmany L84 nw=10 wall=0.870s thr(out)1 thr(in)16 conc_peak=10 pread=7.196s
DBG getmany L85 nw=13 wall=0.739s thr(out)1 thr(in)16 conc_peak=13 pread=7.967s
DBG getmany L86 nw=14 wall=0.529s thr(out)1 thr(in)16 conc_peak=14 pread=5.580s
DBG getmany L87 nw=13 wall=0.718s thr(out)1 thr(in)16 conc_peak=13 pread=8.369s
DBG getmany L88 nw=12 wall=0.662s thr(out)1 thr(in)16 conc_peak=12 pread=6.477s
DBG getmany L89 nw=14 wall=0.796s thr(out)1 thr(in)16 conc_peak=14 pread=9.967s
DBG getmany L90 nw=13 wall=0.544s thr(out)1 thr(in)16 conc_peak=7 pread=6.135s
DBG getmany L91 nw=12 wall=0.464s thr(out)1 thr(in)16 conc_peak=12 pread=4.185s
DBG getmany L92 nw=13 wall=0.188s thr(out)1 thr(in)16 conc_peak=13 pread=1.447s
3      12         90.75        100.0      22.50      0.011
  L2   resident=6779/14589 slots hit=100.0% read=99.00GB write=0.00GB
DBG getmany L1 nw=13 wall=0.185s thr(out)1 thr(in)16 conc_peak=13 pread=1.357s
DBG getmany L2 nw=10 wall=0.142s thr(out)1 thr(in)16 conc_peak=9 pread=0.834s
DBG getmany L3 nw=10 wall=0.138s thr(out)1 thr(in)16 conc_peak=10 pread=0.790s
DBG getmany L4 nw=11 wall=0.154s thr(out)1 thr(in)16 conc_peak=11 pread=0.971s
DBG getmany L5 nw=11 wall=0.155s thr(out)1 thr(in)16 conc_peak=11 pread=0.967s
DBG getmany L6 nw=16 wall=0.222s thr(out)1 thr(in)16 conc_peak=16 pread=2.084s
DBG getmany L7 nw=15 wall=0.212s thr(out)1 thr(in)16 conc_peak=15 pread=1.875s
DBG getmany L8 nw=15 wall=0.216s thr(out)1 thr(in)16 conc_peak=15 pread=1.935s
DBG getmany L9 nw=11 wall=0.158s thr(out)1 thr(in)16 conc_peak=11 pread=0.980s
DBG getmany L10 nw=13 wall=0.181s thr(out)1 thr(in)16 conc_peak=11 pread=1.362s
DBG getmany L11 nw=10 wall=0.140s thr(out)1 thr(in)16 conc_peak=10 pread=0.798s
DBG getmany L12 nw=13 wall=0.186s thr(out)1 thr(in)16 conc_peak=13 pread=1.422s
DBG getmany L13 nw=13 wall=0.186s thr(out)1 thr(in)16 conc_peak=13 pread=1.425s
DBG getmany L14 nw=14 wall=0.198s thr(out)1 thr(in)16 conc_peak=14 pread=1.557s
DBG getmany L15 nw=11 wall=0.154s thr(out)1 thr(in)16 conc_peak=11 pread=0.970s
DBG getmany L16 nw=11 wall=0.152s thr(out)1 thr(in)16 conc_peak=11 pread=0.940s
DBG getmany L17 nw=12 wall=0.167s thr(out)1 thr(in)16 conc_peak=11 pread=1.134s
DBG getmany L18 nw=13 wall=0.179s thr(out)1 thr(in)16 conc_peak=13 pread=1.326s
DBG getmany L19 nw=10 wall=0.140s thr(out)1 thr(in)16 conc_peak=10 pread=0.806s
DBG getmany L20 nw=12 wall=0.170s thr(out)1 thr(in)16 conc_peak=12 pread=1.172s
DBG getmany L21 nw=13 wall=0.741s thr(out)1 thr(in)16 conc_peak=13 pread=8.602s
DBG getmany L22 nw=11 wall=0.524s thr(out)1 thr(in)16 conc_peak=11 pread=4.967s
DBG getmany L23 nw=11 wall=0.474s thr(out)1 thr(in)16 conc_peak=11 pread=3.906s
DBG getmany L24 nw=11 wall=0.761s thr(out)1 thr(in)16 conc_peak=11 pread=7.497s
DBG getmany L25 nw=15 wall=0.769s thr(out)1 thr(in)16 conc_peak=15 pread=9.956s
DBG getmany L26 nw=13 wall=0.519s thr(out)1 thr(in)16 conc_peak=13 pread=6.030s
DBG getmany L27 nw=15 wall=0.743s thr(out)1 thr(in)16 conc_peak=15 pread=10.478s
DBG getmany L28 nw=15 wall=0.706s thr(out)1 thr(in)16 conc_peak=15 pread=9.929s
DBG getmany L29 nw=13 wall=0.741s thr(out)1 thr(in)16 conc_peak=13 pread=8.736s
DBG getmany L30 nw=13 wall=0.557s thr(out)1 thr(in)16 conc_peak=13 pread=6.688s
DBG getmany L31 nw=14 wall=0.771s thr(out)1 thr(in)16 conc_peak=14 pread=10.153s
DBG getmany L32 nw=12 wall=0.722s thr(out)1 thr(in)16 conc_peak=12 pread=7.867s
DBG getmany L33 nw=12 wall=0.760s thr(out)1 thr(in)16 conc_peak=12 pread=6.817s
DBG getmany L34 nw=15 wall=0.600s thr(out)1 thr(in)16 conc_peak=15 pread=7.931s
DBG getmany L35 nw=13 wall=0.779s thr(out)1 thr(in)16 conc_peak=13 pread=7.070s
DBG getmany L36 nw=13 wall=0.748s thr(out)1 thr(in)16 conc_peak=13 pread=8.395s
DBG getmany L37 nw=13 wall=0.745s thr(out)1 thr(in)16 conc_peak=13 pread=8.390s
DBG getmany L38 nw=11 wall=0.502s thr(out)1 thr(in)16 conc_peak=11 pread=3.542s
DBG getmany L39 nw=12 wall=0.728s thr(out)1 thr(in)16 conc_peak=12 pread=7.907s
DBG getmany L40 nw=12 wall=0.742s thr(out)1 thr(in)16 conc_peak=12 pread=8.244s
DBG getmany L41 nw=11 wall=0.691s thr(out)1 thr(in)16 conc_peak=11 pread=5.807s
DBG getmany L42 nw=7 wall=0.460s thr(out)1 thr(in)16 conc_peak=7 pread=2.463s
DBG getmany L43 nw=12 wall=0.649s thr(out)1 thr(in)16 conc_peak=12 pread=6.164s
DBG getmany L44 nw=13 wall=0.753s thr(out)1 thr(in)16 conc_peak=12 pread=8.962s
DBG getmany L45 nw=9 wall=0.701s thr(out)1 thr(in)16 conc_peak=9 pread=4.856s
DBG getmany L46 nw=10 wall=0.465s thr(out)1 thr(in)16 conc_peak=9 pread=3.693s
DBG getmany L47 nw=11 wall=0.702s thr(out)1 thr(in)16 conc_peak=11 pread=6.108s
DBG getmany L48 nw=11 wall=0.699s thr(out)1 thr(in)16 conc_peak=11 pread=6.978s
DBG getmany L49 nw=14 wall=0.777s thr(out)1 thr(in)16 conc_peak=14 pread=8.828s
DBG getmany L50 nw=12 wall=0.544s thr(out)1 thr(in)16 conc_peak=11 pread=5.105s
DBG getmany L51 nw=11 wall=0.702s thr(out)1 thr(in)16 conc_peak=11 pread=6.882s
DBG getmany L52 nw=12 wall=0.698s thr(out)1 thr(in)16 conc_peak=12 pread=3.807s
DBG getmany L53 nw=11 wall=0.728s thr(out)1 thr(in)16 conc_peak=11 pread=6.856s
DBG getmany L54 nw=12 wall=0.531s thr(out)1 thr(in)16 conc_peak=12 pread=4.976s
DBG getmany L55 nw=11 wall=0.708s thr(out)1 thr(in)16 conc_peak=11 pread=6.616s
DBG getmany L56 nw=12 wall=0.736s thr(out)1 thr(in)16 conc_peak=12 pread=7.551s
DBG getmany L57 nw=15 wall=0.794s thr(out)1 thr(in)16 conc_peak=14 pread=11.067s
DBG getmany L58 nw=14 wall=0.575s thr(out)1 thr(in)16 conc_peak=11 pread=5.821s
DBG getmany L59 nw=13 wall=0.756s thr(out)1 thr(in)16 conc_peak=13 pread=5.920s
DBG getmany L60 nw=16 wall=0.752s thr(out)1 thr(in)16 conc_peak=16 pread=9.380s
DBG getmany L61 nw=15 wall=0.761s thr(out)1 thr(in)16 conc_peak=15 pread=10.788s
DBG getmany L62 nw=13 wall=0.533s thr(out)1 thr(in)16 conc_peak=13 pread=5.560s
DBG getmany L63 nw=15 wall=0.788s thr(out)1 thr(in)16 conc_peak=15 pread=10.941s
DBG getmany L64 nw=13 wall=0.743s thr(out)1 thr(in)16 conc_peak=13 pread=9.194s
DBG getmany L65 nw=15 wall=0.787s thr(out)1 thr(in)16 conc_peak=15 pread=10.615s
DBG getmany L66 nw=16 wall=0.595s thr(out)1 thr(in)16 conc_peak=16 pread=8.479s
DBG getmany L67 nw=12 wall=0.731s thr(out)1 thr(in)16 conc_peak=12 pread=8.378s
DBG getmany L68 nw=14 wall=0.631s thr(out)1 thr(in)16 conc_peak=14 pread=6.325s
DBG getmany L69 nw=14 wall=0.767s thr(out)1 thr(in)16 conc_peak=14 pread=8.931s
DBG getmany L70 nw=13 wall=0.543s thr(out)1 thr(in)16 conc_peak=13 pread=6.391s
DBG getmany L71 nw=14 wall=0.765s thr(out)1 thr(in)16 conc_peak=14 pread=8.821s
DBG getmany L72 nw=16 wall=0.797s thr(out)1 thr(in)16 conc_peak=16 pread=11.733s
DBG getmany L73 nw=16 wall=0.783s thr(out)1 thr(in)16 conc_peak=16 pread=11.444s
DBG getmany L74 nw=16 wall=0.557s thr(out)1 thr(in)16 conc_peak=16 pread=7.490s
DBG getmany L75 nw=15 wall=0.739s thr(out)1 thr(in)16 conc_peak=15 pread=9.816s
DBG getmany L76 nw=16 wall=0.716s thr(out)1 thr(in)16 conc_peak=16 pread=10.641s
DBG getmany L77 nw=14 wall=0.719s thr(out)1 thr(in)16 conc_peak=14 pread=8.600s
DBG getmany L78 nw=14 wall=0.540s thr(out)1 thr(in)16 conc_peak=14 pread=6.247s
DBG getmany L79 nw=15 wall=0.751s thr(out)1 thr(in)16 conc_peak=15 pread=10.394s
DBG getmany L80 nw=16 wall=0.729s thr(out)1 thr(in)16 conc_peak=16 pread=10.531s
DBG getmany L81 nw=15 wall=0.773s thr(out)1 thr(in)16 conc_peak=15 pread=10.968s
DBG getmany L82 nw=16 wall=0.593s thr(out)1 thr(in)16 conc_peak=16 pread=8.207s
DBG getmany L83 nw=14 wall=0.754s thr(out)1 thr(in)16 conc_peak=14 pread=8.813s
DBG getmany L84 nw=13 wall=0.860s thr(out)1 thr(in)16 conc_peak=13 pread=9.630s
DBG getmany L85 nw=15 wall=0.753s thr(out)1 thr(in)16 conc_peak=15 pread=9.949s
DBG getmany L86 nw=15 wall=0.565s thr(out)1 thr(in)16 conc_peak=15 pread=7.367s
DBG getmany L87 nw=14 wall=0.620s thr(out)1 thr(in)16 conc_peak=14 pread=6.935s
DBG getmany L88 nw=13 wall=0.748s thr(out)1 thr(in)16 conc_peak=13 pread=9.062s
DBG getmany L89 nw=10 wall=0.698s thr(out)1 thr(in)16 conc_peak=10 pread=5.768s
DBG getmany L90 nw=9 wall=0.473s thr(out)1 thr(in)16 conc_peak=9 pread=3.950s
DBG getmany L91 nw=9 wall=0.473s thr(out)1 thr(in)16 conc_peak=9 pread=3.660s
DBG getmany L92 nw=14 wall=0.230s thr(out)1 thr(in)16 conc_peak=14 pread=1.948s
4      2975       70.52        98.7       21.16      0.014
  L2   resident=6779/14589 slots hit=100.0% read=119.83GB write=0.00GB
DBG getmany L1 nw=13 wall=0.193s thr(out)1 thr(in)16 conc_peak=12 pread=1.550s
DBG getmany L2 nw=12 wall=0.185s thr(out)1 thr(in)16 conc_peak=12 pread=1.282s
DBG getmany L3 nw=11 wall=0.159s thr(out)1 thr(in)16 conc_peak=11 pread=1.056s
DBG getmany L4 nw=13 wall=0.200s thr(out)1 thr(in)16 conc_peak=13 pread=1.463s
DBG getmany L5 nw=12 wall=0.185s thr(out)1 thr(in)16 conc_peak=12 pread=1.293s
DBG getmany L6 nw=16 wall=0.239s thr(out)1 thr(in)16 conc_peak=16 pread=2.397s
DBG getmany L7 nw=15 wall=0.215s thr(out)1 thr(in)16 conc_peak=15 pread=1.770s
DBG getmany L8 nw=15 wall=0.222s thr(out)1 thr(in)16 conc_peak=15 pread=1.952s
DBG getmany L9 nw=12 wall=0.177s thr(out)1 thr(in)16 conc_peak=12 pread=1.205s
DBG getmany L10 nw=11 wall=0.158s thr(out)1 thr(in)16 conc_peak=11 pread=1.001s
DBG getmany L11 nw=12 wall=0.177s thr(out)1 thr(in)16 conc_peak=12 pread=1.199s
DBG getmany L12 nw=14 wall=0.206s thr(out)1 thr(in)16 conc_peak=14 pread=1.595s
DBG getmany L13 nw=13 wall=0.209s thr(out)1 thr(in)16 conc_peak=13 pread=1.658s
DBG getmany L14 nw=14 wall=0.221s thr(out)1 thr(in)16 conc_peak=14 pread=1.765s
DBG getmany L15 nw=12 wall=0.194s thr(out)1 thr(in)16 conc_peak=12 pread=1.365s
DBG getmany L16 nw=12 wall=0.191s thr(out)1 thr(in)16 conc_peak=12 pread=1.326s
DBG getmany L17 nw=14 wall=0.208s thr(out)1 thr(in)16 conc_peak=14 pread=1.791s
DBG getmany L18 nw=13 wall=0.198s thr(out)1 thr(in)16 conc_peak=12 pread=1.480s
DBG getmany L19 nw=13 wall=0.198s thr(out)1 thr(in)16 conc_peak=13 pread=1.443s
DBG getmany L20 nw=11 wall=0.167s thr(out)1 thr(in)16 conc_peak=11 pread=1.052s
DBG getmany L21 nw=14 wall=0.745s thr(out)1 thr(in)16 conc_peak=14 pread=9.045s
DBG getmany L22 nw=13 wall=0.556s thr(out)1 thr(in)16 conc_peak=13 pread=6.362s
DBG getmany L23 nw=13 wall=0.687s thr(out)1 thr(in)16 conc_peak=13 pread=7.689s
DBG getmany L24 nw=14 wall=0.815s thr(out)1 thr(in)16 conc_peak=14 pread=9.952s
DBG getmany L25 nw=16 wall=0.778s thr(out)1 thr(in)16 conc_peak=16 pread=9.903s
DBG getmany L26 nw=11 wall=0.512s thr(out)1 thr(in)16 conc_peak=11 pread=5.280s
DBG getmany L27 nw=15 wall=0.724s thr(out)1 thr(in)16 conc_peak=15 pread=10.275s
DBG getmany L28 nw=15 wall=0.705s thr(out)1 thr(in)16 conc_peak=15 pread=9.256s
DBG getmany L29 nw=14 wall=0.750s thr(out)1 thr(in)16 conc_peak=14 pread=7.138s
DBG getmany L30 nw=14 wall=0.577s thr(out)1 thr(in)16 conc_peak=14 pread=6.973s
DBG getmany L31 nw=14 wall=0.760s thr(out)1 thr(in)16 conc_peak=10 pread=9.814s
DBG getmany L32 nw=13 wall=0.726s thr(out)1 thr(in)16 conc_peak=13 pread=7.148s
DBG getmany L33 nw=9 wall=0.716s thr(out)1 thr(in)16 conc_peak=9 pread=5.586s
DBG getmany L34 nw=15 wall=0.598s thr(out)1 thr(in)16 conc_peak=15 pread=7.036s
DBG getmany L35 nw=15 wall=0.787s thr(out)1 thr(in)16 conc_peak=15 pread=10.074s
DBG getmany L36 nw=15 wall=0.771s thr(out)1 thr(in)16 conc_peak=15 pread=10.886s
DBG getmany L37 nw=14 wall=0.754s thr(out)1 thr(in)16 conc_peak=14 pread=9.877s
DBG getmany L38 nw=11 wall=0.506s thr(out)1 thr(in)16 conc_peak=9 pread=4.621s
DBG getmany L39 nw=12 wall=0.725s thr(out)1 thr(in)16 conc_peak=12 pread=6.659s
DBG getmany L40 nw=12 wall=0.731s thr(out)1 thr(in)16 conc_peak=12 pread=8.023s
DBG getmany L41 nw=12 wall=0.698s thr(out)1 thr(in)16 conc_peak=11 pread=6.251s
DBG getmany L42 nw=9 wall=0.489s thr(out)1 thr(in)16 conc_peak=9 pread=3.223s
DBG getmany L43 nw=11 wall=0.744s thr(out)1 thr(in)16 conc_peak=11 pread=6.447s
DBG getmany L44 nw=14 wall=0.761s thr(out)1 thr(in)16 conc_peak=14 pread=10.187s
DBG getmany L45 nw=11 wall=0.707s thr(out)1 thr(in)16 conc_peak=10 pread=6.986s
DBG getmany L46 nw=11 wall=0.511s thr(out)1 thr(in)16 conc_peak=11 pread=4.230s
DBG getmany L47 nw=13 wall=0.700s thr(out)1 thr(in)16 conc_peak=13 pread=8.651s
DBG getmany L48 nw=12 wall=0.699s thr(out)1 thr(in)16 conc_peak=12 pread=6.902s
DBG getmany L49 nw=15 wall=0.774s thr(out)1 thr(in)16 conc_peak=15 pread=6.715s
DBG getmany L50 nw=13 wall=0.552s thr(out)1 thr(in)16 conc_peak=13 pread=6.350s
DBG getmany L51 nw=13 wall=0.708s thr(out)1 thr(in)16 conc_peak=13 pread=7.617s
DBG getmany L52 nw=12 wall=0.706s thr(out)1 thr(in)16 conc_peak=12 pread=7.575s
DBG getmany L53 nw=13 wall=0.722s thr(out)1 thr(in)16 conc_peak=13 pread=8.535s
DBG getmany L54 nw=14 wall=0.554s thr(out)1 thr(in)16 conc_peak=14 pread=5.990s
DBG getmany L55 nw=13 wall=0.735s thr(out)1 thr(in)16 conc_peak=13 pread=7.624s
DBG getmany L56 nw=15 wall=0.754s thr(out)1 thr(in)16 conc_peak=15 pread=10.321s
DBG getmany L57 nw=15 wall=0.762s thr(out)1 thr(in)16 conc_peak=15 pread=10.115s
DBG getmany L58 nw=10 wall=3.025s thr(out)1 thr(in)16 conc_peak=10 pread=16.195s
DBG getmany L59 nw=10 wall=9.062s thr(out)1 thr(in)16 conc_peak=10 pread=43.362s
DBG getmany L60 nw=13 wall=0.757s thr(out)1 thr(in)16 conc_peak=13 pread=8.888s
DBG getmany L61 nw=14 wall=0.733s thr(out)1 thr(in)16 conc_peak=11 pread=8.660s
DBG getmany L62 nw=10 wall=0.497s thr(out)1 thr(in)16 conc_peak=10 pread=3.846s
DBG getmany L63 nw=14 wall=0.749s thr(out)1 thr(in)16 conc_peak=13 pread=7.165s
DBG getmany L64 nw=12 wall=0.729s thr(out)1 thr(in)16 conc_peak=12 pread=8.289s
DBG getmany L65 nw=13 wall=0.718s thr(out)1 thr(in)16 conc_peak=13 pread=8.881s
DBG getmany L66 nw=13 wall=0.547s thr(out)1 thr(in)16 conc_peak=13 pread=5.237s
DBG getmany L67 nw=14 wall=0.768s thr(out)1 thr(in)16 conc_peak=14 pread=9.261s
DBG getmany L68 nw=15 wall=0.722s thr(out)1 thr(in)16 conc_peak=15 pread=10.219s
DBG getmany L69 nw=10 wall=0.703s thr(out)1 thr(in)16 conc_peak=10 pread=5.864s
DBG getmany L70 nw=8 wall=0.460s thr(out)1 thr(in)16 conc_peak=8 pread=2.733s
DBG getmany L71 nw=13 wall=0.774s thr(out)1 thr(in)16 conc_peak=13 pread=7.974s
DBG getmany L72 nw=12 wall=0.733s thr(out)1 thr(in)16 conc_peak=12 pread=7.022s
DBG getmany L73 nw=12 wall=0.728s thr(out)1 thr(in)16 conc_peak=12 pread=6.617s
DBG getmany L74 nw=9 wall=0.482s thr(out)1 thr(in)16 conc_peak=9 pread=3.779s
DBG getmany L75 nw=8 wall=0.594s thr(out)1 thr(in)16 conc_peak=8 pread=3.101s
DBG getmany L76 nw=13 wall=0.657s thr(out)1 thr(in)16 conc_peak=13 pread=7.523s
DBG getmany L77 nw=9 wall=0.551s thr(out)1 thr(in)16 conc_peak=9 pread=3.495s
DBG getmany L78 nw=10 wall=0.510s thr(out)1 thr(in)16 conc_peak=10 pread=3.600s
DBG getmany L79 nw=9 wall=0.670s thr(out)1 thr(in)16 conc_peak=8 pread=3.976s
DBG getmany L80 nw=13 wall=0.677s thr(out)1 thr(in)16 conc_peak=13 pread=8.053s
DBG getmany L81 nw=14 wall=0.762s thr(out)1 thr(in)16 conc_peak=14 pread=10.154s
DBG getmany L82 nw=13 wall=0.554s thr(out)1 thr(in)16 conc_peak=13 pread=6.363s
DBG getmany L83 nw=12 wall=0.699s thr(out)1 thr(in)16 conc_peak=11 pread=7.503s
DBG getmany L84 nw=13 wall=0.741s thr(out)1 thr(in)16 conc_peak=13 pread=9.188s
DBG getmany L85 nw=13 wall=0.738s thr(out)1 thr(in)16 conc_peak=13 pread=6.695s
DBG getmany L86 nw=12 wall=0.537s thr(out)1 thr(in)16 conc_peak=12 pread=4.965s
DBG getmany L87 nw=9 wall=0.670s thr(out)1 thr(in)16 conc_peak=7 pread=4.304s
DBG getmany L88 nw=13 wall=0.729s thr(out)1 thr(in)16 conc_peak=13 pread=6.497s
DBG getmany L89 nw=10 wall=0.710s thr(out)1 thr(in)16 conc_peak=10 pread=4.911s
DBG getmany L90 nw=10 wall=0.508s thr(out)1 thr(in)16 conc_peak=10 pread=4.570s
DBG getmany L91 nw=9 wall=0.478s thr(out)1 thr(in)16 conc_peak=9 pread=3.319s
DBG getmany L92 nw=12 wall=0.171s thr(out)1 thr(in)16 conc_peak=12 pread=1.237s
5      15         77.19        100.0      20.13      0.013
  L2   resident=6779/14589 slots hit=100.0% read=139.96GB write=0.00GB
DBG getmany L1 nw=14 wall=0.201s thr(out)1 thr(in)16 conc_peak=14 pread=1.607s
DBG getmany L2 nw=12 wall=0.177s thr(out)1 thr(in)16 conc_peak=10 pread=1.206s
DBG getmany L3 nw=10 wall=0.148s thr(out)1 thr(in)16 conc_peak=10 pread=0.856s
DBG getmany L4 nw=12 wall=0.179s thr(out)1 thr(in)16 conc_peak=12 pread=1.300s
DBG getmany L5 nw=7 wall=0.106s thr(out)1 thr(in)16 conc_peak=7 pread=0.432s
DBG getmany L6 nw=15 wall=0.215s thr(out)1 thr(in)16 conc_peak=15 pread=1.801s
DBG getmany L7 nw=14 wall=0.203s thr(out)1 thr(in)16 conc_peak=14 pread=1.582s
DBG getmany L8 nw=14 wall=0.202s thr(out)1 thr(in)16 conc_peak=12 pread=1.679s
DBG getmany L9 nw=12 wall=0.182s thr(out)1 thr(in)16 conc_peak=9 pread=1.249s
DBG getmany L10 nw=10 wall=0.144s thr(out)1 thr(in)16 conc_peak=9 pread=0.818s
DBG getmany L11 nw=12 wall=0.174s thr(out)1 thr(in)16 conc_peak=12 pread=1.234s
DBG getmany L12 nw=13 wall=0.194s thr(out)1 thr(in)16 conc_peak=13 pread=1.401s
DBG getmany L13 nw=13 wall=0.201s thr(out)1 thr(in)16 conc_peak=13 pread=1.450s
DBG getmany L14 nw=16 wall=0.240s thr(out)1 thr(in)16 conc_peak=16 pread=2.188s
DBG getmany L15 nw=14 wall=0.210s thr(out)1 thr(in)16 conc_peak=14 pread=1.751s
DBG getmany L16 nw=11 wall=0.165s thr(out)1 thr(in)16 conc_peak=9 pread=1.016s
DBG getmany L17 nw=13 wall=0.189s thr(out)1 thr(in)16 conc_peak=13 pread=1.536s
DBG getmany L18 nw=12 wall=0.178s thr(out)1 thr(in)16 conc_peak=12 pread=1.267s
DBG getmany L19 nw=14 wall=0.211s thr(out)1 thr(in)16 conc_peak=14 pread=1.619s
DBG getmany L20 nw=10 wall=0.152s thr(out)1 thr(in)16 conc_peak=10 pread=0.871s
DBG getmany L21 nw=13 wall=0.657s thr(out)1 thr(in)16 conc_peak=13 pread=6.990s
DBG getmany L22 nw=10 wall=0.503s thr(out)1 thr(in)16 conc_peak=10 pread=3.926s
DBG getmany L23 nw=12 wall=0.671s thr(out)1 thr(in)16 conc_peak=12 pread=5.840s
DBG getmany L24 nw=15 wall=0.812s thr(out)1 thr(in)16 conc_peak=15 pread=7.587s
DBG getmany L25 nw=13 wall=0.742s thr(out)1 thr(in)16 conc_peak=13 pread=9.156s
DBG getmany L26 nw=13 wall=0.534s thr(out)1 thr(in)16 conc_peak=13 pread=5.817s
DBG getmany L27 nw=15 wall=0.722s thr(out)1 thr(in)16 conc_peak=15 pread=6.318s
DBG getmany L28 nw=14 wall=0.673s thr(out)1 thr(in)16 conc_peak=14 pread=8.910s
DBG getmany L29 nw=14 wall=0.742s thr(out)1 thr(in)16 conc_peak=14 pread=9.891s
DBG getmany L30 nw=11 wall=0.530s thr(out)1 thr(in)16 conc_peak=11 pread=5.067s
DBG getmany L31 nw=13 wall=0.734s thr(out)1 thr(in)16 conc_peak=13 pread=6.121s
DBG getmany L32 nw=11 wall=0.699s thr(out)1 thr(in)16 conc_peak=11 pread=6.468s
DBG getmany L33 nw=14 wall=0.780s thr(out)1 thr(in)16 conc_peak=14 pread=9.292s
DBG getmany L34 nw=14 wall=0.561s thr(out)1 thr(in)16 conc_peak=14 pread=6.877s
DBG getmany L35 nw=11 wall=0.710s thr(out)1 thr(in)16 conc_peak=11 pread=6.179s
DBG getmany L36 nw=14 wall=0.750s thr(out)1 thr(in)16 conc_peak=14 pread=7.149s
DBG getmany L37 nw=14 wall=0.738s thr(out)1 thr(in)16 conc_peak=14 pread=6.575s
DBG getmany L38 nw=11 wall=0.490s thr(out)1 thr(in)16 conc_peak=9 pread=3.818s
DBG getmany L39 nw=14 wall=0.743s thr(out)1 thr(in)16 conc_peak=14 pread=8.189s
DBG getmany L40 nw=13 wall=0.731s thr(out)1 thr(in)16 conc_peak=13 pread=8.115s
DBG getmany L41 nw=9 wall=0.656s thr(out)1 thr(in)16 conc_peak=9 pread=4.889s
DBG getmany L42 nw=8 wall=0.478s thr(out)1 thr(in)16 conc_peak=8 pread=2.711s
DBG getmany L43 nw=9 wall=0.718s thr(out)1 thr(in)16 conc_peak=9 pread=3.737s
DBG getmany L44 nw=12 wall=0.737s thr(out)1 thr(in)16 conc_peak=10 pread=8.397s
DBG getmany L45 nw=10 wall=0.448s thr(out)1 thr(in)16 conc_peak=8 pread=3.408s
DBG getmany L46 nw=10 wall=0.501s thr(out)1 thr(in)16 conc_peak=10 pread=3.803s
DBG getmany L47 nw=11 wall=0.697s thr(out)1 thr(in)16 conc_peak=11 pread=6.584s
DBG getmany L48 nw=13 wall=0.711s thr(out)1 thr(in)16 conc_peak=13 pread=7.547s
DBG getmany L49 nw=15 wall=0.785s thr(out)1 thr(in)16 conc_peak=15 pread=11.282s
DBG getmany L50 nw=12 wall=0.515s thr(out)1 thr(in)16 conc_peak=12 pread=4.634s
DBG getmany L51 nw=11 wall=0.690s thr(out)1 thr(in)16 conc_peak=11 pread=6.254s
DBG getmany L52 nw=13 wall=0.702s thr(out)1 thr(in)16 conc_peak=13 pread=8.330s
DBG getmany L53 nw=12 wall=0.719s thr(out)1 thr(in)16 conc_peak=12 pread=7.441s
DBG getmany L54 nw=12 wall=0.513s thr(out)1 thr(in)16 conc_peak=12 pread=5.375s
DBG getmany L55 nw=12 wall=0.716s thr(out)1 thr(in)16 conc_peak=12 pread=7.551s
DBG getmany L56 nw=11 wall=0.626s thr(out)1 thr(in)16 conc_peak=11 pread=4.147s
DBG getmany L57 nw=14 wall=0.758s thr(out)1 thr(in)16 conc_peak=14 pread=8.587s
DBG getmany L58 nw=10 wall=0.514s thr(out)1 thr(in)16 conc_peak=10 pread=4.382s
DBG getmany L59 nw=9 wall=0.693s thr(out)1 thr(in)16 conc_peak=9 pread=5.409s
DBG getmany L60 nw=12 wall=0.739s thr(out)1 thr(in)16 conc_peak=12 pread=8.015s
DBG getmany L61 nw=12 wall=0.702s thr(out)1 thr(in)16 conc_peak=11 pread=7.317s
DBG getmany L62 nw=13 wall=0.480s thr(out)1 thr(in)16 conc_peak=13 pread=5.300s
DBG getmany L63 nw=12 wall=0.738s thr(out)1 thr(in)16 conc_peak=12 pread=4.791s
DBG getmany L64 nw=12 wall=0.676s thr(out)1 thr(in)16 conc_peak=12 pread=7.519s
DBG getmany L65 nw=11 wall=0.698s thr(out)1 thr(in)16 conc_peak=11 pread=6.903s
DBG getmany L66 nw=10 wall=0.505s thr(out)1 thr(in)16 conc_peak=10 pread=4.521s
DBG getmany L67 nw=13 wall=0.645s thr(out)1 thr(in)16 conc_peak=13 pread=5.418s
DBG getmany L68 nw=12 wall=4.300s thr(out)1 thr(in)16 conc_peak=12 pread=29.505s
DBG getmany L69 nw=12 wall=7.956s thr(out)1 thr(in)16 conc_peak=12 pread=71.542s
DBG getmany L70 nw=10 wall=0.495s thr(out)1 thr(in)16 conc_peak=10 pread=4.464s
DBG getmany L71 nw=10 wall=0.688s thr(out)1 thr(in)16 conc_peak=10 pread=5.337s
DBG getmany L72 nw=11 wall=0.716s thr(out)1 thr(in)16 conc_peak=10 pread=6.715s
DBG getmany L73 nw=13 wall=0.741s thr(out)1 thr(in)16 conc_peak=13 pread=7.662s
DBG getmany L74 nw=7 wall=0.512s thr(out)1 thr(in)16 conc_peak=4 pread=2.842s
DBG getmany L75 nw=8 wall=0.683s thr(out)1 thr(in)16 conc_peak=8 pread=2.294s
DBG getmany L76 nw=10 wall=0.657s thr(out)1 thr(in)16 conc_peak=10 pread=3.634s
DBG getmany L77 nw=9 wall=0.659s thr(out)1 thr(in)16 conc_peak=9 pread=4.033s
DBG getmany L78 nw=11 wall=0.512s thr(out)1 thr(in)16 conc_peak=11 pread=4.657s
DBG getmany L79 nw=9 wall=0.583s thr(out)1 thr(in)16 conc_peak=9 pread=4.175s
DBG getmany L80 nw=10 wall=0.666s thr(out)1 thr(in)16 conc_peak=9 pread=4.500s
DBG getmany L81 nw=13 wall=0.749s thr(out)1 thr(in)16 conc_peak=9 pread=9.232s
DBG getmany L82 nw=11 wall=0.521s thr(out)1 thr(in)16 conc_peak=11 pread=4.561s
DBG getmany L83 nw=11 wall=0.723s thr(out)1 thr(in)16 conc_peak=7 pread=6.243s
DBG getmany L84 nw=12 wall=0.553s thr(out)1 thr(in)16 conc_peak=12 pread=5.025s
DBG getmany L85 nw=10 wall=0.697s thr(out)1 thr(in)16 conc_peak=10 pread=4.818s
DBG getmany L86 nw=11 wall=0.514s thr(out)1 thr(in)16 conc_peak=10 pread=4.355s
DBG getmany L87 nw=9 wall=0.598s thr(out)1 thr(in)16 conc_peak=9 pread=3.553s
DBG getmany L88 nw=11 wall=0.592s thr(out)1 thr(in)16 conc_peak=11 pread=5.246s
DBG getmany L89 nw=7 wall=0.683s thr(out)1 thr(in)16 conc_peak=7 pread=4.033s
DBG getmany L90 nw=8 wall=0.438s thr(out)1 thr(in)16 conc_peak=8 pread=3.120s
DBG getmany L91 nw=8 wall=0.468s thr(out)1 thr(in)16 conc_peak=8 pread=3.559s
DBG getmany L92 nw=11 wall=0.156s thr(out)1 thr(in)16 conc_peak=11 pread=0.988s
6      3629       75.77        99.9       18.79      0.013
  L2   resident=6779/14589 slots hit=100.0% read=158.72GB write=0.00GB
DBG getmany L1 nw=15 wall=0.216s thr(out)1 thr(in)16 conc_peak=15 pread=1.866s
DBG getmany L2 nw=14 wall=0.207s thr(out)1 thr(in)16 conc_peak=14 pread=1.747s
DBG getmany L3 nw=10 wall=0.147s thr(out)1 thr(in)16 conc_peak=9 pread=0.848s
DBG getmany L4 nw=14 wall=0.207s thr(out)1 thr(in)16 conc_peak=14 pread=1.757s
DBG getmany L5 nw=13 wall=0.190s thr(out)1 thr(in)16 conc_peak=13 pread=1.530s
DBG getmany L6 nw=15 wall=0.219s thr(out)1 thr(in)16 conc_peak=15 pread=1.864s
DBG getmany L7 nw=15 wall=0.215s thr(out)1 thr(in)16 conc_peak=15 pread=1.829s
DBG getmany L8 nw=15 wall=0.219s thr(out)1 thr(in)16 conc_peak=15 pread=1.833s
DBG getmany L9 nw=15 wall=0.213s thr(out)1 thr(in)16 conc_peak=15 pread=1.868s
DBG getmany L10 nw=12 wall=0.169s thr(out)1 thr(in)16 conc_peak=12 pread=1.200s
DBG getmany L11 nw=13 wall=0.186s thr(out)1 thr(in)16 conc_peak=13 pread=1.402s
DBG getmany L12 nw=13 wall=0.184s thr(out)1 thr(in)16 conc_peak=13 pread=1.354s
DBG getmany L13 nw=15 wall=0.215s thr(out)1 thr(in)16 conc_peak=15 pread=1.946s
DBG getmany L14 nw=16 wall=0.238s thr(out)1 thr(in)16 conc_peak=16 pread=2.147s
DBG getmany L15 nw=15 wall=0.218s thr(out)1 thr(in)16 conc_peak=15 pread=2.039s
DBG getmany L16 nw=14 wall=0.212s thr(out)1 thr(in)16 conc_peak=13 pread=1.694s
DBG getmany L17 nw=13 wall=0.189s thr(out)1 thr(in)16 conc_peak=13 pread=1.386s
DBG getmany L18 nw=11 wall=0.168s thr(out)1 thr(in)16 conc_peak=11 pread=1.180s
DBG getmany L19 nw=15 wall=0.221s thr(out)1 thr(in)16 conc_peak=15 pread=1.873s
DBG getmany L20 nw=12 wall=0.172s thr(out)1 thr(in)16 conc_peak=12 pread=1.220s
DBG getmany L21 nw=14 wall=0.745s thr(out)1 thr(in)16 conc_peak=14 pread=9.632s
DBG getmany L22 nw=14 wall=0.568s thr(out)1 thr(in)16 conc_peak=13 pread=7.162s
DBG getmany L23 nw=14 wall=0.715s thr(out)1 thr(in)16 conc_peak=14 pread=6.184s
DBG getmany L24 nw=15 wall=0.823s thr(out)1 thr(in)16 conc_peak=15 pread=10.328s
DBG getmany L25 nw=13 wall=0.747s thr(out)1 thr(in)16 conc_peak=13 pread=8.371s
DBG getmany L26 nw=14 wall=0.556s thr(out)1 thr(in)16 conc_peak=12 pread=6.790s
DBG getmany L27 nw=16 wall=0.731s thr(out)1 thr(in)16 conc_peak=16 pread=10.185s
DBG getmany L28 nw=15 wall=0.687s thr(out)1 thr(in)16 conc_peak=15 pread=7.229s
DBG getmany L29 nw=13 wall=0.616s thr(out)1 thr(in)16 conc_peak=13 pread=5.316s
DBG getmany L30 nw=12 wall=0.540s thr(out)1 thr(in)16 conc_peak=12 pread=5.253s
DBG getmany L31 nw=15 wall=0.744s thr(out)1 thr(in)16 conc_peak=15 pread=9.323s
DBG getmany L32 nw=12 wall=0.711s thr(out)1 thr(in)16 conc_peak=12 pread=7.936s
DBG getmany L33 nw=14 wall=0.794s thr(out)1 thr(in)16 conc_peak=14 pread=9.980s
DBG getmany L34 nw=13 wall=0.529s thr(out)1 thr(in)16 conc_peak=13 pread=6.060s
DBG getmany L35 nw=13 wall=0.757s thr(out)1 thr(in)16 conc_peak=13 pread=9.043s
DBG getmany L36 nw=13 wall=0.735s thr(out)1 thr(in)16 conc_peak=13 pread=8.811s
DBG getmany L37 nw=14 wall=0.738s thr(out)1 thr(in)16 conc_peak=14 pread=9.384s
DBG getmany L38 nw=12 wall=0.493s thr(out)1 thr(in)16 conc_peak=12 pread=4.608s
DBG getmany L39 nw=13 wall=0.726s thr(out)1 thr(in)16 conc_peak=13 pread=8.184s
DBG getmany L40 nw=13 wall=0.716s thr(out)1 thr(in)16 conc_peak=8 pread=7.317s
DBG getmany L41 nw=11 wall=0.691s thr(out)1 thr(in)16 conc_peak=10 pread=4.871s
DBG getmany L42 nw=9 wall=0.483s thr(out)1 thr(in)16 conc_peak=9 pread=3.592s
DBG getmany L43 nw=10 wall=0.733s thr(out)1 thr(in)16 conc_peak=10 pread=5.461s
DBG getmany L44 nw=13 wall=0.746s thr(out)1 thr(in)16 conc_peak=13 pread=8.655s
DBG getmany L45 nw=14 wall=0.756s thr(out)1 thr(in)16 conc_peak=14 pread=10.044s
DBG getmany L46 nw=13 wall=0.555s thr(out)1 thr(in)16 conc_peak=13 pread=5.813s
DBG getmany L47 nw=13 wall=0.718s thr(out)1 thr(in)16 conc_peak=13 pread=8.646s
DBG getmany L48 nw=12 wall=0.694s thr(out)1 thr(in)16 conc_peak=12 pread=7.507s
DBG getmany L49 nw=15 wall=0.764s thr(out)1 thr(in)16 conc_peak=15 pread=9.295s
DBG getmany L50 nw=14 wall=0.558s thr(out)1 thr(in)16 conc_peak=13 pread=6.992s
DBG getmany L51 nw=12 wall=0.708s thr(out)1 thr(in)16 conc_peak=12 pread=5.570s
DBG getmany L52 nw=12 wall=0.677s thr(out)1 thr(in)16 conc_peak=12 pread=6.785s
DBG getmany L53 nw=13 wall=0.723s thr(out)1 thr(in)16 conc_peak=13 pread=8.548s
DBG getmany L54 nw=12 wall=0.537s thr(out)1 thr(in)16 conc_peak=12 pread=5.889s
DBG getmany L55 nw=15 wall=0.759s thr(out)1 thr(in)16 conc_peak=15 pread=9.742s
DBG getmany L56 nw=13 wall=0.588s thr(out)1 thr(in)16 conc_peak=13 pread=5.923s
DBG getmany L57 nw=16 wall=0.787s thr(out)1 thr(in)16 conc_peak=16 pread=11.036s
DBG getmany L58 nw=11 wall=0.530s thr(out)1 thr(in)16 conc_peak=10 pread=5.069s
DBG getmany L59 nw=11 wall=0.716s thr(out)1 thr(in)16 conc_peak=11 pread=7.099s
DBG getmany L60 nw=13 wall=0.745s thr(out)1 thr(in)16 conc_peak=13 pread=8.954s
DBG getmany L61 nw=15 wall=0.611s thr(out)1 thr(in)16 conc_peak=15 pread=6.906s
DBG getmany L62 nw=12 wall=0.514s thr(out)1 thr(in)16 conc_peak=11 pread=5.495s
DBG getmany L63 nw=13 wall=0.733s thr(out)1 thr(in)16 conc_peak=13 pread=9.037s
DBG getmany L64 nw=13 wall=0.734s thr(out)1 thr(in)16 conc_peak=13 pread=7.961s
DBG getmany L65 nw=13 wall=0.716s thr(out)1 thr(in)16 conc_peak=13 pread=7.939s
DBG getmany L66 nw=13 wall=0.494s thr(out)1 thr(in)16 conc_peak=13 pread=4.798s
DBG getmany L67 nw=13 wall=0.741s thr(out)1 thr(in)16 conc_peak=13 pread=8.759s
DBG getmany L68 nw=15 wall=0.736s thr(out)1 thr(in)16 conc_peak=15 pread=9.649s
DBG getmany L69 nw=13 wall=0.742s thr(out)1 thr(in)16 conc_peak=13 pread=8.815s
DBG getmany L70 nw=12 wall=0.510s thr(out)1 thr(in)16 conc_peak=12 pread=4.898s
DBG getmany L71 nw=13 wall=0.793s thr(out)1 thr(in)16 conc_peak=13 pread=7.523s
DBG getmany L72 nw=12 wall=0.727s thr(out)1 thr(in)16 conc_peak=12 pread=7.912s
DBG getmany L73 nw=14 wall=0.750s thr(out)1 thr(in)16 conc_peak=14 pread=7.700s
DBG getmany L74 nw=9 wall=0.487s thr(out)1 thr(in)16 conc_peak=6 pread=4.055s
DBG getmany L75 nw=11 wall=0.702s thr(out)1 thr(in)16 conc_peak=11 pread=6.229s
DBG getmany L76 nw=11 wall=0.669s thr(out)1 thr(in)16 conc_peak=9 pread=5.423s
DBG getmany L77 nw=12 wall=0.723s thr(out)1 thr(in)16 conc_peak=12 pread=7.392s
DBG getmany L78 nw=12 wall=0.521s thr(out)1 thr(in)16 conc_peak=12 pread=5.098s
DBG getmany L79 nw=10 wall=0.691s thr(out)1 thr(in)16 conc_peak=10 pread=3.516s
DBG getmany L80 nw=14 wall=0.700s thr(out)1 thr(in)16 conc_peak=14 pread=7.482s
DBG getmany L81 nw=15 wall=0.766s thr(out)1 thr(in)16 conc_peak=14 pread=9.260s
DBG getmany L82 nw=13 wall=0.535s thr(out)1 thr(in)16 conc_peak=13 pread=6.129s
DBG getmany L83 nw=11 wall=0.709s thr(out)1 thr(in)16 conc_peak=11 pread=6.792s
DBG getmany L84 nw=15 wall=0.747s thr(out)1 thr(in)16 conc_peak=15 pread=10.334s
DBG getmany L85 nw=13 wall=0.745s thr(out)1 thr(in)16 conc_peak=13 pread=7.017s
DBG getmany L86 nw=13 wall=0.529s thr(out)1 thr(in)16 conc_peak=13 pread=5.641s
DBG getmany L87 nw=11 wall=0.646s thr(out)1 thr(in)16 conc_peak=11 pread=5.708s
DBG getmany L88 nw=13 wall=0.734s thr(out)1 thr(in)16 conc_peak=13 pread=8.199s
DBG getmany L89 nw=9 wall=0.703s thr(out)1 thr(in)16 conc_peak=9 pread=5.087s
DBG getmany L90 nw=11 wall=0.509s thr(out)1 thr(in)16 conc_peak=10 pread=4.750s
DBG getmany L91 nw=11 wall=0.521s thr(out)1 thr(in)16 conc_peak=11 pread=3.910s
DBG getmany L92 nw=14 wall=0.208s thr(out)1 thr(in)16 conc_peak=14 pread=1.589s
7      1389       66.66        100.0      21.02      0.015
  L2   resident=6779/14589 slots hit=100.0% read=179.74GB write=0.00GB
[trace] wrote 2224 events to /mnt/f/kimi-k3-in-c/reports/gateab_ab/v29_clean-20260928_154147/trace.csv
--------------------------------------------------------------------
8 tokens in 614.5 s, 76.82 s/token average
PEAK RSS for the whole run: 37.17 GB   <- quote this, not the plan
layers completed: 93/93; routed expert drops: 0


[chip] simulated MXFP4 GEMV bill over 9 tokens
  11776 expert chains | 777925951488 flops | 206636580864 bytes (206.64 GB)
  per token: 1308 chains | 22.96 GB | 0.09 Gflops
  compute wall @ 4 TFLOPS : 0.19 s (21.61 ms/token)
  bandwidth wall @ 200 GB/s : 1.03 s (114.80 ms/token)
  -> bandwidth-bound; to be compute-bound at 4 TFLOPS this needs 1062 GB/s
  expert fetch (host wall, measured): 471.58 s moving 206.64 GB = 0 GB/s
  chip pool wall (measured): 58.49 s

cache [final step]
  slots        : 854 of 17.56 MB = 14.99 GB arena (854 resident, 0 pinned)
  requests     : 1472  hits 1472 (100.00%)  misses 0  evictions 1198
  of those hits : 1198 came from the batch prefetch, i.e. read from disk
                  this token; TRUE resident hit rate 18.61%
  read from disk: 21.02 GB in 51.79 s (406 MB/s while loading)
  phase2 i/o    : 21.03 GB in 51.79 s (406 MB/s)  [pure parallel disk read]
l2cache [final step]
  requests     : 10243  hits 10243 (100.00%)  misses 0
  read  from sdd7: 179.74 GB, written 0.00 GB
  hit I/O   : 179.74 GB in 466.52 s (wall) = 385 MB/s [pread 5241.63 s, 34 MB/s per-thread]
  miss I/O  : 0 misses, 0.00 GB from /model in 0.00 s (wall) = 0 MB/s
  restored from meta: 6779 slots

wrote /mnt/f/kimi-k3-in-c/reports/gateab_ab/v29_clean-20260928_154147/ctrl.json
I/O share of wall clock: 150.9%  (trunk 457.4 s + experts 470.2 s of 614.5 s)
  both figures are WHOLE-RUN totals over 8 steps
  over 100% because trunk reads overlap compute on the reader thread;
  313.0 s of device time was hidden behind arithmetic
  experts, whole run: 180.11 GB read | 2366 of 11776 requests retained in RAM (20.09%) | 9410 evictions
    (retention = requests - evictions; the raw `hits` counter includes
     experts the prefetcher had just read from disk, so it is not a
     measure of avoided I/O)

trunk [final]
  pinned 22/93 layers, ring 2 slots
  binds 744, hits 154 (20.7%), reads 590
  read 349.03 GB in 457.38 s (763 MB/s pread)
  per-layer loads [L]=count: 0=1 1=1 2=1 3=1 4=1 5=1 6=1 7=1 8=1 9=1 10=1 11=1 12=1 13=1 14=1 15=1 16=1 17=1 18=1 19=1 20=1 21=1 22=8 23=8 24=8 25=8 26=8 27=8 28=8 29=8 30=8 31=8 32=8 33=8 34=8 35=8 36=8 37=8 38=8 39=8 40=8 41=8 42=8 43=8 44=8 45=8 46=8 47=8 48=8 49=8 50=8 51=8 52=8 53=8 54=8 55=8 56=8 57=8 58=8 59=8 60=8 61=8 62=8 63=8 64=8 65=8 66=8 67=8 68=8 69=8 70=8 71=8 72=8 73=8 74=8 75=8 76=8 77=8 78=8 79=8 80=8 81=8 82=8 83=8 84=8 85=8 86=8 87=8 88=8 89=8 90=8 91=8 92=8
  bind wall 28.22 s over 744 binds; read 457.38 + widen 3.01 = 460.39 s of device work,
                    of which 432.18 s (94%) overlapped compute on the reader thread
  widen breakdown: find 9 ms (19640)  copy 0 ms (9184)  deq 2992 ms (6320)  timed 3 s of widen 3.01 s
TIME_ELAPSED=643.36
