L2 auto: 209 GB free on /mnt/nvme -> L2 at 256 GB
k3 chip: 4 workers, 4 TFLOPS, 200 GB/s simulated wall
DBG getmany L1 nw=16 wall=0.207s thr(out)1 thr(in)16 conc_peak=16 pread=2.169s
DBG getmany L2 nw=16 wall=0.202s thr(out)1 thr(in)16 conc_peak=16 pread=2.142s
DBG getmany L3 nw=16 wall=0.196s thr(out)1 thr(in)16 conc_peak=16 pread=2.065s
DBG getmany L4 nw=16 wall=0.188s thr(out)1 thr(in)16 conc_peak=16 pread=2.079s
DBG getmany L5 nw=16 wall=0.197s thr(out)1 thr(in)16 conc_peak=16 pread=2.069s
DBG getmany L6 nw=16 wall=0.198s thr(out)1 thr(in)16 conc_peak=16 pread=2.171s
DBG getmany L7 nw=16 wall=0.199s thr(out)1 thr(in)16 conc_peak=16 pread=2.184s
DBG getmany L8 nw=16 wall=0.203s thr(out)1 thr(in)16 conc_peak=16 pread=2.163s
DBG getmany L9 nw=16 wall=0.197s thr(out)1 thr(in)16 conc_peak=16 pread=2.101s
DBG getmany L10 nw=16 wall=0.203s thr(out)1 thr(in)16 conc_peak=16 pread=2.111s
DBG getmany L11 nw=16 wall=0.203s thr(out)1 thr(in)16 conc_peak=16 pread=2.256s
DBG getmany L12 nw=16 wall=0.203s thr(out)1 thr(in)16 conc_peak=16 pread=2.175s
DBG getmany L13 nw=16 wall=0.212s thr(out)1 thr(in)16 conc_peak=16 pread=2.340s
DBG getmany L14 nw=16 wall=0.200s thr(out)1 thr(in)16 conc_peak=16 pread=2.012s
DBG getmany L15 nw=16 wall=0.211s thr(out)1 thr(in)16 conc_peak=16 pread=2.343s
DBG getmany L16 nw=16 wall=0.219s thr(out)1 thr(in)16 conc_peak=16 pread=2.316s
DBG getmany L17 nw=16 wall=0.259s thr(out)1 thr(in)16 conc_peak=16 pread=2.633s
DBG getmany L18 nw=16 wall=0.254s thr(out)1 thr(in)16 conc_peak=16 pread=3.300s
DBG getmany L19 nw=16 wall=0.392s thr(out)1 thr(in)16 conc_peak=16 pread=5.173s
DBG getmany L20 nw=16 wall=0.353s thr(out)1 thr(in)16 conc_peak=16 pread=4.538s
DBG getmany L21 nw=16 wall=0.364s thr(out)1 thr(in)16 conc_peak=16 pread=4.333s
DBG getmany L22 nw=16 wall=0.241s thr(out)1 thr(in)16 conc_peak=16 pread=2.840s
DBG getmany L23 nw=16 wall=0.399s thr(out)1 thr(in)16 conc_peak=16 pread=5.058s
DBG getmany L24 nw=16 wall=0.439s thr(out)1 thr(in)16 conc_peak=16 pread=4.533s
DBG getmany L25 nw=16 wall=0.428s thr(out)1 thr(in)16 conc_peak=16 pread=5.058s
DBG getmany L26 nw=16 wall=0.264s thr(out)1 thr(in)16 conc_peak=16 pread=3.470s
DBG getmany L27 nw=16 wall=0.410s thr(out)1 thr(in)16 conc_peak=16 pread=4.733s
DBG getmany L28 nw=16 wall=0.344s thr(out)1 thr(in)16 conc_peak=16 pread=4.147s
DBG getmany L29 nw=16 wall=0.386s thr(out)1 thr(in)16 conc_peak=16 pread=5.223s
DBG getmany L30 nw=16 wall=0.272s thr(out)1 thr(in)16 conc_peak=16 pread=3.460s
DBG getmany L31 nw=16 wall=0.491s thr(out)1 thr(in)16 conc_peak=16 pread=6.101s
DBG getmany L32 nw=16 wall=0.431s thr(out)1 thr(in)16 conc_peak=16 pread=4.706s
DBG getmany L33 nw=16 wall=0.452s thr(out)1 thr(in)16 conc_peak=16 pread=5.344s
DBG getmany L34 nw=16 wall=0.286s thr(out)1 thr(in)16 conc_peak=16 pread=3.764s
DBG getmany L35 nw=16 wall=0.509s thr(out)1 thr(in)16 conc_peak=16 pread=6.785s
DBG getmany L36 nw=16 wall=0.456s thr(out)1 thr(in)16 conc_peak=16 pread=5.674s
DBG getmany L37 nw=16 wall=0.416s thr(out)1 thr(in)16 conc_peak=16 pread=5.370s
DBG getmany L38 nw=16 wall=0.271s thr(out)1 thr(in)16 conc_peak=16 pread=3.549s
DBG getmany L39 nw=16 wall=0.506s thr(out)1 thr(in)16 conc_peak=16 pread=5.709s
DBG getmany L40 nw=16 wall=0.416s thr(out)1 thr(in)16 conc_peak=16 pread=5.453s
DBG getmany L41 nw=16 wall=0.375s thr(out)1 thr(in)16 conc_peak=16 pread=5.324s
DBG getmany L42 nw=16 wall=0.277s thr(out)1 thr(in)16 conc_peak=16 pread=3.557s
DBG getmany L43 nw=16 wall=0.509s thr(out)1 thr(in)16 conc_peak=16 pread=6.572s
DBG getmany L44 nw=16 wall=0.420s thr(out)1 thr(in)16 conc_peak=16 pread=4.940s
DBG getmany L45 nw=16 wall=0.427s thr(out)1 thr(in)16 conc_peak=16 pread=5.559s
DBG getmany L46 nw=16 wall=0.314s thr(out)1 thr(in)16 conc_peak=16 pread=4.043s
DBG getmany L47 nw=16 wall=0.503s thr(out)1 thr(in)16 conc_peak=16 pread=6.282s
DBG getmany L48 nw=16 wall=0.463s thr(out)1 thr(in)16 conc_peak=16 pread=5.791s
DBG getmany L49 nw=16 wall=0.457s thr(out)1 thr(in)16 conc_peak=16 pread=5.547s
DBG getmany L50 nw=16 wall=0.322s thr(out)1 thr(in)16 conc_peak=16 pread=3.981s
DBG getmany L51 nw=16 wall=0.511s thr(out)1 thr(in)16 conc_peak=16 pread=6.216s
DBG getmany L52 nw=16 wall=0.439s thr(out)1 thr(in)16 conc_peak=16 pread=5.356s
DBG getmany L53 nw=16 wall=0.451s thr(out)1 thr(in)16 conc_peak=16 pread=5.767s
DBG getmany L54 nw=16 wall=0.360s thr(out)1 thr(in)16 conc_peak=16 pread=5.003s
DBG getmany L55 nw=16 wall=0.497s thr(out)1 thr(in)16 conc_peak=16 pread=6.841s
DBG getmany L56 nw=16 wall=0.490s thr(out)1 thr(in)16 conc_peak=16 pread=6.010s
DBG getmany L57 nw=16 wall=0.431s thr(out)1 thr(in)16 conc_peak=16 pread=5.983s
DBG getmany L58 nw=16 wall=0.306s thr(out)1 thr(in)16 conc_peak=16 pread=3.936s
DBG getmany L59 nw=16 wall=0.488s thr(out)1 thr(in)16 conc_peak=16 pread=6.309s
DBG getmany L60 nw=16 wall=0.441s thr(out)1 thr(in)16 conc_peak=16 pread=6.059s
DBG getmany L61 nw=16 wall=0.474s thr(out)1 thr(in)16 conc_peak=16 pread=5.271s
DBG getmany L62 nw=16 wall=0.323s thr(out)1 thr(in)16 conc_peak=16 pread=4.154s
DBG getmany L63 nw=16 wall=0.436s thr(out)1 thr(in)16 conc_peak=16 pread=5.213s
DBG getmany L64 nw=16 wall=0.461s thr(out)1 thr(in)16 conc_peak=16 pread=5.595s
DBG getmany L65 nw=16 wall=0.452s thr(out)1 thr(in)16 conc_peak=16 pread=4.888s
DBG getmany L66 nw=16 wall=0.315s thr(out)1 thr(in)16 conc_peak=16 pread=3.859s
DBG getmany L67 nw=16 wall=0.513s thr(out)1 thr(in)16 conc_peak=16 pread=7.232s
DBG getmany L68 nw=16 wall=0.454s thr(out)1 thr(in)16 conc_peak=16 pread=5.791s
DBG getmany L69 nw=16 wall=0.445s thr(out)1 thr(in)16 conc_peak=16 pread=5.463s
DBG getmany L70 nw=16 wall=0.325s thr(out)1 thr(in)16 conc_peak=16 pread=3.978s
DBG getmany L71 nw=16 wall=0.514s thr(out)1 thr(in)16 conc_peak=16 pread=6.503s
DBG getmany L72 nw=16 wall=0.432s thr(out)1 thr(in)16 conc_peak=16 pread=5.212s
DBG getmany L73 nw=16 wall=0.468s thr(out)1 thr(in)16 conc_peak=16 pread=6.385s
DBG getmany L74 nw=16 wall=0.319s thr(out)1 thr(in)16 conc_peak=16 pread=4.000s
DBG getmany L75 nw=16 wall=0.542s thr(out)1 thr(in)16 conc_peak=16 pread=6.324s
DBG getmany L76 nw=16 wall=0.410s thr(out)1 thr(in)16 conc_peak=16 pread=4.954s
DBG getmany L77 nw=16 wall=0.460s thr(out)1 thr(in)16 conc_peak=16 pread=5.216s
DBG getmany L78 nw=16 wall=0.329s thr(out)1 thr(in)16 conc_peak=16 pread=4.340s
DBG getmany L79 nw=16 wall=4.571s thr(out)1 thr(in)16 conc_peak=16 pread=56.673s
DBG getmany L80 nw=16 wall=6.795s thr(out)1 thr(in)16 conc_peak=16 pread=105.372s
DBG getmany L81 nw=16 wall=8.929s thr(out)1 thr(in)16 conc_peak=16 pread=138.995s
DBG getmany L82 nw=16 wall=7.514s thr(out)1 thr(in)16 conc_peak=16 pread=101.631s
DBG getmany L83 nw=16 wall=0.491s thr(out)1 thr(in)16 conc_peak=16 pread=6.698s
DBG getmany L84 nw=16 wall=0.404s thr(out)1 thr(in)16 conc_peak=16 pread=5.100s
DBG getmany L85 nw=16 wall=0.453s thr(out)1 thr(in)16 conc_peak=16 pread=5.189s
DBG getmany L86 nw=16 wall=0.274s thr(out)1 thr(in)16 conc_peak=16 pread=3.770s
DBG getmany L87 nw=16 wall=0.474s thr(out)1 thr(in)16 conc_peak=16 pread=6.990s
DBG getmany L88 nw=16 wall=0.430s thr(out)1 thr(in)16 conc_peak=16 pread=5.670s
DBG getmany L89 nw=16 wall=0.350s thr(out)1 thr(in)16 conc_peak=16 pread=4.240s
DBG getmany L90 nw=16 wall=0.283s thr(out)1 thr(in)16 conc_peak=16 pread=3.582s
DBG getmany L91 nw=16 wall=0.352s thr(out)1 thr(in)16 conc_peak=16 pread=4.496s
DBG getmany L92 nw=16 wall=0.158s thr(out)1 thr(in)16 conc_peak=16 pread=1.586s
config: /model/config.json (nested shape) | hidden=7168 layers=93 vocab=163840 | 24 MLA + 69 KDA | experts 896 top16 shared2 | latent=3584
  KV cache : 23.70 MB for 10 positions (2.37 MB/position)
Kimi K3, pure C, released checkpoint
  model    : /model
  prompt   : 1 tokens, generating 8

indexed 497220 tensors from 96 shards in 14.05 s
trunk on disk : 110.00 GB total (STREAMED from /mnt/nvme/trunk_layers_out, not held in RAM)

memory plan
  trunk (STREAMED) 26.00 GB
  embed + lm_head  4.70 GB
  expert cache     23.00 GB
  recurrent state  626.25 MB
  buffers          8.02 MB
  KV cache         23.65 MB
  TOTAL            54.36 GB
  available        57.81 GB

k3_trunk: trunk.bin absent - using per-layer slices (layer_%03d.bin)
trunk stream: 56.60 GB packed, 17/93 layers PINNED (23.00 GB), ring 2 x 1.30 GB
              reads use buffered I/O
              ring holds 2 slots: layers repeat over ~2 tokens, so recent ones are reused instead of re-read
trunk streaming enabled from /mnt/nvme/trunk_layers_out in 0.0 s
embedding, final norm and lm_head: 4.70 GB in 10.2 s

expert L1 eviction policy: heat
expert L2 cache enabled: 14589 slots x 17.55 MB = 256.00 GB on /mnt/nvme/experts.l2
expert L2 eviction policy: heat
peak RSS after loading weights: 4.78 GB  (the plan above is a forecast, this is measured)
expert cache: 1310 slots x 17.56 MB = 23.00 GB (1.59% of the 1.45 TB expert pool)

recurrent state for 93 layers: 626.25 MB

incremental decode: KV cache 23.65 MB for 24 MLA layers at 10 positions

STEP   TOKEN      SECONDS      CACHE HIT  READ GB    TOK/S
--------------------------------------------------------------------
0      220        133.23       100.0      25.83      0.008
  L2   resident=6779/14589 slots hit=100.0% read=25.83GB write=0.00GB
DBG getmany L1 nw=16 wall=0.174s thr(out)1 thr(in)16 conc_peak=16 pread=1.710s
DBG getmany L2 nw=16 wall=0.167s thr(out)1 thr(in)16 conc_peak=16 pread=1.573s
DBG getmany L3 nw=16 wall=0.159s thr(out)1 thr(in)16 conc_peak=16 pread=1.537s
DBG getmany L4 nw=16 wall=0.160s thr(out)1 thr(in)16 conc_peak=16 pread=1.502s
DBG getmany L5 nw=16 wall=0.161s thr(out)1 thr(in)16 conc_peak=16 pread=1.671s
DBG getmany L6 nw=16 wall=0.170s thr(out)1 thr(in)16 conc_peak=16 pread=1.435s
DBG getmany L7 nw=16 wall=0.159s thr(out)1 thr(in)16 conc_peak=16 pread=1.363s
DBG getmany L8 nw=16 wall=0.156s thr(out)1 thr(in)16 conc_peak=16 pread=1.463s
DBG getmany L9 nw=16 wall=0.153s thr(out)1 thr(in)16 conc_peak=16 pread=1.448s
DBG getmany L10 nw=16 wall=0.156s thr(out)1 thr(in)16 conc_peak=16 pread=1.490s
DBG getmany L11 nw=16 wall=0.160s thr(out)1 thr(in)16 conc_peak=16 pread=1.471s
DBG getmany L12 nw=16 wall=0.158s thr(out)1 thr(in)16 conc_peak=16 pread=1.516s
DBG getmany L13 nw=16 wall=0.162s thr(out)1 thr(in)16 conc_peak=16 pread=1.671s
DBG getmany L14 nw=16 wall=0.160s thr(out)1 thr(in)16 conc_peak=16 pread=1.456s
DBG getmany L15 nw=16 wall=0.153s thr(out)1 thr(in)16 conc_peak=16 pread=1.389s
DBG getmany L16 nw=16 wall=0.329s thr(out)1 thr(in)16 conc_peak=16 pread=4.055s
DBG getmany L17 nw=16 wall=0.328s thr(out)1 thr(in)16 conc_peak=16 pread=4.222s
DBG getmany L18 nw=16 wall=0.224s thr(out)1 thr(in)16 conc_peak=16 pread=2.813s
DBG getmany L19 nw=16 wall=0.397s thr(out)1 thr(in)16 conc_peak=16 pread=5.065s
DBG getmany L20 nw=16 wall=0.332s thr(out)1 thr(in)16 conc_peak=16 pread=4.568s
DBG getmany L21 nw=16 wall=0.373s thr(out)1 thr(in)16 conc_peak=16 pread=5.045s
DBG getmany L22 nw=16 wall=0.228s thr(out)1 thr(in)16 conc_peak=16 pread=2.770s
DBG getmany L23 nw=16 wall=0.400s thr(out)1 thr(in)16 conc_peak=16 pread=5.685s
DBG getmany L24 nw=16 wall=0.446s thr(out)1 thr(in)16 conc_peak=16 pread=6.492s
DBG getmany L25 nw=16 wall=0.418s thr(out)1 thr(in)16 conc_peak=16 pread=6.161s
DBG getmany L26 nw=16 wall=0.278s thr(out)1 thr(in)16 conc_peak=16 pread=3.530s
DBG getmany L27 nw=16 wall=0.402s thr(out)1 thr(in)16 conc_peak=16 pread=5.646s
DBG getmany L28 nw=16 wall=0.348s thr(out)1 thr(in)16 conc_peak=16 pread=5.045s
DBG getmany L29 nw=16 wall=0.397s thr(out)1 thr(in)16 conc_peak=16 pread=5.636s
DBG getmany L30 nw=16 wall=0.291s thr(out)1 thr(in)16 conc_peak=16 pread=4.234s
DBG getmany L31 nw=16 wall=0.451s thr(out)1 thr(in)16 conc_peak=16 pread=6.025s
DBG getmany L32 nw=16 wall=0.426s thr(out)1 thr(in)16 conc_peak=16 pread=5.992s
DBG getmany L33 nw=16 wall=0.341s thr(out)1 thr(in)16 conc_peak=16 pread=4.666s
DBG getmany L34 nw=16 wall=0.216s thr(out)1 thr(in)16 conc_peak=16 pread=2.416s
DBG getmany L35 nw=16 wall=0.509s thr(out)1 thr(in)16 conc_peak=16 pread=6.513s
DBG getmany L36 nw=16 wall=0.461s thr(out)1 thr(in)16 conc_peak=16 pread=5.409s
DBG getmany L37 nw=16 wall=0.396s thr(out)1 thr(in)16 conc_peak=16 pread=5.857s
DBG getmany L38 nw=16 wall=0.284s thr(out)1 thr(in)16 conc_peak=16 pread=3.804s
DBG getmany L39 nw=16 wall=0.457s thr(out)1 thr(in)16 conc_peak=16 pread=6.644s
DBG getmany L40 nw=16 wall=0.430s thr(out)1 thr(in)16 conc_peak=16 pread=5.440s
DBG getmany L41 nw=16 wall=0.407s thr(out)1 thr(in)16 conc_peak=16 pread=4.752s
DBG getmany L42 nw=16 wall=0.289s thr(out)1 thr(in)16 conc_peak=16 pread=3.694s
DBG getmany L43 nw=16 wall=0.493s thr(out)1 thr(in)16 conc_peak=16 pread=6.878s
DBG getmany L44 nw=16 wall=0.376s thr(out)1 thr(in)16 conc_peak=16 pread=4.525s
DBG getmany L45 nw=16 wall=0.425s thr(out)1 thr(in)16 conc_peak=16 pread=5.354s
DBG getmany L46 nw=16 wall=0.315s thr(out)1 thr(in)16 conc_peak=16 pread=4.138s
DBG getmany L47 nw=16 wall=0.526s thr(out)1 thr(in)16 conc_peak=16 pread=7.331s
DBG getmany L48 nw=16 wall=0.460s thr(out)1 thr(in)16 conc_peak=16 pread=6.111s
DBG getmany L49 nw=16 wall=0.468s thr(out)1 thr(in)16 conc_peak=16 pread=6.503s
DBG getmany L50 nw=16 wall=0.318s thr(out)1 thr(in)16 conc_peak=16 pread=4.543s
DBG getmany L51 nw=16 wall=0.534s thr(out)1 thr(in)16 conc_peak=16 pread=7.484s
DBG getmany L52 nw=16 wall=0.430s thr(out)1 thr(in)16 conc_peak=16 pread=5.436s
DBG getmany L53 nw=16 wall=0.444s thr(out)1 thr(in)16 conc_peak=16 pread=6.533s
DBG getmany L54 nw=16 wall=0.318s thr(out)1 thr(in)16 conc_peak=16 pread=4.496s
DBG getmany L55 nw=16 wall=0.415s thr(out)1 thr(in)16 conc_peak=16 pread=5.009s
DBG getmany L56 nw=16 wall=0.421s thr(out)1 thr(in)16 conc_peak=16 pread=5.874s
DBG getmany L57 nw=16 wall=0.416s thr(out)1 thr(in)16 conc_peak=16 pread=5.925s
DBG getmany L58 nw=16 wall=0.285s thr(out)1 thr(in)16 conc_peak=16 pread=3.836s
DBG getmany L59 nw=16 wall=0.503s thr(out)1 thr(in)16 conc_peak=16 pread=7.202s
DBG getmany L60 nw=16 wall=0.434s thr(out)1 thr(in)16 conc_peak=16 pread=5.006s
DBG getmany L61 nw=16 wall=0.440s thr(out)1 thr(in)16 conc_peak=16 pread=6.084s
DBG getmany L62 nw=16 wall=0.305s thr(out)1 thr(in)16 conc_peak=16 pread=3.811s
DBG getmany L63 nw=16 wall=0.521s thr(out)1 thr(in)16 conc_peak=16 pread=6.819s
DBG getmany L64 nw=16 wall=0.446s thr(out)1 thr(in)16 conc_peak=16 pread=6.423s
DBG getmany L65 nw=16 wall=0.444s thr(out)1 thr(in)16 conc_peak=16 pread=5.792s
DBG getmany L66 nw=16 wall=0.295s thr(out)1 thr(in)16 conc_peak=16 pread=4.172s
DBG getmany L67 nw=16 wall=0.482s thr(out)1 thr(in)16 conc_peak=16 pread=6.579s
DBG getmany L68 nw=16 wall=0.392s thr(out)1 thr(in)16 conc_peak=16 pread=4.686s
DBG getmany L69 nw=16 wall=0.359s thr(out)1 thr(in)16 conc_peak=16 pread=4.417s
DBG getmany L70 nw=16 wall=0.274s thr(out)1 thr(in)16 conc_peak=16 pread=3.473s
DBG getmany L71 nw=16 wall=0.515s thr(out)1 thr(in)16 conc_peak=16 pread=7.129s
DBG getmany L72 nw=16 wall=0.415s thr(out)1 thr(in)16 conc_peak=16 pread=5.366s
DBG getmany L73 nw=16 wall=0.352s thr(out)1 thr(in)16 conc_peak=16 pread=4.519s
DBG getmany L74 nw=16 wall=0.259s thr(out)1 thr(in)16 conc_peak=16 pread=3.358s
DBG getmany L75 nw=16 wall=0.511s thr(out)1 thr(in)16 conc_peak=16 pread=7.351s
DBG getmany L76 nw=16 wall=0.420s thr(out)1 thr(in)16 conc_peak=16 pread=4.643s
DBG getmany L77 nw=16 wall=0.453s thr(out)1 thr(in)16 conc_peak=16 pread=6.380s
DBG getmany L78 nw=16 wall=0.294s thr(out)1 thr(in)16 conc_peak=16 pread=3.465s
DBG getmany L79 nw=16 wall=0.374s thr(out)1 thr(in)16 conc_peak=16 pread=4.837s
DBG getmany L80 nw=16 wall=0.392s thr(out)1 thr(in)16 conc_peak=16 pread=5.090s
DBG getmany L81 nw=16 wall=0.433s thr(out)1 thr(in)16 conc_peak=16 pread=4.737s
DBG getmany L82 nw=16 wall=0.307s thr(out)1 thr(in)16 conc_peak=16 pread=4.058s
DBG getmany L83 nw=16 wall=0.496s thr(out)1 thr(in)16 conc_peak=16 pread=6.399s
DBG getmany L84 nw=16 wall=0.443s thr(out)1 thr(in)16 conc_peak=16 pread=6.093s
DBG getmany L85 nw=16 wall=0.394s thr(out)1 thr(in)16 conc_peak=16 pread=3.964s
DBG getmany L86 nw=16 wall=0.293s thr(out)1 thr(in)16 conc_peak=16 pread=3.980s
DBG getmany L87 nw=16 wall=0.431s thr(out)1 thr(in)16 conc_peak=16 pread=5.425s
DBG getmany L88 nw=16 wall=0.423s thr(out)1 thr(in)16 conc_peak=16 pread=5.957s
DBG getmany L89 nw=16 wall=0.452s thr(out)1 thr(in)16 conc_peak=16 pread=6.240s
DBG getmany L90 nw=16 wall=0.298s thr(out)1 thr(in)16 conc_peak=16 pread=3.749s
DBG getmany L91 nw=16 wall=0.323s thr(out)1 thr(in)16 conc_peak=16 pread=4.557s
DBG getmany L92 nw=16 wall=0.166s thr(out)1 thr(in)16 conc_peak=16 pread=1.659s
1      802        92.27        100.0      25.83      0.011
  L2   resident=6779/14589 slots hit=100.0% read=51.66GB write=0.00GB
DBG getmany L1 nw=16 wall=0.156s thr(out)1 thr(in)16 conc_peak=16 pread=1.394s
DBG getmany L2 nw=15 wall=0.161s thr(out)1 thr(in)16 conc_peak=15 pread=1.364s
DBG getmany L3 nw=13 wall=0.129s thr(out)1 thr(in)16 conc_peak=13 pread=1.041s
DBG getmany L4 nw=15 wall=0.144s thr(out)1 thr(in)16 conc_peak=15 pread=1.235s
DBG getmany L5 nw=16 wall=0.170s thr(out)1 thr(in)16 conc_peak=16 pread=1.611s
DBG getmany L6 nw=15 wall=0.146s thr(out)1 thr(in)16 conc_peak=15 pread=1.243s
DBG getmany L7 nw=15 wall=0.151s thr(out)1 thr(in)16 conc_peak=15 pread=1.442s
DBG getmany L8 nw=16 wall=0.155s thr(out)1 thr(in)16 conc_peak=16 pread=1.412s
DBG getmany L9 nw=15 wall=0.145s thr(out)1 thr(in)16 conc_peak=15 pread=1.234s
DBG getmany L10 nw=15 wall=0.147s thr(out)1 thr(in)16 conc_peak=15 pread=1.314s
DBG getmany L11 nw=15 wall=0.145s thr(out)1 thr(in)16 conc_peak=15 pread=1.311s
DBG getmany L12 nw=15 wall=0.148s thr(out)1 thr(in)16 conc_peak=15 pread=1.305s
DBG getmany L13 nw=16 wall=0.160s thr(out)1 thr(in)16 conc_peak=16 pread=1.443s
DBG getmany L14 nw=15 wall=0.145s thr(out)1 thr(in)16 conc_peak=15 pread=1.341s
DBG getmany L15 nw=16 wall=0.155s thr(out)1 thr(in)16 conc_peak=16 pread=1.401s
DBG getmany L16 nw=15 wall=0.318s thr(out)1 thr(in)16 conc_peak=15 pread=4.050s
DBG getmany L17 nw=16 wall=0.398s thr(out)1 thr(in)16 conc_peak=16 pread=5.707s
DBG getmany L18 nw=16 wall=0.250s thr(out)1 thr(in)16 conc_peak=16 pread=3.261s
DBG getmany L19 nw=16 wall=0.376s thr(out)1 thr(in)16 conc_peak=16 pread=4.907s
DBG getmany L20 nw=16 wall=0.335s thr(out)1 thr(in)16 conc_peak=16 pread=4.831s
DBG getmany L21 nw=16 wall=0.380s thr(out)1 thr(in)16 conc_peak=16 pread=5.417s
DBG getmany L22 nw=16 wall=0.164s thr(out)1 thr(in)16 conc_peak=16 pread=1.511s
DBG getmany L23 nw=15 wall=0.410s thr(out)1 thr(in)16 conc_peak=15 pread=5.391s
DBG getmany L24 nw=13 wall=0.417s thr(out)1 thr(in)16 conc_peak=12 pread=3.865s
DBG getmany L25 nw=15 wall=0.423s thr(out)1 thr(in)16 conc_peak=15 pread=5.026s
DBG getmany L26 nw=15 wall=0.286s thr(out)1 thr(in)16 conc_peak=15 pread=3.606s
DBG getmany L27 nw=16 wall=0.369s thr(out)1 thr(in)16 conc_peak=16 pread=4.019s
DBG getmany L28 nw=15 wall=0.342s thr(out)1 thr(in)16 conc_peak=15 pread=4.527s
DBG getmany L29 nw=16 wall=0.406s thr(out)1 thr(in)16 conc_peak=16 pread=5.368s
DBG getmany L30 nw=16 wall=0.282s thr(out)1 thr(in)16 conc_peak=16 pread=3.709s
DBG getmany L31 nw=16 wall=12.906s thr(out)1 thr(in)16 conc_peak=16 pread=180.466s
DBG getmany L32 nw=14 wall=0.308s thr(out)1 thr(in)16 conc_peak=14 pread=3.698s
DBG getmany L33 nw=15 wall=0.446s thr(out)1 thr(in)16 conc_peak=15 pread=5.505s
DBG getmany L34 nw=16 wall=0.287s thr(out)1 thr(in)16 conc_peak=16 pread=3.684s
DBG getmany L35 nw=16 wall=0.478s thr(out)1 thr(in)16 conc_peak=16 pread=6.899s
DBG getmany L36 nw=14 wall=0.424s thr(out)1 thr(in)16 conc_peak=14 pread=5.371s
DBG getmany L37 nw=16 wall=0.641s thr(out)1 thr(in)16 conc_peak=16 pread=6.638s
DBG getmany L38 nw=16 wall=0.447s thr(out)1 thr(in)16 conc_peak=16 pread=5.469s
DBG getmany L39 nw=16 wall=0.694s thr(out)1 thr(in)16 conc_peak=16 pread=9.957s
DBG getmany L40 nw=16 wall=0.666s thr(out)1 thr(in)16 conc_peak=16 pread=9.070s
DBG getmany L41 nw=16 wall=0.523s thr(out)1 thr(in)16 conc_peak=16 pread=6.677s
DBG getmany L42 nw=16 wall=0.473s thr(out)1 thr(in)16 conc_peak=16 pread=6.363s
DBG getmany L43 nw=16 wall=0.670s thr(out)1 thr(in)16 conc_peak=16 pread=9.152s
DBG getmany L44 nw=16 wall=0.618s thr(out)1 thr(in)16 conc_peak=16 pread=8.799s
DBG getmany L45 nw=16 wall=0.565s thr(out)1 thr(in)16 conc_peak=16 pread=7.687s
DBG getmany L46 nw=15 wall=0.340s thr(out)1 thr(in)16 conc_peak=15 pread=4.300s
DBG getmany L47 nw=15 wall=0.573s thr(out)1 thr(in)16 conc_peak=15 pread=6.569s
DBG getmany L48 nw=15 wall=0.490s thr(out)1 thr(in)16 conc_peak=15 pread=6.768s
DBG getmany L49 nw=15 wall=0.646s thr(out)1 thr(in)16 conc_peak=15 pread=8.538s
DBG getmany L50 nw=16 wall=0.458s thr(out)1 thr(in)16 conc_peak=16 pread=5.827s
DBG getmany L51 nw=16 wall=0.908s thr(out)1 thr(in)16 conc_peak=16 pread=9.837s
DBG getmany L52 nw=16 wall=10.713s thr(out)1 thr(in)16 conc_peak=16 pread=151.648s
DBG getmany L53 nw=15 wall=0.643s thr(out)1 thr(in)16 conc_peak=15 pread=8.551s
DBG getmany L54 nw=16 wall=0.466s thr(out)1 thr(in)16 conc_peak=16 pread=6.090s
DBG getmany L55 nw=16 wall=0.596s thr(out)1 thr(in)16 conc_peak=16 pread=6.768s
DBG getmany L56 nw=16 wall=0.646s thr(out)1 thr(in)16 conc_peak=16 pread=7.548s
DBG getmany L57 nw=16 wall=0.652s thr(out)1 thr(in)16 conc_peak=16 pread=8.977s
DBG getmany L58 nw=16 wall=0.477s thr(out)1 thr(in)16 conc_peak=16 pread=6.106s
DBG getmany L59 nw=16 wall=0.733s thr(out)1 thr(in)16 conc_peak=16 pread=10.281s
DBG getmany L60 nw=16 wall=0.668s thr(out)1 thr(in)16 conc_peak=16 pread=9.508s
DBG getmany L61 nw=16 wall=0.643s thr(out)1 thr(in)16 conc_peak=16 pread=9.382s
DBG getmany L62 nw=16 wall=0.437s thr(out)1 thr(in)16 conc_peak=16 pread=5.628s
DBG getmany L63 nw=16 wall=0.736s thr(out)1 thr(in)16 conc_peak=16 pread=10.894s
DBG getmany L64 nw=16 wall=0.622s thr(out)1 thr(in)16 conc_peak=16 pread=8.197s
DBG getmany L65 nw=16 wall=0.635s thr(out)1 thr(in)16 conc_peak=16 pread=8.126s
DBG getmany L66 nw=16 wall=0.468s thr(out)1 thr(in)16 conc_peak=16 pread=6.014s
DBG getmany L67 nw=16 wall=0.729s thr(out)1 thr(in)16 conc_peak=16 pread=10.371s
DBG getmany L68 nw=16 wall=0.623s thr(out)1 thr(in)16 conc_peak=16 pread=7.021s
DBG getmany L69 nw=16 wall=0.659s thr(out)1 thr(in)16 conc_peak=16 pread=9.024s
DBG getmany L70 nw=16 wall=0.457s thr(out)1 thr(in)16 conc_peak=16 pread=6.045s
DBG getmany L71 nw=16 wall=0.742s thr(out)1 thr(in)16 conc_peak=16 pread=10.438s
DBG getmany L72 nw=16 wall=0.695s thr(out)1 thr(in)16 conc_peak=16 pread=6.314s
DBG getmany L73 nw=16 wall=0.658s thr(out)1 thr(in)16 conc_peak=16 pread=9.168s
DBG getmany L74 nw=16 wall=0.463s thr(out)1 thr(in)16 conc_peak=16 pread=6.124s
DBG getmany L75 nw=16 wall=0.705s thr(out)1 thr(in)16 conc_peak=16 pread=7.973s
DBG getmany L76 nw=16 wall=0.639s thr(out)1 thr(in)16 conc_peak=16 pread=7.997s
DBG getmany L77 nw=16 wall=0.671s thr(out)1 thr(in)16 conc_peak=16 pread=8.698s
DBG getmany L78 nw=16 wall=0.456s thr(out)1 thr(in)16 conc_peak=16 pread=5.764s
DBG getmany L79 nw=16 wall=0.693s thr(out)1 thr(in)16 conc_peak=16 pread=8.640s
DBG getmany L80 nw=16 wall=0.459s thr(out)1 thr(in)16 conc_peak=16 pread=6.353s
DBG getmany L81 nw=15 wall=0.622s thr(out)1 thr(in)16 conc_peak=15 pread=8.232s
DBG getmany L82 nw=16 wall=0.492s thr(out)1 thr(in)16 conc_peak=16 pread=6.044s
DBG getmany L83 nw=13 wall=0.661s thr(out)1 thr(in)16 conc_peak=13 pread=5.903s
DBG getmany L84 nw=13 wall=0.605s thr(out)1 thr(in)16 conc_peak=13 pread=6.499s
DBG getmany L85 nw=14 wall=0.617s thr(out)1 thr(in)16 conc_peak=13 pread=7.521s
DBG getmany L86 nw=16 wall=0.450s thr(out)1 thr(in)16 conc_peak=16 pread=5.807s
DBG getmany L87 nw=13 wall=0.648s thr(out)1 thr(in)16 conc_peak=13 pread=7.139s
DBG getmany L88 nw=15 wall=0.635s thr(out)1 thr(in)16 conc_peak=15 pread=7.857s
DBG getmany L89 nw=13 wall=0.630s thr(out)1 thr(in)16 conc_peak=13 pread=7.052s
DBG getmany L90 nw=12 wall=0.386s thr(out)1 thr(in)16 conc_peak=12 pread=3.367s
DBG getmany L91 nw=13 wall=0.473s thr(out)1 thr(in)16 conc_peak=13 pread=5.529s
DBG getmany L92 nw=13 wall=0.185s thr(out)1 thr(in)16 conc_peak=13 pread=1.421s
2      24         125.14       100.0      24.85      0.008
  L2   resident=6779/14589 slots hit=100.0% read=76.51GB write=0.00GB
DBG getmany L1 nw=15 wall=0.209s thr(out)1 thr(in)16 conc_peak=15 pread=1.821s
DBG getmany L2 nw=14 wall=0.200s thr(out)1 thr(in)16 conc_peak=14 pread=1.727s
DBG getmany L3 nw=12 wall=0.173s thr(out)1 thr(in)16 conc_peak=12 pread=1.212s
DBG getmany L4 nw=13 wall=0.182s thr(out)1 thr(in)16 conc_peak=13 pread=1.493s
DBG getmany L5 nw=15 wall=0.225s thr(out)1 thr(in)16 conc_peak=15 pread=2.052s
DBG getmany L6 nw=16 wall=0.229s thr(out)1 thr(in)16 conc_peak=16 pread=1.957s
DBG getmany L7 nw=15 wall=0.216s thr(out)1 thr(in)16 conc_peak=15 pread=2.015s
DBG getmany L8 nw=16 wall=0.230s thr(out)1 thr(in)16 conc_peak=16 pread=2.188s
DBG getmany L9 nw=12 wall=0.172s thr(out)1 thr(in)16 conc_peak=12 pread=1.207s
DBG getmany L10 nw=10 wall=0.144s thr(out)1 thr(in)16 conc_peak=10 pread=0.815s
DBG getmany L11 nw=13 wall=0.182s thr(out)1 thr(in)16 conc_peak=13 pread=1.357s
DBG getmany L12 nw=14 wall=0.203s thr(out)1 thr(in)16 conc_peak=14 pread=1.711s
DBG getmany L13 nw=13 wall=0.189s thr(out)1 thr(in)16 conc_peak=13 pread=1.431s
DBG getmany L14 nw=13 wall=0.183s thr(out)1 thr(in)16 conc_peak=13 pread=1.359s
DBG getmany L15 nw=14 wall=0.197s thr(out)1 thr(in)16 conc_peak=14 pread=1.725s
DBG getmany L16 nw=12 wall=0.499s thr(out)1 thr(in)16 conc_peak=12 pread=4.945s
DBG getmany L17 nw=14 wall=0.590s thr(out)1 thr(in)16 conc_peak=14 pread=5.921s
DBG getmany L18 nw=13 wall=0.427s thr(out)1 thr(in)16 conc_peak=13 pread=5.058s
DBG getmany L19 nw=13 wall=0.599s thr(out)1 thr(in)16 conc_peak=13 pread=6.750s
DBG getmany L20 nw=12 wall=0.531s thr(out)1 thr(in)16 conc_peak=12 pread=4.975s
DBG getmany L21 nw=15 wall=0.634s thr(out)1 thr(in)16 conc_peak=15 pread=8.777s
DBG getmany L22 nw=15 wall=0.434s thr(out)1 thr(in)16 conc_peak=15 pread=5.548s
DBG getmany L23 nw=12 wall=0.596s thr(out)1 thr(in)16 conc_peak=12 pread=6.088s
DBG getmany L24 nw=13 wall=0.659s thr(out)1 thr(in)16 conc_peak=12 pread=7.556s
DBG getmany L25 nw=16 wall=0.643s thr(out)1 thr(in)16 conc_peak=16 pread=8.796s
DBG getmany L26 nw=14 wall=0.439s thr(out)1 thr(in)16 conc_peak=14 pread=5.520s
DBG getmany L27 nw=16 wall=0.662s thr(out)1 thr(in)16 conc_peak=16 pread=9.230s
DBG getmany L28 nw=15 wall=0.584s thr(out)1 thr(in)16 conc_peak=15 pread=7.049s
DBG getmany L29 nw=14 wall=0.621s thr(out)1 thr(in)16 conc_peak=14 pread=7.244s
DBG getmany L30 nw=15 wall=0.466s thr(out)1 thr(in)16 conc_peak=15 pread=6.136s
DBG getmany L31 nw=15 wall=0.689s thr(out)1 thr(in)16 conc_peak=15 pread=9.364s
DBG getmany L32 nw=12 wall=0.579s thr(out)1 thr(in)16 conc_peak=12 pread=5.725s
DBG getmany L33 nw=13 wall=0.636s thr(out)1 thr(in)16 conc_peak=13 pread=7.119s
DBG getmany L34 nw=15 wall=0.456s thr(out)1 thr(in)16 conc_peak=15 pread=5.589s
DBG getmany L35 nw=14 wall=0.707s thr(out)1 thr(in)16 conc_peak=14 pread=8.470s
DBG getmany L36 nw=14 wall=0.518s thr(out)1 thr(in)16 conc_peak=14 pread=5.665s
DBG getmany L37 nw=15 wall=0.589s thr(out)1 thr(in)16 conc_peak=15 pread=6.280s
DBG getmany L38 nw=14 wall=0.408s thr(out)1 thr(in)16 conc_peak=14 pread=5.183s
DBG getmany L39 nw=14 wall=0.668s thr(out)1 thr(in)16 conc_peak=14 pread=7.635s
DBG getmany L40 nw=15 wall=0.634s thr(out)1 thr(in)16 conc_peak=15 pread=8.847s
DBG getmany L41 nw=14 wall=0.553s thr(out)1 thr(in)16 conc_peak=14 pread=6.280s
DBG getmany L42 nw=14 wall=0.433s thr(out)1 thr(in)16 conc_peak=14 pread=5.147s
DBG getmany L43 nw=16 wall=0.717s thr(out)1 thr(in)16 conc_peak=16 pread=10.496s
DBG getmany L44 nw=16 wall=0.646s thr(out)1 thr(in)16 conc_peak=16 pread=9.393s
DBG getmany L45 nw=15 wall=0.644s thr(out)1 thr(in)16 conc_peak=15 pread=9.173s
DBG getmany L46 nw=14 wall=0.431s thr(out)1 thr(in)16 conc_peak=14 pread=4.544s
DBG getmany L47 nw=14 wall=0.649s thr(out)1 thr(in)16 conc_peak=14 pread=7.800s
DBG getmany L48 nw=15 wall=0.602s thr(out)1 thr(in)16 conc_peak=15 pread=6.966s
DBG getmany L49 nw=15 wall=0.640s thr(out)1 thr(in)16 conc_peak=15 pread=9.102s
DBG getmany L50 nw=15 wall=0.453s thr(out)1 thr(in)16 conc_peak=15 pread=5.272s
DBG getmany L51 nw=14 wall=0.651s thr(out)1 thr(in)16 conc_peak=14 pread=8.439s
DBG getmany L52 nw=13 wall=0.584s thr(out)1 thr(in)16 conc_peak=13 pread=5.857s
DBG getmany L53 nw=14 wall=0.565s thr(out)1 thr(in)16 conc_peak=14 pread=7.057s
DBG getmany L54 nw=15 wall=0.436s thr(out)1 thr(in)16 conc_peak=15 pread=5.309s
DBG getmany L55 nw=13 wall=0.658s thr(out)1 thr(in)16 conc_peak=13 pread=6.809s
DBG getmany L56 nw=15 wall=0.628s thr(out)1 thr(in)16 conc_peak=15 pread=7.001s
DBG getmany L57 nw=16 wall=0.643s thr(out)1 thr(in)16 conc_peak=16 pread=8.780s
DBG getmany L58 nw=13 wall=0.422s thr(out)1 thr(in)16 conc_peak=13 pread=4.763s
DBG getmany L59 nw=13 wall=0.672s thr(out)1 thr(in)16 conc_peak=13 pread=8.302s
DBG getmany L60 nw=15 wall=0.634s thr(out)1 thr(in)16 conc_peak=15 pread=7.152s
DBG getmany L61 nw=15 wall=0.613s thr(out)1 thr(in)16 conc_peak=15 pread=6.444s
DBG getmany L62 nw=12 wall=0.367s thr(out)1 thr(in)16 conc_peak=8 pread=4.066s
DBG getmany L63 nw=13 wall=0.666s thr(out)1 thr(in)16 conc_peak=13 pread=6.902s
DBG getmany L64 nw=14 wall=0.615s thr(out)1 thr(in)16 conc_peak=14 pread=7.873s
DBG getmany L65 nw=12 wall=0.577s thr(out)1 thr(in)16 conc_peak=12 pread=4.930s
DBG getmany L66 nw=14 wall=0.425s thr(out)1 thr(in)16 conc_peak=14 pread=5.202s
DBG getmany L67 nw=14 wall=0.693s thr(out)1 thr(in)16 conc_peak=14 pread=8.051s
DBG getmany L68 nw=13 wall=0.548s thr(out)1 thr(in)16 conc_peak=13 pread=5.488s
DBG getmany L69 nw=13 wall=0.616s thr(out)1 thr(in)16 conc_peak=13 pread=5.767s
DBG getmany L70 nw=12 wall=0.389s thr(out)1 thr(in)16 conc_peak=11 pread=3.734s
DBG getmany L71 nw=14 wall=0.672s thr(out)1 thr(in)16 conc_peak=14 pread=7.607s
DBG getmany L72 nw=15 wall=0.646s thr(out)1 thr(in)16 conc_peak=15 pread=7.270s
DBG getmany L73 nw=16 wall=0.674s thr(out)1 thr(in)16 conc_peak=16 pread=9.784s
DBG getmany L74 nw=16 wall=0.450s thr(out)1 thr(in)16 conc_peak=16 pread=6.282s
DBG getmany L75 nw=16 wall=0.710s thr(out)1 thr(in)16 conc_peak=16 pread=8.428s
DBG getmany L76 nw=16 wall=0.615s thr(out)1 thr(in)16 conc_peak=16 pread=5.721s
DBG getmany L77 nw=13 wall=0.589s thr(out)1 thr(in)16 conc_peak=13 pread=5.518s
DBG getmany L78 nw=14 wall=0.433s thr(out)1 thr(in)16 conc_peak=14 pread=5.155s
DBG getmany L79 nw=14 wall=0.653s thr(out)1 thr(in)16 conc_peak=14 pread=6.213s
DBG getmany L80 nw=16 wall=0.616s thr(out)1 thr(in)16 conc_peak=16 pread=8.616s
DBG getmany L81 nw=14 wall=0.592s thr(out)1 thr(in)16 conc_peak=14 pread=7.450s
DBG getmany L82 nw=15 wall=0.464s thr(out)1 thr(in)16 conc_peak=15 pread=5.964s
DBG getmany L83 nw=13 wall=0.661s thr(out)1 thr(in)16 conc_peak=9 pread=7.067s
DBG getmany L84 nw=10 wall=0.576s thr(out)1 thr(in)16 conc_peak=10 pread=5.092s
DBG getmany L85 nw=13 wall=0.586s thr(out)1 thr(in)16 conc_peak=13 pread=6.498s
DBG getmany L86 nw=14 wall=0.425s thr(out)1 thr(in)16 conc_peak=14 pread=5.486s
DBG getmany L87 nw=13 wall=0.643s thr(out)1 thr(in)16 conc_peak=13 pread=7.432s
DBG getmany L88 nw=11 wall=0.512s thr(out)1 thr(in)16 conc_peak=9 pread=4.301s
DBG getmany L89 nw=14 wall=0.617s thr(out)1 thr(in)16 conc_peak=14 pread=7.709s
DBG getmany L90 nw=13 wall=0.425s thr(out)1 thr(in)16 conc_peak=13 pread=4.235s
DBG getmany L91 nw=12 wall=0.465s thr(out)1 thr(in)16 conc_peak=12 pread=4.541s
DBG getmany L92 nw=13 wall=0.182s thr(out)1 thr(in)16 conc_peak=12 pread=1.346s
3      12         105.39       100.0      22.48      0.009
  L2   resident=6779/14589 slots hit=100.0% read=98.98GB write=0.00GB
DBG getmany L1 nw=13 wall=0.179s thr(out)1 thr(in)16 conc_peak=11 pread=1.369s
DBG getmany L2 nw=10 wall=0.141s thr(out)1 thr(in)16 conc_peak=10 pread=0.800s
DBG getmany L3 nw=10 wall=0.139s thr(out)1 thr(in)16 conc_peak=9 pread=0.819s
DBG getmany L4 nw=10 wall=0.140s thr(out)1 thr(in)16 conc_peak=9 pread=0.852s
DBG getmany L5 nw=11 wall=0.153s thr(out)1 thr(in)16 conc_peak=11 pread=0.993s
DBG getmany L6 nw=16 wall=0.223s thr(out)1 thr(in)16 conc_peak=16 pread=2.026s
DBG getmany L7 nw=15 wall=0.211s thr(out)1 thr(in)16 conc_peak=15 pread=1.949s
DBG getmany L8 nw=15 wall=0.213s thr(out)1 thr(in)16 conc_peak=15 pread=1.889s
DBG getmany L9 nw=11 wall=0.155s thr(out)1 thr(in)16 conc_peak=11 pread=0.996s
DBG getmany L10 nw=12 wall=0.166s thr(out)1 thr(in)16 conc_peak=12 pread=1.120s
DBG getmany L11 nw=10 wall=0.140s thr(out)1 thr(in)16 conc_peak=10 pread=0.804s
DBG getmany L12 nw=13 wall=0.183s thr(out)1 thr(in)16 conc_peak=13 pread=1.388s
DBG getmany L13 nw=13 wall=0.187s thr(out)1 thr(in)16 conc_peak=13 pread=1.412s
DBG getmany L14 nw=13 wall=0.188s thr(out)1 thr(in)16 conc_peak=13 pread=1.385s
DBG getmany L15 nw=10 wall=0.141s thr(out)1 thr(in)16 conc_peak=10 pread=0.799s
DBG getmany L16 nw=11 wall=0.489s thr(out)1 thr(in)16 conc_peak=11 pread=3.763s
DBG getmany L17 nw=12 wall=0.471s thr(out)1 thr(in)16 conc_peak=12 pread=4.071s
DBG getmany L18 nw=13 wall=0.416s thr(out)1 thr(in)16 conc_peak=13 pread=4.738s
DBG getmany L19 nw=10 wall=0.566s thr(out)1 thr(in)16 conc_peak=10 pread=4.401s
DBG getmany L20 nw=12 wall=0.527s thr(out)1 thr(in)16 conc_peak=12 pread=5.605s
DBG getmany L21 nw=13 wall=0.622s thr(out)1 thr(in)16 conc_peak=13 pread=6.704s
DBG getmany L22 nw=10 wall=0.357s thr(out)1 thr(in)16 conc_peak=10 pread=3.131s
DBG getmany L23 nw=11 wall=0.566s thr(out)1 thr(in)16 conc_peak=9 pread=5.075s
DBG getmany L24 nw=10 wall=0.606s thr(out)1 thr(in)16 conc_peak=10 pread=4.248s
DBG getmany L25 nw=15 wall=0.642s thr(out)1 thr(in)16 conc_peak=15 pread=7.494s
DBG getmany L26 nw=12 wall=0.411s thr(out)1 thr(in)16 conc_peak=11 pread=4.339s
DBG getmany L27 nw=14 wall=0.629s thr(out)1 thr(in)16 conc_peak=14 pread=7.471s
DBG getmany L28 nw=15 wall=0.564s thr(out)1 thr(in)16 conc_peak=15 pread=7.235s
DBG getmany L29 nw=13 wall=0.603s thr(out)1 thr(in)16 conc_peak=13 pread=6.679s
DBG getmany L30 nw=13 wall=0.427s thr(out)1 thr(in)16 conc_peak=13 pread=4.267s
DBG getmany L31 nw=14 wall=0.669s thr(out)1 thr(in)16 conc_peak=14 pread=8.751s
DBG getmany L32 nw=12 wall=0.567s thr(out)1 thr(in)16 conc_peak=12 pread=6.284s
DBG getmany L33 nw=11 wall=0.620s thr(out)1 thr(in)16 conc_peak=11 pread=5.792s
DBG getmany L34 nw=15 wall=0.438s thr(out)1 thr(in)16 conc_peak=15 pread=5.442s
DBG getmany L35 nw=13 wall=0.681s thr(out)1 thr(in)16 conc_peak=13 pread=8.518s
DBG getmany L36 nw=13 wall=0.597s thr(out)1 thr(in)16 conc_peak=12 pread=6.460s
DBG getmany L37 nw=13 wall=0.604s thr(out)1 thr(in)16 conc_peak=12 pread=5.042s
DBG getmany L38 nw=11 wall=0.362s thr(out)1 thr(in)16 conc_peak=11 pread=3.533s
DBG getmany L39 nw=12 wall=0.634s thr(out)1 thr(in)16 conc_peak=12 pread=6.610s
DBG getmany L40 nw=12 wall=0.619s thr(out)1 thr(in)16 conc_peak=12 pread=6.504s
DBG getmany L41 nw=11 wall=0.572s thr(out)1 thr(in)16 conc_peak=10 pread=5.126s
DBG getmany L42 nw=7 wall=0.338s thr(out)1 thr(in)16 conc_peak=7 pread=1.848s
DBG getmany L43 nw=11 wall=0.648s thr(out)1 thr(in)16 conc_peak=11 pread=6.160s
DBG getmany L44 nw=13 wall=0.611s thr(out)1 thr(in)16 conc_peak=13 pread=6.695s
DBG getmany L45 nw=9 wall=0.576s thr(out)1 thr(in)16 conc_peak=8 pread=4.494s
DBG getmany L46 nw=10 wall=0.377s thr(out)1 thr(in)16 conc_peak=10 pread=3.294s
DBG getmany L47 nw=11 wall=0.594s thr(out)1 thr(in)16 conc_peak=11 pread=5.729s
DBG getmany L48 nw=11 wall=0.432s thr(out)1 thr(in)16 conc_peak=11 pread=3.542s
DBG getmany L49 nw=14 wall=0.626s thr(out)1 thr(in)16 conc_peak=14 pread=6.970s
DBG getmany L50 nw=12 wall=0.406s thr(out)1 thr(in)16 conc_peak=12 pread=4.473s
DBG getmany L51 nw=11 wall=0.614s thr(out)1 thr(in)16 conc_peak=11 pread=5.799s
DBG getmany L52 nw=12 wall=0.535s thr(out)1 thr(in)16 conc_peak=12 pread=5.606s
DBG getmany L53 nw=11 wall=0.563s thr(out)1 thr(in)16 conc_peak=11 pread=5.514s
DBG getmany L54 nw=12 wall=0.406s thr(out)1 thr(in)16 conc_peak=12 pread=4.035s
DBG getmany L55 nw=10 wall=0.620s thr(out)1 thr(in)16 conc_peak=10 pread=3.348s
DBG getmany L56 nw=11 wall=0.572s thr(out)1 thr(in)16 conc_peak=10 pread=5.468s
DBG getmany L57 nw=13 wall=0.608s thr(out)1 thr(in)16 conc_peak=13 pread=6.721s
DBG getmany L58 nw=10 wall=0.379s thr(out)1 thr(in)16 conc_peak=10 pread=3.219s
DBG getmany L59 nw=10 wall=0.437s thr(out)1 thr(in)16 conc_peak=9 pread=3.027s
DBG getmany L60 nw=11 wall=0.571s thr(out)1 thr(in)16 conc_peak=10 pread=5.679s
DBG getmany L61 nw=12 wall=0.576s thr(out)1 thr(in)16 conc_peak=12 pread=5.478s
DBG getmany L62 nw=10 wall=0.343s thr(out)1 thr(in)16 conc_peak=8 pread=2.586s
DBG getmany L63 nw=13 wall=0.515s thr(out)1 thr(in)16 conc_peak=13 pread=4.795s
DBG getmany L64 nw=11 wall=0.583s thr(out)1 thr(in)16 conc_peak=10 pread=5.602s
DBG getmany L65 nw=12 wall=0.480s thr(out)1 thr(in)16 conc_peak=10 pread=3.979s
DBG getmany L66 nw=12 wall=0.398s thr(out)1 thr(in)16 conc_peak=12 pread=3.723s
DBG getmany L67 nw=9 wall=0.633s thr(out)1 thr(in)16 conc_peak=9 pread=3.258s
DBG getmany L68 nw=12 wall=0.580s thr(out)1 thr(in)16 conc_peak=12 pread=5.240s
DBG getmany L69 nw=9 wall=0.542s thr(out)1 thr(in)16 conc_peak=7 pread=4.301s
DBG getmany L70 nw=8 wall=0.326s thr(out)1 thr(in)16 conc_peak=8 pread=2.353s
DBG getmany L71 nw=12 wall=0.695s thr(out)1 thr(in)16 conc_peak=12 pread=7.972s
DBG getmany L72 nw=11 wall=0.518s thr(out)1 thr(in)16 conc_peak=11 pread=4.388s
DBG getmany L73 nw=11 wall=0.586s thr(out)1 thr(in)16 conc_peak=10 pread=4.617s
DBG getmany L74 nw=9 wall=0.356s thr(out)1 thr(in)16 conc_peak=8 pread=2.761s
DBG getmany L75 nw=7 wall=0.566s thr(out)1 thr(in)16 conc_peak=7 pread=3.795s
DBG getmany L76 nw=11 wall=0.573s thr(out)1 thr(in)16 conc_peak=11 pread=5.703s
DBG getmany L77 nw=8 wall=0.534s thr(out)1 thr(in)16 conc_peak=8 pread=3.521s
DBG getmany L78 nw=9 wall=0.365s thr(out)1 thr(in)16 conc_peak=9 pread=2.806s
DBG getmany L79 nw=8 wall=0.596s thr(out)1 thr(in)16 conc_peak=7 pread=4.634s
DBG getmany L80 nw=11 wall=0.551s thr(out)1 thr(in)16 conc_peak=11 pread=5.545s
DBG getmany L81 nw=13 wall=0.606s thr(out)1 thr(in)16 conc_peak=13 pread=7.032s
DBG getmany L82 nw=12 wall=0.397s thr(out)1 thr(in)16 conc_peak=12 pread=4.274s
DBG getmany L83 nw=11 wall=0.648s thr(out)1 thr(in)16 conc_peak=11 pread=5.395s
DBG getmany L84 nw=10 wall=0.571s thr(out)1 thr(in)16 conc_peak=10 pread=4.753s
DBG getmany L85 nw=12 wall=0.582s thr(out)1 thr(in)16 conc_peak=12 pread=6.355s
DBG getmany L86 nw=12 wall=0.400s thr(out)1 thr(in)16 conc_peak=12 pread=4.380s
DBG getmany L87 nw=8 wall=0.559s thr(out)1 thr(in)16 conc_peak=8 pread=3.940s
DBG getmany L88 nw=11 wall=0.584s thr(out)1 thr(in)16 conc_peak=11 pread=5.715s
DBG getmany L89 nw=8 wall=0.557s thr(out)1 thr(in)16 conc_peak=8 pread=3.673s
DBG getmany L90 nw=8 wall=0.355s thr(out)1 thr(in)16 conc_peak=8 pread=2.407s
DBG getmany L91 nw=9 wall=0.377s thr(out)1 thr(in)16 conc_peak=7 pread=2.323s
DBG getmany L92 nw=14 wall=0.229s thr(out)1 thr(in)16 conc_peak=14 pread=1.996s
4      2975       101.60       100.0      18.34      0.010
  L2   resident=6779/14589 slots hit=100.0% read=117.32GB write=0.00GB
DBG getmany L1 nw=12 wall=0.176s thr(out)1 thr(in)16 conc_peak=12 pread=1.182s
DBG getmany L2 nw=11 wall=0.170s thr(out)1 thr(in)16 conc_peak=11 pread=1.068s
DBG getmany L3 nw=8 wall=0.118s thr(out)1 thr(in)16 conc_peak=6 pread=0.536s
DBG getmany L4 nw=12 wall=0.177s thr(out)1 thr(in)16 conc_peak=12 pread=1.296s
DBG getmany L5 nw=9 wall=0.137s thr(out)1 thr(in)16 conc_peak=9 pread=0.823s
DBG getmany L6 nw=15 wall=0.224s thr(out)1 thr(in)16 conc_peak=15 pread=1.916s
DBG getmany L7 nw=12 wall=0.173s thr(out)1 thr(in)16 conc_peak=12 pread=1.183s
DBG getmany L8 nw=12 wall=0.178s thr(out)1 thr(in)16 conc_peak=12 pread=1.208s
DBG getmany L9 nw=12 wall=0.176s thr(out)1 thr(in)16 conc_peak=12 pread=1.328s
DBG getmany L10 nw=8 wall=0.114s thr(out)1 thr(in)16 conc_peak=8 pread=0.576s
DBG getmany L11 nw=8 wall=0.121s thr(out)1 thr(in)16 conc_peak=8 pread=0.619s
DBG getmany L12 nw=8 wall=0.121s thr(out)1 thr(in)16 conc_peak=8 pread=0.552s
DBG getmany L13 nw=10 wall=0.159s thr(out)1 thr(in)16 conc_peak=10 pread=0.899s
DBG getmany L14 nw=13 wall=0.203s thr(out)1 thr(in)16 conc_peak=12 pread=1.545s
DBG getmany L15 nw=12 wall=0.185s thr(out)1 thr(in)16 conc_peak=12 pread=1.250s
DBG getmany L16 nw=11 wall=0.509s thr(out)1 thr(in)16 conc_peak=11 pread=3.885s
DBG getmany L17 nw=12 wall=0.572s thr(out)1 thr(in)16 conc_peak=12 pread=6.199s
DBG getmany L18 nw=9 wall=0.312s thr(out)1 thr(in)16 conc_peak=9 pread=2.465s
DBG getmany L19 nw=12 wall=0.466s thr(out)1 thr(in)16 conc_peak=12 pread=4.041s
DBG getmany L20 nw=7 wall=0.440s thr(out)1 thr(in)16 conc_peak=7 pread=2.749s
DBG getmany L21 nw=11 wall=0.579s thr(out)1 thr(in)16 conc_peak=11 pread=5.952s
DBG getmany L22 nw=11 wall=0.383s thr(out)1 thr(in)16 conc_peak=9 pread=3.253s
DBG getmany L23 nw=9 wall=0.546s thr(out)1 thr(in)16 conc_peak=8 pread=4.103s
DBG getmany L24 nw=14 wall=0.645s thr(out)1 thr(in)16 conc_peak=14 pread=6.895s
DBG getmany L25 nw=13 wall=0.529s thr(out)1 thr(in)16 conc_peak=13 pread=6.006s
DBG getmany L26 nw=10 wall=0.356s thr(out)1 thr(in)16 conc_peak=10 pread=2.992s
DBG getmany L27 nw=13 wall=0.614s thr(out)1 thr(in)16 conc_peak=13 pread=7.412s
DBG getmany L28 nw=13 wall=0.546s thr(out)1 thr(in)16 conc_peak=13 pread=6.315s
DBG getmany L29 nw=13 wall=0.599s thr(out)1 thr(in)16 conc_peak=13 pread=5.388s
DBG getmany L30 nw=11 wall=0.407s thr(out)1 thr(in)16 conc_peak=11 pread=4.101s
DBG getmany L31 nw=10 wall=0.573s thr(out)1 thr(in)16 conc_peak=9 pread=4.058s
DBG getmany L32 nw=11 wall=0.561s thr(out)1 thr(in)16 conc_peak=11 pread=5.019s
DBG getmany L33 nw=9 wall=0.542s thr(out)1 thr(in)16 conc_peak=9 pread=3.973s
DBG getmany L34 nw=12 wall=0.406s thr(out)1 thr(in)16 conc_peak=12 pread=3.829s
DBG getmany L35 nw=10 wall=0.617s thr(out)1 thr(in)16 conc_peak=10 pread=4.535s
DBG getmany L36 nw=14 wall=0.620s thr(out)1 thr(in)16 conc_peak=14 pread=7.815s
DBG getmany L37 nw=14 wall=0.608s thr(out)1 thr(in)16 conc_peak=14 pread=6.890s
DBG getmany L38 nw=7 wall=0.299s thr(out)1 thr(in)16 conc_peak=7 pread=1.905s
DBG getmany L39 nw=11 wall=0.541s thr(out)1 thr(in)16 conc_peak=11 pread=4.513s
DBG getmany L40 nw=11 wall=0.587s thr(out)1 thr(in)16 conc_peak=11 pread=5.231s
DBG getmany L41 nw=8 wall=0.525s thr(out)1 thr(in)16 conc_peak=8 pread=3.412s
DBG getmany L42 nw=7 wall=0.326s thr(out)1 thr(in)16 conc_peak=6 pread=2.031s
DBG getmany L43 nw=8 wall=0.573s thr(out)1 thr(in)16 conc_peak=5 pread=3.596s
DBG getmany L44 nw=12 wall=0.604s thr(out)1 thr(in)16 conc_peak=12 pread=5.870s
DBG getmany L45 nw=10 wall=0.572s thr(out)1 thr(in)16 conc_peak=10 pread=5.081s
DBG getmany L46 nw=10 wall=0.377s thr(out)1 thr(in)16 conc_peak=10 pread=2.765s
DBG getmany L47 nw=10 wall=0.603s thr(out)1 thr(in)16 conc_peak=9 pread=4.855s
DBG getmany L48 nw=12 wall=0.568s thr(out)1 thr(in)16 conc_peak=12 pread=6.460s
DBG getmany L49 nw=15 wall=0.612s thr(out)1 thr(in)16 conc_peak=15 pread=7.788s
DBG getmany L50 nw=11 wall=0.383s thr(out)1 thr(in)16 conc_peak=11 pread=3.440s
DBG getmany L51 nw=12 wall=0.537s thr(out)1 thr(in)16 conc_peak=12 pread=5.269s
DBG getmany L52 nw=9 wall=0.531s thr(out)1 thr(in)16 conc_peak=9 pread=3.220s
DBG getmany L53 nw=13 wall=0.594s thr(out)1 thr(in)16 conc_peak=13 pread=6.393s
DBG getmany L54 nw=12 wall=0.409s thr(out)1 thr(in)16 conc_peak=12 pread=4.310s
DBG getmany L55 nw=13 wall=0.643s thr(out)1 thr(in)16 conc_peak=13 pread=6.930s
DBG getmany L56 nw=13 wall=0.589s thr(out)1 thr(in)16 conc_peak=13 pread=7.045s
DBG getmany L57 nw=15 wall=10.398s thr(out)1 thr(in)16 conc_peak=15 pread=127.850s
DBG getmany L58 nw=9 wall=2.041s thr(out)1 thr(in)16 conc_peak=9 pread=17.347s
DBG getmany L59 nw=7 wall=0.304s thr(out)1 thr(in)16 conc_peak=7 pread=1.666s
DBG getmany L60 nw=11 wall=0.588s thr(out)1 thr(in)16 conc_peak=10 pread=5.868s
DBG getmany L61 nw=12 wall=0.596s thr(out)1 thr(in)16 conc_peak=12 pread=4.256s
DBG getmany L62 nw=10 wall=0.363s thr(out)1 thr(in)16 conc_peak=6 pread=3.104s
DBG getmany L63 nw=12 wall=0.664s thr(out)1 thr(in)16 conc_peak=12 pread=4.974s
DBG getmany L64 nw=9 wall=0.502s thr(out)1 thr(in)16 conc_peak=9 pread=3.736s
DBG getmany L65 nw=10 wall=0.565s thr(out)1 thr(in)16 conc_peak=10 pread=5.297s
DBG getmany L66 nw=8 wall=0.343s thr(out)1 thr(in)16 conc_peak=8 pread=2.331s
DBG getmany L67 nw=12 wall=0.653s thr(out)1 thr(in)16 conc_peak=12 pread=6.529s
DBG getmany L68 nw=14 wall=0.604s thr(out)1 thr(in)16 conc_peak=14 pread=6.584s
DBG getmany L69 nw=9 wall=0.545s thr(out)1 thr(in)16 conc_peak=6 pread=3.931s
DBG getmany L70 nw=7 wall=0.316s thr(out)1 thr(in)16 conc_peak=7 pread=1.761s
DBG getmany L71 nw=8 wall=0.635s thr(out)1 thr(in)16 conc_peak=8 pread=3.989s
DBG getmany L72 nw=9 wall=0.575s thr(out)1 thr(in)16 conc_peak=9 pread=3.902s
DBG getmany L73 nw=10 wall=0.591s thr(out)1 thr(in)16 conc_peak=10 pread=5.282s
DBG getmany L74 nw=5 wall=0.321s thr(out)1 thr(in)16 conc_peak=5 pread=1.263s
DBG getmany L75 nw=6 wall=0.458s thr(out)1 thr(in)16 conc_peak=6 pread=2.048s
DBG getmany L76 nw=8 wall=0.333s thr(out)1 thr(in)16 conc_peak=8 pread=2.050s
DBG getmany L77 nw=7 wall=0.532s thr(out)1 thr(in)16 conc_peak=6 pread=3.363s
DBG getmany L78 nw=10 wall=0.380s thr(out)1 thr(in)16 conc_peak=10 pread=3.387s
DBG getmany L79 nw=7 wall=0.562s thr(out)1 thr(in)16 conc_peak=7 pread=3.689s
DBG getmany L80 nw=9 wall=0.505s thr(out)1 thr(in)16 conc_peak=9 pread=3.271s
DBG getmany L81 nw=10 wall=0.566s thr(out)1 thr(in)16 conc_peak=10 pread=5.098s
DBG getmany L82 nw=10 wall=0.381s thr(out)1 thr(in)16 conc_peak=9 pread=2.998s
DBG getmany L83 nw=10 wall=0.621s thr(out)1 thr(in)16 conc_peak=10 pread=5.227s
DBG getmany L84 nw=12 wall=0.592s thr(out)1 thr(in)16 conc_peak=12 pread=6.068s
DBG getmany L85 nw=11 wall=0.522s thr(out)1 thr(in)16 conc_peak=11 pread=4.330s
DBG getmany L86 nw=10 wall=0.364s thr(out)1 thr(in)16 conc_peak=7 pread=3.056s
DBG getmany L87 nw=8 wall=0.557s thr(out)1 thr(in)16 conc_peak=8 pread=4.211s
DBG getmany L88 nw=12 wall=0.566s thr(out)1 thr(in)16 conc_peak=12 pread=6.325s
DBG getmany L89 nw=7 wall=0.538s thr(out)1 thr(in)16 conc_peak=7 pread=3.114s
DBG getmany L90 nw=9 wall=0.351s thr(out)1 thr(in)16 conc_peak=9 pread=2.723s
DBG getmany L91 nw=7 wall=0.376s thr(out)1 thr(in)16 conc_peak=6 pread=2.433s
DBG getmany L92 nw=12 wall=0.171s thr(out)1 thr(in)16 conc_peak=12 pread=1.129s
5      15         112.29       99.8       16.85      0.009
  L2   resident=6779/14589 slots hit=100.0% read=134.11GB write=0.00GB
DBG getmany L1 nw=12 wall=0.170s thr(out)1 thr(in)16 conc_peak=12 pread=1.277s
DBG getmany L2 nw=10 wall=0.151s thr(out)1 thr(in)16 conc_peak=10 pread=0.859s
DBG getmany L3 nw=8 wall=0.121s thr(out)1 thr(in)16 conc_peak=8 pread=0.564s
DBG getmany L4 nw=10 wall=0.152s thr(out)1 thr(in)16 conc_peak=10 pread=0.898s
DBG getmany L5 nw=5 wall=0.077s thr(out)1 thr(in)16 conc_peak=5 pread=0.244s
DBG getmany L6 nw=14 wall=0.204s thr(out)1 thr(in)16 conc_peak=14 pread=1.649s
DBG getmany L7 nw=12 wall=0.175s thr(out)1 thr(in)16 conc_peak=12 pread=1.292s
DBG getmany L8 nw=11 wall=0.164s thr(out)1 thr(in)16 conc_peak=11 pread=1.046s
DBG getmany L9 nw=9 wall=0.135s thr(out)1 thr(in)16 conc_peak=8 pread=0.716s
DBG getmany L10 nw=8 wall=0.117s thr(out)1 thr(in)16 conc_peak=8 pread=0.540s
DBG getmany L11 nw=11 wall=0.165s thr(out)1 thr(in)16 conc_peak=11 pread=1.015s
DBG getmany L12 nw=11 wall=0.171s thr(out)1 thr(in)16 conc_peak=11 pread=1.057s
DBG getmany L13 nw=12 wall=0.183s thr(out)1 thr(in)16 conc_peak=12 pread=1.287s
DBG getmany L14 nw=13 wall=0.196s thr(out)1 thr(in)16 conc_peak=13 pread=1.501s
DBG getmany L15 nw=12 wall=0.181s thr(out)1 thr(in)16 conc_peak=12 pread=1.208s
DBG getmany L16 nw=10 wall=0.489s thr(out)1 thr(in)16 conc_peak=9 pread=4.498s
DBG getmany L17 nw=10 wall=0.532s thr(out)1 thr(in)16 conc_peak=10 pread=4.399s
DBG getmany L18 nw=9 wall=0.372s thr(out)1 thr(in)16 conc_peak=9 pread=2.938s
DBG getmany L19 nw=11 wall=0.546s thr(out)1 thr(in)16 conc_peak=11 pread=5.199s
DBG getmany L20 nw=9 wall=0.490s thr(out)1 thr(in)16 conc_peak=9 pread=3.716s
DBG getmany L21 nw=10 wall=0.568s thr(out)1 thr(in)16 conc_peak=10 pread=4.371s
DBG getmany L22 nw=9 wall=0.359s thr(out)1 thr(in)16 conc_peak=9 pread=2.764s
DBG getmany L23 nw=7 wall=0.532s thr(out)1 thr(in)16 conc_peak=7 pread=3.346s
DBG getmany L24 nw=14 wall=0.667s thr(out)1 thr(in)16 conc_peak=14 pread=6.985s
DBG getmany L25 nw=12 wall=0.590s thr(out)1 thr(in)16 conc_peak=11 pread=5.772s
DBG getmany L26 nw=9 wall=0.346s thr(out)1 thr(in)16 conc_peak=8 pread=2.679s
DBG getmany L27 nw=12 wall=0.584s thr(out)1 thr(in)16 conc_peak=11 pread=6.309s
DBG getmany L28 nw=13 wall=0.549s thr(out)1 thr(in)16 conc_peak=13 pread=5.668s
DBG getmany L29 nw=11 wall=0.567s thr(out)1 thr(in)16 conc_peak=10 pread=5.603s
DBG getmany L30 nw=10 wall=0.396s thr(out)1 thr(in)16 conc_peak=10 pread=3.246s
DBG getmany L31 nw=10 wall=0.612s thr(out)1 thr(in)16 conc_peak=10 pread=5.067s
DBG getmany L32 nw=7 wall=0.506s thr(out)1 thr(in)16 conc_peak=7 pread=3.047s
DBG getmany L33 nw=10 wall=0.528s thr(out)1 thr(in)16 conc_peak=10 pread=3.315s
DBG getmany L34 nw=12 wall=0.361s thr(out)1 thr(in)16 conc_peak=12 pread=3.681s
DBG getmany L35 nw=8 wall=0.614s thr(out)1 thr(in)16 conc_peak=8 pread=3.596s
DBG getmany L36 nw=11 wall=0.591s thr(out)1 thr(in)16 conc_peak=10 pread=5.908s
DBG getmany L37 nw=11 wall=0.579s thr(out)1 thr(in)16 conc_peak=11 pread=4.178s
DBG getmany L38 nw=11 wall=0.348s thr(out)1 thr(in)16 conc_peak=11 pread=3.040s
DBG getmany L39 nw=12 wall=0.638s thr(out)1 thr(in)16 conc_peak=12 pread=6.604s
DBG getmany L40 nw=8 wall=0.546s thr(out)1 thr(in)16 conc_peak=8 pread=3.549s
DBG getmany L41 nw=7 wall=0.500s thr(out)1 thr(in)16 conc_peak=7 pread=2.705s
DBG getmany L42 nw=8 wall=0.332s thr(out)1 thr(in)16 conc_peak=8 pread=2.088s
DBG getmany L43 nw=8 wall=0.630s thr(out)1 thr(in)16 conc_peak=8 pread=3.718s
DBG getmany L44 nw=8 wall=0.542s thr(out)1 thr(in)16 conc_peak=8 pread=3.346s
DBG getmany L45 nw=7 wall=0.547s thr(out)1 thr(in)16 conc_peak=7 pread=2.815s
DBG getmany L46 nw=8 wall=0.350s thr(out)1 thr(in)16 conc_peak=8 pread=1.989s
DBG getmany L47 nw=10 wall=0.609s thr(out)1 thr(in)16 conc_peak=10 pread=4.633s
DBG getmany L48 nw=10 wall=0.556s thr(out)1 thr(in)16 conc_peak=10 pread=4.964s
DBG getmany L49 nw=12 wall=0.628s thr(out)1 thr(in)16 conc_peak=12 pread=7.084s
DBG getmany L50 nw=10 wall=0.371s thr(out)1 thr(in)16 conc_peak=10 pread=3.168s
DBG getmany L51 nw=10 wall=0.607s thr(out)1 thr(in)16 conc_peak=10 pread=5.216s
DBG getmany L52 nw=12 wall=0.558s thr(out)1 thr(in)16 conc_peak=10 pread=6.043s
DBG getmany L53 nw=12 wall=0.566s thr(out)1 thr(in)16 conc_peak=10 pread=5.382s
DBG getmany L54 nw=12 wall=0.381s thr(out)1 thr(in)16 conc_peak=12 pread=3.967s
DBG getmany L55 nw=11 wall=0.635s thr(out)1 thr(in)16 conc_peak=9 pread=5.862s
DBG getmany L56 nw=11 wall=0.530s thr(out)1 thr(in)16 conc_peak=9 pread=4.248s
DBG getmany L57 nw=14 wall=0.631s thr(out)1 thr(in)16 conc_peak=12 pread=7.714s
DBG getmany L58 nw=9 wall=0.326s thr(out)1 thr(in)16 conc_peak=9 pread=2.315s
DBG getmany L59 nw=9 wall=0.612s thr(out)1 thr(in)16 conc_peak=9 pread=4.087s
DBG getmany L60 nw=12 wall=0.592s thr(out)1 thr(in)16 conc_peak=12 pread=6.287s
DBG getmany L61 nw=12 wall=0.591s thr(out)1 thr(in)16 conc_peak=12 pread=6.033s
DBG getmany L62 nw=13 wall=0.395s thr(out)1 thr(in)16 conc_peak=13 pread=4.304s
DBG getmany L63 nw=10 wall=0.619s thr(out)1 thr(in)16 conc_peak=10 pread=5.831s
DBG getmany L64 nw=11 wall=0.572s thr(out)1 thr(in)16 conc_peak=11 pread=5.972s
DBG getmany L65 nw=11 wall=0.447s thr(out)1 thr(in)16 conc_peak=11 pread=4.328s
DBG getmany L66 nw=9 wall=0.359s thr(out)1 thr(in)16 conc_peak=9 pread=2.508s
DBG getmany L67 nw=9 wall=0.616s thr(out)1 thr(in)16 conc_peak=9 pread=5.354s
DBG getmany L68 nw=12 wall=0.589s thr(out)1 thr(in)16 conc_peak=12 pread=5.973s
DBG getmany L69 nw=12 wall=0.600s thr(out)1 thr(in)16 conc_peak=12 pread=6.187s
DBG getmany L70 nw=10 wall=0.364s thr(out)1 thr(in)16 conc_peak=10 pread=3.135s
DBG getmany L71 nw=10 wall=0.631s thr(out)1 thr(in)16 conc_peak=9 pread=5.056s
DBG getmany L72 nw=10 wall=0.523s thr(out)1 thr(in)16 conc_peak=10 pread=4.380s
DBG getmany L73 nw=12 wall=0.616s thr(out)1 thr(in)16 conc_peak=12 pread=6.638s
DBG getmany L74 nw=7 wall=0.333s thr(out)1 thr(in)16 conc_peak=7 pread=2.053s
DBG getmany L75 nw=7 wall=0.581s thr(out)1 thr(in)16 conc_peak=7 pread=3.141s
DBG getmany L76 nw=9 wall=0.527s thr(out)1 thr(in)16 conc_peak=9 pread=4.007s
DBG getmany L77 nw=9 wall=0.553s thr(out)1 thr(in)16 conc_peak=9 pread=4.082s
DBG getmany L78 nw=11 wall=0.391s thr(out)1 thr(in)16 conc_peak=11 pread=3.209s
DBG getmany L79 nw=9 wall=0.510s thr(out)1 thr(in)16 conc_peak=9 pread=3.634s
DBG getmany L80 nw=9 wall=0.450s thr(out)1 thr(in)16 conc_peak=9 pread=3.338s
DBG getmany L81 nw=12 wall=0.582s thr(out)1 thr(in)16 conc_peak=12 pread=6.703s
DBG getmany L82 nw=10 wall=0.368s thr(out)1 thr(in)16 conc_peak=10 pread=3.297s
DBG getmany L83 nw=9 wall=0.602s thr(out)1 thr(in)16 conc_peak=9 pread=5.095s
DBG getmany L84 nw=11 wall=0.539s thr(out)1 thr(in)16 conc_peak=11 pread=4.997s
DBG getmany L85 nw=9 wall=0.543s thr(out)1 thr(in)16 conc_peak=9 pread=3.884s
DBG getmany L86 nw=11 wall=0.334s thr(out)1 thr(in)16 conc_peak=11 pread=3.121s
DBG getmany L87 nw=8 wall=0.539s thr(out)1 thr(in)16 conc_peak=8 pread=3.958s
DBG getmany L88 nw=11 wall=0.565s thr(out)1 thr(in)16 conc_peak=11 pread=5.086s
DBG getmany L89 nw=7 wall=0.545s thr(out)1 thr(in)16 conc_peak=7 pread=2.017s
DBG getmany L90 nw=8 wall=0.319s thr(out)1 thr(in)16 conc_peak=8 pread=2.148s
DBG getmany L91 nw=8 wall=0.387s thr(out)1 thr(in)16 conc_peak=8 pread=2.745s
DBG getmany L92 nw=11 wall=0.158s thr(out)1 thr(in)16 conc_peak=11 pread=0.976s
6      3629       100.84       100.0      16.34      0.010
  L2   resident=6779/14589 slots hit=100.0% read=150.45GB write=0.00GB
DBG getmany L1 nw=14 wall=0.206s thr(out)1 thr(in)16 conc_peak=14 pread=1.579s
DBG getmany L2 nw=14 wall=0.208s thr(out)1 thr(in)16 conc_peak=14 pread=1.734s
DBG getmany L3 nw=9 wall=0.130s thr(out)1 thr(in)16 conc_peak=9 pread=0.679s
DBG getmany L4 nw=13 wall=0.186s thr(out)1 thr(in)16 conc_peak=13 pread=1.404s
DBG getmany L5 nw=13 wall=0.188s thr(out)1 thr(in)16 conc_peak=13 pread=1.386s
DBG getmany L6 nw=15 wall=0.218s thr(out)1 thr(in)16 conc_peak=15 pread=1.848s
DBG getmany L7 nw=13 wall=0.195s thr(out)1 thr(in)16 conc_peak=13 pread=1.501s
DBG getmany L8 nw=13 wall=0.202s thr(out)1 thr(in)16 conc_peak=13 pread=1.471s
DBG getmany L9 nw=14 wall=0.200s thr(out)1 thr(in)16 conc_peak=14 pread=1.643s
DBG getmany L10 nw=10 wall=0.142s thr(out)1 thr(in)16 conc_peak=10 pread=0.837s
DBG getmany L11 nw=10 wall=0.145s thr(out)1 thr(in)16 conc_peak=10 pread=0.873s
DBG getmany L12 nw=9 wall=0.125s thr(out)1 thr(in)16 conc_peak=9 pread=0.651s
DBG getmany L13 nw=14 wall=0.206s thr(out)1 thr(in)16 conc_peak=14 pread=1.581s
DBG getmany L14 nw=15 wall=0.219s thr(out)1 thr(in)16 conc_peak=15 pread=2.012s
DBG getmany L15 nw=14 wall=0.200s thr(out)1 thr(in)16 conc_peak=14 pread=1.548s
DBG getmany L16 nw=12 wall=0.518s thr(out)1 thr(in)16 conc_peak=7 pread=5.021s
DBG getmany L17 nw=10 wall=0.542s thr(out)1 thr(in)16 conc_peak=10 pread=3.936s
DBG getmany L18 nw=9 wall=0.378s thr(out)1 thr(in)16 conc_peak=9 pread=2.572s
DBG getmany L19 nw=12 wall=0.541s thr(out)1 thr(in)16 conc_peak=12 pread=5.320s
DBG getmany L20 nw=11 wall=0.524s thr(out)1 thr(in)16 conc_peak=8 pread=4.324s
DBG getmany L21 nw=12 wall=0.583s thr(out)1 thr(in)16 conc_peak=12 pread=5.819s
DBG getmany L22 nw=12 wall=0.395s thr(out)1 thr(in)16 conc_peak=12 pread=4.090s
DBG getmany L23 nw=9 wall=0.546s thr(out)1 thr(in)16 conc_peak=8 pread=4.217s
DBG getmany L24 nw=15 wall=0.657s thr(out)1 thr(in)16 conc_peak=15 pread=7.709s
DBG getmany L25 nw=12 wall=0.583s thr(out)1 thr(in)16 conc_peak=12 pread=6.505s
DBG getmany L26 nw=12 wall=0.395s thr(out)1 thr(in)16 conc_peak=12 pread=3.924s
DBG getmany L27 nw=13 wall=0.602s thr(out)1 thr(in)16 conc_peak=13 pread=6.387s
DBG getmany L28 nw=14 wall=0.552s thr(out)1 thr(in)16 conc_peak=12 pread=6.722s
DBG getmany L29 nw=11 wall=0.567s thr(out)1 thr(in)16 conc_peak=11 pread=5.254s
DBG getmany L30 nw=10 wall=0.388s thr(out)1 thr(in)16 conc_peak=10 pread=3.403s
DBG getmany L31 nw=13 wall=0.658s thr(out)1 thr(in)16 conc_peak=13 pread=7.501s
DBG getmany L32 nw=10 wall=0.543s thr(out)1 thr(in)16 conc_peak=10 pread=5.170s
DBG getmany L33 nw=11 wall=0.561s thr(out)1 thr(in)16 conc_peak=11 pread=4.586s
DBG getmany L34 nw=13 wall=0.382s thr(out)1 thr(in)16 conc_peak=13 pread=3.905s
DBG getmany L35 nw=11 wall=0.654s thr(out)1 thr(in)16 conc_peak=11 pread=6.171s
DBG getmany L36 nw=9 wall=0.549s thr(out)1 thr(in)16 conc_peak=9 pread=3.662s
DBG getmany L37 nw=12 wall=0.584s thr(out)1 thr(in)16 conc_peak=12 pread=6.353s
DBG getmany L38 nw=12 wall=0.385s thr(out)1 thr(in)16 conc_peak=12 pread=3.885s
DBG getmany L39 nw=11 wall=0.624s thr(out)1 thr(in)16 conc_peak=11 pread=5.556s
DBG getmany L40 nw=9 wall=0.513s thr(out)1 thr(in)16 conc_peak=9 pread=3.437s
DBG getmany L41 nw=8 wall=0.515s thr(out)1 thr(in)16 conc_peak=8 pread=3.936s
DBG getmany L42 nw=7 wall=0.332s thr(out)1 thr(in)16 conc_peak=7 pread=1.860s
DBG getmany L43 nw=8 wall=0.610s thr(out)1 thr(in)16 conc_peak=8 pread=4.004s
DBG getmany L44 nw=8 wall=0.538s thr(out)1 thr(in)16 conc_peak=8 pread=3.549s
DBG getmany L45 nw=11 wall=0.547s thr(out)1 thr(in)16 conc_peak=11 pread=5.068s
DBG getmany L46 nw=10 wall=0.355s thr(out)1 thr(in)16 conc_peak=10 pread=2.861s
DBG getmany L47 nw=11 wall=0.471s thr(out)1 thr(in)16 conc_peak=11 pread=4.199s
DBG getmany L48 nw=10 wall=0.531s thr(out)1 thr(in)16 conc_peak=10 pread=4.082s
DBG getmany L49 nw=13 wall=0.611s thr(out)1 thr(in)16 conc_peak=13 pread=6.892s
DBG getmany L50 nw=13 wall=0.416s thr(out)1 thr(in)16 conc_peak=13 pread=4.895s
DBG getmany L51 nw=11 wall=0.620s thr(out)1 thr(in)16 conc_peak=11 pread=4.924s
DBG getmany L52 nw=10 wall=0.515s thr(out)1 thr(in)16 conc_peak=10 pread=4.302s
DBG getmany L53 nw=13 wall=0.587s thr(out)1 thr(in)16 conc_peak=13 pread=7.032s
DBG getmany L54 nw=12 wall=0.402s thr(out)1 thr(in)16 conc_peak=12 pread=4.128s
DBG getmany L55 nw=10 wall=0.616s thr(out)1 thr(in)16 conc_peak=9 pread=5.617s
DBG getmany L56 nw=11 wall=0.568s thr(out)1 thr(in)16 conc_peak=11 pread=4.801s
DBG getmany L57 nw=14 wall=0.624s thr(out)1 thr(in)16 conc_peak=14 pread=8.027s
DBG getmany L58 nw=10 wall=0.366s thr(out)1 thr(in)16 conc_peak=10 pread=2.940s
DBG getmany L59 nw=8 wall=0.577s thr(out)1 thr(in)16 conc_peak=8 pread=3.471s
DBG getmany L60 nw=11 wall=0.576s thr(out)1 thr(in)16 conc_peak=11 pread=5.399s
DBG getmany L61 nw=13 wall=0.596s thr(out)1 thr(in)16 conc_peak=13 pread=6.572s
DBG getmany L62 nw=9 wall=0.327s thr(out)1 thr(in)16 conc_peak=9 pread=2.535s
DBG getmany L63 nw=10 wall=0.497s thr(out)1 thr(in)16 conc_peak=10 pread=4.030s
DBG getmany L64 nw=13 wall=0.587s thr(out)1 thr(in)16 conc_peak=13 pread=7.286s
DBG getmany L65 nw=9 wall=0.537s thr(out)1 thr(in)16 conc_peak=8 pread=4.452s
DBG getmany L66 nw=10 wall=0.365s thr(out)1 thr(in)16 conc_peak=10 pread=3.305s
DBG getmany L67 nw=11 wall=0.646s thr(out)1 thr(in)16 conc_peak=11 pread=6.088s
DBG getmany L68 nw=15 wall=0.614s thr(out)1 thr(in)16 conc_peak=15 pread=7.972s
DBG getmany L69 nw=13 wall=0.587s thr(out)1 thr(in)16 conc_peak=13 pread=6.140s
DBG getmany L70 nw=11 wall=0.369s thr(out)1 thr(in)16 conc_peak=10 pread=3.652s
DBG getmany L71 nw=12 wall=0.682s thr(out)1 thr(in)16 conc_peak=10 pread=7.645s
DBG getmany L72 nw=10 wall=0.583s thr(out)1 thr(in)16 conc_peak=10 pread=4.586s
DBG getmany L73 nw=14 wall=0.635s thr(out)1 thr(in)16 conc_peak=14 pread=7.682s
DBG getmany L74 nw=9 wall=0.340s thr(out)1 thr(in)16 conc_peak=8 pread=2.549s
DBG getmany L75 nw=10 wall=0.593s thr(out)1 thr(in)16 conc_peak=10 pread=5.393s
DBG getmany L76 nw=10 wall=0.506s thr(out)1 thr(in)16 conc_peak=10 pread=4.783s
DBG getmany L77 nw=10 wall=0.526s thr(out)1 thr(in)16 conc_peak=10 pread=4.484s
DBG getmany L78 nw=9 wall=0.332s thr(out)1 thr(in)16 conc_peak=9 pread=2.549s
DBG getmany L79 nw=9 wall=0.591s thr(out)1 thr(in)16 conc_peak=9 pread=4.609s
DBG getmany L80 nw=14 wall=0.584s thr(out)1 thr(in)16 conc_peak=14 pread=7.006s
DBG getmany L81 nw=13 wall=0.604s thr(out)1 thr(in)16 conc_peak=13 pread=7.203s
DBG getmany L82 nw=12 wall=0.385s thr(out)1 thr(in)16 conc_peak=12 pread=3.910s
DBG getmany L83 nw=10 wall=0.559s thr(out)1 thr(in)16 conc_peak=10 pread=3.505s
DBG getmany L84 nw=12 wall=0.573s thr(out)1 thr(in)16 conc_peak=12 pread=5.979s
DBG getmany L85 nw=10 wall=0.554s thr(out)1 thr(in)16 conc_peak=10 pread=4.374s
DBG getmany L86 nw=10 wall=0.341s thr(out)1 thr(in)16 conc_peak=10 pread=2.684s
DBG getmany L87 nw=10 wall=0.390s thr(out)1 thr(in)16 conc_peak=10 pread=2.801s
DBG getmany L88 nw=8 wall=0.519s thr(out)1 thr(in)16 conc_peak=8 pread=3.176s
DBG getmany L89 nw=6 wall=0.493s thr(out)1 thr(in)16 conc_peak=5 pread=2.139s
DBG getmany L90 nw=9 wall=0.339s thr(out)1 thr(in)16 conc_peak=9 pread=2.461s
DBG getmany L91 nw=11 wall=0.424s thr(out)1 thr(in)16 conc_peak=9 pread=4.127s
DBG getmany L92 nw=13 wall=0.190s thr(out)1 thr(in)16 conc_peak=13 pread=1.405s
7      1389       102.29       100.0      18.06      0.010
  L2   resident=6779/14589 slots hit=100.0% read=168.51GB write=0.00GB
--------------------------------------------------------------------
8 tokens in 873.0 s, 109.13 s/token average
PEAK RSS for the whole run: 42.02 GB   <- quote this, not the plan
layers completed: 93/93; routed expert drops: 0


[chip] simulated MXFP4 GEMV bill over 9 tokens
  11776 expert chains | 777925951488 flops | 206636580864 bytes (206.64 GB)
  per token: 1308 chains | 22.96 GB | 0.09 Gflops
  compute wall @ 4 TFLOPS : 0.19 s (21.61 ms/token)
  bandwidth wall @ 200 GB/s : 1.03 s (114.80 ms/token)
  -> bandwidth-bound; to be compute-bound at 4 TFLOPS this needs 1062 GB/s
  expert fetch (host wall, measured): 385.63 s moving 206.64 GB = 1 GB/s
  chip pool wall (measured): 296.40 s

cache [final step]
  slots        : 1310 of 17.56 MB = 23.00 GB arena (1310 resident, 0 pinned)
  requests     : 1472  hits 1472 (100.00%)  misses 0  evictions 1029
  of those hits : 1029 came from the batch prefetch, i.e. read from disk
                  this token; TRUE resident hit rate 30.10%
  read from disk: 18.06 GB in 42.24 s (427 MB/s while loading)
  phase2 i/o    : 18.06 GB in 42.24 s (428 MB/s)  [pure parallel disk read]
l2cache [final step]
  requests     : 9603  hits 9603 (100.00%)  misses 0
  read  from sdd7: 168.51 GB, written 0.00 GB
  hit I/O   : 168.51 GB in 383.28 s (wall) = 440 MB/s [pread 4214.95 s, 40 MB/s per-thread]
  miss I/O  : 0 misses, 0.00 GB from /model in 0.00 s (wall) = 0 MB/s
  restored from meta: 6779 slots

wrote /mnt/f/kimi-k3-in-c/reports/gateab_ab/v14_rr-20260927_173715/ctrl.json
I/O share of wall clock: 92.5%  (trunk 424.2 s + experts 383.8 s of 873.0 s)
  both figures are WHOLE-RUN totals over 8 steps
  experts, whole run: 168.56 GB read | 3480 of 11776 requests retained in RAM (29.55%) | 8296 evictions
    (retention = requests - evictions; the raw `hits` counter includes
     experts the prefetcher had just read from disk, so it is not a
     measure of avoided I/O)

trunk [final]
  pinned 17/93 layers, ring 2 slots
  binds 744, hits 119 (16.0%), reads 625
  read 370.13 GB in 424.17 s (873 MB/s pread)
  per-layer loads [L]=count: 0=1 1=1 2=1 3=1 4=1 5=1 6=1 7=1 8=1 9=1 10=1 11=1 12=1 13=1 14=1 15=1 16=1 17=8 18=8 19=8 20=8 21=8 22=8 23=8 24=8 25=8 26=8 27=8 28=8 29=8 30=8 31=8 32=8 33=8 34=8 35=8 36=8 37=8 38=8 39=8 40=8 41=8 42=8 43=8 44=8 45=8 46=8 47=8 48=8 49=8 50=8 51=8 52=8 53=8 54=8 55=8 56=8 57=8 58=8 59=8 60=8 61=8 62=8 63=8 64=8 65=8 66=8 67=8 68=8 69=8 70=8 71=8 72=8 73=8 74=8 75=8 76=8 77=8 78=8 79=8 80=8 81=8 82=8 83=8 84=8 85=8 86=8 87=8 88=8 89=8 90=8 91=8 92=8
  bind wall 15.01 s over 744 binds; read 424.17 + widen 2.93 = 427.10 s of device work,
                    of which 412.09 s (96%) overlapped compute on the reader thread
  widen breakdown: find 9 ms (19640)  copy 0 ms (9184)  deq 2911 ms (6320)  timed 3 s of widen 2.93 s
TIME_ELAPSED=903.13
