L2 auto: 209 GB free on /mnt/nvme -> L2 at 256 GB
k3 chip: 4 workers, 4 TFLOPS, 200 GB/s simulated wall
DBG getmany L1 nw=16 wall=0.204s thr(out)1 thr(in)16 conc_peak=16 pread=2.186s
DBG getmany L2 nw=16 wall=0.190s thr(out)1 thr(in)16 conc_peak=16 pread=1.929s
DBG getmany L3 nw=16 wall=0.199s thr(out)1 thr(in)16 conc_peak=16 pread=2.148s
DBG getmany L4 nw=16 wall=0.192s thr(out)1 thr(in)16 conc_peak=16 pread=1.961s
DBG getmany L5 nw=16 wall=0.201s thr(out)1 thr(in)16 conc_peak=16 pread=2.359s
DBG getmany L6 nw=16 wall=0.190s thr(out)1 thr(in)16 conc_peak=16 pread=2.055s
DBG getmany L7 nw=16 wall=0.190s thr(out)1 thr(in)16 conc_peak=16 pread=1.986s
DBG getmany L8 nw=16 wall=0.193s thr(out)1 thr(in)16 conc_peak=16 pread=2.060s
DBG getmany L9 nw=16 wall=0.197s thr(out)1 thr(in)16 conc_peak=16 pread=2.092s
DBG getmany L10 nw=16 wall=0.196s thr(out)1 thr(in)16 conc_peak=16 pread=2.013s
DBG getmany L11 nw=16 wall=0.199s thr(out)1 thr(in)16 conc_peak=16 pread=2.103s
DBG getmany L12 nw=16 wall=0.192s thr(out)1 thr(in)16 conc_peak=16 pread=2.037s
DBG getmany L13 nw=16 wall=0.199s thr(out)1 thr(in)16 conc_peak=16 pread=2.054s
DBG getmany L14 nw=16 wall=0.192s thr(out)1 thr(in)16 conc_peak=16 pread=1.960s
DBG getmany L15 nw=16 wall=0.205s thr(out)1 thr(in)16 conc_peak=16 pread=2.164s
DBG getmany L16 nw=16 wall=0.208s thr(out)1 thr(in)16 conc_peak=16 pread=2.223s
DBG getmany L17 nw=16 wall=0.201s thr(out)1 thr(in)16 conc_peak=16 pread=2.156s
DBG getmany L18 nw=16 wall=0.204s thr(out)1 thr(in)16 conc_peak=16 pread=2.220s
DBG getmany L19 nw=16 wall=0.209s thr(out)1 thr(in)16 conc_peak=16 pread=2.159s
DBG getmany L20 nw=16 wall=0.200s thr(out)1 thr(in)16 conc_peak=16 pread=2.073s
DBG getmany L21 nw=16 wall=0.203s thr(out)1 thr(in)16 conc_peak=16 pread=2.110s
DBG getmany L22 nw=16 wall=0.198s thr(out)1 thr(in)16 conc_peak=16 pread=2.079s
DBG getmany L23 nw=16 wall=0.210s thr(out)1 thr(in)16 conc_peak=16 pread=2.222s
DBG getmany L24 nw=16 wall=0.189s thr(out)1 thr(in)16 conc_peak=16 pread=2.171s
DBG getmany L25 nw=16 wall=0.183s thr(out)1 thr(in)16 conc_peak=16 pread=1.954s
DBG getmany L26 nw=16 wall=0.188s thr(out)1 thr(in)16 conc_peak=16 pread=1.973s
DBG getmany L27 nw=16 wall=0.588s thr(out)1 thr(in)16 conc_peak=16 pread=2.462s
DBG getmany L28 nw=16 wall=0.187s thr(out)1 thr(in)16 conc_peak=16 pread=2.031s
DBG getmany L29 nw=16 wall=0.194s thr(out)1 thr(in)16 conc_peak=16 pread=2.140s
DBG getmany L30 nw=16 wall=0.177s thr(out)1 thr(in)16 conc_peak=16 pread=1.965s
DBG getmany L31 nw=16 wall=0.191s thr(out)1 thr(in)16 conc_peak=16 pread=1.992s
DBG getmany L32 nw=16 wall=0.189s thr(out)1 thr(in)16 conc_peak=16 pread=1.955s
DBG getmany L33 nw=16 wall=0.199s thr(out)1 thr(in)16 conc_peak=16 pread=2.081s
DBG getmany L34 nw=16 wall=0.179s thr(out)1 thr(in)16 conc_peak=16 pread=1.940s
DBG getmany L35 nw=16 wall=0.193s thr(out)1 thr(in)16 conc_peak=16 pread=2.127s
DBG getmany L36 nw=16 wall=0.197s thr(out)1 thr(in)16 conc_peak=16 pread=2.082s
DBG getmany L37 nw=16 wall=0.213s thr(out)1 thr(in)16 conc_peak=16 pread=2.437s
DBG getmany L38 nw=16 wall=0.186s thr(out)1 thr(in)16 conc_peak=16 pread=1.994s
DBG getmany L39 nw=16 wall=0.185s thr(out)1 thr(in)16 conc_peak=16 pread=2.050s
DBG getmany L40 nw=16 wall=0.187s thr(out)1 thr(in)16 conc_peak=16 pread=2.034s
DBG getmany L41 nw=16 wall=0.188s thr(out)1 thr(in)16 conc_peak=16 pread=1.965s
DBG getmany L42 nw=16 wall=0.192s thr(out)1 thr(in)16 conc_peak=16 pread=2.084s
DBG getmany L43 nw=16 wall=0.199s thr(out)1 thr(in)16 conc_peak=16 pread=2.128s
DBG getmany L44 nw=16 wall=0.203s thr(out)1 thr(in)16 conc_peak=16 pread=2.128s
DBG getmany L45 nw=16 wall=0.205s thr(out)1 thr(in)16 conc_peak=16 pread=2.140s
DBG getmany L46 nw=16 wall=0.235s thr(out)1 thr(in)16 conc_peak=16 pread=2.487s
DBG getmany L47 nw=16 wall=0.233s thr(out)1 thr(in)16 conc_peak=16 pread=2.517s
DBG getmany L48 nw=16 wall=0.225s thr(out)1 thr(in)16 conc_peak=16 pread=2.262s
DBG getmany L49 nw=16 wall=0.243s thr(out)1 thr(in)16 conc_peak=16 pread=2.412s
DBG getmany L50 nw=16 wall=0.244s thr(out)1 thr(in)16 conc_peak=16 pread=2.490s
DBG getmany L51 nw=16 wall=0.227s thr(out)1 thr(in)16 conc_peak=16 pread=2.343s
DBG getmany L52 nw=16 wall=0.231s thr(out)1 thr(in)16 conc_peak=16 pread=2.360s
DBG getmany L53 nw=16 wall=0.233s thr(out)1 thr(in)16 conc_peak=16 pread=2.507s
DBG getmany L54 nw=16 wall=0.239s thr(out)1 thr(in)16 conc_peak=16 pread=2.539s
DBG getmany L55 nw=16 wall=0.230s thr(out)1 thr(in)16 conc_peak=16 pread=2.422s
DBG getmany L56 nw=16 wall=0.239s thr(out)1 thr(in)16 conc_peak=16 pread=2.492s
DBG getmany L57 nw=16 wall=0.239s thr(out)1 thr(in)16 conc_peak=16 pread=2.491s
DBG getmany L58 nw=16 wall=0.226s thr(out)1 thr(in)16 conc_peak=16 pread=2.397s
DBG getmany L59 nw=16 wall=0.237s thr(out)1 thr(in)16 conc_peak=16 pread=2.510s
DBG getmany L60 nw=16 wall=0.235s thr(out)1 thr(in)16 conc_peak=16 pread=2.537s
DBG getmany L61 nw=16 wall=0.234s thr(out)1 thr(in)16 conc_peak=16 pread=2.355s
DBG getmany L62 nw=16 wall=0.238s thr(out)1 thr(in)16 conc_peak=16 pread=2.410s
DBG getmany L63 nw=16 wall=0.240s thr(out)1 thr(in)16 conc_peak=16 pread=2.613s
DBG getmany L64 nw=16 wall=0.234s thr(out)1 thr(in)16 conc_peak=16 pread=2.433s
DBG getmany L65 nw=16 wall=0.233s thr(out)1 thr(in)16 conc_peak=16 pread=2.292s
DBG getmany L66 nw=16 wall=0.235s thr(out)1 thr(in)16 conc_peak=16 pread=2.507s
DBG getmany L67 nw=16 wall=0.224s thr(out)1 thr(in)16 conc_peak=16 pread=2.430s
DBG getmany L68 nw=16 wall=0.221s thr(out)1 thr(in)16 conc_peak=16 pread=2.242s
DBG getmany L69 nw=16 wall=0.210s thr(out)1 thr(in)16 conc_peak=16 pread=2.103s
DBG getmany L70 nw=16 wall=0.220s thr(out)1 thr(in)16 conc_peak=16 pread=2.261s
DBG getmany L71 nw=16 wall=0.228s thr(out)1 thr(in)16 conc_peak=16 pread=2.378s
DBG getmany L72 nw=16 wall=0.223s thr(out)1 thr(in)16 conc_peak=16 pread=2.400s
DBG getmany L73 nw=16 wall=0.232s thr(out)1 thr(in)16 conc_peak=16 pread=2.565s
DBG getmany L74 nw=16 wall=0.228s thr(out)1 thr(in)16 conc_peak=16 pread=2.415s
DBG getmany L75 nw=16 wall=0.237s thr(out)1 thr(in)16 conc_peak=16 pread=2.405s
DBG getmany L76 nw=16 wall=0.210s thr(out)1 thr(in)16 conc_peak=16 pread=2.183s
DBG getmany L77 nw=16 wall=0.222s thr(out)1 thr(in)16 conc_peak=16 pread=2.318s
DBG getmany L78 nw=16 wall=0.281s thr(out)1 thr(in)16 conc_peak=16 pread=2.795s
DBG getmany L79 nw=16 wall=0.291s thr(out)1 thr(in)16 conc_peak=16 pread=2.944s
DBG getmany L80 nw=16 wall=0.293s thr(out)1 thr(in)16 conc_peak=16 pread=2.996s
DBG getmany L81 nw=16 wall=0.268s thr(out)1 thr(in)16 conc_peak=16 pread=2.822s
DBG getmany L82 nw=16 wall=0.267s thr(out)1 thr(in)16 conc_peak=16 pread=2.663s
DBG getmany L83 nw=16 wall=0.272s thr(out)1 thr(in)16 conc_peak=16 pread=2.844s
DBG getmany L84 nw=16 wall=0.270s thr(out)1 thr(in)16 conc_peak=16 pread=2.822s
DBG getmany L85 nw=16 wall=0.256s thr(out)1 thr(in)16 conc_peak=16 pread=2.547s
DBG getmany L86 nw=16 wall=0.256s thr(out)1 thr(in)16 conc_peak=16 pread=2.640s
DBG getmany L87 nw=16 wall=0.257s thr(out)1 thr(in)16 conc_peak=16 pread=2.584s
DBG getmany L88 nw=16 wall=0.270s thr(out)1 thr(in)16 conc_peak=16 pread=2.820s
DBG getmany L89 nw=16 wall=0.264s thr(out)1 thr(in)16 conc_peak=16 pread=2.823s
DBG getmany L90 nw=16 wall=0.267s thr(out)1 thr(in)16 conc_peak=16 pread=2.815s
DBG getmany L91 nw=16 wall=0.260s thr(out)1 thr(in)16 conc_peak=16 pread=2.639s
DBG getmany L92 nw=16 wall=0.246s thr(out)1 thr(in)16 conc_peak=16 pread=2.562s
config: /model/config.json (nested shape) | hidden=7168 layers=93 vocab=163840 | 24 MLA + 69 KDA | experts 896 top16 shared2 | latent=3584
  KV cache : 23.70 MB for 10 positions (2.37 MB/position)
Kimi K3, pure C, released checkpoint
  model    : /model
  prompt   : 1 tokens, generating 8

indexed 497220 tensors from 96 shards in 14.58 s
trunk on disk : 110.00 GB total (STREAMED from /mnt/nvme/trunk_layers_out, not held in RAM)

memory plan
  trunk (STREAMED) 5.00 GB
  embed + lm_head  4.70 GB
  expert cache     44.00 GB
  recurrent state  626.25 MB
  buffers          8.02 MB
  KV cache         23.65 MB
  TOTAL            54.36 GB
  available        57.81 GB

k3_trunk: trunk.bin absent - using per-layer slices (layer_%03d.bin)
trunk stream: 56.60 GB packed, 1/93 layers PINNED (3.00 GB), ring 1 x 1.30 GB
              reads use buffered I/O
              ring held at 1 slot: 2 slots need 2.61 GB and the trunk budget is 5.00 GB,
              so reads are NOT overlapped with compute. Raise --trunk-gb above 2.61 GB to enable it.
              deterministic hit rate 1.1% (a cyclic scan defeats LRU, so a pinned prefix is used instead)
trunk streaming enabled from /mnt/nvme/trunk_layers_out in 0.0 s
embedding, final norm and lm_head: 4.70 GB in 10.4 s

expert L1 eviction policy: heat
expert L2 cache enabled: 14589 slots x 17.55 MB = 256.00 GB on /mnt/nvme/experts.l2
expert L2 eviction policy: heat
peak RSS after loading weights: 4.78 GB  (the plan above is a forecast, this is measured)
expert cache: 2506 slots x 17.56 MB = 43.99 GB (3.04% of the 1.45 TB expert pool)

recurrent state for 93 layers: 626.25 MB

incremental decode: KV cache 23.65 MB for 24 MLA layers at 10 positions

STEP   TOKEN      SECONDS      CACHE HIT  READ GB    TOK/S
--------------------------------------------------------------------
0      220        88.92        100.0      25.83      0.011
  L2   resident=6779/14589 slots hit=100.0% read=25.83GB write=0.00GB
DBG getmany L1 nw=16 wall=0.268s thr(out)1 thr(in)16 conc_peak=16 pread=2.796s
DBG getmany L2 nw=15 wall=0.264s thr(out)1 thr(in)16 conc_peak=15 pread=2.526s
DBG getmany L3 nw=11 wall=0.183s thr(out)1 thr(in)16 conc_peak=11 pread=1.230s
DBG getmany L4 nw=15 wall=0.241s thr(out)1 thr(in)16 conc_peak=15 pread=2.290s
DBG getmany L5 nw=15 wall=0.242s thr(out)1 thr(in)16 conc_peak=15 pread=2.266s
DBG getmany L6 nw=14 wall=0.231s thr(out)1 thr(in)16 conc_peak=14 pread=2.037s
DBG getmany L7 nw=14 wall=0.239s thr(out)1 thr(in)16 conc_peak=14 pread=2.122s
DBG getmany L8 nw=16 wall=0.265s thr(out)1 thr(in)16 conc_peak=16 pread=2.712s
DBG getmany L9 nw=13 wall=0.215s thr(out)1 thr(in)16 conc_peak=13 pread=1.772s
DBG getmany L10 nw=14 wall=0.242s thr(out)1 thr(in)16 conc_peak=14 pread=2.283s
DBG getmany L11 nw=15 wall=0.250s thr(out)1 thr(in)16 conc_peak=15 pread=2.403s
DBG getmany L12 nw=13 wall=0.221s thr(out)1 thr(in)16 conc_peak=13 pread=1.884s
DBG getmany L13 nw=14 wall=0.248s thr(out)1 thr(in)16 conc_peak=9 pread=2.292s
DBG getmany L14 nw=15 wall=0.259s thr(out)1 thr(in)16 conc_peak=15 pread=2.574s
DBG getmany L15 nw=15 wall=0.259s thr(out)1 thr(in)16 conc_peak=15 pread=2.479s
DBG getmany L16 nw=15 wall=0.255s thr(out)1 thr(in)16 conc_peak=15 pread=2.446s
DBG getmany L17 nw=16 wall=0.289s thr(out)1 thr(in)16 conc_peak=16 pread=3.131s
DBG getmany L18 nw=15 wall=0.270s thr(out)1 thr(in)16 conc_peak=15 pread=2.717s
DBG getmany L19 nw=14 wall=0.233s thr(out)1 thr(in)16 conc_peak=14 pread=2.036s
DBG getmany L20 nw=15 wall=0.258s thr(out)1 thr(in)16 conc_peak=15 pread=2.475s
DBG getmany L21 nw=14 wall=0.249s thr(out)1 thr(in)16 conc_peak=14 pread=2.285s
DBG getmany L22 nw=15 wall=0.260s thr(out)1 thr(in)16 conc_peak=15 pread=2.560s
DBG getmany L23 nw=12 wall=0.219s thr(out)1 thr(in)16 conc_peak=12 pread=1.757s
DBG getmany L24 nw=11 wall=0.193s thr(out)1 thr(in)16 conc_peak=11 pread=1.374s
DBG getmany L25 nw=14 wall=0.243s thr(out)1 thr(in)16 conc_peak=14 pread=2.186s
DBG getmany L26 nw=11 wall=0.195s thr(out)1 thr(in)16 conc_peak=11 pread=1.361s
DBG getmany L27 nw=13 wall=0.218s thr(out)1 thr(in)16 conc_peak=11 pread=1.781s
DBG getmany L28 nw=15 wall=0.269s thr(out)1 thr(in)16 conc_peak=15 pread=2.731s
DBG getmany L29 nw=14 wall=0.235s thr(out)1 thr(in)16 conc_peak=14 pread=2.057s
DBG getmany L30 nw=14 wall=1.487s thr(out)1 thr(in)16 conc_peak=14 pread=11.824s
DBG getmany L31 nw=16 wall=6.987s thr(out)1 thr(in)16 conc_peak=16 pread=109.001s
DBG getmany L32 nw=14 wall=7.400s thr(out)1 thr(in)16 conc_peak=14 pread=100.358s
DBG getmany L33 nw=14 wall=7.086s thr(out)1 thr(in)16 conc_peak=14 pread=94.820s
DBG getmany L34 nw=16 wall=9.932s thr(out)1 thr(in)16 conc_peak=16 pread=155.005s
DBG getmany L35 nw=16 wall=7.262s thr(out)1 thr(in)16 conc_peak=16 pread=111.105s
DBG getmany L36 nw=11 wall=5.448s thr(out)1 thr(in)16 conc_peak=11 pread=48.707s
DBG getmany L37 nw=13 wall=26.332s thr(out)1 thr(in)16 conc_peak=13 pread=339.028s
DBG getmany L38 nw=14 wall=27.845s thr(out)1 thr(in)16 conc_peak=14 pread=382.307s
DBG getmany L39 nw=15 wall=34.140s thr(out)1 thr(in)16 conc_peak=15 pread=504.850s
DBG getmany L40 nw=13 wall=22.029s thr(out)1 thr(in)16 conc_peak=13 pread=272.150s
DBG getmany L41 nw=13 wall=34.682s thr(out)1 thr(in)16 conc_peak=13 pread=449.216s
DBG getmany L42 nw=8 wall=12.279s thr(out)1 thr(in)16 conc_peak=8 pread=96.874s
DBG getmany L43 nw=13 wall=25.463s thr(out)1 thr(in)16 conc_peak=13 pread=317.011s
DBG getmany L44 nw=13 wall=22.942s thr(out)1 thr(in)16 conc_peak=13 pread=264.750s
DBG getmany L45 nw=10 wall=0.441s thr(out)1 thr(in)16 conc_peak=9 pread=2.834s
DBG getmany L46 nw=8 wall=0.125s thr(out)1 thr(in)16 conc_peak=8 pread=0.753s
DBG getmany L47 nw=11 wall=0.177s thr(out)1 thr(in)16 conc_peak=11 pread=1.291s
DBG getmany L48 nw=13 wall=1.557s thr(out)1 thr(in)16 conc_peak=13 pread=17.487s
DBG getmany L49 nw=9 wall=3.606s thr(out)1 thr(in)16 conc_peak=9 pread=32.066s
DBG getmany L50 nw=12 wall=0.171s thr(out)1 thr(in)16 conc_peak=12 pread=1.376s
DBG getmany L51 nw=12 wall=0.177s thr(out)1 thr(in)16 conc_peak=12 pread=1.458s
DBG getmany L52 nw=15 wall=0.199s thr(out)1 thr(in)16 conc_peak=15 pread=1.957s
DBG getmany L53 nw=10 wall=0.158s thr(out)1 thr(in)16 conc_peak=10 pread=1.081s
DBG getmany L54 nw=12 wall=0.183s thr(out)1 thr(in)16 conc_peak=12 pread=1.499s
DBG getmany L55 nw=14 wall=0.199s thr(out)1 thr(in)16 conc_peak=14 pread=1.899s
DBG getmany L56 nw=16 wall=0.211s thr(out)1 thr(in)16 conc_peak=16 pread=2.303s
DBG getmany L57 nw=16 wall=0.217s thr(out)1 thr(in)16 conc_peak=16 pread=2.419s
DBG getmany L58 nw=14 wall=0.191s thr(out)1 thr(in)16 conc_peak=14 pread=1.891s
DBG getmany L59 nw=15 wall=0.205s thr(out)1 thr(in)16 conc_peak=15 pread=2.039s
DBG getmany L60 nw=16 wall=0.231s thr(out)1 thr(in)16 conc_peak=16 pread=2.547s
DBG getmany L61 nw=16 wall=0.261s thr(out)1 thr(in)16 conc_peak=16 pread=2.509s
DBG getmany L62 nw=15 wall=0.218s thr(out)1 thr(in)16 conc_peak=15 pread=2.384s
DBG getmany L63 nw=15 wall=0.235s thr(out)1 thr(in)16 conc_peak=15 pread=2.489s
DBG getmany L64 nw=16 wall=0.217s thr(out)1 thr(in)16 conc_peak=16 pread=2.338s
DBG getmany L65 nw=15 wall=0.221s thr(out)1 thr(in)16 conc_peak=15 pread=2.330s
DBG getmany L66 nw=15 wall=0.216s thr(out)1 thr(in)16 conc_peak=15 pread=2.189s
DBG getmany L67 nw=16 wall=0.228s thr(out)1 thr(in)16 conc_peak=16 pread=2.540s
DBG getmany L68 nw=14 wall=0.260s thr(out)1 thr(in)16 conc_peak=14 pread=2.714s
DBG getmany L69 nw=16 wall=0.252s thr(out)1 thr(in)16 conc_peak=16 pread=2.924s
DBG getmany L70 nw=16 wall=0.375s thr(out)1 thr(in)16 conc_peak=16 pread=4.905s
DBG getmany L71 nw=16 wall=0.384s thr(out)1 thr(in)16 conc_peak=16 pread=5.194s
DBG getmany L72 nw=16 wall=0.822s thr(out)1 thr(in)16 conc_peak=16 pread=5.776s
DBG getmany L73 nw=15 wall=0.240s thr(out)1 thr(in)16 conc_peak=15 pread=2.374s
DBG getmany L74 nw=13 wall=0.705s thr(out)1 thr(in)16 conc_peak=13 pread=4.690s
DBG getmany L75 nw=11 wall=0.310s thr(out)1 thr(in)16 conc_peak=11 pread=2.308s
DBG getmany L76 nw=14 wall=0.523s thr(out)1 thr(in)16 conc_peak=14 pread=5.984s
DBG getmany L77 nw=16 wall=0.795s thr(out)1 thr(in)16 conc_peak=16 pread=9.726s
DBG getmany L78 nw=15 wall=0.803s thr(out)1 thr(in)16 conc_peak=15 pread=9.443s
DBG getmany L79 nw=15 wall=0.760s thr(out)1 thr(in)16 conc_peak=15 pread=9.027s
DBG getmany L80 nw=14 wall=0.476s thr(out)1 thr(in)16 conc_peak=14 pread=5.183s
DBG getmany L81 nw=14 wall=0.577s thr(out)1 thr(in)16 conc_peak=14 pread=6.561s
DBG getmany L82 nw=14 wall=0.566s thr(out)1 thr(in)16 conc_peak=14 pread=6.286s
DBG getmany L83 nw=5 wall=0.360s thr(out)1 thr(in)16 conc_peak=5 pread=1.311s
DBG getmany L84 nw=11 wall=0.360s thr(out)1 thr(in)16 conc_peak=11 pread=3.035s
DBG getmany L85 nw=11 wall=0.395s thr(out)1 thr(in)16 conc_peak=11 pread=3.321s
DBG getmany L86 nw=11 wall=0.375s thr(out)1 thr(in)16 conc_peak=11 pread=3.129s
DBG getmany L87 nw=10 wall=0.390s thr(out)1 thr(in)16 conc_peak=10 pread=3.209s
DBG getmany L88 nw=8 wall=0.513s thr(out)1 thr(in)16 conc_peak=8 pread=3.184s
DBG getmany L89 nw=8 wall=0.682s thr(out)1 thr(in)16 conc_peak=8 pread=4.175s
DBG getmany L90 nw=9 wall=1.627s thr(out)1 thr(in)16 conc_peak=9 pread=12.955s
DBG getmany L91 nw=11 wall=1.266s thr(out)1 thr(in)16 conc_peak=11 pread=10.554s
DBG getmany L92 nw=9 wall=0.770s thr(out)1 thr(in)16 conc_peak=9 pread=5.259s
1      802        351.52       100.0      21.67      0.003
  L2   resident=6779/14589 slots hit=100.0% read=47.50GB write=0.00GB
DBG getmany L1 nw=12 wall=0.817s thr(out)1 thr(in)16 conc_peak=12 pread=6.992s
DBG getmany L2 nw=11 wall=0.463s thr(out)1 thr(in)16 conc_peak=11 pread=4.369s
DBG getmany L3 nw=11 wall=0.485s thr(out)1 thr(in)16 conc_peak=11 pread=4.245s
DBG getmany L4 nw=12 wall=0.884s thr(out)1 thr(in)16 conc_peak=12 pread=7.704s
DBG getmany L5 nw=10 wall=2.529s thr(out)1 thr(in)16 conc_peak=10 pread=23.944s
DBG getmany L6 nw=14 wall=1.305s thr(out)1 thr(in)16 conc_peak=14 pread=13.619s
DBG getmany L7 nw=12 wall=1.135s thr(out)1 thr(in)16 conc_peak=11 pread=11.089s
DBG getmany L8 nw=12 wall=1.053s thr(out)1 thr(in)16 conc_peak=12 pread=10.309s
DBG getmany L9 nw=11 wall=1.407s thr(out)1 thr(in)16 conc_peak=10 pread=12.284s
DBG getmany L10 nw=8 wall=0.895s thr(out)1 thr(in)16 conc_peak=8 pread=4.989s
DBG getmany L11 nw=11 wall=0.874s thr(out)1 thr(in)16 conc_peak=11 pread=7.366s
DBG getmany L12 nw=12 wall=0.832s thr(out)1 thr(in)16 conc_peak=12 pread=7.914s
DBG getmany L13 nw=11 wall=0.664s thr(out)1 thr(in)16 conc_peak=11 pread=6.377s
DBG getmany L14 nw=9 wall=0.704s thr(out)1 thr(in)16 conc_peak=9 pread=5.078s
DBG getmany L15 nw=11 wall=0.926s thr(out)1 thr(in)16 conc_peak=10 pread=9.274s
DBG getmany L16 nw=11 wall=1.426s thr(out)1 thr(in)16 conc_peak=11 pread=11.747s
DBG getmany L17 nw=12 wall=1.218s thr(out)1 thr(in)16 conc_peak=12 pread=13.997s
DBG getmany L18 nw=12 wall=1.408s thr(out)1 thr(in)16 conc_peak=12 pread=13.542s
DBG getmany L19 nw=11 wall=1.100s thr(out)1 thr(in)16 conc_peak=11 pread=9.829s
DBG getmany L20 nw=11 wall=13.625s thr(out)1 thr(in)16 conc_peak=11 pread=120.353s
DBG getmany L21 nw=13 wall=1.308s thr(out)1 thr(in)16 conc_peak=13 pread=12.253s
DBG getmany L22 nw=14 wall=0.784s thr(out)1 thr(in)16 conc_peak=14 pread=7.225s
DBG getmany L23 nw=12 wall=0.263s thr(out)1 thr(in)16 conc_peak=12 pread=2.409s
DBG getmany L24 nw=11 wall=0.357s thr(out)1 thr(in)16 conc_peak=11 pread=2.935s
DBG getmany L25 nw=14 wall=0.526s thr(out)1 thr(in)16 conc_peak=14 pread=6.143s
DBG getmany L26 nw=12 wall=0.539s thr(out)1 thr(in)16 conc_peak=12 pread=5.070s
DBG getmany L27 nw=14 wall=0.484s thr(out)1 thr(in)16 conc_peak=14 pread=5.416s
DBG getmany L28 nw=12 wall=0.292s thr(out)1 thr(in)16 conc_peak=12 pread=2.669s
DBG getmany L29 nw=12 wall=0.346s thr(out)1 thr(in)16 conc_peak=12 pread=2.654s
DBG getmany L30 nw=15 wall=0.415s thr(out)1 thr(in)16 conc_peak=15 pread=4.405s
DBG getmany L31 nw=12 wall=0.461s thr(out)1 thr(in)16 conc_peak=12 pread=4.414s
DBG getmany L32 nw=11 wall=0.701s thr(out)1 thr(in)16 conc_peak=11 pread=5.910s
DBG getmany L33 nw=11 wall=0.575s thr(out)1 thr(in)16 conc_peak=11 pread=4.662s
DBG getmany L34 nw=13 wall=0.367s thr(out)1 thr(in)16 conc_peak=13 pread=3.438s
DBG getmany L35 nw=13 wall=0.296s thr(out)1 thr(in)16 conc_peak=13 pread=2.999s
DBG getmany L36 nw=11 wall=0.243s thr(out)1 thr(in)16 conc_peak=11 pread=1.909s
DBG getmany L37 nw=13 wall=0.315s thr(out)1 thr(in)16 conc_peak=13 pread=2.903s
DBG getmany L38 nw=13 wall=0.353s thr(out)1 thr(in)16 conc_peak=13 pread=3.568s
DBG getmany L39 nw=14 wall=0.449s thr(out)1 thr(in)16 conc_peak=14 pread=4.092s
DBG getmany L40 nw=14 wall=0.498s thr(out)1 thr(in)16 conc_peak=14 pread=5.361s
DBG getmany L41 nw=14 wall=0.525s thr(out)1 thr(in)16 conc_peak=14 pread=5.504s
DBG getmany L42 nw=14 wall=2.245s thr(out)1 thr(in)16 conc_peak=14 pread=10.769s
DBG getmany L43 nw=15 wall=0.911s thr(out)1 thr(in)16 conc_peak=15 pread=12.411s
DBG getmany L44 nw=14 wall=0.633s thr(out)1 thr(in)16 conc_peak=14 pread=6.618s
DBG getmany L45 nw=15 wall=0.659s thr(out)1 thr(in)16 conc_peak=15 pread=7.148s
DBG getmany L46 nw=13 wall=0.385s thr(out)1 thr(in)16 conc_peak=13 pread=3.734s
DBG getmany L47 nw=15 wall=0.355s thr(out)1 thr(in)16 conc_peak=15 pread=3.966s
DBG getmany L48 nw=14 wall=0.336s thr(out)1 thr(in)16 conc_peak=14 pread=3.559s
DBG getmany L49 nw=15 wall=0.392s thr(out)1 thr(in)16 conc_peak=15 pread=3.995s
DBG getmany L50 nw=15 wall=0.320s thr(out)1 thr(in)16 conc_peak=15 pread=3.728s
DBG getmany L51 nw=13 wall=0.301s thr(out)1 thr(in)16 conc_peak=13 pread=2.992s
DBG getmany L52 nw=12 wall=0.299s thr(out)1 thr(in)16 conc_peak=12 pread=2.595s
DBG getmany L53 nw=14 wall=0.344s thr(out)1 thr(in)16 conc_peak=14 pread=3.795s
DBG getmany L54 nw=14 wall=0.402s thr(out)1 thr(in)16 conc_peak=14 pread=4.577s
DBG getmany L55 nw=13 wall=0.260s thr(out)1 thr(in)16 conc_peak=13 pread=2.576s
DBG getmany L56 nw=9 wall=0.571s thr(out)1 thr(in)16 conc_peak=9 pread=2.921s
DBG getmany L57 nw=14 wall=0.361s thr(out)1 thr(in)16 conc_peak=14 pread=4.007s
DBG getmany L58 nw=11 wall=0.184s thr(out)1 thr(in)16 conc_peak=11 pread=1.449s
DBG getmany L59 nw=10 wall=0.107s thr(out)1 thr(in)16 conc_peak=9 pread=0.593s
DBG getmany L60 nw=13 wall=0.188s thr(out)1 thr(in)16 conc_peak=13 pread=1.425s
DBG getmany L61 nw=15 wall=0.216s thr(out)1 thr(in)16 conc_peak=15 pread=1.938s
DBG getmany L62 nw=11 wall=0.156s thr(out)1 thr(in)16 conc_peak=11 pread=0.980s
DBG getmany L63 nw=12 wall=0.176s thr(out)1 thr(in)16 conc_peak=12 pread=1.242s
DBG getmany L64 nw=13 wall=0.186s thr(out)1 thr(in)16 conc_peak=13 pread=1.393s
DBG getmany L65 nw=10 wall=0.142s thr(out)1 thr(in)16 conc_peak=10 pread=0.811s
DBG getmany L66 nw=13 wall=0.185s thr(out)1 thr(in)16 conc_peak=13 pread=1.341s
DBG getmany L67 nw=13 wall=0.185s thr(out)1 thr(in)16 conc_peak=13 pread=1.387s
DBG getmany L68 nw=11 wall=0.153s thr(out)1 thr(in)16 conc_peak=11 pread=0.982s
DBG getmany L69 nw=11 wall=0.162s thr(out)1 thr(in)16 conc_peak=11 pread=1.015s
DBG getmany L70 nw=11 wall=0.156s thr(out)1 thr(in)16 conc_peak=11 pread=0.959s
DBG getmany L71 nw=10 wall=0.143s thr(out)1 thr(in)16 conc_peak=10 pread=0.920s
DBG getmany L72 nw=15 wall=0.218s thr(out)1 thr(in)16 conc_peak=15 pread=1.851s
DBG getmany L73 nw=16 wall=0.228s thr(out)1 thr(in)16 conc_peak=16 pread=1.992s
DBG getmany L74 nw=16 wall=0.235s thr(out)1 thr(in)16 conc_peak=16 pread=2.309s
DBG getmany L75 nw=16 wall=0.232s thr(out)1 thr(in)16 conc_peak=16 pread=2.173s
DBG getmany L76 nw=16 wall=0.235s thr(out)1 thr(in)16 conc_peak=16 pread=2.143s
DBG getmany L77 nw=13 wall=0.186s thr(out)1 thr(in)16 conc_peak=13 pread=1.524s
DBG getmany L78 nw=15 wall=0.219s thr(out)1 thr(in)16 conc_peak=15 pread=1.965s
DBG getmany L79 nw=14 wall=0.207s thr(out)1 thr(in)16 conc_peak=14 pread=1.709s
DBG getmany L80 nw=16 wall=0.276s thr(out)1 thr(in)16 conc_peak=16 pread=2.674s
DBG getmany L81 nw=13 wall=0.621s thr(out)1 thr(in)16 conc_peak=13 pread=6.609s
DBG getmany L82 nw=14 wall=1.299s thr(out)1 thr(in)16 conc_peak=14 pread=14.198s
DBG getmany L83 nw=12 wall=1.047s thr(out)1 thr(in)16 conc_peak=12 pread=10.640s
DBG getmany L84 nw=10 wall=0.477s thr(out)1 thr(in)16 conc_peak=10 pread=3.672s
DBG getmany L85 nw=9 wall=0.231s thr(out)1 thr(in)16 conc_peak=9 pread=1.369s
DBG getmany L86 nw=12 wall=0.171s thr(out)1 thr(in)16 conc_peak=12 pread=1.135s
DBG getmany L87 nw=11 wall=0.158s thr(out)1 thr(in)16 conc_peak=11 pread=1.011s
DBG getmany L88 nw=12 wall=0.172s thr(out)1 thr(in)16 conc_peak=12 pread=1.192s
DBG getmany L89 nw=12 wall=0.168s thr(out)1 thr(in)16 conc_peak=12 pread=1.248s
DBG getmany L90 nw=12 wall=0.173s thr(out)1 thr(in)16 conc_peak=12 pread=1.179s
DBG getmany L91 nw=12 wall=0.169s thr(out)1 thr(in)16 conc_peak=12 pread=1.220s
DBG getmany L92 nw=12 wall=0.170s thr(out)1 thr(in)16 conc_peak=12 pread=1.161s
2      24         141.72       100.0      20.23      0.007
  L2   resident=6779/14589 slots hit=100.0% read=67.73GB write=0.00GB
DBG getmany L1 nw=11 wall=0.155s thr(out)1 thr(in)16 conc_peak=11 pread=1.017s
DBG getmany L2 nw=9 wall=0.128s thr(out)1 thr(in)16 conc_peak=9 pread=0.671s
DBG getmany L3 nw=7 wall=0.104s thr(out)1 thr(in)16 conc_peak=7 pread=0.419s
DBG getmany L4 nw=7 wall=0.098s thr(out)1 thr(in)16 conc_peak=7 pread=0.405s
DBG getmany L5 nw=10 wall=0.150s thr(out)1 thr(in)16 conc_peak=10 pread=0.862s
DBG getmany L6 nw=15 wall=0.218s thr(out)1 thr(in)16 conc_peak=15 pread=1.969s
DBG getmany L7 nw=13 wall=0.196s thr(out)1 thr(in)16 conc_peak=13 pread=1.427s
DBG getmany L8 nw=11 wall=0.159s thr(out)1 thr(in)16 conc_peak=11 pread=1.023s
DBG getmany L9 nw=5 wall=0.077s thr(out)1 thr(in)16 conc_peak=5 pread=0.235s
DBG getmany L10 nw=5 wall=0.072s thr(out)1 thr(in)16 conc_peak=5 pread=0.236s
DBG getmany L11 nw=7 wall=0.102s thr(out)1 thr(in)16 conc_peak=7 pread=0.423s
DBG getmany L12 nw=10 wall=0.149s thr(out)1 thr(in)16 conc_peak=10 pread=0.865s
DBG getmany L13 nw=11 wall=0.162s thr(out)1 thr(in)16 conc_peak=11 pread=1.022s
DBG getmany L14 nw=9 wall=0.126s thr(out)1 thr(in)16 conc_peak=9 pread=0.659s
DBG getmany L15 nw=9 wall=0.129s thr(out)1 thr(in)16 conc_peak=8 pread=0.654s
DBG getmany L16 nw=7 wall=0.100s thr(out)1 thr(in)16 conc_peak=7 pread=0.423s
DBG getmany L17 nw=7 wall=0.101s thr(out)1 thr(in)16 conc_peak=7 pread=0.406s
DBG getmany L18 nw=5 wall=0.074s thr(out)1 thr(in)16 conc_peak=5 pread=0.219s
DBG getmany L19 nw=6 wall=0.085s thr(out)1 thr(in)16 conc_peak=6 pread=0.309s
DBG getmany L20 nw=6 wall=0.086s thr(out)1 thr(in)16 conc_peak=6 pread=0.309s
DBG getmany L21 nw=11 wall=0.158s thr(out)1 thr(in)16 conc_peak=11 pread=1.014s
DBG getmany L22 nw=7 wall=0.100s thr(out)1 thr(in)16 conc_peak=7 pread=0.418s
DBG getmany L23 nw=6 wall=0.084s thr(out)1 thr(in)16 conc_peak=6 pread=0.300s
DBG getmany L24 nw=11 wall=0.158s thr(out)1 thr(in)16 conc_peak=11 pread=0.970s
DBG getmany L25 nw=12 wall=0.169s thr(out)1 thr(in)16 conc_peak=12 pread=1.177s
DBG getmany L26 nw=9 wall=0.318s thr(out)1 thr(in)16 conc_peak=9 pread=1.689s
DBG getmany L27 nw=14 wall=0.307s thr(out)1 thr(in)16 conc_peak=14 pread=2.149s
DBG getmany L28 nw=15 wall=0.212s thr(out)1 thr(in)16 conc_peak=15 pread=1.896s
DBG getmany L29 nw=10 wall=0.146s thr(out)1 thr(in)16 conc_peak=10 pread=0.821s
DBG getmany L30 nw=10 wall=0.149s thr(out)1 thr(in)16 conc_peak=10 pread=0.934s
DBG getmany L31 nw=14 wall=0.203s thr(out)1 thr(in)16 conc_peak=14 pread=1.676s
DBG getmany L32 nw=9 wall=0.134s thr(out)1 thr(in)16 conc_peak=7 pread=0.764s
DBG getmany L33 nw=9 wall=0.128s thr(out)1 thr(in)16 conc_peak=9 pread=0.674s
DBG getmany L34 nw=13 wall=0.193s thr(out)1 thr(in)16 conc_peak=13 pread=1.434s
DBG getmany L35 nw=9 wall=0.128s thr(out)1 thr(in)16 conc_peak=9 pread=0.702s
DBG getmany L36 nw=11 wall=0.159s thr(out)1 thr(in)16 conc_peak=11 pread=1.058s
DBG getmany L37 nw=11 wall=0.163s thr(out)1 thr(in)16 conc_peak=10 pread=1.062s
DBG getmany L38 nw=8 wall=0.113s thr(out)1 thr(in)16 conc_peak=8 pread=0.535s
DBG getmany L39 nw=8 wall=0.112s thr(out)1 thr(in)16 conc_peak=8 pread=0.527s
DBG getmany L40 nw=9 wall=0.126s thr(out)1 thr(in)16 conc_peak=9 pread=0.668s
DBG getmany L41 nw=7 wall=0.098s thr(out)1 thr(in)16 conc_peak=7 pread=0.410s
DBG getmany L42 nw=4 wall=0.057s thr(out)1 thr(in)16 conc_peak=4 pread=0.146s
DBG getmany L43 nw=10 wall=0.141s thr(out)1 thr(in)16 conc_peak=10 pread=0.803s
DBG getmany L44 nw=10 wall=0.138s thr(out)1 thr(in)16 conc_peak=10 pread=0.820s
DBG getmany L45 nw=6 wall=0.087s thr(out)1 thr(in)16 conc_peak=5 pread=0.310s
DBG getmany L46 nw=7 wall=0.100s thr(out)1 thr(in)16 conc_peak=7 pread=0.410s
DBG getmany L47 nw=8 wall=0.111s thr(out)1 thr(in)16 conc_peak=6 pread=0.531s
DBG getmany L48 nw=10 wall=0.141s thr(out)1 thr(in)16 conc_peak=10 pread=0.843s
DBG getmany L49 nw=11 wall=0.154s thr(out)1 thr(in)16 conc_peak=11 pread=0.993s
DBG getmany L50 nw=11 wall=0.155s thr(out)1 thr(in)16 conc_peak=11 pread=0.974s
DBG getmany L51 nw=7 wall=0.103s thr(out)1 thr(in)16 conc_peak=7 pread=0.444s
DBG getmany L52 nw=9 wall=0.126s thr(out)1 thr(in)16 conc_peak=9 pread=0.698s
DBG getmany L53 nw=8 wall=0.112s thr(out)1 thr(in)16 conc_peak=8 pread=0.562s
DBG getmany L54 nw=9 wall=0.126s thr(out)1 thr(in)16 conc_peak=8 pread=0.649s
DBG getmany L55 nw=7 wall=0.102s thr(out)1 thr(in)16 conc_peak=7 pread=0.418s
DBG getmany L56 nw=12 wall=0.173s thr(out)1 thr(in)16 conc_peak=11 pread=1.215s
DBG getmany L57 nw=10 wall=0.140s thr(out)1 thr(in)16 conc_peak=10 pread=0.796s
DBG getmany L58 nw=6 wall=0.234s thr(out)1 thr(in)16 conc_peak=6 pread=0.549s
DBG getmany L59 nw=8 wall=0.960s thr(out)1 thr(in)16 conc_peak=6 pread=6.204s
DBG getmany L60 nw=7 wall=1.415s thr(out)1 thr(in)16 conc_peak=6 pread=7.303s
DBG getmany L61 nw=10 wall=1.975s thr(out)1 thr(in)16 conc_peak=10 pread=14.757s
DBG getmany L62 nw=7 wall=1.541s thr(out)1 thr(in)16 conc_peak=7 pread=8.937s
DBG getmany L63 nw=6 wall=1.382s thr(out)1 thr(in)16 conc_peak=6 pread=6.648s
DBG getmany L64 nw=6 wall=1.120s thr(out)1 thr(in)16 conc_peak=6 pread=6.401s
DBG getmany L65 nw=5 wall=2.246s thr(out)1 thr(in)16 conc_peak=5 pread=7.730s
DBG getmany L66 nw=8 wall=1.875s thr(out)1 thr(in)16 conc_peak=8 pread=10.795s
DBG getmany L67 nw=7 wall=2.600s thr(out)1 thr(in)16 conc_peak=7 pread=16.007s
DBG getmany L68 nw=9 wall=2.672s thr(out)1 thr(in)16 conc_peak=9 pread=17.309s
DBG getmany L69 nw=7 wall=1.490s thr(out)1 thr(in)16 conc_peak=7 pread=7.783s
DBG getmany L70 nw=7 wall=1.760s thr(out)1 thr(in)16 conc_peak=7 pread=9.563s
DBG getmany L71 nw=8 wall=1.490s thr(out)1 thr(in)16 conc_peak=8 pread=9.599s
DBG getmany L72 nw=8 wall=1.804s thr(out)1 thr(in)16 conc_peak=8 pread=11.734s
DBG getmany L73 nw=7 wall=0.474s thr(out)1 thr(in)16 conc_peak=5 pread=1.913s
DBG getmany L75 nw=5 wall=0.051s thr(out)1 thr(in)16 conc_peak=5 pread=0.160s
DBG getmany L76 nw=7 wall=0.074s thr(out)1 thr(in)16 conc_peak=7 pread=0.341s
DBG getmany L77 nw=5 wall=0.051s thr(out)1 thr(in)16 conc_peak=5 pread=0.171s
DBG getmany L80 nw=5 wall=0.053s thr(out)1 thr(in)16 conc_peak=5 pread=0.169s
DBG getmany L81 nw=9 wall=0.092s thr(out)1 thr(in)16 conc_peak=9 pread=0.477s
DBG getmany L82 nw=9 wall=0.136s thr(out)1 thr(in)16 conc_peak=9 pread=0.723s
DBG getmany L83 nw=7 wall=0.103s thr(out)1 thr(in)16 conc_peak=7 pread=0.408s
DBG getmany L85 nw=6 wall=0.085s thr(out)1 thr(in)16 conc_peak=6 pread=0.308s
DBG getmany L86 nw=5 wall=0.070s thr(out)1 thr(in)16 conc_peak=5 pread=0.253s
DBG getmany L87 nw=6 wall=0.089s thr(out)1 thr(in)16 conc_peak=6 pread=0.328s
DBG getmany L89 nw=4 wall=0.060s thr(out)1 thr(in)16 conc_peak=4 pread=0.157s
DBG getmany L90 nw=4 wall=0.058s thr(out)1 thr(in)16 conc_peak=4 pread=0.161s
DBG getmany L91 nw=4 wall=0.059s thr(out)1 thr(in)16 conc_peak=3 pread=0.163s
DBG getmany L92 nw=8 wall=0.112s thr(out)1 thr(in)16 conc_peak=8 pread=0.523s
3      12         111.91       100.0      12.98      0.009
  L2   resident=6779/14589 slots hit=100.0% read=80.72GB write=0.00GB
DBG getmany L1 nw=13 wall=0.182s thr(out)1 thr(in)16 conc_peak=13 pread=1.313s
DBG getmany L2 nw=8 wall=0.116s thr(out)1 thr(in)16 conc_peak=8 pread=0.536s
DBG getmany L3 nw=8 wall=0.113s thr(out)1 thr(in)16 conc_peak=8 pread=0.536s
DBG getmany L4 nw=6 wall=0.085s thr(out)1 thr(in)16 conc_peak=6 pread=0.320s
DBG getmany L5 nw=9 wall=0.127s thr(out)1 thr(in)16 conc_peak=9 pread=0.647s
DBG getmany L6 nw=13 wall=0.181s thr(out)1 thr(in)16 conc_peak=13 pread=1.356s
DBG getmany L7 nw=12 wall=0.170s thr(out)1 thr(in)16 conc_peak=11 pread=1.227s
DBG getmany L8 nw=10 wall=0.145s thr(out)1 thr(in)16 conc_peak=10 pread=0.839s
DBG getmany L9 nw=10 wall=0.141s thr(out)1 thr(in)16 conc_peak=10 pread=0.825s
DBG getmany L10 nw=8 wall=0.113s thr(out)1 thr(in)16 conc_peak=8 pread=0.522s
DBG getmany L11 nw=6 wall=0.084s thr(out)1 thr(in)16 conc_peak=6 pread=0.309s
DBG getmany L12 nw=9 wall=0.132s thr(out)1 thr(in)16 conc_peak=9 pread=0.663s
DBG getmany L13 nw=8 wall=0.117s thr(out)1 thr(in)16 conc_peak=8 pread=0.558s
DBG getmany L14 nw=13 wall=0.184s thr(out)1 thr(in)16 conc_peak=13 pread=1.492s
DBG getmany L15 nw=10 wall=0.147s thr(out)1 thr(in)16 conc_peak=10 pread=0.859s
DBG getmany L16 nw=10 wall=0.139s thr(out)1 thr(in)16 conc_peak=10 pread=0.780s
DBG getmany L17 nw=9 wall=0.126s thr(out)1 thr(in)16 conc_peak=9 pread=0.647s
DBG getmany L18 nw=11 wall=0.156s thr(out)1 thr(in)16 conc_peak=11 pread=0.978s
DBG getmany L19 nw=10 wall=0.142s thr(out)1 thr(in)16 conc_peak=10 pread=0.824s
DBG getmany L20 nw=9 wall=0.131s thr(out)1 thr(in)16 conc_peak=8 pread=0.654s
DBG getmany L21 nw=10 wall=0.145s thr(out)1 thr(in)16 conc_peak=10 pread=0.807s
DBG getmany L22 nw=9 wall=0.128s thr(out)1 thr(in)16 conc_peak=9 pread=0.671s
DBG getmany L23 nw=9 wall=0.132s thr(out)1 thr(in)16 conc_peak=9 pread=0.696s
DBG getmany L24 nw=9 wall=0.126s thr(out)1 thr(in)16 conc_peak=8 pread=0.704s
DBG getmany L25 nw=8 wall=0.116s thr(out)1 thr(in)16 conc_peak=8 pread=0.536s
