L2 auto: 209 GB free on /mnt/nvme -> L2 at 256 GB
k3 chip: 4 workers, 4 TFLOPS, 200 GB/s simulated wall
DBG getmany L1 nw=16 wall=0.214s thr(out)1 thr(in)16 conc_peak=16 pread=2.424s
DBG getmany L2 nw=16 wall=0.196s thr(out)1 thr(in)16 conc_peak=16 pread=2.093s
DBG getmany L3 nw=16 wall=0.201s thr(out)1 thr(in)16 conc_peak=16 pread=2.242s
DBG getmany L4 nw=16 wall=0.185s thr(out)1 thr(in)16 conc_peak=16 pread=1.926s
DBG getmany L5 nw=16 wall=0.185s thr(out)1 thr(in)16 conc_peak=16 pread=1.921s
DBG getmany L6 nw=16 wall=0.187s thr(out)1 thr(in)16 conc_peak=16 pread=1.911s
DBG getmany L7 nw=16 wall=0.192s thr(out)1 thr(in)16 conc_peak=16 pread=2.012s
DBG getmany L8 nw=16 wall=0.198s thr(out)1 thr(in)16 conc_peak=16 pread=2.180s
DBG getmany L9 nw=16 wall=0.199s thr(out)1 thr(in)16 conc_peak=16 pread=2.194s
DBG getmany L10 nw=16 wall=0.201s thr(out)1 thr(in)16 conc_peak=16 pread=2.184s
DBG getmany L11 nw=16 wall=0.198s thr(out)1 thr(in)16 conc_peak=16 pread=2.105s
DBG getmany L12 nw=16 wall=0.197s thr(out)1 thr(in)16 conc_peak=16 pread=2.070s
DBG getmany L13 nw=16 wall=0.205s thr(out)1 thr(in)16 conc_peak=16 pread=2.112s
DBG getmany L14 nw=16 wall=0.206s thr(out)1 thr(in)16 conc_peak=16 pread=2.250s
DBG getmany L15 nw=16 wall=0.201s thr(out)1 thr(in)16 conc_peak=16 pread=2.098s
DBG getmany L16 nw=16 wall=0.202s thr(out)1 thr(in)16 conc_peak=16 pread=2.163s
DBG getmany L17 nw=16 wall=0.201s thr(out)1 thr(in)16 conc_peak=16 pread=2.145s
DBG getmany L18 nw=16 wall=0.205s thr(out)1 thr(in)16 conc_peak=16 pread=2.200s
DBG getmany L19 nw=16 wall=0.209s thr(out)1 thr(in)16 conc_peak=16 pread=2.126s
DBG getmany L20 nw=16 wall=0.204s thr(out)1 thr(in)16 conc_peak=16 pread=2.177s
DBG getmany L21 nw=16 wall=0.260s thr(out)1 thr(in)16 conc_peak=16 pread=2.347s
DBG getmany L22 nw=16 wall=0.281s thr(out)1 thr(in)16 conc_peak=16 pread=2.357s
DBG getmany L23 nw=16 wall=0.489s thr(out)1 thr(in)16 conc_peak=16 pread=5.902s
DBG getmany L24 nw=16 wall=0.505s thr(out)1 thr(in)16 conc_peak=16 pread=6.193s
DBG getmany L25 nw=16 wall=0.539s thr(out)1 thr(in)16 conc_peak=16 pread=6.518s
DBG getmany L26 nw=16 wall=0.379s thr(out)1 thr(in)16 conc_peak=16 pread=4.657s
DBG getmany L27 nw=16 wall=0.480s thr(out)1 thr(in)16 conc_peak=16 pread=6.353s
DBG getmany L28 nw=16 wall=0.455s thr(out)1 thr(in)16 conc_peak=16 pread=6.106s
DBG getmany L29 nw=16 wall=0.513s thr(out)1 thr(in)16 conc_peak=16 pread=7.331s
DBG getmany L30 nw=16 wall=0.380s thr(out)1 thr(in)16 conc_peak=16 pread=4.945s
DBG getmany L31 nw=16 wall=0.546s thr(out)1 thr(in)16 conc_peak=16 pread=7.655s
DBG getmany L32 nw=16 wall=0.527s thr(out)1 thr(in)16 conc_peak=16 pread=7.695s
DBG getmany L33 nw=16 wall=0.564s thr(out)1 thr(in)16 conc_peak=16 pread=8.225s
DBG getmany L34 nw=16 wall=0.397s thr(out)1 thr(in)16 conc_peak=16 pread=5.267s
DBG getmany L35 nw=16 wall=0.573s thr(out)1 thr(in)16 conc_peak=16 pread=8.137s
DBG getmany L36 nw=16 wall=0.540s thr(out)1 thr(in)16 conc_peak=16 pread=6.673s
DBG getmany L37 nw=16 wall=0.538s thr(out)1 thr(in)16 conc_peak=16 pread=7.477s
DBG getmany L38 nw=16 wall=0.397s thr(out)1 thr(in)16 conc_peak=16 pread=5.183s
DBG getmany L39 nw=16 wall=0.585s thr(out)1 thr(in)16 conc_peak=16 pread=7.519s
DBG getmany L40 nw=16 wall=0.549s thr(out)1 thr(in)16 conc_peak=16 pread=7.256s
DBG getmany L41 nw=16 wall=0.497s thr(out)1 thr(in)16 conc_peak=16 pread=6.532s
DBG getmany L42 nw=16 wall=0.394s thr(out)1 thr(in)16 conc_peak=16 pread=5.191s
DBG getmany L43 nw=16 wall=0.585s thr(out)1 thr(in)16 conc_peak=16 pread=8.911s
DBG getmany L44 nw=16 wall=0.541s thr(out)1 thr(in)16 conc_peak=16 pread=7.125s
DBG getmany L45 nw=16 wall=0.552s thr(out)1 thr(in)16 conc_peak=16 pread=6.790s
DBG getmany L46 nw=16 wall=0.427s thr(out)1 thr(in)16 conc_peak=16 pread=5.930s
DBG getmany L47 nw=16 wall=0.572s thr(out)1 thr(in)16 conc_peak=16 pread=7.661s
DBG getmany L48 nw=16 wall=0.552s thr(out)1 thr(in)16 conc_peak=16 pread=7.406s
DBG getmany L49 nw=16 wall=0.561s thr(out)1 thr(in)16 conc_peak=16 pread=6.889s
DBG getmany L50 nw=16 wall=0.442s thr(out)1 thr(in)16 conc_peak=16 pread=5.588s
DBG getmany L51 nw=16 wall=0.584s thr(out)1 thr(in)16 conc_peak=16 pread=7.841s
DBG getmany L52 nw=16 wall=0.586s thr(out)1 thr(in)16 conc_peak=16 pread=6.275s
DBG getmany L53 nw=16 wall=0.558s thr(out)1 thr(in)16 conc_peak=16 pread=6.593s
DBG getmany L54 nw=16 wall=0.443s thr(out)1 thr(in)16 conc_peak=16 pread=5.067s
DBG getmany L55 nw=16 wall=0.558s thr(out)1 thr(in)16 conc_peak=16 pread=6.718s
DBG getmany L56 nw=16 wall=0.608s thr(out)1 thr(in)16 conc_peak=16 pread=7.957s
DBG getmany L57 nw=16 wall=0.499s thr(out)1 thr(in)16 conc_peak=16 pread=5.757s
DBG getmany L58 nw=16 wall=0.397s thr(out)1 thr(in)16 conc_peak=16 pread=5.026s
DBG getmany L59 nw=16 wall=0.637s thr(out)1 thr(in)16 conc_peak=16 pread=7.867s
DBG getmany L60 nw=16 wall=0.787s thr(out)1 thr(in)16 conc_peak=16 pread=9.859s
DBG getmany L61 nw=16 wall=0.767s thr(out)1 thr(in)16 conc_peak=16 pread=10.412s
DBG getmany L62 nw=16 wall=0.579s thr(out)1 thr(in)16 conc_peak=16 pread=6.803s
DBG getmany L63 nw=16 wall=0.796s thr(out)1 thr(in)16 conc_peak=16 pread=10.379s
DBG getmany L64 nw=16 wall=0.803s thr(out)1 thr(in)16 conc_peak=16 pread=11.604s
DBG getmany L65 nw=16 wall=0.779s thr(out)1 thr(in)16 conc_peak=16 pread=10.833s
DBG getmany L66 nw=16 wall=0.583s thr(out)1 thr(in)16 conc_peak=16 pread=7.591s
DBG getmany L67 nw=16 wall=0.789s thr(out)1 thr(in)16 conc_peak=16 pread=10.015s
DBG getmany L68 nw=16 wall=0.767s thr(out)1 thr(in)16 conc_peak=16 pread=9.589s
DBG getmany L69 nw=16 wall=0.801s thr(out)1 thr(in)16 conc_peak=16 pread=11.861s
DBG getmany L70 nw=16 wall=0.589s thr(out)1 thr(in)16 conc_peak=16 pread=7.934s
DBG getmany L71 nw=16 wall=0.857s thr(out)1 thr(in)16 conc_peak=16 pread=10.602s
DBG getmany L72 nw=16 wall=0.783s thr(out)1 thr(in)16 conc_peak=16 pread=9.760s
DBG getmany L73 nw=16 wall=0.790s thr(out)1 thr(in)16 conc_peak=16 pread=10.898s
DBG getmany L74 nw=16 wall=0.592s thr(out)1 thr(in)16 conc_peak=16 pread=7.595s
DBG getmany L75 nw=16 wall=0.789s thr(out)1 thr(in)16 conc_peak=16 pread=10.705s
DBG getmany L76 nw=16 wall=0.752s thr(out)1 thr(in)16 conc_peak=16 pread=10.881s
DBG getmany L77 nw=16 wall=0.788s thr(out)1 thr(in)16 conc_peak=16 pread=10.433s
DBG getmany L78 nw=16 wall=0.608s thr(out)1 thr(in)16 conc_peak=12 pread=8.897s
DBG getmany L79 nw=16 wall=0.781s thr(out)1 thr(in)16 conc_peak=16 pread=8.200s
DBG getmany L80 nw=16 wall=0.761s thr(out)1 thr(in)16 conc_peak=16 pread=11.317s
DBG getmany L81 nw=16 wall=0.798s thr(out)1 thr(in)16 conc_peak=16 pread=9.895s
DBG getmany L82 nw=16 wall=0.569s thr(out)1 thr(in)16 conc_peak=16 pread=7.081s
DBG getmany L83 nw=16 wall=0.765s thr(out)1 thr(in)16 conc_peak=16 pread=8.447s
DBG getmany L84 nw=16 wall=0.749s thr(out)1 thr(in)16 conc_peak=16 pread=10.474s
DBG getmany L85 nw=16 wall=0.745s thr(out)1 thr(in)16 conc_peak=16 pread=10.777s
DBG getmany L86 nw=16 wall=0.559s thr(out)1 thr(in)16 conc_peak=16 pread=8.268s
DBG getmany L87 nw=16 wall=0.771s thr(out)1 thr(in)16 conc_peak=16 pread=11.327s
DBG getmany L88 nw=16 wall=0.725s thr(out)1 thr(in)16 conc_peak=16 pread=7.158s
DBG getmany L89 nw=16 wall=0.809s thr(out)1 thr(in)16 conc_peak=16 pread=12.168s
DBG getmany L90 nw=16 wall=0.576s thr(out)1 thr(in)16 conc_peak=16 pread=5.695s
DBG getmany L91 nw=16 wall=0.593s thr(out)1 thr(in)16 conc_peak=16 pread=7.335s
DBG getmany L92 nw=16 wall=0.230s thr(out)1 thr(in)16 conc_peak=16 pread=2.120s
config: /model/config.json (nested shape) | hidden=7168 layers=93 vocab=163840 | 24 MLA + 69 KDA | experts 896 top16 shared2 | latent=3584
  KV cache : 11.85 MB for 5 positions (2.37 MB/position)
Kimi K3, pure C, released checkpoint
  model    : /model
  prompt   : 1 tokens, generating 3

indexed 497220 tensors from 96 shards in 3.98 s
trunk on disk : 110.00 GB total (STREAMED from /mnt/nvme/trunk_layers_out, not held in RAM)

memory plan
  trunk (STREAMED) 32.00 GB
  embed + lm_head  4.70 GB
  expert cache     15.00 GB
  recurrent state  626.25 MB
  buffers          4.68 MB
  KV cache         11.83 MB
  TOTAL            52.34 GB
  available        57.80 GB

k3_trunk: trunk.bin absent - using per-layer slices (layer_%03d.bin)
trunk stream: 56.60 GB packed, 22/93 layers PINNED (29.30 GB), ring 2 x 1.30 GB
              reads use buffered I/O
              ring holds 2 slots: layers repeat over ~2 tokens, so recent ones are reused instead of re-read
trunk streaming enabled from /mnt/nvme/trunk_layers_out in 0.0 s
embedding, final norm and lm_head: 4.70 GB in 10.4 s

expert L1 eviction policy: heat
expert L2 cache enabled: 14589 slots x 17.55 MB = 256.00 GB on /mnt/nvme/experts.l2
expert L2 exact: nslot=14589 slot_bytes=17547264 l2_slot=17547264 K3_ST_ALIGN=4096
expert L2 eviction policy: heat
peak RSS after loading weights: 4.78 GB  (the plan above is a forecast, this is measured)
expert cache: 854 slots x 17.56 MB = 14.99 GB (1.04% of the 1.45 TB expert pool)

recurrent state for 93 layers: 626.25 MB

incremental decode: KV cache 11.83 MB for 24 MLA layers at 5 positions

STEP   TOKEN      SECONDS      CACHE HIT  READ GB    TOK/S
--------------------------------------------------------------------
0      220        80.40        100.0      25.83      0.012
  L2   resident=6779/14589 slots hit=100.0% read=25.83GB write=0.00GB
DBG getmany L1 nw=16 wall=0.246s thr(out)1 thr(in)16 conc_peak=16 pread=2.129s
DBG getmany L2 nw=16 wall=0.235s thr(out)1 thr(in)16 conc_peak=16 pread=2.384s
DBG getmany L3 nw=16 wall=0.238s thr(out)1 thr(in)16 conc_peak=16 pread=2.235s
DBG getmany L4 nw=16 wall=0.229s thr(out)1 thr(in)16 conc_peak=16 pread=2.019s
DBG getmany L5 nw=16 wall=0.233s thr(out)1 thr(in)16 conc_peak=16 pread=2.243s
DBG getmany L6 nw=16 wall=0.247s thr(out)1 thr(in)16 conc_peak=16 pread=2.377s
DBG getmany L7 nw=16 wall=0.232s thr(out)1 thr(in)16 conc_peak=16 pread=2.168s
DBG getmany L8 nw=16 wall=0.228s thr(out)1 thr(in)16 conc_peak=16 pread=2.036s
DBG getmany L9 nw=16 wall=0.235s thr(out)1 thr(in)16 conc_peak=16 pread=2.139s
DBG getmany L10 nw=16 wall=0.241s thr(out)1 thr(in)16 conc_peak=16 pread=2.128s
DBG getmany L11 nw=16 wall=0.241s thr(out)1 thr(in)16 conc_peak=16 pread=2.306s
DBG getmany L12 nw=16 wall=0.236s thr(out)1 thr(in)16 conc_peak=16 pread=2.192s
DBG getmany L13 nw=16 wall=0.244s thr(out)1 thr(in)16 conc_peak=16 pread=2.283s
DBG getmany L14 nw=16 wall=0.241s thr(out)1 thr(in)16 conc_peak=16 pread=2.108s
DBG getmany L15 nw=16 wall=0.250s thr(out)1 thr(in)16 conc_peak=16 pread=2.248s
DBG getmany L16 nw=16 wall=0.238s thr(out)1 thr(in)16 conc_peak=16 pread=2.056s
DBG getmany L17 nw=16 wall=0.237s thr(out)1 thr(in)16 conc_peak=16 pread=2.111s
DBG getmany L18 nw=16 wall=0.232s thr(out)1 thr(in)16 conc_peak=16 pread=2.084s
DBG getmany L19 nw=16 wall=0.237s thr(out)1 thr(in)16 conc_peak=16 pread=2.252s
DBG getmany L20 nw=16 wall=0.238s thr(out)1 thr(in)16 conc_peak=16 pread=2.233s
DBG getmany L21 nw=16 wall=0.773s thr(out)1 thr(in)16 conc_peak=16 pread=6.602s
DBG getmany L22 nw=16 wall=0.601s thr(out)1 thr(in)16 conc_peak=16 pread=8.548s
DBG getmany L23 nw=16 wall=0.715s thr(out)1 thr(in)16 conc_peak=16 pread=8.417s
DBG getmany L24 nw=16 wall=0.823s thr(out)1 thr(in)16 conc_peak=16 pread=9.034s
DBG getmany L25 nw=16 wall=0.773s thr(out)1 thr(in)16 conc_peak=16 pread=10.436s
DBG getmany L26 nw=16 wall=0.587s thr(out)1 thr(in)16 conc_peak=16 pread=8.248s
DBG getmany L27 nw=16 wall=0.753s thr(out)1 thr(in)16 conc_peak=16 pread=10.977s
DBG getmany L28 nw=16 wall=0.719s thr(out)1 thr(in)16 conc_peak=16 pread=8.964s
DBG getmany L29 nw=16 wall=0.774s thr(out)1 thr(in)16 conc_peak=16 pread=10.921s
DBG getmany L30 nw=16 wall=0.589s thr(out)1 thr(in)16 conc_peak=16 pread=7.078s
DBG getmany L31 nw=16 wall=0.778s thr(out)1 thr(in)16 conc_peak=16 pread=10.948s
DBG getmany L32 nw=16 wall=0.798s thr(out)1 thr(in)16 conc_peak=16 pread=10.191s
DBG getmany L33 nw=16 wall=0.837s thr(out)1 thr(in)16 conc_peak=16 pread=11.266s
DBG getmany L34 nw=16 wall=0.597s thr(out)1 thr(in)16 conc_peak=16 pread=6.884s
DBG getmany L35 nw=16 wall=0.803s thr(out)1 thr(in)16 conc_peak=16 pread=7.253s
DBG getmany L36 nw=16 wall=0.785s thr(out)1 thr(in)16 conc_peak=16 pread=10.393s
DBG getmany L37 nw=16 wall=0.786s thr(out)1 thr(in)16 conc_peak=16 pread=7.584s
DBG getmany L38 nw=16 wall=0.568s thr(out)1 thr(in)16 conc_peak=16 pread=7.813s
DBG getmany L39 nw=16 wall=0.779s thr(out)1 thr(in)16 conc_peak=16 pread=11.558s
DBG getmany L40 nw=16 wall=0.790s thr(out)1 thr(in)16 conc_peak=16 pread=10.903s
DBG getmany L41 nw=16 wall=0.773s thr(out)1 thr(in)16 conc_peak=16 pread=10.376s
DBG getmany L42 nw=16 wall=0.601s thr(out)1 thr(in)16 conc_peak=16 pread=8.311s
DBG getmany L43 nw=16 wall=0.824s thr(out)1 thr(in)16 conc_peak=16 pread=8.040s
DBG getmany L44 nw=16 wall=0.791s thr(out)1 thr(in)16 conc_peak=16 pread=11.535s
DBG getmany L45 nw=16 wall=0.813s thr(out)1 thr(in)16 conc_peak=16 pread=10.958s
DBG getmany L46 nw=16 wall=0.618s thr(out)1 thr(in)16 conc_peak=16 pread=8.684s
DBG getmany L47 nw=16 wall=0.785s thr(out)1 thr(in)16 conc_peak=16 pread=10.987s
DBG getmany L48 nw=16 wall=0.763s thr(out)1 thr(in)16 conc_peak=16 pread=10.557s
DBG getmany L49 nw=16 wall=0.809s thr(out)1 thr(in)16 conc_peak=16 pread=12.110s
DBG getmany L50 nw=16 wall=0.611s thr(out)1 thr(in)16 conc_peak=16 pread=8.092s
DBG getmany L51 nw=16 wall=0.782s thr(out)1 thr(in)16 conc_peak=16 pread=8.461s
DBG getmany L52 nw=16 wall=0.743s thr(out)1 thr(in)16 conc_peak=16 pread=9.406s
DBG getmany L53 nw=16 wall=0.795s thr(out)1 thr(in)16 conc_peak=16 pread=11.354s
DBG getmany L54 nw=16 wall=0.596s thr(out)1 thr(in)16 conc_peak=16 pread=8.476s
DBG getmany L55 nw=16 wall=0.787s thr(out)1 thr(in)16 conc_peak=16 pread=9.026s
DBG getmany L56 nw=16 wall=0.778s thr(out)1 thr(in)16 conc_peak=16 pread=11.048s
DBG getmany L57 nw=16 wall=0.780s thr(out)1 thr(in)16 conc_peak=16 pread=10.497s
DBG getmany L58 nw=16 wall=0.586s thr(out)1 thr(in)16 conc_peak=16 pread=8.666s
DBG getmany L59 nw=16 wall=0.792s thr(out)1 thr(in)16 conc_peak=16 pread=11.043s
DBG getmany L60 nw=16 wall=0.783s thr(out)1 thr(in)16 conc_peak=16 pread=10.769s
DBG getmany L61 nw=16 wall=0.763s thr(out)1 thr(in)16 conc_peak=16 pread=7.921s
DBG getmany L62 nw=16 wall=0.540s thr(out)1 thr(in)16 conc_peak=16 pread=5.966s
DBG getmany L63 nw=16 wall=0.783s thr(out)1 thr(in)16 conc_peak=16 pread=11.766s
DBG getmany L64 nw=16 wall=0.761s thr(out)1 thr(in)16 conc_peak=16 pread=11.000s
DBG getmany L65 nw=16 wall=0.693s thr(out)1 thr(in)16 conc_peak=16 pread=8.569s
DBG getmany L66 nw=16 wall=0.589s thr(out)1 thr(in)16 conc_peak=16 pread=8.195s
DBG getmany L67 nw=16 wall=0.775s thr(out)1 thr(in)16 conc_peak=16 pread=8.664s
DBG getmany L68 nw=16 wall=0.776s thr(out)1 thr(in)16 conc_peak=16 pread=11.079s
DBG getmany L69 nw=16 wall=0.795s thr(out)1 thr(in)16 conc_peak=16 pread=11.827s
DBG getmany L70 nw=16 wall=0.590s thr(out)1 thr(in)16 conc_peak=16 pread=7.247s
DBG getmany L71 nw=16 wall=0.765s thr(out)1 thr(in)16 conc_peak=16 pread=10.189s
DBG getmany L72 nw=16 wall=0.799s thr(out)1 thr(in)16 conc_peak=16 pread=11.287s
DBG getmany L73 nw=16 wall=6.238s thr(out)1 thr(in)16 conc_peak=16 pread=38.908s
DBG getmany L74 nw=16 wall=6.391s thr(out)1 thr(in)16 conc_peak=16 pread=93.989s
DBG getmany L75 nw=16 wall=0.808s thr(out)1 thr(in)16 conc_peak=16 pread=7.183s
DBG getmany L76 nw=16 wall=0.734s thr(out)1 thr(in)16 conc_peak=16 pread=8.877s
DBG getmany L77 nw=16 wall=0.797s thr(out)1 thr(in)16 conc_peak=16 pread=11.964s
DBG getmany L78 nw=16 wall=0.604s thr(out)1 thr(in)16 conc_peak=16 pread=8.440s
DBG getmany L79 nw=16 wall=0.777s thr(out)1 thr(in)16 conc_peak=16 pread=11.578s
DBG getmany L80 nw=16 wall=0.763s thr(out)1 thr(in)16 conc_peak=16 pread=11.408s
DBG getmany L81 nw=16 wall=0.808s thr(out)1 thr(in)16 conc_peak=16 pread=12.099s
DBG getmany L82 nw=16 wall=0.585s thr(out)1 thr(in)16 conc_peak=16 pread=8.272s
DBG getmany L83 nw=16 wall=0.790s thr(out)1 thr(in)16 conc_peak=16 pread=11.517s
DBG getmany L84 nw=16 wall=0.776s thr(out)1 thr(in)16 conc_peak=16 pread=10.757s
DBG getmany L85 nw=16 wall=0.764s thr(out)1 thr(in)16 conc_peak=16 pread=10.816s
DBG getmany L86 nw=16 wall=0.581s thr(out)1 thr(in)16 conc_peak=16 pread=7.317s
DBG getmany L87 nw=16 wall=0.773s thr(out)1 thr(in)16 conc_peak=16 pread=10.847s
DBG getmany L88 nw=16 wall=0.779s thr(out)1 thr(in)16 conc_peak=16 pread=10.664s
DBG getmany L89 nw=16 wall=0.666s thr(out)1 thr(in)16 conc_peak=16 pread=8.984s
DBG getmany L90 nw=16 wall=0.587s thr(out)1 thr(in)16 conc_peak=16 pread=7.854s
DBG getmany L91 nw=16 wall=0.595s thr(out)1 thr(in)16 conc_peak=16 pread=8.497s
DBG getmany L92 nw=16 wall=0.252s thr(out)1 thr(in)16 conc_peak=16 pread=2.423s
1      802        83.32        100.0      25.83      0.012
  L2   resident=6779/14589 slots hit=100.0% read=51.66GB write=0.00GB
DBG getmany L1 nw=16 wall=0.252s thr(out)1 thr(in)16 conc_peak=16 pread=2.274s
DBG getmany L2 nw=15 wall=0.242s thr(out)1 thr(in)16 conc_peak=15 pread=2.135s
DBG getmany L3 nw=13 wall=0.206s thr(out)1 thr(in)16 conc_peak=13 pread=1.544s
DBG getmany L4 nw=15 wall=0.233s thr(out)1 thr(in)16 conc_peak=15 pread=2.145s
DBG getmany L5 nw=16 wall=0.244s thr(out)1 thr(in)16 conc_peak=16 pread=2.129s
DBG getmany L6 nw=15 wall=0.238s thr(out)1 thr(in)16 conc_peak=15 pread=2.029s
DBG getmany L7 nw=15 wall=0.218s thr(out)1 thr(in)16 conc_peak=15 pread=1.912s
DBG getmany L8 nw=16 wall=0.230s thr(out)1 thr(in)16 conc_peak=16 pread=2.105s
DBG getmany L9 nw=15 wall=0.217s thr(out)1 thr(in)16 conc_peak=15 pread=1.965s
DBG getmany L10 nw=15 wall=0.221s thr(out)1 thr(in)16 conc_peak=15 pread=1.952s
DBG getmany L11 nw=15 wall=0.221s thr(out)1 thr(in)16 conc_peak=15 pread=1.938s
DBG getmany L12 nw=15 wall=0.221s thr(out)1 thr(in)16 conc_peak=15 pread=1.905s
DBG getmany L13 nw=16 wall=0.246s thr(out)1 thr(in)16 conc_peak=16 pread=2.310s
DBG getmany L14 nw=15 wall=0.225s thr(out)1 thr(in)16 conc_peak=15 pread=2.016s
DBG getmany L15 nw=16 wall=0.246s thr(out)1 thr(in)16 conc_peak=16 pread=2.180s
DBG getmany L16 nw=15 wall=0.227s thr(out)1 thr(in)16 conc_peak=15 pread=1.976s
DBG getmany L17 nw=16 wall=0.242s thr(out)1 thr(in)16 conc_peak=16 pread=2.194s
DBG getmany L18 nw=16 wall=0.239s thr(out)1 thr(in)16 conc_peak=16 pread=2.329s
DBG getmany L19 nw=16 wall=0.241s thr(out)1 thr(in)16 conc_peak=16 pread=2.494s
DBG getmany L20 nw=16 wall=0.233s thr(out)1 thr(in)16 conc_peak=16 pread=2.360s
DBG getmany L21 nw=16 wall=0.772s thr(out)1 thr(in)16 conc_peak=15 pread=9.683s
DBG getmany L22 nw=16 wall=0.608s thr(out)1 thr(in)16 conc_peak=16 pread=8.604s
DBG getmany L23 nw=15 wall=0.722s thr(out)1 thr(in)16 conc_peak=15 pread=10.310s
DBG getmany L24 nw=13 wall=0.789s thr(out)1 thr(in)16 conc_peak=13 pread=8.748s
DBG getmany L25 nw=15 wall=0.767s thr(out)1 thr(in)16 conc_peak=15 pread=10.006s
DBG getmany L26 nw=15 wall=0.577s thr(out)1 thr(in)16 conc_peak=15 pread=7.963s
DBG getmany L27 nw=16 wall=0.672s thr(out)1 thr(in)16 conc_peak=16 pread=9.460s
DBG getmany L28 nw=15 wall=0.708s thr(out)1 thr(in)16 conc_peak=15 pread=9.555s
DBG getmany L29 nw=16 wall=0.795s thr(out)1 thr(in)16 conc_peak=16 pread=11.494s
DBG getmany L30 nw=16 wall=0.606s thr(out)1 thr(in)16 conc_peak=16 pread=7.771s
DBG getmany L31 nw=16 wall=0.785s thr(out)1 thr(in)16 conc_peak=16 pread=10.551s
DBG getmany L32 nw=14 wall=0.757s thr(out)1 thr(in)16 conc_peak=13 pread=5.412s
DBG getmany L33 nw=15 wall=0.802s thr(out)1 thr(in)16 conc_peak=15 pread=11.123s
DBG getmany L34 nw=16 wall=0.616s thr(out)1 thr(in)16 conc_peak=16 pread=7.033s
DBG getmany L35 nw=16 wall=0.807s thr(out)1 thr(in)16 conc_peak=16 pread=11.810s
DBG getmany L36 nw=14 wall=0.753s thr(out)1 thr(in)16 conc_peak=14 pread=9.039s
DBG getmany L37 nw=16 wall=0.793s thr(out)1 thr(in)16 conc_peak=16 pread=10.377s
DBG getmany L38 nw=16 wall=0.566s thr(out)1 thr(in)16 conc_peak=16 pread=8.223s
DBG getmany L39 nw=16 wall=0.776s thr(out)1 thr(in)16 conc_peak=16 pread=11.113s
DBG getmany L40 nw=16 wall=0.783s thr(out)1 thr(in)16 conc_peak=16 pread=11.848s
DBG getmany L41 nw=16 wall=0.752s thr(out)1 thr(in)16 conc_peak=16 pread=11.130s
DBG getmany L42 nw=16 wall=0.585s thr(out)1 thr(in)16 conc_peak=16 pread=6.824s
DBG getmany L43 nw=16 wall=0.826s thr(out)1 thr(in)16 conc_peak=16 pread=11.774s
DBG getmany L44 nw=16 wall=0.791s thr(out)1 thr(in)16 conc_peak=16 pread=11.813s
DBG getmany L45 nw=16 wall=0.821s thr(out)1 thr(in)16 conc_peak=16 pread=12.226s
DBG getmany L46 nw=15 wall=0.593s thr(out)1 thr(in)16 conc_peak=15 pread=7.960s
DBG getmany L47 nw=15 wall=0.770s thr(out)1 thr(in)16 conc_peak=15 pread=10.461s
DBG getmany L48 nw=15 wall=0.764s thr(out)1 thr(in)16 conc_peak=15 pread=10.945s
DBG getmany L49 nw=15 wall=0.802s thr(out)1 thr(in)16 conc_peak=15 pread=10.251s
DBG getmany L50 nw=16 wall=0.595s thr(out)1 thr(in)16 conc_peak=16 pread=8.514s
DBG getmany L51 nw=16 wall=0.763s thr(out)1 thr(in)16 conc_peak=16 pread=11.397s
DBG getmany L52 nw=16 wall=0.732s thr(out)1 thr(in)16 conc_peak=16 pread=10.547s
DBG getmany L53 nw=15 wall=0.756s thr(out)1 thr(in)16 conc_peak=15 pread=10.162s
DBG getmany L54 nw=16 wall=0.585s thr(out)1 thr(in)16 conc_peak=16 pread=6.880s
DBG getmany L55 nw=16 wall=0.772s thr(out)1 thr(in)16 conc_peak=16 pread=11.746s
DBG getmany L56 nw=16 wall=0.774s thr(out)1 thr(in)16 conc_peak=16 pread=11.601s
DBG getmany L57 nw=16 wall=0.785s thr(out)1 thr(in)16 conc_peak=16 pread=11.075s
DBG getmany L58 nw=16 wall=0.583s thr(out)1 thr(in)16 conc_peak=16 pread=8.287s
DBG getmany L59 nw=16 wall=0.792s thr(out)1 thr(in)16 conc_peak=16 pread=8.677s
DBG getmany L60 nw=16 wall=0.799s thr(out)1 thr(in)16 conc_peak=16 pread=11.043s
DBG getmany L61 nw=16 wall=0.762s thr(out)1 thr(in)16 conc_peak=16 pread=11.473s
DBG getmany L62 nw=16 wall=0.565s thr(out)1 thr(in)16 conc_peak=16 pread=6.237s
DBG getmany L63 nw=16 wall=0.645s thr(out)1 thr(in)16 conc_peak=16 pread=7.800s
DBG getmany L64 nw=16 wall=0.815s thr(out)1 thr(in)16 conc_peak=16 pread=12.160s
DBG getmany L65 nw=16 wall=0.769s thr(out)1 thr(in)16 conc_peak=16 pread=8.366s
DBG getmany L66 nw=16 wall=0.605s thr(out)1 thr(in)16 conc_peak=16 pread=7.677s
DBG getmany L67 nw=16 wall=0.803s thr(out)1 thr(in)16 conc_peak=16 pread=11.353s
DBG getmany L68 nw=16 wall=0.778s thr(out)1 thr(in)16 conc_peak=16 pread=11.062s
DBG getmany L69 nw=16 wall=0.798s thr(out)1 thr(in)16 conc_peak=16 pread=11.058s
DBG getmany L70 nw=16 wall=0.578s thr(out)1 thr(in)16 conc_peak=16 pread=7.656s
DBG getmany L71 nw=16 wall=0.850s thr(out)1 thr(in)16 conc_peak=16 pread=11.442s
DBG getmany L72 nw=16 wall=0.791s thr(out)1 thr(in)16 conc_peak=16 pread=10.584s
DBG getmany L73 nw=16 wall=0.791s thr(out)1 thr(in)16 conc_peak=16 pread=11.460s
DBG getmany L74 nw=16 wall=0.535s thr(out)1 thr(in)16 conc_peak=16 pread=7.007s
DBG getmany L75 nw=16 wall=0.783s thr(out)1 thr(in)16 conc_peak=16 pread=11.022s
DBG getmany L76 nw=16 wall=0.706s thr(out)1 thr(in)16 conc_peak=16 pread=10.305s
DBG getmany L77 nw=16 wall=0.790s thr(out)1 thr(in)16 conc_peak=16 pread=11.439s
DBG getmany L78 nw=16 wall=0.591s thr(out)1 thr(in)16 conc_peak=16 pread=8.701s
DBG getmany L79 nw=16 wall=0.776s thr(out)1 thr(in)16 conc_peak=16 pread=11.145s
DBG getmany L80 nw=16 wall=0.772s thr(out)1 thr(in)16 conc_peak=16 pread=10.450s
DBG getmany L81 nw=15 wall=0.797s thr(out)1 thr(in)16 conc_peak=15 pread=9.124s
DBG getmany L82 nw=16 wall=0.586s thr(out)1 thr(in)16 conc_peak=16 pread=8.219s
DBG getmany L83 nw=13 wall=0.739s thr(out)1 thr(in)16 conc_peak=13 pread=8.577s
DBG getmany L84 nw=13 wall=0.723s thr(out)1 thr(in)16 conc_peak=13 pread=8.135s
DBG getmany L85 nw=14 wall=0.728s thr(out)1 thr(in)16 conc_peak=13 pread=8.928s
DBG getmany L86 nw=16 wall=0.578s thr(out)1 thr(in)16 conc_peak=16 pread=7.325s
DBG getmany L87 nw=13 wall=0.728s thr(out)1 thr(in)16 conc_peak=13 pread=8.623s
DBG getmany L88 nw=15 wall=0.754s thr(out)1 thr(in)16 conc_peak=15 pread=9.335s
DBG getmany L89 nw=13 wall=0.758s thr(out)1 thr(in)16 conc_peak=13 pread=4.636s
DBG getmany L90 nw=12 wall=0.515s thr(out)1 thr(in)16 conc_peak=12 pread=5.616s
DBG getmany L91 nw=13 wall=0.556s thr(out)1 thr(in)16 conc_peak=13 pread=6.221s
DBG getmany L92 nw=13 wall=0.188s thr(out)1 thr(in)16 conc_peak=13 pread=1.444s
2      24         70.89        100.0      24.85      0.014
  L2   resident=6779/14589 slots hit=100.0% read=76.49GB write=0.00GB
--------------------------------------------------------------------
3 tokens in 234.6 s, 78.21 s/token average
PEAK RSS for the whole run: 37.16 GB   <- quote this, not the plan
layers completed: 93/93; routed expert drops: 0


[chip] simulated MXFP4 GEMV bill over 4 tokens
  4416 expert chains | 291722231808 flops | 77488717824 bytes (77.49 GB)
  per token: 1104 chains | 19.37 GB | 0.07 Gflops
  compute wall @ 4 TFLOPS : 0.07 s (18.23 ms/token)
  bandwidth wall @ 200 GB/s : 0.39 s (96.86 ms/token)
  -> bandwidth-bound; to be compute-bound at 4 TFLOPS this needs 1062 GB/s
  expert fetch (host wall, measured): 172.08 s moving 77.49 GB = 0 GB/s
  chip pool wall (measured): 22.04 s

cache [final step]
  slots        : 854 of 17.56 MB = 14.99 GB arena (854 resident, 0 pinned)
  requests     : 1472  hits 1472 (100.00%)  misses 0  evictions 1416
  of those hits : 1416 came from the batch prefetch, i.e. read from disk
                  this token; TRUE resident hit rate 3.80%
  read from disk: 24.85 GB in 55.89 s (445 MB/s while loading)
  phase2 i/o    : 24.86 GB in 55.89 s (445 MB/s)  [pure parallel disk read]
l2cache [final step]
  requests     : 4359  hits 4359 (100.00%)  misses 0
  read  from sdd7: 76.49 GB, written 0.00 GB
  hit I/O   : 76.49 GB in 170.69 s (wall) = 448 MB/s [pread 2162.53 s, 35 MB/s per-thread]
  miss I/O  : 0 misses, 0.00 GB from /model in 0.00 s (wall) = 0 MB/s
  restored from meta: 6779 slots

wrote reports/gateab_ab/v49_paired/eng1/ctrl.json
I/O share of wall clock: 146.4%  (trunk 172.8 s + experts 170.7 s of 234.6 s)
  both figures are WHOLE-RUN totals over 3 steps
  expert phase split: phase1 SERIAL reserve 0.1 s (552 calls) vs phase2 read 170.7 s
  over 100% because trunk reads overlap compute on the reader thread;
  108.9 s of device time was hidden behind arithmetic
  experts, whole run: 76.51 GB read | 910 of 4416 requests retained in RAM (20.61%) | 3506 evictions
    (retention = requests - evictions; the raw `hits` counter includes
     experts the prefetcher had just read from disk, so it is not a
     measure of avoided I/O)

trunk [final]
  pinned 22/93 layers, ring 2 slots
  binds 279, hits 44 (15.8%), reads 235
  read 140.16 GB in 172.81 s (811 MB/s pread)
  per-layer loads [L]=count: 0=1 1=1 2=1 3=1 4=1 5=1 6=1 7=1 8=1 9=1 10=1 11=1 12=1 13=1 14=1 15=1 16=1 17=1 18=1 19=1 20=1 21=1 22=3 23=3 24=3 25=3 26=3 27=3 28=3 29=3 30=3 31=3 32=3 33=3 34=3 35=3 36=3 37=3 38=3 39=3 40=3 41=3 42=3 43=3 44=3 45=3 46=3 47=3 48=3 49=3 50=3 51=3 52=3 53=3 54=3 55=3 56=3 57=3 58=3 59=3 60=3 61=3 62=3 63=3 64=3 65=3 66=3 67=3 68=3 69=3 70=3 71=3 72=3 73=3 74=3 75=3 76=3 77=3 78=3 79=3 80=3 81=3 82=3 83=3 84=3 85=3 86=3 87=3 88=3 89=3 90=3 91=3 92=3
  bind wall 17.60 s over 279 binds; read 172.81 + widen 1.46 = 174.26 s of device work,
                    of which 156.66 s (90%) overlapped compute on the reader thread
  widen breakdown: find 3 ms (7365)  copy 0 ms (3444)  deq 1448 ms (2370)  timed 1 s of widen 1.46 s
