k3 chip: 4 workers, 4 TFLOPS, 200 GB/s simulated wall
DBG fwd_inner loop_outer=1 loop_serial=1 T=6 trunk=0x5d091aac2240 n_bound=12
DBG run L=0 lay_ptr=0x70cdcdec2000
DBG run L=1 lay_ptr=0x70cd1afa8000
DBG getmany L1 nw=64 wall=0.820s thr(out)1 thr(in)16 conc_peak=16 pread=10.694s
DBG run L=2 lay_ptr=0x70cccd1a8000
DBG getmany L2 nw=64 wall=0.679s thr(out)1 thr(in)16 conc_peak=16 pread=10.151s
DBG run L=3 lay_ptr=0x70cc7f3e2000
DBG getmany L3 nw=61 wall=0.637s thr(out)1 thr(in)16 conc_peak=16 pread=9.151s
DBG run L=4 lay_ptr=0x70cba2ab5000
DBG getmany L4 nw=48 wall=0.521s thr(out)1 thr(in)16 conc_peak=16 pread=7.319s
DBG run L=5 lay_ptr=0x70cb54fa8000
DBG getmany L5 nw=64 wall=0.670s thr(out)1 thr(in)16 conc_peak=16 pread=9.664s
DBG run L=6 lay_ptr=0x70cbf05c2000
DBG getmany L6 nw=64 wall=8.637s thr(out)1 thr(in)16 conc_peak=16 pread=130.892s
DBG run L=7 lay_ptr=0x70cc31509000
DBG getmany L7 nw=64 wall=2.749s thr(out)1 thr(in)16 conc_peak=16 pread=30.173s
DBG run L=8 lay_ptr=0x70cb54fa8000
DBG getmany L8 nw=64 wall=1.498s thr(out)1 thr(in)16 conc_peak=16 pread=20.418s
DBG run L=9 lay_ptr=0x70cba2ab5000
DBG getmany L9 nw=64 wall=1.585s thr(out)1 thr(in)16 conc_peak=16 pread=22.974s
DBG run L=10 lay_ptr=0x70cbf05c2000
DBG getmany L10 nw=59 wall=4.014s thr(out)1 thr(in)16 conc_peak=16 pread=51.681s
DBG run L=11 lay_ptr=0x70cc31509000
DBG getmany L11 nw=64 wall=3.376s thr(out)1 thr(in)16 conc_peak=16 pread=47.773s
config: /model/config.json (nested shape) | hidden=7168 layers=93 vocab=163840 | 24 MLA + 69 KDA | experts 896 top16 shared2 | latent=3584
NOTE: binding only the first 12 of 93 layers. Output is NOT the full model; it is a partial stack for testing the machinery.

  KV cache : 18.96 MB for 8 positions (2.37 MB/position)
Kimi K3, pure C, released checkpoint
  model    : /model
  prompt   : 6 tokens, generating 1

indexed 497220 tensors from 96 shards in 0.59 s
trunk on disk : 15.16 GB total (STREAMED from /mnt/nvme/trunk_layers_out, not held in RAM)

memory plan
  trunk (STREAMED) 12.00 GB
  embed + lm_head  4.70 GB
  expert cache     8.00 GB
  recurrent state  80.81 MB
  buffers          6.68 MB
  KV cache         18.92 MB
  TOTAL            24.80 GB
  available        28.48 GB

k3_trunk: trunk.bin absent - using per-layer slices (layer_%03d.bin)
trunk stream: 56.60 GB packed, 4/93 layers PINNED (6.70 GB), ring 4 x 1.30 GB
              reads use buffered I/O
              ring holds 4 slots: layers repeat over ~4 tokens, so recent ones are reused instead of re-read
trunk streaming enabled from /mnt/nvme/trunk_layers_out in 0.0 s
embedding, final norm and lm_head: 4.70 GB in 5.5 s

expert L2 cache enabled: 11397 slots x 17.55 MB = 199.99 GB on /mnt/nvme/experts.l2
expert L2 eviction policy: heat
peak RSS after loading weights: 4.78 GB  (the plan above is a forecast, this is measured)
expert cache: 455 slots x 17.56 MB = 7.99 GB (0.55% of the 1.45 TB expert pool)

recurrent state for 12 layers: 80.81 MB

incremental decode: KV cache 2.37 MB for 3 MLA layers at 8 positions

STEP   TOKEN      SECONDS      CACHE HIT  READ GB    TOK/S
--------------------------------------------------------------------
0      0          104.67       88.4       13.49      0.010
  L2   resident=6298/11397 slots hit=100.0% read=11.90GB write=0.00GB
DBG fwd_inner loop_outer=1 loop_serial=1 T=1 trunk=0x5d091aac2240 n_bound=12
DBG std2 L=0 hnorm_last=0.602
DBG getmany L1 nw=16 wall=1.608s thr(out)1 thr(in)16 conc_peak=16 pread=16.049s
DBG std2 L=1 hnorm_last=1.374
DBG getmany L2 nw=16 wall=1.466s thr(out)1 thr(in)16 conc_peak=16 pread=15.215s
DBG std2 L=2 hnorm_last=3.043
DBG std L=3 hnorm_last=3.043
DBG getmany L3 nw=16 wall=0.415s thr(out)1 thr(in)16 conc_peak=16 pread=3.290s
DBG getmany L4 nw=16 wall=0.780s thr(out)1 thr(in)16 conc_peak=16 pread=7.228s
DBG std2 L=4 hnorm_last=6.691
DBG getmany L5 nw=16 wall=0.436s thr(out)1 thr(in)16 conc_peak=16 pread=3.188s
DBG std2 L=5 hnorm_last=11.638
DBG getmany L6 nw=13 wall=0.425s thr(out)1 thr(in)16 conc_peak=13 pread=2.226s
DBG std2 L=6 hnorm_last=20.222
DBG std L=7 hnorm_last=20.222
DBG getmany L7 nw=9 wall=0.103s thr(out)1 thr(in)16 conc_peak=9 pread=0.490s
DBG getmany L8 nw=9 wall=0.088s thr(out)1 thr(in)16 conc_peak=9 pread=0.511s
DBG std2 L=8 hnorm_last=36.224
DBG std2 L=9 hnorm_last=44.699
DBG std2 L=10 hnorm_last=53.052
DBG std L=11 hnorm_last=53.052
DBG getmany L11 nw=8 wall=0.078s thr(out)1 thr(in)16 conc_peak=8 pread=0.392s
1      57856      37.23        100.0      2.23       0.027
  L2   resident=6298/11397 slots hit=100.0% read=14.13GB write=0.00GB
--------------------------------------------------------------------
1 tokens in 141.9 s, 141.90 s/token average
PEAK RSS for the whole run: 19.48 GB   <- quote this, not the plan
layers completed: 12/12; routed expert drops: 0


[chip] simulated MXFP4 GEMV bill over 7 tokens
  1232 expert chains | 81386274816 flops | 21618229248 bytes (21.62 GB)
  per token: 176 chains | 3.09 GB | 0.01 Gflops
  compute wall @ 4 TFLOPS : 0.02 s (2.91 ms/token)
  bandwidth wall @ 200 GB/s : 0.11 s (15.44 ms/token)
  -> bandwidth-bound; to be compute-bound at 4 TFLOPS this needs 1062 GB/s
  expert fetch (host wall, measured): 59.62 s moving 16.58 GB = 0 GB/s
  chip pool wall (measured): 30.48 s

cache [final step]
  slots        : 455 of 17.56 MB = 7.99 GB arena (455 resident, 0 pinned)
  requests     : 176  hits 176 (100.00%)  misses 0  evictions 127
  of those hits : 127 came from the batch prefetch, i.e. read from disk
                  this token; TRUE resident hit rate 27.84%
  read from disk: 2.23 GB in 5.49 s (406 MB/s while loading)
  phase2 i/o    : 2.23 GB in 5.49 s (406 MB/s)  [pure parallel disk read]
l2cache [final step]
  requests     : 805  hits 805 (100.00%)  misses 0
  read  from sdd7: 14.13 GB, written 0.00 GB
  hit I/O   : 14.13 GB in 30.68 s (wall) = 460 MB/s [pread 399.72 s, 35 MB/s per-thread]
  miss I/O  : 0 misses, 0.00 GB from /model in 0.00 s (wall) = 0 MB/s
  restored from meta: 6298 slots

wrote reports/loop_newbin_222429/b.json
I/O share of wall clock: 75.0%  (trunk 46.9 s + experts 59.5 s of 141.9 s)
  both figures are WHOLE-RUN totals over 1 steps
  experts, whole run: 15.72 GB read | 504 of 945 requests retained in RAM (53.33%) | 441 evictions
    (retention = requests - evictions; the raw `hits` counter includes
     experts the prefetcher had just read from disk, so it is not a
     measure of avoided I/O)

trunk [final]
  pinned 4/93 layers, ring 4 slots
  binds 24, hits 5 (20.8%), reads 19
  read 12.89 GB in 35.45 s (364 MB/s pread) + 11.46 s parked on the expert gate
  per-layer loads [L]=count: 0=1 1=1 2=1 3=1 4=2 5=2 6=2 7=2 8=1 9=2 10=2 11=2 12=0 13=0 14=0 15=0 16=0 17=0 18=0 19=0 20=0 21=0 22=0 23=0 24=0 25=0 26=0 27=0 28=0 29=0 30=0 31=0 32=0 33=0 34=0 35=0 36=0 37=0 38=0 39=0 40=0 41=0 42=0 43=0 44=0 45=0 46=0 47=0 48=0 49=0 50=0 51=0 52=0 53=0 54=0 55=0 56=0 57=0 58=0 59=0 60=0 61=0 62=0 63=0 64=0 65=0 66=0 67=0 68=0 69=0 70=0 71=0 72=0 73=0 74=0 75=0 76=0 77=0 78=0 79=0 80=0 81=0 82=0 83=0 84=0 85=0 86=0 87=0 88=0 89=0 90=0 91=0 92=0
  bind wall 14.11 s over 24 binds; read 35.45 + widen 2.90 = 38.34 s of device work,
                    of which 24.23 s (63%) overlapped compute on the reader thread
  widen breakdown: find 4 ms (626)  copy 0 ms (274)  deq 2893 ms (200)  timed 3 s of widen 2.90 s
