== nvme bench start Sat Sep 26 11:34:49 CST 2026 ==
6.6.87.2-microsoft-standard-WSL2
TARGET    SOURCE    FSTYPE OPTIONS
/mnt/nvme /dev/sdd7 ext4   rw,noatime
Filesystem      Size  Used Avail Use% Mounted on
/dev/sdd7       384G  169G  196G  47% /mnt/nvme
NAME   ROTA   SIZE MODEL            PHY-SEC TRAN
sda       1 388.6M Virtual Disk         512 
sdb       1   186M Virtual Disk         512 
sdc       1     8G Virtual Disk        4096 
sdd       1 476.9G SINKER SEV512THK    4096 
├─sdd1    1   300M                     4096 
├─sdd2    1   1.5G                     4096 
├─sdd3    1    16G                     4096 
├─sdd4    1  19.5G                     4096 
├─sdd5    1    25G                     4096 
├─sdd6    1    25G                     4096 
└─sdd7    1 389.6G                     4096 
sde       1   1.7T Virtual Disk        4096 
/mnt/f/kimi-k3-in-c/reports/nvme_bench/bench.c: In function ‘slot_worker’:
/mnt/f/kimi-k3-in-c/reports/nvme_bench/bench.c:91:5: warning: ignoring return value of ‘posix_memalign’ declared with attribute ‘warn_unused_result’ [-Wunused-result]
   91 |     posix_memalign((void **)&buf, 4096, g_slotlen);
      |     ^~~~~~~~~~~~~~~~~~~~~~~~~~~~~~~~~~~~~~~~~~~~~~
/mnt/f/kimi-k3-in-c/reports/nvme_bench/bench.c: In function ‘mix_slot_worker’:
/mnt/f/kimi-k3-in-c/reports/nvme_bench/bench.c:228:5: warning: ignoring return value of ‘posix_memalign’ declared with attribute ‘warn_unused_result’ [-Wunused-result]
  228 |     posix_memalign((void **)&buf, 4096, g_slotlen);
      |     ^~~~~~~~~~~~~~~~~~~~~~~~~~~~~~~~~~~~~~~~~~~~~~
/mnt/f/kimi-k3-in-c/reports/nvme_bench/bench.c: In function ‘mix_worker’:
/mnt/f/kimi-k3-in-c/reports/nvme_bench/bench.c:194:9: warning: ignoring return value of ‘posix_memalign’ declared with attribute ‘warn_unused_result’ [-Wunused-result]
  194 |         posix_memalign((void **)&buf, 4096, CHUNK);
      |         ^~~~~~~~~~~~~~~~~~~~~~~~~~~~~~~~~~~~~~~~~~
== S1 trunk seq buffered 20GiB ==
RESULT seq direct=0 bytes=21474836480 dt=58.05s mbps=352.8
== S2 trunk seq O_DIRECT 16GiB ==
RESULT seq direct=1 bytes=17179869184 dt=21.24s mbps=771.3
== S3 expert rndslot O_DIRECT 2048 slots(17.5MB) 16thr - 35.9GB ==
RESULT rndslot direct=1 slots=2048 nthr=16 bytes=35936796672 dt=9.26s mbps=3703.0
== S4 expert rnd4k O_DIRECT 1,048,576 reads 16thr ==
RESULT rnd4k reads=1048576 nthr=16 bytes=28672 dt=0.01s iops=113600277 mbps=3.0
== S5 MIX seq O_DIRECT 12GiB + rndslot 1536 slots 16thr ==
RESULT mix seq_bytes=0 rnd_bytes=26952597504 dt=7.01s seq_mbps=0.0 rnd_mbps=3665.2 agg_mbps=3665.2
== done Sat Sep 26 11:36:40 CST 2026 elapsed 111s ==
WROTE: /mnt/f/kimi-k3-in-c/reports/nvme_bench/bench_20260926_113449.log
