L2 auto: 214 GB free on /mnt/nvme -> L2 at 256 GB
k3 chip: 4 workers, 4 TFLOPS, 200 GB/s simulated wall
DBG getmany L1 nw=16 wall=0.327s thr(out)1 thr(in)16 conc_peak=16 pread=3.609s
DBG getmany L2 nw=16 wall=0.355s thr(out)1 thr(in)16 conc_peak=16 pread=4.532s
DBG getmany L3 nw=16 wall=0.472s thr(out)1 thr(in)16 conc_peak=16 pread=5.464s
DBG getmany L4 nw=16 wall=0.415s thr(out)1 thr(in)16 conc_peak=16 pread=4.904s
DBG getmany L5 nw=16 wall=0.393s thr(out)1 thr(in)16 conc_peak=16 pread=4.834s
DBG getmany L6 nw=16 wall=0.313s thr(out)1 thr(in)16 conc_peak=16 pread=4.046s
DBG getmany L7 nw=16 wall=0.472s thr(out)1 thr(in)16 conc_peak=16 pread=4.660s
DBG getmany L8 nw=16 wall=0.402s thr(out)1 thr(in)16 conc_peak=16 pread=5.572s
DBG getmany L9 nw=16 wall=0.432s thr(out)1 thr(in)16 conc_peak=16 pread=5.376s
DBG getmany L10 nw=16 wall=0.304s thr(out)1 thr(in)16 conc_peak=16 pread=4.205s
DBG getmany L11 nw=16 wall=0.506s thr(out)1 thr(in)16 conc_peak=16 pread=6.065s
DBG getmany L12 nw=16 wall=0.429s thr(out)1 thr(in)16 conc_peak=16 pread=4.718s
DBG getmany L13 nw=16 wall=0.469s thr(out)1 thr(in)16 conc_peak=16 pread=5.423s
DBG getmany L14 nw=16 wall=0.676s thr(out)1 thr(in)16 conc_peak=16 pread=4.370s
DBG getmany L15 nw=16 wall=5.095s thr(out)1 thr(in)16 conc_peak=16 pread=78.497s
DBG getmany L16 nw=16 wall=4.330s thr(out)1 thr(in)16 conc_peak=16 pread=66.486s
DBG getmany L17 nw=16 wall=4.317s thr(out)1 thr(in)16 conc_peak=16 pread=65.155s
DBG getmany L18 nw=16 wall=4.379s thr(out)1 thr(in)16 conc_peak=16 pread=68.041s
DBG getmany L19 nw=16 wall=6.370s thr(out)1 thr(in)16 conc_peak=16 pread=95.960s
DBG getmany L20 nw=16 wall=0.732s thr(out)1 thr(in)16 conc_peak=16 pread=9.807s
DBG getmany L21 nw=16 wall=0.454s thr(out)1 thr(in)16 conc_peak=16 pread=6.028s
DBG getmany L22 nw=16 wall=1.870s thr(out)1 thr(in)16 conc_peak=16 pread=16.032s
DBG getmany L23 nw=16 wall=0.488s thr(out)1 thr(in)16 conc_peak=16 pread=6.183s
DBG getmany L24 nw=16 wall=0.472s thr(out)1 thr(in)16 conc_peak=16 pread=6.149s
DBG getmany L25 nw=16 wall=6.532s thr(out)1 thr(in)16 conc_peak=16 pread=73.743s
DBG getmany L26 nw=16 wall=0.294s thr(out)1 thr(in)16 conc_peak=16 pread=3.888s
DBG getmany L27 nw=16 wall=0.389s thr(out)1 thr(in)16 conc_peak=16 pread=4.793s
DBG getmany L28 nw=16 wall=0.725s thr(out)1 thr(in)16 conc_peak=16 pread=9.080s
DBG getmany L29 nw=16 wall=0.798s thr(out)1 thr(in)16 conc_peak=16 pread=9.581s
DBG getmany L30 nw=16 wall=1.184s thr(out)1 thr(in)16 conc_peak=16 pread=15.692s
DBG getmany L31 nw=16 wall=1.075s thr(out)1 thr(in)16 conc_peak=16 pread=15.095s
DBG getmany L32 nw=16 wall=1.105s thr(out)1 thr(in)16 conc_peak=16 pread=15.144s
DBG getmany L33 nw=16 wall=1.201s thr(out)1 thr(in)16 conc_peak=16 pread=17.686s
DBG getmany L34 nw=16 wall=0.841s thr(out)1 thr(in)16 conc_peak=16 pread=11.610s
DBG getmany L35 nw=16 wall=0.346s thr(out)1 thr(in)16 conc_peak=16 pread=4.548s
DBG getmany L36 nw=16 wall=0.396s thr(out)1 thr(in)16 conc_peak=16 pread=5.171s
DBG getmany L37 nw=16 wall=0.315s thr(out)1 thr(in)16 conc_peak=16 pread=4.260s
DBG getmany L38 nw=16 wall=0.280s thr(out)1 thr(in)16 conc_peak=16 pread=3.728s
DBG getmany L39 nw=16 wall=0.484s thr(out)1 thr(in)16 conc_peak=16 pread=5.884s
DBG getmany L40 nw=16 wall=0.449s thr(out)1 thr(in)16 conc_peak=16 pread=6.151s
DBG getmany L41 nw=16 wall=0.363s thr(out)1 thr(in)16 conc_peak=16 pread=4.775s
DBG getmany L42 nw=16 wall=0.314s thr(out)1 thr(in)16 conc_peak=16 pread=4.125s
DBG getmany L43 nw=16 wall=0.449s thr(out)1 thr(in)16 conc_peak=16 pread=6.039s
DBG getmany L44 nw=16 wall=0.710s thr(out)1 thr(in)16 conc_peak=16 pread=8.286s
DBG getmany L45 nw=16 wall=0.839s thr(out)1 thr(in)16 conc_peak=16 pread=10.801s
DBG getmany L46 nw=16 wall=1.713s thr(out)1 thr(in)16 conc_peak=16 pread=22.535s
DBG getmany L47 nw=16 wall=1.761s thr(out)1 thr(in)16 conc_peak=16 pread=23.765s
DBG getmany L48 nw=16 wall=5.637s thr(out)1 thr(in)16 conc_peak=16 pread=86.364s
DBG getmany L49 nw=16 wall=7.148s thr(out)1 thr(in)16 conc_peak=16 pread=46.389s
DBG getmany L50 nw=16 wall=1.678s thr(out)1 thr(in)16 conc_peak=16 pread=24.056s
DBG getmany L51 nw=16 wall=0.548s thr(out)1 thr(in)16 conc_peak=16 pread=7.828s
DBG getmany L52 nw=16 wall=0.511s thr(out)1 thr(in)16 conc_peak=16 pread=6.901s
DBG getmany L53 nw=16 wall=0.492s thr(out)1 thr(in)16 conc_peak=16 pread=6.080s
DBG getmany L54 nw=16 wall=0.415s thr(out)1 thr(in)16 conc_peak=16 pread=5.243s
DBG getmany L55 nw=16 wall=0.552s thr(out)1 thr(in)16 conc_peak=16 pread=7.083s
DBG getmany L56 nw=16 wall=0.526s thr(out)1 thr(in)16 conc_peak=16 pread=7.665s
DBG getmany L57 nw=16 wall=0.439s thr(out)1 thr(in)16 conc_peak=16 pread=5.737s
DBG getmany L58 nw=16 wall=0.440s thr(out)1 thr(in)16 conc_peak=16 pread=5.320s
DBG getmany L59 nw=16 wall=0.609s thr(out)1 thr(in)16 conc_peak=16 pread=8.224s
DBG getmany L60 nw=16 wall=0.610s thr(out)1 thr(in)16 conc_peak=16 pread=8.315s
DBG getmany L61 nw=16 wall=0.698s thr(out)1 thr(in)16 conc_peak=16 pread=8.845s
DBG getmany L62 nw=16 wall=0.464s thr(out)1 thr(in)16 conc_peak=16 pread=5.896s
DBG getmany L63 nw=16 wall=0.557s thr(out)1 thr(in)16 conc_peak=16 pread=7.768s
DBG getmany L64 nw=16 wall=0.502s thr(out)1 thr(in)16 conc_peak=16 pread=6.278s
DBG getmany L65 nw=16 wall=0.471s thr(out)1 thr(in)16 conc_peak=16 pread=6.227s
DBG getmany L66 nw=16 wall=0.371s thr(out)1 thr(in)16 conc_peak=16 pread=5.043s
DBG getmany L67 nw=16 wall=0.564s thr(out)1 thr(in)16 conc_peak=16 pread=7.103s
DBG getmany L68 nw=16 wall=0.498s thr(out)1 thr(in)16 conc_peak=16 pread=6.826s
DBG getmany L69 nw=16 wall=0.319s thr(out)1 thr(in)16 conc_peak=16 pread=3.483s
DBG getmany L70 nw=16 wall=0.293s thr(out)1 thr(in)16 conc_peak=16 pread=3.812s
DBG getmany L71 nw=16 wall=0.553s thr(out)1 thr(in)16 conc_peak=16 pread=7.705s
DBG getmany L72 nw=16 wall=0.376s thr(out)1 thr(in)16 conc_peak=16 pread=4.539s
DBG getmany L73 nw=16 wall=0.475s thr(out)1 thr(in)16 conc_peak=16 pread=6.555s
DBG getmany L74 nw=16 wall=0.369s thr(out)1 thr(in)16 conc_peak=16 pread=4.476s
DBG getmany L75 nw=16 wall=0.381s thr(out)1 thr(in)16 conc_peak=16 pread=5.175s
DBG getmany L76 nw=16 wall=0.332s thr(out)1 thr(in)16 conc_peak=16 pread=4.820s
DBG getmany L77 nw=16 wall=0.416s thr(out)1 thr(in)16 conc_peak=16 pread=5.695s
DBG getmany L78 nw=16 wall=0.328s thr(out)1 thr(in)16 conc_peak=16 pread=4.475s
DBG getmany L79 nw=16 wall=0.428s thr(out)1 thr(in)16 conc_peak=16 pread=5.292s
DBG getmany L80 nw=16 wall=0.462s thr(out)1 thr(in)16 conc_peak=16 pread=6.555s
DBG getmany L81 nw=16 wall=0.388s thr(out)1 thr(in)16 conc_peak=16 pread=5.157s
DBG getmany L82 nw=16 wall=0.241s thr(out)1 thr(in)16 conc_peak=16 pread=3.205s
DBG getmany L83 nw=16 wall=0.438s thr(out)1 thr(in)16 conc_peak=16 pread=5.597s
DBG getmany L84 nw=16 wall=0.401s thr(out)1 thr(in)16 conc_peak=16 pread=5.628s
DBG getmany L85 nw=16 wall=0.424s thr(out)1 thr(in)16 conc_peak=16 pread=5.670s
DBG getmany L86 nw=16 wall=0.337s thr(out)1 thr(in)16 conc_peak=16 pread=4.483s
DBG getmany L87 nw=16 wall=11.544s thr(out)1 thr(in)16 conc_peak=16 pread=168.754s
DBG getmany L88 nw=16 wall=0.461s thr(out)1 thr(in)16 conc_peak=16 pread=6.539s
DBG getmany L89 nw=16 wall=0.485s thr(out)1 thr(in)16 conc_peak=16 pread=5.617s
DBG getmany L90 nw=16 wall=0.325s thr(out)1 thr(in)16 conc_peak=16 pread=4.616s
DBG getmany L91 nw=16 wall=0.359s thr(out)1 thr(in)16 conc_peak=16 pread=4.755s
DBG getmany L92 nw=16 wall=0.188s thr(out)1 thr(in)16 conc_peak=16 pread=1.814s
auto budget: 28.7 GB available, 9.0 GB reserved -> trunk 6.0 GB / expert cache 13.8 GB
config: /model/config.json (nested shape) | hidden=7168 layers=93 vocab=163840 | 24 MLA + 69 KDA | experts 896 top16 shared2 | latent=3584
  KV cache : 23.70 MB for 10 positions (2.37 MB/position)
Kimi K3, pure C, released checkpoint
  model    : /model
  prompt   : 1 tokens, generating 8

indexed 497220 tensors from 96 shards in 3.98 s
trunk on disk : 110.00 GB total (STREAMED from /mnt/nvme/trunk_layers_out, not held in RAM)

memory plan
  trunk (STREAMED) 6.00 GB
  embed + lm_head  4.70 GB
  expert cache     13.76 GB
  recurrent state  626.25 MB
  buffers          8.02 MB
  KV cache         23.65 MB
  TOTAL            25.12 GB
  available        28.63 GB

k3_trunk: trunk.bin absent - using per-layer slices (layer_%03d.bin)
trunk stream: 56.60 GB packed, 1/93 layers PINNED (3.00 GB), ring 2 x 1.30 GB
              reads use buffered I/O
              ring holds 2 slots: layers repeat over ~2 tokens, so recent ones are reused instead of re-read
trunk streaming enabled from /mnt/nvme/trunk_layers_out in 0.0 s
embedding, final norm and lm_head: 4.70 GB in 11.4 s

expert L1 eviction policy: heat
expert L2 cache enabled: 14589 slots x 17.55 MB = 256.00 GB on /mnt/nvme/experts.l2
expert L2 eviction policy: heat
peak RSS after loading weights: 4.79 GB  (the plan above is a forecast, this is measured)
expert cache: 783 slots x 17.56 MB = 13.75 GB (0.95% of the 1.45 TB expert pool)

recurrent state for 93 layers: 626.25 MB

incremental decode: KV cache 23.65 MB for 24 MLA layers at 10 positions

STEP   TOKEN      SECONDS      CACHE HIT  READ GB    TOK/S
--------------------------------------------------------------------
0      220        160.02       100.0      25.83      0.006
  L2   resident=6511/14589 slots hit=100.0% read=25.83GB write=0.00GB
DBG getmany L1 nw=16 wall=0.205s thr(out)1 thr(in)16 conc_peak=16 pread=2.066s
DBG getmany L2 nw=16 wall=0.266s thr(out)1 thr(in)16 conc_peak=16 pread=2.404s
DBG getmany L3 nw=16 wall=0.714s thr(out)1 thr(in)16 conc_peak=16 pread=7.829s
DBG getmany L4 nw=16 wall=2.045s thr(out)1 thr(in)16 conc_peak=16 pread=32.031s
DBG getmany L5 nw=16 wall=0.168s thr(out)1 thr(in)16 conc_peak=16 pread=1.653s
DBG getmany L6 nw=16 wall=0.164s thr(out)1 thr(in)16 conc_peak=16 pread=1.927s
DBG getmany L7 nw=16 wall=0.256s thr(out)1 thr(in)16 conc_peak=16 pread=2.709s
DBG getmany L8 nw=16 wall=0.155s thr(out)1 thr(in)16 conc_peak=16 pread=1.479s
DBG getmany L9 nw=16 wall=0.196s thr(out)1 thr(in)16 conc_peak=16 pread=2.152s
DBG getmany L10 nw=16 wall=0.158s thr(out)1 thr(in)16 conc_peak=16 pread=1.608s
DBG getmany L11 nw=16 wall=0.434s thr(out)1 thr(in)16 conc_peak=16 pread=5.208s
DBG getmany L12 nw=16 wall=0.232s thr(out)1 thr(in)16 conc_peak=16 pread=3.043s
DBG getmany L13 nw=16 wall=0.236s thr(out)1 thr(in)16 conc_peak=16 pread=2.985s
DBG getmany L14 nw=16 wall=0.163s thr(out)1 thr(in)16 conc_peak=16 pread=1.583s
DBG getmany L15 nw=16 wall=0.367s thr(out)1 thr(in)16 conc_peak=16 pread=5.262s
DBG getmany L16 nw=16 wall=0.263s thr(out)1 thr(in)16 conc_peak=16 pread=3.620s
DBG getmany L17 nw=16 wall=0.406s thr(out)1 thr(in)16 conc_peak=16 pread=6.027s
DBG getmany L18 nw=16 wall=0.229s thr(out)1 thr(in)16 conc_peak=16 pread=2.986s
DBG getmany L19 nw=16 wall=0.397s thr(out)1 thr(in)16 conc_peak=16 pread=4.978s
DBG getmany L20 nw=16 wall=0.348s thr(out)1 thr(in)16 conc_peak=16 pread=4.292s
DBG getmany L21 nw=16 wall=0.344s thr(out)1 thr(in)16 conc_peak=16 pread=4.577s
DBG getmany L22 nw=16 wall=0.284s thr(out)1 thr(in)16 conc_peak=16 pread=3.675s
DBG getmany L23 nw=16 wall=0.447s thr(out)1 thr(in)16 conc_peak=16 pread=6.238s
DBG getmany L24 nw=16 wall=0.442s thr(out)1 thr(in)16 conc_peak=16 pread=5.429s
DBG getmany L25 nw=16 wall=0.471s thr(out)1 thr(in)16 conc_peak=16 pread=5.818s
DBG getmany L26 nw=16 wall=0.299s thr(out)1 thr(in)16 conc_peak=16 pread=4.219s
DBG getmany L27 nw=16 wall=0.443s thr(out)1 thr(in)16 conc_peak=16 pread=6.426s
DBG getmany L28 nw=16 wall=0.394s thr(out)1 thr(in)16 conc_peak=16 pread=5.271s
DBG getmany L29 nw=16 wall=0.368s thr(out)1 thr(in)16 conc_peak=16 pread=5.262s
DBG getmany L30 nw=16 wall=0.309s thr(out)1 thr(in)16 conc_peak=16 pread=4.042s
DBG getmany L31 nw=16 wall=0.533s thr(out)1 thr(in)16 conc_peak=16 pread=5.730s
DBG getmany L32 nw=16 wall=0.441s thr(out)1 thr(in)16 conc_peak=16 pread=6.538s
DBG getmany L33 nw=16 wall=0.483s thr(out)1 thr(in)16 conc_peak=16 pread=5.955s
DBG getmany L34 nw=16 wall=0.326s thr(out)1 thr(in)16 conc_peak=16 pread=4.500s
DBG getmany L35 nw=16 wall=0.543s thr(out)1 thr(in)16 conc_peak=16 pread=7.242s
DBG getmany L36 nw=16 wall=0.491s thr(out)1 thr(in)16 conc_peak=16 pread=6.739s
DBG getmany L37 nw=16 wall=0.459s thr(out)1 thr(in)16 conc_peak=16 pread=5.274s
DBG getmany L38 nw=16 wall=0.317s thr(out)1 thr(in)16 conc_peak=16 pread=4.412s
DBG getmany L39 nw=16 wall=0.481s thr(out)1 thr(in)16 conc_peak=16 pread=7.196s
DBG getmany L40 nw=16 wall=0.451s thr(out)1 thr(in)16 conc_peak=16 pread=5.591s
DBG getmany L41 nw=16 wall=0.461s thr(out)1 thr(in)16 conc_peak=16 pread=5.738s
DBG getmany L42 nw=16 wall=0.318s thr(out)1 thr(in)16 conc_peak=16 pread=4.404s
DBG getmany L43 nw=16 wall=0.537s thr(out)1 thr(in)16 conc_peak=16 pread=7.745s
DBG getmany L44 nw=16 wall=0.448s thr(out)1 thr(in)16 conc_peak=16 pread=6.449s
DBG getmany L45 nw=16 wall=0.475s thr(out)1 thr(in)16 conc_peak=16 pread=7.053s
DBG getmany L46 nw=16 wall=0.366s thr(out)1 thr(in)16 conc_peak=16 pread=5.014s
DBG getmany L47 nw=16 wall=0.445s thr(out)1 thr(in)16 conc_peak=16 pread=5.301s
DBG getmany L48 nw=16 wall=0.528s thr(out)1 thr(in)16 conc_peak=16 pread=7.120s
DBG getmany L49 nw=16 wall=0.544s thr(out)1 thr(in)16 conc_peak=16 pread=5.165s
DBG getmany L50 nw=16 wall=0.379s thr(out)1 thr(in)16 conc_peak=16 pread=4.865s
DBG getmany L51 nw=16 wall=0.515s thr(out)1 thr(in)16 conc_peak=16 pread=6.067s
DBG getmany L52 nw=16 wall=0.582s thr(out)1 thr(in)16 conc_peak=16 pread=8.111s
DBG getmany L53 nw=16 wall=0.712s thr(out)1 thr(in)16 conc_peak=16 pread=8.670s
DBG getmany L54 nw=16 wall=0.533s thr(out)1 thr(in)16 conc_peak=16 pread=7.644s
DBG getmany L55 nw=16 wall=0.704s thr(out)1 thr(in)16 conc_peak=16 pread=9.445s
DBG getmany L56 nw=16 wall=0.674s thr(out)1 thr(in)16 conc_peak=16 pread=10.046s
DBG getmany L57 nw=16 wall=0.698s thr(out)1 thr(in)16 conc_peak=16 pread=10.333s
DBG getmany L58 nw=16 wall=0.519s thr(out)1 thr(in)16 conc_peak=16 pread=6.191s
DBG getmany L59 nw=16 wall=0.706s thr(out)1 thr(in)16 conc_peak=16 pread=8.551s
DBG getmany L60 nw=16 wall=0.676s thr(out)1 thr(in)16 conc_peak=16 pread=9.598s
DBG getmany L61 nw=16 wall=0.686s thr(out)1 thr(in)16 conc_peak=16 pread=9.005s
DBG getmany L62 nw=16 wall=0.496s thr(out)1 thr(in)16 conc_peak=16 pread=6.345s
DBG getmany L63 nw=16 wall=0.718s thr(out)1 thr(in)16 conc_peak=16 pread=9.666s
DBG getmany L64 nw=16 wall=0.703s thr(out)1 thr(in)16 conc_peak=16 pread=9.667s
DBG getmany L65 nw=16 wall=0.693s thr(out)1 thr(in)16 conc_peak=16 pread=8.092s
DBG getmany L66 nw=16 wall=0.533s thr(out)1 thr(in)16 conc_peak=16 pread=6.446s
DBG getmany L67 nw=16 wall=0.759s thr(out)1 thr(in)16 conc_peak=16 pread=8.095s
DBG getmany L68 nw=16 wall=0.648s thr(out)1 thr(in)16 conc_peak=16 pread=8.287s
DBG getmany L69 nw=16 wall=0.689s thr(out)1 thr(in)16 conc_peak=16 pread=10.109s
DBG getmany L70 nw=16 wall=0.483s thr(out)1 thr(in)16 conc_peak=16 pread=5.294s
DBG getmany L71 nw=16 wall=0.752s thr(out)1 thr(in)16 conc_peak=16 pread=10.236s
DBG getmany L72 nw=16 wall=0.713s thr(out)1 thr(in)16 conc_peak=16 pread=10.149s
DBG getmany L73 nw=16 wall=0.695s thr(out)1 thr(in)16 conc_peak=16 pread=7.352s
DBG getmany L74 nw=16 wall=0.555s thr(out)1 thr(in)16 conc_peak=16 pread=7.566s
DBG getmany L75 nw=16 wall=0.724s thr(out)1 thr(in)16 conc_peak=16 pread=10.253s
DBG getmany L76 nw=16 wall=0.677s thr(out)1 thr(in)16 conc_peak=16 pread=7.895s
DBG getmany L77 nw=16 wall=0.715s thr(out)1 thr(in)16 conc_peak=16 pread=9.668s
DBG getmany L78 nw=16 wall=0.502s thr(out)1 thr(in)16 conc_peak=16 pread=7.161s
DBG getmany L79 nw=16 wall=0.708s thr(out)1 thr(in)16 conc_peak=16 pread=9.362s
DBG getmany L80 nw=16 wall=0.701s thr(out)1 thr(in)16 conc_peak=16 pread=9.208s
DBG getmany L81 nw=16 wall=0.689s thr(out)1 thr(in)16 conc_peak=16 pread=9.703s
DBG getmany L82 nw=16 wall=0.503s thr(out)1 thr(in)16 conc_peak=16 pread=6.077s
DBG getmany L83 nw=16 wall=0.737s thr(out)1 thr(in)16 conc_peak=16 pread=10.351s
DBG getmany L84 nw=16 wall=0.659s thr(out)1 thr(in)16 conc_peak=16 pread=8.882s
DBG getmany L85 nw=16 wall=0.657s thr(out)1 thr(in)16 conc_peak=16 pread=7.945s
DBG getmany L86 nw=16 wall=0.477s thr(out)1 thr(in)16 conc_peak=16 pread=6.363s
DBG getmany L87 nw=16 wall=0.691s thr(out)1 thr(in)16 conc_peak=16 pread=10.085s
DBG getmany L88 nw=16 wall=0.681s thr(out)1 thr(in)16 conc_peak=16 pread=9.169s
DBG getmany L89 nw=16 wall=0.717s thr(out)1 thr(in)16 conc_peak=16 pread=10.296s
DBG getmany L90 nw=16 wall=0.443s thr(out)1 thr(in)16 conc_peak=16 pread=6.064s
DBG getmany L91 nw=16 wall=0.496s thr(out)1 thr(in)16 conc_peak=16 pread=6.513s
DBG getmany L92 nw=16 wall=0.232s thr(out)1 thr(in)16 conc_peak=16 pread=2.174s
1      802        81.94        100.0      25.83      0.012
  L2   resident=6511/14589 slots hit=100.0% read=51.66GB write=0.00GB
DBG getmany L1 nw=16 wall=0.576s thr(out)1 thr(in)16 conc_peak=16 pread=7.760s
DBG getmany L2 nw=15 wall=0.498s thr(out)1 thr(in)16 conc_peak=15 pread=6.028s
DBG getmany L3 nw=13 wall=0.690s thr(out)1 thr(in)16 conc_peak=13 pread=7.186s
DBG getmany L4 nw=15 wall=0.664s thr(out)1 thr(in)16 conc_peak=15 pread=8.537s
DBG getmany L5 nw=16 wall=0.677s thr(out)1 thr(in)16 conc_peak=16 pread=8.842s
DBG getmany L6 nw=15 wall=0.478s thr(out)1 thr(in)16 conc_peak=15 pread=6.293s
DBG getmany L7 nw=15 wall=0.708s thr(out)1 thr(in)16 conc_peak=15 pread=8.871s
DBG getmany L8 nw=16 wall=0.697s thr(out)1 thr(in)16 conc_peak=16 pread=10.064s
DBG getmany L9 nw=15 wall=0.660s thr(out)1 thr(in)16 conc_peak=15 pread=9.302s
DBG getmany L10 nw=15 wall=0.509s thr(out)1 thr(in)16 conc_peak=15 pread=6.906s
DBG getmany L11 nw=15 wall=0.739s thr(out)1 thr(in)16 conc_peak=15 pread=10.119s
DBG getmany L12 nw=15 wall=0.668s thr(out)1 thr(in)16 conc_peak=15 pread=9.313s
DBG getmany L13 nw=16 wall=0.505s thr(out)1 thr(in)16 conc_peak=16 pread=5.780s
DBG getmany L14 nw=15 wall=0.471s thr(out)1 thr(in)16 conc_peak=15 pread=6.255s
DBG getmany L15 nw=16 wall=0.704s thr(out)1 thr(in)16 conc_peak=16 pread=9.710s
DBG getmany L16 nw=15 wall=0.652s thr(out)1 thr(in)16 conc_peak=15 pread=9.107s
DBG getmany L17 nw=16 wall=0.878s thr(out)1 thr(in)16 conc_peak=16 pread=10.726s
DBG getmany L18 nw=16 wall=0.487s thr(out)1 thr(in)16 conc_peak=16 pread=6.724s
DBG getmany L19 nw=16 wall=0.614s thr(out)1 thr(in)16 conc_peak=16 pread=7.837s
DBG getmany L20 nw=16 wall=0.600s thr(out)1 thr(in)16 conc_peak=16 pread=8.021s
DBG getmany L21 nw=16 wall=0.693s thr(out)1 thr(in)16 conc_peak=16 pread=9.964s
DBG getmany L22 nw=16 wall=0.450s thr(out)1 thr(in)16 conc_peak=16 pread=5.958s
DBG getmany L23 nw=15 wall=0.641s thr(out)1 thr(in)16 conc_peak=15 pread=9.130s
DBG getmany L24 nw=13 wall=0.610s thr(out)1 thr(in)16 conc_peak=13 pread=6.389s
DBG getmany L25 nw=15 wall=0.584s thr(out)1 thr(in)16 conc_peak=15 pread=6.135s
DBG getmany L26 nw=15 wall=0.455s thr(out)1 thr(in)16 conc_peak=15 pread=6.059s
DBG getmany L27 nw=16 wall=0.687s thr(out)1 thr(in)16 conc_peak=16 pread=9.400s
DBG getmany L28 nw=15 wall=0.623s thr(out)1 thr(in)16 conc_peak=15 pread=8.025s
DBG getmany L29 nw=16 wall=0.735s thr(out)1 thr(in)16 conc_peak=16 pread=9.255s
DBG getmany L30 nw=16 wall=0.637s thr(out)1 thr(in)16 conc_peak=16 pread=5.146s
DBG getmany L31 nw=16 wall=0.726s thr(out)1 thr(in)16 conc_peak=16 pread=10.046s
DBG getmany L32 nw=14 wall=0.625s thr(out)1 thr(in)16 conc_peak=14 pread=6.559s
DBG getmany L33 nw=15 wall=0.702s thr(out)1 thr(in)16 conc_peak=15 pread=10.016s
DBG getmany L34 nw=16 wall=0.521s thr(out)1 thr(in)16 conc_peak=16 pread=6.755s
DBG getmany L35 nw=16 wall=0.782s thr(out)1 thr(in)16 conc_peak=16 pread=11.049s
DBG getmany L36 nw=14 wall=0.665s thr(out)1 thr(in)16 conc_peak=14 pread=7.214s
DBG getmany L37 nw=16 wall=0.566s thr(out)1 thr(in)16 conc_peak=16 pread=7.521s
DBG getmany L38 nw=16 wall=0.522s thr(out)1 thr(in)16 conc_peak=16 pread=6.857s
DBG getmany L39 nw=16 wall=0.621s thr(out)1 thr(in)16 conc_peak=16 pread=7.636s
DBG getmany L40 nw=16 wall=0.743s thr(out)1 thr(in)16 conc_peak=16 pread=9.590s
DBG getmany L41 nw=16 wall=0.651s thr(out)1 thr(in)16 conc_peak=16 pread=8.466s
DBG getmany L42 nw=16 wall=0.526s thr(out)1 thr(in)16 conc_peak=16 pread=7.268s
DBG getmany L43 nw=16 wall=0.734s thr(out)1 thr(in)16 conc_peak=16 pread=9.369s
DBG getmany L44 nw=16 wall=0.722s thr(out)1 thr(in)16 conc_peak=16 pread=9.818s
DBG getmany L45 nw=16 wall=0.729s thr(out)1 thr(in)16 conc_peak=16 pread=9.594s
DBG getmany L46 nw=15 wall=0.509s thr(out)1 thr(in)16 conc_peak=15 pread=6.036s
DBG getmany L47 nw=15 wall=0.705s thr(out)1 thr(in)16 conc_peak=15 pread=9.066s
DBG getmany L48 nw=15 wall=0.750s thr(out)1 thr(in)16 conc_peak=15 pread=9.497s
DBG getmany L49 nw=15 wall=0.757s thr(out)1 thr(in)16 conc_peak=15 pread=6.074s
DBG getmany L50 nw=16 wall=0.514s thr(out)1 thr(in)16 conc_peak=16 pread=7.190s
DBG getmany L51 nw=16 wall=0.681s thr(out)1 thr(in)16 conc_peak=16 pread=9.555s
DBG getmany L52 nw=16 wall=0.754s thr(out)1 thr(in)16 conc_peak=16 pread=9.374s
DBG getmany L53 nw=15 wall=0.747s thr(out)1 thr(in)16 conc_peak=15 pread=9.216s
DBG getmany L54 nw=16 wall=0.519s thr(out)1 thr(in)16 conc_peak=16 pread=7.160s
DBG getmany L55 nw=16 wall=0.736s thr(out)1 thr(in)16 conc_peak=16 pread=6.916s
DBG getmany L56 nw=16 wall=0.693s thr(out)1 thr(in)16 conc_peak=16 pread=7.991s
DBG getmany L57 nw=16 wall=0.677s thr(out)1 thr(in)16 conc_peak=16 pread=9.382s
DBG getmany L58 nw=16 wall=0.505s thr(out)1 thr(in)16 conc_peak=16 pread=6.074s
DBG getmany L59 nw=16 wall=0.642s thr(out)1 thr(in)16 conc_peak=16 pread=8.832s
DBG getmany L60 nw=16 wall=0.704s thr(out)1 thr(in)16 conc_peak=16 pread=7.900s
DBG getmany L61 nw=16 wall=0.690s thr(out)1 thr(in)16 conc_peak=16 pread=8.987s
DBG getmany L62 nw=16 wall=0.537s thr(out)1 thr(in)16 conc_peak=16 pread=7.307s
DBG getmany L63 nw=16 wall=0.738s thr(out)1 thr(in)16 conc_peak=16 pread=8.902s
DBG getmany L64 nw=16 wall=0.732s thr(out)1 thr(in)16 conc_peak=16 pread=8.584s
DBG getmany L65 nw=16 wall=0.651s thr(out)1 thr(in)16 conc_peak=16 pread=8.395s
DBG getmany L66 nw=16 wall=0.495s thr(out)1 thr(in)16 conc_peak=16 pread=6.845s
DBG getmany L67 nw=16 wall=0.735s thr(out)1 thr(in)16 conc_peak=16 pread=9.357s
DBG getmany L68 nw=16 wall=0.692s thr(out)1 thr(in)16 conc_peak=16 pread=10.159s
DBG getmany L69 nw=16 wall=0.691s thr(out)1 thr(in)16 conc_peak=16 pread=9.816s
DBG getmany L70 nw=16 wall=0.523s thr(out)1 thr(in)16 conc_peak=16 pread=6.990s
DBG getmany L71 nw=16 wall=0.775s thr(out)1 thr(in)16 conc_peak=16 pread=11.509s
DBG getmany L72 nw=16 wall=0.713s thr(out)1 thr(in)16 conc_peak=16 pread=9.915s
DBG getmany L73 nw=16 wall=0.691s thr(out)1 thr(in)16 conc_peak=16 pread=9.559s
DBG getmany L74 nw=16 wall=0.508s thr(out)1 thr(in)16 conc_peak=16 pread=7.138s
DBG getmany L75 nw=16 wall=0.715s thr(out)1 thr(in)16 conc_peak=16 pread=9.926s
DBG getmany L76 nw=16 wall=0.651s thr(out)1 thr(in)16 conc_peak=16 pread=8.831s
DBG getmany L77 nw=16 wall=0.705s thr(out)1 thr(in)16 conc_peak=16 pread=10.042s
DBG getmany L78 nw=16 wall=0.510s thr(out)1 thr(in)16 conc_peak=16 pread=7.266s
DBG getmany L79 nw=16 wall=0.705s thr(out)1 thr(in)16 conc_peak=16 pread=10.064s
DBG getmany L80 nw=16 wall=0.673s thr(out)1 thr(in)16 conc_peak=16 pread=10.091s
DBG getmany L81 nw=15 wall=0.681s thr(out)1 thr(in)16 conc_peak=15 pread=9.382s
DBG getmany L82 nw=16 wall=0.514s thr(out)1 thr(in)16 conc_peak=16 pread=7.438s
DBG getmany L83 nw=13 wall=0.665s thr(out)1 thr(in)16 conc_peak=13 pread=6.839s
DBG getmany L84 nw=13 wall=0.647s thr(out)1 thr(in)16 conc_peak=13 pread=3.550s
DBG getmany L85 nw=14 wall=0.577s thr(out)1 thr(in)16 conc_peak=14 pread=7.335s
DBG getmany L86 nw=16 wall=0.502s thr(out)1 thr(in)16 conc_peak=16 pread=6.788s
DBG getmany L87 nw=13 wall=0.674s thr(out)1 thr(in)16 conc_peak=13 pread=6.942s
DBG getmany L88 nw=15 wall=0.687s thr(out)1 thr(in)16 conc_peak=15 pread=8.125s
DBG getmany L89 nw=13 wall=0.666s thr(out)1 thr(in)16 conc_peak=13 pread=6.665s
DBG getmany L90 nw=12 wall=0.417s thr(out)1 thr(in)16 conc_peak=12 pread=4.248s
DBG getmany L91 nw=13 wall=0.494s thr(out)1 thr(in)16 conc_peak=13 pread=5.244s
DBG getmany L92 nw=13 wall=0.186s thr(out)1 thr(in)16 conc_peak=13 pread=1.342s
2      24         81.17        100.0      24.85      0.012
  L2   resident=6511/14589 slots hit=100.0% read=76.49GB write=0.02GB
DBG getmany L1 nw=15 wall=0.618s thr(out)1 thr(in)16 conc_peak=15 pread=7.854s
DBG getmany L2 nw=14 wall=0.483s thr(out)1 thr(in)16 conc_peak=14 pread=5.390s
DBG getmany L3 nw=12 wall=0.650s thr(out)1 thr(in)16 conc_peak=12 pread=5.347s
DBG getmany L4 nw=13 wall=0.633s thr(out)1 thr(in)16 conc_peak=13 pread=6.658s
DBG getmany L5 nw=15 wall=0.698s thr(out)1 thr(in)16 conc_peak=15 pread=8.689s
DBG getmany L6 nw=16 wall=0.494s thr(out)1 thr(in)16 conc_peak=16 pread=5.305s
DBG getmany L7 nw=15 wall=0.696s thr(out)1 thr(in)16 conc_peak=15 pread=8.788s
DBG getmany L8 nw=16 wall=0.687s thr(out)1 thr(in)16 conc_peak=16 pread=9.433s
DBG getmany L9 nw=12 wall=0.608s thr(out)1 thr(in)16 conc_peak=12 pread=5.301s
DBG getmany L10 nw=10 wall=0.446s thr(out)1 thr(in)16 conc_peak=10 pread=3.904s
DBG getmany L11 nw=13 wall=0.711s thr(out)1 thr(in)16 conc_peak=13 pread=7.931s
DBG getmany L12 nw=14 wall=0.639s thr(out)1 thr(in)16 conc_peak=14 pread=8.468s
DBG getmany L13 nw=13 wall=0.560s thr(out)1 thr(in)16 conc_peak=13 pread=6.663s
DBG getmany L14 nw=13 wall=0.551s thr(out)1 thr(in)16 conc_peak=13 pread=2.923s
DBG getmany L15 nw=14 wall=0.612s thr(out)1 thr(in)16 conc_peak=14 pread=7.192s
DBG getmany L16 nw=12 wall=0.596s thr(out)1 thr(in)16 conc_peak=12 pread=5.918s
DBG getmany L17 nw=14 wall=0.884s thr(out)1 thr(in)16 conc_peak=14 pread=10.118s
DBG getmany L18 nw=13 wall=0.479s thr(out)1 thr(in)16 conc_peak=13 pread=4.576s
DBG getmany L19 nw=13 wall=0.637s thr(out)1 thr(in)16 conc_peak=13 pread=6.548s
DBG getmany L20 nw=12 wall=0.577s thr(out)1 thr(in)16 conc_peak=11 pread=5.764s
DBG getmany L21 nw=15 wall=0.680s thr(out)1 thr(in)16 conc_peak=15 pread=9.703s
DBG getmany L22 nw=15 wall=0.510s thr(out)1 thr(in)16 conc_peak=15 pread=6.463s
DBG getmany L23 nw=12 wall=0.636s thr(out)1 thr(in)16 conc_peak=12 pread=5.589s
DBG getmany L24 nw=13 wall=0.724s thr(out)1 thr(in)16 conc_peak=13 pread=6.653s
DBG getmany L25 nw=16 wall=0.722s thr(out)1 thr(in)16 conc_peak=16 pread=8.761s
DBG getmany L26 nw=14 wall=0.506s thr(out)1 thr(in)16 conc_peak=14 pread=6.434s
DBG getmany L27 nw=16 wall=0.691s thr(out)1 thr(in)16 conc_peak=16 pread=10.158s
DBG getmany L28 nw=15 wall=0.640s thr(out)1 thr(in)16 conc_peak=15 pread=8.878s
DBG getmany L29 nw=14 wall=0.691s thr(out)1 thr(in)16 conc_peak=14 pread=8.599s
DBG getmany L30 nw=15 wall=0.534s thr(out)1 thr(in)16 conc_peak=15 pread=6.402s
DBG getmany L31 nw=15 wall=0.728s thr(out)1 thr(in)16 conc_peak=15 pread=8.452s
DBG getmany L32 nw=12 wall=0.602s thr(out)1 thr(in)16 conc_peak=12 pread=5.262s
DBG getmany L33 nw=13 wall=0.474s thr(out)1 thr(in)16 conc_peak=13 pread=4.845s
DBG getmany L34 nw=15 wall=0.519s thr(out)1 thr(in)16 conc_peak=15 pread=7.074s
DBG getmany L35 nw=14 wall=0.739s thr(out)1 thr(in)16 conc_peak=14 pread=8.844s
DBG getmany L36 nw=14 wall=0.694s thr(out)1 thr(in)16 conc_peak=14 pread=8.910s
DBG getmany L37 nw=15 wall=0.674s thr(out)1 thr(in)16 conc_peak=15 pread=9.287s
DBG getmany L38 nw=14 wall=0.484s thr(out)1 thr(in)16 conc_peak=14 pread=6.173s
DBG getmany L39 nw=14 wall=0.698s thr(out)1 thr(in)16 conc_peak=14 pread=8.185s
DBG getmany L40 nw=15 wall=0.730s thr(out)1 thr(in)16 conc_peak=15 pread=10.202s
DBG getmany L41 nw=14 wall=0.661s thr(out)1 thr(in)16 conc_peak=14 pread=7.142s
DBG getmany L42 nw=14 wall=0.465s thr(out)1 thr(in)16 conc_peak=14 pread=5.583s
DBG getmany L43 nw=16 wall=0.723s thr(out)1 thr(in)16 conc_peak=16 pread=9.650s
DBG getmany L44 nw=16 wall=0.701s thr(out)1 thr(in)16 conc_peak=16 pread=10.477s
DBG getmany L45 nw=15 wall=0.724s thr(out)1 thr(in)16 conc_peak=15 pread=10.307s
DBG getmany L46 nw=14 wall=0.526s thr(out)1 thr(in)16 conc_peak=14 pread=6.465s
DBG getmany L47 nw=14 wall=0.705s thr(out)1 thr(in)16 conc_peak=14 pread=8.543s
DBG getmany L48 nw=15 wall=0.738s thr(out)1 thr(in)16 conc_peak=15 pread=9.524s
DBG getmany L49 nw=15 wall=0.696s thr(out)1 thr(in)16 conc_peak=15 pread=9.891s
DBG getmany L50 nw=15 wall=0.528s thr(out)1 thr(in)16 conc_peak=15 pread=6.680s
DBG getmany L51 nw=14 wall=0.707s thr(out)1 thr(in)16 conc_peak=14 pread=8.799s
DBG getmany L52 nw=13 wall=0.591s thr(out)1 thr(in)16 conc_peak=13 pread=7.080s
DBG getmany L53 nw=14 wall=0.672s thr(out)1 thr(in)16 conc_peak=14 pread=8.290s
DBG getmany L54 nw=15 wall=0.472s thr(out)1 thr(in)16 conc_peak=15 pread=5.867s
DBG getmany L55 nw=13 wall=0.690s thr(out)1 thr(in)16 conc_peak=13 pread=5.866s
DBG getmany L56 nw=15 wall=0.686s thr(out)1 thr(in)16 conc_peak=15 pread=9.018s
DBG getmany L57 nw=16 wall=0.728s thr(out)1 thr(in)16 conc_peak=16 pread=10.262s
DBG getmany L58 nw=13 wall=0.397s thr(out)1 thr(in)16 conc_peak=13 pread=4.327s
DBG getmany L59 nw=13 wall=0.705s thr(out)1 thr(in)16 conc_peak=11 pread=7.359s
DBG getmany L60 nw=15 wall=0.712s thr(out)1 thr(in)16 conc_peak=15 pread=8.107s
DBG getmany L61 nw=15 wall=0.688s thr(out)1 thr(in)16 conc_peak=15 pread=7.215s
DBG getmany L62 nw=12 wall=0.461s thr(out)1 thr(in)16 conc_peak=12 pread=3.894s
DBG getmany L63 nw=13 wall=0.694s thr(out)1 thr(in)16 conc_peak=13 pread=7.280s
DBG getmany L64 nw=14 wall=0.694s thr(out)1 thr(in)16 conc_peak=14 pread=8.054s
DBG getmany L65 nw=12 wall=0.636s thr(out)1 thr(in)16 conc_peak=12 pread=6.372s
DBG getmany L66 nw=14 wall=0.472s thr(out)1 thr(in)16 conc_peak=14 pread=5.174s
DBG getmany L67 nw=14 wall=0.732s thr(out)1 thr(in)16 conc_peak=14 pread=7.013s
DBG getmany L68 nw=13 wall=0.669s thr(out)1 thr(in)16 conc_peak=13 pread=8.248s
DBG getmany L69 nw=13 wall=0.640s thr(out)1 thr(in)16 conc_peak=13 pread=6.846s
DBG getmany L70 nw=12 wall=0.474s thr(out)1 thr(in)16 conc_peak=12 pread=4.683s
DBG getmany L71 nw=14 wall=0.752s thr(out)1 thr(in)16 conc_peak=14 pread=10.154s
DBG getmany L72 nw=15 wall=0.695s thr(out)1 thr(in)16 conc_peak=15 pread=8.861s
DBG getmany L73 nw=16 wall=0.717s thr(out)1 thr(in)16 conc_peak=16 pread=9.986s
DBG getmany L74 nw=16 wall=0.497s thr(out)1 thr(in)16 conc_peak=16 pread=6.908s
DBG getmany L75 nw=16 wall=0.722s thr(out)1 thr(in)16 conc_peak=16 pread=10.431s
DBG getmany L76 nw=16 wall=0.665s thr(out)1 thr(in)16 conc_peak=16 pread=7.124s
DBG getmany L77 nw=13 wall=0.663s thr(out)1 thr(in)16 conc_peak=13 pread=8.123s
DBG getmany L78 nw=14 wall=0.504s thr(out)1 thr(in)16 conc_peak=14 pread=5.260s
DBG getmany L79 nw=14 wall=0.605s thr(out)1 thr(in)16 conc_peak=14 pread=7.300s
DBG getmany L80 nw=16 wall=0.706s thr(out)1 thr(in)16 conc_peak=16 pread=9.886s
DBG getmany L81 nw=14 wall=0.688s thr(out)1 thr(in)16 conc_peak=14 pread=8.380s
DBG getmany L82 nw=15 wall=0.521s thr(out)1 thr(in)16 conc_peak=15 pread=7.007s
DBG getmany L83 nw=13 wall=0.667s thr(out)1 thr(in)16 conc_peak=12 pread=6.525s
DBG getmany L84 nw=10 wall=0.620s thr(out)1 thr(in)16 conc_peak=10 pread=5.045s
DBG getmany L85 nw=13 wall=0.638s thr(out)1 thr(in)16 conc_peak=13 pread=6.456s
DBG getmany L86 nw=14 wall=0.465s thr(out)1 thr(in)16 conc_peak=14 pread=5.381s
DBG getmany L87 nw=13 wall=0.672s thr(out)1 thr(in)16 conc_peak=13 pread=6.905s
DBG getmany L88 nw=12 wall=0.658s thr(out)1 thr(in)16 conc_peak=12 pread=4.864s
DBG getmany L89 nw=14 wall=0.665s thr(out)1 thr(in)16 conc_peak=14 pread=8.191s
DBG getmany L90 nw=13 wall=0.469s thr(out)1 thr(in)16 conc_peak=13 pread=5.198s
DBG getmany L91 nw=12 wall=0.489s thr(out)1 thr(in)16 conc_peak=12 pread=4.725s
DBG getmany L92 nw=13 wall=0.188s thr(out)1 thr(in)16 conc_peak=13 pread=1.367s
3      12         79.09        99.9       22.51      0.013
  L2   resident=6511/14589 slots hit=100.0% read=98.98GB write=0.02GB
DBG getmany L1 nw=15 wall=0.589s thr(out)1 thr(in)16 conc_peak=15 pread=5.794s
DBG getmany L2 nw=14 wall=0.504s thr(out)1 thr(in)16 conc_peak=14 pread=5.844s
DBG getmany L3 nw=13 wall=0.668s thr(out)1 thr(in)16 conc_peak=13 pread=7.361s
DBG getmany L4 nw=13 wall=0.650s thr(out)1 thr(in)16 conc_peak=13 pread=7.263s
DBG getmany L5 nw=16 wall=0.672s thr(out)1 thr(in)16 conc_peak=16 pread=8.296s
DBG getmany L6 nw=16 wall=0.493s thr(out)1 thr(in)16 conc_peak=16 pread=6.138s
DBG getmany L7 nw=15 wall=0.704s thr(out)1 thr(in)16 conc_peak=15 pread=8.875s
DBG getmany L8 nw=16 wall=0.692s thr(out)1 thr(in)16 conc_peak=16 pread=7.503s
DBG getmany L9 nw=14 wall=0.687s thr(out)1 thr(in)16 conc_peak=14 pread=9.075s
DBG getmany L10 nw=14 wall=0.503s thr(out)1 thr(in)16 conc_peak=14 pread=5.708s
DBG getmany L11 nw=13 wall=0.689s thr(out)1 thr(in)16 conc_peak=13 pread=8.158s
DBG getmany L12 nw=15 wall=0.620s thr(out)1 thr(in)16 conc_peak=15 pread=6.541s
DBG getmany L13 nw=15 wall=0.660s thr(out)1 thr(in)16 conc_peak=15 pread=9.388s
DBG getmany L14 nw=15 wall=0.504s thr(out)1 thr(in)16 conc_peak=15 pread=5.760s
DBG getmany L15 nw=14 wall=0.568s thr(out)1 thr(in)16 conc_peak=14 pread=6.986s
DBG getmany L16 nw=14 wall=0.594s thr(out)1 thr(in)16 conc_peak=14 pread=7.056s
DBG getmany L17 nw=15 wall=1.015s thr(out)1 thr(in)16 conc_peak=15 pread=14.690s
DBG getmany L18 nw=15 wall=0.489s thr(out)1 thr(in)16 conc_peak=15 pread=6.668s
DBG getmany L19 nw=14 wall=0.661s thr(out)1 thr(in)16 conc_peak=14 pread=7.495s
DBG getmany L20 nw=14 wall=0.634s thr(out)1 thr(in)16 conc_peak=14 pread=7.642s
DBG getmany L21 nw=15 wall=0.698s thr(out)1 thr(in)16 conc_peak=15 pread=9.403s
DBG getmany L22 nw=15 wall=0.456s thr(out)1 thr(in)16 conc_peak=15 pread=5.918s
DBG getmany L23 nw=12 wall=0.647s thr(out)1 thr(in)16 conc_peak=12 pread=6.291s
DBG getmany L24 nw=13 wall=0.625s thr(out)1 thr(in)16 conc_peak=13 pread=6.714s
DBG getmany L25 nw=16 wall=0.703s thr(out)1 thr(in)16 conc_peak=16 pread=10.512s
DBG getmany L26 nw=15 wall=0.525s thr(out)1 thr(in)16 conc_peak=15 pread=7.225s
DBG getmany L27 nw=16 wall=0.663s thr(out)1 thr(in)16 conc_peak=16 pread=7.402s
DBG getmany L28 nw=15 wall=0.654s thr(out)1 thr(in)16 conc_peak=15 pread=9.070s
DBG getmany L29 nw=15 wall=0.705s thr(out)1 thr(in)16 conc_peak=15 pread=8.315s
DBG getmany L30 nw=16 wall=0.556s thr(out)1 thr(in)16 conc_peak=16 pread=7.485s
DBG getmany L31 nw=15 wall=0.696s thr(out)1 thr(in)16 conc_peak=15 pread=9.219s
DBG getmany L32 nw=14 wall=0.641s thr(out)1 thr(in)16 conc_peak=14 pread=8.545s
DBG getmany L33 nw=15 wall=0.692s thr(out)1 thr(in)16 conc_peak=15 pread=9.783s
DBG getmany L34 nw=15 wall=0.490s thr(out)1 thr(in)16 conc_peak=15 pread=5.917s
DBG getmany L35 nw=15 wall=0.756s thr(out)1 thr(in)16 conc_peak=15 pread=9.032s
DBG getmany L36 nw=15 wall=0.747s thr(out)1 thr(in)16 conc_peak=15 pread=8.288s
DBG getmany L37 nw=15 wall=0.688s thr(out)1 thr(in)16 conc_peak=15 pread=9.166s
DBG getmany L38 nw=14 wall=0.453s thr(out)1 thr(in)16 conc_peak=14 pread=5.611s
DBG getmany L39 nw=14 wall=0.668s thr(out)1 thr(in)16 conc_peak=14 pread=7.715s
DBG getmany L40 nw=15 wall=0.720s thr(out)1 thr(in)16 conc_peak=15 pread=8.976s
DBG getmany L41 nw=15 wall=0.683s thr(out)1 thr(in)16 conc_peak=15 pread=8.730s
DBG getmany L42 nw=15 wall=0.510s thr(out)1 thr(in)16 conc_peak=15 pread=7.019s
DBG getmany L43 nw=16 wall=0.741s thr(out)1 thr(in)16 conc_peak=16 pread=10.963s
DBG getmany L44 nw=16 wall=0.731s thr(out)1 thr(in)16 conc_peak=16 pread=10.728s
DBG getmany L45 nw=16 wall=0.737s thr(out)1 thr(in)16 conc_peak=16 pread=10.688s
DBG getmany L46 nw=15 wall=0.502s thr(out)1 thr(in)16 conc_peak=15 pread=6.329s
DBG getmany L47 nw=14 wall=0.696s thr(out)1 thr(in)16 conc_peak=14 pread=8.688s
DBG getmany L48 nw=15 wall=0.712s thr(out)1 thr(in)16 conc_peak=15 pread=9.812s
DBG getmany L49 nw=16 wall=0.681s thr(out)1 thr(in)16 conc_peak=16 pread=8.319s
DBG getmany L50 nw=15 wall=0.537s thr(out)1 thr(in)16 conc_peak=15 pread=6.004s
DBG getmany L51 nw=15 wall=0.700s thr(out)1 thr(in)16 conc_peak=15 pread=9.431s
DBG getmany L52 nw=13 wall=0.609s thr(out)1 thr(in)16 conc_peak=13 pread=6.784s
DBG getmany L53 nw=15 wall=0.686s thr(out)1 thr(in)16 conc_peak=15 pread=8.890s
DBG getmany L54 nw=15 wall=0.512s thr(out)1 thr(in)16 conc_peak=15 pread=6.384s
DBG getmany L55 nw=14 wall=0.684s thr(out)1 thr(in)16 conc_peak=14 pread=7.846s
DBG getmany L56 nw=15 wall=0.671s thr(out)1 thr(in)16 conc_peak=15 pread=9.171s
DBG getmany L57 nw=16 wall=0.692s thr(out)1 thr(in)16 conc_peak=16 pread=10.216s
DBG getmany L58 nw=16 wall=0.519s thr(out)1 thr(in)16 conc_peak=16 pread=7.545s
DBG getmany L59 nw=13 wall=0.692s thr(out)1 thr(in)16 conc_peak=13 pread=6.638s
DBG getmany L60 nw=16 wall=0.750s thr(out)1 thr(in)16 conc_peak=16 pread=8.315s
DBG getmany L61 nw=15 wall=0.676s thr(out)1 thr(in)16 conc_peak=15 pread=9.075s
DBG getmany L62 nw=13 wall=0.400s thr(out)1 thr(in)16 conc_peak=13 pread=3.667s
DBG getmany L63 nw=15 wall=0.714s thr(out)1 thr(in)16 conc_peak=15 pread=9.082s
DBG getmany L64 nw=14 wall=0.704s thr(out)1 thr(in)16 conc_peak=14 pread=8.567s
DBG getmany L65 nw=15 wall=0.710s thr(out)1 thr(in)16 conc_peak=15 pread=9.138s
DBG getmany L66 nw=16 wall=0.538s thr(out)1 thr(in)16 conc_peak=16 pread=7.069s
DBG getmany L67 nw=16 wall=0.749s thr(out)1 thr(in)16 conc_peak=16 pread=10.670s
DBG getmany L68 nw=14 wall=0.636s thr(out)1 thr(in)16 conc_peak=14 pread=8.110s
DBG getmany L69 nw=14 wall=0.711s thr(out)1 thr(in)16 conc_peak=14 pread=8.405s
DBG getmany L70 nw=13 wall=0.468s thr(out)1 thr(in)16 conc_peak=13 pread=5.402s
DBG getmany L71 nw=14 wall=0.742s thr(out)1 thr(in)16 conc_peak=14 pread=9.166s
DBG getmany L72 nw=16 wall=0.726s thr(out)1 thr(in)16 conc_peak=16 pread=10.141s
DBG getmany L73 nw=16 wall=0.710s thr(out)1 thr(in)16 conc_peak=16 pread=9.770s
DBG getmany L74 nw=16 wall=0.516s thr(out)1 thr(in)16 conc_peak=16 pread=6.440s
DBG getmany L75 nw=16 wall=0.703s thr(out)1 thr(in)16 conc_peak=16 pread=9.570s
DBG getmany L76 nw=16 wall=0.694s thr(out)1 thr(in)16 conc_peak=16 pread=9.414s
DBG getmany L77 nw=14 wall=0.685s thr(out)1 thr(in)16 conc_peak=14 pread=8.147s
DBG getmany L78 nw=14 wall=0.492s thr(out)1 thr(in)16 conc_peak=14 pread=6.164s
DBG getmany L79 nw=15 wall=0.620s thr(out)1 thr(in)16 conc_peak=15 pread=8.019s
DBG getmany L80 nw=16 wall=0.641s thr(out)1 thr(in)16 conc_peak=16 pread=7.198s
DBG getmany L81 nw=15 wall=0.709s thr(out)1 thr(in)16 conc_peak=15 pread=9.555s
DBG getmany L82 nw=16 wall=0.498s thr(out)1 thr(in)16 conc_peak=16 pread=6.879s
DBG getmany L83 nw=14 wall=0.674s thr(out)1 thr(in)16 conc_peak=14 pread=6.658s
DBG getmany L84 nw=13 wall=0.598s thr(out)1 thr(in)16 conc_peak=13 pread=6.917s
DBG getmany L85 nw=15 wall=0.640s thr(out)1 thr(in)16 conc_peak=15 pread=8.432s
DBG getmany L86 nw=15 wall=0.538s thr(out)1 thr(in)16 conc_peak=15 pread=7.528s
DBG getmany L87 nw=14 wall=0.666s thr(out)1 thr(in)16 conc_peak=14 pread=7.511s
DBG getmany L88 nw=13 wall=0.641s thr(out)1 thr(in)16 conc_peak=13 pread=7.070s
DBG getmany L89 nw=14 wall=0.697s thr(out)1 thr(in)16 conc_peak=14 pread=7.815s
DBG getmany L90 nw=14 wall=0.487s thr(out)1 thr(in)16 conc_peak=14 pread=5.793s
DBG getmany L91 nw=12 wall=0.472s thr(out)1 thr(in)16 conc_peak=12 pread=4.452s
DBG getmany L92 nw=15 wall=0.235s thr(out)1 thr(in)16 conc_peak=15 pread=2.012s
4      2975       80.35        100.0      23.76      0.012
  L2   resident=6511/14589 slots hit=100.0% read=122.73GB write=0.04GB
DBG getmany L1 nw=13 wall=0.563s thr(out)1 thr(in)16 conc_peak=13 pread=6.333s
DBG getmany L2 nw=12 wall=0.501s thr(out)1 thr(in)16 conc_peak=10 pread=5.484s
DBG getmany L3 nw=11 wall=0.632s thr(out)1 thr(in)16 conc_peak=11 pread=6.360s
DBG getmany L4 nw=13 wall=0.497s thr(out)1 thr(in)16 conc_peak=13 pread=4.947s
DBG getmany L5 nw=12 wall=0.628s thr(out)1 thr(in)16 conc_peak=11 pread=5.806s
DBG getmany L6 nw=16 wall=0.486s thr(out)1 thr(in)16 conc_peak=16 pread=7.146s
DBG getmany L7 nw=15 wall=0.651s thr(out)1 thr(in)16 conc_peak=15 pread=7.956s
DBG getmany L8 nw=15 wall=0.605s thr(out)1 thr(in)16 conc_peak=15 pread=7.865s
DBG getmany L9 nw=12 wall=0.633s thr(out)1 thr(in)16 conc_peak=12 pread=6.383s
DBG getmany L10 nw=11 wall=0.404s thr(out)1 thr(in)16 conc_peak=7 pread=3.383s
DBG getmany L11 nw=12 wall=0.605s thr(out)1 thr(in)16 conc_peak=12 pread=2.487s
DBG getmany L12 nw=14 wall=0.613s thr(out)1 thr(in)16 conc_peak=14 pread=7.593s
DBG getmany L13 nw=13 wall=0.645s thr(out)1 thr(in)16 conc_peak=13 pread=6.626s
DBG getmany L14 nw=14 wall=0.489s thr(out)1 thr(in)16 conc_peak=14 pread=5.178s
DBG getmany L15 nw=12 wall=0.652s thr(out)1 thr(in)16 conc_peak=12 pread=5.313s
DBG getmany L16 nw=12 wall=0.592s thr(out)1 thr(in)16 conc_peak=12 pread=6.321s
DBG getmany L17 nw=14 wall=0.942s thr(out)1 thr(in)16 conc_peak=14 pread=11.409s
DBG getmany L18 nw=13 wall=0.456s thr(out)1 thr(in)16 conc_peak=13 pread=5.464s
DBG getmany L19 nw=13 wall=0.646s thr(out)1 thr(in)16 conc_peak=13 pread=7.675s
DBG getmany L20 nw=11 wall=0.576s thr(out)1 thr(in)16 conc_peak=11 pread=5.731s
DBG getmany L21 nw=14 wall=0.657s thr(out)1 thr(in)16 conc_peak=14 pread=8.329s
DBG getmany L22 nw=13 wall=0.488s thr(out)1 thr(in)16 conc_peak=13 pread=5.125s
DBG getmany L23 nw=13 wall=0.684s thr(out)1 thr(in)16 conc_peak=13 pread=5.978s
DBG getmany L24 nw=14 wall=0.692s thr(out)1 thr(in)16 conc_peak=14 pread=8.143s
DBG getmany L25 nw=16 wall=0.729s thr(out)1 thr(in)16 conc_peak=16 pread=10.291s
DBG getmany L26 nw=11 wall=0.478s thr(out)1 thr(in)16 conc_peak=11 pread=5.029s
DBG getmany L27 nw=15 wall=0.679s thr(out)1 thr(in)16 conc_peak=15 pread=8.372s
DBG getmany L28 nw=15 wall=0.645s thr(out)1 thr(in)16 conc_peak=15 pread=8.428s
DBG getmany L29 nw=14 wall=0.682s thr(out)1 thr(in)16 conc_peak=14 pread=8.895s
DBG getmany L30 nw=14 wall=0.536s thr(out)1 thr(in)16 conc_peak=14 pread=6.112s
DBG getmany L31 nw=14 wall=0.729s thr(out)1 thr(in)16 conc_peak=14 pread=6.010s
DBG getmany L32 nw=13 wall=0.711s thr(out)1 thr(in)16 conc_peak=13 pread=6.890s
DBG getmany L33 nw=9 wall=0.655s thr(out)1 thr(in)16 conc_peak=9 pread=4.271s
DBG getmany L34 nw=15 wall=0.530s thr(out)1 thr(in)16 conc_peak=15 pread=7.011s
DBG getmany L35 nw=15 wall=0.761s thr(out)1 thr(in)16 conc_peak=15 pread=9.376s
DBG getmany L36 nw=15 wall=0.735s thr(out)1 thr(in)16 conc_peak=15 pread=9.596s
DBG getmany L37 nw=14 wall=0.689s thr(out)1 thr(in)16 conc_peak=14 pread=6.861s
DBG getmany L38 nw=11 wall=0.470s thr(out)1 thr(in)16 conc_peak=11 pread=3.803s
DBG getmany L39 nw=12 wall=0.687s thr(out)1 thr(in)16 conc_peak=12 pread=6.160s
DBG getmany L40 nw=12 wall=0.654s thr(out)1 thr(in)16 conc_peak=12 pread=6.542s
DBG getmany L41 nw=12 wall=0.647s thr(out)1 thr(in)16 conc_peak=12 pread=7.332s
DBG getmany L42 nw=9 wall=0.436s thr(out)1 thr(in)16 conc_peak=9 pread=3.302s
DBG getmany L43 nw=11 wall=0.677s thr(out)1 thr(in)16 conc_peak=11 pread=5.321s
DBG getmany L44 nw=14 wall=0.675s thr(out)1 thr(in)16 conc_peak=14 pread=6.603s
DBG getmany L45 nw=11 wall=0.506s thr(out)1 thr(in)16 conc_peak=11 pread=3.884s
DBG getmany L46 nw=11 wall=0.481s thr(out)1 thr(in)16 conc_peak=11 pread=4.699s
DBG getmany L47 nw=13 wall=0.693s thr(out)1 thr(in)16 conc_peak=13 pread=6.293s
DBG getmany L48 nw=12 wall=0.693s thr(out)1 thr(in)16 conc_peak=12 pread=7.428s
DBG getmany L49 nw=15 wall=0.684s thr(out)1 thr(in)16 conc_peak=15 pread=9.473s
DBG getmany L50 nw=13 wall=0.518s thr(out)1 thr(in)16 conc_peak=13 pread=5.959s
DBG getmany L51 nw=13 wall=0.675s thr(out)1 thr(in)16 conc_peak=13 pread=4.963s
DBG getmany L52 nw=12 wall=0.696s thr(out)1 thr(in)16 conc_peak=12 pread=6.368s
DBG getmany L53 nw=13 wall=0.681s thr(out)1 thr(in)16 conc_peak=13 pread=8.086s
DBG getmany L54 nw=14 wall=0.486s thr(out)1 thr(in)16 conc_peak=14 pread=5.836s
DBG getmany L55 nw=13 wall=0.724s thr(out)1 thr(in)16 conc_peak=13 pread=3.290s
DBG getmany L56 nw=15 wall=0.702s thr(out)1 thr(in)16 conc_peak=15 pread=10.000s
DBG getmany L57 nw=15 wall=0.715s thr(out)1 thr(in)16 conc_peak=15 pread=9.453s
DBG getmany L58 nw=10 wall=0.352s thr(out)1 thr(in)16 conc_peak=10 pread=2.035s
DBG getmany L59 nw=10 wall=0.630s thr(out)1 thr(in)16 conc_peak=10 pread=5.261s
DBG getmany L60 nw=13 wall=0.576s thr(out)1 thr(in)16 conc_peak=13 pread=6.281s
DBG getmany L61 nw=14 wall=0.674s thr(out)1 thr(in)16 conc_peak=14 pread=8.519s
DBG getmany L62 nw=10 wall=0.415s thr(out)1 thr(in)16 conc_peak=10 pread=3.768s
DBG getmany L63 nw=14 wall=0.698s thr(out)1 thr(in)16 conc_peak=14 pread=8.373s
DBG getmany L64 nw=12 wall=0.574s thr(out)1 thr(in)16 conc_peak=12 pread=6.335s
DBG getmany L65 nw=13 wall=0.710s thr(out)1 thr(in)16 conc_peak=13 pread=7.643s
DBG getmany L66 nw=13 wall=0.497s thr(out)1 thr(in)16 conc_peak=13 pread=5.426s
DBG getmany L67 nw=14 wall=0.629s thr(out)1 thr(in)16 conc_peak=14 pread=6.195s
DBG getmany L68 nw=15 wall=0.656s thr(out)1 thr(in)16 conc_peak=15 pread=9.426s
DBG getmany L69 nw=10 wall=0.658s thr(out)1 thr(in)16 conc_peak=10 pread=5.236s
DBG getmany L70 nw=8 wall=0.410s thr(out)1 thr(in)16 conc_peak=8 pread=2.691s
DBG getmany L71 nw=13 wall=0.701s thr(out)1 thr(in)16 conc_peak=13 pread=7.445s
DBG getmany L72 nw=12 wall=0.722s thr(out)1 thr(in)16 conc_peak=12 pread=6.431s
DBG getmany L73 nw=12 wall=0.656s thr(out)1 thr(in)16 conc_peak=12 pread=5.553s
DBG getmany L74 nw=9 wall=0.433s thr(out)1 thr(in)16 conc_peak=8 pread=3.472s
DBG getmany L75 nw=8 wall=0.593s thr(out)1 thr(in)16 conc_peak=8 pread=3.759s
DBG getmany L76 nw=13 wall=0.618s thr(out)1 thr(in)16 conc_peak=13 pread=7.622s
DBG getmany L77 nw=9 wall=0.631s thr(out)1 thr(in)16 conc_peak=9 pread=4.752s
DBG getmany L78 nw=10 wall=0.448s thr(out)1 thr(in)16 conc_peak=10 pread=3.085s
DBG getmany L79 nw=9 wall=0.609s thr(out)1 thr(in)16 conc_peak=9 pread=5.146s
DBG getmany L80 nw=13 wall=0.663s thr(out)1 thr(in)16 conc_peak=13 pread=6.776s
DBG getmany L81 nw=14 wall=0.648s thr(out)1 thr(in)16 conc_peak=14 pread=7.279s
DBG getmany L82 nw=13 wall=0.481s thr(out)1 thr(in)16 conc_peak=13 pread=5.812s
DBG getmany L83 nw=12 wall=0.668s thr(out)1 thr(in)16 conc_peak=12 pread=7.305s
DBG getmany L84 nw=13 wall=0.630s thr(out)1 thr(in)16 conc_peak=13 pread=6.855s
DBG getmany L85 nw=13 wall=0.664s thr(out)1 thr(in)16 conc_peak=13 pread=7.757s
DBG getmany L86 nw=12 wall=0.462s thr(out)1 thr(in)16 conc_peak=12 pread=4.857s
DBG getmany L87 nw=9 wall=0.629s thr(out)1 thr(in)16 conc_peak=9 pread=5.328s
DBG getmany L88 nw=13 wall=0.425s thr(out)1 thr(in)16 conc_peak=13 pread=2.392s
DBG getmany L89 nw=10 wall=0.657s thr(out)1 thr(in)16 conc_peak=10 pread=2.716s
DBG getmany L90 nw=10 wall=0.711s thr(out)1 thr(in)16 conc_peak=8 pread=2.637s
DBG getmany L91 nw=9 wall=0.525s thr(out)1 thr(in)16 conc_peak=9 pread=1.773s
DBG getmany L92 nw=12 wall=0.888s thr(out)1 thr(in)16 conc_peak=12 pread=0.444s
5      15         78.65        100.0      20.13      0.013
  L2   resident=6511/14589 slots hit=99.8% read=142.57GB write=0.32GB
DBG getmany L1 nw=14 wall=1.864s thr(out)1 thr(in)16 conc_peak=14 pread=1.929s
DBG getmany L2 nw=12 wall=1.471s thr(out)1 thr(in)16 conc_peak=12 pread=1.304s
DBG getmany L3 nw=10 wall=4.902s thr(out)1 thr(in)16 conc_peak=10 pread=5.464s
DBG getmany L4 nw=12 wall=1.399s thr(out)1 thr(in)16 conc_peak=12 pread=2.098s
DBG getmany L5 nw=7 wall=1.575s thr(out)1 thr(in)16 conc_peak=7 pread=0.762s
DBG getmany L6 nw=15 wall=5.435s thr(out)1 thr(in)16 conc_peak=15 pread=1.093s
DBG getmany L7 nw=14 wall=3.166s thr(out)1 thr(in)16 conc_peak=14 pread=2.061s
DBG getmany L8 nw=14 wall=4.191s thr(out)1 thr(in)16 conc_peak=14 pread=2.191s
DBG getmany L9 nw=12 wall=1.773s thr(out)1 thr(in)16 conc_peak=12 pread=2.603s
DBG getmany L10 nw=10 wall=2.809s thr(out)1 thr(in)16 conc_peak=10 pread=0.543s
DBG getmany L11 nw=12 wall=4.817s thr(out)1 thr(in)16 conc_peak=12 pread=1.754s
DBG getmany L12 nw=13 wall=3.150s thr(out)1 thr(in)16 conc_peak=13 pread=1.821s
DBG getmany L13 nw=13 wall=1.922s thr(out)1 thr(in)16 conc_peak=13 pread=3.268s
DBG getmany L14 nw=16 wall=4.468s thr(out)1 thr(in)16 conc_peak=16 pread=16.102s
DBG getmany L15 nw=14 wall=4.651s thr(out)1 thr(in)16 conc_peak=14 pread=2.260s
DBG getmany L16 nw=11 wall=3.942s thr(out)1 thr(in)16 conc_peak=11 pread=5.091s
DBG getmany L17 nw=13 wall=10.503s thr(out)1 thr(in)16 conc_peak=13 pread=23.552s
DBG getmany L18 nw=12 wall=2.978s thr(out)1 thr(in)16 conc_peak=12 pread=1.244s
DBG getmany L19 nw=14 wall=5.133s thr(out)1 thr(in)16 conc_peak=14 pread=28.026s
DBG getmany L20 nw=10 wall=4.161s thr(out)1 thr(in)16 conc_peak=10 pread=3.178s
DBG getmany L21 nw=13 wall=5.980s thr(out)1 thr(in)16 conc_peak=13 pread=19.020s
DBG getmany L22 nw=10 wall=2.351s thr(out)1 thr(in)16 conc_peak=10 pread=0.668s
DBG getmany L23 nw=12 wall=4.534s thr(out)1 thr(in)16 conc_peak=12 pread=3.457s
DBG getmany L24 nw=15 wall=6.181s thr(out)1 thr(in)16 conc_peak=15 pread=2.139s
DBG getmany L25 nw=13 wall=10.450s thr(out)1 thr(in)16 conc_peak=13 pread=15.703s
DBG getmany L26 nw=13 wall=14.791s thr(out)1 thr(in)16 conc_peak=13 pread=43.799s
DBG getmany L27 nw=15 wall=2.544s thr(out)1 thr(in)16 conc_peak=15 pread=3.737s
DBG getmany L28 nw=14 wall=3.911s thr(out)1 thr(in)16 conc_peak=14 pread=4.449s
DBG getmany L29 nw=14 wall=4.480s thr(out)1 thr(in)16 conc_peak=14 pread=8.106s
DBG getmany L30 nw=11 wall=3.867s thr(out)1 thr(in)16 conc_peak=11 pread=2.620s
DBG getmany L31 nw=13 wall=2.528s thr(out)1 thr(in)16 conc_peak=13 pread=4.925s
DBG getmany L32 nw=11 wall=2.251s thr(out)1 thr(in)16 conc_peak=11 pread=1.941s
DBG getmany L33 nw=14 wall=4.404s thr(out)1 thr(in)16 conc_peak=14 pread=14.825s
DBG getmany L34 nw=14 wall=3.647s thr(out)1 thr(in)16 conc_peak=14 pread=0.981s
DBG getmany L35 nw=11 wall=3.252s thr(out)1 thr(in)16 conc_peak=11 pread=10.015s
DBG getmany L36 nw=14 wall=4.870s thr(out)1 thr(in)16 conc_peak=14 pread=12.722s
DBG getmany L37 nw=15 wall=3.165s thr(out)1 thr(in)16 conc_peak=15 pread=3.730s
DBG getmany L38 nw=11 wall=2.826s thr(out)1 thr(in)16 conc_peak=11 pread=8.952s
DBG getmany L39 nw=14 wall=3.959s thr(out)1 thr(in)16 conc_peak=14 pread=15.581s
DBG getmany L40 nw=13 wall=1.736s thr(out)1 thr(in)16 conc_peak=13 pread=3.952s
DBG getmany L41 nw=9 wall=1.439s thr(out)1 thr(in)16 conc_peak=9 pread=2.694s
DBG getmany L42 nw=9 wall=2.641s thr(out)1 thr(in)16 conc_peak=9 pread=0.824s
DBG getmany L43 nw=9 wall=2.876s thr(out)1 thr(in)16 conc_peak=9 pread=8.634s
DBG getmany L44 nw=12 wall=2.553s thr(out)1 thr(in)16 conc_peak=12 pread=8.711s
DBG getmany L45 nw=11 wall=2.397s thr(out)1 thr(in)16 conc_peak=11 pread=3.312s
DBG getmany L46 nw=11 wall=2.714s thr(out)1 thr(in)16 conc_peak=11 pread=7.449s
DBG getmany L47 nw=11 wall=2.291s thr(out)1 thr(in)16 conc_peak=11 pread=4.600s
DBG getmany L48 nw=13 wall=3.917s thr(out)1 thr(in)16 conc_peak=13 pread=11.397s
DBG getmany L49 nw=15 wall=3.148s thr(out)1 thr(in)16 conc_peak=15 pread=6.562s
DBG getmany L50 nw=12 wall=2.926s thr(out)1 thr(in)16 conc_peak=12 pread=6.326s
DBG getmany L51 nw=12 wall=2.206s thr(out)1 thr(in)16 conc_peak=12 pread=19.907s
DBG getmany L52 nw=13 wall=5.605s thr(out)1 thr(in)16 conc_peak=13 pread=7.275s
DBG getmany L53 nw=12 wall=4.619s thr(out)1 thr(in)16 conc_peak=12 pread=3.278s
DBG getmany L54 nw=12 wall=7.030s thr(out)1 thr(in)16 conc_peak=12 pread=3.928s
DBG getmany L55 nw=12 wall=1.648s thr(out)1 thr(in)16 conc_peak=12 pread=3.202s
DBG getmany L56 nw=13 wall=6.659s thr(out)1 thr(in)16 conc_peak=13 pread=5.647s
DBG getmany L57 nw=15 wall=4.033s thr(out)1 thr(in)16 conc_peak=15 pread=23.319s
DBG getmany L58 nw=11 wall=3.162s thr(out)1 thr(in)16 conc_peak=11 pread=6.564s
DBG getmany L59 nw=9 wall=2.748s thr(out)1 thr(in)16 conc_peak=9 pread=1.630s
DBG getmany L60 nw=12 wall=1.463s thr(out)1 thr(in)16 conc_peak=12 pread=3.673s
DBG getmany L61 nw=13 wall=3.199s thr(out)1 thr(in)16 conc_peak=13 pread=9.885s
DBG getmany L62 nw=14 wall=3.436s thr(out)1 thr(in)16 conc_peak=14 pread=13.210s
DBG getmany L63 nw=12 wall=2.889s thr(out)1 thr(in)16 conc_peak=12 pread=6.390s
DBG getmany L64 nw=12 wall=4.065s thr(out)1 thr(in)16 conc_peak=12 pread=4.446s
DBG getmany L65 nw=11 wall=2.056s thr(out)1 thr(in)16 conc_peak=11 pread=2.743s
DBG getmany L66 nw=11 wall=3.095s thr(out)1 thr(in)16 conc_peak=11 pread=10.814s
DBG getmany L67 nw=13 wall=3.421s thr(out)1 thr(in)16 conc_peak=13 pread=5.787s
DBG getmany L68 nw=13 wall=3.861s thr(out)1 thr(in)16 conc_peak=13 pread=3.426s
DBG getmany L69 nw=12 wall=3.936s thr(out)1 thr(in)16 conc_peak=12 pread=8.639s
DBG getmany L70 nw=11 wall=2.861s thr(out)1 thr(in)16 conc_peak=11 pread=5.884s
DBG getmany L71 nw=14 wall=4.291s thr(out)1 thr(in)16 conc_peak=14 pread=20.950s
DBG getmany L72 nw=12 wall=1.121s thr(out)1 thr(in)16 conc_peak=12 pread=3.464s
DBG getmany L73 nw=13 wall=6.005s thr(out)1 thr(in)16 conc_peak=13 pread=14.197s
DBG getmany L74 nw=10 wall=6.563s thr(out)1 thr(in)16 conc_peak=10 pread=9.341s
