k3 chip: 4 workers, 4 TFLOPS, 200 GB/s simulated wall
DBG getmany L1 nw=51 wall=0.552s thr(out)1 thr(in)16 conc_peak=16 pread=7.855s
DBG getmany L2 nw=63 wall=5.070s thr(out)1 thr(in)16 conc_peak=16 pread=77.682s
DBG getmany L3 nw=57 wall=5.540s thr(out)1 thr(in)16 conc_peak=16 pread=86.719s
DBG getmany L4 nw=56 wall=13.173s thr(out)1 thr(in)16 conc_peak=16 pread=208.834s
DBG getmany L5 nw=64 wall=5.572s thr(out)1 thr(in)16 conc_peak=16 pread=81.578s
DBG getmany L6 nw=64 wall=4.873s thr(out)1 thr(in)16 conc_peak=16 pread=74.864s
DBG getmany L7 nw=63 wall=17.360s thr(out)1 thr(in)16 conc_peak=16 pread=253.063s
DBG getmany L8 nw=54 wall=1.375s thr(out)1 thr(in)16 conc_peak=16 pread=16.087s
DBG getmany L9 nw=63 wall=0.606s thr(out)1 thr(in)16 conc_peak=16 pread=8.736s
DBG getmany L10 nw=58 wall=0.553s thr(out)1 thr(in)16 conc_peak=16 pread=7.835s
DBG getmany L11 nw=60 wall=0.581s thr(out)1 thr(in)16 conc_peak=16 pread=8.377s
config: /model/config.json (nested shape) | hidden=7168 layers=93 vocab=163840 | 24 MLA + 69 KDA | experts 896 top16 shared2 | latent=3584
NOTE: binding only the first 12 of 93 layers. Output is NOT the full model; it is a partial stack for testing the machinery.

  KV cache : 59.25 MB for 25 positions (2.37 MB/position)
Kimi K3, pure C, released checkpoint
  model    : /model
  prompt   : 18 tokens, generating 6

indexed 497220 tensors from 96 shards in 9.12 s
trunk on disk : 15.16 GB total (STREAMED from /mnt/nvme/trunk_layers_out, not held in RAM)

memory plan
  trunk (STREAMED) 12.00 GB
  embed + lm_head  4.70 GB
  expert cache     8.00 GB
  recurrent state  80.81 MB
  buffers          18.04 MB
  KV cache         59.14 MB
  TOTAL            24.86 GB
  available        28.53 GB

k3_trunk: trunk.bin absent - using per-layer slices (layer_%03d.bin)
trunk stream: 56.60 GB packed, 4/93 layers PINNED (6.70 GB), ring 4 x 1.30 GB
              reads use buffered I/O
              ring holds 4 slots: layers repeat over ~4 tokens, so recent ones are reused instead of re-read
trunk streaming enabled from /mnt/nvme/trunk_layers_out in 0.1 s
embedding, final norm and lm_head: 4.70 GB in 108.6 s

expert L2 cache enabled: 11397 slots x 17.55 MB = 199.99 GB on /mnt/nvme/experts.l2
expert L2 eviction policy: heat
peak RSS after loading weights: 4.78 GB  (the plan above is a forecast, this is measured)
expert cache: 455 slots x 17.56 MB = 7.99 GB (0.55% of the 1.45 TB expert pool)

recurrent state for 12 layers: 80.81 MB

incremental decode: KV cache 7.39 MB for 3 MLA layers at 25 positions

speculative decode: up to 4 drafted tokens per sweep, n-gram lookup, verified batched

STEP   TOKEN      SECONDS      CACHE HIT  READ GB    TOK/S
--------------------------------------------------------------------
0      21933      147.41       98.3       11.65      0.007
  L2   resident=6298/11397 slots hit=99.8% read=11.44GB write=0.02GB
DBG getmany L1 nw=16 wall=0.163s thr(out)1 thr(in)16 conc_peak=16 pread=1.751s
DBG getmany L2 nw=16 wall=0.176s thr(out)1 thr(in)16 conc_peak=16 pread=1.708s
DBG getmany L3 nw=16 wall=0.171s thr(out)1 thr(in)16 conc_peak=16 pread=1.675s
DBG getmany L4 nw=16 wall=0.166s thr(out)1 thr(in)16 conc_peak=16 pread=1.664s
DBG getmany L5 nw=13 wall=0.137s thr(out)1 thr(in)16 conc_peak=13 pread=1.191s
DBG getmany L6 nw=14 wall=0.155s thr(out)1 thr(in)16 conc_peak=14 pread=1.262s
DBG getmany L7 nw=14 wall=0.149s thr(out)1 thr(in)16 conc_peak=14 pread=1.378s
DBG getmany L8 nw=11 wall=0.132s thr(out)1 thr(in)16 conc_peak=11 pread=0.914s
DBG getmany L9 nw=13 wall=0.132s thr(out)1 thr(in)16 conc_peak=13 pread=1.047s
DBG getmany L10 nw=11 wall=0.130s thr(out)1 thr(in)16 conc_peak=11 pread=0.789s
DBG getmany L11 nw=11 wall=0.122s thr(out)1 thr(in)16 conc_peak=11 pread=0.868s
1      141814     6.08         99.4       2.67       0.165
  L2   resident=6298/11397 slots hit=99.9% read=14.09GB write=0.02GB
DBG getmany L1 nw=15 wall=0.148s thr(out)1 thr(in)16 conc_peak=15 pread=1.327s
DBG getmany L2 nw=13 wall=0.138s thr(out)1 thr(in)16 conc_peak=13 pread=1.139s
DBG getmany L3 nw=12 wall=0.141s thr(out)1 thr(in)16 conc_peak=12 pread=1.042s
DBG getmany L4 nw=10 wall=0.204s thr(out)1 thr(in)16 conc_peak=10 pread=1.674s
DBG getmany L5 nw=10 wall=0.116s thr(out)1 thr(in)16 conc_peak=10 pread=0.814s
DBG getmany L6 nw=16 wall=0.161s thr(out)1 thr(in)16 conc_peak=16 pread=1.640s
DBG getmany L7 nw=14 wall=0.159s thr(out)1 thr(in)16 conc_peak=14 pread=1.388s
DBG getmany L8 nw=15 wall=0.161s thr(out)1 thr(in)16 conc_peak=15 pread=1.478s
DBG getmany L9 nw=9 wall=0.092s thr(out)1 thr(in)16 conc_peak=9 pread=0.576s
DBG getmany L10 nw=13 wall=0.125s thr(out)1 thr(in)16 conc_peak=13 pread=0.993s
DBG getmany L11 nw=12 wall=0.125s thr(out)1 thr(in)16 conc_peak=12 pread=1.020s
2      47980      5.97         100.0      2.44       0.167
  L2   resident=6298/11397 slots hit=99.9% read=16.53GB write=0.02GB
DBG getmany L1 nw=13 wall=0.160s thr(out)1 thr(in)16 conc_peak=13 pread=1.089s
DBG getmany L2 nw=13 wall=0.167s thr(out)1 thr(in)16 conc_peak=13 pread=1.061s
DBG getmany L3 nw=13 wall=0.145s thr(out)1 thr(in)16 conc_peak=13 pread=1.133s
DBG getmany L4 nw=10 wall=0.113s thr(out)1 thr(in)16 conc_peak=10 pread=0.741s
DBG getmany L5 nw=15 wall=0.159s thr(out)1 thr(in)16 conc_peak=15 pread=1.481s
DBG getmany L6 nw=12 wall=0.141s thr(out)1 thr(in)16 conc_peak=12 pread=1.172s
DBG getmany L7 nw=12 wall=0.135s thr(out)1 thr(in)16 conc_peak=12 pread=1.092s
DBG getmany L8 nw=10 wall=0.102s thr(out)1 thr(in)16 conc_peak=10 pread=0.606s
DBG getmany L9 nw=14 wall=0.136s thr(out)1 thr(in)16 conc_peak=14 pread=1.284s
DBG getmany L10 nw=12 wall=0.100s thr(out)1 thr(in)16 conc_peak=12 pread=0.751s
DBG getmany L11 nw=12 wall=0.105s thr(out)1 thr(in)16 conc_peak=12 pread=0.810s
3      93446      5.73         100.0      2.39       0.175
  L2   resident=6298/11397 slots hit=99.9% read=18.92GB write=0.02GB
DBG getmany L1 nw=12 wall=0.104s thr(out)1 thr(in)16 conc_peak=12 pread=0.852s
DBG getmany L2 nw=12 wall=0.108s thr(out)1 thr(in)16 conc_peak=12 pread=0.836s
DBG getmany L3 nw=5 wall=0.054s thr(out)1 thr(in)16 conc_peak=5 pread=0.181s
DBG getmany L4 nw=7 wall=0.063s thr(out)1 thr(in)16 conc_peak=7 pread=0.294s
DBG getmany L5 nw=11 wall=0.104s thr(out)1 thr(in)16 conc_peak=11 pread=0.775s
DBG getmany L6 nw=9 wall=0.083s thr(out)1 thr(in)16 conc_peak=9 pread=0.512s
DBG getmany L7 nw=11 wall=0.091s thr(out)1 thr(in)16 conc_peak=11 pread=0.642s
DBG getmany L8 nw=10 wall=0.094s thr(out)1 thr(in)16 conc_peak=10 pread=0.619s
DBG getmany L9 nw=12 wall=0.103s thr(out)1 thr(in)16 conc_peak=12 pread=0.796s
DBG getmany L10 nw=11 wall=0.097s thr(out)1 thr(in)16 conc_peak=11 pread=0.696s
DBG getmany L11 nw=10 wall=0.091s thr(out)1 thr(in)16 conc_peak=10 pread=0.582s
4      8647       6.35         99.4       1.95       0.157
  L2   resident=6298/11397 slots hit=99.9% read=20.85GB write=0.02GB
DBG getmany L1 nw=11 wall=0.098s thr(out)1 thr(in)16 conc_peak=11 pread=0.718s
DBG getmany L2 nw=12 wall=0.111s thr(out)1 thr(in)16 conc_peak=12 pread=0.881s
DBG getmany L3 nw=4 wall=0.056s thr(out)1 thr(in)16 conc_peak=4 pread=0.169s
DBG getmany L4 nw=9 wall=0.225s thr(out)1 thr(in)16 conc_peak=9 pread=0.621s
DBG getmany L5 nw=8 wall=0.095s thr(out)1 thr(in)16 conc_peak=8 pread=0.512s
DBG getmany L6 nw=12 wall=0.109s thr(out)1 thr(in)16 conc_peak=12 pread=0.837s
DBG getmany L7 nw=7 wall=0.077s thr(out)1 thr(in)16 conc_peak=7 pread=0.398s
DBG getmany L8 nw=11 wall=0.116s thr(out)1 thr(in)16 conc_peak=11 pread=0.829s
DBG getmany L11 nw=7 wall=0.061s thr(out)1 thr(in)16 conc_peak=7 pread=0.279s
5      144154     5.40         100.0      1.54       0.185
  L2   resident=6298/11397 slots hit=99.9% read=22.37GB write=0.02GB
--------------------------------------------------------------------
6 tokens in 176.9 s, 29.49 s/token average
PEAK RSS for the whole run: 18.37 GB   <- quote this, not the plan
layers completed: 12/12; routed expert drops: 0


[chip] simulated MXFP4 GEMV bill over 24 tokens
  4048 expert chains | 267412045824 flops | 71031324672 bytes (71.03 GB)
  per token: 168 chains | 2.96 GB | 0.01 Gflops
  compute wall @ 4 TFLOPS : 0.07 s (2.79 ms/token)
  bandwidth wall @ 200 GB/s : 0.36 s (14.80 ms/token)
  -> bandwidth-bound; to be compute-bound at 4 TFLOPS this needs 1062 GB/s
  expert fetch (host wall, measured): 71.27 s moving 27.09 GB = 0 GB/s
  chip pool wall (measured): 31.59 s

cache [final step]
  slots        : 455 of 17.56 MB = 7.99 GB arena (455 resident, 0 pinned)
  requests     : 176  hits 176 (100.00%)  misses 0  evictions 88
  of those hits : 88 came from the batch prefetch, i.e. read from disk
                  this token; TRUE resident hit rate 50.00%
  read from disk: 1.54 GB in 1.02 s (1516 MB/s while loading)
  phase2 i/o    : 1.54 GB in 1.02 s (1516 MB/s)  [pure parallel disk read]
l2cache [final step]
  requests     : 1275  hits 1274 (99.92%)  misses 1
  read  from sdd7: 22.37 GB, written 0.02 GB
  hit I/O   : 22.37 GB in 61.82 s (wall) = 362 MB/s [pread 882.41 s, 25 MB/s per-thread]
  miss I/O  : 1 misses, 0.02 GB from /model in 0.11 s (wall) = 155 MB/s
  restored from meta: 6298 slots

wrote reports/spec_rep_075428/spec.json
I/O share of wall clock: 74.6%  (trunk 63.3 s + experts 68.8 s of 176.9 s)
  both figures are WHOLE-RUN totals over 6 steps
  experts, whole run: 22.64 GB read | 709 of 1544 requests retained in RAM (45.92%) | 835 evictions
    (retention = requests - evictions; the raw `hits` counter includes
     experts the prefetcher had just read from disk, so it is not a
     measure of avoided I/O)

trunk [final]
  pinned 4/93 layers, ring 4 slots
  binds 72, hits 20 (27.8%), reads 52
  read 35.71 GB in 53.85 s (663 MB/s pread) + 9.40 s parked on the expert gate
  per-layer loads [L]=count: 0=1 1=1 2=1 3=1 4=6 5=6 6=6 7=6 8=6 9=6 10=6 11=6 12=5 13=0 14=0 15=0 16=0 17=0 18=0 19=0 20=0 21=0 22=0 23=0 24=0 25=0 26=0 27=0 28=0 29=0 30=0 31=0 32=0 33=0 34=0 35=0 36=0 37=0 38=0 39=0 40=0 41=0 42=0 43=0 44=0 45=0 46=0 47=0 48=0 49=0 50=0 51=0 52=0 53=0 54=0 55=0 56=0 57=0 58=0 59=0 60=0 61=0 62=0 63=0 64=0 65=0 66=0 67=0 68=0 69=0 70=0 71=0 72=0 73=0 74=0 75=0 76=0 77=0 78=0 79=0 80=0 81=0 82=0 83=0 84=0 85=0 86=0 87=0 88=0 89=0 90=0 91=0 92=0
  bind wall 31.86 s over 72 binds; read 53.85 + widen 0.55 = 54.40 s of device work,
                    of which 22.54 s (41%) overlapped compute on the reader thread
  widen breakdown: find 19 ms (1878)  copy 0 ms (822)  deq 527 ms (600)  timed 1 s of widen 0.55 s
