L2 auto: 209 GB free on /mnt/nvme -> L2 at 256 GB
k3 chip: 4 workers, 4 TFLOPS, 200 GB/s simulated wall
  L2 want=17547264 slot=17547264 nbytes=17547264 fd=O_DIRECT
  L2 want=17547264 slot=17547264 nbytes=17547264 fd=O_DIRECT
  L2 want=17547264 slot=17547264 nbytes=17547264 fd=O_DIRECT
  L2 want=17547264 slot=17547264 nbytes=17547264 fd=O_DIRECT
  L2 want=17547264 slot=17547264 nbytes=17547264 fd=O_DIRECT
  L2 want=17547264 slot=17547264 nbytes=17547264 fd=O_DIRECT
  L2 want=17547264 slot=17547264 nbytes=17547264 fd=O_DIRECT
  L2 want=17547264 slot=17547264 nbytes=17547264 fd=O_DIRECT
  L2 want=17547264 slot=17547264 nbytes=17547264 fd=O_DIRECT
  L2 want=17547264 slot=17547264 nbytes=17547264 fd=O_DIRECT
  L2 want=17547264 slot=17547264 nbytes=17547264 fd=O_DIRECT
  L2 want=17547264 slot=17547264 nbytes=17547264 fd=O_DIRECT
  L2 want=17547264 slot=17547264 nbytes=17547264 fd=O_DIRECT
  L2 want=17547264 slot=17547264 nbytes=17547264 fd=O_DIRECT
  L2 want=17547264 slot=17547264 nbytes=17547264 fd=O_DIRECT
  L2 want=17547264 slot=17547264 nbytes=17547264 fd=O_DIRECT
DBG getmany L1 nw=16 wall=0.486s thr(out)1 thr(in)16 conc_peak=16 pread=1.402s
DBG getmany L2 nw=16 wall=0.223s thr(out)1 thr(in)16 conc_peak=16 pread=2.428s
DBG getmany L3 nw=16 wall=0.210s thr(out)1 thr(in)16 conc_peak=16 pread=2.225s
DBG getmany L4 nw=16 wall=0.232s thr(out)1 thr(in)16 conc_peak=16 pread=2.655s
DBG getmany L5 nw=16 wall=0.218s thr(out)1 thr(in)16 conc_peak=16 pread=2.387s
DBG getmany L6 nw=16 wall=0.211s thr(out)1 thr(in)16 conc_peak=16 pread=2.285s
DBG getmany L7 nw=16 wall=0.216s thr(out)1 thr(in)16 conc_peak=16 pread=2.393s
DBG getmany L8 nw=16 wall=0.227s thr(out)1 thr(in)16 conc_peak=16 pread=2.553s
DBG getmany L9 nw=16 wall=0.212s thr(out)1 thr(in)16 conc_peak=16 pread=2.234s
DBG getmany L10 nw=16 wall=0.233s thr(out)1 thr(in)16 conc_peak=16 pread=2.559s
DBG getmany L11 nw=16 wall=0.230s thr(out)1 thr(in)16 conc_peak=16 pread=2.578s
DBG getmany L12 nw=16 wall=0.223s thr(out)1 thr(in)16 conc_peak=16 pread=2.428s
DBG getmany L13 nw=16 wall=0.238s thr(out)1 thr(in)16 conc_peak=16 pread=2.599s
DBG getmany L14 nw=16 wall=0.237s thr(out)1 thr(in)16 conc_peak=16 pread=2.590s
DBG getmany L15 nw=16 wall=0.249s thr(out)1 thr(in)16 conc_peak=16 pread=2.861s
DBG getmany L16 nw=16 wall=0.250s thr(out)1 thr(in)16 conc_peak=16 pread=2.929s
DBG getmany L17 nw=16 wall=0.237s thr(out)1 thr(in)16 conc_peak=16 pread=2.647s
DBG getmany L18 nw=16 wall=0.224s thr(out)1 thr(in)16 conc_peak=16 pread=2.541s
DBG getmany L19 nw=16 wall=0.231s thr(out)1 thr(in)16 conc_peak=16 pread=2.525s
DBG getmany L20 nw=16 wall=0.242s thr(out)1 thr(in)16 conc_peak=16 pread=2.624s
DBG getmany L21 nw=16 wall=0.247s thr(out)1 thr(in)16 conc_peak=16 pread=2.688s
DBG getmany L22 nw=16 wall=0.278s thr(out)1 thr(in)16 conc_peak=16 pread=2.779s
DBG getmany L23 nw=16 wall=0.436s thr(out)1 thr(in)16 conc_peak=16 pread=5.561s
DBG getmany L24 nw=16 wall=0.431s thr(out)1 thr(in)16 conc_peak=16 pread=5.079s
DBG getmany L25 nw=16 wall=0.467s thr(out)1 thr(in)16 conc_peak=16 pread=6.048s
DBG getmany L26 nw=16 wall=0.339s thr(out)1 thr(in)16 conc_peak=16 pread=4.412s
DBG getmany L27 nw=16 wall=0.444s thr(out)1 thr(in)16 conc_peak=16 pread=5.823s
DBG getmany L28 nw=16 wall=0.404s thr(out)1 thr(in)16 conc_peak=16 pread=5.044s
DBG getmany L29 nw=16 wall=0.410s thr(out)1 thr(in)16 conc_peak=16 pread=5.547s
DBG getmany L30 nw=16 wall=0.323s thr(out)1 thr(in)16 conc_peak=16 pread=4.132s
DBG getmany L31 nw=16 wall=0.539s thr(out)1 thr(in)16 conc_peak=16 pread=6.206s
DBG getmany L32 nw=16 wall=0.499s thr(out)1 thr(in)16 conc_peak=16 pread=6.068s
DBG getmany L33 nw=16 wall=0.533s thr(out)1 thr(in)16 conc_peak=16 pread=6.095s
DBG getmany L34 nw=16 wall=0.357s thr(out)1 thr(in)16 conc_peak=16 pread=4.741s
DBG getmany L35 nw=16 wall=0.489s thr(out)1 thr(in)16 conc_peak=16 pread=6.299s
DBG getmany L36 nw=16 wall=0.516s thr(out)1 thr(in)16 conc_peak=16 pread=5.844s
DBG getmany L37 nw=16 wall=0.437s thr(out)1 thr(in)16 conc_peak=16 pread=5.546s
DBG getmany L38 nw=16 wall=0.351s thr(out)1 thr(in)16 conc_peak=16 pread=4.740s
DBG getmany L39 nw=16 wall=0.511s thr(out)1 thr(in)16 conc_peak=16 pread=6.420s
DBG getmany L40 nw=16 wall=0.482s thr(out)1 thr(in)16 conc_peak=16 pread=5.920s
DBG getmany L41 nw=16 wall=0.434s thr(out)1 thr(in)16 conc_peak=16 pread=4.811s
DBG getmany L42 nw=16 wall=2.871s thr(out)1 thr(in)16 conc_peak=16 pread=30.638s
DBG getmany L43 nw=16 wall=4.815s thr(out)1 thr(in)16 conc_peak=16 pread=70.568s
DBG getmany L44 nw=16 wall=5.035s thr(out)1 thr(in)16 conc_peak=16 pread=74.627s
DBG getmany L45 nw=16 wall=5.279s thr(out)1 thr(in)16 conc_peak=16 pread=78.412s
DBG getmany L46 nw=16 wall=5.266s thr(out)1 thr(in)16 conc_peak=16 pread=76.862s
DBG getmany L47 nw=16 wall=5.516s thr(out)1 thr(in)16 conc_peak=16 pread=82.918s
DBG getmany L48 nw=16 wall=6.141s thr(out)1 thr(in)16 conc_peak=16 pread=89.968s
DBG getmany L49 nw=16 wall=5.227s thr(out)1 thr(in)16 conc_peak=16 pread=78.497s
DBG getmany L50 nw=16 wall=5.932s thr(out)1 thr(in)16 conc_peak=16 pread=87.704s
DBG getmany L51 nw=16 wall=5.458s thr(out)1 thr(in)16 conc_peak=16 pread=80.398s
DBG getmany L52 nw=16 wall=5.117s thr(out)1 thr(in)16 conc_peak=16 pread=74.483s
DBG getmany L53 nw=16 wall=6.194s thr(out)1 thr(in)16 conc_peak=16 pread=88.598s
DBG getmany L54 nw=16 wall=3.327s thr(out)1 thr(in)16 conc_peak=16 pread=25.810s
DBG getmany L55 nw=16 wall=0.622s thr(out)1 thr(in)16 conc_peak=16 pread=5.935s
DBG getmany L56 nw=16 wall=0.411s thr(out)1 thr(in)16 conc_peak=16 pread=5.801s
DBG getmany L57 nw=16 wall=0.434s thr(out)1 thr(in)16 conc_peak=16 pread=6.238s
DBG getmany L58 nw=16 wall=0.250s thr(out)1 thr(in)16 conc_peak=16 pread=2.822s
DBG getmany L59 nw=16 wall=0.425s thr(out)1 thr(in)16 conc_peak=16 pread=5.713s
DBG getmany L60 nw=16 wall=0.378s thr(out)1 thr(in)16 conc_peak=16 pread=4.494s
DBG getmany L61 nw=16 wall=0.407s thr(out)1 thr(in)16 conc_peak=16 pread=5.119s
DBG getmany L62 nw=16 wall=0.232s thr(out)1 thr(in)16 conc_peak=16 pread=2.322s
DBG getmany L63 nw=16 wall=0.440s thr(out)1 thr(in)16 conc_peak=16 pread=5.002s
DBG getmany L64 nw=16 wall=0.434s thr(out)1 thr(in)16 conc_peak=16 pread=5.573s
DBG getmany L65 nw=16 wall=0.394s thr(out)1 thr(in)16 conc_peak=16 pread=5.598s
DBG getmany L66 nw=16 wall=0.292s thr(out)1 thr(in)16 conc_peak=16 pread=3.632s
DBG getmany L67 nw=16 wall=0.396s thr(out)1 thr(in)16 conc_peak=16 pread=5.092s
DBG getmany L68 nw=16 wall=0.389s thr(out)1 thr(in)16 conc_peak=16 pread=5.206s
DBG getmany L69 nw=16 wall=0.300s thr(out)1 thr(in)16 conc_peak=16 pread=3.815s
DBG getmany L70 nw=16 wall=0.269s thr(out)1 thr(in)16 conc_peak=16 pread=3.281s
DBG getmany L71 nw=16 wall=0.453s thr(out)1 thr(in)16 conc_peak=16 pread=5.902s
DBG getmany L72 nw=16 wall=0.496s thr(out)1 thr(in)16 conc_peak=16 pread=7.130s
DBG getmany L73 nw=16 wall=0.439s thr(out)1 thr(in)16 conc_peak=16 pread=5.966s
DBG getmany L74 nw=16 wall=0.334s thr(out)1 thr(in)16 conc_peak=16 pread=4.525s
DBG getmany L75 nw=16 wall=0.413s thr(out)1 thr(in)16 conc_peak=16 pread=5.630s
DBG getmany L76 nw=16 wall=0.311s thr(out)1 thr(in)16 conc_peak=16 pread=4.159s
DBG getmany L77 nw=16 wall=0.458s thr(out)1 thr(in)16 conc_peak=16 pread=6.436s
DBG getmany L78 nw=16 wall=0.281s thr(out)1 thr(in)16 conc_peak=16 pread=3.439s
DBG getmany L79 nw=16 wall=0.455s thr(out)1 thr(in)16 conc_peak=16 pread=5.682s
DBG getmany L80 nw=16 wall=0.394s thr(out)1 thr(in)16 conc_peak=16 pread=4.985s
DBG getmany L81 nw=16 wall=0.425s thr(out)1 thr(in)16 conc_peak=16 pread=6.275s
DBG getmany L82 nw=16 wall=0.324s thr(out)1 thr(in)16 conc_peak=16 pread=4.051s
DBG getmany L83 nw=16 wall=0.417s thr(out)1 thr(in)16 conc_peak=16 pread=4.423s
DBG getmany L84 nw=16 wall=0.416s thr(out)1 thr(in)16 conc_peak=16 pread=5.855s
DBG getmany L85 nw=16 wall=0.352s thr(out)1 thr(in)16 conc_peak=16 pread=4.573s
DBG getmany L86 nw=16 wall=0.327s thr(out)1 thr(in)16 conc_peak=16 pread=4.809s
DBG getmany L87 nw=16 wall=0.501s thr(out)1 thr(in)16 conc_peak=16 pread=7.411s
DBG getmany L88 nw=16 wall=0.403s thr(out)1 thr(in)16 conc_peak=16 pread=5.477s
DBG getmany L89 nw=16 wall=0.398s thr(out)1 thr(in)16 conc_peak=16 pread=5.661s
DBG getmany L90 nw=16 wall=0.223s thr(out)1 thr(in)16 conc_peak=16 pread=2.714s
DBG getmany L91 nw=16 wall=0.282s thr(out)1 thr(in)16 conc_peak=16 pread=3.817s
DBG getmany L92 nw=16 wall=0.161s thr(out)1 thr(in)16 conc_peak=16 pread=1.561s
config: /model/config.json (nested shape) | hidden=7168 layers=93 vocab=163840 | 24 MLA + 69 KDA | experts 896 top16 shared2 | latent=3584
  KV cache : 11.85 MB for 5 positions (2.37 MB/position)
Kimi K3, pure C, released checkpoint
  model    : /model
  prompt   : 1 tokens, generating 3

indexed 497220 tensors from 96 shards in 4.10 s
trunk on disk : 110.00 GB total (STREAMED from /mnt/nvme/trunk_layers_out, not held in RAM)

memory plan
  trunk (STREAMED) 32.00 GB
  embed + lm_head  4.70 GB
  expert cache     15.00 GB
  recurrent state  626.25 MB
  buffers          4.68 MB
  KV cache         11.83 MB
  TOTAL            52.34 GB
  available        57.80 GB

k3_trunk: trunk.bin absent - using per-layer slices (layer_%03d.bin)
trunk stream: 56.60 GB packed, 22/93 layers PINNED (29.30 GB), ring 2 x 1.30 GB
              reads use buffered I/O
              ring holds 2 slots: layers repeat over ~2 tokens, so recent ones are reused instead of re-read
trunk streaming enabled from /mnt/nvme/trunk_layers_out in 0.0 s
embedding, final norm and lm_head: 4.70 GB in 11.9 s

expert L1 eviction policy: heat
expert L2 cache enabled: 14589 slots x 17.55 MB = 256.00 GB on /mnt/nvme/experts.l2
expert L2 exact: nslot=14589 slot_bytes=17547264 l2_slot=17547264 K3_ST_ALIGN=4096
expert L2 eviction policy: heat
peak RSS after loading weights: 4.78 GB  (the plan above is a forecast, this is measured)
expert cache: 854 slots x 17.56 MB = 14.99 GB (1.04% of the 1.45 TB expert pool)

recurrent state for 93 layers: 626.25 MB

incremental decode: KV cache 11.83 MB for 24 MLA layers at 5 positions

STEP   TOKEN      SECONDS      CACHE HIT  READ GB    TOK/S
--------------------------------------------------------------------
0      220        141.39       100.0      25.83      0.007
  L2   resident=6779/14589 slots hit=100.0% read=25.83GB write=0.00GB
DBG getmany L1 nw=16 wall=0.188s thr(out)1 thr(in)16 conc_peak=16 pread=1.744s
DBG getmany L2 nw=16 wall=0.178s thr(out)1 thr(in)16 conc_peak=16 pread=1.768s
DBG getmany L3 nw=16 wall=0.166s thr(out)1 thr(in)16 conc_peak=16 pread=1.588s
DBG getmany L4 nw=16 wall=0.162s thr(out)1 thr(in)16 conc_peak=16 pread=1.526s
DBG getmany L5 nw=16 wall=0.165s thr(out)1 thr(in)16 conc_peak=16 pread=1.546s
DBG getmany L6 nw=16 wall=0.182s thr(out)1 thr(in)16 conc_peak=16 pread=1.825s
DBG getmany L7 nw=16 wall=0.166s thr(out)1 thr(in)16 conc_peak=16 pread=1.527s
DBG getmany L8 nw=16 wall=0.160s thr(out)1 thr(in)16 conc_peak=16 pread=1.576s
DBG getmany L9 nw=16 wall=0.166s thr(out)1 thr(in)16 conc_peak=16 pread=1.629s
DBG getmany L10 nw=16 wall=0.166s thr(out)1 thr(in)16 conc_peak=16 pread=1.632s
DBG getmany L11 nw=16 wall=0.175s thr(out)1 thr(in)16 conc_peak=16 pread=1.619s
DBG getmany L12 nw=16 wall=0.168s thr(out)1 thr(in)16 conc_peak=16 pread=1.567s
DBG getmany L13 nw=16 wall=0.172s thr(out)1 thr(in)16 conc_peak=16 pread=1.576s
DBG getmany L14 nw=16 wall=0.171s thr(out)1 thr(in)16 conc_peak=16 pread=1.717s
DBG getmany L15 nw=16 wall=0.168s thr(out)1 thr(in)16 conc_peak=16 pread=1.671s
DBG getmany L16 nw=16 wall=0.167s thr(out)1 thr(in)16 conc_peak=16 pread=1.720s
DBG getmany L17 nw=16 wall=0.181s thr(out)1 thr(in)16 conc_peak=16 pread=1.633s
DBG getmany L18 nw=16 wall=0.166s thr(out)1 thr(in)16 conc_peak=16 pread=1.711s
DBG getmany L19 nw=16 wall=0.164s thr(out)1 thr(in)16 conc_peak=16 pread=1.497s
DBG getmany L20 nw=16 wall=0.166s thr(out)1 thr(in)16 conc_peak=16 pread=1.567s
DBG getmany L21 nw=16 wall=0.348s thr(out)1 thr(in)16 conc_peak=16 pread=4.889s
DBG getmany L22 nw=16 wall=0.268s thr(out)1 thr(in)16 conc_peak=16 pread=3.770s
DBG getmany L23 nw=16 wall=0.377s thr(out)1 thr(in)16 conc_peak=16 pread=4.928s
DBG getmany L24 nw=16 wall=0.425s thr(out)1 thr(in)16 conc_peak=16 pread=6.235s
DBG getmany L25 nw=16 wall=0.442s thr(out)1 thr(in)16 conc_peak=16 pread=5.555s
DBG getmany L26 nw=16 wall=0.231s thr(out)1 thr(in)16 conc_peak=16 pread=2.954s
DBG getmany L27 nw=16 wall=0.417s thr(out)1 thr(in)16 conc_peak=16 pread=5.734s
DBG getmany L28 nw=16 wall=0.394s thr(out)1 thr(in)16 conc_peak=16 pread=5.651s
DBG getmany L29 nw=16 wall=0.382s thr(out)1 thr(in)16 conc_peak=16 pread=5.356s
DBG getmany L30 nw=16 wall=0.278s thr(out)1 thr(in)16 conc_peak=16 pread=3.599s
DBG getmany L31 nw=16 wall=0.333s thr(out)1 thr(in)16 conc_peak=16 pread=4.069s
DBG getmany L32 nw=16 wall=0.497s thr(out)1 thr(in)16 conc_peak=16 pread=7.198s
DBG getmany L33 nw=16 wall=0.523s thr(out)1 thr(in)16 conc_peak=16 pread=7.284s
DBG getmany L34 nw=16 wall=0.319s thr(out)1 thr(in)16 conc_peak=16 pread=4.354s
DBG getmany L35 nw=16 wall=0.480s thr(out)1 thr(in)16 conc_peak=16 pread=6.637s
DBG getmany L36 nw=16 wall=0.475s thr(out)1 thr(in)16 conc_peak=16 pread=6.752s
DBG getmany L37 nw=16 wall=0.395s thr(out)1 thr(in)16 conc_peak=16 pread=5.422s
DBG getmany L38 nw=16 wall=0.306s thr(out)1 thr(in)16 conc_peak=16 pread=4.026s
DBG getmany L39 nw=16 wall=0.443s thr(out)1 thr(in)16 conc_peak=16 pread=6.525s
DBG getmany L40 nw=16 wall=0.482s thr(out)1 thr(in)16 conc_peak=16 pread=6.550s
DBG getmany L41 nw=16 wall=0.396s thr(out)1 thr(in)16 conc_peak=16 pread=5.199s
DBG getmany L42 nw=16 wall=0.319s thr(out)1 thr(in)16 conc_peak=16 pread=4.406s
DBG getmany L43 nw=16 wall=0.481s thr(out)1 thr(in)16 conc_peak=16 pread=7.125s
DBG getmany L44 nw=16 wall=0.724s thr(out)1 thr(in)16 conc_peak=16 pread=10.399s
DBG getmany L45 nw=16 wall=0.700s thr(out)1 thr(in)16 conc_peak=16 pread=8.990s
DBG getmany L46 nw=16 wall=0.529s thr(out)1 thr(in)16 conc_peak=16 pread=7.077s
DBG getmany L47 nw=16 wall=0.718s thr(out)1 thr(in)16 conc_peak=16 pread=8.827s
DBG getmany L48 nw=16 wall=0.619s thr(out)1 thr(in)16 conc_peak=16 pread=7.552s
DBG getmany L49 nw=16 wall=0.709s thr(out)1 thr(in)16 conc_peak=16 pread=8.760s
DBG getmany L50 nw=16 wall=0.449s thr(out)1 thr(in)16 conc_peak=16 pread=6.258s
DBG getmany L51 nw=16 wall=0.630s thr(out)1 thr(in)16 conc_peak=16 pread=8.243s
DBG getmany L52 nw=16 wall=0.568s thr(out)1 thr(in)16 conc_peak=16 pread=7.630s
DBG getmany L53 nw=16 wall=0.732s thr(out)1 thr(in)16 conc_peak=16 pread=9.879s
DBG getmany L54 nw=16 wall=0.486s thr(out)1 thr(in)16 conc_peak=16 pread=6.003s
DBG getmany L55 nw=16 wall=0.705s thr(out)1 thr(in)16 conc_peak=16 pread=9.235s
DBG getmany L56 nw=16 wall=0.664s thr(out)1 thr(in)16 conc_peak=15 pread=8.449s
DBG getmany L57 nw=16 wall=0.669s thr(out)1 thr(in)16 conc_peak=16 pread=9.792s
DBG getmany L58 nw=16 wall=0.484s thr(out)1 thr(in)16 conc_peak=16 pread=6.232s
DBG getmany L59 nw=16 wall=0.728s thr(out)1 thr(in)16 conc_peak=16 pread=8.318s
DBG getmany L60 nw=16 wall=0.671s thr(out)1 thr(in)16 conc_peak=16 pread=8.780s
DBG getmany L61 nw=16 wall=0.616s thr(out)1 thr(in)16 conc_peak=16 pread=8.995s
DBG getmany L62 nw=16 wall=0.523s thr(out)1 thr(in)16 conc_peak=16 pread=6.925s
DBG getmany L63 nw=16 wall=0.683s thr(out)1 thr(in)16 conc_peak=16 pread=8.947s
DBG getmany L64 nw=16 wall=0.590s thr(out)1 thr(in)16 conc_peak=16 pread=6.317s
DBG getmany L65 nw=16 wall=0.663s thr(out)1 thr(in)16 conc_peak=16 pread=9.451s
DBG getmany L66 nw=16 wall=0.486s thr(out)1 thr(in)16 conc_peak=16 pread=5.949s
DBG getmany L67 nw=16 wall=0.727s thr(out)1 thr(in)16 conc_peak=16 pread=9.386s
DBG getmany L68 nw=16 wall=0.640s thr(out)1 thr(in)16 conc_peak=16 pread=7.333s
DBG getmany L69 nw=16 wall=0.653s thr(out)1 thr(in)16 conc_peak=16 pread=8.717s
DBG getmany L70 nw=16 wall=0.490s thr(out)1 thr(in)16 conc_peak=16 pread=6.931s
DBG getmany L71 nw=16 wall=0.783s thr(out)1 thr(in)16 conc_peak=16 pread=10.688s
DBG getmany L72 nw=16 wall=0.746s thr(out)1 thr(in)16 conc_peak=16 pread=11.115s
DBG getmany L73 nw=16 wall=0.690s thr(out)1 thr(in)16 conc_peak=16 pread=10.207s
DBG getmany L74 nw=16 wall=0.471s thr(out)1 thr(in)16 conc_peak=16 pread=6.271s
DBG getmany L75 nw=16 wall=0.644s thr(out)1 thr(in)16 conc_peak=16 pread=7.268s
DBG getmany L76 nw=16 wall=0.631s thr(out)1 thr(in)16 conc_peak=16 pread=8.822s
DBG getmany L77 nw=16 wall=0.680s thr(out)1 thr(in)16 conc_peak=16 pread=9.091s
DBG getmany L78 nw=16 wall=0.533s thr(out)1 thr(in)16 conc_peak=16 pread=6.977s
DBG getmany L79 nw=16 wall=0.674s thr(out)1 thr(in)16 conc_peak=16 pread=9.079s
DBG getmany L80 nw=16 wall=0.659s thr(out)1 thr(in)16 conc_peak=16 pread=8.969s
DBG getmany L81 nw=16 wall=0.702s thr(out)1 thr(in)16 conc_peak=16 pread=9.105s
DBG getmany L82 nw=16 wall=0.492s thr(out)1 thr(in)16 conc_peak=15 pread=7.043s
DBG getmany L83 nw=16 wall=0.670s thr(out)1 thr(in)16 conc_peak=16 pread=8.398s
DBG getmany L84 nw=16 wall=0.661s thr(out)1 thr(in)16 conc_peak=16 pread=8.877s
DBG getmany L85 nw=16 wall=0.679s thr(out)1 thr(in)16 conc_peak=16 pread=9.509s
DBG getmany L86 nw=16 wall=0.487s thr(out)1 thr(in)16 conc_peak=16 pread=6.187s
DBG getmany L87 nw=16 wall=0.729s thr(out)1 thr(in)16 conc_peak=16 pread=10.825s
DBG getmany L88 nw=16 wall=0.674s thr(out)1 thr(in)16 conc_peak=16 pread=9.254s
DBG getmany L89 nw=16 wall=0.735s thr(out)1 thr(in)16 conc_peak=16 pread=9.704s
DBG getmany L90 nw=16 wall=0.493s thr(out)1 thr(in)16 conc_peak=16 pread=6.315s
DBG getmany L91 nw=16 wall=0.532s thr(out)1 thr(in)16 conc_peak=16 pread=7.278s
DBG getmany L92 nw=16 wall=0.251s thr(out)1 thr(in)16 conc_peak=16 pread=2.359s
1      802        69.31        100.0      25.83      0.014
  L2   resident=6779/14589 slots hit=100.0% read=51.66GB write=0.00GB
DBG getmany L1 nw=16 wall=0.256s thr(out)1 thr(in)16 conc_peak=16 pread=2.695s
DBG getmany L2 nw=15 wall=0.244s thr(out)1 thr(in)16 conc_peak=15 pread=2.145s
DBG getmany L3 nw=13 wall=0.206s thr(out)1 thr(in)16 conc_peak=13 pread=1.626s
DBG getmany L4 nw=15 wall=0.244s thr(out)1 thr(in)16 conc_peak=15 pread=2.237s
DBG getmany L5 nw=16 wall=0.248s thr(out)1 thr(in)16 conc_peak=16 pread=2.417s
DBG getmany L6 nw=15 wall=0.249s thr(out)1 thr(in)16 conc_peak=15 pread=2.192s
DBG getmany L7 nw=15 wall=0.221s thr(out)1 thr(in)16 conc_peak=15 pread=1.923s
DBG getmany L8 nw=16 wall=0.240s thr(out)1 thr(in)16 conc_peak=16 pread=2.282s
DBG getmany L9 nw=15 wall=0.230s thr(out)1 thr(in)16 conc_peak=15 pread=2.087s
DBG getmany L10 nw=15 wall=0.224s thr(out)1 thr(in)16 conc_peak=15 pread=1.943s
DBG getmany L11 nw=15 wall=0.229s thr(out)1 thr(in)16 conc_peak=15 pread=2.055s
DBG getmany L12 nw=15 wall=0.228s thr(out)1 thr(in)16 conc_peak=15 pread=2.027s
DBG getmany L13 nw=16 wall=0.250s thr(out)1 thr(in)16 conc_peak=16 pread=2.264s
DBG getmany L14 nw=15 wall=0.231s thr(out)1 thr(in)16 conc_peak=15 pread=2.095s
DBG getmany L15 nw=16 wall=0.247s thr(out)1 thr(in)16 conc_peak=16 pread=2.264s
DBG getmany L16 nw=15 wall=0.231s thr(out)1 thr(in)16 conc_peak=15 pread=2.097s
DBG getmany L17 nw=16 wall=0.245s thr(out)1 thr(in)16 conc_peak=16 pread=2.335s
DBG getmany L18 nw=16 wall=0.245s thr(out)1 thr(in)16 conc_peak=16 pread=2.324s
DBG getmany L19 nw=16 wall=0.246s thr(out)1 thr(in)16 conc_peak=16 pread=2.321s
DBG getmany L20 nw=16 wall=0.243s thr(out)1 thr(in)16 conc_peak=16 pread=2.294s
DBG getmany L21 nw=16 wall=0.686s thr(out)1 thr(in)16 conc_peak=16 pread=9.609s
DBG getmany L22 nw=16 wall=0.518s thr(out)1 thr(in)16 conc_peak=16 pread=6.598s
DBG getmany L23 nw=15 wall=0.629s thr(out)1 thr(in)16 conc_peak=15 pread=8.303s
DBG getmany L24 nw=13 wall=0.737s thr(out)1 thr(in)16 conc_peak=13 pread=7.904s
DBG getmany L25 nw=15 wall=0.717s thr(out)1 thr(in)16 conc_peak=15 pread=8.859s
DBG getmany L26 nw=15 wall=0.435s thr(out)1 thr(in)16 conc_peak=15 pread=5.293s
DBG getmany L27 nw=16 wall=0.679s thr(out)1 thr(in)16 conc_peak=16 pread=9.657s
DBG getmany L28 nw=15 wall=0.614s thr(out)1 thr(in)16 conc_peak=15 pread=7.856s
DBG getmany L29 nw=16 wall=0.713s thr(out)1 thr(in)16 conc_peak=16 pread=9.301s
DBG getmany L30 nw=16 wall=0.541s thr(out)1 thr(in)16 conc_peak=16 pread=5.853s
DBG getmany L31 nw=16 wall=0.697s thr(out)1 thr(in)16 conc_peak=16 pread=8.509s
DBG getmany L32 nw=14 wall=0.598s thr(out)1 thr(in)16 conc_peak=14 pread=7.355s
DBG getmany L33 nw=15 wall=0.700s thr(out)1 thr(in)16 conc_peak=15 pread=9.539s
DBG getmany L34 nw=16 wall=0.507s thr(out)1 thr(in)16 conc_peak=16 pread=7.508s
DBG getmany L35 nw=16 wall=0.757s thr(out)1 thr(in)16 conc_peak=16 pread=8.696s
DBG getmany L36 nw=14 wall=0.517s thr(out)1 thr(in)16 conc_peak=14 pread=5.869s
DBG getmany L37 nw=16 wall=0.634s thr(out)1 thr(in)16 conc_peak=16 pread=8.100s
DBG getmany L38 nw=16 wall=0.381s thr(out)1 thr(in)16 conc_peak=16 pread=4.628s
DBG getmany L39 nw=16 wall=0.671s thr(out)1 thr(in)16 conc_peak=16 pread=6.490s
DBG getmany L40 nw=16 wall=0.658s thr(out)1 thr(in)16 conc_peak=16 pread=8.941s
DBG getmany L41 nw=16 wall=0.651s thr(out)1 thr(in)16 conc_peak=16 pread=8.275s
DBG getmany L42 nw=16 wall=0.402s thr(out)1 thr(in)16 conc_peak=16 pread=5.416s
DBG getmany L43 nw=16 wall=0.701s thr(out)1 thr(in)16 conc_peak=16 pread=10.140s
DBG getmany L44 nw=16 wall=0.685s thr(out)1 thr(in)16 conc_peak=16 pread=9.584s
DBG getmany L45 nw=16 wall=0.738s thr(out)1 thr(in)16 conc_peak=16 pread=10.908s
DBG getmany L46 nw=15 wall=11.736s thr(out)1 thr(in)16 conc_peak=15 pread=138.742s
DBG getmany L47 nw=15 wall=0.714s thr(out)1 thr(in)16 conc_peak=15 pread=8.883s
DBG getmany L48 nw=15 wall=0.667s thr(out)1 thr(in)16 conc_peak=15 pread=7.733s
DBG getmany L49 nw=15 wall=0.748s thr(out)1 thr(in)16 conc_peak=15 pread=9.772s
DBG getmany L50 nw=16 wall=0.491s thr(out)1 thr(in)16 conc_peak=16 pread=6.372s
DBG getmany L51 nw=16 wall=0.711s thr(out)1 thr(in)16 conc_peak=16 pread=10.511s
DBG getmany L52 nw=16 wall=0.664s thr(out)1 thr(in)16 conc_peak=16 pread=7.157s
DBG getmany L53 nw=15 wall=0.699s thr(out)1 thr(in)16 conc_peak=15 pread=8.485s
DBG getmany L54 nw=16 wall=0.492s thr(out)1 thr(in)16 conc_peak=16 pread=7.191s
DBG getmany L55 nw=16 wall=0.659s thr(out)1 thr(in)16 conc_peak=16 pread=9.911s
DBG getmany L56 nw=16 wall=0.725s thr(out)1 thr(in)16 conc_peak=16 pread=10.265s
DBG getmany L57 nw=16 wall=0.671s thr(out)1 thr(in)16 conc_peak=16 pread=8.563s
DBG getmany L58 nw=16 wall=0.506s thr(out)1 thr(in)16 conc_peak=16 pread=7.127s
DBG getmany L59 nw=16 wall=0.739s thr(out)1 thr(in)16 conc_peak=16 pread=6.503s
DBG getmany L60 nw=16 wall=0.710s thr(out)1 thr(in)16 conc_peak=16 pread=8.914s
DBG getmany L61 nw=16 wall=0.700s thr(out)1 thr(in)16 conc_peak=15 pread=8.631s
DBG getmany L62 nw=16 wall=0.501s thr(out)1 thr(in)16 conc_peak=16 pread=6.022s
DBG getmany L63 nw=16 wall=0.698s thr(out)1 thr(in)16 conc_peak=16 pread=9.235s
DBG getmany L64 nw=16 wall=0.722s thr(out)1 thr(in)16 conc_peak=16 pread=9.990s
DBG getmany L65 nw=16 wall=0.695s thr(out)1 thr(in)16 conc_peak=16 pread=9.527s
DBG getmany L66 nw=16 wall=0.456s thr(out)1 thr(in)16 conc_peak=16 pread=6.260s
DBG getmany L67 nw=16 wall=0.696s thr(out)1 thr(in)16 conc_peak=16 pread=9.430s
DBG getmany L68 nw=16 wall=0.663s thr(out)1 thr(in)16 conc_peak=16 pread=7.862s
DBG getmany L69 nw=16 wall=0.705s thr(out)1 thr(in)16 conc_peak=16 pread=9.580s
DBG getmany L70 nw=16 wall=0.503s thr(out)1 thr(in)16 conc_peak=16 pread=6.380s
DBG getmany L71 nw=16 wall=0.789s thr(out)1 thr(in)16 conc_peak=16 pread=8.987s
DBG getmany L72 nw=16 wall=0.724s thr(out)1 thr(in)16 conc_peak=16 pread=9.969s
DBG getmany L73 nw=16 wall=0.660s thr(out)1 thr(in)16 conc_peak=16 pread=7.712s
DBG getmany L74 nw=16 wall=0.535s thr(out)1 thr(in)16 conc_peak=16 pread=7.456s
DBG getmany L75 nw=16 wall=0.675s thr(out)1 thr(in)16 conc_peak=16 pread=9.204s
DBG getmany L76 nw=16 wall=0.684s thr(out)1 thr(in)16 conc_peak=16 pread=9.965s
DBG getmany L77 nw=16 wall=0.663s thr(out)1 thr(in)16 conc_peak=16 pread=9.777s
DBG getmany L78 nw=16 wall=0.539s thr(out)1 thr(in)16 conc_peak=16 pread=7.447s
DBG getmany L79 nw=16 wall=0.661s thr(out)1 thr(in)16 conc_peak=16 pread=8.471s
DBG getmany L80 nw=16 wall=0.691s thr(out)1 thr(in)16 conc_peak=16 pread=8.529s
DBG getmany L81 nw=15 wall=0.705s thr(out)1 thr(in)16 conc_peak=15 pread=9.467s
DBG getmany L82 nw=16 wall=0.450s thr(out)1 thr(in)16 conc_peak=16 pread=5.946s
DBG getmany L83 nw=13 wall=0.646s thr(out)1 thr(in)16 conc_peak=13 pread=6.239s
DBG getmany L84 nw=13 wall=0.635s thr(out)1 thr(in)16 conc_peak=13 pread=5.594s
DBG getmany L85 nw=14 wall=0.663s thr(out)1 thr(in)16 conc_peak=14 pread=7.887s
DBG getmany L86 nw=16 wall=0.443s thr(out)1 thr(in)16 conc_peak=16 pread=5.173s
DBG getmany L87 nw=13 wall=0.603s thr(out)1 thr(in)16 conc_peak=13 pread=6.376s
DBG getmany L88 nw=15 wall=0.685s thr(out)1 thr(in)16 conc_peak=15 pread=8.516s
DBG getmany L89 nw=13 wall=0.626s thr(out)1 thr(in)16 conc_peak=13 pread=6.104s
DBG getmany L90 nw=12 wall=0.391s thr(out)1 thr(in)16 conc_peak=12 pread=3.931s
DBG getmany L91 nw=13 wall=0.457s thr(out)1 thr(in)16 conc_peak=13 pread=5.487s
DBG getmany L92 nw=13 wall=0.201s thr(out)1 thr(in)16 conc_peak=13 pread=1.552s
2      24         85.99        100.0      24.85      0.012
  L2   resident=6779/14589 slots hit=100.0% read=76.49GB write=0.00GB
--------------------------------------------------------------------
3 tokens in 296.7 s, 98.90 s/token average
PEAK RSS for the whole run: 37.16 GB   <- quote this, not the plan
layers completed: 93/93; routed expert drops: 0


[chip] simulated MXFP4 GEMV bill over 4 tokens
  4416 expert chains | 291722231808 flops | 77488717824 bytes (77.49 GB)
  per token: 1104 chains | 19.37 GB | 0.07 Gflops
  compute wall @ 4 TFLOPS : 0.07 s (18.23 ms/token)
  bandwidth wall @ 200 GB/s : 0.39 s (96.86 ms/token)
  -> bandwidth-bound; to be compute-bound at 4 TFLOPS this needs 1062 GB/s
  expert fetch (host wall, measured): 203.94 s moving 77.49 GB = 0 GB/s
  chip pool wall (measured): 26.88 s

cache [final step]
  slots        : 854 of 17.56 MB = 14.99 GB arena (854 resident, 0 pinned)
  requests     : 1472  hits 1472 (100.00%)  misses 0  evictions 1416
  of those hits : 1416 came from the batch prefetch, i.e. read from disk
                  this token; TRUE resident hit rate 3.80%
  read from disk: 24.85 GB in 60.72 s (409 MB/s while loading)
  phase2 i/o    : 24.86 GB in 60.72 s (409 MB/s)  [pure parallel disk read]
l2cache [final step]
  requests     : 4359  hits 4359 (100.00%)  misses 0
  read  from sdd7: 76.49 GB, written 0.00 GB
  fd split  : 3897 O_DIRECT, 0 BUFFERED (0.00% buffered)
  hit I/O   : 76.49 GB in 197.87 s (wall) = 387 MB/s [pread 2586.07 s, 30 MB/s per-thread]
  miss I/O  : 0 misses, 0.00 GB from /model in 0.00 s (wall) = 0 MB/s
  restored from meta: 6779 slots
kio tier0: 4595 reqs, 216.66 GB delivered | per-stream 81 MB/s, aggregate 730 MB/s, concurrency 9.1x | queue 63.5 s (2.4% of io), submit-lock 8.1 s, worker-lock 0.1 s, sleep 2302.9 s in 8583 waits (49% of worker-time)
      group0: 235 reqs, 140.16 GB | per-stream 833 MB/s | queue 0.2 s (0.1%)
      group1: 4360 reqs, 76.51 GB | per-stream 30 MB/s | queue 63.3 s (2.5%)

wrote reports/gateab_ab/v64_schedstat/run-20261007_081820/ctrl.json
I/O share of wall clock: 123.6%  (trunk 169.0 s + experts 197.9 s of 296.7 s)
  both figures are WHOLE-RUN totals over 3 steps
  expert phase split: phase1 SERIAL reserve 11.6 s (552 calls) vs phase2 read 197.9 s
  over 100% because trunk reads overlap compute on the reader thread;
  70.1 s of device time was hidden behind arithmetic
  experts, whole run: 76.51 GB read | 910 of 4416 requests retained in RAM (20.61%) | 3506 evictions
    (retention = requests - evictions; the raw `hits` counter includes
     experts the prefetcher had just read from disk, so it is not a
     measure of avoided I/O)

trunk [final]
  pinned 22/93 layers, ring 2 slots
  binds 279, hits 44 (15.8%), reads 235
  read 140.16 GB in 168.97 s (829 MB/s pread)
  per-layer loads [L]=count: 0=1 1=1 2=1 3=1 4=1 5=1 6=1 7=1 8=1 9=1 10=1 11=1 12=1 13=1 14=1 15=1 16=1 17=1 18=1 19=1 20=1 21=1 22=3 23=3 24=3 25=3 26=3 27=3 28=3 29=3 30=3 31=3 32=3 33=3 34=3 35=3 36=3 37=3 38=3 39=3 40=3 41=3 42=3 43=3 44=3 45=3 46=3 47=3 48=3 49=3 50=3 51=3 52=3 53=3 54=3 55=3 56=3 57=3 58=3 59=3 60=3 61=3 62=3 63=3 64=3 65=3 66=3 67=3 68=3 69=3 70=3 71=3 72=3 73=3 74=3 75=3 76=3 77=3 78=3 79=3 80=3 81=3 82=3 83=3 84=3 85=3 86=3 87=3 88=3 89=3 90=3 91=3 92=3
  bind wall 20.94 s over 279 binds; read 168.97 + widen 1.94 = 170.91 s of device work,
                    of which 149.97 s (88%) overlapped compute on the reader thread
  widen breakdown: find 9 ms (7365)  copy 0 ms (3444)  deq 1929 ms (2370)  timed 2 s of widen 1.94 s
