L2 auto: 209 GB free on /mnt/nvme -> L2 at 256 GB
k3 chip: 4 workers, 4 TFLOPS, 200 GB/s simulated wall
DBG getmany L1 nw=16 wall=0.212s thr(out)1 thr(in)16 conc_peak=16 pread=2.350s
DBG getmany L2 nw=16 wall=0.197s thr(out)1 thr(in)16 conc_peak=16 pread=2.167s
DBG getmany L3 nw=16 wall=0.197s thr(out)1 thr(in)16 conc_peak=16 pread=2.032s
DBG getmany L4 nw=16 wall=0.195s thr(out)1 thr(in)16 conc_peak=16 pread=2.075s
DBG getmany L5 nw=16 wall=0.185s thr(out)1 thr(in)16 conc_peak=16 pread=1.943s
DBG getmany L6 nw=16 wall=0.188s thr(out)1 thr(in)16 conc_peak=16 pread=2.025s
DBG getmany L7 nw=16 wall=0.188s thr(out)1 thr(in)16 conc_peak=16 pread=1.926s
DBG getmany L8 nw=16 wall=0.185s thr(out)1 thr(in)16 conc_peak=16 pread=1.867s
DBG getmany L9 nw=16 wall=0.192s thr(out)1 thr(in)16 conc_peak=16 pread=1.971s
DBG getmany L10 nw=16 wall=0.197s thr(out)1 thr(in)16 conc_peak=16 pread=2.041s
DBG getmany L11 nw=16 wall=0.199s thr(out)1 thr(in)16 conc_peak=16 pread=2.119s
DBG getmany L12 nw=16 wall=0.200s thr(out)1 thr(in)16 conc_peak=16 pread=2.102s
DBG getmany L13 nw=16 wall=0.199s thr(out)1 thr(in)16 conc_peak=16 pread=2.080s
DBG getmany L14 nw=16 wall=0.192s thr(out)1 thr(in)16 conc_peak=16 pread=2.009s
DBG getmany L15 nw=16 wall=0.208s thr(out)1 thr(in)16 conc_peak=16 pread=2.255s
DBG getmany L16 nw=16 wall=0.205s thr(out)1 thr(in)16 conc_peak=16 pread=2.182s
DBG getmany L17 nw=16 wall=0.202s thr(out)1 thr(in)16 conc_peak=16 pread=2.145s
DBG getmany L18 nw=16 wall=0.202s thr(out)1 thr(in)16 conc_peak=16 pread=2.110s
DBG getmany L19 nw=16 wall=0.207s thr(out)1 thr(in)16 conc_peak=16 pread=2.208s
DBG getmany L20 nw=16 wall=0.198s thr(out)1 thr(in)16 conc_peak=16 pread=2.040s
DBG getmany L21 nw=16 wall=0.229s thr(out)1 thr(in)16 conc_peak=16 pread=2.158s
DBG getmany L22 nw=16 wall=0.261s thr(out)1 thr(in)16 conc_peak=16 pread=2.289s
DBG getmany L23 nw=16 wall=0.493s thr(out)1 thr(in)16 conc_peak=16 pread=5.597s
DBG getmany L24 nw=16 wall=0.527s thr(out)1 thr(in)16 conc_peak=16 pread=6.933s
DBG getmany L25 nw=16 wall=0.556s thr(out)1 thr(in)16 conc_peak=16 pread=7.254s
DBG getmany L26 nw=16 wall=0.403s thr(out)1 thr(in)16 conc_peak=16 pread=4.926s
DBG getmany L27 nw=16 wall=0.498s thr(out)1 thr(in)16 conc_peak=16 pread=5.828s
DBG getmany L28 nw=16 wall=0.490s thr(out)1 thr(in)16 conc_peak=16 pread=5.620s
DBG getmany L29 nw=16 wall=0.509s thr(out)1 thr(in)16 conc_peak=16 pread=6.651s
DBG getmany L30 nw=16 wall=0.412s thr(out)1 thr(in)16 conc_peak=16 pread=5.814s
DBG getmany L31 nw=16 wall=0.580s thr(out)1 thr(in)16 conc_peak=16 pread=7.829s
DBG getmany L32 nw=16 wall=0.532s thr(out)1 thr(in)16 conc_peak=16 pread=6.054s
DBG getmany L33 nw=16 wall=0.576s thr(out)1 thr(in)16 conc_peak=16 pread=7.777s
DBG getmany L34 nw=16 wall=0.403s thr(out)1 thr(in)16 conc_peak=16 pread=5.700s
DBG getmany L35 nw=16 wall=0.573s thr(out)1 thr(in)16 conc_peak=16 pread=8.223s
DBG getmany L36 nw=16 wall=0.572s thr(out)1 thr(in)16 conc_peak=16 pread=6.972s
DBG getmany L37 nw=16 wall=0.567s thr(out)1 thr(in)16 conc_peak=16 pread=8.450s
DBG getmany L38 nw=16 wall=0.396s thr(out)1 thr(in)16 conc_peak=16 pread=5.017s
DBG getmany L39 nw=16 wall=0.562s thr(out)1 thr(in)16 conc_peak=16 pread=6.762s
DBG getmany L40 nw=16 wall=0.544s thr(out)1 thr(in)16 conc_peak=16 pread=7.101s
DBG getmany L41 nw=16 wall=0.518s thr(out)1 thr(in)16 conc_peak=16 pread=7.156s
DBG getmany L42 nw=16 wall=0.417s thr(out)1 thr(in)16 conc_peak=16 pread=5.309s
DBG getmany L43 nw=16 wall=0.577s thr(out)1 thr(in)16 conc_peak=15 pread=7.536s
DBG getmany L44 nw=16 wall=0.555s thr(out)1 thr(in)16 conc_peak=16 pread=6.369s
DBG getmany L45 nw=16 wall=0.549s thr(out)1 thr(in)16 conc_peak=16 pread=6.488s
DBG getmany L46 nw=16 wall=0.433s thr(out)1 thr(in)16 conc_peak=16 pread=5.498s
DBG getmany L47 nw=16 wall=0.595s thr(out)1 thr(in)16 conc_peak=16 pread=6.923s
DBG getmany L48 nw=16 wall=0.590s thr(out)1 thr(in)16 conc_peak=16 pread=8.797s
DBG getmany L49 nw=16 wall=0.606s thr(out)1 thr(in)16 conc_peak=16 pread=9.009s
DBG getmany L50 nw=16 wall=0.453s thr(out)1 thr(in)16 conc_peak=16 pread=5.682s
DBG getmany L51 nw=16 wall=0.596s thr(out)1 thr(in)16 conc_peak=16 pread=7.599s
DBG getmany L52 nw=16 wall=0.586s thr(out)1 thr(in)16 conc_peak=16 pread=7.598s
DBG getmany L53 nw=16 wall=0.553s thr(out)1 thr(in)16 conc_peak=16 pread=6.298s
DBG getmany L54 nw=16 wall=0.470s thr(out)1 thr(in)16 conc_peak=16 pread=6.034s
DBG getmany L55 nw=16 wall=0.599s thr(out)1 thr(in)16 conc_peak=16 pread=5.719s
DBG getmany L56 nw=16 wall=0.569s thr(out)1 thr(in)16 conc_peak=16 pread=7.653s
DBG getmany L57 nw=16 wall=0.559s thr(out)1 thr(in)16 conc_peak=16 pread=8.241s
DBG getmany L58 nw=16 wall=0.424s thr(out)1 thr(in)16 conc_peak=16 pread=4.941s
DBG getmany L59 nw=16 wall=0.608s thr(out)1 thr(in)16 conc_peak=16 pread=5.292s
DBG getmany L60 nw=16 wall=0.576s thr(out)1 thr(in)16 conc_peak=16 pread=6.640s
DBG getmany L61 nw=16 wall=0.604s thr(out)1 thr(in)16 conc_peak=16 pread=7.881s
DBG getmany L62 nw=16 wall=0.440s thr(out)1 thr(in)16 conc_peak=16 pread=6.252s
DBG getmany L63 nw=16 wall=0.609s thr(out)1 thr(in)16 conc_peak=16 pread=8.153s
DBG getmany L64 nw=16 wall=0.587s thr(out)1 thr(in)16 conc_peak=16 pread=7.694s
DBG getmany L65 nw=16 wall=0.584s thr(out)1 thr(in)16 conc_peak=16 pread=8.392s
DBG getmany L66 nw=16 wall=0.444s thr(out)1 thr(in)16 conc_peak=16 pread=6.550s
DBG getmany L67 nw=16 wall=0.579s thr(out)1 thr(in)16 conc_peak=16 pread=7.827s
DBG getmany L68 nw=16 wall=0.588s thr(out)1 thr(in)16 conc_peak=16 pread=8.706s
DBG getmany L69 nw=16 wall=0.555s thr(out)1 thr(in)16 conc_peak=16 pread=7.530s
DBG getmany L70 nw=16 wall=0.431s thr(out)1 thr(in)16 conc_peak=16 pread=5.573s
DBG getmany L71 nw=16 wall=0.623s thr(out)1 thr(in)16 conc_peak=16 pread=8.973s
DBG getmany L72 nw=16 wall=0.593s thr(out)1 thr(in)16 conc_peak=16 pread=8.835s
DBG getmany L73 nw=16 wall=0.604s thr(out)1 thr(in)16 conc_peak=16 pread=8.961s
DBG getmany L74 nw=16 wall=0.459s thr(out)1 thr(in)16 conc_peak=16 pread=6.739s
DBG getmany L75 nw=16 wall=0.597s thr(out)1 thr(in)16 conc_peak=16 pread=6.583s
DBG getmany L76 nw=16 wall=0.545s thr(out)1 thr(in)16 conc_peak=16 pread=6.680s
DBG getmany L77 nw=16 wall=0.592s thr(out)1 thr(in)16 conc_peak=16 pread=8.731s
DBG getmany L78 nw=16 wall=0.456s thr(out)1 thr(in)16 conc_peak=16 pread=6.549s
DBG getmany L79 nw=16 wall=0.576s thr(out)1 thr(in)16 conc_peak=16 pread=8.604s
DBG getmany L80 nw=16 wall=0.558s thr(out)1 thr(in)16 conc_peak=16 pread=7.492s
DBG getmany L81 nw=16 wall=0.561s thr(out)1 thr(in)16 conc_peak=16 pread=7.847s
DBG getmany L82 nw=16 wall=0.411s thr(out)1 thr(in)16 conc_peak=16 pread=5.881s
DBG getmany L83 nw=16 wall=0.560s thr(out)1 thr(in)16 conc_peak=16 pread=8.033s
DBG getmany L84 nw=16 wall=0.548s thr(out)1 thr(in)16 conc_peak=16 pread=7.847s
DBG getmany L85 nw=16 wall=0.550s thr(out)1 thr(in)16 conc_peak=16 pread=8.064s
DBG getmany L86 nw=16 wall=0.397s thr(out)1 thr(in)16 conc_peak=16 pread=5.511s
DBG getmany L87 nw=16 wall=0.541s thr(out)1 thr(in)16 conc_peak=16 pread=7.264s
DBG getmany L88 nw=16 wall=0.572s thr(out)1 thr(in)16 conc_peak=16 pread=8.242s
DBG getmany L89 nw=16 wall=0.577s thr(out)1 thr(in)16 conc_peak=16 pread=8.304s
DBG getmany L90 nw=16 wall=0.423s thr(out)1 thr(in)16 conc_peak=16 pread=6.207s
DBG getmany L91 nw=16 wall=0.452s thr(out)1 thr(in)16 conc_peak=16 pread=6.761s
DBG getmany L92 nw=16 wall=0.172s thr(out)1 thr(in)16 conc_peak=16 pread=1.801s
config: /model/config.json (nested shape) | hidden=7168 layers=93 vocab=163840 | 24 MLA + 69 KDA | experts 896 top16 shared2 | latent=3584
  KV cache : 23.70 MB for 10 positions (2.37 MB/position)
Kimi K3, pure C, released checkpoint
  model    : /model
  prompt   : 1 tokens, generating 8

indexed 497220 tensors from 96 shards in 4.03 s
trunk on disk : 110.00 GB total (STREAMED from /mnt/nvme/trunk_layers_out, not held in RAM)

memory plan
  trunk (STREAMED) 32.00 GB
  embed + lm_head  4.70 GB
  expert cache     15.00 GB
  recurrent state  626.25 MB
  buffers          8.02 MB
  KV cache         23.65 MB
  TOTAL            52.36 GB
  available        57.81 GB

k3_trunk: trunk.bin absent - using per-layer slices (layer_%03d.bin)
trunk stream: 56.60 GB packed, 22/93 layers PINNED (29.30 GB), ring 2 x 1.30 GB
              reads use buffered I/O
              ring holds 2 slots: layers repeat over ~2 tokens, so recent ones are reused instead of re-read
trunk streaming enabled from /mnt/nvme/trunk_layers_out in 0.0 s
embedding, final norm and lm_head: 4.70 GB in 9.4 s

expert L1 eviction policy: heat
expert L2 cache enabled: 14589 slots x 17.55 MB = 256.00 GB on /mnt/nvme/experts.l2
expert L2 eviction policy: heat
peak RSS after loading weights: 4.78 GB  (the plan above is a forecast, this is measured)
expert cache: 854 slots x 17.56 MB = 14.99 GB (1.04% of the 1.45 TB expert pool)

recurrent state for 93 layers: 626.25 MB

incremental decode: KV cache 23.65 MB for 24 MLA layers at 10 positions

STEP   TOKEN      SECONDS      CACHE HIT  READ GB    TOK/S
--------------------------------------------------------------------
0      220        72.75        100.0      25.83      0.014
  L2   resident=6779/14589 slots hit=100.0% read=25.83GB write=0.00GB
DBG getmany L1 nw=16 wall=0.198s thr(out)1 thr(in)16 conc_peak=16 pread=1.832s
DBG getmany L2 nw=16 wall=0.196s thr(out)1 thr(in)16 conc_peak=16 pread=1.788s
DBG getmany L3 nw=16 wall=0.182s thr(out)1 thr(in)16 conc_peak=16 pread=1.750s
DBG getmany L4 nw=16 wall=0.171s thr(out)1 thr(in)16 conc_peak=16 pread=1.631s
DBG getmany L5 nw=16 wall=0.170s thr(out)1 thr(in)16 conc_peak=16 pread=1.712s
DBG getmany L6 nw=16 wall=0.190s thr(out)1 thr(in)16 conc_peak=16 pread=1.769s
DBG getmany L7 nw=16 wall=0.171s thr(out)1 thr(in)16 conc_peak=16 pread=1.728s
DBG getmany L8 nw=16 wall=0.166s thr(out)1 thr(in)16 conc_peak=16 pread=1.570s
DBG getmany L9 nw=16 wall=0.170s thr(out)1 thr(in)16 conc_peak=16 pread=1.631s
DBG getmany L10 nw=16 wall=0.172s thr(out)1 thr(in)16 conc_peak=16 pread=1.677s
DBG getmany L11 nw=16 wall=0.177s thr(out)1 thr(in)16 conc_peak=16 pread=1.558s
DBG getmany L12 nw=16 wall=0.178s thr(out)1 thr(in)16 conc_peak=16 pread=1.715s
DBG getmany L13 nw=16 wall=0.183s thr(out)1 thr(in)16 conc_peak=16 pread=1.758s
DBG getmany L14 nw=16 wall=0.178s thr(out)1 thr(in)16 conc_peak=16 pread=1.680s
DBG getmany L15 nw=16 wall=0.173s thr(out)1 thr(in)16 conc_peak=16 pread=1.611s
DBG getmany L16 nw=16 wall=0.176s thr(out)1 thr(in)16 conc_peak=16 pread=1.720s
DBG getmany L17 nw=16 wall=0.177s thr(out)1 thr(in)16 conc_peak=16 pread=1.750s
DBG getmany L18 nw=16 wall=0.177s thr(out)1 thr(in)16 conc_peak=16 pread=1.594s
DBG getmany L19 nw=16 wall=0.173s thr(out)1 thr(in)16 conc_peak=16 pread=1.559s
DBG getmany L20 nw=16 wall=0.171s thr(out)1 thr(in)16 conc_peak=16 pread=1.556s
DBG getmany L21 nw=16 wall=0.538s thr(out)1 thr(in)16 conc_peak=16 pread=6.427s
DBG getmany L22 nw=16 wall=0.416s thr(out)1 thr(in)16 conc_peak=16 pread=5.290s
DBG getmany L23 nw=16 wall=0.529s thr(out)1 thr(in)16 conc_peak=16 pread=7.708s
DBG getmany L24 nw=16 wall=0.604s thr(out)1 thr(in)16 conc_peak=16 pread=8.106s
DBG getmany L25 nw=16 wall=0.596s thr(out)1 thr(in)16 conc_peak=16 pread=8.252s
DBG getmany L26 nw=16 wall=0.433s thr(out)1 thr(in)16 conc_peak=16 pread=6.048s
DBG getmany L27 nw=16 wall=0.531s thr(out)1 thr(in)16 conc_peak=16 pread=6.654s
DBG getmany L28 nw=16 wall=0.517s thr(out)1 thr(in)16 conc_peak=16 pread=7.676s
DBG getmany L29 nw=16 wall=0.628s thr(out)1 thr(in)16 conc_peak=16 pread=8.605s
DBG getmany L30 nw=16 wall=0.652s thr(out)1 thr(in)16 conc_peak=16 pread=8.999s
DBG getmany L31 nw=16 wall=0.844s thr(out)1 thr(in)16 conc_peak=16 pread=11.243s
DBG getmany L32 nw=16 wall=0.861s thr(out)1 thr(in)16 conc_peak=16 pread=12.461s
DBG getmany L33 nw=16 wall=0.891s thr(out)1 thr(in)16 conc_peak=16 pread=12.850s
DBG getmany L34 nw=16 wall=0.650s thr(out)1 thr(in)16 conc_peak=16 pread=9.674s
DBG getmany L35 nw=16 wall=0.855s thr(out)1 thr(in)16 conc_peak=16 pread=12.332s
DBG getmany L36 nw=16 wall=0.851s thr(out)1 thr(in)16 conc_peak=16 pread=8.688s
DBG getmany L37 nw=16 wall=0.844s thr(out)1 thr(in)16 conc_peak=16 pread=11.653s
DBG getmany L38 nw=16 wall=0.608s thr(out)1 thr(in)16 conc_peak=16 pread=8.403s
DBG getmany L39 nw=16 wall=0.763s thr(out)1 thr(in)16 conc_peak=16 pread=9.778s
DBG getmany L40 nw=16 wall=0.847s thr(out)1 thr(in)16 conc_peak=16 pread=11.035s
DBG getmany L41 nw=16 wall=0.824s thr(out)1 thr(in)16 conc_peak=16 pread=10.470s
DBG getmany L42 nw=16 wall=0.653s thr(out)1 thr(in)16 conc_peak=16 pread=8.756s
DBG getmany L43 nw=16 wall=0.872s thr(out)1 thr(in)16 conc_peak=16 pread=10.002s
DBG getmany L44 nw=16 wall=0.856s thr(out)1 thr(in)16 conc_peak=16 pread=11.480s
DBG getmany L45 nw=16 wall=0.857s thr(out)1 thr(in)16 conc_peak=16 pread=11.288s
DBG getmany L46 nw=16 wall=0.659s thr(out)1 thr(in)16 conc_peak=16 pread=8.611s
DBG getmany L47 nw=16 wall=0.888s thr(out)1 thr(in)16 conc_peak=16 pread=6.855s
DBG getmany L48 nw=16 wall=0.807s thr(out)1 thr(in)16 conc_peak=16 pread=10.551s
DBG getmany L49 nw=16 wall=0.859s thr(out)1 thr(in)16 conc_peak=16 pread=12.569s
DBG getmany L50 nw=16 wall=0.658s thr(out)1 thr(in)16 conc_peak=16 pread=8.436s
DBG getmany L51 nw=16 wall=0.841s thr(out)1 thr(in)16 conc_peak=16 pread=10.008s
DBG getmany L52 nw=16 wall=0.800s thr(out)1 thr(in)16 conc_peak=16 pread=12.018s
DBG getmany L53 nw=16 wall=0.601s thr(out)1 thr(in)16 conc_peak=16 pread=6.001s
DBG getmany L54 nw=16 wall=0.591s thr(out)1 thr(in)16 conc_peak=16 pread=7.650s
DBG getmany L55 nw=16 wall=0.759s thr(out)1 thr(in)16 conc_peak=16 pread=8.553s
DBG getmany L56 nw=16 wall=0.768s thr(out)1 thr(in)16 conc_peak=16 pread=7.715s
DBG getmany L57 nw=16 wall=0.787s thr(out)1 thr(in)16 conc_peak=16 pread=11.637s
DBG getmany L58 nw=16 wall=0.590s thr(out)1 thr(in)16 conc_peak=16 pread=8.285s
DBG getmany L59 nw=16 wall=0.774s thr(out)1 thr(in)16 conc_peak=16 pread=8.948s
DBG getmany L60 nw=16 wall=0.786s thr(out)1 thr(in)16 conc_peak=16 pread=10.573s
DBG getmany L61 nw=16 wall=0.756s thr(out)1 thr(in)16 conc_peak=16 pread=11.049s
DBG getmany L62 nw=16 wall=0.570s thr(out)1 thr(in)16 conc_peak=16 pread=8.445s
DBG getmany L63 nw=16 wall=0.784s thr(out)1 thr(in)16 conc_peak=16 pread=11.721s
DBG getmany L64 nw=16 wall=0.775s thr(out)1 thr(in)16 conc_peak=16 pread=11.667s
DBG getmany L65 nw=16 wall=0.762s thr(out)1 thr(in)16 conc_peak=16 pread=11.161s
DBG getmany L66 nw=16 wall=0.599s thr(out)1 thr(in)16 conc_peak=16 pread=8.418s
DBG getmany L67 nw=16 wall=0.801s thr(out)1 thr(in)16 conc_peak=16 pread=11.813s
DBG getmany L68 nw=16 wall=0.781s thr(out)1 thr(in)16 conc_peak=16 pread=9.926s
DBG getmany L69 nw=16 wall=0.801s thr(out)1 thr(in)16 conc_peak=16 pread=11.665s
DBG getmany L70 nw=16 wall=0.569s thr(out)1 thr(in)16 conc_peak=16 pread=7.236s
DBG getmany L71 nw=16 wall=0.826s thr(out)1 thr(in)16 conc_peak=16 pread=11.947s
DBG getmany L72 nw=16 wall=0.810s thr(out)1 thr(in)16 conc_peak=16 pread=9.343s
DBG getmany L73 nw=16 wall=0.656s thr(out)1 thr(in)16 conc_peak=16 pread=7.135s
DBG getmany L74 nw=16 wall=0.606s thr(out)1 thr(in)16 conc_peak=16 pread=7.390s
DBG getmany L75 nw=16 wall=0.756s thr(out)1 thr(in)16 conc_peak=16 pread=10.068s
DBG getmany L76 nw=16 wall=0.744s thr(out)1 thr(in)16 conc_peak=16 pread=11.089s
DBG getmany L77 nw=16 wall=0.786s thr(out)1 thr(in)16 conc_peak=16 pread=11.674s
DBG getmany L78 nw=16 wall=0.590s thr(out)1 thr(in)16 conc_peak=16 pread=8.310s
DBG getmany L79 nw=16 wall=0.786s thr(out)1 thr(in)16 conc_peak=16 pread=9.646s
DBG getmany L80 nw=16 wall=0.742s thr(out)1 thr(in)16 conc_peak=16 pread=9.567s
DBG getmany L81 nw=16 wall=0.779s thr(out)1 thr(in)16 conc_peak=16 pread=11.404s
DBG getmany L82 nw=16 wall=0.568s thr(out)1 thr(in)16 conc_peak=16 pread=6.999s
DBG getmany L83 nw=16 wall=0.797s thr(out)1 thr(in)16 conc_peak=16 pread=11.139s
DBG getmany L84 nw=16 wall=0.768s thr(out)1 thr(in)16 conc_peak=16 pread=10.324s
DBG getmany L85 nw=16 wall=0.556s thr(out)1 thr(in)16 conc_peak=16 pread=6.775s
DBG getmany L86 nw=16 wall=0.562s thr(out)1 thr(in)16 conc_peak=16 pread=7.786s
DBG getmany L87 nw=16 wall=0.748s thr(out)1 thr(in)16 conc_peak=16 pread=11.126s
DBG getmany L88 nw=16 wall=0.768s thr(out)1 thr(in)16 conc_peak=16 pread=11.529s
DBG getmany L89 nw=16 wall=0.805s thr(out)1 thr(in)16 conc_peak=16 pread=11.912s
DBG getmany L90 nw=16 wall=0.591s thr(out)1 thr(in)16 conc_peak=16 pread=8.125s
DBG getmany L91 nw=16 wall=0.600s thr(out)1 thr(in)16 conc_peak=16 pread=8.032s
DBG getmany L92 nw=16 wall=0.237s thr(out)1 thr(in)16 conc_peak=16 pread=2.179s
1      802        70.19        100.0      25.83      0.014
  L2   resident=6779/14589 slots hit=100.0% read=51.66GB write=0.00GB
DBG getmany L1 nw=16 wall=0.227s thr(out)1 thr(in)16 conc_peak=16 pread=2.092s
DBG getmany L2 nw=15 wall=0.222s thr(out)1 thr(in)16 conc_peak=15 pread=2.011s
DBG getmany L3 nw=13 wall=0.187s thr(out)1 thr(in)16 conc_peak=13 pread=1.398s
DBG getmany L4 nw=15 wall=0.219s thr(out)1 thr(in)16 conc_peak=15 pread=1.839s
DBG getmany L5 nw=16 wall=0.238s thr(out)1 thr(in)16 conc_peak=16 pread=2.231s
DBG getmany L6 nw=15 wall=0.225s thr(out)1 thr(in)16 conc_peak=15 pread=2.206s
DBG getmany L7 nw=15 wall=0.216s thr(out)1 thr(in)16 conc_peak=15 pread=1.862s
DBG getmany L8 nw=16 wall=0.227s thr(out)1 thr(in)16 conc_peak=16 pread=2.143s
DBG getmany L9 nw=15 wall=0.209s thr(out)1 thr(in)16 conc_peak=15 pread=1.763s
DBG getmany L10 nw=15 wall=0.219s thr(out)1 thr(in)16 conc_peak=15 pread=2.013s
DBG getmany L11 nw=15 wall=0.215s thr(out)1 thr(in)16 conc_peak=15 pread=1.954s
DBG getmany L12 nw=15 wall=0.214s thr(out)1 thr(in)16 conc_peak=15 pread=1.903s
DBG getmany L13 nw=16 wall=0.234s thr(out)1 thr(in)16 conc_peak=16 pread=2.169s
DBG getmany L14 nw=15 wall=0.215s thr(out)1 thr(in)16 conc_peak=15 pread=1.866s
DBG getmany L15 nw=16 wall=0.229s thr(out)1 thr(in)16 conc_peak=16 pread=2.095s
DBG getmany L16 nw=15 wall=0.218s thr(out)1 thr(in)16 conc_peak=14 pread=1.880s
DBG getmany L17 nw=16 wall=0.225s thr(out)1 thr(in)16 conc_peak=16 pread=2.264s
DBG getmany L18 nw=16 wall=0.237s thr(out)1 thr(in)16 conc_peak=16 pread=2.115s
DBG getmany L19 nw=16 wall=0.241s thr(out)1 thr(in)16 conc_peak=16 pread=2.241s
DBG getmany L20 nw=16 wall=0.231s thr(out)1 thr(in)16 conc_peak=16 pread=2.249s
DBG getmany L21 nw=16 wall=0.763s thr(out)1 thr(in)16 conc_peak=16 pread=10.783s
DBG getmany L22 nw=16 wall=0.598s thr(out)1 thr(in)16 conc_peak=16 pread=8.633s
DBG getmany L23 nw=15 wall=0.727s thr(out)1 thr(in)16 conc_peak=15 pread=9.130s
DBG getmany L24 nw=13 wall=0.724s thr(out)1 thr(in)16 conc_peak=13 pread=7.883s
DBG getmany L25 nw=15 wall=0.748s thr(out)1 thr(in)16 conc_peak=15 pread=10.360s
DBG getmany L26 nw=15 wall=0.568s thr(out)1 thr(in)16 conc_peak=15 pread=7.774s
DBG getmany L27 nw=16 wall=0.706s thr(out)1 thr(in)16 conc_peak=16 pread=8.478s
DBG getmany L28 nw=15 wall=0.718s thr(out)1 thr(in)16 conc_peak=15 pread=9.196s
DBG getmany L29 nw=16 wall=0.782s thr(out)1 thr(in)16 conc_peak=16 pread=10.216s
DBG getmany L30 nw=16 wall=0.588s thr(out)1 thr(in)16 conc_peak=16 pread=7.323s
DBG getmany L31 nw=16 wall=0.790s thr(out)1 thr(in)16 conc_peak=16 pread=10.788s
DBG getmany L32 nw=14 wall=0.745s thr(out)1 thr(in)16 conc_peak=14 pread=9.422s
DBG getmany L33 nw=15 wall=0.809s thr(out)1 thr(in)16 conc_peak=15 pread=10.462s
DBG getmany L34 nw=16 wall=0.599s thr(out)1 thr(in)16 conc_peak=16 pread=6.965s
DBG getmany L35 nw=16 wall=0.818s thr(out)1 thr(in)16 conc_peak=16 pread=6.644s
DBG getmany L36 nw=14 wall=0.761s thr(out)1 thr(in)16 conc_peak=14 pread=10.063s
DBG getmany L37 nw=16 wall=0.779s thr(out)1 thr(in)16 conc_peak=16 pread=11.040s
DBG getmany L38 nw=16 wall=0.563s thr(out)1 thr(in)16 conc_peak=16 pread=6.732s
DBG getmany L39 nw=16 wall=0.770s thr(out)1 thr(in)16 conc_peak=16 pread=10.271s
DBG getmany L40 nw=16 wall=0.772s thr(out)1 thr(in)16 conc_peak=16 pread=10.471s
DBG getmany L41 nw=16 wall=0.744s thr(out)1 thr(in)16 conc_peak=16 pread=9.959s
DBG getmany L42 nw=16 wall=0.596s thr(out)1 thr(in)16 conc_peak=16 pread=8.340s
DBG getmany L43 nw=16 wall=0.829s thr(out)1 thr(in)16 conc_peak=16 pread=7.728s
DBG getmany L44 nw=16 wall=0.757s thr(out)1 thr(in)16 conc_peak=16 pread=10.121s
DBG getmany L45 nw=16 wall=0.784s thr(out)1 thr(in)16 conc_peak=16 pread=7.668s
DBG getmany L46 nw=15 wall=0.578s thr(out)1 thr(in)16 conc_peak=15 pread=6.422s
DBG getmany L47 nw=15 wall=0.731s thr(out)1 thr(in)16 conc_peak=15 pread=8.957s
DBG getmany L48 nw=15 wall=0.745s thr(out)1 thr(in)16 conc_peak=15 pread=10.480s
DBG getmany L49 nw=15 wall=0.779s thr(out)1 thr(in)16 conc_peak=15 pread=10.265s
DBG getmany L50 nw=16 wall=0.586s thr(out)1 thr(in)16 conc_peak=16 pread=8.145s
DBG getmany L51 nw=16 wall=0.755s thr(out)1 thr(in)16 conc_peak=16 pread=8.660s
DBG getmany L52 nw=16 wall=0.732s thr(out)1 thr(in)16 conc_peak=16 pread=9.285s
DBG getmany L53 nw=15 wall=0.764s thr(out)1 thr(in)16 conc_peak=15 pread=8.645s
DBG getmany L54 nw=16 wall=0.581s thr(out)1 thr(in)16 conc_peak=16 pread=8.291s
DBG getmany L55 nw=16 wall=0.761s thr(out)1 thr(in)16 conc_peak=16 pread=11.012s
DBG getmany L56 nw=16 wall=0.772s thr(out)1 thr(in)16 conc_peak=16 pread=11.001s
DBG getmany L57 nw=16 wall=0.785s thr(out)1 thr(in)16 conc_peak=16 pread=11.171s
DBG getmany L58 nw=16 wall=0.579s thr(out)1 thr(in)16 conc_peak=16 pread=7.862s
DBG getmany L59 nw=16 wall=0.784s thr(out)1 thr(in)16 conc_peak=16 pread=11.312s
DBG getmany L60 nw=16 wall=0.779s thr(out)1 thr(in)16 conc_peak=16 pread=10.147s
DBG getmany L61 nw=16 wall=0.751s thr(out)1 thr(in)16 conc_peak=16 pread=10.213s
DBG getmany L62 nw=16 wall=0.562s thr(out)1 thr(in)16 conc_peak=16 pread=7.484s
DBG getmany L63 nw=16 wall=0.734s thr(out)1 thr(in)16 conc_peak=16 pread=7.838s
DBG getmany L64 nw=16 wall=0.726s thr(out)1 thr(in)16 conc_peak=16 pread=9.278s
DBG getmany L65 nw=16 wall=0.754s thr(out)1 thr(in)16 conc_peak=16 pread=11.418s
DBG getmany L66 nw=16 wall=0.594s thr(out)1 thr(in)16 conc_peak=16 pread=8.578s
DBG getmany L67 nw=16 wall=0.780s thr(out)1 thr(in)16 conc_peak=16 pread=11.101s
DBG getmany L68 nw=16 wall=0.751s thr(out)1 thr(in)16 conc_peak=16 pread=9.567s
DBG getmany L69 nw=16 wall=0.785s thr(out)1 thr(in)16 conc_peak=16 pread=11.854s
DBG getmany L70 nw=16 wall=0.564s thr(out)1 thr(in)16 conc_peak=16 pread=8.014s
DBG getmany L71 nw=16 wall=0.824s thr(out)1 thr(in)16 conc_peak=16 pread=11.640s
DBG getmany L72 nw=16 wall=0.798s thr(out)1 thr(in)16 conc_peak=16 pread=9.405s
DBG getmany L73 nw=16 wall=0.786s thr(out)1 thr(in)16 conc_peak=16 pread=11.179s
DBG getmany L74 nw=16 wall=0.588s thr(out)1 thr(in)16 conc_peak=16 pread=7.997s
DBG getmany L75 nw=16 wall=0.770s thr(out)1 thr(in)16 conc_peak=16 pread=11.437s
DBG getmany L76 nw=16 wall=0.730s thr(out)1 thr(in)16 conc_peak=16 pread=10.733s
DBG getmany L77 nw=16 wall=0.778s thr(out)1 thr(in)16 conc_peak=16 pread=11.721s
DBG getmany L78 nw=16 wall=0.535s thr(out)1 thr(in)16 conc_peak=16 pread=7.364s
DBG getmany L79 nw=16 wall=0.767s thr(out)1 thr(in)16 conc_peak=16 pread=6.972s
DBG getmany L80 nw=16 wall=0.751s thr(out)1 thr(in)16 conc_peak=16 pread=11.073s
DBG getmany L81 nw=15 wall=0.772s thr(out)1 thr(in)16 conc_peak=15 pread=11.005s
DBG getmany L82 nw=16 wall=0.584s thr(out)1 thr(in)16 conc_peak=16 pread=8.088s
DBG getmany L83 nw=13 wall=0.481s thr(out)1 thr(in)16 conc_peak=13 pread=4.019s
DBG getmany L84 nw=13 wall=0.735s thr(out)1 thr(in)16 conc_peak=13 pread=8.326s
DBG getmany L85 nw=14 wall=0.736s thr(out)1 thr(in)16 conc_peak=14 pread=5.855s
DBG getmany L86 nw=16 wall=0.571s thr(out)1 thr(in)16 conc_peak=16 pread=7.852s
DBG getmany L87 nw=13 wall=0.699s thr(out)1 thr(in)16 conc_peak=13 pread=5.995s
DBG getmany L88 nw=15 wall=0.758s thr(out)1 thr(in)16 conc_peak=15 pread=9.966s
DBG getmany L89 nw=13 wall=0.756s thr(out)1 thr(in)16 conc_peak=13 pread=8.345s
DBG getmany L90 nw=12 wall=0.522s thr(out)1 thr(in)16 conc_peak=12 pread=5.447s
DBG getmany L91 nw=13 wall=0.533s thr(out)1 thr(in)16 conc_peak=12 pread=5.884s
DBG getmany L92 nw=13 wall=0.185s thr(out)1 thr(in)16 conc_peak=13 pread=1.386s
2      24         69.73        100.0      24.85      0.014
  L2   resident=6779/14589 slots hit=100.0% read=76.51GB write=0.00GB
DBG getmany L1 nw=15 wall=0.212s thr(out)1 thr(in)16 conc_peak=15 pread=1.850s
DBG getmany L2 nw=14 wall=0.200s thr(out)1 thr(in)16 conc_peak=14 pread=1.623s
DBG getmany L3 nw=12 wall=0.176s thr(out)1 thr(in)16 conc_peak=11 pread=1.197s
DBG getmany L4 nw=13 wall=0.186s thr(out)1 thr(in)16 conc_peak=13 pread=1.404s
DBG getmany L5 nw=15 wall=0.231s thr(out)1 thr(in)16 conc_peak=15 pread=1.914s
DBG getmany L6 nw=16 wall=0.233s thr(out)1 thr(in)16 conc_peak=16 pread=2.166s
DBG getmany L7 nw=15 wall=0.220s thr(out)1 thr(in)16 conc_peak=15 pread=1.888s
DBG getmany L8 nw=16 wall=0.228s thr(out)1 thr(in)16 conc_peak=16 pread=2.038s
DBG getmany L9 nw=12 wall=0.173s thr(out)1 thr(in)16 conc_peak=10 pread=1.261s
DBG getmany L10 nw=10 wall=0.143s thr(out)1 thr(in)16 conc_peak=10 pread=0.906s
DBG getmany L11 nw=13 wall=0.183s thr(out)1 thr(in)16 conc_peak=11 pread=1.397s
DBG getmany L12 nw=14 wall=0.201s thr(out)1 thr(in)16 conc_peak=14 pread=1.656s
DBG getmany L13 nw=13 wall=0.187s thr(out)1 thr(in)16 conc_peak=12 pread=1.375s
DBG getmany L14 nw=13 wall=0.181s thr(out)1 thr(in)16 conc_peak=13 pread=1.345s
DBG getmany L15 nw=14 wall=0.195s thr(out)1 thr(in)16 conc_peak=14 pread=1.570s
DBG getmany L16 nw=12 wall=0.170s thr(out)1 thr(in)16 conc_peak=12 pread=1.182s
DBG getmany L17 nw=14 wall=0.200s thr(out)1 thr(in)16 conc_peak=14 pread=1.609s
DBG getmany L18 nw=13 wall=0.187s thr(out)1 thr(in)16 conc_peak=13 pread=1.362s
DBG getmany L19 nw=13 wall=0.186s thr(out)1 thr(in)16 conc_peak=13 pread=1.333s
DBG getmany L20 nw=12 wall=0.168s thr(out)1 thr(in)16 conc_peak=12 pread=1.180s
DBG getmany L21 nw=15 wall=0.752s thr(out)1 thr(in)16 conc_peak=15 pread=9.194s
DBG getmany L22 nw=15 wall=0.580s thr(out)1 thr(in)16 conc_peak=15 pread=7.697s
DBG getmany L23 nw=12 wall=0.665s thr(out)1 thr(in)16 conc_peak=12 pread=7.415s
DBG getmany L24 nw=13 wall=0.780s thr(out)1 thr(in)16 conc_peak=13 pread=9.110s
DBG getmany L25 nw=16 wall=0.770s thr(out)1 thr(in)16 conc_peak=16 pread=10.728s
DBG getmany L26 nw=14 wall=0.539s thr(out)1 thr(in)16 conc_peak=14 pread=6.246s
DBG getmany L27 nw=16 wall=0.720s thr(out)1 thr(in)16 conc_peak=16 pread=9.337s
DBG getmany L28 nw=15 wall=0.701s thr(out)1 thr(in)16 conc_peak=15 pread=9.556s
DBG getmany L29 nw=14 wall=0.744s thr(out)1 thr(in)16 conc_peak=14 pread=8.273s
DBG getmany L30 nw=15 wall=0.576s thr(out)1 thr(in)16 conc_peak=15 pread=7.992s
DBG getmany L31 nw=15 wall=0.779s thr(out)1 thr(in)16 conc_peak=15 pread=11.124s
DBG getmany L32 nw=12 wall=0.713s thr(out)1 thr(in)16 conc_peak=12 pread=7.815s
DBG getmany L33 nw=13 wall=0.769s thr(out)1 thr(in)16 conc_peak=13 pread=8.572s
DBG getmany L34 nw=15 wall=0.585s thr(out)1 thr(in)16 conc_peak=15 pread=7.694s
DBG getmany L35 nw=14 wall=0.764s thr(out)1 thr(in)16 conc_peak=14 pread=9.299s
DBG getmany L36 nw=14 wall=0.661s thr(out)1 thr(in)16 conc_peak=9 pread=5.482s
DBG getmany L37 nw=15 wall=0.760s thr(out)1 thr(in)16 conc_peak=15 pread=9.717s
DBG getmany L38 nw=14 wall=0.522s thr(out)1 thr(in)16 conc_peak=14 pread=6.690s
DBG getmany L39 nw=14 wall=0.743s thr(out)1 thr(in)16 conc_peak=14 pread=10.008s
DBG getmany L40 nw=15 wall=0.767s thr(out)1 thr(in)16 conc_peak=15 pread=10.025s
DBG getmany L41 nw=14 wall=0.725s thr(out)1 thr(in)16 conc_peak=14 pread=8.824s
DBG getmany L42 nw=14 wall=0.555s thr(out)1 thr(in)16 conc_peak=14 pread=7.082s
DBG getmany L43 nw=16 wall=0.773s thr(out)1 thr(in)16 conc_peak=16 pread=9.322s
DBG getmany L44 nw=16 wall=0.789s thr(out)1 thr(in)16 conc_peak=16 pread=11.914s
DBG getmany L45 nw=15 wall=0.767s thr(out)1 thr(in)16 conc_peak=15 pread=10.469s
DBG getmany L46 nw=14 wall=0.561s thr(out)1 thr(in)16 conc_peak=14 pread=6.548s
DBG getmany L47 nw=14 wall=0.722s thr(out)1 thr(in)16 conc_peak=14 pread=8.424s
DBG getmany L48 nw=15 wall=0.742s thr(out)1 thr(in)16 conc_peak=15 pread=10.262s
DBG getmany L49 nw=15 wall=0.774s thr(out)1 thr(in)16 conc_peak=14 pread=11.122s
DBG getmany L50 nw=15 wall=0.561s thr(out)1 thr(in)16 conc_peak=15 pread=7.170s
DBG getmany L51 nw=14 wall=0.726s thr(out)1 thr(in)16 conc_peak=14 pread=6.313s
DBG getmany L52 nw=13 wall=0.683s thr(out)1 thr(in)16 conc_peak=13 pread=8.061s
DBG getmany L53 nw=14 wall=0.740s thr(out)1 thr(in)16 conc_peak=14 pread=9.534s
DBG getmany L54 nw=15 wall=0.559s thr(out)1 thr(in)16 conc_peak=15 pread=7.725s
DBG getmany L55 nw=13 wall=0.719s thr(out)1 thr(in)16 conc_peak=13 pread=8.491s
DBG getmany L56 nw=15 wall=0.746s thr(out)1 thr(in)16 conc_peak=15 pread=10.252s
DBG getmany L57 nw=16 wall=0.774s thr(out)1 thr(in)16 conc_peak=16 pread=10.623s
DBG getmany L58 nw=13 wall=0.539s thr(out)1 thr(in)16 conc_peak=13 pread=6.660s
DBG getmany L59 nw=13 wall=0.743s thr(out)1 thr(in)16 conc_peak=13 pread=8.634s
DBG getmany L60 nw=15 wall=0.763s thr(out)1 thr(in)16 conc_peak=15 pread=10.276s
DBG getmany L61 nw=15 wall=0.695s thr(out)1 thr(in)16 conc_peak=15 pread=8.969s
DBG getmany L62 nw=12 wall=0.472s thr(out)1 thr(in)16 conc_peak=12 pread=4.600s
DBG getmany L63 nw=13 wall=0.722s thr(out)1 thr(in)16 conc_peak=13 pread=8.912s
DBG getmany L64 nw=14 wall=0.741s thr(out)1 thr(in)16 conc_peak=14 pread=5.084s
DBG getmany L65 nw=12 wall=0.698s thr(out)1 thr(in)16 conc_peak=12 pread=7.249s
DBG getmany L66 nw=14 wall=0.554s thr(out)1 thr(in)16 conc_peak=14 pread=7.339s
DBG getmany L67 nw=14 wall=0.669s thr(out)1 thr(in)16 conc_peak=14 pread=6.915s
DBG getmany L68 nw=13 wall=0.734s thr(out)1 thr(in)16 conc_peak=13 pread=6.908s
DBG getmany L69 nw=13 wall=0.740s thr(out)1 thr(in)16 conc_peak=13 pread=8.749s
DBG getmany L70 nw=12 wall=0.526s thr(out)1 thr(in)16 conc_peak=12 pread=5.927s
DBG getmany L71 nw=14 wall=0.754s thr(out)1 thr(in)16 conc_peak=14 pread=9.666s
DBG getmany L72 nw=15 wall=0.765s thr(out)1 thr(in)16 conc_peak=15 pread=10.929s
DBG getmany L73 nw=16 wall=0.782s thr(out)1 thr(in)16 conc_peak=16 pread=10.669s
DBG getmany L74 nw=16 wall=0.586s thr(out)1 thr(in)16 conc_peak=16 pread=7.477s
DBG getmany L75 nw=16 wall=0.765s thr(out)1 thr(in)16 conc_peak=16 pread=10.824s
DBG getmany L76 nw=16 wall=0.737s thr(out)1 thr(in)16 conc_peak=16 pread=7.938s
DBG getmany L77 nw=13 wall=0.698s thr(out)1 thr(in)16 conc_peak=13 pread=7.954s
DBG getmany L78 nw=14 wall=0.542s thr(out)1 thr(in)16 conc_peak=14 pread=5.213s
DBG getmany L79 nw=14 wall=0.732s thr(out)1 thr(in)16 conc_peak=14 pread=9.475s
DBG getmany L80 nw=16 wall=0.667s thr(out)1 thr(in)16 conc_peak=16 pread=6.761s
DBG getmany L81 nw=14 wall=0.751s thr(out)1 thr(in)16 conc_peak=13 pread=8.391s
DBG getmany L82 nw=15 wall=0.572s thr(out)1 thr(in)16 conc_peak=15 pread=8.005s
DBG getmany L83 nw=13 wall=0.738s thr(out)1 thr(in)16 conc_peak=13 pread=8.222s
DBG getmany L84 nw=10 wall=0.680s thr(out)1 thr(in)16 conc_peak=6 pread=6.048s
DBG getmany L85 nw=13 wall=0.707s thr(out)1 thr(in)16 conc_peak=13 pread=8.286s
DBG getmany L86 nw=14 wall=0.537s thr(out)1 thr(in)16 conc_peak=11 pread=6.823s
DBG getmany L87 nw=13 wall=0.711s thr(out)1 thr(in)16 conc_peak=13 pread=8.455s
DBG getmany L88 nw=12 wall=0.702s thr(out)1 thr(in)16 conc_peak=12 pread=6.384s
DBG getmany L89 nw=14 wall=0.741s thr(out)1 thr(in)16 conc_peak=14 pread=9.039s
DBG getmany L90 nw=13 wall=0.533s thr(out)1 thr(in)16 conc_peak=13 pread=6.225s
DBG getmany L91 nw=12 wall=0.523s thr(out)1 thr(in)16 conc_peak=12 pread=5.685s
DBG getmany L92 nw=13 wall=0.184s thr(out)1 thr(in)16 conc_peak=13 pread=1.313s
3      12         67.44        100.0      22.50      0.015
  L2   resident=6779/14589 slots hit=100.0% read=99.00GB write=0.00GB
DBG getmany L1 nw=13 wall=0.181s thr(out)1 thr(in)16 conc_peak=13 pread=1.310s
DBG getmany L2 nw=10 wall=0.145s thr(out)1 thr(in)16 conc_peak=10 pread=0.812s
DBG getmany L3 nw=10 wall=0.140s thr(out)1 thr(in)16 conc_peak=10 pread=0.794s
DBG getmany L4 nw=11 wall=0.155s thr(out)1 thr(in)16 conc_peak=11 pread=0.975s
DBG getmany L5 nw=11 wall=0.155s thr(out)1 thr(in)16 conc_peak=11 pread=0.977s
DBG getmany L6 nw=16 wall=0.223s thr(out)1 thr(in)16 conc_peak=16 pread=2.257s
DBG getmany L7 nw=15 wall=0.210s thr(out)1 thr(in)16 conc_peak=15 pread=1.758s
DBG getmany L8 nw=15 wall=0.211s thr(out)1 thr(in)16 conc_peak=15 pread=1.954s
DBG getmany L9 nw=11 wall=0.157s thr(out)1 thr(in)16 conc_peak=11 pread=1.077s
DBG getmany L10 nw=13 wall=0.184s thr(out)1 thr(in)16 conc_peak=13 pread=1.378s
DBG getmany L11 nw=10 wall=0.139s thr(out)1 thr(in)16 conc_peak=9 pread=0.774s
DBG getmany L12 nw=13 wall=0.183s thr(out)1 thr(in)16 conc_peak=13 pread=1.361s
DBG getmany L13 nw=13 wall=0.185s thr(out)1 thr(in)16 conc_peak=11 pread=1.335s
DBG getmany L14 nw=14 wall=0.197s thr(out)1 thr(in)16 conc_peak=14 pread=1.539s
DBG getmany L15 nw=11 wall=0.158s thr(out)1 thr(in)16 conc_peak=11 pread=1.016s
DBG getmany L16 nw=11 wall=0.153s thr(out)1 thr(in)16 conc_peak=11 pread=0.971s
DBG getmany L17 nw=12 wall=0.167s thr(out)1 thr(in)16 conc_peak=12 pread=1.155s
DBG getmany L18 nw=13 wall=0.183s thr(out)1 thr(in)16 conc_peak=13 pread=1.386s
DBG getmany L19 nw=10 wall=0.145s thr(out)1 thr(in)16 conc_peak=10 pread=0.867s
DBG getmany L20 nw=12 wall=0.170s thr(out)1 thr(in)16 conc_peak=12 pread=1.151s
DBG getmany L21 nw=13 wall=0.729s thr(out)1 thr(in)16 conc_peak=13 pread=8.273s
DBG getmany L22 nw=11 wall=0.525s thr(out)1 thr(in)16 conc_peak=11 pread=5.238s
DBG getmany L23 nw=11 wall=0.653s thr(out)1 thr(in)16 conc_peak=11 pread=5.416s
DBG getmany L24 nw=11 wall=0.752s thr(out)1 thr(in)16 conc_peak=11 pread=6.684s
DBG getmany L25 nw=15 wall=0.758s thr(out)1 thr(in)16 conc_peak=15 pread=10.382s
DBG getmany L26 nw=13 wall=0.535s thr(out)1 thr(in)16 conc_peak=13 pread=6.486s
DBG getmany L27 nw=15 wall=0.714s thr(out)1 thr(in)16 conc_peak=15 pread=9.459s
DBG getmany L28 nw=15 wall=0.701s thr(out)1 thr(in)16 conc_peak=15 pread=8.909s
DBG getmany L29 nw=13 wall=0.716s thr(out)1 thr(in)16 conc_peak=13 pread=7.528s
DBG getmany L30 nw=13 wall=0.553s thr(out)1 thr(in)16 conc_peak=13 pread=6.068s
DBG getmany L31 nw=14 wall=0.760s thr(out)1 thr(in)16 conc_peak=14 pread=9.910s
DBG getmany L32 nw=12 wall=0.681s thr(out)1 thr(in)16 conc_peak=12 pread=7.313s
DBG getmany L33 nw=12 wall=0.756s thr(out)1 thr(in)16 conc_peak=12 pread=8.302s
DBG getmany L34 nw=15 wall=0.574s thr(out)1 thr(in)16 conc_peak=15 pread=7.824s
DBG getmany L35 nw=13 wall=0.755s thr(out)1 thr(in)16 conc_peak=12 pread=8.416s
DBG getmany L36 nw=13 wall=0.749s thr(out)1 thr(in)16 conc_peak=13 pread=6.493s
DBG getmany L37 nw=13 wall=0.732s thr(out)1 thr(in)16 conc_peak=13 pread=8.716s
DBG getmany L38 nw=11 wall=0.493s thr(out)1 thr(in)16 conc_peak=11 pread=4.597s
DBG getmany L39 nw=12 wall=0.717s thr(out)1 thr(in)16 conc_peak=12 pread=6.731s
DBG getmany L40 nw=12 wall=0.719s thr(out)1 thr(in)16 conc_peak=12 pread=7.045s
DBG getmany L41 nw=11 wall=0.678s thr(out)1 thr(in)16 conc_peak=11 pread=6.413s
DBG getmany L42 nw=7 wall=0.449s thr(out)1 thr(in)16 conc_peak=5 pread=2.531s
DBG getmany L43 nw=12 wall=0.759s thr(out)1 thr(in)16 conc_peak=12 pread=6.847s
DBG getmany L44 nw=13 wall=0.743s thr(out)1 thr(in)16 conc_peak=13 pread=8.826s
DBG getmany L45 nw=9 wall=0.685s thr(out)1 thr(in)16 conc_peak=9 pread=4.969s
DBG getmany L46 nw=10 wall=0.502s thr(out)1 thr(in)16 conc_peak=10 pread=4.026s
DBG getmany L47 nw=11 wall=0.710s thr(out)1 thr(in)16 conc_peak=11 pread=5.170s
DBG getmany L48 nw=11 wall=0.614s thr(out)1 thr(in)16 conc_peak=11 pread=4.851s
DBG getmany L49 nw=14 wall=0.748s thr(out)1 thr(in)16 conc_peak=14 pread=8.870s
DBG getmany L50 nw=12 wall=0.527s thr(out)1 thr(in)16 conc_peak=12 pread=5.659s
DBG getmany L51 nw=11 wall=0.678s thr(out)1 thr(in)16 conc_peak=10 pread=6.809s
DBG getmany L52 nw=12 wall=0.696s thr(out)1 thr(in)16 conc_peak=12 pread=6.326s
DBG getmany L53 nw=11 wall=0.463s thr(out)1 thr(in)16 conc_peak=11 pread=3.918s
DBG getmany L54 nw=12 wall=0.523s thr(out)1 thr(in)16 conc_peak=12 pread=5.357s
DBG getmany L55 nw=11 wall=0.691s thr(out)1 thr(in)16 conc_peak=11 pread=6.780s
DBG getmany L56 nw=12 wall=0.722s thr(out)1 thr(in)16 conc_peak=12 pread=8.386s
DBG getmany L57 nw=15 wall=0.775s thr(out)1 thr(in)16 conc_peak=15 pread=10.303s
DBG getmany L58 nw=14 wall=0.565s thr(out)1 thr(in)16 conc_peak=14 pread=6.572s
DBG getmany L59 nw=13 wall=0.729s thr(out)1 thr(in)16 conc_peak=13 pread=8.147s
DBG getmany L60 nw=16 wall=0.793s thr(out)1 thr(in)16 conc_peak=16 pread=11.680s
DBG getmany L61 nw=15 wall=0.739s thr(out)1 thr(in)16 conc_peak=15 pread=8.124s
DBG getmany L62 nw=13 wall=0.535s thr(out)1 thr(in)16 conc_peak=13 pread=6.270s
DBG getmany L63 nw=15 wall=0.766s thr(out)1 thr(in)16 conc_peak=15 pread=10.551s
DBG getmany L64 nw=13 wall=0.702s thr(out)1 thr(in)16 conc_peak=12 pread=7.840s
DBG getmany L65 nw=15 wall=0.757s thr(out)1 thr(in)16 conc_peak=15 pread=7.171s
DBG getmany L66 nw=16 wall=12.070s thr(out)1 thr(in)16 conc_peak=16 pread=160.026s
DBG getmany L67 nw=12 wall=0.753s thr(out)1 thr(in)16 conc_peak=12 pread=8.590s
DBG getmany L68 nw=14 wall=0.747s thr(out)1 thr(in)16 conc_peak=14 pread=8.475s
DBG getmany L69 nw=14 wall=0.760s thr(out)1 thr(in)16 conc_peak=14 pread=9.331s
DBG getmany L70 nw=13 wall=0.516s thr(out)1 thr(in)16 conc_peak=13 pread=5.052s
DBG getmany L71 nw=14 wall=0.818s thr(out)1 thr(in)16 conc_peak=14 pread=10.406s
DBG getmany L72 nw=16 wall=0.807s thr(out)1 thr(in)16 conc_peak=16 pread=11.670s
DBG getmany L73 nw=16 wall=0.785s thr(out)1 thr(in)16 conc_peak=16 pread=10.031s
DBG getmany L74 nw=16 wall=0.601s thr(out)1 thr(in)16 conc_peak=16 pread=8.621s
DBG getmany L75 nw=15 wall=0.760s thr(out)1 thr(in)16 conc_peak=15 pread=7.214s
DBG getmany L76 nw=16 wall=0.747s thr(out)1 thr(in)16 conc_peak=16 pread=10.225s
DBG getmany L77 nw=14 wall=0.774s thr(out)1 thr(in)16 conc_peak=14 pread=8.168s
DBG getmany L78 nw=14 wall=0.563s thr(out)1 thr(in)16 conc_peak=14 pread=6.917s
DBG getmany L79 nw=15 wall=0.782s thr(out)1 thr(in)16 conc_peak=15 pread=10.525s
DBG getmany L80 nw=16 wall=0.766s thr(out)1 thr(in)16 conc_peak=16 pread=11.034s
DBG getmany L81 nw=15 wall=0.807s thr(out)1 thr(in)16 conc_peak=15 pread=11.324s
DBG getmany L82 nw=16 wall=0.740s thr(out)1 thr(in)16 conc_peak=16 pread=10.051s
DBG getmany L83 nw=14 wall=0.790s thr(out)1 thr(in)16 conc_peak=14 pread=9.763s
DBG getmany L84 nw=13 wall=0.737s thr(out)1 thr(in)16 conc_peak=13 pread=8.965s
DBG getmany L85 nw=15 wall=0.786s thr(out)1 thr(in)16 conc_peak=15 pread=11.066s
DBG getmany L86 nw=15 wall=0.585s thr(out)1 thr(in)16 conc_peak=15 pread=7.446s
DBG getmany L87 nw=14 wall=0.732s thr(out)1 thr(in)16 conc_peak=14 pread=8.599s
DBG getmany L88 nw=13 wall=0.742s thr(out)1 thr(in)16 conc_peak=13 pread=8.419s
DBG getmany L89 nw=10 wall=0.734s thr(out)1 thr(in)16 conc_peak=10 pread=6.431s
DBG getmany L90 nw=9 wall=0.489s thr(out)1 thr(in)16 conc_peak=9 pread=3.369s
DBG getmany L91 nw=9 wall=0.506s thr(out)1 thr(in)16 conc_peak=9 pread=3.810s
DBG getmany L92 nw=14 wall=0.231s thr(out)1 thr(in)16 conc_peak=14 pread=1.910s
4      2975       82.39        98.7       21.16      0.012
  L2   resident=6779/14589 slots hit=100.0% read=119.83GB write=0.00GB
DBG getmany L1 nw=13 wall=0.195s thr(out)1 thr(in)16 conc_peak=12 pread=1.430s
DBG getmany L2 nw=12 wall=0.188s thr(out)1 thr(in)16 conc_peak=12 pread=1.258s
DBG getmany L3 nw=11 wall=0.157s thr(out)1 thr(in)16 conc_peak=11 pread=0.975s
DBG getmany L4 nw=13 wall=0.199s thr(out)1 thr(in)16 conc_peak=13 pread=1.520s
DBG getmany L5 nw=12 wall=0.178s thr(out)1 thr(in)16 conc_peak=12 pread=1.232s
DBG getmany L6 nw=16 wall=0.246s thr(out)1 thr(in)16 conc_peak=16 pread=2.276s
DBG getmany L7 nw=15 wall=0.218s thr(out)1 thr(in)16 conc_peak=15 pread=1.877s
DBG getmany L8 nw=15 wall=0.227s thr(out)1 thr(in)16 conc_peak=15 pread=1.887s
DBG getmany L9 nw=12 wall=0.180s thr(out)1 thr(in)16 conc_peak=12 pread=1.284s
DBG getmany L10 nw=11 wall=0.154s thr(out)1 thr(in)16 conc_peak=8 pread=0.978s
DBG getmany L11 nw=12 wall=0.179s thr(out)1 thr(in)16 conc_peak=12 pread=1.219s
DBG getmany L12 nw=14 wall=0.209s thr(out)1 thr(in)16 conc_peak=14 pread=1.663s
DBG getmany L13 nw=13 wall=0.201s thr(out)1 thr(in)16 conc_peak=13 pread=1.532s
DBG getmany L14 nw=14 wall=0.216s thr(out)1 thr(in)16 conc_peak=14 pread=1.719s
DBG getmany L15 nw=12 wall=0.193s thr(out)1 thr(in)16 conc_peak=11 pread=1.366s
DBG getmany L16 nw=12 wall=0.186s thr(out)1 thr(in)16 conc_peak=12 pread=1.269s
DBG getmany L17 nw=14 wall=0.205s thr(out)1 thr(in)16 conc_peak=14 pread=1.644s
DBG getmany L18 nw=13 wall=0.195s thr(out)1 thr(in)16 conc_peak=9 pread=1.435s
DBG getmany L19 nw=13 wall=0.200s thr(out)1 thr(in)16 conc_peak=13 pread=1.466s
DBG getmany L20 nw=11 wall=0.163s thr(out)1 thr(in)16 conc_peak=11 pread=1.037s
DBG getmany L21 nw=14 wall=0.763s thr(out)1 thr(in)16 conc_peak=14 pread=10.224s
DBG getmany L22 nw=13 wall=0.576s thr(out)1 thr(in)16 conc_peak=13 pread=7.022s
DBG getmany L23 nw=13 wall=0.714s thr(out)1 thr(in)16 conc_peak=12 pread=7.799s
DBG getmany L24 nw=14 wall=0.825s thr(out)1 thr(in)16 conc_peak=14 pread=8.971s
DBG getmany L25 nw=16 wall=0.805s thr(out)1 thr(in)16 conc_peak=16 pread=11.503s
DBG getmany L26 nw=11 wall=0.526s thr(out)1 thr(in)16 conc_peak=11 pread=5.154s
DBG getmany L27 nw=15 wall=0.743s thr(out)1 thr(in)16 conc_peak=15 pread=10.347s
DBG getmany L28 nw=15 wall=0.729s thr(out)1 thr(in)16 conc_peak=15 pread=10.381s
DBG getmany L29 nw=14 wall=0.760s thr(out)1 thr(in)16 conc_peak=14 pread=8.473s
DBG getmany L30 nw=14 wall=0.592s thr(out)1 thr(in)16 conc_peak=14 pread=6.332s
DBG getmany L31 nw=14 wall=0.788s thr(out)1 thr(in)16 conc_peak=13 pread=10.257s
DBG getmany L32 nw=13 wall=0.739s thr(out)1 thr(in)16 conc_peak=13 pread=8.679s
DBG getmany L33 nw=9 wall=0.735s thr(out)1 thr(in)16 conc_peak=8 pread=5.944s
DBG getmany L34 nw=15 wall=0.600s thr(out)1 thr(in)16 conc_peak=15 pread=7.395s
DBG getmany L35 nw=15 wall=0.816s thr(out)1 thr(in)16 conc_peak=15 pread=11.403s
DBG getmany L36 nw=15 wall=0.788s thr(out)1 thr(in)16 conc_peak=15 pread=10.355s
DBG getmany L37 nw=14 wall=0.758s thr(out)1 thr(in)16 conc_peak=13 pread=8.229s
DBG getmany L38 nw=11 wall=0.477s thr(out)1 thr(in)16 conc_peak=11 pread=4.932s
DBG getmany L39 nw=12 wall=0.732s thr(out)1 thr(in)16 conc_peak=12 pread=5.943s
DBG getmany L40 nw=12 wall=0.737s thr(out)1 thr(in)16 conc_peak=12 pread=7.425s
DBG getmany L41 nw=12 wall=0.664s thr(out)1 thr(in)16 conc_peak=12 pread=6.946s
DBG getmany L42 nw=9 wall=0.506s thr(out)1 thr(in)16 conc_peak=9 pread=3.646s
DBG getmany L43 nw=11 wall=0.764s thr(out)1 thr(in)16 conc_peak=11 pread=5.333s
DBG getmany L44 nw=14 wall=0.743s thr(out)1 thr(in)16 conc_peak=12 pread=8.543s
DBG getmany L45 nw=11 wall=0.730s thr(out)1 thr(in)16 conc_peak=11 pread=7.455s
DBG getmany L46 nw=11 wall=0.525s thr(out)1 thr(in)16 conc_peak=5 pread=5.201s
DBG getmany L47 nw=13 wall=0.736s thr(out)1 thr(in)16 conc_peak=13 pread=7.235s
DBG getmany L48 nw=12 wall=0.697s thr(out)1 thr(in)16 conc_peak=12 pread=7.681s
DBG getmany L49 nw=15 wall=0.796s thr(out)1 thr(in)16 conc_peak=15 pread=9.829s
DBG getmany L50 nw=13 wall=0.547s thr(out)1 thr(in)16 conc_peak=13 pread=6.306s
DBG getmany L51 nw=13 wall=0.715s thr(out)1 thr(in)16 conc_peak=13 pread=6.317s
DBG getmany L52 nw=12 wall=0.696s thr(out)1 thr(in)16 conc_peak=12 pread=7.275s
DBG getmany L53 nw=13 wall=0.731s thr(out)1 thr(in)16 conc_peak=13 pread=8.786s
DBG getmany L54 nw=14 wall=0.556s thr(out)1 thr(in)16 conc_peak=12 pread=7.016s
DBG getmany L55 nw=13 wall=0.734s thr(out)1 thr(in)16 conc_peak=13 pread=7.806s
DBG getmany L56 nw=15 wall=0.734s thr(out)1 thr(in)16 conc_peak=15 pread=9.193s
DBG getmany L57 nw=15 wall=0.772s thr(out)1 thr(in)16 conc_peak=15 pread=10.604s
DBG getmany L58 nw=10 wall=0.473s thr(out)1 thr(in)16 conc_peak=10 pread=3.565s
DBG getmany L59 nw=10 wall=0.715s thr(out)1 thr(in)16 conc_peak=10 pread=5.512s
DBG getmany L60 nw=13 wall=0.591s thr(out)1 thr(in)16 conc_peak=11 pread=5.493s
DBG getmany L61 nw=14 wall=0.729s thr(out)1 thr(in)16 conc_peak=14 pread=6.032s
DBG getmany L62 nw=10 wall=0.470s thr(out)1 thr(in)16 conc_peak=9 pread=3.922s
DBG getmany L63 nw=14 wall=0.756s thr(out)1 thr(in)16 conc_peak=14 pread=9.337s
DBG getmany L64 nw=12 wall=0.720s thr(out)1 thr(in)16 conc_peak=12 pread=7.496s
DBG getmany L65 nw=13 wall=0.756s thr(out)1 thr(in)16 conc_peak=13 pread=7.599s
DBG getmany L66 nw=13 wall=0.553s thr(out)1 thr(in)16 conc_peak=13 pread=6.592s
DBG getmany L67 nw=14 wall=0.762s thr(out)1 thr(in)16 conc_peak=14 pread=9.659s
DBG getmany L68 nw=15 wall=0.741s thr(out)1 thr(in)16 conc_peak=15 pread=8.885s
DBG getmany L69 nw=10 wall=0.702s thr(out)1 thr(in)16 conc_peak=10 pread=5.980s
DBG getmany L70 nw=8 wall=0.467s thr(out)1 thr(in)16 conc_peak=8 pread=3.039s
DBG getmany L71 nw=13 wall=0.692s thr(out)1 thr(in)16 conc_peak=13 pread=7.050s
DBG getmany L72 nw=12 wall=0.732s thr(out)1 thr(in)16 conc_peak=12 pread=7.585s
DBG getmany L73 nw=12 wall=0.734s thr(out)1 thr(in)16 conc_peak=12 pread=7.354s
DBG getmany L74 nw=9 wall=0.486s thr(out)1 thr(in)16 conc_peak=1 pread=4.067s
DBG getmany L75 nw=8 wall=0.552s thr(out)1 thr(in)16 conc_peak=8 pread=3.525s
DBG getmany L76 nw=13 wall=0.706s thr(out)1 thr(in)16 conc_peak=13 pread=7.466s
DBG getmany L77 nw=9 wall=0.680s thr(out)1 thr(in)16 conc_peak=9 pread=5.046s
DBG getmany L78 nw=10 wall=0.489s thr(out)1 thr(in)16 conc_peak=10 pread=3.578s
DBG getmany L79 nw=9 wall=0.669s thr(out)1 thr(in)16 conc_peak=9 pread=5.365s
DBG getmany L80 nw=13 wall=0.711s thr(out)1 thr(in)16 conc_peak=13 pread=6.820s
DBG getmany L81 nw=14 wall=0.766s thr(out)1 thr(in)16 conc_peak=14 pread=10.264s
DBG getmany L82 nw=13 wall=0.547s thr(out)1 thr(in)16 conc_peak=12 pread=5.273s
DBG getmany L83 nw=12 wall=9.683s thr(out)1 thr(in)16 conc_peak=12 pread=90.217s
DBG getmany L84 nw=13 wall=0.748s thr(out)1 thr(in)16 conc_peak=13 pread=7.910s
DBG getmany L85 nw=13 wall=0.734s thr(out)1 thr(in)16 conc_peak=13 pread=8.694s
DBG getmany L86 nw=12 wall=0.528s thr(out)1 thr(in)16 conc_peak=12 pread=5.769s
DBG getmany L87 nw=9 wall=0.645s thr(out)1 thr(in)16 conc_peak=9 pread=4.834s
DBG getmany L88 nw=13 wall=0.721s thr(out)1 thr(in)16 conc_peak=13 pread=8.374s
DBG getmany L89 nw=10 wall=0.709s thr(out)1 thr(in)16 conc_peak=10 pread=5.468s
DBG getmany L90 nw=10 wall=0.481s thr(out)1 thr(in)16 conc_peak=9 pread=4.460s
DBG getmany L91 nw=9 wall=0.484s thr(out)1 thr(in)16 conc_peak=9 pread=3.873s
DBG getmany L92 nw=12 wall=0.172s thr(out)1 thr(in)16 conc_peak=12 pread=1.232s
5      15         77.80        100.0      20.13      0.013
  L2   resident=6779/14589 slots hit=100.0% read=139.96GB write=0.00GB
DBG getmany L1 nw=14 wall=0.200s thr(out)1 thr(in)16 conc_peak=14 pread=1.579s
DBG getmany L2 nw=12 wall=0.177s thr(out)1 thr(in)16 conc_peak=12 pread=1.213s
DBG getmany L3 nw=10 wall=0.146s thr(out)1 thr(in)16 conc_peak=10 pread=0.847s
DBG getmany L4 nw=12 wall=0.181s thr(out)1 thr(in)16 conc_peak=12 pread=1.269s
DBG getmany L5 nw=7 wall=0.104s thr(out)1 thr(in)16 conc_peak=7 pread=0.449s
DBG getmany L6 nw=15 wall=0.216s thr(out)1 thr(in)16 conc_peak=15 pread=1.951s
DBG getmany L7 nw=14 wall=0.199s thr(out)1 thr(in)16 conc_peak=14 pread=1.612s
DBG getmany L8 nw=14 wall=0.204s thr(out)1 thr(in)16 conc_peak=14 pread=1.841s
DBG getmany L9 nw=12 wall=0.184s thr(out)1 thr(in)16 conc_peak=12 pread=1.356s
DBG getmany L10 nw=10 wall=0.143s thr(out)1 thr(in)16 conc_peak=10 pread=0.833s
DBG getmany L11 nw=12 wall=0.179s thr(out)1 thr(in)16 conc_peak=12 pread=1.221s
DBG getmany L12 nw=13 wall=0.200s thr(out)1 thr(in)16 conc_peak=13 pread=1.465s
DBG getmany L13 nw=13 wall=0.197s thr(out)1 thr(in)16 conc_peak=13 pread=1.650s
DBG getmany L14 nw=16 wall=0.239s thr(out)1 thr(in)16 conc_peak=16 pread=2.132s
DBG getmany L15 nw=14 wall=0.206s thr(out)1 thr(in)16 conc_peak=14 pread=1.631s
DBG getmany L16 nw=11 wall=0.169s thr(out)1 thr(in)16 conc_peak=10 pread=1.108s
DBG getmany L17 nw=13 wall=0.191s thr(out)1 thr(in)16 conc_peak=13 pread=1.453s
DBG getmany L18 nw=12 wall=0.181s thr(out)1 thr(in)16 conc_peak=10 pread=1.300s
DBG getmany L19 nw=14 wall=0.208s thr(out)1 thr(in)16 conc_peak=13 pread=1.702s
DBG getmany L20 nw=10 wall=0.151s thr(out)1 thr(in)16 conc_peak=10 pread=0.943s
DBG getmany L21 nw=13 wall=0.732s thr(out)1 thr(in)16 conc_peak=13 pread=8.340s
DBG getmany L22 nw=10 wall=0.524s thr(out)1 thr(in)16 conc_peak=10 pread=4.658s
DBG getmany L23 nw=12 wall=0.674s thr(out)1 thr(in)16 conc_peak=12 pread=7.237s
DBG getmany L24 nw=15 wall=0.831s thr(out)1 thr(in)16 conc_peak=15 pread=11.641s
DBG getmany L25 nw=13 wall=0.729s thr(out)1 thr(in)16 conc_peak=12 pread=9.072s
DBG getmany L26 nw=13 wall=0.537s thr(out)1 thr(in)16 conc_peak=13 pread=6.513s
DBG getmany L27 nw=15 wall=0.721s thr(out)1 thr(in)16 conc_peak=15 pread=9.553s
DBG getmany L28 nw=14 wall=0.679s thr(out)1 thr(in)16 conc_peak=14 pread=8.560s
DBG getmany L29 nw=14 wall=0.736s thr(out)1 thr(in)16 conc_peak=14 pread=9.335s
DBG getmany L30 nw=11 wall=0.515s thr(out)1 thr(in)16 conc_peak=11 pread=4.564s
DBG getmany L31 nw=13 wall=0.727s thr(out)1 thr(in)16 conc_peak=13 pread=7.694s
DBG getmany L32 nw=11 wall=0.689s thr(out)1 thr(in)16 conc_peak=11 pread=6.889s
DBG getmany L33 nw=14 wall=0.780s thr(out)1 thr(in)16 conc_peak=14 pread=8.058s
DBG getmany L34 nw=14 wall=0.563s thr(out)1 thr(in)16 conc_peak=14 pread=7.345s
DBG getmany L35 nw=11 wall=0.724s thr(out)1 thr(in)16 conc_peak=11 pread=7.144s
DBG getmany L36 nw=14 wall=0.752s thr(out)1 thr(in)16 conc_peak=14 pread=8.428s
DBG getmany L37 nw=14 wall=0.490s thr(out)1 thr(in)16 conc_peak=14 pread=4.810s
DBG getmany L38 nw=11 wall=0.418s thr(out)1 thr(in)16 conc_peak=11 pread=3.501s
DBG getmany L39 nw=14 wall=0.737s thr(out)1 thr(in)16 conc_peak=14 pread=9.621s
DBG getmany L40 nw=13 wall=0.739s thr(out)1 thr(in)16 conc_peak=10 pread=9.072s
DBG getmany L41 nw=9 wall=0.618s thr(out)1 thr(in)16 conc_peak=9 pread=3.821s
DBG getmany L42 nw=8 wall=0.465s thr(out)1 thr(in)16 conc_peak=8 pread=3.478s
DBG getmany L43 nw=9 wall=0.688s thr(out)1 thr(in)16 conc_peak=4 pread=5.297s
DBG getmany L44 nw=12 wall=0.729s thr(out)1 thr(in)16 conc_peak=12 pread=6.216s
DBG getmany L45 nw=10 wall=0.701s thr(out)1 thr(in)16 conc_peak=10 pread=5.789s
DBG getmany L46 nw=10 wall=0.500s thr(out)1 thr(in)16 conc_peak=10 pread=4.694s
DBG getmany L47 nw=11 wall=0.700s thr(out)1 thr(in)16 conc_peak=9 pread=6.862s
DBG getmany L48 nw=13 wall=0.715s thr(out)1 thr(in)16 conc_peak=13 pread=7.166s
DBG getmany L49 nw=15 wall=0.774s thr(out)1 thr(in)16 conc_peak=15 pread=9.670s
DBG getmany L50 nw=12 wall=0.531s thr(out)1 thr(in)16 conc_peak=11 pread=5.757s
DBG getmany L51 nw=11 wall=0.691s thr(out)1 thr(in)16 conc_peak=11 pread=5.861s
DBG getmany L52 nw=13 wall=0.606s thr(out)1 thr(in)16 conc_peak=13 pread=5.647s
DBG getmany L53 nw=12 wall=0.717s thr(out)1 thr(in)16 conc_peak=11 pread=5.227s
DBG getmany L54 nw=12 wall=0.523s thr(out)1 thr(in)16 conc_peak=12 pread=4.228s
DBG getmany L55 nw=12 wall=0.705s thr(out)1 thr(in)16 conc_peak=12 pread=5.642s
DBG getmany L56 nw=11 wall=0.671s thr(out)1 thr(in)16 conc_peak=11 pread=5.770s
DBG getmany L57 nw=14 wall=0.763s thr(out)1 thr(in)16 conc_peak=14 pread=9.623s
DBG getmany L58 nw=10 wall=0.512s thr(out)1 thr(in)16 conc_peak=10 pread=4.371s
DBG getmany L59 nw=9 wall=0.640s thr(out)1 thr(in)16 conc_peak=6 pread=4.772s
DBG getmany L60 nw=12 wall=0.744s thr(out)1 thr(in)16 conc_peak=10 pread=5.716s
DBG getmany L61 nw=12 wall=0.710s thr(out)1 thr(in)16 conc_peak=12 pread=7.448s
DBG getmany L62 nw=13 wall=0.547s thr(out)1 thr(in)16 conc_peak=13 pread=6.569s
DBG getmany L63 nw=12 wall=0.569s thr(out)1 thr(in)16 conc_peak=12 pread=5.134s
DBG getmany L64 nw=12 wall=0.725s thr(out)1 thr(in)16 conc_peak=12 pread=7.500s
DBG getmany L65 nw=11 wall=0.710s thr(out)1 thr(in)16 conc_peak=10 pread=6.392s
DBG getmany L66 nw=10 wall=0.520s thr(out)1 thr(in)16 conc_peak=10 pread=4.324s
DBG getmany L67 nw=13 wall=0.720s thr(out)1 thr(in)16 conc_peak=13 pread=7.776s
DBG getmany L68 nw=12 wall=0.708s thr(out)1 thr(in)16 conc_peak=12 pread=8.022s
DBG getmany L69 nw=12 wall=0.743s thr(out)1 thr(in)16 conc_peak=11 pread=8.389s
DBG getmany L70 nw=10 wall=0.489s thr(out)1 thr(in)16 conc_peak=10 pread=4.334s
DBG getmany L71 nw=10 wall=0.711s thr(out)1 thr(in)16 conc_peak=8 pread=5.534s
DBG getmany L72 nw=11 wall=0.716s thr(out)1 thr(in)16 conc_peak=11 pread=6.535s
DBG getmany L73 nw=13 wall=0.730s thr(out)1 thr(in)16 conc_peak=13 pread=7.848s
DBG getmany L74 nw=7 wall=0.456s thr(out)1 thr(in)16 conc_peak=6 pread=2.693s
DBG getmany L75 nw=8 wall=0.654s thr(out)1 thr(in)16 conc_peak=8 pread=3.708s
DBG getmany L76 nw=10 wall=0.648s thr(out)1 thr(in)16 conc_peak=9 pread=5.518s
DBG getmany L77 nw=9 wall=0.674s thr(out)1 thr(in)16 conc_peak=8 pread=4.485s
DBG getmany L78 nw=11 wall=0.507s thr(out)1 thr(in)16 conc_peak=11 pread=4.578s
DBG getmany L79 nw=9 wall=0.627s thr(out)1 thr(in)16 conc_peak=9 pread=4.702s
DBG getmany L80 nw=10 wall=0.660s thr(out)1 thr(in)16 conc_peak=5 pread=5.470s
DBG getmany L81 nw=13 wall=0.746s thr(out)1 thr(in)16 conc_peak=12 pread=8.857s
DBG getmany L82 nw=11 wall=0.511s thr(out)1 thr(in)16 conc_peak=11 pread=4.932s
DBG getmany L83 nw=11 wall=0.666s thr(out)1 thr(in)16 conc_peak=11 pread=5.707s
DBG getmany L84 nw=12 wall=0.732s thr(out)1 thr(in)16 conc_peak=12 pread=5.176s
DBG getmany L85 nw=10 wall=0.685s thr(out)1 thr(in)16 conc_peak=10 pread=5.371s
DBG getmany L86 nw=11 wall=0.498s thr(out)1 thr(in)16 conc_peak=11 pread=4.738s
DBG getmany L87 nw=9 wall=0.645s thr(out)1 thr(in)16 conc_peak=9 pread=5.141s
DBG getmany L88 nw=11 wall=0.601s thr(out)1 thr(in)16 conc_peak=11 pread=5.648s
DBG getmany L89 nw=7 wall=0.678s thr(out)1 thr(in)16 conc_peak=7 pread=2.518s
DBG getmany L90 nw=8 wall=0.459s thr(out)1 thr(in)16 conc_peak=8 pread=3.346s
DBG getmany L91 nw=8 wall=0.397s thr(out)1 thr(in)16 conc_peak=8 pread=2.213s
DBG getmany L92 nw=11 wall=0.156s thr(out)1 thr(in)16 conc_peak=11 pread=1.010s
6      3629       64.80        99.9       18.79      0.015
  L2   resident=6779/14589 slots hit=100.0% read=158.72GB write=0.00GB
DBG getmany L1 nw=15 wall=0.217s thr(out)1 thr(in)16 conc_peak=15 pread=1.911s
DBG getmany L2 nw=14 wall=0.208s thr(out)1 thr(in)16 conc_peak=14 pread=1.757s
DBG getmany L3 nw=10 wall=0.146s thr(out)1 thr(in)16 conc_peak=9 pread=0.864s
DBG getmany L4 nw=14 wall=0.206s thr(out)1 thr(in)16 conc_peak=9 pread=1.697s
DBG getmany L5 nw=13 wall=0.191s thr(out)1 thr(in)16 conc_peak=13 pread=1.396s
DBG getmany L6 nw=15 wall=0.221s thr(out)1 thr(in)16 conc_peak=15 pread=1.914s
DBG getmany L7 nw=15 wall=0.216s thr(out)1 thr(in)16 conc_peak=15 pread=1.905s
DBG getmany L8 nw=15 wall=0.219s thr(out)1 thr(in)16 conc_peak=15 pread=1.980s
DBG getmany L9 nw=15 wall=0.214s thr(out)1 thr(in)16 conc_peak=15 pread=1.952s
DBG getmany L10 nw=12 wall=0.168s thr(out)1 thr(in)16 conc_peak=12 pread=1.138s
DBG getmany L11 nw=13 wall=0.184s thr(out)1 thr(in)16 conc_peak=13 pread=1.389s
DBG getmany L12 nw=13 wall=0.186s thr(out)1 thr(in)16 conc_peak=13 pread=1.433s
DBG getmany L13 nw=15 wall=0.223s thr(out)1 thr(in)16 conc_peak=15 pread=1.985s
DBG getmany L14 nw=16 wall=0.236s thr(out)1 thr(in)16 conc_peak=16 pread=2.146s
DBG getmany L15 nw=15 wall=0.219s thr(out)1 thr(in)16 conc_peak=15 pread=1.916s
DBG getmany L16 nw=14 wall=0.209s thr(out)1 thr(in)16 conc_peak=14 pread=1.688s
DBG getmany L17 nw=13 wall=0.191s thr(out)1 thr(in)16 conc_peak=13 pread=1.370s
DBG getmany L18 nw=11 wall=0.166s thr(out)1 thr(in)16 conc_peak=11 pread=1.033s
DBG getmany L19 nw=15 wall=0.219s thr(out)1 thr(in)16 conc_peak=15 pread=1.962s
DBG getmany L20 nw=12 wall=0.173s thr(out)1 thr(in)16 conc_peak=11 pread=1.236s
DBG getmany L21 nw=14 wall=0.752s thr(out)1 thr(in)16 conc_peak=14 pread=10.071s
DBG getmany L22 nw=14 wall=0.566s thr(out)1 thr(in)16 conc_peak=14 pread=7.354s
DBG getmany L23 nw=14 wall=0.702s thr(out)1 thr(in)16 conc_peak=14 pread=8.861s
DBG getmany L24 nw=15 wall=0.822s thr(out)1 thr(in)16 conc_peak=15 pread=10.623s
DBG getmany L25 nw=13 wall=0.744s thr(out)1 thr(in)16 conc_peak=13 pread=8.876s
DBG getmany L26 nw=14 wall=0.538s thr(out)1 thr(in)16 conc_peak=11 pread=7.049s
DBG getmany L27 nw=16 wall=0.658s thr(out)1 thr(in)16 conc_peak=16 pread=7.717s
DBG getmany L28 nw=15 wall=0.709s thr(out)1 thr(in)16 conc_peak=15 pread=8.852s
DBG getmany L29 nw=13 wall=0.735s thr(out)1 thr(in)16 conc_peak=13 pread=7.576s
DBG getmany L30 nw=12 wall=0.536s thr(out)1 thr(in)16 conc_peak=12 pread=4.685s
DBG getmany L31 nw=15 wall=0.704s thr(out)1 thr(in)16 conc_peak=15 pread=9.260s
DBG getmany L32 nw=12 wall=0.693s thr(out)1 thr(in)16 conc_peak=11 pread=4.709s
DBG getmany L33 nw=14 wall=0.785s thr(out)1 thr(in)16 conc_peak=14 pread=9.615s
DBG getmany L34 nw=13 wall=0.521s thr(out)1 thr(in)16 conc_peak=6 pread=4.698s
DBG getmany L35 nw=13 wall=0.752s thr(out)1 thr(in)16 conc_peak=13 pread=9.371s
DBG getmany L36 nw=13 wall=0.754s thr(out)1 thr(in)16 conc_peak=13 pread=7.802s
DBG getmany L37 nw=14 wall=0.740s thr(out)1 thr(in)16 conc_peak=14 pread=9.182s
DBG getmany L38 nw=12 wall=0.512s thr(out)1 thr(in)16 conc_peak=12 pread=5.342s
DBG getmany L39 nw=13 wall=0.727s thr(out)1 thr(in)16 conc_peak=13 pread=8.116s
DBG getmany L40 nw=13 wall=0.742s thr(out)1 thr(in)16 conc_peak=11 pread=8.392s
DBG getmany L41 nw=11 wall=0.687s thr(out)1 thr(in)16 conc_peak=11 pread=6.657s
DBG getmany L42 nw=9 wall=0.487s thr(out)1 thr(in)16 conc_peak=9 pread=4.109s
DBG getmany L43 nw=10 wall=0.723s thr(out)1 thr(in)16 conc_peak=10 pread=5.233s
DBG getmany L44 nw=13 wall=0.738s thr(out)1 thr(in)16 conc_peak=13 pread=8.312s
DBG getmany L45 nw=14 wall=0.759s thr(out)1 thr(in)16 conc_peak=14 pread=9.177s
DBG getmany L46 nw=13 wall=0.547s thr(out)1 thr(in)16 conc_peak=13 pread=6.227s
DBG getmany L47 nw=13 wall=0.719s thr(out)1 thr(in)16 conc_peak=13 pread=6.572s
DBG getmany L48 nw=12 wall=0.695s thr(out)1 thr(in)16 conc_peak=12 pread=7.995s
DBG getmany L49 nw=15 wall=0.777s thr(out)1 thr(in)16 conc_peak=15 pread=10.799s
DBG getmany L50 nw=14 wall=0.575s thr(out)1 thr(in)16 conc_peak=14 pread=6.287s
DBG getmany L51 nw=12 wall=0.685s thr(out)1 thr(in)16 conc_peak=12 pread=6.069s
DBG getmany L52 nw=12 wall=0.653s thr(out)1 thr(in)16 conc_peak=12 pread=5.938s
DBG getmany L53 nw=13 wall=0.707s thr(out)1 thr(in)16 conc_peak=13 pread=7.639s
DBG getmany L54 nw=12 wall=0.527s thr(out)1 thr(in)16 conc_peak=12 pread=5.535s
DBG getmany L55 nw=15 wall=0.760s thr(out)1 thr(in)16 conc_peak=15 pread=10.757s
DBG getmany L56 nw=13 wall=0.722s thr(out)1 thr(in)16 conc_peak=13 pread=8.357s
DBG getmany L57 nw=16 wall=0.779s thr(out)1 thr(in)16 conc_peak=16 pread=9.559s
DBG getmany L58 nw=11 wall=0.529s thr(out)1 thr(in)16 conc_peak=11 pread=4.922s
DBG getmany L59 nw=11 wall=0.724s thr(out)1 thr(in)16 conc_peak=11 pread=7.372s
DBG getmany L60 nw=13 wall=0.736s thr(out)1 thr(in)16 conc_peak=13 pread=7.372s
DBG getmany L61 nw=15 wall=0.737s thr(out)1 thr(in)16 conc_peak=15 pread=7.979s
DBG getmany L62 nw=12 wall=0.523s thr(out)1 thr(in)16 conc_peak=11 pread=4.951s
DBG getmany L63 nw=13 wall=0.734s thr(out)1 thr(in)16 conc_peak=13 pread=7.948s
DBG getmany L64 nw=13 wall=0.740s thr(out)1 thr(in)16 conc_peak=13 pread=8.665s
DBG getmany L65 nw=13 wall=0.737s thr(out)1 thr(in)16 conc_peak=13 pread=8.975s
DBG getmany L66 nw=13 wall=0.556s thr(out)1 thr(in)16 conc_peak=13 pread=5.820s
DBG getmany L67 nw=13 wall=0.744s thr(out)1 thr(in)16 conc_peak=11 pread=8.075s
DBG getmany L68 nw=15 wall=0.741s thr(out)1 thr(in)16 conc_peak=15 pread=10.099s
DBG getmany L69 nw=13 wall=0.739s thr(out)1 thr(in)16 conc_peak=13 pread=7.644s
DBG getmany L70 nw=12 wall=0.516s thr(out)1 thr(in)16 conc_peak=12 pread=5.609s
DBG getmany L71 nw=13 wall=0.729s thr(out)1 thr(in)16 conc_peak=13 pread=5.677s
DBG getmany L72 nw=12 wall=0.735s thr(out)1 thr(in)16 conc_peak=12 pread=7.688s
DBG getmany L73 nw=14 wall=0.742s thr(out)1 thr(in)16 conc_peak=14 pread=9.404s
DBG getmany L74 nw=9 wall=0.429s thr(out)1 thr(in)16 conc_peak=9 pread=2.757s
DBG getmany L75 nw=11 wall=0.698s thr(out)1 thr(in)16 conc_peak=11 pread=6.827s
DBG getmany L76 nw=11 wall=0.642s thr(out)1 thr(in)16 conc_peak=11 pread=5.532s
DBG getmany L77 nw=12 wall=0.727s thr(out)1 thr(in)16 conc_peak=12 pread=8.307s
DBG getmany L78 nw=12 wall=0.519s thr(out)1 thr(in)16 conc_peak=12 pread=5.874s
DBG getmany L79 nw=10 wall=0.685s thr(out)1 thr(in)16 conc_peak=7 pread=4.509s
DBG getmany L80 nw=14 wall=0.712s thr(out)1 thr(in)16 conc_peak=14 pread=9.387s
DBG getmany L81 nw=15 wall=0.733s thr(out)1 thr(in)16 conc_peak=15 pread=9.992s
DBG getmany L82 nw=13 wall=0.531s thr(out)1 thr(in)16 conc_peak=13 pread=6.568s
DBG getmany L83 nw=11 wall=0.710s thr(out)1 thr(in)16 conc_peak=11 pread=6.804s
DBG getmany L84 nw=15 wall=0.754s thr(out)1 thr(in)16 conc_peak=15 pread=8.844s
DBG getmany L85 nw=13 wall=0.590s thr(out)1 thr(in)16 conc_peak=13 pread=5.441s
DBG getmany L86 nw=13 wall=0.543s thr(out)1 thr(in)16 conc_peak=13 pread=6.127s
DBG getmany L87 nw=11 wall=0.682s thr(out)1 thr(in)16 conc_peak=11 pread=7.032s
DBG getmany L88 nw=13 wall=0.732s thr(out)1 thr(in)16 conc_peak=10 pread=7.693s
DBG getmany L89 nw=9 wall=0.709s thr(out)1 thr(in)16 conc_peak=9 pread=4.511s
DBG getmany L90 nw=11 wall=0.510s thr(out)1 thr(in)16 conc_peak=11 pread=5.049s
DBG getmany L91 nw=11 wall=0.523s thr(out)1 thr(in)16 conc_peak=11 pread=5.015s
DBG getmany L92 nw=14 wall=0.209s thr(out)1 thr(in)16 conc_peak=14 pread=1.657s
7      1389       66.49        100.0      21.02      0.015
  L2   resident=6779/14589 slots hit=100.0% read=179.74GB write=0.00GB
--------------------------------------------------------------------
8 tokens in 571.6 s, 71.45 s/token average
PEAK RSS for the whole run: 37.17 GB   <- quote this, not the plan
layers completed: 93/93; routed expert drops: 0


[chip] simulated MXFP4 GEMV bill over 9 tokens
  11776 expert chains | 777925951488 flops | 206636580864 bytes (206.64 GB)
  per token: 1308 chains | 22.96 GB | 0.09 Gflops
  compute wall @ 4 TFLOPS : 0.19 s (21.61 ms/token)
  bandwidth wall @ 200 GB/s : 1.03 s (114.80 ms/token)
  -> bandwidth-bound; to be compute-bound at 4 TFLOPS this needs 1062 GB/s
  expert fetch (host wall, measured): 435.02 s moving 206.64 GB = 0 GB/s
  chip pool wall (measured): 58.71 s

cache [final step]
  slots        : 854 of 17.56 MB = 14.99 GB arena (854 resident, 0 pinned)
  requests     : 1472  hits 1472 (100.00%)  misses 0  evictions 1198
  of those hits : 1198 came from the batch prefetch, i.e. read from disk
                  this token; TRUE resident hit rate 18.61%
  read from disk: 21.02 GB in 51.84 s (406 MB/s while loading)
  phase2 i/o    : 21.03 GB in 51.84 s (406 MB/s)  [pure parallel disk read]
l2cache [final step]
  requests     : 10243  hits 10243 (100.00%)  misses 0
  read  from sdd7: 179.74 GB, written 0.00 GB
  hit I/O   : 179.74 GB in 429.23 s (wall) = 419 MB/s [pread 4913.94 s, 37 MB/s per-thread]
  miss I/O  : 0 misses, 0.00 GB from /model in 0.00 s (wall) = 0 MB/s
  restored from meta: 6779 slots

wrote /mnt/f/kimi-k3-in-c/reports/gateab_ab/v30_repeat/run3-20260928_163244/ctrl.json
I/O share of wall clock: 148.6%  (trunk 415.5 s + experts 433.6 s of 571.6 s)
  both figures are WHOLE-RUN totals over 8 steps
  over 100% because trunk reads overlap compute on the reader thread;
  277.5 s of device time was hidden behind arithmetic
  experts, whole run: 180.11 GB read | 2366 of 11776 requests retained in RAM (20.09%) | 9410 evictions
    (retention = requests - evictions; the raw `hits` counter includes
     experts the prefetcher had just read from disk, so it is not a
     measure of avoided I/O)

trunk [final]
  pinned 22/93 layers, ring 2 slots
  binds 744, hits 154 (20.7%), reads 590
  read 349.03 GB in 415.51 s (840 MB/s pread)
  per-layer loads [L]=count: 0=1 1=1 2=1 3=1 4=1 5=1 6=1 7=1 8=1 9=1 10=1 11=1 12=1 13=1 14=1 15=1 16=1 17=1 18=1 19=1 20=1 21=1 22=8 23=8 24=8 25=8 26=8 27=8 28=8 29=8 30=8 31=8 32=8 33=8 34=8 35=8 36=8 37=8 38=8 39=8 40=8 41=8 42=8 43=8 44=8 45=8 46=8 47=8 48=8 49=8 50=8 51=8 52=8 53=8 54=8 55=8 56=8 57=8 58=8 59=8 60=8 61=8 62=8 63=8 64=8 65=8 66=8 67=8 68=8 69=8 70=8 71=8 72=8 73=8 74=8 75=8 76=8 77=8 78=8 79=8 80=8 81=8 82=8 83=8 84=8 85=8 86=8 87=8 88=8 89=8 90=8 91=8 92=8
  bind wall 21.74 s over 744 binds; read 415.51 + widen 3.01 = 418.51 s of device work,
                    of which 396.77 s (95%) overlapped compute on the reader thread
  widen breakdown: find 9 ms (19640)  copy 0 ms (9184)  deq 2984 ms (6320)  timed 3 s of widen 3.01 s
TIME_ELAPSED=589.99
