[trace] ON -> /mnt/f/kimi-k3-in-c/reports/gateab_ab/v26_nw32-20260928_124031/trace.csv (K3_TRACE_MAX 200000 events)
L2 auto: 209 GB free on /mnt/nvme -> L2 at 256 GB
k3 chip: 4 workers, 4 TFLOPS, 200 GB/s simulated wall
DBG getmany L1 nw=16 wall=0.215s thr(out)1 thr(in)16 conc_peak=16 pread=2.381s
DBG getmany L2 nw=16 wall=0.188s thr(out)1 thr(in)16 conc_peak=16 pread=1.906s
DBG getmany L3 nw=16 wall=0.183s thr(out)1 thr(in)16 conc_peak=16 pread=1.845s
DBG getmany L4 nw=16 wall=0.173s thr(out)1 thr(in)16 conc_peak=16 pread=1.736s
DBG getmany L5 nw=16 wall=0.173s thr(out)1 thr(in)16 conc_peak=16 pread=1.728s
DBG getmany L6 nw=16 wall=0.195s thr(out)1 thr(in)16 conc_peak=16 pread=2.123s
DBG getmany L7 nw=16 wall=0.181s thr(out)1 thr(in)16 conc_peak=16 pread=1.845s
DBG getmany L8 nw=16 wall=0.183s thr(out)1 thr(in)16 conc_peak=16 pread=1.811s
DBG getmany L9 nw=16 wall=0.196s thr(out)1 thr(in)16 conc_peak=16 pread=2.054s
DBG getmany L10 nw=16 wall=0.187s thr(out)1 thr(in)16 conc_peak=16 pread=1.935s
DBG getmany L11 nw=16 wall=0.194s thr(out)1 thr(in)16 conc_peak=16 pread=1.984s
DBG getmany L12 nw=16 wall=0.194s thr(out)1 thr(in)16 conc_peak=16 pread=2.056s
DBG getmany L13 nw=16 wall=0.199s thr(out)1 thr(in)16 conc_peak=16 pread=2.009s
DBG getmany L14 nw=16 wall=0.195s thr(out)1 thr(in)16 conc_peak=16 pread=1.917s
DBG getmany L15 nw=16 wall=0.203s thr(out)1 thr(in)16 conc_peak=16 pread=2.059s
DBG getmany L16 nw=16 wall=0.197s thr(out)1 thr(in)16 conc_peak=16 pread=2.034s
DBG getmany L17 nw=16 wall=0.199s thr(out)1 thr(in)16 conc_peak=16 pread=2.046s
DBG getmany L18 nw=16 wall=0.192s thr(out)1 thr(in)16 conc_peak=16 pread=1.938s
DBG getmany L19 nw=16 wall=0.204s thr(out)1 thr(in)16 conc_peak=16 pread=2.132s
DBG getmany L20 nw=16 wall=0.195s thr(out)1 thr(in)16 conc_peak=16 pread=1.899s
DBG getmany L21 nw=16 wall=0.244s thr(out)1 thr(in)16 conc_peak=16 pread=2.833s
DBG getmany L22 nw=16 wall=0.285s thr(out)1 thr(in)16 conc_peak=16 pread=2.431s
DBG getmany L23 nw=16 wall=0.486s thr(out)1 thr(in)16 conc_peak=16 pread=5.420s
DBG getmany L24 nw=16 wall=0.487s thr(out)1 thr(in)16 conc_peak=16 pread=6.434s
DBG getmany L25 nw=16 wall=0.551s thr(out)1 thr(in)16 conc_peak=16 pread=6.663s
DBG getmany L26 nw=16 wall=0.385s thr(out)1 thr(in)16 conc_peak=16 pread=4.381s
DBG getmany L27 nw=16 wall=0.469s thr(out)1 thr(in)16 conc_peak=16 pread=5.734s
DBG getmany L28 nw=16 wall=0.465s thr(out)1 thr(in)16 conc_peak=16 pread=5.528s
DBG getmany L29 nw=16 wall=0.500s thr(out)1 thr(in)16 conc_peak=16 pread=6.447s
DBG getmany L30 nw=16 wall=0.392s thr(out)1 thr(in)16 conc_peak=16 pread=4.952s
DBG getmany L31 nw=16 wall=0.567s thr(out)1 thr(in)16 conc_peak=16 pread=6.282s
DBG getmany L32 nw=16 wall=0.526s thr(out)1 thr(in)16 conc_peak=16 pread=7.292s
DBG getmany L33 nw=16 wall=0.573s thr(out)1 thr(in)16 conc_peak=16 pread=6.501s
DBG getmany L34 nw=16 wall=0.389s thr(out)1 thr(in)16 conc_peak=16 pread=4.910s
DBG getmany L35 nw=16 wall=0.581s thr(out)1 thr(in)16 conc_peak=16 pread=5.724s
DBG getmany L36 nw=16 wall=0.553s thr(out)1 thr(in)16 conc_peak=16 pread=7.056s
DBG getmany L37 nw=16 wall=0.538s thr(out)1 thr(in)16 conc_peak=16 pread=7.004s
DBG getmany L38 nw=16 wall=0.390s thr(out)1 thr(in)16 conc_peak=16 pread=5.156s
DBG getmany L39 nw=16 wall=0.555s thr(out)1 thr(in)16 conc_peak=16 pread=7.319s
DBG getmany L40 nw=16 wall=0.555s thr(out)1 thr(in)16 conc_peak=16 pread=5.444s
DBG getmany L41 nw=16 wall=0.507s thr(out)1 thr(in)16 conc_peak=16 pread=4.893s
DBG getmany L42 nw=16 wall=0.407s thr(out)1 thr(in)16 conc_peak=16 pread=5.425s
DBG getmany L43 nw=16 wall=0.580s thr(out)1 thr(in)16 conc_peak=16 pread=8.021s
DBG getmany L44 nw=16 wall=0.520s thr(out)1 thr(in)16 conc_peak=16 pread=6.733s
DBG getmany L45 nw=16 wall=0.524s thr(out)1 thr(in)16 conc_peak=16 pread=6.730s
DBG getmany L46 nw=16 wall=0.440s thr(out)1 thr(in)16 conc_peak=16 pread=5.016s
DBG getmany L47 nw=16 wall=0.595s thr(out)1 thr(in)16 conc_peak=16 pread=7.511s
DBG getmany L48 nw=16 wall=0.568s thr(out)1 thr(in)16 conc_peak=16 pread=6.632s
DBG getmany L49 nw=16 wall=0.589s thr(out)1 thr(in)16 conc_peak=16 pread=5.995s
DBG getmany L50 nw=16 wall=0.418s thr(out)1 thr(in)16 conc_peak=16 pread=4.882s
DBG getmany L51 nw=16 wall=0.583s thr(out)1 thr(in)16 conc_peak=16 pread=7.514s
DBG getmany L52 nw=16 wall=0.566s thr(out)1 thr(in)16 conc_peak=16 pread=6.188s
DBG getmany L53 nw=16 wall=0.591s thr(out)1 thr(in)16 conc_peak=16 pread=5.783s
DBG getmany L54 nw=16 wall=0.444s thr(out)1 thr(in)16 conc_peak=16 pread=5.004s
DBG getmany L55 nw=16 wall=0.559s thr(out)1 thr(in)16 conc_peak=16 pread=7.770s
DBG getmany L56 nw=16 wall=0.577s thr(out)1 thr(in)16 conc_peak=16 pread=7.119s
DBG getmany L57 nw=16 wall=0.551s thr(out)1 thr(in)16 conc_peak=16 pread=7.424s
DBG getmany L58 nw=16 wall=0.405s thr(out)1 thr(in)16 conc_peak=16 pread=4.724s
DBG getmany L59 nw=16 wall=0.571s thr(out)1 thr(in)16 conc_peak=16 pread=7.950s
DBG getmany L60 nw=16 wall=0.554s thr(out)1 thr(in)16 conc_peak=16 pread=8.183s
DBG getmany L61 nw=16 wall=0.573s thr(out)1 thr(in)16 conc_peak=16 pread=7.852s
DBG getmany L62 nw=16 wall=0.432s thr(out)1 thr(in)16 conc_peak=16 pread=5.235s
DBG getmany L63 nw=16 wall=0.596s thr(out)1 thr(in)16 conc_peak=16 pread=8.715s
DBG getmany L64 nw=16 wall=0.549s thr(out)1 thr(in)16 conc_peak=16 pread=7.613s
DBG getmany L65 nw=16 wall=0.576s thr(out)1 thr(in)16 conc_peak=16 pread=7.955s
DBG getmany L66 nw=16 wall=0.435s thr(out)1 thr(in)16 conc_peak=16 pread=5.915s
DBG getmany L67 nw=16 wall=0.588s thr(out)1 thr(in)16 conc_peak=16 pread=8.171s
DBG getmany L68 nw=16 wall=0.430s thr(out)1 thr(in)16 conc_peak=16 pread=4.305s
DBG getmany L69 nw=16 wall=0.550s thr(out)1 thr(in)16 conc_peak=16 pread=7.530s
DBG getmany L70 nw=16 wall=0.416s thr(out)1 thr(in)16 conc_peak=16 pread=5.524s
DBG getmany L71 nw=16 wall=0.577s thr(out)1 thr(in)16 conc_peak=16 pread=4.681s
DBG getmany L72 nw=16 wall=0.569s thr(out)1 thr(in)16 conc_peak=16 pread=8.187s
DBG getmany L73 nw=16 wall=0.580s thr(out)1 thr(in)16 conc_peak=16 pread=7.853s
DBG getmany L74 nw=16 wall=0.427s thr(out)1 thr(in)16 conc_peak=16 pread=6.288s
DBG getmany L75 nw=16 wall=0.600s thr(out)1 thr(in)16 conc_peak=16 pread=8.144s
DBG getmany L76 nw=16 wall=0.465s thr(out)1 thr(in)16 conc_peak=16 pread=5.098s
DBG getmany L77 nw=16 wall=0.590s thr(out)1 thr(in)16 conc_peak=16 pread=8.054s
DBG getmany L78 nw=16 wall=0.430s thr(out)1 thr(in)16 conc_peak=16 pread=5.697s
DBG getmany L79 nw=16 wall=0.589s thr(out)1 thr(in)16 conc_peak=16 pread=8.460s
DBG getmany L80 nw=16 wall=0.538s thr(out)1 thr(in)16 conc_peak=16 pread=7.539s
DBG getmany L81 nw=16 wall=0.565s thr(out)1 thr(in)16 conc_peak=16 pread=7.691s
DBG getmany L82 nw=16 wall=0.411s thr(out)1 thr(in)16 conc_peak=16 pread=5.488s
DBG getmany L83 nw=16 wall=0.563s thr(out)1 thr(in)16 conc_peak=16 pread=7.818s
DBG getmany L84 nw=16 wall=0.560s thr(out)1 thr(in)16 conc_peak=16 pread=7.470s
DBG getmany L85 nw=16 wall=0.548s thr(out)1 thr(in)16 conc_peak=16 pread=6.021s
DBG getmany L86 nw=16 wall=0.394s thr(out)1 thr(in)16 conc_peak=16 pread=4.953s
DBG getmany L87 nw=16 wall=0.538s thr(out)1 thr(in)16 conc_peak=16 pread=6.881s
DBG getmany L88 nw=16 wall=0.542s thr(out)1 thr(in)16 conc_peak=16 pread=8.356s
DBG getmany L89 nw=16 wall=0.574s thr(out)1 thr(in)16 conc_peak=16 pread=8.545s
DBG getmany L90 nw=16 wall=0.405s thr(out)1 thr(in)16 conc_peak=16 pread=6.081s
DBG getmany L91 nw=16 wall=0.430s thr(out)1 thr(in)16 conc_peak=16 pread=5.978s
DBG getmany L92 nw=16 wall=0.158s thr(out)1 thr(in)16 conc_peak=16 pread=1.534s
config: /model/config.json (nested shape) | hidden=7168 layers=93 vocab=163840 | 24 MLA + 69 KDA | experts 896 top16 shared2 | latent=3584
  KV cache : 23.70 MB for 10 positions (2.37 MB/position)
Kimi K3, pure C, released checkpoint
  model    : /model
  prompt   : 1 tokens, generating 8

indexed 497220 tensors from 96 shards in 4.51 s
trunk on disk : 110.00 GB total (STREAMED from /mnt/nvme/trunk_layers_out, not held in RAM)

memory plan
  trunk (STREAMED) 32.00 GB
  embed + lm_head  4.70 GB
  expert cache     15.00 GB
  recurrent state  626.25 MB
  buffers          8.02 MB
  KV cache         23.65 MB
  TOTAL            52.36 GB
  available        57.82 GB

k3_trunk: trunk.bin absent - using per-layer slices (layer_%03d.bin)
trunk stream: 56.60 GB packed, 22/93 layers PINNED (29.30 GB), ring 2 x 1.30 GB
              reads use buffered I/O
              ring holds 2 slots: layers repeat over ~2 tokens, so recent ones are reused instead of re-read
trunk streaming enabled from /mnt/nvme/trunk_layers_out in 0.0 s
embedding, final norm and lm_head: 4.70 GB in 10.4 s

expert L1 eviction policy: heat
expert L2 cache enabled: 14589 slots x 17.55 MB = 256.00 GB on /mnt/nvme/experts.l2
expert L2 eviction policy: heat
peak RSS after loading weights: 4.78 GB  (the plan above is a forecast, this is measured)
expert cache: 854 slots x 17.56 MB = 14.99 GB (1.04% of the 1.45 TB expert pool)

recurrent state for 93 layers: 626.25 MB

incremental decode: KV cache 23.65 MB for 24 MLA layers at 10 positions

STEP   TOKEN      SECONDS      CACHE HIT  READ GB    TOK/S
--------------------------------------------------------------------
0      220        73.68        100.0      25.83      0.014
  L2   resident=6779/14589 slots hit=100.0% read=25.83GB write=0.00GB
DBG getmany L1 nw=16 wall=0.181s thr(out)1 thr(in)16 conc_peak=16 pread=1.760s
DBG getmany L2 nw=16 wall=0.171s thr(out)1 thr(in)16 conc_peak=16 pread=1.642s
DBG getmany L3 nw=16 wall=0.161s thr(out)1 thr(in)16 conc_peak=16 pread=1.663s
DBG getmany L4 nw=16 wall=0.158s thr(out)1 thr(in)16 conc_peak=16 pread=1.523s
DBG getmany L5 nw=16 wall=0.165s thr(out)1 thr(in)16 conc_peak=16 pread=1.551s
DBG getmany L6 nw=16 wall=0.162s thr(out)1 thr(in)16 conc_peak=16 pread=1.510s
DBG getmany L7 nw=16 wall=0.160s thr(out)1 thr(in)16 conc_peak=16 pread=1.473s
DBG getmany L8 nw=16 wall=0.158s thr(out)1 thr(in)16 conc_peak=16 pread=1.477s
DBG getmany L9 nw=16 wall=0.154s thr(out)1 thr(in)16 conc_peak=16 pread=1.439s
DBG getmany L10 nw=16 wall=0.161s thr(out)1 thr(in)16 conc_peak=16 pread=1.618s
DBG getmany L11 nw=16 wall=0.161s thr(out)1 thr(in)16 conc_peak=16 pread=1.493s
DBG getmany L12 nw=16 wall=0.164s thr(out)1 thr(in)16 conc_peak=16 pread=1.596s
DBG getmany L13 nw=16 wall=0.169s thr(out)1 thr(in)16 conc_peak=16 pread=1.619s
DBG getmany L14 nw=16 wall=0.163s thr(out)1 thr(in)16 conc_peak=16 pread=1.552s
DBG getmany L15 nw=16 wall=0.159s thr(out)1 thr(in)16 conc_peak=16 pread=1.445s
DBG getmany L16 nw=16 wall=0.158s thr(out)1 thr(in)16 conc_peak=16 pread=1.517s
DBG getmany L17 nw=16 wall=0.164s thr(out)1 thr(in)16 conc_peak=16 pread=1.440s
DBG getmany L18 nw=16 wall=0.161s thr(out)1 thr(in)16 conc_peak=16 pread=1.556s
DBG getmany L19 nw=16 wall=0.164s thr(out)1 thr(in)16 conc_peak=16 pread=1.464s
DBG getmany L20 nw=16 wall=0.158s thr(out)1 thr(in)16 conc_peak=16 pread=1.611s
DBG getmany L21 nw=16 wall=0.494s thr(out)1 thr(in)16 conc_peak=16 pread=7.366s
DBG getmany L22 nw=16 wall=0.356s thr(out)1 thr(in)16 conc_peak=16 pread=5.285s
DBG getmany L23 nw=16 wall=0.400s thr(out)1 thr(in)16 conc_peak=16 pread=4.653s
DBG getmany L24 nw=16 wall=0.547s thr(out)1 thr(in)16 conc_peak=16 pread=6.292s
DBG getmany L25 nw=16 wall=0.524s thr(out)1 thr(in)16 conc_peak=16 pread=7.576s
DBG getmany L26 nw=16 wall=0.406s thr(out)1 thr(in)16 conc_peak=16 pread=5.766s
DBG getmany L27 nw=16 wall=0.486s thr(out)1 thr(in)16 conc_peak=16 pread=6.550s
DBG getmany L28 nw=16 wall=0.462s thr(out)1 thr(in)16 conc_peak=16 pread=6.177s
DBG getmany L29 nw=16 wall=0.493s thr(out)1 thr(in)16 conc_peak=16 pread=6.796s
DBG getmany L30 nw=16 wall=0.401s thr(out)1 thr(in)16 conc_peak=16 pread=4.940s
DBG getmany L31 nw=16 wall=0.556s thr(out)1 thr(in)16 conc_peak=16 pread=7.829s
DBG getmany L32 nw=16 wall=0.550s thr(out)1 thr(in)16 conc_peak=16 pread=7.925s
DBG getmany L33 nw=16 wall=0.576s thr(out)1 thr(in)16 conc_peak=16 pread=8.087s
DBG getmany L34 nw=16 wall=0.391s thr(out)1 thr(in)16 conc_peak=16 pread=5.412s
DBG getmany L35 nw=16 wall=0.580s thr(out)1 thr(in)16 conc_peak=16 pread=8.222s
DBG getmany L36 nw=16 wall=0.552s thr(out)1 thr(in)16 conc_peak=16 pread=8.198s
DBG getmany L37 nw=16 wall=11.659s thr(out)1 thr(in)16 conc_peak=16 pread=165.850s
DBG getmany L38 nw=16 wall=0.389s thr(out)1 thr(in)16 conc_peak=16 pread=5.766s
DBG getmany L39 nw=16 wall=0.576s thr(out)1 thr(in)16 conc_peak=16 pread=7.773s
DBG getmany L40 nw=16 wall=0.560s thr(out)1 thr(in)16 conc_peak=16 pread=7.206s
DBG getmany L41 nw=16 wall=0.520s thr(out)1 thr(in)16 conc_peak=16 pread=7.403s
DBG getmany L42 nw=16 wall=0.398s thr(out)1 thr(in)16 conc_peak=16 pread=5.656s
DBG getmany L43 nw=16 wall=0.583s thr(out)1 thr(in)16 conc_peak=16 pread=8.166s
DBG getmany L44 nw=16 wall=0.518s thr(out)1 thr(in)16 conc_peak=16 pread=7.590s
DBG getmany L45 nw=16 wall=0.542s thr(out)1 thr(in)16 conc_peak=16 pread=8.174s
DBG getmany L46 nw=16 wall=0.429s thr(out)1 thr(in)16 conc_peak=16 pread=5.755s
DBG getmany L47 nw=16 wall=0.601s thr(out)1 thr(in)16 conc_peak=16 pread=7.776s
DBG getmany L48 nw=16 wall=0.559s thr(out)1 thr(in)16 conc_peak=16 pread=7.086s
DBG getmany L49 nw=16 wall=0.561s thr(out)1 thr(in)16 conc_peak=16 pread=7.887s
DBG getmany L50 nw=16 wall=0.427s thr(out)1 thr(in)16 conc_peak=16 pread=5.816s
DBG getmany L51 nw=16 wall=0.567s thr(out)1 thr(in)16 conc_peak=16 pread=7.788s
DBG getmany L52 nw=16 wall=0.535s thr(out)1 thr(in)16 conc_peak=16 pread=7.992s
DBG getmany L53 nw=16 wall=0.579s thr(out)1 thr(in)16 conc_peak=16 pread=7.221s
DBG getmany L54 nw=16 wall=0.442s thr(out)1 thr(in)16 conc_peak=16 pread=6.344s
DBG getmany L55 nw=16 wall=0.569s thr(out)1 thr(in)16 conc_peak=16 pread=7.421s
DBG getmany L56 nw=16 wall=0.553s thr(out)1 thr(in)16 conc_peak=16 pread=8.415s
DBG getmany L57 nw=16 wall=0.539s thr(out)1 thr(in)16 conc_peak=16 pread=7.450s
DBG getmany L58 nw=16 wall=0.408s thr(out)1 thr(in)16 conc_peak=16 pread=4.852s
DBG getmany L59 nw=16 wall=0.558s thr(out)1 thr(in)16 conc_peak=16 pread=8.401s
DBG getmany L60 nw=16 wall=0.540s thr(out)1 thr(in)16 conc_peak=16 pread=7.252s
DBG getmany L61 nw=16 wall=0.546s thr(out)1 thr(in)16 conc_peak=16 pread=8.349s
DBG getmany L62 nw=16 wall=0.392s thr(out)1 thr(in)16 conc_peak=16 pread=5.606s
DBG getmany L63 nw=16 wall=0.576s thr(out)1 thr(in)16 conc_peak=16 pread=8.224s
DBG getmany L64 nw=16 wall=0.488s thr(out)1 thr(in)16 conc_peak=16 pread=5.775s
DBG getmany L65 nw=16 wall=0.586s thr(out)1 thr(in)16 conc_peak=16 pread=8.236s
DBG getmany L66 nw=16 wall=0.573s thr(out)1 thr(in)16 conc_peak=16 pread=7.968s
DBG getmany L67 nw=16 wall=0.787s thr(out)1 thr(in)16 conc_peak=16 pread=11.295s
DBG getmany L68 nw=16 wall=0.722s thr(out)1 thr(in)16 conc_peak=16 pread=8.887s
DBG getmany L69 nw=16 wall=0.762s thr(out)1 thr(in)16 conc_peak=16 pread=9.980s
DBG getmany L70 nw=16 wall=0.565s thr(out)1 thr(in)16 conc_peak=16 pread=8.510s
DBG getmany L71 nw=16 wall=0.821s thr(out)1 thr(in)16 conc_peak=16 pread=12.343s
DBG getmany L72 nw=16 wall=0.790s thr(out)1 thr(in)16 conc_peak=16 pread=12.022s
DBG getmany L73 nw=16 wall=0.787s thr(out)1 thr(in)16 conc_peak=16 pread=8.740s
DBG getmany L74 nw=16 wall=0.577s thr(out)1 thr(in)16 conc_peak=16 pread=8.141s
DBG getmany L75 nw=16 wall=0.791s thr(out)1 thr(in)16 conc_peak=16 pread=10.066s
DBG getmany L76 nw=16 wall=0.742s thr(out)1 thr(in)16 conc_peak=16 pread=11.237s
DBG getmany L77 nw=16 wall=0.784s thr(out)1 thr(in)16 conc_peak=16 pread=9.648s
DBG getmany L78 nw=16 wall=0.574s thr(out)1 thr(in)16 conc_peak=16 pread=6.857s
DBG getmany L79 nw=16 wall=0.762s thr(out)1 thr(in)16 conc_peak=16 pread=9.546s
DBG getmany L80 nw=16 wall=0.792s thr(out)1 thr(in)16 conc_peak=16 pread=11.239s
DBG getmany L81 nw=16 wall=0.755s thr(out)1 thr(in)16 conc_peak=16 pread=10.739s
DBG getmany L82 nw=16 wall=0.573s thr(out)1 thr(in)16 conc_peak=16 pread=7.750s
DBG getmany L83 nw=16 wall=0.772s thr(out)1 thr(in)16 conc_peak=16 pread=11.392s
DBG getmany L84 nw=16 wall=0.760s thr(out)1 thr(in)16 conc_peak=16 pread=10.387s
DBG getmany L85 nw=16 wall=0.753s thr(out)1 thr(in)16 conc_peak=16 pread=11.002s
DBG getmany L86 nw=16 wall=0.561s thr(out)1 thr(in)16 conc_peak=16 pread=7.198s
DBG getmany L87 nw=16 wall=0.743s thr(out)1 thr(in)16 conc_peak=16 pread=8.839s
DBG getmany L88 nw=16 wall=0.764s thr(out)1 thr(in)16 conc_peak=16 pread=11.167s
DBG getmany L89 nw=16 wall=0.804s thr(out)1 thr(in)16 conc_peak=16 pread=11.956s
DBG getmany L90 nw=16 wall=0.566s thr(out)1 thr(in)16 conc_peak=16 pread=8.290s
DBG getmany L91 nw=16 wall=0.584s thr(out)1 thr(in)16 conc_peak=16 pread=7.904s
DBG getmany L92 nw=16 wall=0.240s thr(out)1 thr(in)16 conc_peak=16 pread=2.167s
1      802        72.36        100.0      25.83      0.014
  L2   resident=6779/14589 slots hit=100.0% read=51.66GB write=0.00GB
DBG getmany L1 nw=16 wall=0.228s thr(out)1 thr(in)16 conc_peak=16 pread=2.158s
DBG getmany L2 nw=15 wall=0.218s thr(out)1 thr(in)16 conc_peak=15 pread=1.989s
DBG getmany L3 nw=13 wall=0.189s thr(out)1 thr(in)16 conc_peak=13 pread=1.391s
DBG getmany L4 nw=15 wall=0.212s thr(out)1 thr(in)16 conc_peak=15 pread=1.876s
DBG getmany L5 nw=16 wall=0.231s thr(out)1 thr(in)16 conc_peak=16 pread=2.108s
DBG getmany L6 nw=15 wall=0.223s thr(out)1 thr(in)16 conc_peak=15 pread=1.947s
DBG getmany L7 nw=15 wall=0.214s thr(out)1 thr(in)16 conc_peak=15 pread=1.801s
DBG getmany L8 nw=16 wall=0.228s thr(out)1 thr(in)16 conc_peak=16 pread=2.089s
DBG getmany L9 nw=15 wall=0.215s thr(out)1 thr(in)16 conc_peak=15 pread=1.825s
DBG getmany L10 nw=15 wall=0.217s thr(out)1 thr(in)16 conc_peak=15 pread=2.097s
DBG getmany L11 nw=15 wall=0.214s thr(out)1 thr(in)16 conc_peak=15 pread=1.961s
DBG getmany L12 nw=15 wall=0.216s thr(out)1 thr(in)16 conc_peak=15 pread=1.834s
DBG getmany L13 nw=16 wall=0.236s thr(out)1 thr(in)16 conc_peak=16 pread=2.182s
DBG getmany L14 nw=15 wall=0.219s thr(out)1 thr(in)16 conc_peak=15 pread=1.921s
DBG getmany L15 nw=16 wall=0.229s thr(out)1 thr(in)16 conc_peak=16 pread=2.092s
DBG getmany L16 nw=15 wall=0.218s thr(out)1 thr(in)16 conc_peak=15 pread=2.033s
DBG getmany L17 nw=16 wall=0.231s thr(out)1 thr(in)16 conc_peak=16 pread=2.045s
DBG getmany L18 nw=16 wall=0.233s thr(out)1 thr(in)16 conc_peak=16 pread=2.042s
DBG getmany L19 nw=16 wall=0.236s thr(out)1 thr(in)16 conc_peak=16 pread=2.412s
DBG getmany L20 nw=16 wall=0.230s thr(out)1 thr(in)16 conc_peak=16 pread=2.028s
DBG getmany L21 nw=16 wall=0.719s thr(out)1 thr(in)16 conc_peak=16 pread=10.293s
DBG getmany L22 nw=16 wall=0.581s thr(out)1 thr(in)16 conc_peak=16 pread=7.909s
DBG getmany L23 nw=15 wall=0.668s thr(out)1 thr(in)16 conc_peak=15 pread=8.925s
DBG getmany L24 nw=13 wall=0.774s thr(out)1 thr(in)16 conc_peak=13 pread=8.408s
DBG getmany L25 nw=15 wall=0.742s thr(out)1 thr(in)16 conc_peak=15 pread=9.485s
DBG getmany L26 nw=15 wall=0.555s thr(out)1 thr(in)16 conc_peak=15 pread=7.837s
DBG getmany L27 nw=16 wall=0.725s thr(out)1 thr(in)16 conc_peak=16 pread=9.630s
DBG getmany L28 nw=15 wall=0.685s thr(out)1 thr(in)16 conc_peak=15 pread=8.798s
DBG getmany L29 nw=16 wall=0.765s thr(out)1 thr(in)16 conc_peak=16 pread=11.002s
DBG getmany L30 nw=16 wall=0.583s thr(out)1 thr(in)16 conc_peak=16 pread=7.994s
DBG getmany L31 nw=16 wall=0.768s thr(out)1 thr(in)16 conc_peak=16 pread=10.999s
DBG getmany L32 nw=14 wall=0.745s thr(out)1 thr(in)16 conc_peak=14 pread=9.639s
DBG getmany L33 nw=15 wall=0.786s thr(out)1 thr(in)16 conc_peak=15 pread=10.941s
DBG getmany L34 nw=16 wall=0.589s thr(out)1 thr(in)16 conc_peak=16 pread=7.573s
DBG getmany L35 nw=16 wall=0.791s thr(out)1 thr(in)16 conc_peak=16 pread=11.766s
DBG getmany L36 nw=14 wall=0.744s thr(out)1 thr(in)16 conc_peak=14 pread=9.603s
DBG getmany L37 nw=16 wall=0.792s thr(out)1 thr(in)16 conc_peak=16 pread=8.373s
DBG getmany L38 nw=16 wall=0.535s thr(out)1 thr(in)16 conc_peak=16 pread=6.584s
DBG getmany L39 nw=16 wall=0.754s thr(out)1 thr(in)16 conc_peak=16 pread=11.129s
DBG getmany L40 nw=16 wall=0.763s thr(out)1 thr(in)16 conc_peak=16 pread=10.076s
DBG getmany L41 nw=16 wall=0.695s thr(out)1 thr(in)16 conc_peak=16 pread=10.155s
DBG getmany L42 nw=16 wall=0.567s thr(out)1 thr(in)16 conc_peak=16 pread=7.991s
DBG getmany L43 nw=16 wall=0.807s thr(out)1 thr(in)16 conc_peak=16 pread=11.835s
DBG getmany L44 nw=16 wall=0.769s thr(out)1 thr(in)16 conc_peak=16 pread=9.466s
DBG getmany L45 nw=16 wall=0.701s thr(out)1 thr(in)16 conc_peak=16 pread=7.971s
DBG getmany L46 nw=15 wall=0.563s thr(out)1 thr(in)16 conc_peak=15 pread=7.854s
DBG getmany L47 nw=15 wall=0.746s thr(out)1 thr(in)16 conc_peak=15 pread=9.483s
DBG getmany L48 nw=15 wall=0.712s thr(out)1 thr(in)16 conc_peak=15 pread=8.857s
DBG getmany L49 nw=15 wall=0.777s thr(out)1 thr(in)16 conc_peak=15 pread=11.161s
DBG getmany L50 nw=16 wall=0.583s thr(out)1 thr(in)16 conc_peak=16 pread=8.095s
DBG getmany L51 nw=16 wall=0.756s thr(out)1 thr(in)16 conc_peak=16 pread=10.754s
DBG getmany L52 nw=16 wall=0.742s thr(out)1 thr(in)16 conc_peak=16 pread=8.704s
DBG getmany L53 nw=15 wall=0.752s thr(out)1 thr(in)16 conc_peak=15 pread=10.778s
DBG getmany L54 nw=16 wall=0.566s thr(out)1 thr(in)16 conc_peak=16 pread=7.392s
DBG getmany L55 nw=16 wall=0.747s thr(out)1 thr(in)16 conc_peak=16 pread=9.969s
DBG getmany L56 nw=16 wall=0.759s thr(out)1 thr(in)16 conc_peak=16 pread=9.267s
DBG getmany L57 nw=16 wall=0.767s thr(out)1 thr(in)16 conc_peak=16 pread=11.615s
DBG getmany L58 nw=16 wall=0.556s thr(out)1 thr(in)16 conc_peak=16 pread=7.774s
DBG getmany L59 nw=16 wall=0.783s thr(out)1 thr(in)16 conc_peak=16 pread=11.701s
DBG getmany L60 nw=16 wall=0.753s thr(out)1 thr(in)16 conc_peak=16 pread=10.807s
DBG getmany L61 nw=16 wall=0.739s thr(out)1 thr(in)16 conc_peak=16 pread=10.132s
DBG getmany L62 nw=16 wall=0.548s thr(out)1 thr(in)16 conc_peak=16 pread=7.348s
DBG getmany L63 nw=16 wall=0.776s thr(out)1 thr(in)16 conc_peak=16 pread=10.094s
DBG getmany L64 nw=16 wall=0.768s thr(out)1 thr(in)16 conc_peak=16 pread=9.582s
DBG getmany L65 nw=16 wall=0.744s thr(out)1 thr(in)16 conc_peak=16 pread=11.050s
DBG getmany L66 nw=16 wall=0.576s thr(out)1 thr(in)16 conc_peak=16 pread=8.394s
DBG getmany L67 nw=16 wall=0.782s thr(out)1 thr(in)16 conc_peak=16 pread=11.186s
DBG getmany L68 nw=16 wall=0.742s thr(out)1 thr(in)16 conc_peak=16 pread=8.772s
DBG getmany L69 nw=16 wall=0.780s thr(out)1 thr(in)16 conc_peak=16 pread=10.592s
DBG getmany L70 nw=16 wall=0.560s thr(out)1 thr(in)16 conc_peak=16 pread=7.154s
DBG getmany L71 nw=16 wall=0.806s thr(out)1 thr(in)16 conc_peak=16 pread=9.658s
DBG getmany L72 nw=16 wall=0.603s thr(out)1 thr(in)16 conc_peak=16 pread=8.820s
DBG getmany L73 nw=16 wall=0.770s thr(out)1 thr(in)16 conc_peak=16 pread=10.503s
DBG getmany L74 nw=16 wall=0.562s thr(out)1 thr(in)16 conc_peak=16 pread=6.161s
DBG getmany L75 nw=16 wall=0.467s thr(out)1 thr(in)16 conc_peak=16 pread=5.701s
DBG getmany L76 nw=16 wall=0.717s thr(out)1 thr(in)16 conc_peak=16 pread=8.398s
DBG getmany L77 nw=16 wall=0.747s thr(out)1 thr(in)16 conc_peak=16 pread=10.552s
DBG getmany L78 nw=16 wall=0.572s thr(out)1 thr(in)16 conc_peak=16 pread=8.354s
DBG getmany L79 nw=16 wall=0.765s thr(out)1 thr(in)16 conc_peak=16 pread=10.807s
DBG getmany L80 nw=16 wall=0.826s thr(out)1 thr(in)16 conc_peak=16 pread=9.907s
DBG getmany L81 nw=15 wall=0.735s thr(out)1 thr(in)16 conc_peak=15 pread=10.247s
DBG getmany L82 nw=16 wall=0.582s thr(out)1 thr(in)16 conc_peak=16 pread=7.747s
DBG getmany L83 nw=13 wall=0.734s thr(out)1 thr(in)16 conc_peak=13 pread=6.516s
DBG getmany L84 nw=13 wall=11.319s thr(out)1 thr(in)16 conc_peak=13 pread=105.630s
DBG getmany L85 nw=14 wall=0.731s thr(out)1 thr(in)16 conc_peak=14 pread=8.984s
DBG getmany L86 nw=16 wall=0.553s thr(out)1 thr(in)16 conc_peak=16 pread=7.890s
DBG getmany L87 nw=13 wall=0.658s thr(out)1 thr(in)16 conc_peak=13 pread=7.763s
DBG getmany L88 nw=15 wall=0.746s thr(out)1 thr(in)16 conc_peak=15 pread=8.963s
DBG getmany L89 nw=13 wall=0.743s thr(out)1 thr(in)16 conc_peak=13 pread=6.399s
DBG getmany L90 nw=12 wall=0.519s thr(out)1 thr(in)16 conc_peak=12 pread=5.681s
DBG getmany L91 nw=13 wall=0.545s thr(out)1 thr(in)16 conc_peak=13 pread=4.557s
DBG getmany L92 nw=13 wall=0.183s thr(out)1 thr(in)16 conc_peak=12 pread=1.337s
2      24         81.60        100.0      24.85      0.012
  L2   resident=6779/14589 slots hit=100.0% read=76.51GB write=0.00GB
DBG getmany L1 nw=15 wall=0.211s thr(out)1 thr(in)16 conc_peak=15 pread=1.856s
DBG getmany L2 nw=14 wall=0.198s thr(out)1 thr(in)16 conc_peak=14 pread=1.650s
DBG getmany L3 nw=12 wall=0.171s thr(out)1 thr(in)16 conc_peak=12 pread=1.179s
DBG getmany L4 nw=13 wall=0.182s thr(out)1 thr(in)16 conc_peak=12 pread=1.324s
DBG getmany L5 nw=15 wall=0.226s thr(out)1 thr(in)16 conc_peak=15 pread=1.933s
DBG getmany L6 nw=16 wall=0.230s thr(out)1 thr(in)16 conc_peak=16 pread=2.174s
DBG getmany L7 nw=15 wall=0.218s thr(out)1 thr(in)16 conc_peak=15 pread=1.877s
DBG getmany L8 nw=16 wall=0.225s thr(out)1 thr(in)16 conc_peak=16 pread=2.074s
DBG getmany L9 nw=12 wall=0.170s thr(out)1 thr(in)16 conc_peak=8 pread=1.199s
DBG getmany L10 nw=10 wall=0.146s thr(out)1 thr(in)16 conc_peak=8 pread=0.818s
DBG getmany L11 nw=13 wall=0.183s thr(out)1 thr(in)16 conc_peak=13 pread=1.361s
DBG getmany L12 nw=14 wall=0.202s thr(out)1 thr(in)16 conc_peak=14 pread=1.603s
DBG getmany L13 nw=13 wall=0.188s thr(out)1 thr(in)16 conc_peak=13 pread=1.369s
DBG getmany L14 nw=13 wall=0.182s thr(out)1 thr(in)16 conc_peak=13 pread=1.461s
DBG getmany L15 nw=14 wall=0.200s thr(out)1 thr(in)16 conc_peak=14 pread=1.657s
DBG getmany L16 nw=12 wall=0.174s thr(out)1 thr(in)16 conc_peak=12 pread=1.194s
DBG getmany L17 nw=14 wall=0.202s thr(out)1 thr(in)16 conc_peak=14 pread=1.575s
DBG getmany L18 nw=13 wall=0.187s thr(out)1 thr(in)16 conc_peak=13 pread=1.409s
DBG getmany L19 nw=13 wall=0.187s thr(out)1 thr(in)16 conc_peak=13 pread=1.442s
DBG getmany L20 nw=12 wall=0.168s thr(out)1 thr(in)16 conc_peak=12 pread=1.260s
DBG getmany L21 nw=15 wall=0.742s thr(out)1 thr(in)16 conc_peak=15 pread=9.787s
DBG getmany L22 nw=15 wall=0.565s thr(out)1 thr(in)16 conc_peak=15 pread=7.717s
DBG getmany L23 nw=12 wall=0.617s thr(out)1 thr(in)16 conc_peak=12 pread=5.460s
DBG getmany L24 nw=13 wall=0.760s thr(out)1 thr(in)16 conc_peak=13 pread=9.348s
DBG getmany L25 nw=16 wall=0.763s thr(out)1 thr(in)16 conc_peak=16 pread=6.073s
DBG getmany L26 nw=14 wall=0.546s thr(out)1 thr(in)16 conc_peak=14 pread=6.320s
DBG getmany L27 nw=16 wall=0.714s thr(out)1 thr(in)16 conc_peak=16 pread=9.031s
DBG getmany L28 nw=15 wall=0.683s thr(out)1 thr(in)16 conc_peak=15 pread=9.402s
DBG getmany L29 nw=14 wall=0.733s thr(out)1 thr(in)16 conc_peak=14 pread=8.870s
DBG getmany L30 nw=15 wall=0.563s thr(out)1 thr(in)16 conc_peak=15 pread=7.597s
DBG getmany L31 nw=15 wall=0.772s thr(out)1 thr(in)16 conc_peak=15 pread=8.926s
DBG getmany L32 nw=12 wall=0.703s thr(out)1 thr(in)16 conc_peak=12 pread=7.044s
DBG getmany L33 nw=13 wall=0.758s thr(out)1 thr(in)16 conc_peak=13 pread=8.090s
DBG getmany L34 nw=15 wall=0.572s thr(out)1 thr(in)16 conc_peak=15 pread=7.251s
DBG getmany L35 nw=14 wall=0.762s thr(out)1 thr(in)16 conc_peak=14 pread=9.518s
DBG getmany L36 nw=14 wall=0.740s thr(out)1 thr(in)16 conc_peak=14 pread=8.488s
DBG getmany L37 nw=15 wall=0.742s thr(out)1 thr(in)16 conc_peak=15 pread=10.536s
DBG getmany L38 nw=14 wall=0.520s thr(out)1 thr(in)16 conc_peak=14 pread=6.615s
DBG getmany L39 nw=14 wall=0.740s thr(out)1 thr(in)16 conc_peak=14 pread=8.530s
DBG getmany L40 nw=15 wall=0.729s thr(out)1 thr(in)16 conc_peak=15 pread=8.475s
DBG getmany L41 nw=14 wall=0.701s thr(out)1 thr(in)16 conc_peak=14 pread=7.885s
DBG getmany L42 nw=14 wall=0.544s thr(out)1 thr(in)16 conc_peak=14 pread=6.651s
DBG getmany L43 nw=16 wall=0.799s thr(out)1 thr(in)16 conc_peak=16 pread=11.681s
DBG getmany L44 nw=16 wall=0.765s thr(out)1 thr(in)16 conc_peak=16 pread=10.852s
DBG getmany L45 nw=15 wall=0.760s thr(out)1 thr(in)16 conc_peak=15 pread=7.400s
DBG getmany L46 nw=14 wall=0.556s thr(out)1 thr(in)16 conc_peak=14 pread=6.403s
DBG getmany L47 nw=14 wall=0.720s thr(out)1 thr(in)16 conc_peak=14 pread=9.311s
DBG getmany L48 nw=15 wall=0.728s thr(out)1 thr(in)16 conc_peak=15 pread=9.445s
DBG getmany L49 nw=15 wall=0.757s thr(out)1 thr(in)16 conc_peak=15 pread=10.727s
DBG getmany L50 nw=15 wall=0.538s thr(out)1 thr(in)16 conc_peak=15 pread=7.431s
DBG getmany L51 nw=14 wall=0.730s thr(out)1 thr(in)16 conc_peak=14 pread=8.458s
DBG getmany L52 nw=13 wall=0.671s thr(out)1 thr(in)16 conc_peak=10 pread=5.582s
DBG getmany L53 nw=14 wall=0.724s thr(out)1 thr(in)16 conc_peak=12 pread=8.689s
DBG getmany L54 nw=15 wall=0.548s thr(out)1 thr(in)16 conc_peak=15 pread=6.466s
DBG getmany L55 nw=13 wall=0.726s thr(out)1 thr(in)16 conc_peak=13 pread=7.230s
DBG getmany L56 nw=15 wall=0.737s thr(out)1 thr(in)16 conc_peak=15 pread=10.295s
DBG getmany L57 nw=16 wall=0.773s thr(out)1 thr(in)16 conc_peak=16 pread=11.329s
DBG getmany L58 nw=13 wall=0.534s thr(out)1 thr(in)16 conc_peak=13 pread=5.504s
DBG getmany L59 nw=13 wall=0.728s thr(out)1 thr(in)16 conc_peak=13 pread=7.700s
DBG getmany L60 nw=15 wall=0.733s thr(out)1 thr(in)16 conc_peak=15 pread=10.032s
DBG getmany L61 nw=15 wall=0.719s thr(out)1 thr(in)16 conc_peak=15 pread=9.648s
DBG getmany L62 nw=12 wall=0.475s thr(out)1 thr(in)16 conc_peak=6 pread=4.961s
DBG getmany L63 nw=13 wall=0.725s thr(out)1 thr(in)16 conc_peak=13 pread=8.007s
DBG getmany L64 nw=14 wall=0.735s thr(out)1 thr(in)16 conc_peak=14 pread=9.789s
DBG getmany L65 nw=12 wall=0.603s thr(out)1 thr(in)16 conc_peak=12 pread=5.249s
DBG getmany L66 nw=14 wall=0.538s thr(out)1 thr(in)16 conc_peak=14 pread=6.801s
DBG getmany L67 nw=14 wall=0.749s thr(out)1 thr(in)16 conc_peak=14 pread=9.025s
DBG getmany L68 nw=13 wall=0.643s thr(out)1 thr(in)16 conc_peak=13 pread=6.920s
DBG getmany L69 nw=13 wall=0.734s thr(out)1 thr(in)16 conc_peak=11 pread=8.796s
DBG getmany L70 nw=12 wall=0.494s thr(out)1 thr(in)16 conc_peak=12 pread=5.226s
DBG getmany L71 nw=14 wall=0.788s thr(out)1 thr(in)16 conc_peak=14 pread=9.217s
DBG getmany L72 nw=15 wall=0.750s thr(out)1 thr(in)16 conc_peak=15 pread=9.898s
DBG getmany L73 nw=16 wall=0.762s thr(out)1 thr(in)16 conc_peak=16 pread=9.253s
DBG getmany L74 nw=16 wall=0.554s thr(out)1 thr(in)16 conc_peak=16 pread=7.860s
DBG getmany L75 nw=16 wall=0.725s thr(out)1 thr(in)16 conc_peak=16 pread=10.327s
DBG getmany L76 nw=16 wall=0.686s thr(out)1 thr(in)16 conc_peak=16 pread=9.574s
DBG getmany L77 nw=13 wall=0.700s thr(out)1 thr(in)16 conc_peak=13 pread=8.189s
DBG getmany L78 nw=14 wall=0.528s thr(out)1 thr(in)16 conc_peak=14 pread=6.132s
DBG getmany L79 nw=14 wall=0.730s thr(out)1 thr(in)16 conc_peak=14 pread=9.355s
DBG getmany L80 nw=16 wall=0.663s thr(out)1 thr(in)16 conc_peak=16 pread=9.322s
DBG getmany L81 nw=14 wall=0.723s thr(out)1 thr(in)16 conc_peak=14 pread=9.505s
DBG getmany L82 nw=15 wall=0.707s thr(out)1 thr(in)16 conc_peak=15 pread=9.480s
DBG getmany L83 nw=13 wall=0.693s thr(out)1 thr(in)16 conc_peak=13 pread=7.733s
DBG getmany L84 nw=10 wall=0.657s thr(out)1 thr(in)16 conc_peak=10 pread=4.827s
DBG getmany L85 nw=13 wall=0.696s thr(out)1 thr(in)16 conc_peak=13 pread=7.532s
DBG getmany L86 nw=14 wall=0.511s thr(out)1 thr(in)16 conc_peak=14 pread=6.064s
DBG getmany L87 nw=13 wall=0.691s thr(out)1 thr(in)16 conc_peak=13 pread=8.410s
DBG getmany L88 nw=12 wall=0.653s thr(out)1 thr(in)16 conc_peak=12 pread=6.800s
DBG getmany L89 nw=14 wall=0.759s thr(out)1 thr(in)16 conc_peak=14 pread=9.656s
DBG getmany L90 nw=13 wall=0.526s thr(out)1 thr(in)16 conc_peak=13 pread=6.237s
DBG getmany L91 nw=12 wall=0.511s thr(out)1 thr(in)16 conc_peak=12 pread=4.905s
DBG getmany L92 nw=13 wall=0.181s thr(out)1 thr(in)16 conc_peak=13 pread=1.344s
3      12         68.47        100.0      22.50      0.015
  L2   resident=6779/14589 slots hit=100.0% read=99.00GB write=0.00GB
DBG getmany L1 nw=13 wall=0.181s thr(out)1 thr(in)16 conc_peak=13 pread=1.325s
DBG getmany L2 nw=10 wall=0.145s thr(out)1 thr(in)16 conc_peak=10 pread=0.838s
DBG getmany L3 nw=10 wall=0.139s thr(out)1 thr(in)16 conc_peak=10 pread=0.814s
DBG getmany L4 nw=11 wall=0.153s thr(out)1 thr(in)16 conc_peak=11 pread=0.951s
DBG getmany L5 nw=11 wall=0.155s thr(out)1 thr(in)16 conc_peak=11 pread=0.998s
DBG getmany L6 nw=16 wall=0.223s thr(out)1 thr(in)16 conc_peak=16 pread=2.100s
DBG getmany L7 nw=15 wall=0.210s thr(out)1 thr(in)16 conc_peak=15 pread=1.866s
DBG getmany L8 nw=15 wall=0.214s thr(out)1 thr(in)16 conc_peak=15 pread=1.911s
DBG getmany L9 nw=11 wall=0.157s thr(out)1 thr(in)16 conc_peak=11 pread=0.976s
DBG getmany L10 nw=13 wall=0.182s thr(out)1 thr(in)16 conc_peak=13 pread=1.321s
DBG getmany L11 nw=10 wall=0.140s thr(out)1 thr(in)16 conc_peak=8 pread=0.804s
DBG getmany L12 nw=13 wall=0.185s thr(out)1 thr(in)16 conc_peak=13 pread=1.403s
DBG getmany L13 nw=13 wall=0.189s thr(out)1 thr(in)16 conc_peak=13 pread=1.432s
DBG getmany L14 nw=14 wall=0.197s thr(out)1 thr(in)16 conc_peak=14 pread=1.525s
DBG getmany L15 nw=11 wall=0.158s thr(out)1 thr(in)16 conc_peak=11 pread=1.005s
DBG getmany L16 nw=11 wall=0.153s thr(out)1 thr(in)16 conc_peak=11 pread=0.948s
DBG getmany L17 nw=12 wall=0.166s thr(out)1 thr(in)16 conc_peak=11 pread=1.152s
DBG getmany L18 nw=13 wall=0.179s thr(out)1 thr(in)16 conc_peak=13 pread=1.290s
DBG getmany L19 nw=10 wall=0.141s thr(out)1 thr(in)16 conc_peak=9 pread=0.804s
DBG getmany L20 nw=12 wall=0.172s thr(out)1 thr(in)16 conc_peak=12 pread=1.189s
DBG getmany L21 nw=13 wall=0.724s thr(out)1 thr(in)16 conc_peak=13 pread=8.785s
DBG getmany L22 nw=11 wall=0.499s thr(out)1 thr(in)16 conc_peak=11 pread=4.664s
DBG getmany L23 nw=11 wall=0.645s thr(out)1 thr(in)16 conc_peak=11 pread=6.286s
DBG getmany L24 nw=11 wall=0.734s thr(out)1 thr(in)16 conc_peak=11 pread=7.228s
DBG getmany L25 nw=15 wall=0.745s thr(out)1 thr(in)16 conc_peak=15 pread=9.271s
DBG getmany L26 nw=13 wall=0.521s thr(out)1 thr(in)16 conc_peak=13 pread=4.825s
DBG getmany L27 nw=15 wall=0.711s thr(out)1 thr(in)16 conc_peak=15 pread=9.290s
DBG getmany L28 nw=15 wall=0.693s thr(out)1 thr(in)16 conc_peak=15 pread=9.418s
DBG getmany L29 nw=13 wall=0.718s thr(out)1 thr(in)16 conc_peak=13 pread=8.229s
DBG getmany L30 nw=13 wall=0.523s thr(out)1 thr(in)16 conc_peak=13 pread=4.696s
DBG getmany L31 nw=14 wall=0.743s thr(out)1 thr(in)16 conc_peak=14 pread=10.046s
DBG getmany L32 nw=12 wall=0.679s thr(out)1 thr(in)16 conc_peak=12 pread=7.427s
DBG getmany L33 nw=12 wall=0.721s thr(out)1 thr(in)16 conc_peak=12 pread=7.250s
DBG getmany L34 nw=15 wall=0.553s thr(out)1 thr(in)16 conc_peak=15 pread=7.890s
DBG getmany L35 nw=13 wall=0.733s thr(out)1 thr(in)16 conc_peak=13 pread=8.699s
DBG getmany L36 nw=13 wall=0.675s thr(out)1 thr(in)16 conc_peak=13 pread=7.856s
DBG getmany L37 nw=13 wall=0.692s thr(out)1 thr(in)16 conc_peak=13 pread=7.489s
DBG getmany L38 nw=11 wall=0.496s thr(out)1 thr(in)16 conc_peak=11 pread=4.618s
DBG getmany L39 nw=12 wall=0.711s thr(out)1 thr(in)16 conc_peak=12 pread=6.751s
DBG getmany L40 nw=12 wall=0.704s thr(out)1 thr(in)16 conc_peak=12 pread=8.103s
DBG getmany L41 nw=11 wall=0.664s thr(out)1 thr(in)16 conc_peak=11 pread=6.462s
DBG getmany L42 nw=7 wall=0.448s thr(out)1 thr(in)16 conc_peak=7 pread=2.650s
DBG getmany L43 nw=12 wall=0.750s thr(out)1 thr(in)16 conc_peak=12 pread=7.849s
DBG getmany L44 nw=13 wall=0.523s thr(out)1 thr(in)16 conc_peak=13 pread=4.579s
DBG getmany L45 nw=9 wall=0.660s thr(out)1 thr(in)16 conc_peak=9 pread=5.125s
DBG getmany L46 nw=10 wall=0.498s thr(out)1 thr(in)16 conc_peak=10 pread=4.292s
DBG getmany L47 nw=11 wall=0.637s thr(out)1 thr(in)16 conc_peak=11 pread=4.261s
DBG getmany L48 nw=11 wall=0.662s thr(out)1 thr(in)16 conc_peak=10 pread=5.503s
DBG getmany L49 nw=14 wall=0.750s thr(out)1 thr(in)16 conc_peak=14 pread=10.030s
DBG getmany L50 nw=12 wall=0.508s thr(out)1 thr(in)16 conc_peak=12 pread=5.236s
DBG getmany L51 nw=11 wall=0.668s thr(out)1 thr(in)16 conc_peak=11 pread=5.953s
DBG getmany L52 nw=12 wall=0.665s thr(out)1 thr(in)16 conc_peak=12 pread=6.184s
DBG getmany L53 nw=11 wall=0.685s thr(out)1 thr(in)16 conc_peak=10 pread=5.660s
DBG getmany L54 nw=12 wall=0.480s thr(out)1 thr(in)16 conc_peak=12 pread=4.685s
DBG getmany L55 nw=11 wall=0.679s thr(out)1 thr(in)16 conc_peak=11 pread=5.528s
DBG getmany L56 nw=12 wall=0.681s thr(out)1 thr(in)16 conc_peak=12 pread=7.035s
DBG getmany L57 nw=15 wall=0.745s thr(out)1 thr(in)16 conc_peak=15 pread=8.151s
DBG getmany L58 nw=14 wall=0.548s thr(out)1 thr(in)16 conc_peak=14 pread=7.041s
DBG getmany L59 nw=13 wall=0.739s thr(out)1 thr(in)16 conc_peak=13 pread=8.185s
DBG getmany L60 nw=16 wall=0.766s thr(out)1 thr(in)16 conc_peak=16 pread=11.442s
DBG getmany L61 nw=15 wall=0.723s thr(out)1 thr(in)16 conc_peak=15 pread=7.602s
DBG getmany L62 nw=13 wall=0.506s thr(out)1 thr(in)16 conc_peak=13 pread=5.514s
DBG getmany L63 nw=15 wall=0.761s thr(out)1 thr(in)16 conc_peak=15 pread=10.870s
DBG getmany L64 nw=13 wall=0.712s thr(out)1 thr(in)16 conc_peak=13 pread=8.000s
DBG getmany L65 nw=15 wall=0.744s thr(out)1 thr(in)16 conc_peak=15 pread=9.990s
DBG getmany L66 nw=16 wall=0.559s thr(out)1 thr(in)16 conc_peak=16 pread=8.035s
DBG getmany L67 nw=12 wall=0.727s thr(out)1 thr(in)16 conc_peak=12 pread=7.530s
DBG getmany L68 nw=14 wall=0.726s thr(out)1 thr(in)16 conc_peak=14 pread=6.566s
DBG getmany L69 nw=14 wall=0.753s thr(out)1 thr(in)16 conc_peak=14 pread=8.640s
DBG getmany L70 nw=13 wall=0.517s thr(out)1 thr(in)16 conc_peak=13 pread=5.434s
DBG getmany L71 nw=14 wall=0.801s thr(out)1 thr(in)16 conc_peak=14 pread=8.445s
DBG getmany L72 nw=16 wall=0.782s thr(out)1 thr(in)16 conc_peak=16 pread=8.309s
DBG getmany L73 nw=16 wall=0.770s thr(out)1 thr(in)16 conc_peak=16 pread=9.936s
DBG getmany L74 nw=16 wall=0.569s thr(out)1 thr(in)16 conc_peak=16 pread=7.587s
DBG getmany L75 nw=15 wall=0.547s thr(out)1 thr(in)16 conc_peak=15 pread=6.524s
DBG getmany L76 nw=16 wall=0.728s thr(out)1 thr(in)16 conc_peak=16 pread=10.605s
DBG getmany L77 nw=14 wall=0.731s thr(out)1 thr(in)16 conc_peak=14 pread=8.910s
DBG getmany L78 nw=14 wall=0.559s thr(out)1 thr(in)16 conc_peak=11 pread=6.861s
DBG getmany L79 nw=15 wall=0.767s thr(out)1 thr(in)16 conc_peak=15 pread=7.596s
DBG getmany L80 nw=16 wall=0.737s thr(out)1 thr(in)16 conc_peak=16 pread=10.602s
DBG getmany L81 nw=15 wall=0.757s thr(out)1 thr(in)16 conc_peak=15 pread=10.634s
DBG getmany L82 nw=16 wall=0.619s thr(out)1 thr(in)16 conc_peak=16 pread=7.663s
DBG getmany L83 nw=14 wall=0.745s thr(out)1 thr(in)16 conc_peak=14 pread=8.812s
DBG getmany L84 nw=13 wall=0.706s thr(out)1 thr(in)16 conc_peak=12 pread=7.529s
DBG getmany L85 nw=15 wall=0.759s thr(out)1 thr(in)16 conc_peak=15 pread=9.211s
DBG getmany L86 nw=15 wall=0.562s thr(out)1 thr(in)16 conc_peak=15 pread=7.546s
DBG getmany L87 nw=14 wall=0.727s thr(out)1 thr(in)16 conc_peak=14 pread=8.629s
DBG getmany L88 nw=13 wall=0.725s thr(out)1 thr(in)16 conc_peak=13 pread=8.069s
DBG getmany L89 nw=10 wall=0.707s thr(out)1 thr(in)16 conc_peak=10 pread=5.937s
DBG getmany L90 nw=9 wall=0.484s thr(out)1 thr(in)16 conc_peak=8 pread=4.135s
DBG getmany L91 nw=9 wall=0.484s thr(out)1 thr(in)16 conc_peak=9 pread=4.091s
DBG getmany L92 nw=14 wall=0.227s thr(out)1 thr(in)16 conc_peak=14 pread=1.949s
4      2975       70.65        98.7       21.16      0.014
  L2   resident=6779/14589 slots hit=100.0% read=119.83GB write=0.00GB
DBG getmany L1 nw=13 wall=0.196s thr(out)1 thr(in)16 conc_peak=13 pread=1.473s
DBG getmany L2 nw=12 wall=0.182s thr(out)1 thr(in)16 conc_peak=12 pread=1.314s
DBG getmany L3 nw=11 wall=0.161s thr(out)1 thr(in)16 conc_peak=11 pread=1.028s
DBG getmany L4 nw=13 wall=0.209s thr(out)1 thr(in)16 conc_peak=11 pread=1.587s
DBG getmany L5 nw=12 wall=0.181s thr(out)1 thr(in)16 conc_peak=11 pread=1.264s
DBG getmany L6 nw=16 wall=0.245s thr(out)1 thr(in)16 conc_peak=16 pread=2.201s
DBG getmany L7 nw=15 wall=0.218s thr(out)1 thr(in)16 conc_peak=15 pread=1.864s
DBG getmany L8 nw=15 wall=0.222s thr(out)1 thr(in)16 conc_peak=15 pread=1.944s
DBG getmany L9 nw=12 wall=0.176s thr(out)1 thr(in)16 conc_peak=12 pread=1.300s
DBG getmany L10 nw=11 wall=0.153s thr(out)1 thr(in)16 conc_peak=11 pread=0.950s
DBG getmany L11 nw=12 wall=0.178s thr(out)1 thr(in)16 conc_peak=12 pread=1.190s
DBG getmany L12 nw=14 wall=0.208s thr(out)1 thr(in)16 conc_peak=14 pread=1.812s
DBG getmany L13 nw=13 wall=0.208s thr(out)1 thr(in)16 conc_peak=13 pread=1.542s
DBG getmany L14 nw=14 wall=0.216s thr(out)1 thr(in)16 conc_peak=14 pread=1.686s
DBG getmany L15 nw=12 wall=0.185s thr(out)1 thr(in)16 conc_peak=12 pread=1.270s
DBG getmany L16 nw=12 wall=0.181s thr(out)1 thr(in)16 conc_peak=12 pread=1.264s
DBG getmany L17 nw=14 wall=0.203s thr(out)1 thr(in)16 conc_peak=14 pread=1.591s
DBG getmany L18 nw=13 wall=0.190s thr(out)1 thr(in)16 conc_peak=13 pread=1.436s
DBG getmany L19 nw=13 wall=0.196s thr(out)1 thr(in)16 conc_peak=13 pread=1.471s
DBG getmany L20 nw=11 wall=0.159s thr(out)1 thr(in)16 conc_peak=11 pread=1.003s
DBG getmany L21 nw=14 wall=0.732s thr(out)1 thr(in)16 conc_peak=14 pread=7.071s
DBG getmany L22 nw=13 wall=0.532s thr(out)1 thr(in)16 conc_peak=13 pread=6.511s
DBG getmany L23 nw=13 wall=0.670s thr(out)1 thr(in)16 conc_peak=9 pread=8.116s
DBG getmany L24 nw=14 wall=0.791s thr(out)1 thr(in)16 conc_peak=14 pread=10.586s
DBG getmany L25 nw=16 wall=0.764s thr(out)1 thr(in)16 conc_peak=16 pread=11.432s
DBG getmany L26 nw=11 wall=0.507s thr(out)1 thr(in)16 conc_peak=11 pread=4.992s
DBG getmany L27 nw=15 wall=0.727s thr(out)1 thr(in)16 conc_peak=15 pread=7.335s
DBG getmany L28 nw=15 wall=0.688s thr(out)1 thr(in)16 conc_peak=15 pread=9.309s
DBG getmany L29 nw=14 wall=0.667s thr(out)1 thr(in)16 conc_peak=14 pread=7.810s
DBG getmany L30 nw=14 wall=0.548s thr(out)1 thr(in)16 conc_peak=14 pread=6.605s
DBG getmany L31 nw=14 wall=0.747s thr(out)1 thr(in)16 conc_peak=14 pread=9.310s
DBG getmany L32 nw=13 wall=4.385s thr(out)1 thr(in)16 conc_peak=13 pread=25.469s
DBG getmany L33 nw=9 wall=6.923s thr(out)1 thr(in)16 conc_peak=9 pread=53.618s
DBG getmany L34 nw=15 wall=0.576s thr(out)1 thr(in)16 conc_peak=15 pread=7.901s
DBG getmany L35 nw=15 wall=0.782s thr(out)1 thr(in)16 conc_peak=15 pread=9.415s
DBG getmany L36 nw=15 wall=0.756s thr(out)1 thr(in)16 conc_peak=15 pread=10.037s
DBG getmany L37 nw=14 wall=0.733s thr(out)1 thr(in)16 conc_peak=14 pread=8.800s
DBG getmany L38 nw=11 wall=0.485s thr(out)1 thr(in)16 conc_peak=11 pread=4.386s
DBG getmany L39 nw=12 wall=5.301s thr(out)1 thr(in)16 conc_peak=12 pread=54.249s
DBG getmany L40 nw=12 wall=6.697s thr(out)1 thr(in)16 conc_peak=12 pread=75.458s
DBG getmany L41 nw=12 wall=0.686s thr(out)1 thr(in)16 conc_peak=12 pread=6.000s
DBG getmany L42 nw=9 wall=0.468s thr(out)1 thr(in)16 conc_peak=9 pread=3.194s
DBG getmany L43 nw=11 wall=0.738s thr(out)1 thr(in)16 conc_peak=11 pread=6.402s
DBG getmany L44 nw=14 wall=0.731s thr(out)1 thr(in)16 conc_peak=14 pread=7.854s
DBG getmany L45 nw=11 wall=0.618s thr(out)1 thr(in)16 conc_peak=10 pread=5.195s
DBG getmany L46 nw=11 wall=0.485s thr(out)1 thr(in)16 conc_peak=11 pread=4.187s
DBG getmany L47 nw=13 wall=0.710s thr(out)1 thr(in)16 conc_peak=13 pread=7.756s
DBG getmany L48 nw=12 wall=0.686s thr(out)1 thr(in)16 conc_peak=12 pread=7.916s
DBG getmany L49 nw=15 wall=0.764s thr(out)1 thr(in)16 conc_peak=15 pread=9.309s
DBG getmany L50 nw=13 wall=0.539s thr(out)1 thr(in)16 conc_peak=13 pread=6.548s
DBG getmany L51 nw=13 wall=0.715s thr(out)1 thr(in)16 conc_peak=13 pread=8.273s
DBG getmany L52 nw=12 wall=0.676s thr(out)1 thr(in)16 conc_peak=12 pread=7.044s
DBG getmany L53 nw=13 wall=0.717s thr(out)1 thr(in)16 conc_peak=13 pread=6.780s
DBG getmany L54 nw=14 wall=0.550s thr(out)1 thr(in)16 conc_peak=14 pread=6.766s
DBG getmany L55 nw=13 wall=0.726s thr(out)1 thr(in)16 conc_peak=13 pread=7.145s
DBG getmany L56 nw=15 wall=0.747s thr(out)1 thr(in)16 conc_peak=15 pread=10.287s
DBG getmany L57 nw=15 wall=0.793s thr(out)1 thr(in)16 conc_peak=15 pread=10.523s
DBG getmany L58 nw=10 wall=0.487s thr(out)1 thr(in)16 conc_peak=9 pread=4.011s
DBG getmany L59 nw=10 wall=0.700s thr(out)1 thr(in)16 conc_peak=10 pread=5.241s
DBG getmany L60 nw=13 wall=0.740s thr(out)1 thr(in)16 conc_peak=13 pread=8.267s
DBG getmany L61 nw=14 wall=0.726s thr(out)1 thr(in)16 conc_peak=14 pread=9.545s
DBG getmany L62 nw=10 wall=0.423s thr(out)1 thr(in)16 conc_peak=10 pread=2.867s
DBG getmany L63 nw=14 wall=0.749s thr(out)1 thr(in)16 conc_peak=14 pread=7.342s
DBG getmany L64 nw=12 wall=0.714s thr(out)1 thr(in)16 conc_peak=12 pread=6.747s
DBG getmany L65 nw=13 wall=0.712s thr(out)1 thr(in)16 conc_peak=13 pread=5.911s
DBG getmany L66 nw=13 wall=0.532s thr(out)1 thr(in)16 conc_peak=13 pread=5.910s
DBG getmany L67 nw=14 wall=0.744s thr(out)1 thr(in)16 conc_peak=14 pread=8.180s
DBG getmany L68 nw=15 wall=0.731s thr(out)1 thr(in)16 conc_peak=15 pread=9.562s
DBG getmany L69 nw=10 wall=0.690s thr(out)1 thr(in)16 conc_peak=10 pread=4.267s
DBG getmany L70 nw=8 wall=0.452s thr(out)1 thr(in)16 conc_peak=8 pread=3.013s
DBG getmany L71 nw=13 wall=0.781s thr(out)1 thr(in)16 conc_peak=13 pread=7.922s
DBG getmany L72 nw=12 wall=0.571s thr(out)1 thr(in)16 conc_peak=12 pread=4.851s
DBG getmany L73 nw=12 wall=0.597s thr(out)1 thr(in)16 conc_peak=12 pread=5.140s
DBG getmany L74 nw=9 wall=0.464s thr(out)1 thr(in)16 conc_peak=9 pread=3.583s
DBG getmany L75 nw=8 wall=0.486s thr(out)1 thr(in)16 conc_peak=8 pread=2.799s
DBG getmany L76 nw=13 wall=0.579s thr(out)1 thr(in)16 conc_peak=13 pread=5.566s
DBG getmany L77 nw=9 wall=0.674s thr(out)1 thr(in)16 conc_peak=8 pread=5.014s
DBG getmany L78 nw=10 wall=0.440s thr(out)1 thr(in)16 conc_peak=10 pread=3.532s
DBG getmany L79 nw=9 wall=0.666s thr(out)1 thr(in)16 conc_peak=9 pread=4.634s
DBG getmany L80 nw=13 wall=0.697s thr(out)1 thr(in)16 conc_peak=13 pread=8.260s
DBG getmany L81 nw=14 wall=0.755s thr(out)1 thr(in)16 conc_peak=14 pread=6.617s
DBG getmany L82 nw=13 wall=0.546s thr(out)1 thr(in)16 conc_peak=13 pread=5.323s
DBG getmany L83 nw=12 wall=0.692s thr(out)1 thr(in)16 conc_peak=12 pread=7.348s
DBG getmany L84 nw=13 wall=0.716s thr(out)1 thr(in)16 conc_peak=10 pread=8.552s
DBG getmany L85 nw=13 wall=0.738s thr(out)1 thr(in)16 conc_peak=13 pread=6.555s
DBG getmany L86 nw=12 wall=0.526s thr(out)1 thr(in)16 conc_peak=12 pread=5.578s
DBG getmany L87 nw=9 wall=0.657s thr(out)1 thr(in)16 conc_peak=9 pread=4.728s
DBG getmany L88 nw=13 wall=0.712s thr(out)1 thr(in)16 conc_peak=13 pread=8.251s
DBG getmany L89 nw=10 wall=0.679s thr(out)1 thr(in)16 conc_peak=10 pread=5.066s
DBG getmany L90 nw=10 wall=0.485s thr(out)1 thr(in)16 conc_peak=10 pread=4.347s
DBG getmany L91 nw=9 wall=0.488s thr(out)1 thr(in)16 conc_peak=8 pread=2.869s
DBG getmany L92 nw=12 wall=0.172s thr(out)1 thr(in)16 conc_peak=12 pread=1.185s
5      15         88.62        100.0      20.13      0.011
  L2   resident=6779/14589 slots hit=100.0% read=139.96GB write=0.00GB
DBG getmany L1 nw=14 wall=0.202s thr(out)1 thr(in)16 conc_peak=14 pread=1.652s
DBG getmany L2 nw=12 wall=0.181s thr(out)1 thr(in)16 conc_peak=12 pread=1.256s
DBG getmany L3 nw=10 wall=0.147s thr(out)1 thr(in)16 conc_peak=10 pread=0.866s
DBG getmany L4 nw=12 wall=0.183s thr(out)1 thr(in)16 conc_peak=12 pread=1.332s
DBG getmany L5 nw=7 wall=0.109s thr(out)1 thr(in)16 conc_peak=7 pread=0.461s
DBG getmany L6 nw=15 wall=0.215s thr(out)1 thr(in)16 conc_peak=15 pread=1.937s
DBG getmany L7 nw=14 wall=0.202s thr(out)1 thr(in)16 conc_peak=14 pread=1.581s
DBG getmany L8 nw=14 wall=0.205s thr(out)1 thr(in)16 conc_peak=14 pread=1.754s
DBG getmany L9 nw=12 wall=0.181s thr(out)1 thr(in)16 conc_peak=12 pread=1.279s
DBG getmany L10 nw=10 wall=0.145s thr(out)1 thr(in)16 conc_peak=10 pread=0.828s
DBG getmany L11 nw=12 wall=0.175s thr(out)1 thr(in)16 conc_peak=12 pread=1.247s
DBG getmany L12 nw=13 wall=0.194s thr(out)1 thr(in)16 conc_peak=12 pread=1.375s
DBG getmany L13 nw=13 wall=0.194s thr(out)1 thr(in)16 conc_peak=13 pread=1.603s
DBG getmany L14 nw=16 wall=0.237s thr(out)1 thr(in)16 conc_peak=16 pread=2.204s
DBG getmany L15 nw=14 wall=0.206s thr(out)1 thr(in)16 conc_peak=14 pread=1.715s
DBG getmany L16 nw=11 wall=0.163s thr(out)1 thr(in)16 conc_peak=11 pread=1.056s
DBG getmany L17 nw=13 wall=0.188s thr(out)1 thr(in)16 conc_peak=12 pread=1.411s
DBG getmany L18 nw=12 wall=0.176s thr(out)1 thr(in)16 conc_peak=12 pread=1.264s
DBG getmany L19 nw=14 wall=0.207s thr(out)1 thr(in)16 conc_peak=14 pread=1.617s
DBG getmany L20 nw=10 wall=0.150s thr(out)1 thr(in)16 conc_peak=10 pread=0.851s
DBG getmany L21 nw=13 wall=0.716s thr(out)1 thr(in)16 conc_peak=13 pread=8.250s
DBG getmany L22 nw=10 wall=0.499s thr(out)1 thr(in)16 conc_peak=10 pread=3.980s
DBG getmany L23 nw=12 wall=0.665s thr(out)1 thr(in)16 conc_peak=12 pread=6.071s
DBG getmany L24 nw=15 wall=0.801s thr(out)1 thr(in)16 conc_peak=15 pread=10.917s
DBG getmany L25 nw=13 wall=0.725s thr(out)1 thr(in)16 conc_peak=13 pread=8.716s
DBG getmany L26 nw=13 wall=0.516s thr(out)1 thr(in)16 conc_peak=13 pread=6.104s
DBG getmany L27 nw=15 wall=0.707s thr(out)1 thr(in)16 conc_peak=15 pread=8.144s
DBG getmany L28 nw=14 wall=0.667s thr(out)1 thr(in)16 conc_peak=14 pread=7.366s
DBG getmany L29 nw=14 wall=0.737s thr(out)1 thr(in)16 conc_peak=14 pread=9.274s
DBG getmany L30 nw=11 wall=0.500s thr(out)1 thr(in)16 conc_peak=11 pread=4.519s
DBG getmany L31 nw=13 wall=0.729s thr(out)1 thr(in)16 conc_peak=13 pread=7.644s
DBG getmany L32 nw=11 wall=0.707s thr(out)1 thr(in)16 conc_peak=11 pread=6.862s
DBG getmany L33 nw=14 wall=0.774s thr(out)1 thr(in)16 conc_peak=14 pread=7.907s
DBG getmany L34 nw=14 wall=0.542s thr(out)1 thr(in)16 conc_peak=14 pread=7.173s
DBG getmany L35 nw=11 wall=0.679s thr(out)1 thr(in)16 conc_peak=11 pread=4.558s
DBG getmany L36 nw=14 wall=0.707s thr(out)1 thr(in)16 conc_peak=14 pread=7.453s
DBG getmany L37 nw=14 wall=0.720s thr(out)1 thr(in)16 conc_peak=14 pread=8.680s
DBG getmany L38 nw=11 wall=0.474s thr(out)1 thr(in)16 conc_peak=11 pread=4.845s
DBG getmany L39 nw=14 wall=0.746s thr(out)1 thr(in)16 conc_peak=14 pread=9.996s
DBG getmany L40 nw=13 wall=0.717s thr(out)1 thr(in)16 conc_peak=13 pread=8.167s
DBG getmany L41 nw=9 wall=0.453s thr(out)1 thr(in)16 conc_peak=9 pread=3.273s
DBG getmany L42 nw=8 wall=0.462s thr(out)1 thr(in)16 conc_peak=8 pread=3.483s
DBG getmany L43 nw=9 wall=0.713s thr(out)1 thr(in)16 conc_peak=9 pread=5.548s
DBG getmany L44 nw=12 wall=0.724s thr(out)1 thr(in)16 conc_peak=12 pread=7.309s
DBG getmany L45 nw=10 wall=0.683s thr(out)1 thr(in)16 conc_peak=10 pread=5.048s
DBG getmany L46 nw=10 wall=0.487s thr(out)1 thr(in)16 conc_peak=10 pread=3.808s
DBG getmany L47 nw=11 wall=0.685s thr(out)1 thr(in)16 conc_peak=11 pread=6.557s
DBG getmany L48 nw=13 wall=0.652s thr(out)1 thr(in)16 conc_peak=13 pread=6.178s
DBG getmany L49 nw=15 wall=0.770s thr(out)1 thr(in)16 conc_peak=15 pread=10.934s
DBG getmany L50 nw=12 wall=0.425s thr(out)1 thr(in)16 conc_peak=12 pread=4.069s
DBG getmany L51 nw=11 wall=0.683s thr(out)1 thr(in)16 conc_peak=11 pread=5.331s
DBG getmany L52 nw=13 wall=0.696s thr(out)1 thr(in)16 conc_peak=13 pread=7.319s
DBG getmany L53 nw=12 wall=0.706s thr(out)1 thr(in)16 conc_peak=6 pread=6.849s
DBG getmany L54 nw=12 wall=0.491s thr(out)1 thr(in)16 conc_peak=12 pread=5.073s
DBG getmany L55 nw=12 wall=0.705s thr(out)1 thr(in)16 conc_peak=12 pread=7.829s
DBG getmany L56 nw=11 wall=0.690s thr(out)1 thr(in)16 conc_peak=11 pread=6.462s
DBG getmany L57 nw=14 wall=0.598s thr(out)1 thr(in)16 conc_peak=14 pread=5.906s
DBG getmany L58 nw=10 wall=0.500s thr(out)1 thr(in)16 conc_peak=10 pread=4.466s
DBG getmany L59 nw=9 wall=0.682s thr(out)1 thr(in)16 conc_peak=9 pread=5.477s
DBG getmany L60 nw=12 wall=0.725s thr(out)1 thr(in)16 conc_peak=12 pread=7.658s
DBG getmany L61 nw=12 wall=0.582s thr(out)1 thr(in)16 conc_peak=12 pread=4.508s
DBG getmany L62 nw=13 wall=0.512s thr(out)1 thr(in)16 conc_peak=13 pread=6.034s
DBG getmany L63 nw=12 wall=0.636s thr(out)1 thr(in)16 conc_peak=12 pread=6.303s
DBG getmany L64 nw=12 wall=0.689s thr(out)1 thr(in)16 conc_peak=12 pread=7.243s
DBG getmany L65 nw=11 wall=0.688s thr(out)1 thr(in)16 conc_peak=9 pread=4.158s
DBG getmany L66 nw=10 wall=0.497s thr(out)1 thr(in)16 conc_peak=10 pread=4.713s
DBG getmany L67 nw=13 wall=0.745s thr(out)1 thr(in)16 conc_peak=13 pread=8.079s
DBG getmany L68 nw=12 wall=0.677s thr(out)1 thr(in)16 conc_peak=12 pread=7.391s
DBG getmany L69 nw=12 wall=0.703s thr(out)1 thr(in)16 conc_peak=12 pread=6.869s
DBG getmany L70 nw=10 wall=0.468s thr(out)1 thr(in)16 conc_peak=10 pread=4.031s
DBG getmany L71 nw=10 wall=0.730s thr(out)1 thr(in)16 conc_peak=10 pread=6.835s
DBG getmany L72 nw=11 wall=0.709s thr(out)1 thr(in)16 conc_peak=11 pread=6.292s
DBG getmany L73 nw=13 wall=0.699s thr(out)1 thr(in)16 conc_peak=12 pread=5.852s
DBG getmany L74 nw=7 wall=0.435s thr(out)1 thr(in)16 conc_peak=7 pread=2.618s
DBG getmany L75 nw=8 wall=0.651s thr(out)1 thr(in)16 conc_peak=8 pread=5.032s
DBG getmany L76 nw=10 wall=0.618s thr(out)1 thr(in)16 conc_peak=10 pread=4.969s
DBG getmany L77 nw=9 wall=0.665s thr(out)1 thr(in)16 conc_peak=9 pread=4.131s
DBG getmany L78 nw=11 wall=0.496s thr(out)1 thr(in)16 conc_peak=11 pread=4.150s
DBG getmany L79 nw=9 wall=0.672s thr(out)1 thr(in)16 conc_peak=9 pread=4.184s
DBG getmany L80 nw=10 wall=0.617s thr(out)1 thr(in)16 conc_peak=10 pread=4.960s
DBG getmany L81 nw=13 wall=0.737s thr(out)1 thr(in)16 conc_peak=13 pread=6.962s
DBG getmany L82 nw=11 wall=0.509s thr(out)1 thr(in)16 conc_peak=11 pread=5.070s
DBG getmany L83 nw=11 wall=0.711s thr(out)1 thr(in)16 conc_peak=11 pread=6.458s
DBG getmany L84 nw=12 wall=0.660s thr(out)1 thr(in)16 conc_peak=12 pread=5.507s
DBG getmany L85 nw=10 wall=0.662s thr(out)1 thr(in)16 conc_peak=10 pread=5.976s
DBG getmany L86 nw=11 wall=0.495s thr(out)1 thr(in)16 conc_peak=11 pread=4.287s
DBG getmany L87 nw=9 wall=0.639s thr(out)1 thr(in)16 conc_peak=9 pread=4.816s
DBG getmany L88 nw=11 wall=0.661s thr(out)1 thr(in)16 conc_peak=11 pread=6.429s
DBG getmany L89 nw=7 wall=0.668s thr(out)1 thr(in)16 conc_peak=7 pread=4.003s
DBG getmany L90 nw=8 wall=0.457s thr(out)1 thr(in)16 conc_peak=8 pread=2.895s
DBG getmany L91 nw=8 wall=0.467s thr(out)1 thr(in)16 conc_peak=8 pread=3.299s
DBG getmany L92 nw=11 wall=0.160s thr(out)1 thr(in)16 conc_peak=10 pread=1.042s
6      3629       66.09        99.9       18.79      0.015
  L2   resident=6779/14589 slots hit=100.0% read=158.70GB write=0.00GB
DBG getmany L1 nw=15 wall=0.215s thr(out)1 thr(in)16 conc_peak=15 pread=1.802s
DBG getmany L2 nw=14 wall=0.208s thr(out)1 thr(in)16 conc_peak=14 pread=1.742s
DBG getmany L3 nw=10 wall=0.146s thr(out)1 thr(in)16 conc_peak=10 pread=0.821s
DBG getmany L4 nw=14 wall=0.202s thr(out)1 thr(in)16 conc_peak=14 pread=1.734s
DBG getmany L5 nw=13 wall=0.190s thr(out)1 thr(in)16 conc_peak=13 pread=1.434s
DBG getmany L6 nw=15 wall=0.219s thr(out)1 thr(in)16 conc_peak=15 pread=1.863s
DBG getmany L7 nw=15 wall=0.217s thr(out)1 thr(in)16 conc_peak=15 pread=1.902s
DBG getmany L8 nw=15 wall=0.218s thr(out)1 thr(in)16 conc_peak=15 pread=1.827s
DBG getmany L9 nw=15 wall=0.214s thr(out)1 thr(in)16 conc_peak=15 pread=1.760s
DBG getmany L10 nw=12 wall=0.167s thr(out)1 thr(in)16 conc_peak=12 pread=1.129s
DBG getmany L11 nw=13 wall=0.187s thr(out)1 thr(in)16 conc_peak=13 pread=1.414s
DBG getmany L12 nw=13 wall=0.184s thr(out)1 thr(in)16 conc_peak=13 pread=1.348s
DBG getmany L13 nw=15 wall=0.222s thr(out)1 thr(in)16 conc_peak=15 pread=1.937s
DBG getmany L14 nw=16 wall=0.236s thr(out)1 thr(in)16 conc_peak=16 pread=2.193s
DBG getmany L15 nw=15 wall=0.218s thr(out)1 thr(in)16 conc_peak=15 pread=1.968s
DBG getmany L16 nw=14 wall=0.203s thr(out)1 thr(in)16 conc_peak=14 pread=1.726s
DBG getmany L17 nw=13 wall=0.190s thr(out)1 thr(in)16 conc_peak=13 pread=1.452s
DBG getmany L18 nw=11 wall=0.165s thr(out)1 thr(in)16 conc_peak=10 pread=1.042s
DBG getmany L19 nw=15 wall=0.217s thr(out)1 thr(in)16 conc_peak=15 pread=1.841s
DBG getmany L20 nw=12 wall=0.172s thr(out)1 thr(in)16 conc_peak=12 pread=1.258s
DBG getmany L21 nw=14 wall=0.608s thr(out)1 thr(in)16 conc_peak=14 pread=6.195s
DBG getmany L22 nw=14 wall=0.550s thr(out)1 thr(in)16 conc_peak=14 pread=6.767s
DBG getmany L23 nw=14 wall=0.696s thr(out)1 thr(in)16 conc_peak=14 pread=8.289s
DBG getmany L24 nw=15 wall=0.798s thr(out)1 thr(in)16 conc_peak=15 pread=9.446s
DBG getmany L25 nw=13 wall=0.547s thr(out)1 thr(in)16 conc_peak=13 pread=5.374s
DBG getmany L26 nw=14 wall=0.538s thr(out)1 thr(in)16 conc_peak=14 pread=6.612s
DBG getmany L27 nw=16 wall=0.726s thr(out)1 thr(in)16 conc_peak=16 pread=9.071s
DBG getmany L28 nw=15 wall=0.688s thr(out)1 thr(in)16 conc_peak=15 pread=8.502s
DBG getmany L29 nw=13 wall=0.706s thr(out)1 thr(in)16 conc_peak=10 pread=7.452s
DBG getmany L30 nw=12 wall=0.479s thr(out)1 thr(in)16 conc_peak=12 pread=4.304s
DBG getmany L31 nw=15 wall=0.759s thr(out)1 thr(in)16 conc_peak=15 pread=8.527s
DBG getmany L32 nw=12 wall=0.715s thr(out)1 thr(in)16 conc_peak=11 pread=7.250s
DBG getmany L33 nw=14 wall=0.765s thr(out)1 thr(in)16 conc_peak=14 pread=9.358s
DBG getmany L34 nw=13 wall=0.541s thr(out)1 thr(in)16 conc_peak=13 pread=6.350s
DBG getmany L35 nw=13 wall=0.750s thr(out)1 thr(in)16 conc_peak=13 pread=9.202s
DBG getmany L36 nw=13 wall=2.849s thr(out)1 thr(in)16 conc_peak=13 pread=15.695s
DBG getmany L37 nw=14 wall=10.663s thr(out)1 thr(in)16 conc_peak=14 pread=89.514s
DBG getmany L38 nw=12 wall=0.514s thr(out)1 thr(in)16 conc_peak=12 pread=5.558s
DBG getmany L39 nw=13 wall=0.738s thr(out)1 thr(in)16 conc_peak=13 pread=8.845s
DBG getmany L40 nw=13 wall=0.747s thr(out)1 thr(in)16 conc_peak=13 pread=8.835s
DBG getmany L41 nw=11 wall=0.694s thr(out)1 thr(in)16 conc_peak=11 pread=5.996s
DBG getmany L42 nw=9 wall=0.479s thr(out)1 thr(in)16 conc_peak=9 pread=3.920s
DBG getmany L43 nw=10 wall=0.724s thr(out)1 thr(in)16 conc_peak=10 pread=6.583s
DBG getmany L44 nw=13 wall=0.754s thr(out)1 thr(in)16 conc_peak=12 pread=8.540s
DBG getmany L45 nw=14 wall=0.752s thr(out)1 thr(in)16 conc_peak=14 pread=6.682s
DBG getmany L46 nw=13 wall=0.539s thr(out)1 thr(in)16 conc_peak=13 pread=6.155s
DBG getmany L47 nw=13 wall=0.735s thr(out)1 thr(in)16 conc_peak=13 pread=8.197s
DBG getmany L48 nw=12 wall=0.713s thr(out)1 thr(in)16 conc_peak=12 pread=4.914s
DBG getmany L49 nw=15 wall=0.794s thr(out)1 thr(in)16 conc_peak=15 pread=10.021s
DBG getmany L50 nw=14 wall=0.555s thr(out)1 thr(in)16 conc_peak=14 pread=7.052s
DBG getmany L51 nw=12 wall=0.722s thr(out)1 thr(in)16 conc_peak=12 pread=7.048s
DBG getmany L52 nw=12 wall=0.685s thr(out)1 thr(in)16 conc_peak=12 pread=6.901s
DBG getmany L53 nw=13 wall=0.727s thr(out)1 thr(in)16 conc_peak=13 pread=8.952s
DBG getmany L54 nw=12 wall=0.522s thr(out)1 thr(in)16 conc_peak=10 pread=5.562s
DBG getmany L55 nw=15 wall=0.759s thr(out)1 thr(in)16 conc_peak=15 pread=9.577s
DBG getmany L56 nw=13 wall=0.734s thr(out)1 thr(in)16 conc_peak=11 pread=8.353s
DBG getmany L57 nw=16 wall=0.795s thr(out)1 thr(in)16 conc_peak=16 pread=11.101s
DBG getmany L58 nw=11 wall=0.524s thr(out)1 thr(in)16 conc_peak=11 pread=5.198s
DBG getmany L59 nw=11 wall=0.735s thr(out)1 thr(in)16 conc_peak=11 pread=6.114s
DBG getmany L60 nw=13 wall=0.723s thr(out)1 thr(in)16 conc_peak=13 pread=7.363s
DBG getmany L61 nw=15 wall=0.745s thr(out)1 thr(in)16 conc_peak=15 pread=7.608s
DBG getmany L62 nw=12 wall=0.513s thr(out)1 thr(in)16 conc_peak=12 pread=5.222s
DBG getmany L63 nw=13 wall=0.730s thr(out)1 thr(in)16 conc_peak=13 pread=8.865s
DBG getmany L64 nw=13 wall=0.743s thr(out)1 thr(in)16 conc_peak=13 pread=9.046s
DBG getmany L65 nw=13 wall=0.736s thr(out)1 thr(in)16 conc_peak=13 pread=9.076s
DBG getmany L66 nw=13 wall=0.485s thr(out)1 thr(in)16 conc_peak=13 pread=4.834s
DBG getmany L67 nw=13 wall=0.733s thr(out)1 thr(in)16 conc_peak=13 pread=8.665s
DBG getmany L68 nw=15 wall=0.744s thr(out)1 thr(in)16 conc_peak=15 pread=10.349s
DBG getmany L69 nw=13 wall=0.730s thr(out)1 thr(in)16 conc_peak=13 pread=8.782s
DBG getmany L70 nw=12 wall=0.524s thr(out)1 thr(in)16 conc_peak=12 pread=5.554s
DBG getmany L71 nw=13 wall=0.790s thr(out)1 thr(in)16 conc_peak=12 pread=9.151s
DBG getmany L72 nw=12 wall=0.742s thr(out)1 thr(in)16 conc_peak=12 pread=7.461s
DBG getmany L73 nw=14 wall=0.755s thr(out)1 thr(in)16 conc_peak=13 pread=9.319s
DBG getmany L74 nw=9 wall=0.483s thr(out)1 thr(in)16 conc_peak=9 pread=3.334s
DBG getmany L75 nw=11 wall=0.707s thr(out)1 thr(in)16 conc_peak=11 pread=6.789s
DBG getmany L76 nw=11 wall=0.677s thr(out)1 thr(in)16 conc_peak=11 pread=6.009s
DBG getmany L77 nw=12 wall=0.699s thr(out)1 thr(in)16 conc_peak=11 pread=7.378s
DBG getmany L78 nw=12 wall=0.517s thr(out)1 thr(in)16 conc_peak=12 pread=4.802s
DBG getmany L79 nw=10 wall=0.686s thr(out)1 thr(in)16 conc_peak=10 pread=5.301s
DBG getmany L80 nw=14 wall=0.695s thr(out)1 thr(in)16 conc_peak=14 pread=8.545s
DBG getmany L81 nw=15 wall=0.768s thr(out)1 thr(in)16 conc_peak=15 pread=8.650s
DBG getmany L82 nw=13 wall=0.539s thr(out)1 thr(in)16 conc_peak=13 pread=4.952s
DBG getmany L83 nw=11 wall=0.720s thr(out)1 thr(in)16 conc_peak=11 pread=6.574s
DBG getmany L84 nw=15 wall=0.754s thr(out)1 thr(in)16 conc_peak=15 pread=10.474s
DBG getmany L85 nw=13 wall=0.725s thr(out)1 thr(in)16 conc_peak=13 pread=7.448s
DBG getmany L86 nw=13 wall=0.527s thr(out)1 thr(in)16 conc_peak=13 pread=5.896s
DBG getmany L87 nw=11 wall=0.691s thr(out)1 thr(in)16 conc_peak=11 pread=6.955s
DBG getmany L88 nw=13 wall=0.749s thr(out)1 thr(in)16 conc_peak=13 pread=8.124s
DBG getmany L89 nw=9 wall=0.695s thr(out)1 thr(in)16 conc_peak=9 pread=5.638s
DBG getmany L90 nw=11 wall=0.501s thr(out)1 thr(in)16 conc_peak=9 pread=4.770s
DBG getmany L91 nw=11 wall=0.513s thr(out)1 thr(in)16 conc_peak=11 pread=4.623s
DBG getmany L92 nw=14 wall=0.210s thr(out)1 thr(in)16 conc_peak=14 pread=1.806s
7      1389       80.59        100.0      21.02      0.012
  L2   resident=6779/14589 slots hit=100.0% read=179.72GB write=0.00GB
[trace] wrote 2224 events to /mnt/f/kimi-k3-in-c/reports/gateab_ab/v26_nw32-20260928_124031/trace.csv
--------------------------------------------------------------------
8 tokens in 602.1 s, 75.26 s/token average
PEAK RSS for the whole run: 37.17 GB   <- quote this, not the plan
layers completed: 93/93; routed expert drops: 0


[chip] simulated MXFP4 GEMV bill over 9 tokens
  11776 expert chains | 777925951488 flops | 206636580864 bytes (206.64 GB)
  per token: 1308 chains | 22.96 GB | 0.09 Gflops
  compute wall @ 4 TFLOPS : 0.19 s (21.61 ms/token)
  bandwidth wall @ 200 GB/s : 1.03 s (114.80 ms/token)
  -> bandwidth-bound; to be compute-bound at 4 TFLOPS this needs 1062 GB/s
  expert fetch (host wall, measured): 452.07 s moving 206.64 GB = 0 GB/s
  chip pool wall (measured): 61.14 s

cache [final step]
  slots        : 854 of 17.56 MB = 14.99 GB arena (854 resident, 0 pinned)
  requests     : 1472  hits 1472 (100.00%)  misses 0  evictions 1198
  of those hits : 1198 came from the batch prefetch, i.e. read from disk
                  this token; TRUE resident hit rate 18.61%
  read from disk: 21.02 GB in 63.86 s (329 MB/s while loading)
  phase2 i/o    : 21.03 GB in 63.86 s (329 MB/s)  [pure parallel disk read]
l2cache [final step]
  requests     : 10242  hits 10242 (100.00%)  misses 0
  read  from sdd7: 179.72 GB, written 0.00 GB
  hit I/O   : 179.72 GB in 446.54 s (wall) = 402 MB/s [pread 4982.11 s, 36 MB/s per-thread]
  miss I/O  : 0 misses, 0.00 GB from /model in 0.00 s (wall) = 0 MB/s
  restored from meta: 6779 slots

wrote /mnt/f/kimi-k3-in-c/reports/gateab_ab/v26_nw32-20260928_124031/ctrl.json
I/O share of wall clock: 148.4%  (trunk 443.1 s + experts 450.2 s of 602.1 s)
  both figures are WHOLE-RUN totals over 8 steps
  over 100% because trunk reads overlap compute on the reader thread;
  291.2 s of device time was hidden behind arithmetic
  experts, whole run: 180.11 GB read | 2366 of 11776 requests retained in RAM (20.09%) | 9410 evictions
    (retention = requests - evictions; the raw `hits` counter includes
     experts the prefetcher had just read from disk, so it is not a
     measure of avoided I/O)

trunk [final]
  pinned 22/93 layers, ring 2 slots
  binds 744, hits 154 (20.7%), reads 590
  read 349.03 GB in 443.05 s (788 MB/s pread)
  per-layer loads [L]=count: 0=1 1=1 2=1 3=1 4=1 5=1 6=1 7=1 8=1 9=1 10=1 11=1 12=1 13=1 14=1 15=1 16=1 17=1 18=1 19=1 20=1 21=1 22=8 23=8 24=8 25=8 26=8 27=8 28=8 29=8 30=8 31=8 32=8 33=8 34=8 35=8 36=8 37=8 38=8 39=8 40=8 41=8 42=8 43=8 44=8 45=8 46=8 47=8 48=8 49=8 50=8 51=8 52=8 53=8 54=8 55=8 56=8 57=8 58=8 59=8 60=8 61=8 62=8 63=8 64=8 65=8 66=8 67=8 68=8 69=8 70=8 71=8 72=8 73=8 74=8 75=8 76=8 77=8 78=8 79=8 80=8 81=8 82=8 83=8 84=8 85=8 86=8 87=8 88=8 89=8 90=8 91=8 92=8
  bind wall 20.86 s over 744 binds; read 443.05 + widen 3.16 = 446.21 s of device work,
                    of which 425.35 s (95%) overlapped compute on the reader thread
  widen breakdown: find 9 ms (19640)  copy 0 ms (9184)  deq 3134 ms (6320)  timed 3 s of widen 3.16 s
TIME_ELAPSED=621.92
