L2 auto: 228 GB free on /mnt/nvme -> L2 at 114 GB
k3 chip: 4 workers, 4 TFLOPS, 200 GB/s simulated wall
DBG getmany L1 nw=16 wall=0.289s thr(out)1 thr(in)16 conc_peak=16 pread=2.108s
DBG getmany L2 nw=16 wall=0.328s thr(out)1 thr(in)16 conc_peak=16 pread=4.148s
DBG getmany L3 nw=16 wall=0.456s thr(out)1 thr(in)16 conc_peak=16 pread=5.420s
DBG getmany L4 nw=16 wall=0.427s thr(out)1 thr(in)16 conc_peak=16 pread=5.507s
DBG getmany L5 nw=16 wall=0.431s thr(out)1 thr(in)16 conc_peak=16 pread=5.692s
DBG getmany L6 nw=16 wall=0.335s thr(out)1 thr(in)16 conc_peak=16 pread=4.636s
DBG getmany L7 nw=16 wall=0.478s thr(out)1 thr(in)16 conc_peak=16 pread=5.729s
DBG getmany L8 nw=16 wall=0.441s thr(out)1 thr(in)16 conc_peak=16 pread=6.149s
DBG getmany L9 nw=16 wall=0.421s thr(out)1 thr(in)16 conc_peak=16 pread=5.098s
DBG getmany L10 nw=16 wall=0.330s thr(out)1 thr(in)16 conc_peak=16 pread=4.399s
DBG getmany L11 nw=16 wall=0.469s thr(out)1 thr(in)16 conc_peak=16 pread=6.573s
DBG getmany L12 nw=16 wall=0.434s thr(out)1 thr(in)16 conc_peak=16 pread=4.670s
DBG getmany L13 nw=16 wall=0.460s thr(out)1 thr(in)16 conc_peak=16 pread=5.018s
DBG getmany L14 nw=16 wall=4.164s thr(out)1 thr(in)16 conc_peak=16 pread=62.253s
DBG getmany L15 nw=16 wall=4.099s thr(out)1 thr(in)16 conc_peak=16 pread=62.757s
DBG getmany L16 nw=16 wall=4.305s thr(out)1 thr(in)16 conc_peak=16 pread=65.234s
DBG getmany L17 nw=16 wall=4.529s thr(out)1 thr(in)16 conc_peak=16 pread=68.114s
DBG getmany L18 nw=16 wall=9.555s thr(out)1 thr(in)16 conc_peak=16 pread=138.029s
DBG getmany L19 nw=16 wall=0.564s thr(out)1 thr(in)16 conc_peak=16 pread=7.053s
DBG getmany L20 nw=16 wall=1.854s thr(out)1 thr(in)16 conc_peak=16 pread=21.857s
DBG getmany L21 nw=16 wall=0.879s thr(out)1 thr(in)16 conc_peak=16 pread=12.527s
DBG getmany L22 nw=16 wall=0.277s thr(out)1 thr(in)16 conc_peak=16 pread=3.222s
DBG getmany L23 nw=16 wall=0.904s thr(out)1 thr(in)16 conc_peak=16 pread=7.387s
DBG getmany L24 nw=16 wall=0.634s thr(out)1 thr(in)16 conc_peak=16 pread=5.093s
DBG getmany L25 nw=16 wall=0.442s thr(out)1 thr(in)16 conc_peak=16 pread=4.471s
DBG getmany L26 nw=16 wall=0.325s thr(out)1 thr(in)16 conc_peak=16 pread=3.982s
DBG getmany L27 nw=16 wall=0.690s thr(out)1 thr(in)16 conc_peak=16 pread=8.724s
DBG getmany L28 nw=16 wall=0.794s thr(out)1 thr(in)16 conc_peak=16 pread=10.669s
DBG getmany L29 nw=16 wall=1.052s thr(out)1 thr(in)16 conc_peak=16 pread=15.437s
DBG getmany L30 nw=16 wall=1.162s thr(out)1 thr(in)16 conc_peak=16 pread=17.193s
DBG getmany L31 nw=16 wall=1.275s thr(out)1 thr(in)16 conc_peak=16 pread=18.426s
DBG getmany L32 nw=16 wall=0.537s thr(out)1 thr(in)16 conc_peak=16 pread=7.598s
DBG getmany L33 nw=16 wall=0.511s thr(out)1 thr(in)16 conc_peak=16 pread=6.430s
DBG getmany L34 nw=16 wall=1.068s thr(out)1 thr(in)16 conc_peak=16 pread=12.769s
DBG getmany L35 nw=16 wall=3.051s thr(out)1 thr(in)16 conc_peak=16 pread=40.263s
DBG getmany L36 nw=16 wall=2.839s thr(out)1 thr(in)16 conc_peak=16 pread=44.116s
DBG getmany L37 nw=16 wall=4.365s thr(out)1 thr(in)16 conc_peak=16 pread=61.824s
DBG getmany L38 nw=16 wall=2.120s thr(out)1 thr(in)16 conc_peak=16 pread=31.265s
DBG getmany L39 nw=16 wall=1.287s thr(out)1 thr(in)16 conc_peak=16 pread=18.831s
DBG getmany L40 nw=16 wall=2.636s thr(out)1 thr(in)16 conc_peak=16 pread=39.748s
DBG getmany L41 nw=16 wall=0.267s thr(out)1 thr(in)16 conc_peak=16 pread=3.407s
DBG getmany L42 nw=16 wall=1.270s thr(out)1 thr(in)16 conc_peak=16 pread=11.829s
DBG getmany L43 nw=16 wall=1.242s thr(out)1 thr(in)16 conc_peak=16 pread=18.006s
DBG getmany L44 nw=16 wall=1.441s thr(out)1 thr(in)16 conc_peak=16 pread=20.711s
DBG getmany L45 nw=16 wall=1.770s thr(out)1 thr(in)16 conc_peak=16 pread=25.262s
DBG getmany L46 nw=16 wall=1.180s thr(out)1 thr(in)16 conc_peak=16 pread=17.242s
DBG getmany L47 nw=16 wall=0.783s thr(out)1 thr(in)16 conc_peak=16 pread=5.923s
DBG getmany L48 nw=16 wall=0.483s thr(out)1 thr(in)16 conc_peak=16 pread=5.333s
DBG getmany L49 nw=16 wall=1.310s thr(out)1 thr(in)16 conc_peak=16 pread=10.801s
DBG getmany L50 nw=16 wall=0.451s thr(out)1 thr(in)16 conc_peak=16 pread=5.461s
DBG getmany L51 nw=16 wall=0.528s thr(out)1 thr(in)16 conc_peak=16 pread=6.976s
DBG getmany L52 nw=16 wall=0.469s thr(out)1 thr(in)16 conc_peak=16 pread=5.949s
DBG getmany L53 nw=16 wall=0.564s thr(out)1 thr(in)16 conc_peak=16 pread=6.366s
DBG getmany L54 nw=16 wall=0.409s thr(out)1 thr(in)16 conc_peak=16 pread=5.404s
DBG getmany L55 nw=16 wall=0.561s thr(out)1 thr(in)16 conc_peak=16 pread=8.181s
DBG getmany L56 nw=16 wall=0.504s thr(out)1 thr(in)16 conc_peak=16 pread=6.412s
DBG getmany L57 nw=16 wall=0.491s thr(out)1 thr(in)16 conc_peak=16 pread=7.175s
DBG getmany L58 nw=16 wall=0.410s thr(out)1 thr(in)16 conc_peak=16 pread=5.136s
DBG getmany L59 nw=16 wall=0.544s thr(out)1 thr(in)16 conc_peak=16 pread=7.201s
DBG getmany L60 nw=16 wall=0.421s thr(out)1 thr(in)16 conc_peak=16 pread=5.979s
DBG getmany L61 nw=16 wall=0.516s thr(out)1 thr(in)16 conc_peak=16 pread=6.828s
DBG getmany L62 nw=16 wall=0.359s thr(out)1 thr(in)16 conc_peak=16 pread=4.695s
DBG getmany L63 nw=16 wall=0.533s thr(out)1 thr(in)16 conc_peak=16 pread=7.904s
DBG getmany L64 nw=16 wall=0.473s thr(out)1 thr(in)16 conc_peak=16 pread=6.903s
DBG getmany L65 nw=16 wall=0.454s thr(out)1 thr(in)16 conc_peak=16 pread=6.171s
DBG getmany L66 nw=16 wall=0.442s thr(out)1 thr(in)16 conc_peak=16 pread=5.198s
DBG getmany L67 nw=16 wall=0.437s thr(out)1 thr(in)16 conc_peak=16 pread=5.636s
DBG getmany L68 nw=16 wall=0.415s thr(out)1 thr(in)16 conc_peak=16 pread=5.358s
DBG getmany L69 nw=16 wall=0.488s thr(out)1 thr(in)16 conc_peak=16 pread=6.020s
DBG getmany L70 nw=16 wall=0.313s thr(out)1 thr(in)16 conc_peak=16 pread=4.002s
DBG getmany L71 nw=16 wall=0.544s thr(out)1 thr(in)16 conc_peak=16 pread=8.138s
DBG getmany L72 nw=16 wall=0.508s thr(out)1 thr(in)16 conc_peak=16 pread=6.856s
DBG getmany L73 nw=16 wall=0.407s thr(out)1 thr(in)16 conc_peak=16 pread=5.789s
DBG getmany L74 nw=16 wall=0.351s thr(out)1 thr(in)16 conc_peak=16 pread=4.455s
DBG getmany L75 nw=16 wall=0.452s thr(out)1 thr(in)16 conc_peak=16 pread=5.898s
DBG getmany L76 nw=16 wall=0.510s thr(out)1 thr(in)16 conc_peak=16 pread=7.199s
DBG getmany L77 nw=16 wall=0.428s thr(out)1 thr(in)16 conc_peak=16 pread=5.772s
DBG getmany L78 nw=16 wall=0.410s thr(out)1 thr(in)16 conc_peak=16 pread=5.730s
DBG getmany L79 nw=16 wall=0.478s thr(out)1 thr(in)16 conc_peak=16 pread=6.105s
DBG getmany L80 nw=16 wall=0.474s thr(out)1 thr(in)16 conc_peak=16 pread=6.200s
DBG getmany L81 nw=16 wall=0.452s thr(out)1 thr(in)16 conc_peak=16 pread=6.245s
DBG getmany L82 nw=16 wall=0.333s thr(out)1 thr(in)16 conc_peak=16 pread=4.551s
DBG getmany L83 nw=16 wall=0.565s thr(out)1 thr(in)16 conc_peak=16 pread=6.446s
DBG getmany L84 nw=16 wall=0.472s thr(out)1 thr(in)16 conc_peak=16 pread=6.953s
DBG getmany L85 nw=16 wall=0.479s thr(out)1 thr(in)16 conc_peak=16 pread=5.714s
DBG getmany L86 nw=16 wall=0.321s thr(out)1 thr(in)16 conc_peak=16 pread=4.480s
DBG getmany L87 nw=16 wall=0.492s thr(out)1 thr(in)16 conc_peak=16 pread=6.579s
DBG getmany L88 nw=16 wall=0.490s thr(out)1 thr(in)16 conc_peak=16 pread=5.966s
DBG getmany L89 nw=16 wall=0.523s thr(out)1 thr(in)16 conc_peak=16 pread=7.221s
DBG getmany L90 nw=16 wall=0.370s thr(out)1 thr(in)16 conc_peak=16 pread=5.079s
DBG getmany L91 nw=16 wall=0.387s thr(out)1 thr(in)16 conc_peak=16 pread=5.476s
DBG getmany L92 nw=16 wall=0.160s thr(out)1 thr(in)16 conc_peak=16 pread=1.540s
auto budget: 28.7 GB available, 9.0 GB reserved -> trunk 6.0 GB / expert cache 13.7 GB
config: /model/config.json (nested shape) | hidden=7168 layers=93 vocab=163840 | 24 MLA + 69 KDA | experts 896 top16 shared2 | latent=3584
  KV cache : 7.11 MB for 3 positions (2.37 MB/position)
Kimi K3, pure C, released checkpoint
  model    : /model
  prompt   : 1 tokens, generating 1
  preset   : auto (trunk 6.0 GB / expert cache 13.7 GB)

indexed 497220 tensors from 96 shards in 4.08 s
trunk on disk : 110.00 GB total (STREAMED from /mnt/nvme/trunk_layers_out, not held in RAM)

memory plan
  trunk (STREAMED) 6.00 GB
  embed + lm_head  4.70 GB
  expert cache     13.72 GB
  recurrent state  626.25 MB
  buffers          3.34 MB
  KV cache         7.10 MB
  TOTAL            25.06 GB
  available        28.61 GB

k3_trunk: trunk.bin absent - using per-layer slices (layer_%03d.bin)
trunk stream: 56.60 GB packed, 1/93 layers PINNED (3.00 GB), ring 2 x 1.30 GB
              reads use buffered I/O
              ring holds 2 slots: layers repeat over ~2 tokens, so recent ones are reused instead of re-read
trunk streaming enabled from /mnt/nvme/trunk_layers_out in 0.0 s
embedding, final norm and lm_head: 4.70 GB in 61.7 s

expert L1 eviction policy: heat
expert L2 cache enabled: 6490 slots x 17.55 MB = 113.88 GB on /mnt/nvme/experts.l2
expert L2 eviction policy: heat
peak RSS after loading weights: 4.79 GB  (the plan above is a forecast, this is measured)
expert cache: 781 slots x 17.56 MB = 13.71 GB (0.95% of the 1.45 TB expert pool)

recurrent state for 93 layers: 626.25 MB

incremental decode: KV cache 7.10 MB for 24 MLA layers at 3 positions

STEP   TOKEN      SECONDS      CACHE HIT  READ GB    TOK/S
--------------------------------------------------------------------
0      220        152.49       100.0      25.83      0.007
  L2   resident=5733/6490 slots hit=99.9% read=25.79GB write=0.02GB
--------------------------------------------------------------------
1 tokens in 152.5 s, 152.49 s/token average
PEAK RSS for the whole run: 22.81 GB   <- quote this, not the plan
layers completed: 93/93; routed expert drops: 0


[chip] simulated MXFP4 GEMV bill over 2 tokens
  1472 expert chains | 97240743936 flops | 25829572608 bytes (25.83 GB)
  per token: 736 chains | 12.91 GB | 0.05 Gflops
  compute wall @ 4 TFLOPS : 0.02 s (12.16 ms/token)
  bandwidth wall @ 200 GB/s : 0.13 s (64.57 ms/token)
  -> bandwidth-bound; to be compute-bound at 4 TFLOPS this needs 1062 GB/s
  expert fetch (host wall, measured): 95.47 s moving 25.83 GB = 0 GB/s
  chip pool wall (measured): 28.93 s

cache [final step]
  slots        : 781 of 17.56 MB = 13.71 GB arena (781 resident, 0 pinned)
  requests     : 1472  hits 1472 (100.00%)  misses 0  evictions 691
  of those hits : 1472 came from the batch prefetch, i.e. read from disk
                  this token; TRUE resident hit rate 0.00%
  read from disk: 25.83 GB in 90.35 s (286 MB/s while loading)
  phase2 i/o    : 25.84 GB in 90.35 s (286 MB/s)  [pure parallel disk read]
l2cache [final step]
  requests     : 1472  hits 1471 (99.93%)  misses 1
  read  from sdd7: 25.79 GB, written 0.02 GB
  hit I/O   : 25.79 GB in 90.32 s (wall) = 286 MB/s [pread 1236.28 s, 21 MB/s per-thread]
  miss I/O  : 1 misses, 0.02 GB from /model in 0.03 s (wall) = 503 MB/s
  restored from meta: 5733 slots

wrote reports/heat_auto_6g.json
I/O share of wall clock: 97.8%  (trunk 58.8 s + experts 90.4 s of 152.5 s)
  both figures are WHOLE-RUN totals over 1 steps
  experts, whole run: 25.83 GB read | 781 of 1472 requests retained in RAM (53.06%) | 691 evictions
    (retention = requests - evictions; the raw `hits` counter includes
     experts the prefetcher had just read from disk, so it is not a
     measure of avoided I/O)

trunk [final]
  pinned 1/93 layers, ring 2 slots
  binds 93, hits 0 (0.0%), reads 93
  read 56.60 GB in 58.75 s (963 MB/s pread)
  per-layer loads [L]=count: 0=1 1=1 2=1 3=1 4=1 5=1 6=1 7=1 8=1 9=1 10=1 11=1 12=1 13=1 14=1 15=1 16=1 17=1 18=1 19=1 20=1 21=1 22=1 23=1 24=1 25=1 26=1 27=1 28=1 29=1 30=1 31=1 32=1 33=1 34=1 35=1 36=1 37=1 38=1 39=1 40=1 41=1 42=1 43=1 44=1 45=1 46=1 47=1 48=1 49=1 50=1 51=1 52=1 53=1 54=1 55=1 56=1 57=1 58=1 59=1 60=1 61=1 62=1 63=1 64=1 65=1 66=1 67=1 68=1 69=1 70=1 71=1 72=1 73=1 74=1 75=1 76=1 77=1 78=1 79=1 80=1 81=1 82=1 83=1 84=1 85=1 86=1 87=1 88=1 89=1 90=1 91=1 92=1
  bind wall 4.44 s over 93 binds; read 58.75 + widen 0.84 = 59.59 s of device work,
                    of which 55.15 s (93%) overlapped compute on the reader thread
  widen breakdown: find 27 ms (2455)  copy 0 ms (1148)  deq 807 ms (790)  timed 1 s of widen 0.84 s
