k3 chip: 4 workers, 4 TFLOPS, 200 GB/s simulated wall
DBG getmany L1 nw=64 wall=5.022s thr(out)1 thr(in)16 conc_peak=16 pread=79.304s
DBG getmany L2 nw=64 wall=0.675s thr(out)1 thr(in)16 conc_peak=16 pread=9.824s
DBG getmany L3 nw=61 wall=0.679s thr(out)1 thr(in)16 conc_peak=16 pread=9.996s
DBG getmany L4 nw=48 wall=0.731s thr(out)1 thr(in)16 conc_peak=16 pread=9.235s
DBG getmany L5 nw=64 wall=3.114s thr(out)1 thr(in)16 conc_peak=16 pread=46.586s
DBG getmany L6 nw=64 wall=4.435s thr(out)1 thr(in)16 conc_peak=16 pread=65.537s
DBG getmany L7 nw=64 wall=2.261s thr(out)1 thr(in)16 conc_peak=16 pread=25.854s
DBG getmany L8 nw=64 wall=0.618s thr(out)1 thr(in)16 conc_peak=16 pread=8.921s
DBG getmany L9 nw=64 wall=0.625s thr(out)1 thr(in)16 conc_peak=16 pread=8.784s
DBG getmany L10 nw=59 wall=0.571s thr(out)1 thr(in)16 conc_peak=16 pread=8.154s
DBG getmany L11 nw=64 wall=0.618s thr(out)1 thr(in)16 conc_peak=16 pread=8.995s
config: /model/config.json (nested shape) | hidden=7168 layers=93 vocab=163840 | 24 MLA + 69 KDA | experts 896 top16 shared2 | latent=3584
NOTE: binding only the first 12 of 93 layers. Output is NOT the full model; it is a partial stack for testing the machinery.

  KV cache : 23.70 MB for 10 positions (2.37 MB/position)
Kimi K3, pure C, released checkpoint
  model    : /model
  prompt   : 6 tokens, generating 3

indexed 497220 tensors from 96 shards in 3.83 s
trunk on disk : 15.16 GB total (STREAMED from /mnt/nvme/trunk_layers_out, not held in RAM)

memory plan
  trunk (STREAMED) 12.00 GB
  embed + lm_head  4.70 GB
  expert cache     8.00 GB
  recurrent state  80.81 MB
  buffers          8.02 MB
  KV cache         23.65 MB
  TOTAL            24.81 GB
  available        28.60 GB

k3_trunk: trunk.bin absent - using per-layer slices (layer_%03d.bin)
trunk stream: 56.60 GB packed, 4/93 layers PINNED (6.70 GB), ring 4 x 1.30 GB
              reads use buffered I/O
              ring holds 4 slots: layers repeat over ~4 tokens, so recent ones are reused instead of re-read
trunk streaming enabled from /mnt/nvme/trunk_layers_out in 0.0 s
embedding, final norm and lm_head: 4.70 GB in 65.5 s

expert L2 cache enabled: 11397 slots x 17.55 MB = 199.99 GB on /mnt/nvme/experts.l2
expert L2 eviction policy: heat
peak RSS after loading weights: 4.78 GB  (the plan above is a forecast, this is measured)
expert cache: 455 slots x 17.56 MB = 7.99 GB (0.55% of the 1.45 TB expert pool)

recurrent state for 12 layers: 80.81 MB

incremental decode: KV cache 2.96 MB for 3 MLA layers at 10 positions

STEP   TOKEN      SECONDS      CACHE HIT  READ GB    TOK/S
--------------------------------------------------------------------
0      58283      119.24       88.4       13.49      0.008
  L2   resident=6298/11397 slots hit=100.0% read=11.91GB write=0.00GB
DBG getmany L1 nw=31 wall=2.639s thr(out)1 thr(in)16 conc_peak=16 pread=2.010s
DBG getmany L2 nw=30 wall=2.071s thr(out)1 thr(in)16 conc_peak=16 pread=2.366s
DBG getmany L3 nw=28 wall=2.270s thr(out)1 thr(in)16 conc_peak=16 pread=1.582s
DBG getmany L4 nw=23 wall=2.318s thr(out)1 thr(in)16 conc_peak=16 pread=1.502s
DBG getmany L5 nw=24 wall=3.367s thr(out)1 thr(in)16 conc_peak=16 pread=1.208s
DBG getmany L6 nw=26 wall=3.096s thr(out)1 thr(in)16 conc_peak=16 pread=1.406s
DBG getmany L7 nw=23 wall=1.792s thr(out)1 thr(in)16 conc_peak=16 pread=1.668s
DBG getmany L8 nw=19 wall=2.261s thr(out)1 thr(in)16 conc_peak=16 pread=0.818s
DBG getmany L9 nw=16 wall=1.337s thr(out)1 thr(in)16 conc_peak=16 pread=1.013s
DBG getmany L10 nw=15 wall=3.009s thr(out)1 thr(in)16 conc_peak=15 pread=0.606s
DBG getmany L11 nw=17 wall=1.902s thr(out)1 thr(in)16 conc_peak=16 pread=1.007s
1      138598     40.03        99.3       4.46       0.025
  L2   resident=6298/11397 slots hit=92.9% read=15.07GB write=1.26GB
--------------------------------------------------------------------
3 tokens in 159.3 s, 53.09 s/token average
PEAK RSS for the whole run: 19.70 GB   <- quote this, not the plan
layers completed: 12/12; routed expert drops: 0


[chip] simulated MXFP4 GEMV bill over 9 tokens
  1408 expert chains | 93012885504 flops | 24706547712 bytes (24.71 GB)
  per token: 156 chains | 2.75 GB | 0.01 Gflops
  compute wall @ 4 TFLOPS : 0.02 s (2.58 ms/token)
  bandwidth wall @ 200 GB/s : 0.12 s (13.73 ms/token)
  -> bandwidth-bound; to be compute-bound at 4 TFLOPS this needs 1062 GB/s
  expert fetch (host wall, measured): 66.31 s moving 18.51 GB = 0 GB/s
  chip pool wall (measured): 27.88 s

cache [final step]
  slots        : 455 of 17.56 MB = 7.99 GB arena (455 resident, 0 pinned)
  requests     : 286  hits 284 (99.30%)  misses 2  evictions 254
  of those hits : 252 came from the batch prefetch, i.e. read from disk
                  this token; TRUE resident hit rate 11.19%
  read from disk: 4.46 GB in 26.48 s (168 MB/s while loading)
  phase2 i/o    : 4.42 GB in 26.06 s (170 MB/s)  [pure parallel disk read]
l2cache [final step]
  requests     : 925  hits 859 (92.86%)  misses 66
  read  from sdd7: 15.07 GB, written 1.26 GB
  hit I/O   : 15.07 GB in 22.29 s (wall) = 676 MB/s [pread 296.37 s, 51 MB/s per-thread]
  miss I/O  : 66 misses, 1.16 GB from /model in 23.12 s (wall) = 50 MB/s
  restored from meta: 6298 slots

wrote reports/loop_win_233936/b.json
I/O share of wall clock: 89.8%  (trunk 77.0 s + experts 66.1 s of 159.3 s)
  both figures are WHOLE-RUN totals over 3 steps
  experts, whole run: 17.95 GB read | 487 of 1055 requests retained in RAM (46.16%) | 568 evictions
    (retention = requests - evictions; the raw `hits` counter includes
     experts the prefetcher had just read from disk, so it is not a
     measure of avoided I/O)

trunk [final]
  pinned 4/93 layers, ring 4 slots
  binds 24, hits 5 (20.8%), reads 19
  read 12.89 GB in 58.70 s (220 MB/s pread) + 18.31 s parked on the expert gate
  per-layer loads [L]=count: 0=1 1=1 2=1 3=1 4=2 5=2 6=2 7=2 8=1 9=2 10=2 11=2 12=0 13=0 14=0 15=0 16=0 17=0 18=0 19=0 20=0 21=0 22=0 23=0 24=0 25=0 26=0 27=0 28=0 29=0 30=0 31=0 32=0 33=0 34=0 35=0 36=0 37=0 38=0 39=0 40=0 41=0 42=0 43=0 44=0 45=0 46=0 47=0 48=0 49=0 50=0 51=0 52=0 53=0 54=0 55=0 56=0 57=0 58=0 59=0 60=0 61=0 62=0 63=0 64=0 65=0 66=0 67=0 68=0 69=0 70=0 71=0 72=0 73=0 74=0 75=0 76=0 77=0 78=0 79=0 80=0 81=0 82=0 83=0 84=0 85=0 86=0 87=0 88=0 89=0 90=0 91=0 92=0
  bind wall 43.71 s over 24 binds; read 58.70 + widen 0.67 = 59.37 s of device work,
                    of which 15.66 s (26%) overlapped compute on the reader thread
  widen breakdown: find 1 ms (626)  copy 0 ms (274)  deq 672 ms (200)  timed 1 s of widen 0.67 s
