k3 chip: 4 workers, 4 TFLOPS, 200 GB/s simulated wall
DBG getmany L1 nw=64 wall=0.662s thr(out)1 thr(in)16 conc_peak=16 pread=9.626s
DBG getmany L2 nw=64 wall=0.665s thr(out)1 thr(in)16 conc_peak=16 pread=9.609s
DBG getmany L3 nw=61 wall=0.660s thr(out)1 thr(in)16 conc_peak=16 pread=9.658s
DBG getmany L4 nw=48 wall=0.545s thr(out)1 thr(in)16 conc_peak=16 pread=7.757s
DBG getmany L5 nw=64 wall=0.690s thr(out)1 thr(in)16 conc_peak=16 pread=10.027s
DBG getmany L6 nw=64 wall=2.626s thr(out)1 thr(in)16 conc_peak=16 pread=39.490s
DBG getmany L7 nw=64 wall=0.634s thr(out)1 thr(in)16 conc_peak=16 pread=9.059s
DBG getmany L8 nw=64 wall=0.609s thr(out)1 thr(in)16 conc_peak=16 pread=8.840s
DBG getmany L9 nw=64 wall=0.611s thr(out)1 thr(in)16 conc_peak=16 pread=8.796s
DBG getmany L10 nw=59 wall=0.562s thr(out)1 thr(in)16 conc_peak=16 pread=8.341s
DBG getmany L11 nw=64 wall=0.612s thr(out)1 thr(in)16 conc_peak=16 pread=8.953s
config: /model/config.json (nested shape) | hidden=7168 layers=93 vocab=163840 | 24 MLA + 69 KDA | experts 896 top16 shared2 | latent=3584
NOTE: binding only the first 12 of 93 layers. Output is NOT the full model; it is a partial stack for testing the machinery.

  KV cache : 23.70 MB for 10 positions (2.37 MB/position)
Kimi K3, pure C, released checkpoint
  model    : /model
  prompt   : 6 tokens, generating 3

indexed 497220 tensors from 96 shards in 16.10 s
trunk on disk : 15.16 GB total (STREAMED from /mnt/nvme/trunk_layers_out, not held in RAM)

memory plan
  trunk (STREAMED) 12.00 GB
  embed + lm_head  4.70 GB
  expert cache     8.00 GB
  recurrent state  80.81 MB
  buffers          8.02 MB
  KV cache         23.65 MB
  TOTAL            24.81 GB
  available        28.62 GB

k3_trunk: trunk.bin absent - using per-layer slices (layer_%03d.bin)
trunk stream: 56.60 GB packed, 4/93 layers PINNED (6.70 GB), ring 4 x 1.30 GB
              reads use buffered I/O
              ring holds 4 slots: layers repeat over ~4 tokens, so recent ones are reused instead of re-read
trunk streaming enabled from /mnt/nvme/trunk_layers_out in 0.0 s
embedding, final norm and lm_head: 4.70 GB in 62.6 s

expert L2 cache enabled: 11397 slots x 17.55 MB = 199.99 GB on /mnt/nvme/experts.l2
expert L2 eviction policy: heat
peak RSS after loading weights: 4.78 GB  (the plan above is a forecast, this is measured)
expert cache: 455 slots x 17.56 MB = 7.99 GB (0.55% of the 1.45 TB expert pool)

recurrent state for 12 layers: 80.81 MB

incremental decode: KV cache 2.96 MB for 3 MLA layers at 10 positions

STEP   TOKEN      SECONDS      CACHE HIT  READ GB    TOK/S
--------------------------------------------------------------------
0      58283      66.46        88.4       13.49      0.015
  L2   resident=6298/11397 slots hit=100.0% read=11.91GB write=0.00GB
DBG getmany L1 nw=16 wall=0.160s thr(out)1 thr(in)16 conc_peak=16 pread=1.433s
DBG getmany L2 nw=16 wall=0.159s thr(out)1 thr(in)16 conc_peak=16 pread=1.639s
DBG getmany L3 nw=16 wall=0.148s thr(out)1 thr(in)16 conc_peak=16 pread=1.335s
DBG getmany L4 nw=16 wall=0.155s thr(out)1 thr(in)16 conc_peak=16 pread=1.658s
DBG getmany L5 nw=16 wall=0.152s thr(out)1 thr(in)16 conc_peak=16 pread=1.501s
DBG getmany L6 nw=15 wall=0.150s thr(out)1 thr(in)16 conc_peak=15 pread=1.482s
DBG getmany L7 nw=10 wall=0.115s thr(out)1 thr(in)16 conc_peak=10 pread=0.739s
DBG getmany L8 nw=10 wall=0.137s thr(out)1 thr(in)16 conc_peak=10 pread=0.781s
DBG getmany L9 nw=7 wall=0.075s thr(out)1 thr(in)16 conc_peak=7 pread=0.358s
DBG getmany L10 nw=9 wall=0.104s thr(out)1 thr(in)16 conc_peak=9 pread=0.611s
DBG getmany L11 nw=11 wall=0.099s thr(out)1 thr(in)16 conc_peak=11 pread=0.699s
1      139206     6.02         100.0      2.49       0.166
  L2   resident=6298/11397 slots hit=100.0% read=14.35GB write=0.00GB
DBG getmany L1 nw=16 wall=2.277s thr(out)1 thr(in)16 conc_peak=16 pread=0.347s
DBG getmany L2 nw=10 wall=0.590s thr(out)1 thr(in)16 conc_peak=10 pread=0.326s
DBG getmany L3 nw=8 wall=1.297s thr(out)1 thr(in)16 conc_peak=8 pread=0.090s
DBG getmany L4 nw=5 wall=0.228s thr(out)1 thr(in)16 conc_peak=5 pread=0.108s
DBG getmany L5 nw=14 wall=3.278s thr(out)1 thr(in)16 conc_peak=14 pread=0.029s
DBG getmany L6 nw=15 wall=3.983s thr(out)1 thr(in)16 conc_peak=15 pread=0.044s
DBG getmany L7 nw=15 wall=2.446s thr(out)1 thr(in)16 conc_peak=15 pread=0.322s
DBG getmany L8 nw=10 wall=1.312s thr(out)1 thr(in)16 conc_peak=10 pread=0.235s
DBG getmany L9 nw=12 wall=2.412s thr(out)1 thr(in)16 conc_peak=12 pread=0.132s
DBG getmany L10 nw=12 wall=3.166s thr(out)1 thr(in)16 conc_peak=12 pread=0.021s
DBG getmany L11 nw=11 wall=3.210s thr(out)1 thr(in)16 conc_peak=11 pread=0.000s
2      1010       28.71        99.4       2.26       0.035
  L2   resident=6298/11397 slots hit=91.9% read=15.06GB write=1.54GB
--------------------------------------------------------------------
3 tokens in 101.2 s, 33.73 s/token average
PEAK RSS for the whole run: 18.35 GB   <- quote this, not the plan
layers completed: 12/12; routed expert drops: 0


[chip] simulated MXFP4 GEMV bill over 9 tokens
  1408 expert chains | 93012885504 flops | 24706547712 bytes (24.71 GB)
  per token: 156 chains | 2.75 GB | 0.01 Gflops
  compute wall @ 4 TFLOPS : 0.02 s (2.58 ms/token)
  bandwidth wall @ 200 GB/s : 0.12 s (13.73 ms/token)
  -> bandwidth-bound; to be compute-bound at 4 TFLOPS this needs 1062 GB/s
  expert fetch (host wall, measured): 55.42 s moving 19.67 GB = 0 GB/s
  chip pool wall (measured): 22.72 s

cache [final step]
  slots        : 455 of 17.56 MB = 7.99 GB arena (455 resident, 0 pinned)
  requests     : 176  hits 175 (99.43%)  misses 1  evictions 129
  of those hits : 128 came from the batch prefetch, i.e. read from disk
                  this token; TRUE resident hit rate 26.70%
  read from disk: 2.26 GB in 24.42 s (93 MB/s while loading)
  phase2 i/o    : 2.25 GB in 24.20 s (93 MB/s)  [pure parallel disk read]
l2cache [final step]
  requests     : 934  hits 858 (91.86%)  misses 76
  read  from sdd7: 15.06 GB, written 1.54 GB
  hit I/O   : 15.06 GB in 10.77 s (wall) = 1398 MB/s [pread 144.05 s, 105 MB/s per-thread]
  miss I/O  : 76 misses, 1.33 GB from /model in 23.76 s (wall) = 56 MB/s
  restored from meta: 6298 slots

wrote reports/loop_win_233936/s.json
I/O share of wall clock: 96.7%  (trunk 42.9 s + experts 55.0 s of 101.2 s)
  both figures are WHOLE-RUN totals over 3 steps
  experts, whole run: 18.25 GB read | 536 of 1121 requests retained in RAM (47.81%) | 585 evictions
    (retention = requests - evictions; the raw `hits` counter includes
     experts the prefetcher had just read from disk, so it is not a
     measure of avoided I/O)

trunk [final]
  pinned 4/93 layers, ring 4 slots
  binds 36, hits 8 (22.2%), reads 28
  read 19.57 GB in 18.45 s (1061 MB/s pread) + 24.47 s parked on the expert gate
  per-layer loads [L]=count: 0=1 1=1 2=1 3=1 4=3 5=3 6=3 7=3 8=3 9=3 10=3 11=3 12=2 13=0 14=0 15=0 16=0 17=0 18=0 19=0 20=0 21=0 22=0 23=0 24=0 25=0 26=0 27=0 28=0 29=0 30=0 31=0 32=0 33=0 34=0 35=0 36=0 37=0 38=0 39=0 40=0 41=0 42=0 43=0 44=0 45=0 46=0 47=0 48=0 49=0 50=0 51=0 52=0 53=0 54=0 55=0 56=0 57=0 58=0 59=0 60=0 61=0 62=0 63=0 64=0 65=0 66=0 67=0 68=0 69=0 70=0 71=0 72=0 73=0 74=0 75=0 76=0 77=0 78=0 79=0 80=0 81=0 82=0 83=0 84=0 85=0 86=0 87=0 88=0 89=0 90=0 91=0 92=0
  bind wall 9.46 s over 36 binds; read 18.45 + widen 0.41 = 18.85 s of device work,
                    of which 9.40 s (50%) overlapped compute on the reader thread
  widen breakdown: find 128 ms (939)  copy 0 ms (411)  deq 277 ms (300)  timed 0 s of widen 0.41 s
