L2 auto: 209 GB free on /mnt/nvme -> L2 at 256 GB
k3 chip: 4 workers, 4 TFLOPS, 200 GB/s simulated wall
  L2 want=17547264 slot=17547264 nbytes=17547264 fd=O_DIRECT
  L2 want=17547264 slot=17547264 nbytes=17547264 fd=O_DIRECT
  L2 want=17547264 slot=17547264 nbytes=17547264 fd=O_DIRECT
  L2 want=17547264 slot=17547264 nbytes=17547264 fd=O_DIRECT
  L2 want=17547264 slot=17547264 nbytes=17547264 fd=O_DIRECT
  L2 want=17547264 slot=17547264 nbytes=17547264 fd=O_DIRECT
  L2 want=17547264 slot=17547264 nbytes=17547264 fd=O_DIRECT
  L2 want=17547264 slot=17547264 nbytes=17547264 fd=O_DIRECT
  L2 want=17547264 slot=17547264 nbytes=17547264 fd=O_DIRECT
  L2 want=17547264 slot=17547264 nbytes=17547264 fd=O_DIRECT
  L2 want=17547264 slot=17547264 nbytes=17547264 fd=O_DIRECT
  L2 want=17547264 slot=17547264 nbytes=17547264 fd=O_DIRECT
  L2 want=17547264 slot=17547264 nbytes=17547264 fd=O_DIRECT
  L2 want=17547264 slot=17547264 nbytes=17547264 fd=O_DIRECT
  L2 want=17547264 slot=17547264 nbytes=17547264 fd=O_DIRECT
  L2 want=17547264 slot=17547264 nbytes=17547264 fd=O_DIRECT
DBG getmany L1 nw=16 wall=0.255s thr(out)1 thr(in)16 conc_peak=16 pread=2.565s
DBG getmany L2 nw=16 wall=0.230s thr(out)1 thr(in)16 conc_peak=16 pread=2.542s
DBG getmany L3 nw=16 wall=0.213s thr(out)1 thr(in)16 conc_peak=16 pread=2.273s
DBG getmany L4 nw=16 wall=0.226s thr(out)1 thr(in)16 conc_peak=16 pread=2.548s
DBG getmany L5 nw=16 wall=0.226s thr(out)1 thr(in)16 conc_peak=16 pread=2.523s
DBG getmany L6 nw=16 wall=0.232s thr(out)1 thr(in)16 conc_peak=16 pread=2.604s
DBG getmany L7 nw=16 wall=0.498s thr(out)1 thr(in)16 conc_peak=16 pread=6.708s
DBG getmany L8 nw=16 wall=0.611s thr(out)1 thr(in)16 conc_peak=16 pread=8.575s
DBG getmany L9 nw=16 wall=0.702s thr(out)1 thr(in)16 conc_peak=16 pread=10.025s
DBG getmany L10 nw=16 wall=0.406s thr(out)1 thr(in)16 conc_peak=16 pread=5.315s
DBG getmany L11 nw=16 wall=0.709s thr(out)1 thr(in)16 conc_peak=16 pread=10.129s
DBG getmany L12 nw=16 wall=0.555s thr(out)1 thr(in)16 conc_peak=16 pread=7.522s
DBG getmany L13 nw=16 wall=0.487s thr(out)1 thr(in)16 conc_peak=16 pread=6.704s
DBG getmany L14 nw=16 wall=0.430s thr(out)1 thr(in)16 conc_peak=16 pread=5.661s
DBG getmany L15 nw=16 wall=0.245s thr(out)1 thr(in)16 conc_peak=16 pread=2.747s
DBG getmany L16 nw=16 wall=0.244s thr(out)1 thr(in)16 conc_peak=16 pread=2.711s
DBG getmany L17 nw=16 wall=0.241s thr(out)1 thr(in)16 conc_peak=16 pread=2.710s
DBG getmany L18 nw=16 wall=0.242s thr(out)1 thr(in)16 conc_peak=16 pread=2.646s
DBG getmany L19 nw=16 wall=0.251s thr(out)1 thr(in)16 conc_peak=16 pread=2.721s
DBG getmany L20 nw=16 wall=0.250s thr(out)1 thr(in)16 conc_peak=16 pread=2.817s
DBG getmany L21 nw=16 wall=0.235s thr(out)1 thr(in)16 conc_peak=16 pread=2.620s
DBG getmany L22 nw=16 wall=0.294s thr(out)1 thr(in)16 conc_peak=16 pread=3.019s
DBG getmany L23 nw=16 wall=0.426s thr(out)1 thr(in)16 conc_peak=16 pread=5.105s
DBG getmany L24 nw=16 wall=0.491s thr(out)1 thr(in)16 conc_peak=16 pread=5.376s
DBG getmany L25 nw=16 wall=0.492s thr(out)1 thr(in)16 conc_peak=16 pread=5.732s
DBG getmany L26 nw=16 wall=0.331s thr(out)1 thr(in)16 conc_peak=16 pread=4.062s
DBG getmany L27 nw=16 wall=0.435s thr(out)1 thr(in)16 conc_peak=16 pread=5.173s
DBG getmany L28 nw=16 wall=0.382s thr(out)1 thr(in)16 conc_peak=16 pread=4.760s
DBG getmany L29 nw=16 wall=0.466s thr(out)1 thr(in)16 conc_peak=16 pread=6.146s
DBG getmany L30 nw=16 wall=0.327s thr(out)1 thr(in)16 conc_peak=16 pread=4.328s
DBG getmany L31 nw=16 wall=0.504s thr(out)1 thr(in)16 conc_peak=16 pread=5.981s
DBG getmany L32 nw=16 wall=0.489s thr(out)1 thr(in)16 conc_peak=16 pread=4.989s
DBG getmany L33 nw=16 wall=0.503s thr(out)1 thr(in)16 conc_peak=16 pread=5.663s
DBG getmany L34 nw=16 wall=0.335s thr(out)1 thr(in)16 conc_peak=16 pread=4.511s
DBG getmany L35 nw=16 wall=0.526s thr(out)1 thr(in)16 conc_peak=16 pread=6.449s
DBG getmany L36 nw=16 wall=0.531s thr(out)1 thr(in)16 conc_peak=16 pread=5.750s
DBG getmany L37 nw=16 wall=0.501s thr(out)1 thr(in)16 conc_peak=16 pread=5.471s
DBG getmany L38 nw=16 wall=0.353s thr(out)1 thr(in)16 conc_peak=16 pread=4.371s
DBG getmany L39 nw=16 wall=0.490s thr(out)1 thr(in)16 conc_peak=16 pread=6.608s
DBG getmany L40 nw=16 wall=0.485s thr(out)1 thr(in)16 conc_peak=16 pread=5.807s
DBG getmany L41 nw=16 wall=0.483s thr(out)1 thr(in)16 conc_peak=16 pread=6.903s
DBG getmany L42 nw=16 wall=0.345s thr(out)1 thr(in)16 conc_peak=16 pread=4.538s
DBG getmany L43 nw=16 wall=0.502s thr(out)1 thr(in)16 conc_peak=16 pread=6.079s
DBG getmany L44 nw=16 wall=0.478s thr(out)1 thr(in)16 conc_peak=16 pread=6.084s
DBG getmany L45 nw=16 wall=9.887s thr(out)1 thr(in)16 conc_peak=16 pread=109.749s
DBG getmany L46 nw=16 wall=2.049s thr(out)1 thr(in)16 conc_peak=16 pread=31.027s
DBG getmany L47 nw=16 wall=0.591s thr(out)1 thr(in)16 conc_peak=16 pread=6.153s
DBG getmany L48 nw=16 wall=0.535s thr(out)1 thr(in)16 conc_peak=16 pread=5.798s
DBG getmany L49 nw=16 wall=0.538s thr(out)1 thr(in)16 conc_peak=16 pread=6.329s
DBG getmany L50 nw=16 wall=0.409s thr(out)1 thr(in)16 conc_peak=16 pread=5.232s
DBG getmany L51 nw=16 wall=0.540s thr(out)1 thr(in)16 conc_peak=16 pread=6.726s
DBG getmany L52 nw=16 wall=0.530s thr(out)1 thr(in)16 conc_peak=16 pread=6.320s
DBG getmany L53 nw=16 wall=0.538s thr(out)1 thr(in)16 conc_peak=16 pread=5.934s
DBG getmany L54 nw=16 wall=0.367s thr(out)1 thr(in)16 conc_peak=16 pread=4.749s
DBG getmany L55 nw=16 wall=0.588s thr(out)1 thr(in)16 conc_peak=16 pread=4.950s
DBG getmany L56 nw=16 wall=0.778s thr(out)1 thr(in)16 conc_peak=16 pread=10.421s
DBG getmany L57 nw=16 wall=0.749s thr(out)1 thr(in)16 conc_peak=16 pread=8.672s
DBG getmany L58 nw=16 wall=0.524s thr(out)1 thr(in)16 conc_peak=16 pread=7.579s
DBG getmany L59 nw=16 wall=0.780s thr(out)1 thr(in)16 conc_peak=16 pread=10.555s
DBG getmany L60 nw=16 wall=0.727s thr(out)1 thr(in)16 conc_peak=16 pread=9.901s
DBG getmany L61 nw=16 wall=0.718s thr(out)1 thr(in)16 conc_peak=16 pread=9.409s
DBG getmany L62 nw=16 wall=0.516s thr(out)1 thr(in)16 conc_peak=16 pread=7.105s
DBG getmany L63 nw=16 wall=0.737s thr(out)1 thr(in)16 conc_peak=16 pread=7.664s
DBG getmany L64 nw=16 wall=0.829s thr(out)1 thr(in)16 conc_peak=16 pread=8.233s
DBG getmany L65 nw=16 wall=0.726s thr(out)1 thr(in)16 conc_peak=16 pread=10.332s
DBG getmany L66 nw=16 wall=0.551s thr(out)1 thr(in)16 conc_peak=16 pread=7.456s
DBG getmany L67 nw=16 wall=0.715s thr(out)1 thr(in)16 conc_peak=16 pread=10.143s
DBG getmany L68 nw=16 wall=0.692s thr(out)1 thr(in)16 conc_peak=16 pread=8.288s
DBG getmany L69 nw=16 wall=0.725s thr(out)1 thr(in)16 conc_peak=16 pread=9.960s
DBG getmany L70 nw=16 wall=0.522s thr(out)1 thr(in)16 conc_peak=16 pread=7.229s
DBG getmany L71 nw=16 wall=0.816s thr(out)1 thr(in)16 conc_peak=16 pread=11.348s
DBG getmany L72 nw=16 wall=0.754s thr(out)1 thr(in)16 conc_peak=16 pread=9.766s
DBG getmany L73 nw=16 wall=0.778s thr(out)1 thr(in)16 conc_peak=16 pread=10.255s
DBG getmany L74 nw=16 wall=0.530s thr(out)1 thr(in)16 conc_peak=16 pread=7.552s
DBG getmany L75 nw=16 wall=0.746s thr(out)1 thr(in)16 conc_peak=16 pread=10.251s
DBG getmany L76 nw=16 wall=0.707s thr(out)1 thr(in)16 conc_peak=16 pread=8.022s
DBG getmany L77 nw=16 wall=0.751s thr(out)1 thr(in)16 conc_peak=16 pread=8.843s
DBG getmany L78 nw=16 wall=0.539s thr(out)1 thr(in)16 conc_peak=16 pread=7.450s
DBG getmany L79 nw=16 wall=0.710s thr(out)1 thr(in)16 conc_peak=16 pread=9.459s
DBG getmany L80 nw=16 wall=0.560s thr(out)1 thr(in)16 conc_peak=16 pread=7.155s
DBG getmany L81 nw=16 wall=0.721s thr(out)1 thr(in)16 conc_peak=16 pread=9.943s
DBG getmany L82 nw=16 wall=0.527s thr(out)1 thr(in)16 conc_peak=16 pread=6.753s
DBG getmany L83 nw=16 wall=0.729s thr(out)1 thr(in)16 conc_peak=16 pread=10.760s
DBG getmany L84 nw=16 wall=0.770s thr(out)1 thr(in)16 conc_peak=16 pread=9.107s
DBG getmany L85 nw=16 wall=0.699s thr(out)1 thr(in)16 conc_peak=16 pread=9.471s
DBG getmany L86 nw=16 wall=0.506s thr(out)1 thr(in)16 conc_peak=16 pread=6.420s
DBG getmany L87 nw=16 wall=0.730s thr(out)1 thr(in)16 conc_peak=16 pread=10.791s
DBG getmany L88 nw=16 wall=0.699s thr(out)1 thr(in)16 conc_peak=16 pread=8.629s
DBG getmany L89 nw=16 wall=0.769s thr(out)1 thr(in)16 conc_peak=16 pread=10.054s
DBG getmany L90 nw=16 wall=0.527s thr(out)1 thr(in)16 conc_peak=16 pread=6.953s
DBG getmany L91 nw=16 wall=0.529s thr(out)1 thr(in)16 conc_peak=16 pread=7.333s
DBG getmany L92 nw=16 wall=0.239s thr(out)1 thr(in)16 conc_peak=16 pread=2.221s
config: /model/config.json (nested shape) | hidden=7168 layers=93 vocab=163840 | 24 MLA + 69 KDA | experts 896 top16 shared2 | latent=3584
  KV cache : 11.85 MB for 5 positions (2.37 MB/position)
Kimi K3, pure C, released checkpoint
  model    : /model
  prompt   : 1 tokens, generating 3

indexed 497220 tensors from 96 shards in 0.59 s
trunk on disk : 110.00 GB total (STREAMED from /mnt/nvme/trunk_layers_out, not held in RAM)

memory plan
  trunk (STREAMED) 32.00 GB
  embed + lm_head  4.70 GB
  expert cache     15.00 GB
  recurrent state  626.25 MB
  buffers          4.68 MB
  KV cache         11.83 MB
  TOTAL            52.34 GB
  available        57.79 GB

k3_trunk: trunk.bin absent - using per-layer slices (layer_%03d.bin)
trunk stream: 56.60 GB packed, 22/93 layers PINNED (29.30 GB), ring 2 x 1.30 GB
              reads use buffered I/O
              ring holds 2 slots: layers repeat over ~2 tokens, so recent ones are reused instead of re-read
trunk streaming enabled from /mnt/nvme/trunk_layers_out in 0.0 s
embedding, final norm and lm_head: 4.70 GB in 6.1 s

expert L1 eviction policy: heat
expert L2 cache enabled: 14589 slots x 17.55 MB = 256.00 GB on /mnt/nvme/experts.l2
expert L2 exact: nslot=14589 slot_bytes=17547264 l2_slot=17547264 K3_ST_ALIGN=4096
expert L2 eviction policy: heat
peak RSS after loading weights: 4.78 GB  (the plan above is a forecast, this is measured)
expert cache: 854 slots x 17.56 MB = 14.99 GB (1.04% of the 1.45 TB expert pool)

recurrent state for 93 layers: 626.25 MB

incremental decode: KV cache 11.83 MB for 24 MLA layers at 5 positions

STEP   TOKEN      SECONDS      CACHE HIT  READ GB    TOK/S
--------------------------------------------------------------------
0      220        119.04       100.0      25.83      0.008
  L2   resident=6779/14589 slots hit=100.0% read=25.83GB write=0.00GB
DBG getmany L1 nw=16 wall=0.253s thr(out)1 thr(in)16 conc_peak=16 pread=2.475s
DBG getmany L2 nw=16 wall=0.238s thr(out)1 thr(in)16 conc_peak=16 pread=2.210s
DBG getmany L3 nw=16 wall=0.239s thr(out)1 thr(in)16 conc_peak=16 pread=2.325s
DBG getmany L4 nw=16 wall=0.233s thr(out)1 thr(in)16 conc_peak=16 pread=2.310s
DBG getmany L5 nw=16 wall=0.235s thr(out)1 thr(in)16 conc_peak=16 pread=2.429s
DBG getmany L6 nw=16 wall=0.246s thr(out)1 thr(in)16 conc_peak=16 pread=2.136s
DBG getmany L7 nw=16 wall=0.237s thr(out)1 thr(in)16 conc_peak=16 pread=2.270s
DBG getmany L8 nw=16 wall=0.236s thr(out)1 thr(in)16 conc_peak=16 pread=2.185s
DBG getmany L9 nw=16 wall=0.245s thr(out)1 thr(in)16 conc_peak=16 pread=2.257s
DBG getmany L10 nw=16 wall=0.245s thr(out)1 thr(in)16 conc_peak=16 pread=2.229s
DBG getmany L11 nw=16 wall=0.243s thr(out)1 thr(in)16 conc_peak=16 pread=2.262s
DBG getmany L12 nw=16 wall=0.240s thr(out)1 thr(in)16 conc_peak=16 pread=2.243s
DBG getmany L13 nw=16 wall=0.249s thr(out)1 thr(in)16 conc_peak=16 pread=2.405s
DBG getmany L14 nw=16 wall=0.244s thr(out)1 thr(in)16 conc_peak=16 pread=2.452s
DBG getmany L15 nw=16 wall=0.251s thr(out)1 thr(in)16 conc_peak=16 pread=2.330s
DBG getmany L16 nw=16 wall=0.246s thr(out)1 thr(in)16 conc_peak=16 pread=2.387s
DBG getmany L17 nw=16 wall=0.242s thr(out)1 thr(in)16 conc_peak=16 pread=2.308s
DBG getmany L18 nw=16 wall=0.238s thr(out)1 thr(in)16 conc_peak=16 pread=2.346s
DBG getmany L19 nw=16 wall=0.244s thr(out)1 thr(in)16 conc_peak=16 pread=2.245s
DBG getmany L20 nw=16 wall=0.249s thr(out)1 thr(in)16 conc_peak=16 pread=2.301s
DBG getmany L21 nw=16 wall=0.680s thr(out)1 thr(in)16 conc_peak=16 pread=10.076s
DBG getmany L22 nw=16 wall=0.522s thr(out)1 thr(in)16 conc_peak=16 pread=7.568s
DBG getmany L23 nw=16 wall=0.703s thr(out)1 thr(in)16 conc_peak=16 pread=10.279s
DBG getmany L24 nw=16 wall=0.782s thr(out)1 thr(in)16 conc_peak=16 pread=10.726s
DBG getmany L25 nw=16 wall=0.737s thr(out)1 thr(in)16 conc_peak=16 pread=11.000s
DBG getmany L26 nw=16 wall=0.507s thr(out)1 thr(in)16 conc_peak=16 pread=7.308s
DBG getmany L27 nw=16 wall=0.701s thr(out)1 thr(in)16 conc_peak=16 pread=7.766s
DBG getmany L28 nw=16 wall=0.683s thr(out)1 thr(in)16 conc_peak=16 pread=7.827s
DBG getmany L29 nw=16 wall=0.741s thr(out)1 thr(in)16 conc_peak=16 pread=10.486s
DBG getmany L30 nw=16 wall=0.532s thr(out)1 thr(in)16 conc_peak=16 pread=6.973s
DBG getmany L31 nw=16 wall=0.730s thr(out)1 thr(in)16 conc_peak=16 pread=10.194s
DBG getmany L32 nw=16 wall=0.738s thr(out)1 thr(in)16 conc_peak=16 pread=9.385s
DBG getmany L33 nw=16 wall=0.749s thr(out)1 thr(in)16 conc_peak=16 pread=9.578s
DBG getmany L34 nw=16 wall=0.526s thr(out)1 thr(in)16 conc_peak=16 pread=7.045s
DBG getmany L35 nw=16 wall=0.657s thr(out)1 thr(in)16 conc_peak=16 pread=8.709s
DBG getmany L36 nw=16 wall=0.772s thr(out)1 thr(in)16 conc_peak=16 pread=10.408s
DBG getmany L37 nw=16 wall=0.708s thr(out)1 thr(in)16 conc_peak=16 pread=10.618s
DBG getmany L38 nw=16 wall=0.506s thr(out)1 thr(in)16 conc_peak=16 pread=7.128s
DBG getmany L39 nw=16 wall=0.732s thr(out)1 thr(in)16 conc_peak=16 pread=9.908s
DBG getmany L40 nw=16 wall=0.750s thr(out)1 thr(in)16 conc_peak=16 pread=8.333s
DBG getmany L41 nw=16 wall=0.707s thr(out)1 thr(in)16 conc_peak=16 pread=10.120s
DBG getmany L42 nw=16 wall=0.552s thr(out)1 thr(in)16 conc_peak=16 pread=7.190s
DBG getmany L43 nw=16 wall=0.753s thr(out)1 thr(in)16 conc_peak=16 pread=10.851s
DBG getmany L44 nw=16 wall=0.689s thr(out)1 thr(in)16 conc_peak=16 pread=8.491s
DBG getmany L45 nw=16 wall=0.773s thr(out)1 thr(in)16 conc_peak=16 pread=11.109s
DBG getmany L46 nw=16 wall=0.572s thr(out)1 thr(in)16 conc_peak=16 pread=7.910s
DBG getmany L47 nw=16 wall=0.734s thr(out)1 thr(in)16 conc_peak=16 pread=10.228s
DBG getmany L48 nw=16 wall=0.688s thr(out)1 thr(in)16 conc_peak=16 pread=9.325s
DBG getmany L49 nw=16 wall=0.745s thr(out)1 thr(in)16 conc_peak=16 pread=10.798s
DBG getmany L50 nw=16 wall=0.543s thr(out)1 thr(in)16 conc_peak=16 pread=7.577s
DBG getmany L51 nw=16 wall=0.737s thr(out)1 thr(in)16 conc_peak=16 pread=10.931s
DBG getmany L52 nw=16 wall=0.638s thr(out)1 thr(in)16 conc_peak=16 pread=8.322s
DBG getmany L53 nw=16 wall=0.744s thr(out)1 thr(in)16 conc_peak=16 pread=10.380s
DBG getmany L54 nw=16 wall=0.554s thr(out)1 thr(in)16 conc_peak=16 pread=7.883s
DBG getmany L55 nw=16 wall=0.724s thr(out)1 thr(in)16 conc_peak=16 pread=10.833s
DBG getmany L56 nw=16 wall=0.783s thr(out)1 thr(in)16 conc_peak=16 pread=11.785s
DBG getmany L57 nw=16 wall=0.723s thr(out)1 thr(in)16 conc_peak=16 pread=10.311s
DBG getmany L58 nw=16 wall=0.548s thr(out)1 thr(in)16 conc_peak=16 pread=7.223s
DBG getmany L59 nw=16 wall=0.755s thr(out)1 thr(in)16 conc_peak=16 pread=10.362s
DBG getmany L60 nw=16 wall=0.733s thr(out)1 thr(in)16 conc_peak=16 pread=10.725s
DBG getmany L61 nw=16 wall=0.691s thr(out)1 thr(in)16 conc_peak=16 pread=8.212s
DBG getmany L62 nw=16 wall=0.519s thr(out)1 thr(in)16 conc_peak=16 pread=7.428s
DBG getmany L63 nw=16 wall=0.727s thr(out)1 thr(in)16 conc_peak=16 pread=10.368s
DBG getmany L64 nw=16 wall=0.750s thr(out)1 thr(in)16 conc_peak=16 pread=10.564s
DBG getmany L65 nw=16 wall=0.718s thr(out)1 thr(in)16 conc_peak=16 pread=8.327s
DBG getmany L66 nw=16 wall=0.494s thr(out)1 thr(in)16 conc_peak=16 pread=6.231s
DBG getmany L67 nw=16 wall=0.736s thr(out)1 thr(in)16 conc_peak=16 pread=7.774s
DBG getmany L68 nw=16 wall=0.739s thr(out)1 thr(in)16 conc_peak=16 pread=11.018s
DBG getmany L69 nw=16 wall=0.750s thr(out)1 thr(in)16 conc_peak=16 pread=8.305s
DBG getmany L70 nw=16 wall=0.534s thr(out)1 thr(in)16 conc_peak=16 pread=7.462s
DBG getmany L71 nw=16 wall=0.819s thr(out)1 thr(in)16 conc_peak=16 pread=11.523s
DBG getmany L72 nw=16 wall=0.778s thr(out)1 thr(in)16 conc_peak=16 pread=8.232s
DBG getmany L73 nw=16 wall=0.759s thr(out)1 thr(in)16 conc_peak=16 pread=10.778s
DBG getmany L74 nw=16 wall=0.558s thr(out)1 thr(in)16 conc_peak=16 pread=8.075s
DBG getmany L75 nw=16 wall=0.726s thr(out)1 thr(in)16 conc_peak=16 pread=9.337s
DBG getmany L76 nw=16 wall=0.664s thr(out)1 thr(in)16 conc_peak=16 pread=9.308s
DBG getmany L77 nw=16 wall=0.742s thr(out)1 thr(in)16 conc_peak=16 pread=11.000s
DBG getmany L78 nw=16 wall=0.522s thr(out)1 thr(in)16 conc_peak=16 pread=7.384s
DBG getmany L79 nw=16 wall=0.720s thr(out)1 thr(in)16 conc_peak=16 pread=10.213s
DBG getmany L80 nw=16 wall=0.694s thr(out)1 thr(in)16 conc_peak=16 pread=9.453s
DBG getmany L81 nw=16 wall=0.788s thr(out)1 thr(in)16 conc_peak=16 pread=10.549s
DBG getmany L82 nw=16 wall=0.491s thr(out)1 thr(in)16 conc_peak=16 pread=6.903s
DBG getmany L83 nw=16 wall=0.745s thr(out)1 thr(in)16 conc_peak=16 pread=9.527s
DBG getmany L84 nw=16 wall=0.697s thr(out)1 thr(in)16 conc_peak=16 pread=9.044s
DBG getmany L85 nw=16 wall=0.730s thr(out)1 thr(in)16 conc_peak=16 pread=9.922s
DBG getmany L86 nw=16 wall=0.542s thr(out)1 thr(in)16 conc_peak=16 pread=7.642s
DBG getmany L87 nw=16 wall=0.581s thr(out)1 thr(in)16 conc_peak=16 pread=5.733s
DBG getmany L88 nw=16 wall=0.640s thr(out)1 thr(in)16 conc_peak=16 pread=8.553s
DBG getmany L89 nw=16 wall=0.715s thr(out)1 thr(in)16 conc_peak=16 pread=10.455s
DBG getmany L90 nw=16 wall=0.527s thr(out)1 thr(in)16 conc_peak=16 pread=7.259s
DBG getmany L91 nw=16 wall=0.559s thr(out)1 thr(in)16 conc_peak=16 pread=7.121s
DBG getmany L92 nw=16 wall=0.250s thr(out)1 thr(in)16 conc_peak=16 pread=2.584s
1      802        73.56        100.0      25.83      0.014
  L2   resident=6779/14589 slots hit=100.0% read=51.66GB write=0.00GB
DBG getmany L1 nw=16 wall=0.257s thr(out)1 thr(in)16 conc_peak=16 pread=2.314s
DBG getmany L2 nw=15 wall=0.246s thr(out)1 thr(in)16 conc_peak=15 pread=2.143s
DBG getmany L3 nw=13 wall=0.208s thr(out)1 thr(in)16 conc_peak=13 pread=1.564s
DBG getmany L4 nw=15 wall=0.240s thr(out)1 thr(in)16 conc_peak=15 pread=2.265s
DBG getmany L5 nw=16 wall=0.252s thr(out)1 thr(in)16 conc_peak=16 pread=2.343s
DBG getmany L6 nw=15 wall=0.247s thr(out)1 thr(in)16 conc_peak=15 pread=2.255s
DBG getmany L7 nw=15 wall=0.221s thr(out)1 thr(in)16 conc_peak=15 pread=1.977s
DBG getmany L8 nw=16 wall=0.237s thr(out)1 thr(in)16 conc_peak=16 pread=2.165s
DBG getmany L9 nw=15 wall=0.218s thr(out)1 thr(in)16 conc_peak=15 pread=1.818s
DBG getmany L10 nw=15 wall=0.223s thr(out)1 thr(in)16 conc_peak=15 pread=1.973s
DBG getmany L11 nw=15 wall=0.227s thr(out)1 thr(in)16 conc_peak=15 pread=2.116s
DBG getmany L12 nw=15 wall=0.223s thr(out)1 thr(in)16 conc_peak=15 pread=2.002s
DBG getmany L13 nw=16 wall=0.249s thr(out)1 thr(in)16 conc_peak=16 pread=2.584s
DBG getmany L14 nw=15 wall=0.226s thr(out)1 thr(in)16 conc_peak=15 pread=1.974s
DBG getmany L15 nw=16 wall=0.245s thr(out)1 thr(in)16 conc_peak=16 pread=2.316s
DBG getmany L16 nw=15 wall=0.226s thr(out)1 thr(in)16 conc_peak=15 pread=2.075s
DBG getmany L17 nw=16 wall=0.240s thr(out)1 thr(in)16 conc_peak=16 pread=2.153s
DBG getmany L18 nw=16 wall=0.241s thr(out)1 thr(in)16 conc_peak=16 pread=2.364s
DBG getmany L19 nw=16 wall=0.242s thr(out)1 thr(in)16 conc_peak=16 pread=2.402s
DBG getmany L20 nw=16 wall=0.239s thr(out)1 thr(in)16 conc_peak=16 pread=2.234s
DBG getmany L21 nw=16 wall=0.694s thr(out)1 thr(in)16 conc_peak=16 pread=9.354s
DBG getmany L22 nw=16 wall=0.547s thr(out)1 thr(in)16 conc_peak=16 pread=7.747s
DBG getmany L23 nw=15 wall=0.664s thr(out)1 thr(in)16 conc_peak=15 pread=8.107s
DBG getmany L24 nw=13 wall=0.713s thr(out)1 thr(in)16 conc_peak=13 pread=7.674s
DBG getmany L25 nw=15 wall=0.703s thr(out)1 thr(in)16 conc_peak=15 pread=9.624s
DBG getmany L26 nw=15 wall=0.515s thr(out)1 thr(in)16 conc_peak=15 pread=6.448s
DBG getmany L27 nw=16 wall=0.701s thr(out)1 thr(in)16 conc_peak=16 pread=9.845s
DBG getmany L28 nw=15 wall=0.640s thr(out)1 thr(in)16 conc_peak=15 pread=7.932s
DBG getmany L29 nw=16 wall=0.782s thr(out)1 thr(in)16 conc_peak=16 pread=11.010s
DBG getmany L30 nw=16 wall=0.516s thr(out)1 thr(in)16 conc_peak=16 pread=6.609s
DBG getmany L31 nw=16 wall=0.740s thr(out)1 thr(in)16 conc_peak=16 pread=9.079s
DBG getmany L32 nw=14 wall=0.688s thr(out)1 thr(in)16 conc_peak=14 pread=7.150s
DBG getmany L33 nw=15 wall=0.770s thr(out)1 thr(in)16 conc_peak=15 pread=10.241s
DBG getmany L34 nw=16 wall=0.540s thr(out)1 thr(in)16 conc_peak=16 pread=7.695s
DBG getmany L35 nw=16 wall=0.772s thr(out)1 thr(in)16 conc_peak=16 pread=8.761s
DBG getmany L36 nw=14 wall=15.926s thr(out)1 thr(in)16 conc_peak=14 pread=149.707s
DBG getmany L37 nw=16 wall=0.753s thr(out)1 thr(in)16 conc_peak=16 pread=7.719s
DBG getmany L38 nw=16 wall=0.505s thr(out)1 thr(in)16 conc_peak=16 pread=6.233s
DBG getmany L39 nw=16 wall=0.713s thr(out)1 thr(in)16 conc_peak=16 pread=10.610s
DBG getmany L40 nw=16 wall=0.745s thr(out)1 thr(in)16 conc_peak=16 pread=11.089s
DBG getmany L41 nw=16 wall=0.695s thr(out)1 thr(in)16 conc_peak=16 pread=9.545s
DBG getmany L42 nw=16 wall=0.587s thr(out)1 thr(in)16 conc_peak=16 pread=5.487s
DBG getmany L43 nw=16 wall=0.764s thr(out)1 thr(in)16 conc_peak=16 pread=9.768s
DBG getmany L44 nw=16 wall=0.773s thr(out)1 thr(in)16 conc_peak=16 pread=7.173s
DBG getmany L45 nw=16 wall=0.767s thr(out)1 thr(in)16 conc_peak=16 pread=10.220s
DBG getmany L46 nw=15 wall=0.547s thr(out)1 thr(in)16 conc_peak=15 pread=6.687s
DBG getmany L47 nw=15 wall=0.726s thr(out)1 thr(in)16 conc_peak=15 pread=9.892s
DBG getmany L48 nw=15 wall=0.727s thr(out)1 thr(in)16 conc_peak=15 pread=9.949s
DBG getmany L49 nw=15 wall=0.755s thr(out)1 thr(in)16 conc_peak=15 pread=10.535s
DBG getmany L50 nw=16 wall=0.511s thr(out)1 thr(in)16 conc_peak=16 pread=6.591s
DBG getmany L51 nw=16 wall=0.720s thr(out)1 thr(in)16 conc_peak=16 pread=9.841s
DBG getmany L52 nw=16 wall=0.688s thr(out)1 thr(in)16 conc_peak=16 pread=9.681s
DBG getmany L53 nw=15 wall=0.727s thr(out)1 thr(in)16 conc_peak=15 pread=9.194s
DBG getmany L54 nw=16 wall=0.529s thr(out)1 thr(in)16 conc_peak=16 pread=6.943s
DBG getmany L55 nw=16 wall=0.729s thr(out)1 thr(in)16 conc_peak=16 pread=10.974s
DBG getmany L56 nw=16 wall=0.764s thr(out)1 thr(in)16 conc_peak=16 pread=10.242s
DBG getmany L57 nw=16 wall=0.743s thr(out)1 thr(in)16 conc_peak=16 pread=9.405s
DBG getmany L58 nw=16 wall=0.467s thr(out)1 thr(in)16 conc_peak=16 pread=5.480s
DBG getmany L59 nw=16 wall=0.733s thr(out)1 thr(in)16 conc_peak=16 pread=8.554s
DBG getmany L60 nw=16 wall=0.748s thr(out)1 thr(in)16 conc_peak=16 pread=9.973s
DBG getmany L61 nw=16 wall=0.680s thr(out)1 thr(in)16 conc_peak=16 pread=8.222s
DBG getmany L62 nw=16 wall=0.511s thr(out)1 thr(in)16 conc_peak=16 pread=6.982s
DBG getmany L63 nw=16 wall=0.765s thr(out)1 thr(in)16 conc_peak=16 pread=10.246s
DBG getmany L64 nw=16 wall=0.810s thr(out)1 thr(in)16 conc_peak=16 pread=10.304s
DBG getmany L65 nw=16 wall=0.748s thr(out)1 thr(in)16 conc_peak=16 pread=9.874s
DBG getmany L66 nw=16 wall=0.553s thr(out)1 thr(in)16 conc_peak=16 pread=7.570s
DBG getmany L67 nw=16 wall=0.781s thr(out)1 thr(in)16 conc_peak=16 pread=10.197s
DBG getmany L68 nw=16 wall=0.696s thr(out)1 thr(in)16 conc_peak=16 pread=9.497s
DBG getmany L69 nw=16 wall=0.728s thr(out)1 thr(in)16 conc_peak=16 pread=7.670s
DBG getmany L70 nw=16 wall=0.537s thr(out)1 thr(in)16 conc_peak=16 pread=7.687s
DBG getmany L71 nw=16 wall=0.828s thr(out)1 thr(in)16 conc_peak=16 pread=12.330s
DBG getmany L72 nw=16 wall=0.741s thr(out)1 thr(in)16 conc_peak=16 pread=10.194s
DBG getmany L73 nw=16 wall=0.735s thr(out)1 thr(in)16 conc_peak=16 pread=8.751s
DBG getmany L74 nw=16 wall=0.577s thr(out)1 thr(in)16 conc_peak=16 pread=6.740s
DBG getmany L75 nw=16 wall=0.766s thr(out)1 thr(in)16 conc_peak=16 pread=7.911s
DBG getmany L76 nw=16 wall=0.732s thr(out)1 thr(in)16 conc_peak=16 pread=10.142s
DBG getmany L77 nw=16 wall=0.733s thr(out)1 thr(in)16 conc_peak=16 pread=9.220s
DBG getmany L78 nw=16 wall=0.555s thr(out)1 thr(in)16 conc_peak=16 pread=7.866s
DBG getmany L79 nw=16 wall=0.774s thr(out)1 thr(in)16 conc_peak=16 pread=10.956s
DBG getmany L80 nw=16 wall=0.708s thr(out)1 thr(in)16 conc_peak=16 pread=9.731s
DBG getmany L81 nw=15 wall=0.637s thr(out)1 thr(in)16 conc_peak=15 pread=6.940s
DBG getmany L82 nw=16 wall=0.540s thr(out)1 thr(in)16 conc_peak=16 pread=7.562s
DBG getmany L83 nw=13 wall=0.617s thr(out)1 thr(in)16 conc_peak=13 pread=5.671s
DBG getmany L84 nw=13 wall=0.658s thr(out)1 thr(in)16 conc_peak=13 pread=7.924s
DBG getmany L85 nw=14 wall=0.688s thr(out)1 thr(in)16 conc_peak=14 pread=8.867s
DBG getmany L86 nw=16 wall=0.503s thr(out)1 thr(in)16 conc_peak=16 pread=6.684s
DBG getmany L87 nw=13 wall=0.681s thr(out)1 thr(in)16 conc_peak=13 pread=8.346s
DBG getmany L88 nw=15 wall=0.747s thr(out)1 thr(in)16 conc_peak=15 pread=9.406s
DBG getmany L89 nw=13 wall=0.716s thr(out)1 thr(in)16 conc_peak=13 pread=7.816s
DBG getmany L90 nw=12 wall=0.415s thr(out)1 thr(in)16 conc_peak=12 pread=4.006s
DBG getmany L91 nw=13 wall=0.498s thr(out)1 thr(in)16 conc_peak=13 pread=5.555s
DBG getmany L92 nw=13 wall=0.202s thr(out)1 thr(in)16 conc_peak=13 pread=1.627s
2      24         89.04        100.0      24.85      0.011
  L2   resident=6779/14589 slots hit=100.0% read=76.51GB write=0.00GB
--------------------------------------------------------------------
3 tokens in 281.6 s, 93.88 s/token average
PEAK RSS for the whole run: 37.16 GB   <- quote this, not the plan
layers completed: 93/93; routed expert drops: 0


[chip] simulated MXFP4 GEMV bill over 4 tokens
  4416 expert chains | 291722231808 flops | 77488717824 bytes (77.49 GB)
  per token: 1104 chains | 19.37 GB | 0.07 Gflops
  compute wall @ 4 TFLOPS : 0.07 s (18.23 ms/token)
  bandwidth wall @ 200 GB/s : 0.39 s (96.86 ms/token)
  -> bandwidth-bound; to be compute-bound at 4 TFLOPS this needs 1062 GB/s
  expert fetch (host wall, measured): 180.27 s moving 77.49 GB = 0 GB/s
  chip pool wall (measured): 24.54 s

cache [final step]
  slots        : 854 of 17.56 MB = 14.99 GB arena (854 resident, 0 pinned)
  requests     : 1472  hits 1472 (100.00%)  misses 0  evictions 1416
  of those hits : 1416 came from the batch prefetch, i.e. read from disk
                  this token; TRUE resident hit rate 3.80%
  read from disk: 24.85 GB in 67.89 s (366 MB/s while loading)
  phase2 i/o    : 24.86 GB in 67.89 s (366 MB/s)  [pure parallel disk read]
l2cache [final step]
  requests     : 4360  hits 4360 (100.00%)  misses 0
  read  from sdd7: 76.51 GB, written 0.00 GB
  fd split  : 3320 O_DIRECT, 0 BUFFERED (0.00% buffered)
  hit I/O   : 76.51 GB in 179.65 s (wall) = 426 MB/s [pread 2222.38 s, 34 MB/s per-thread]
  miss I/O  : 0 misses, 0.00 GB from /model in 0.00 s (wall) = 0 MB/s
  restored from meta: 6779 slots
kio tier0: 4595 reqs, 216.66 GB delivered | per-stream 91 MB/s, aggregate 769 MB/s, concurrency 8.4x | queue 66.0 s (2.8% of io), submit-lock 3.3 s, worker-lock 0.1 s, sleep 2248.0 s in 8285 waits (50% of worker-time)
      group0: 235 reqs, 140.16 GB | per-stream 653 MB/s | queue 0.1 s (0.1%)
      group1: 4360 reqs, 76.51 GB | per-stream 35 MB/s | queue 65.9 s (3.1%)

wrote reports/gateab_ab/v61_burst/burst_p3/ctrl.json
I/O share of wall clock: 140.0%  (trunk 214.7 s + experts 179.7 s of 281.6 s)
  both figures are WHOLE-RUN totals over 3 steps
  expert phase split: phase1 SERIAL reserve 0.2 s (552 calls) vs phase2 read 179.7 s
  over 100% because trunk reads overlap compute on the reader thread;
  112.7 s of device time was hidden behind arithmetic
  experts, whole run: 76.51 GB read | 910 of 4416 requests retained in RAM (20.61%) | 3506 evictions
    (retention = requests - evictions; the raw `hits` counter includes
     experts the prefetcher had just read from disk, so it is not a
     measure of avoided I/O)

trunk [final]
  pinned 22/93 layers, ring 2 slots
  binds 279, hits 44 (15.8%), reads 235
  read 140.16 GB in 214.72 s (653 MB/s pread)
  per-layer loads [L]=count: 0=1 1=1 2=1 3=1 4=1 5=1 6=1 7=1 8=1 9=1 10=1 11=1 12=1 13=1 14=1 15=1 16=1 17=1 18=1 19=1 20=1 21=1 22=3 23=3 24=3 25=3 26=3 27=3 28=3 29=3 30=3 31=3 32=3 33=3 34=3 35=3 36=3 37=3 38=3 39=3 40=3 41=3 42=3 43=3 44=3 45=3 46=3 47=3 48=3 49=3 50=3 51=3 52=3 53=3 54=3 55=3 56=3 57=3 58=3 59=3 60=3 61=3 62=3 63=3 64=3 65=3 66=3 67=3 68=3 69=3 70=3 71=3 72=3 73=3 74=3 75=3 76=3 77=3 78=3 79=3 80=3 81=3 82=3 83=3 84=3 85=3 86=3 87=3 88=3 89=3 90=3 91=3 92=3
  bind wall 40.25 s over 279 binds; read 214.72 + widen 2.87 = 217.59 s of device work,
                    of which 177.34 s (82%) overlapped compute on the reader thread
  widen breakdown: find 4 ms (7365)  copy 0 ms (3444)  deq 2861 ms (2370)  timed 3 s of widen 2.87 s
