L2 auto: 209 GB free on /mnt/nvme -> L2 at 256 GB
k3 chip: 4 workers, 4 TFLOPS, 200 GB/s simulated wall
DBG getmany L1 nw=16 wall=0.198s thr(out)1 thr(in)16 conc_peak=16 pread=2.098s
DBG getmany L2 nw=16 wall=0.188s thr(out)1 thr(in)16 conc_peak=16 pread=1.988s
DBG getmany L3 nw=16 wall=0.196s thr(out)1 thr(in)16 conc_peak=16 pread=2.041s
DBG getmany L4 nw=16 wall=0.184s thr(out)1 thr(in)16 conc_peak=16 pread=1.880s
DBG getmany L5 nw=16 wall=0.192s thr(out)1 thr(in)16 conc_peak=16 pread=2.039s
DBG getmany L6 nw=16 wall=0.189s thr(out)1 thr(in)16 conc_peak=16 pread=1.981s
DBG getmany L7 nw=16 wall=0.187s thr(out)1 thr(in)16 conc_peak=16 pread=1.961s
DBG getmany L8 nw=16 wall=0.178s thr(out)1 thr(in)16 conc_peak=16 pread=1.744s
DBG getmany L9 nw=16 wall=0.316s thr(out)1 thr(in)16 conc_peak=16 pread=2.741s
DBG getmany L10 nw=16 wall=0.311s thr(out)1 thr(in)16 conc_peak=16 pread=3.236s
DBG getmany L11 nw=16 wall=0.513s thr(out)1 thr(in)16 conc_peak=16 pread=7.355s
DBG getmany L12 nw=16 wall=0.414s thr(out)1 thr(in)16 conc_peak=16 pread=4.708s
DBG getmany L13 nw=16 wall=0.478s thr(out)1 thr(in)16 conc_peak=16 pread=5.008s
DBG getmany L14 nw=16 wall=0.367s thr(out)1 thr(in)16 conc_peak=16 pread=4.510s
DBG getmany L15 nw=16 wall=0.509s thr(out)1 thr(in)16 conc_peak=16 pread=5.837s
DBG getmany L16 nw=16 wall=0.451s thr(out)1 thr(in)16 conc_peak=16 pread=6.073s
DBG getmany L17 nw=16 wall=0.478s thr(out)1 thr(in)16 conc_peak=16 pread=5.724s
DBG getmany L18 nw=16 wall=0.368s thr(out)1 thr(in)16 conc_peak=16 pread=4.805s
DBG getmany L19 nw=16 wall=0.477s thr(out)1 thr(in)16 conc_peak=16 pread=5.433s
DBG getmany L20 nw=16 wall=0.458s thr(out)1 thr(in)16 conc_peak=16 pread=4.614s
DBG getmany L21 nw=16 wall=0.492s thr(out)1 thr(in)16 conc_peak=16 pread=6.320s
DBG getmany L22 nw=16 wall=0.354s thr(out)1 thr(in)16 conc_peak=16 pread=4.740s
DBG getmany L23 nw=16 wall=1.077s thr(out)1 thr(in)16 conc_peak=16 pread=5.601s
DBG getmany L24 nw=16 wall=11.165s thr(out)1 thr(in)16 conc_peak=16 pread=159.406s
DBG getmany L25 nw=16 wall=0.554s thr(out)1 thr(in)16 conc_peak=16 pread=6.920s
DBG getmany L26 nw=16 wall=0.392s thr(out)1 thr(in)16 conc_peak=16 pread=4.904s
DBG getmany L27 nw=16 wall=0.514s thr(out)1 thr(in)16 conc_peak=16 pread=6.436s
DBG getmany L28 nw=16 wall=0.476s thr(out)1 thr(in)16 conc_peak=16 pread=4.272s
DBG getmany L29 nw=16 wall=0.516s thr(out)1 thr(in)16 conc_peak=16 pread=6.051s
DBG getmany L30 nw=16 wall=0.411s thr(out)1 thr(in)16 conc_peak=16 pread=5.364s
DBG getmany L31 nw=16 wall=0.592s thr(out)1 thr(in)16 conc_peak=16 pread=6.970s
DBG getmany L32 nw=16 wall=0.579s thr(out)1 thr(in)16 conc_peak=16 pread=6.909s
DBG getmany L33 nw=16 wall=0.544s thr(out)1 thr(in)16 conc_peak=16 pread=6.664s
DBG getmany L34 nw=16 wall=0.400s thr(out)1 thr(in)16 conc_peak=16 pread=5.279s
DBG getmany L35 nw=16 wall=0.592s thr(out)1 thr(in)16 conc_peak=16 pread=7.092s
DBG getmany L36 nw=16 wall=0.583s thr(out)1 thr(in)16 conc_peak=16 pread=8.503s
DBG getmany L37 nw=16 wall=0.568s thr(out)1 thr(in)16 conc_peak=16 pread=6.833s
DBG getmany L38 nw=16 wall=0.409s thr(out)1 thr(in)16 conc_peak=16 pread=5.182s
DBG getmany L39 nw=16 wall=0.574s thr(out)1 thr(in)16 conc_peak=16 pread=6.587s
DBG getmany L40 nw=16 wall=0.561s thr(out)1 thr(in)16 conc_peak=16 pread=6.527s
DBG getmany L41 nw=16 wall=0.535s thr(out)1 thr(in)16 conc_peak=16 pread=6.309s
DBG getmany L42 nw=16 wall=0.405s thr(out)1 thr(in)16 conc_peak=16 pread=5.745s
DBG getmany L43 nw=16 wall=0.596s thr(out)1 thr(in)16 conc_peak=16 pread=7.063s
DBG getmany L44 nw=16 wall=0.540s thr(out)1 thr(in)16 conc_peak=16 pread=6.781s
DBG getmany L45 nw=16 wall=0.580s thr(out)1 thr(in)16 conc_peak=16 pread=6.923s
DBG getmany L46 nw=16 wall=0.448s thr(out)1 thr(in)16 conc_peak=16 pread=4.772s
DBG getmany L47 nw=16 wall=0.626s thr(out)1 thr(in)16 conc_peak=16 pread=7.826s
DBG getmany L48 nw=16 wall=0.563s thr(out)1 thr(in)16 conc_peak=16 pread=5.907s
DBG getmany L49 nw=16 wall=0.601s thr(out)1 thr(in)16 conc_peak=16 pread=7.226s
DBG getmany L50 nw=16 wall=0.453s thr(out)1 thr(in)16 conc_peak=16 pread=5.669s
DBG getmany L51 nw=16 wall=0.626s thr(out)1 thr(in)16 conc_peak=16 pread=7.376s
DBG getmany L52 nw=16 wall=0.565s thr(out)1 thr(in)16 conc_peak=16 pread=6.673s
DBG getmany L53 nw=16 wall=0.615s thr(out)1 thr(in)16 conc_peak=16 pread=7.782s
DBG getmany L54 nw=16 wall=0.471s thr(out)1 thr(in)16 conc_peak=16 pread=6.104s
DBG getmany L55 nw=16 wall=0.597s thr(out)1 thr(in)16 conc_peak=16 pread=7.188s
DBG getmany L56 nw=16 wall=0.619s thr(out)1 thr(in)16 conc_peak=16 pread=8.170s
DBG getmany L57 nw=16 wall=0.587s thr(out)1 thr(in)16 conc_peak=16 pread=7.476s
DBG getmany L58 nw=16 wall=0.424s thr(out)1 thr(in)16 conc_peak=16 pread=5.540s
DBG getmany L59 nw=16 wall=0.604s thr(out)1 thr(in)16 conc_peak=16 pread=8.182s
DBG getmany L60 nw=16 wall=0.596s thr(out)1 thr(in)16 conc_peak=16 pread=6.423s
DBG getmany L61 nw=16 wall=0.609s thr(out)1 thr(in)16 conc_peak=16 pread=6.190s
DBG getmany L62 nw=16 wall=0.433s thr(out)1 thr(in)16 conc_peak=16 pread=5.526s
DBG getmany L63 nw=16 wall=0.637s thr(out)1 thr(in)16 conc_peak=16 pread=7.858s
DBG getmany L64 nw=16 wall=0.584s thr(out)1 thr(in)16 conc_peak=16 pread=6.403s
DBG getmany L65 nw=16 wall=0.578s thr(out)1 thr(in)16 conc_peak=16 pread=6.643s
DBG getmany L66 nw=16 wall=0.448s thr(out)1 thr(in)16 conc_peak=16 pread=5.197s
DBG getmany L67 nw=16 wall=0.642s thr(out)1 thr(in)16 conc_peak=16 pread=9.476s
DBG getmany L68 nw=16 wall=0.597s thr(out)1 thr(in)16 conc_peak=16 pread=6.275s
DBG getmany L69 nw=16 wall=0.660s thr(out)1 thr(in)16 conc_peak=16 pread=7.262s
DBG getmany L70 nw=16 wall=0.423s thr(out)1 thr(in)16 conc_peak=16 pread=5.905s
DBG getmany L71 nw=16 wall=0.617s thr(out)1 thr(in)16 conc_peak=16 pread=8.412s
DBG getmany L72 nw=16 wall=0.601s thr(out)1 thr(in)16 conc_peak=16 pread=6.810s
DBG getmany L73 nw=16 wall=0.609s thr(out)1 thr(in)16 conc_peak=16 pread=7.146s
DBG getmany L74 nw=16 wall=0.430s thr(out)1 thr(in)16 conc_peak=16 pread=5.219s
DBG getmany L75 nw=16 wall=0.614s thr(out)1 thr(in)16 conc_peak=16 pread=6.729s
DBG getmany L76 nw=16 wall=0.571s thr(out)1 thr(in)16 conc_peak=16 pread=6.224s
DBG getmany L77 nw=16 wall=0.591s thr(out)1 thr(in)16 conc_peak=16 pread=6.559s
DBG getmany L78 nw=16 wall=0.439s thr(out)1 thr(in)16 conc_peak=16 pread=5.185s
DBG getmany L79 nw=16 wall=0.598s thr(out)1 thr(in)16 conc_peak=16 pread=6.995s
DBG getmany L80 nw=16 wall=0.563s thr(out)1 thr(in)16 conc_peak=16 pread=7.141s
DBG getmany L81 nw=16 wall=0.578s thr(out)1 thr(in)16 conc_peak=16 pread=6.058s
DBG getmany L82 nw=16 wall=0.418s thr(out)1 thr(in)16 conc_peak=16 pread=5.582s
DBG getmany L83 nw=16 wall=0.597s thr(out)1 thr(in)16 conc_peak=16 pread=7.688s
DBG getmany L84 nw=16 wall=0.585s thr(out)1 thr(in)16 conc_peak=16 pread=6.619s
DBG getmany L85 nw=16 wall=0.579s thr(out)1 thr(in)16 conc_peak=16 pread=7.630s
DBG getmany L86 nw=16 wall=0.386s thr(out)1 thr(in)16 conc_peak=16 pread=4.960s
DBG getmany L87 nw=16 wall=0.643s thr(out)1 thr(in)16 conc_peak=16 pread=6.829s
DBG getmany L88 nw=16 wall=0.785s thr(out)1 thr(in)16 conc_peak=16 pread=10.146s
DBG getmany L89 nw=16 wall=0.811s thr(out)1 thr(in)16 conc_peak=16 pread=9.751s
DBG getmany L90 nw=16 wall=0.565s thr(out)1 thr(in)16 conc_peak=16 pread=6.660s
DBG getmany L91 nw=16 wall=0.592s thr(out)1 thr(in)16 conc_peak=16 pread=7.117s
DBG getmany L92 nw=16 wall=0.243s thr(out)1 thr(in)16 conc_peak=16 pread=2.654s
config: /model/config.json (nested shape) | hidden=7168 layers=93 vocab=163840 | 24 MLA + 69 KDA | experts 896 top16 shared2 | latent=3584
  KV cache : 23.70 MB for 10 positions (2.37 MB/position)
Kimi K3, pure C, released checkpoint
  model    : /model
  prompt   : 1 tokens, generating 8

indexed 497220 tensors from 96 shards in 12.89 s
trunk on disk : 110.00 GB total (STREAMED from /mnt/nvme/trunk_layers_out, not held in RAM)

memory plan
  trunk (STREAMED) 17.00 GB
  embed + lm_head  4.70 GB
  expert cache     30.00 GB
  recurrent state  626.25 MB
  buffers          8.02 MB
  KV cache         23.65 MB
  TOTAL            52.36 GB
  available        57.81 GB

k3_trunk: trunk.bin absent - using per-layer slices (layer_%03d.bin)
trunk stream: 56.60 GB packed, 10/93 layers PINNED (14.30 GB), ring 2 x 1.30 GB
              reads use buffered I/O
              ring holds 2 slots: layers repeat over ~2 tokens, so recent ones are reused instead of re-read
trunk streaming enabled from /mnt/nvme/trunk_layers_out in 0.0 s
embedding, final norm and lm_head: 4.70 GB in 10.2 s

expert L1 eviction policy: heat
expert L2 cache enabled: 14589 slots x 17.55 MB = 256.00 GB on /mnt/nvme/experts.l2
expert L2 eviction policy: heat
peak RSS after loading weights: 4.78 GB  (the plan above is a forecast, this is measured)
expert cache: 1708 slots x 17.56 MB = 29.98 GB (2.07% of the 1.45 TB expert pool)

recurrent state for 93 layers: 626.25 MB

incremental decode: KV cache 23.65 MB for 24 MLA layers at 10 positions

STEP   TOKEN      SECONDS      CACHE HIT  READ GB    TOK/S
--------------------------------------------------------------------
0      220        82.11        100.0      25.83      0.012
  L2   resident=6779/14589 slots hit=100.0% read=25.83GB write=0.00GB
DBG getmany L1 nw=16 wall=0.288s thr(out)1 thr(in)16 conc_peak=16 pread=3.017s
DBG getmany L2 nw=15 wall=0.269s thr(out)1 thr(in)16 conc_peak=15 pread=2.717s
DBG getmany L3 nw=11 wall=0.191s thr(out)1 thr(in)16 conc_peak=9 pread=1.359s
DBG getmany L4 nw=15 wall=0.267s thr(out)1 thr(in)16 conc_peak=15 pread=2.679s
DBG getmany L5 nw=15 wall=0.261s thr(out)1 thr(in)16 conc_peak=15 pread=2.559s
DBG getmany L6 nw=14 wall=0.246s thr(out)1 thr(in)16 conc_peak=14 pread=2.228s
DBG getmany L7 nw=14 wall=0.246s thr(out)1 thr(in)16 conc_peak=14 pread=2.187s
DBG getmany L8 nw=16 wall=7.483s thr(out)1 thr(in)16 conc_peak=16 pread=114.019s
DBG getmany L9 nw=13 wall=6.360s thr(out)1 thr(in)16 conc_peak=13 pread=79.838s
DBG getmany L10 nw=14 wall=5.947s thr(out)1 thr(in)16 conc_peak=14 pread=80.054s
DBG getmany L11 nw=15 wall=7.297s thr(out)1 thr(in)16 conc_peak=15 pread=103.384s
DBG getmany L12 nw=13 wall=6.803s thr(out)1 thr(in)16 conc_peak=13 pread=85.063s
DBG getmany L13 nw=14 wall=7.323s thr(out)1 thr(in)16 conc_peak=14 pread=99.180s
DBG getmany L14 nw=15 wall=7.971s thr(out)1 thr(in)16 conc_peak=15 pread=115.296s
DBG getmany L15 nw=15 wall=8.102s thr(out)1 thr(in)16 conc_peak=15 pread=115.903s
DBG getmany L16 nw=15 wall=7.681s thr(out)1 thr(in)16 conc_peak=15 pread=110.623s
DBG getmany L17 nw=16 wall=21.690s thr(out)1 thr(in)16 conc_peak=16 pread=133.708s
DBG getmany L18 nw=15 wall=0.349s thr(out)1 thr(in)16 conc_peak=15 pread=3.462s
DBG getmany L19 nw=14 wall=0.397s thr(out)1 thr(in)16 conc_peak=14 pread=4.306s
DBG getmany L20 nw=15 wall=0.448s thr(out)1 thr(in)16 conc_peak=15 pread=5.292s
DBG getmany L21 nw=14 wall=2.176s thr(out)1 thr(in)16 conc_peak=14 pread=28.745s
DBG getmany L22 nw=15 wall=0.350s thr(out)1 thr(in)16 conc_peak=15 pread=4.923s
DBG getmany L23 nw=12 wall=0.429s thr(out)1 thr(in)16 conc_peak=12 pread=4.115s
DBG getmany L24 nw=11 wall=0.492s thr(out)1 thr(in)16 conc_peak=11 pread=4.336s
DBG getmany L25 nw=14 wall=0.518s thr(out)1 thr(in)16 conc_peak=14 pread=6.359s
DBG getmany L26 nw=11 wall=0.339s thr(out)1 thr(in)16 conc_peak=11 pread=3.061s
DBG getmany L27 nw=13 wall=0.452s thr(out)1 thr(in)16 conc_peak=13 pread=5.482s
DBG getmany L28 nw=15 wall=0.450s thr(out)1 thr(in)16 conc_peak=15 pread=5.898s
DBG getmany L29 nw=14 wall=0.455s thr(out)1 thr(in)16 conc_peak=14 pread=5.433s
DBG getmany L30 nw=14 wall=0.376s thr(out)1 thr(in)16 conc_peak=14 pread=4.361s
DBG getmany L31 nw=16 wall=0.521s thr(out)1 thr(in)16 conc_peak=16 pread=7.897s
DBG getmany L32 nw=14 wall=0.532s thr(out)1 thr(in)16 conc_peak=14 pread=5.964s
DBG getmany L33 nw=14 wall=0.540s thr(out)1 thr(in)16 conc_peak=14 pread=6.735s
DBG getmany L34 nw=16 wall=0.393s thr(out)1 thr(in)16 conc_peak=16 pread=5.635s
DBG getmany L35 nw=16 wall=0.554s thr(out)1 thr(in)16 conc_peak=16 pread=8.162s
DBG getmany L36 nw=11 wall=0.501s thr(out)1 thr(in)16 conc_peak=11 pread=5.132s
DBG getmany L37 nw=13 wall=0.503s thr(out)1 thr(in)16 conc_peak=13 pread=4.965s
DBG getmany L38 nw=14 wall=0.363s thr(out)1 thr(in)16 conc_peak=14 pread=4.553s
DBG getmany L39 nw=15 wall=0.546s thr(out)1 thr(in)16 conc_peak=15 pread=7.690s
DBG getmany L40 nw=13 wall=0.511s thr(out)1 thr(in)16 conc_peak=13 pread=4.759s
DBG getmany L41 nw=13 wall=0.477s thr(out)1 thr(in)16 conc_peak=10 pread=5.273s
DBG getmany L42 nw=8 wall=0.316s thr(out)1 thr(in)16 conc_peak=8 pread=2.248s
DBG getmany L43 nw=13 wall=0.480s thr(out)1 thr(in)16 conc_peak=13 pread=2.681s
DBG getmany L44 nw=13 wall=0.506s thr(out)1 thr(in)16 conc_peak=13 pread=5.344s
DBG getmany L45 nw=10 wall=0.486s thr(out)1 thr(in)16 conc_peak=10 pread=3.527s
DBG getmany L46 nw=8 wall=0.338s thr(out)1 thr(in)16 conc_peak=8 pread=1.802s
DBG getmany L47 nw=11 wall=0.537s thr(out)1 thr(in)16 conc_peak=11 pread=5.016s
DBG getmany L48 nw=13 wall=0.440s thr(out)1 thr(in)16 conc_peak=13 pread=4.416s
DBG getmany L49 nw=9 wall=0.491s thr(out)1 thr(in)16 conc_peak=9 pread=3.713s
DBG getmany L50 nw=12 wall=0.385s thr(out)1 thr(in)16 conc_peak=12 pread=3.935s
DBG getmany L51 nw=12 wall=0.530s thr(out)1 thr(in)16 conc_peak=12 pread=5.949s
DBG getmany L52 nw=15 wall=0.511s thr(out)1 thr(in)16 conc_peak=15 pread=7.022s
DBG getmany L53 nw=10 wall=0.488s thr(out)1 thr(in)16 conc_peak=10 pread=3.586s
DBG getmany L54 nw=12 wall=0.367s thr(out)1 thr(in)16 conc_peak=12 pread=3.671s
DBG getmany L55 nw=14 wall=0.514s thr(out)1 thr(in)16 conc_peak=14 pread=5.982s
DBG getmany L56 nw=16 wall=0.544s thr(out)1 thr(in)16 conc_peak=16 pread=8.025s
DBG getmany L57 nw=16 wall=0.522s thr(out)1 thr(in)16 conc_peak=16 pread=6.053s
DBG getmany L58 nw=14 wall=0.366s thr(out)1 thr(in)16 conc_peak=14 pread=4.492s
DBG getmany L59 nw=15 wall=0.533s thr(out)1 thr(in)16 conc_peak=15 pread=7.073s
DBG getmany L60 nw=16 wall=0.540s thr(out)1 thr(in)16 conc_peak=16 pread=7.739s
DBG getmany L61 nw=16 wall=0.534s thr(out)1 thr(in)16 conc_peak=16 pread=7.128s
DBG getmany L62 nw=15 wall=0.374s thr(out)1 thr(in)16 conc_peak=15 pread=5.007s
DBG getmany L63 nw=15 wall=0.537s thr(out)1 thr(in)16 conc_peak=15 pread=5.513s
DBG getmany L64 nw=16 wall=0.554s thr(out)1 thr(in)16 conc_peak=16 pread=8.291s
DBG getmany L65 nw=15 wall=0.542s thr(out)1 thr(in)16 conc_peak=15 pread=7.222s
DBG getmany L66 nw=15 wall=0.410s thr(out)1 thr(in)16 conc_peak=15 pread=5.460s
DBG getmany L67 nw=16 wall=0.573s thr(out)1 thr(in)16 conc_peak=16 pread=7.613s
DBG getmany L68 nw=14 wall=0.516s thr(out)1 thr(in)16 conc_peak=14 pread=6.127s
DBG getmany L69 nw=16 wall=0.606s thr(out)1 thr(in)16 conc_peak=16 pread=7.483s
DBG getmany L70 nw=16 wall=0.359s thr(out)1 thr(in)16 conc_peak=16 pread=4.324s
DBG getmany L71 nw=16 wall=0.585s thr(out)1 thr(in)16 conc_peak=16 pread=8.493s
DBG getmany L72 nw=16 wall=0.587s thr(out)1 thr(in)16 conc_peak=16 pread=8.751s
DBG getmany L73 nw=15 wall=0.543s thr(out)1 thr(in)16 conc_peak=15 pread=6.585s
DBG getmany L74 nw=13 wall=0.395s thr(out)1 thr(in)16 conc_peak=13 pread=4.614s
DBG getmany L75 nw=11 wall=0.543s thr(out)1 thr(in)16 conc_peak=10 pread=4.254s
DBG getmany L76 nw=14 wall=0.496s thr(out)1 thr(in)16 conc_peak=14 pread=6.324s
DBG getmany L77 nw=16 wall=0.583s thr(out)1 thr(in)16 conc_peak=16 pread=6.250s
DBG getmany L78 nw=15 wall=0.407s thr(out)1 thr(in)16 conc_peak=15 pread=5.595s
DBG getmany L79 nw=15 wall=0.543s thr(out)1 thr(in)16 conc_peak=15 pread=6.407s
DBG getmany L80 nw=14 wall=0.509s thr(out)1 thr(in)16 conc_peak=14 pread=5.738s
DBG getmany L81 nw=14 wall=0.545s thr(out)1 thr(in)16 conc_peak=14 pread=6.181s
DBG getmany L82 nw=14 wall=0.400s thr(out)1 thr(in)16 conc_peak=14 pread=3.797s
DBG getmany L83 nw=5 wall=0.451s thr(out)1 thr(in)16 conc_peak=3 pread=1.268s
DBG getmany L84 nw=11 wall=0.487s thr(out)1 thr(in)16 conc_peak=11 pread=4.641s
DBG getmany L85 nw=11 wall=0.498s thr(out)1 thr(in)16 conc_peak=11 pread=4.157s
DBG getmany L86 nw=11 wall=0.366s thr(out)1 thr(in)16 conc_peak=11 pread=3.511s
DBG getmany L87 nw=10 wall=0.467s thr(out)1 thr(in)16 conc_peak=10 pread=4.268s
DBG getmany L88 nw=8 wall=0.254s thr(out)1 thr(in)16 conc_peak=8 pread=1.492s
DBG getmany L89 nw=8 wall=0.515s thr(out)1 thr(in)16 conc_peak=8 pread=3.604s
DBG getmany L90 nw=9 wall=0.337s thr(out)1 thr(in)16 conc_peak=9 pread=2.871s
DBG getmany L91 nw=11 wall=0.391s thr(out)1 thr(in)16 conc_peak=11 pread=3.599s
DBG getmany L92 nw=9 wall=0.106s thr(out)1 thr(in)16 conc_peak=9 pread=0.540s
1      802        142.63       100.0      21.67      0.007
  L2   resident=6779/14589 slots hit=100.0% read=47.50GB write=0.00GB
DBG getmany L1 nw=12 wall=0.122s thr(out)1 thr(in)16 conc_peak=11 pread=0.893s
DBG getmany L2 nw=11 wall=0.118s thr(out)1 thr(in)16 conc_peak=11 pread=0.763s
DBG getmany L3 nw=11 wall=0.110s thr(out)1 thr(in)16 conc_peak=11 pread=0.689s
DBG getmany L4 nw=12 wall=0.124s thr(out)1 thr(in)16 conc_peak=12 pread=0.889s
DBG getmany L5 nw=10 wall=0.115s thr(out)1 thr(in)16 conc_peak=10 pread=0.706s
DBG getmany L6 nw=14 wall=0.140s thr(out)1 thr(in)16 conc_peak=14 pread=1.141s
DBG getmany L7 nw=12 wall=0.120s thr(out)1 thr(in)16 conc_peak=12 pread=0.807s
DBG getmany L8 nw=12 wall=0.115s thr(out)1 thr(in)16 conc_peak=12 pread=0.831s
DBG getmany L9 nw=11 wall=0.441s thr(out)1 thr(in)16 conc_peak=10 pread=4.089s
DBG getmany L10 nw=8 wall=0.300s thr(out)1 thr(in)16 conc_peak=8 pread=2.027s
DBG getmany L11 nw=11 wall=0.440s thr(out)1 thr(in)16 conc_peak=11 pread=3.745s
DBG getmany L12 nw=12 wall=0.435s thr(out)1 thr(in)16 conc_peak=12 pread=4.971s
DBG getmany L13 nw=11 wall=0.569s thr(out)1 thr(in)16 conc_peak=11 pread=5.263s
DBG getmany L14 nw=9 wall=0.456s thr(out)1 thr(in)16 conc_peak=9 pread=3.590s
DBG getmany L15 nw=11 wall=0.697s thr(out)1 thr(in)16 conc_peak=11 pread=6.730s
DBG getmany L16 nw=11 wall=0.606s thr(out)1 thr(in)16 conc_peak=11 pread=5.857s
DBG getmany L17 nw=12 wall=0.677s thr(out)1 thr(in)16 conc_peak=12 pread=7.272s
DBG getmany L18 nw=12 wall=0.495s thr(out)1 thr(in)16 conc_peak=12 pread=4.695s
DBG getmany L19 nw=11 wall=0.644s thr(out)1 thr(in)16 conc_peak=11 pread=6.038s
DBG getmany L20 nw=11 wall=0.633s thr(out)1 thr(in)16 conc_peak=9 pread=4.791s
DBG getmany L21 nw=13 wall=0.716s thr(out)1 thr(in)16 conc_peak=13 pread=8.954s
DBG getmany L22 nw=14 wall=0.508s thr(out)1 thr(in)16 conc_peak=14 pread=5.452s
DBG getmany L23 nw=12 wall=0.664s thr(out)1 thr(in)16 conc_peak=12 pread=6.409s
DBG getmany L24 nw=11 wall=0.449s thr(out)1 thr(in)16 conc_peak=11 pread=3.699s
DBG getmany L25 nw=14 wall=0.732s thr(out)1 thr(in)16 conc_peak=14 pread=9.116s
DBG getmany L26 nw=12 wall=0.507s thr(out)1 thr(in)16 conc_peak=12 pread=5.420s
DBG getmany L27 nw=14 wall=0.695s thr(out)1 thr(in)16 conc_peak=14 pread=6.383s
DBG getmany L28 nw=12 wall=0.638s thr(out)1 thr(in)16 conc_peak=10 pread=7.223s
DBG getmany L29 nw=12 wall=0.697s thr(out)1 thr(in)16 conc_peak=12 pread=7.374s
DBG getmany L30 nw=15 wall=0.558s thr(out)1 thr(in)16 conc_peak=15 pread=7.931s
DBG getmany L31 nw=12 wall=0.710s thr(out)1 thr(in)16 conc_peak=12 pread=6.842s
DBG getmany L32 nw=11 wall=0.703s thr(out)1 thr(in)16 conc_peak=11 pread=7.361s
DBG getmany L33 nw=11 wall=0.725s thr(out)1 thr(in)16 conc_peak=11 pread=6.985s
DBG getmany L34 nw=13 wall=0.540s thr(out)1 thr(in)16 conc_peak=13 pread=5.749s
DBG getmany L35 nw=13 wall=0.747s thr(out)1 thr(in)16 conc_peak=13 pread=8.706s
DBG getmany L36 nw=11 wall=0.695s thr(out)1 thr(in)16 conc_peak=11 pread=6.354s
DBG getmany L37 nw=13 wall=0.712s thr(out)1 thr(in)16 conc_peak=13 pread=8.460s
DBG getmany L38 nw=13 wall=0.509s thr(out)1 thr(in)16 conc_peak=13 pread=5.513s
DBG getmany L39 nw=14 wall=0.740s thr(out)1 thr(in)16 conc_peak=14 pread=8.134s
DBG getmany L40 nw=14 wall=0.743s thr(out)1 thr(in)16 conc_peak=14 pread=9.308s
DBG getmany L41 nw=14 wall=0.713s thr(out)1 thr(in)16 conc_peak=14 pread=8.951s
DBG getmany L42 nw=14 wall=0.547s thr(out)1 thr(in)16 conc_peak=14 pread=6.716s
DBG getmany L43 nw=15 wall=0.807s thr(out)1 thr(in)16 conc_peak=15 pread=8.972s
DBG getmany L44 nw=14 wall=0.528s thr(out)1 thr(in)16 conc_peak=14 pread=5.384s
DBG getmany L45 nw=15 wall=6.953s thr(out)1 thr(in)16 conc_peak=15 pread=91.073s
DBG getmany L46 nw=13 wall=5.441s thr(out)1 thr(in)16 conc_peak=13 pread=62.274s
DBG getmany L47 nw=15 wall=0.734s thr(out)1 thr(in)16 conc_peak=15 pread=9.939s
DBG getmany L48 nw=14 wall=0.706s thr(out)1 thr(in)16 conc_peak=14 pread=6.082s
DBG getmany L49 nw=15 wall=0.722s thr(out)1 thr(in)16 conc_peak=15 pread=8.491s
DBG getmany L50 nw=15 wall=0.558s thr(out)1 thr(in)16 conc_peak=15 pread=6.373s
DBG getmany L51 nw=13 wall=0.710s thr(out)1 thr(in)16 conc_peak=13 pread=7.770s
DBG getmany L52 nw=12 wall=0.554s thr(out)1 thr(in)16 conc_peak=12 pread=5.127s
DBG getmany L53 nw=14 wall=0.736s thr(out)1 thr(in)16 conc_peak=14 pread=8.840s
DBG getmany L54 nw=14 wall=0.526s thr(out)1 thr(in)16 conc_peak=14 pread=5.374s
DBG getmany L55 nw=13 wall=0.723s thr(out)1 thr(in)16 conc_peak=13 pread=8.310s
DBG getmany L56 nw=9 wall=0.663s thr(out)1 thr(in)16 conc_peak=9 pread=5.302s
DBG getmany L57 nw=14 wall=0.713s thr(out)1 thr(in)16 conc_peak=14 pread=7.383s
DBG getmany L58 nw=11 wall=0.521s thr(out)1 thr(in)16 conc_peak=11 pread=4.644s
DBG getmany L59 nw=10 wall=0.695s thr(out)1 thr(in)16 conc_peak=10 pread=5.587s
DBG getmany L60 nw=13 wall=0.724s thr(out)1 thr(in)16 conc_peak=13 pread=8.278s
DBG getmany L61 nw=15 wall=0.736s thr(out)1 thr(in)16 conc_peak=15 pread=10.497s
DBG getmany L62 nw=11 wall=0.473s thr(out)1 thr(in)16 conc_peak=11 pread=4.513s
DBG getmany L63 nw=12 wall=0.711s thr(out)1 thr(in)16 conc_peak=12 pread=7.914s
DBG getmany L64 nw=13 wall=0.722s thr(out)1 thr(in)16 conc_peak=13 pread=7.644s
DBG getmany L65 nw=10 wall=0.495s thr(out)1 thr(in)16 conc_peak=7 pread=3.489s
DBG getmany L66 nw=13 wall=0.536s thr(out)1 thr(in)16 conc_peak=13 pread=6.057s
DBG getmany L67 nw=13 wall=0.737s thr(out)1 thr(in)16 conc_peak=13 pread=8.685s
DBG getmany L68 nw=11 wall=0.671s thr(out)1 thr(in)16 conc_peak=11 pread=6.710s
DBG getmany L69 nw=11 wall=0.702s thr(out)1 thr(in)16 conc_peak=11 pread=6.010s
DBG getmany L70 nw=11 wall=0.485s thr(out)1 thr(in)16 conc_peak=11 pread=4.679s
DBG getmany L71 nw=10 wall=0.725s thr(out)1 thr(in)16 conc_peak=10 pread=6.204s
DBG getmany L72 nw=15 wall=0.761s thr(out)1 thr(in)16 conc_peak=15 pread=10.391s
DBG getmany L73 nw=16 wall=0.764s thr(out)1 thr(in)16 conc_peak=16 pread=11.204s
DBG getmany L74 nw=16 wall=0.568s thr(out)1 thr(in)16 conc_peak=16 pread=6.811s
DBG getmany L75 nw=16 wall=0.766s thr(out)1 thr(in)16 conc_peak=16 pread=9.845s
DBG getmany L76 nw=16 wall=0.720s thr(out)1 thr(in)16 conc_peak=16 pread=9.525s
DBG getmany L77 nw=13 wall=0.707s thr(out)1 thr(in)16 conc_peak=13 pread=7.716s
DBG getmany L78 nw=15 wall=0.548s thr(out)1 thr(in)16 conc_peak=15 pread=7.748s
DBG getmany L79 nw=14 wall=0.708s thr(out)1 thr(in)16 conc_peak=14 pread=8.752s
DBG getmany L80 nw=16 wall=0.716s thr(out)1 thr(in)16 conc_peak=16 pread=9.725s
DBG getmany L81 nw=13 wall=0.711s thr(out)1 thr(in)16 conc_peak=13 pread=8.212s
DBG getmany L82 nw=14 wall=0.538s thr(out)1 thr(in)16 conc_peak=14 pread=5.602s
DBG getmany L83 nw=12 wall=0.704s thr(out)1 thr(in)16 conc_peak=12 pread=7.989s
DBG getmany L84 nw=10 wall=0.667s thr(out)1 thr(in)16 conc_peak=10 pread=5.073s
DBG getmany L85 nw=9 wall=0.565s thr(out)1 thr(in)16 conc_peak=7 pread=3.419s
DBG getmany L86 nw=12 wall=0.485s thr(out)1 thr(in)16 conc_peak=12 pread=5.153s
DBG getmany L87 nw=11 wall=0.675s thr(out)1 thr(in)16 conc_peak=10 pread=5.376s
DBG getmany L88 nw=12 wall=0.544s thr(out)1 thr(in)16 conc_peak=12 pread=5.112s
DBG getmany L89 nw=12 wall=0.600s thr(out)1 thr(in)16 conc_peak=12 pread=5.772s
DBG getmany L90 nw=12 wall=0.501s thr(out)1 thr(in)16 conc_peak=12 pread=5.286s
DBG getmany L91 nw=12 wall=0.487s thr(out)1 thr(in)16 conc_peak=12 pread=4.481s
DBG getmany L92 nw=12 wall=0.170s thr(out)1 thr(in)16 conc_peak=12 pread=1.159s
2      24         81.61        100.0      20.23      0.012
  L2   resident=6779/14589 slots hit=100.0% read=67.73GB write=0.00GB
DBG getmany L1 nw=11 wall=0.155s thr(out)1 thr(in)16 conc_peak=11 pread=1.019s
DBG getmany L2 nw=9 wall=0.133s thr(out)1 thr(in)16 conc_peak=9 pread=0.689s
DBG getmany L3 nw=7 wall=0.103s thr(out)1 thr(in)16 conc_peak=7 pread=0.448s
DBG getmany L4 nw=7 wall=0.099s thr(out)1 thr(in)16 conc_peak=7 pread=0.425s
DBG getmany L5 nw=10 wall=0.147s thr(out)1 thr(in)16 conc_peak=10 pread=0.931s
DBG getmany L6 nw=15 wall=0.213s thr(out)1 thr(in)16 conc_peak=15 pread=1.829s
DBG getmany L7 nw=13 wall=0.189s thr(out)1 thr(in)16 conc_peak=13 pread=1.433s
DBG getmany L8 nw=11 wall=0.160s thr(out)1 thr(in)16 conc_peak=11 pread=1.063s
DBG getmany L9 nw=5 wall=0.356s thr(out)1 thr(in)16 conc_peak=2 pread=1.381s
DBG getmany L10 nw=5 wall=0.441s thr(out)1 thr(in)16 conc_peak=5 pread=1.636s
DBG getmany L11 nw=7 wall=0.663s thr(out)1 thr(in)16 conc_peak=7 pread=3.839s
DBG getmany L12 nw=10 wall=0.621s thr(out)1 thr(in)16 conc_peak=10 pread=4.573s
DBG getmany L13 nw=11 wall=0.651s thr(out)1 thr(in)16 conc_peak=11 pread=5.566s
DBG getmany L14 nw=9 wall=0.456s thr(out)1 thr(in)16 conc_peak=9 pread=2.925s
DBG getmany L15 nw=9 wall=0.662s thr(out)1 thr(in)16 conc_peak=9 pread=5.256s
DBG getmany L16 nw=7 wall=0.554s thr(out)1 thr(in)16 conc_peak=7 pread=3.368s
DBG getmany L17 nw=7 wall=0.603s thr(out)1 thr(in)16 conc_peak=7 pread=3.154s
DBG getmany L18 nw=5 wall=0.425s thr(out)1 thr(in)16 conc_peak=5 pread=1.854s
DBG getmany L19 nw=6 wall=0.560s thr(out)1 thr(in)16 conc_peak=6 pread=2.980s
DBG getmany L20 nw=6 wall=0.549s thr(out)1 thr(in)16 conc_peak=6 pread=2.528s
DBG getmany L21 nw=12 wall=0.656s thr(out)1 thr(in)16 conc_peak=12 pread=6.529s
DBG getmany L22 nw=7 wall=0.449s thr(out)1 thr(in)16 conc_peak=7 pread=2.307s
DBG getmany L23 nw=6 wall=0.573s thr(out)1 thr(in)16 conc_peak=6 pread=3.269s
DBG getmany L24 nw=11 wall=0.732s thr(out)1 thr(in)16 conc_peak=11 pread=7.741s
DBG getmany L25 nw=14 wall=0.672s thr(out)1 thr(in)16 conc_peak=14 pread=7.835s
DBG getmany L26 nw=13 wall=0.494s thr(out)1 thr(in)16 conc_peak=13 pread=5.711s
DBG getmany L27 nw=16 wall=0.702s thr(out)1 thr(in)16 conc_peak=16 pread=9.746s
DBG getmany L28 nw=15 wall=0.674s thr(out)1 thr(in)16 conc_peak=15 pread=9.203s
DBG getmany L29 nw=14 wall=0.699s thr(out)1 thr(in)16 conc_peak=14 pread=7.754s
DBG getmany L30 nw=15 wall=0.556s thr(out)1 thr(in)16 conc_peak=15 pread=7.742s
DBG getmany L31 nw=15 wall=0.764s thr(out)1 thr(in)16 conc_peak=15 pread=9.974s
DBG getmany L32 nw=12 wall=0.708s thr(out)1 thr(in)16 conc_peak=12 pread=7.746s
DBG getmany L33 nw=13 wall=0.733s thr(out)1 thr(in)16 conc_peak=13 pread=6.292s
DBG getmany L34 nw=15 wall=0.563s thr(out)1 thr(in)16 conc_peak=15 pread=7.358s
DBG getmany L35 nw=14 wall=0.756s thr(out)1 thr(in)16 conc_peak=14 pread=9.712s
DBG getmany L36 nw=14 wall=0.630s thr(out)1 thr(in)16 conc_peak=14 pread=7.788s
DBG getmany L37 nw=15 wall=0.737s thr(out)1 thr(in)16 conc_peak=15 pread=9.908s
DBG getmany L38 nw=14 wall=0.514s thr(out)1 thr(in)16 conc_peak=14 pread=6.278s
DBG getmany L39 nw=14 wall=0.669s thr(out)1 thr(in)16 conc_peak=14 pread=5.842s
DBG getmany L40 nw=15 wall=0.747s thr(out)1 thr(in)16 conc_peak=15 pread=9.560s
DBG getmany L41 nw=14 wall=0.710s thr(out)1 thr(in)16 conc_peak=14 pread=8.516s
DBG getmany L42 nw=14 wall=0.540s thr(out)1 thr(in)16 conc_peak=14 pread=7.002s
DBG getmany L43 nw=16 wall=0.800s thr(out)1 thr(in)16 conc_peak=16 pread=11.904s
DBG getmany L44 nw=16 wall=0.769s thr(out)1 thr(in)16 conc_peak=16 pread=11.564s
DBG getmany L45 nw=15 wall=0.760s thr(out)1 thr(in)16 conc_peak=15 pread=10.506s
DBG getmany L46 nw=14 wall=0.547s thr(out)1 thr(in)16 conc_peak=14 pread=6.248s
DBG getmany L47 nw=14 wall=0.697s thr(out)1 thr(in)16 conc_peak=14 pread=7.069s
DBG getmany L48 nw=15 wall=0.724s thr(out)1 thr(in)16 conc_peak=15 pread=9.961s
DBG getmany L49 nw=15 wall=0.771s thr(out)1 thr(in)16 conc_peak=15 pread=11.096s
DBG getmany L50 nw=15 wall=0.490s thr(out)1 thr(in)16 conc_peak=15 pread=5.504s
DBG getmany L51 nw=14 wall=0.728s thr(out)1 thr(in)16 conc_peak=14 pread=7.316s
DBG getmany L52 nw=13 wall=0.679s thr(out)1 thr(in)16 conc_peak=13 pread=6.833s
DBG getmany L53 nw=14 wall=0.719s thr(out)1 thr(in)16 conc_peak=14 pread=9.486s
DBG getmany L54 nw=15 wall=0.557s thr(out)1 thr(in)16 conc_peak=15 pread=7.275s
DBG getmany L55 nw=13 wall=0.726s thr(out)1 thr(in)16 conc_peak=13 pread=7.607s
DBG getmany L56 nw=15 wall=0.743s thr(out)1 thr(in)16 conc_peak=15 pread=10.273s
DBG getmany L57 nw=16 wall=0.764s thr(out)1 thr(in)16 conc_peak=16 pread=10.198s
DBG getmany L58 nw=13 wall=0.537s thr(out)1 thr(in)16 conc_peak=13 pread=5.603s
DBG getmany L59 nw=13 wall=0.707s thr(out)1 thr(in)16 conc_peak=13 pread=7.313s
DBG getmany L60 nw=15 wall=0.759s thr(out)1 thr(in)16 conc_peak=15 pread=9.361s
DBG getmany L61 nw=15 wall=0.723s thr(out)1 thr(in)16 conc_peak=15 pread=9.479s
DBG getmany L62 nw=12 wall=0.505s thr(out)1 thr(in)16 conc_peak=12 pread=4.521s
DBG getmany L63 nw=13 wall=0.728s thr(out)1 thr(in)16 conc_peak=13 pread=8.980s
DBG getmany L64 nw=14 wall=0.754s thr(out)1 thr(in)16 conc_peak=14 pread=6.068s
DBG getmany L65 nw=12 wall=0.680s thr(out)1 thr(in)16 conc_peak=12 pread=7.729s
DBG getmany L66 nw=14 wall=0.543s thr(out)1 thr(in)16 conc_peak=14 pread=6.929s
DBG getmany L67 nw=14 wall=0.697s thr(out)1 thr(in)16 conc_peak=14 pread=8.286s
DBG getmany L68 nw=13 wall=0.684s thr(out)1 thr(in)16 conc_peak=13 pread=7.026s
DBG getmany L69 nw=13 wall=0.691s thr(out)1 thr(in)16 conc_peak=13 pread=5.977s
DBG getmany L70 nw=12 wall=0.501s thr(out)1 thr(in)16 conc_peak=12 pread=5.089s
DBG getmany L71 nw=14 wall=0.784s thr(out)1 thr(in)16 conc_peak=14 pread=9.599s
DBG getmany L72 nw=15 wall=0.751s thr(out)1 thr(in)16 conc_peak=15 pread=9.747s
DBG getmany L73 nw=16 wall=0.733s thr(out)1 thr(in)16 conc_peak=16 pread=9.027s
DBG getmany L74 nw=16 wall=0.568s thr(out)1 thr(in)16 conc_peak=16 pread=8.329s
DBG getmany L75 nw=16 wall=0.771s thr(out)1 thr(in)16 conc_peak=16 pread=11.313s
DBG getmany L76 nw=16 wall=0.716s thr(out)1 thr(in)16 conc_peak=16 pread=10.173s
DBG getmany L77 nw=13 wall=0.710s thr(out)1 thr(in)16 conc_peak=10 pread=7.534s
DBG getmany L78 nw=14 wall=0.543s thr(out)1 thr(in)16 conc_peak=14 pread=5.422s
DBG getmany L79 nw=14 wall=0.725s thr(out)1 thr(in)16 conc_peak=14 pread=8.239s
DBG getmany L80 nw=16 wall=0.730s thr(out)1 thr(in)16 conc_peak=16 pread=10.502s
DBG getmany L81 nw=14 wall=0.728s thr(out)1 thr(in)16 conc_peak=14 pread=8.745s
DBG getmany L82 nw=15 wall=0.563s thr(out)1 thr(in)16 conc_peak=15 pread=7.008s
DBG getmany L83 nw=13 wall=0.721s thr(out)1 thr(in)16 conc_peak=13 pread=8.662s
DBG getmany L84 nw=10 wall=0.671s thr(out)1 thr(in)16 conc_peak=10 pread=6.068s
DBG getmany L85 nw=13 wall=0.698s thr(out)1 thr(in)16 conc_peak=13 pread=7.565s
DBG getmany L86 nw=14 wall=0.523s thr(out)1 thr(in)16 conc_peak=14 pread=6.787s
DBG getmany L87 nw=13 wall=0.643s thr(out)1 thr(in)16 conc_peak=13 pread=6.060s
DBG getmany L88 nw=11 wall=0.667s thr(out)1 thr(in)16 conc_peak=11 pread=6.075s
DBG getmany L89 nw=14 wall=0.743s thr(out)1 thr(in)16 conc_peak=14 pread=9.159s
DBG getmany L90 nw=13 wall=0.529s thr(out)1 thr(in)16 conc_peak=13 pread=5.922s
DBG getmany L91 nw=12 wall=0.515s thr(out)1 thr(in)16 conc_peak=12 pread=5.746s
DBG getmany L92 nw=13 wall=0.182s thr(out)1 thr(in)16 conc_peak=9 pread=1.312s
3      12         75.07        98.9       20.64      0.013
  L2   resident=6779/14589 slots hit=100.0% read=88.09GB write=0.00GB
DBG getmany L1 nw=13 wall=0.183s thr(out)1 thr(in)16 conc_peak=13 pread=1.350s
DBG getmany L2 nw=10 wall=0.143s thr(out)1 thr(in)16 conc_peak=10 pread=0.806s
DBG getmany L3 nw=10 wall=0.142s thr(out)1 thr(in)16 conc_peak=9 pread=0.855s
DBG getmany L4 nw=10 wall=0.142s thr(out)1 thr(in)16 conc_peak=10 pread=0.809s
DBG getmany L5 nw=11 wall=0.153s thr(out)1 thr(in)16 conc_peak=9 pread=0.939s
DBG getmany L6 nw=16 wall=0.226s thr(out)1 thr(in)16 conc_peak=16 pread=2.131s
DBG getmany L7 nw=15 wall=0.213s thr(out)1 thr(in)16 conc_peak=15 pread=1.873s
DBG getmany L8 nw=15 wall=0.214s thr(out)1 thr(in)16 conc_peak=15 pread=1.987s
DBG getmany L9 nw=11 wall=0.622s thr(out)1 thr(in)16 conc_peak=11 pread=3.672s
DBG getmany L10 nw=12 wall=0.527s thr(out)1 thr(in)16 conc_peak=11 pread=4.853s
DBG getmany L11 nw=10 wall=0.704s thr(out)1 thr(in)16 conc_peak=10 pread=6.501s
DBG getmany L12 nw=13 wall=0.692s thr(out)1 thr(in)16 conc_peak=13 pread=7.616s
DBG getmany L13 nw=13 wall=0.687s thr(out)1 thr(in)16 conc_peak=13 pread=7.260s
DBG getmany L14 nw=13 wall=0.486s thr(out)1 thr(in)16 conc_peak=9 pread=5.134s
DBG getmany L15 nw=10 wall=0.680s thr(out)1 thr(in)16 conc_peak=10 pread=6.201s
DBG getmany L16 nw=11 wall=0.603s thr(out)1 thr(in)16 conc_peak=10 pread=5.352s
DBG getmany L17 nw=12 wall=0.673s thr(out)1 thr(in)16 conc_peak=12 pread=7.425s
DBG getmany L18 nw=13 wall=0.535s thr(out)1 thr(in)16 conc_peak=13 pread=6.179s
DBG getmany L19 nw=10 wall=0.596s thr(out)1 thr(in)16 conc_peak=10 pread=5.684s
DBG getmany L20 nw=12 wall=0.644s thr(out)1 thr(in)16 conc_peak=12 pread=6.869s
DBG getmany L21 nw=13 wall=0.722s thr(out)1 thr(in)16 conc_peak=13 pread=8.350s
DBG getmany L22 nw=10 wall=0.483s thr(out)1 thr(in)16 conc_peak=9 pread=4.544s
DBG getmany L23 nw=11 wall=0.645s thr(out)1 thr(in)16 conc_peak=7 pread=6.215s
DBG getmany L24 nw=10 wall=0.716s thr(out)1 thr(in)16 conc_peak=10 pread=6.191s
DBG getmany L25 nw=15 wall=0.753s thr(out)1 thr(in)16 conc_peak=15 pread=9.401s
DBG getmany L26 nw=12 wall=0.512s thr(out)1 thr(in)16 conc_peak=12 pread=5.679s
DBG getmany L27 nw=14 wall=0.693s thr(out)1 thr(in)16 conc_peak=14 pread=8.459s
DBG getmany L28 nw=15 wall=0.686s thr(out)1 thr(in)16 conc_peak=15 pread=8.574s
DBG getmany L29 nw=13 wall=0.705s thr(out)1 thr(in)16 conc_peak=13 pread=7.343s
DBG getmany L30 nw=13 wall=0.434s thr(out)1 thr(in)16 conc_peak=13 pread=4.387s
DBG getmany L31 nw=14 wall=0.738s thr(out)1 thr(in)16 conc_peak=14 pread=9.474s
DBG getmany L32 nw=12 wall=0.632s thr(out)1 thr(in)16 conc_peak=12 pread=6.187s
DBG getmany L33 nw=11 wall=0.725s thr(out)1 thr(in)16 conc_peak=11 pread=7.304s
DBG getmany L34 nw=15 wall=0.554s thr(out)1 thr(in)16 conc_peak=15 pread=7.000s
DBG getmany L35 nw=13 wall=0.748s thr(out)1 thr(in)16 conc_peak=13 pread=9.256s
DBG getmany L36 nw=13 wall=0.717s thr(out)1 thr(in)16 conc_peak=13 pread=8.314s
DBG getmany L37 nw=13 wall=0.713s thr(out)1 thr(in)16 conc_peak=13 pread=8.197s
DBG getmany L38 nw=11 wall=0.469s thr(out)1 thr(in)16 conc_peak=11 pread=4.166s
DBG getmany L39 nw=12 wall=0.702s thr(out)1 thr(in)16 conc_peak=11 pread=6.164s
DBG getmany L40 nw=12 wall=0.676s thr(out)1 thr(in)16 conc_peak=12 pread=7.345s
DBG getmany L41 nw=11 wall=0.673s thr(out)1 thr(in)16 conc_peak=11 pread=5.979s
DBG getmany L42 nw=7 wall=0.443s thr(out)1 thr(in)16 conc_peak=7 pread=2.613s
DBG getmany L43 nw=11 wall=0.670s thr(out)1 thr(in)16 conc_peak=11 pread=6.037s
DBG getmany L44 nw=13 wall=0.728s thr(out)1 thr(in)16 conc_peak=13 pread=9.020s
DBG getmany L45 nw=9 wall=0.673s thr(out)1 thr(in)16 conc_peak=7 pread=3.944s
DBG getmany L46 nw=10 wall=0.420s thr(out)1 thr(in)16 conc_peak=10 pread=2.908s
DBG getmany L47 nw=11 wall=0.694s thr(out)1 thr(in)16 conc_peak=11 pread=6.401s
DBG getmany L48 nw=11 wall=0.666s thr(out)1 thr(in)16 conc_peak=10 pread=6.601s
DBG getmany L49 nw=14 wall=0.749s thr(out)1 thr(in)16 conc_peak=14 pread=7.538s
DBG getmany L50 nw=12 wall=0.515s thr(out)1 thr(in)16 conc_peak=12 pread=5.314s
DBG getmany L51 nw=11 wall=0.688s thr(out)1 thr(in)16 conc_peak=11 pread=4.590s
DBG getmany L52 nw=12 wall=0.677s thr(out)1 thr(in)16 conc_peak=12 pread=6.303s
DBG getmany L53 nw=11 wall=0.671s thr(out)1 thr(in)16 conc_peak=11 pread=6.061s
DBG getmany L54 nw=12 wall=0.514s thr(out)1 thr(in)16 conc_peak=12 pread=4.640s
DBG getmany L55 nw=10 wall=0.678s thr(out)1 thr(in)16 conc_peak=10 pread=5.130s
DBG getmany L56 nw=11 wall=0.682s thr(out)1 thr(in)16 conc_peak=11 pread=6.337s
DBG getmany L57 nw=13 wall=0.725s thr(out)1 thr(in)16 conc_peak=13 pread=8.535s
DBG getmany L58 nw=10 wall=0.473s thr(out)1 thr(in)16 conc_peak=10 pread=4.241s
DBG getmany L59 nw=10 wall=0.696s thr(out)1 thr(in)16 conc_peak=10 pread=6.205s
DBG getmany L60 nw=11 wall=0.699s thr(out)1 thr(in)16 conc_peak=11 pread=5.668s
DBG getmany L61 nw=12 wall=0.585s thr(out)1 thr(in)16 conc_peak=12 pread=6.125s
DBG getmany L62 nw=10 wall=0.480s thr(out)1 thr(in)16 conc_peak=8 pread=3.880s
DBG getmany L63 nw=13 wall=0.720s thr(out)1 thr(in)16 conc_peak=13 pread=6.871s
DBG getmany L64 nw=11 wall=0.704s thr(out)1 thr(in)16 conc_peak=11 pread=6.225s
DBG getmany L65 nw=12 wall=0.641s thr(out)1 thr(in)16 conc_peak=12 pread=6.797s
DBG getmany L66 nw=12 wall=0.524s thr(out)1 thr(in)16 conc_peak=12 pread=5.852s
DBG getmany L67 nw=9 wall=0.687s thr(out)1 thr(in)16 conc_peak=9 pread=5.535s
DBG getmany L68 nw=12 wall=0.702s thr(out)1 thr(in)16 conc_peak=7 pread=6.546s
DBG getmany L69 nw=9 wall=0.535s thr(out)1 thr(in)16 conc_peak=9 pread=2.956s
DBG getmany L70 nw=8 wall=0.488s thr(out)1 thr(in)16 conc_peak=8 pread=3.085s
DBG getmany L71 nw=12 wall=0.766s thr(out)1 thr(in)16 conc_peak=12 pread=6.256s
DBG getmany L72 nw=11 wall=0.708s thr(out)1 thr(in)16 conc_peak=11 pread=7.419s
DBG getmany L73 nw=11 wall=0.715s thr(out)1 thr(in)16 conc_peak=11 pread=7.500s
DBG getmany L74 nw=9 wall=0.454s thr(out)1 thr(in)16 conc_peak=9 pread=3.821s
DBG getmany L75 nw=7 wall=0.647s thr(out)1 thr(in)16 conc_peak=7 pread=2.973s
DBG getmany L76 nw=11 wall=0.553s thr(out)1 thr(in)16 conc_peak=11 pread=5.315s
DBG getmany L77 nw=8 wall=0.655s thr(out)1 thr(in)16 conc_peak=8 pread=4.278s
DBG getmany L78 nw=9 wall=0.496s thr(out)1 thr(in)16 conc_peak=9 pread=4.027s
DBG getmany L79 nw=8 wall=0.639s thr(out)1 thr(in)16 conc_peak=8 pread=4.823s
DBG getmany L80 nw=11 wall=0.660s thr(out)1 thr(in)16 conc_peak=11 pread=5.953s
DBG getmany L81 nw=13 wall=0.699s thr(out)1 thr(in)16 conc_peak=13 pread=7.219s
DBG getmany L82 nw=12 wall=0.521s thr(out)1 thr(in)16 conc_peak=12 pread=4.808s
DBG getmany L83 nw=11 wall=0.699s thr(out)1 thr(in)16 conc_peak=11 pread=6.758s
DBG getmany L84 nw=10 wall=0.685s thr(out)1 thr(in)16 conc_peak=10 pread=5.804s
DBG getmany L85 nw=12 wall=0.700s thr(out)1 thr(in)16 conc_peak=12 pread=7.807s
DBG getmany L86 nw=12 wall=0.525s thr(out)1 thr(in)16 conc_peak=12 pread=5.426s
DBG getmany L87 nw=8 wall=0.645s thr(out)1 thr(in)16 conc_peak=8 pread=4.610s
DBG getmany L88 nw=11 wall=0.689s thr(out)1 thr(in)16 conc_peak=11 pread=7.061s
DBG getmany L89 nw=8 wall=0.684s thr(out)1 thr(in)16 conc_peak=8 pread=3.825s
DBG getmany L90 nw=8 wall=0.461s thr(out)1 thr(in)16 conc_peak=8 pread=3.211s
DBG getmany L91 nw=9 wall=0.466s thr(out)1 thr(in)16 conc_peak=9 pread=3.645s
DBG getmany L92 nw=14 wall=0.239s thr(out)1 thr(in)16 conc_peak=14 pread=2.053s
4      2975       70.02        100.0      18.34      0.014
  L2   resident=6779/14589 slots hit=100.0% read=106.42GB write=0.00GB
DBG getmany L1 nw=12 wall=0.175s thr(out)1 thr(in)16 conc_peak=12 pread=1.221s
DBG getmany L2 nw=11 wall=0.172s thr(out)1 thr(in)16 conc_peak=11 pread=1.094s
DBG getmany L3 nw=8 wall=0.118s thr(out)1 thr(in)16 conc_peak=8 pread=0.583s
DBG getmany L4 nw=12 wall=0.187s thr(out)1 thr(in)16 conc_peak=12 pread=1.272s
DBG getmany L5 nw=9 wall=0.151s thr(out)1 thr(in)16 conc_peak=9 pread=0.796s
DBG getmany L6 nw=15 wall=0.224s thr(out)1 thr(in)16 conc_peak=15 pread=1.925s
DBG getmany L7 nw=12 wall=0.178s thr(out)1 thr(in)16 conc_peak=12 pread=1.223s
DBG getmany L8 nw=12 wall=0.178s thr(out)1 thr(in)16 conc_peak=12 pread=1.209s
DBG getmany L9 nw=12 wall=0.728s thr(out)1 thr(in)16 conc_peak=12 pread=6.723s
DBG getmany L10 nw=8 wall=0.474s thr(out)1 thr(in)16 conc_peak=8 pread=3.459s
DBG getmany L11 nw=8 wall=0.677s thr(out)1 thr(in)16 conc_peak=6 pread=3.136s
DBG getmany L12 nw=8 wall=0.632s thr(out)1 thr(in)16 conc_peak=8 pread=4.237s
DBG getmany L13 nw=10 wall=0.649s thr(out)1 thr(in)16 conc_peak=10 pread=4.993s
DBG getmany L14 nw=13 wall=0.533s thr(out)1 thr(in)16 conc_peak=13 pread=6.084s
DBG getmany L15 nw=12 wall=0.637s thr(out)1 thr(in)16 conc_peak=12 pread=5.609s
DBG getmany L16 nw=11 wall=0.608s thr(out)1 thr(in)16 conc_peak=11 pread=6.221s
DBG getmany L17 nw=12 wall=0.681s thr(out)1 thr(in)16 conc_peak=12 pread=7.279s
DBG getmany L18 nw=9 wall=0.499s thr(out)1 thr(in)16 conc_peak=9 pread=4.101s
DBG getmany L19 nw=12 wall=0.637s thr(out)1 thr(in)16 conc_peak=12 pread=6.730s
DBG getmany L20 nw=7 wall=0.559s thr(out)1 thr(in)16 conc_peak=7 pread=3.092s
DBG getmany L21 nw=11 wall=0.695s thr(out)1 thr(in)16 conc_peak=11 pread=5.883s
DBG getmany L22 nw=11 wall=0.503s thr(out)1 thr(in)16 conc_peak=11 pread=4.920s
DBG getmany L23 nw=9 wall=0.603s thr(out)1 thr(in)16 conc_peak=4 pread=4.251s
DBG getmany L24 nw=14 wall=0.776s thr(out)1 thr(in)16 conc_peak=14 pread=9.552s
DBG getmany L25 nw=12 wall=0.700s thr(out)1 thr(in)16 conc_peak=12 pread=7.294s
DBG getmany L26 nw=10 wall=0.487s thr(out)1 thr(in)16 conc_peak=10 pread=4.054s
DBG getmany L27 nw=12 wall=0.655s thr(out)1 thr(in)16 conc_peak=12 pread=7.137s
DBG getmany L28 nw=13 wall=0.660s thr(out)1 thr(in)16 conc_peak=13 pread=7.020s
DBG getmany L29 nw=13 wall=0.724s thr(out)1 thr(in)16 conc_peak=13 pread=8.984s
DBG getmany L30 nw=11 wall=0.513s thr(out)1 thr(in)16 conc_peak=11 pread=4.640s
DBG getmany L31 nw=10 wall=0.696s thr(out)1 thr(in)16 conc_peak=10 pread=4.952s
DBG getmany L32 nw=11 wall=0.673s thr(out)1 thr(in)16 conc_peak=11 pread=6.366s
DBG getmany L33 nw=9 wall=0.701s thr(out)1 thr(in)16 conc_peak=7 pread=4.640s
DBG getmany L34 nw=12 wall=0.529s thr(out)1 thr(in)16 conc_peak=11 pread=4.992s
DBG getmany L35 nw=10 wall=0.719s thr(out)1 thr(in)16 conc_peak=6 pread=6.708s
DBG getmany L36 nw=13 wall=0.726s thr(out)1 thr(in)16 conc_peak=13 pread=8.790s
DBG getmany L37 nw=13 wall=0.724s thr(out)1 thr(in)16 conc_peak=13 pread=6.479s
DBG getmany L38 nw=7 wall=0.442s thr(out)1 thr(in)16 conc_peak=7 pread=2.013s
DBG getmany L39 nw=11 wall=0.713s thr(out)1 thr(in)16 conc_peak=11 pread=5.046s
DBG getmany L40 nw=11 wall=0.696s thr(out)1 thr(in)16 conc_peak=11 pread=6.566s
DBG getmany L41 nw=8 wall=0.599s thr(out)1 thr(in)16 conc_peak=7 pread=3.591s
DBG getmany L42 nw=7 wall=0.448s thr(out)1 thr(in)16 conc_peak=7 pread=2.333s
DBG getmany L43 nw=8 wall=0.693s thr(out)1 thr(in)16 conc_peak=8 pread=3.759s
DBG getmany L44 nw=12 wall=0.708s thr(out)1 thr(in)16 conc_peak=12 pread=5.778s
DBG getmany L45 nw=10 wall=0.693s thr(out)1 thr(in)16 conc_peak=10 pread=5.623s
DBG getmany L46 nw=9 wall=0.484s thr(out)1 thr(in)16 conc_peak=9 pread=3.607s
DBG getmany L47 nw=10 wall=0.594s thr(out)1 thr(in)16 conc_peak=10 pread=3.341s
DBG getmany L48 nw=12 wall=0.687s thr(out)1 thr(in)16 conc_peak=12 pread=7.644s
DBG getmany L49 nw=15 wall=0.763s thr(out)1 thr(in)16 conc_peak=15 pread=9.933s
DBG getmany L50 nw=11 wall=0.492s thr(out)1 thr(in)16 conc_peak=11 pread=3.620s
DBG getmany L51 nw=12 wall=0.692s thr(out)1 thr(in)16 conc_peak=12 pread=6.946s
DBG getmany L52 nw=9 wall=0.629s thr(out)1 thr(in)16 conc_peak=9 pread=4.818s
DBG getmany L53 nw=13 wall=0.700s thr(out)1 thr(in)16 conc_peak=13 pread=6.698s
DBG getmany L54 nw=11 wall=0.502s thr(out)1 thr(in)16 conc_peak=11 pread=3.739s
DBG getmany L55 nw=13 wall=0.729s thr(out)1 thr(in)16 conc_peak=13 pread=7.369s
DBG getmany L56 nw=12 wall=0.721s thr(out)1 thr(in)16 conc_peak=12 pread=7.070s
DBG getmany L57 nw=15 wall=0.762s thr(out)1 thr(in)16 conc_peak=15 pread=10.734s
DBG getmany L58 nw=9 wall=0.487s thr(out)1 thr(in)16 conc_peak=3 pread=3.842s
DBG getmany L59 nw=6 wall=0.337s thr(out)1 thr(in)16 conc_peak=6 pread=1.500s
DBG getmany L60 nw=11 wall=0.701s thr(out)1 thr(in)16 conc_peak=11 pread=6.644s
DBG getmany L61 nw=12 wall=0.566s thr(out)1 thr(in)16 conc_peak=12 pread=4.542s
DBG getmany L62 nw=10 wall=0.474s thr(out)1 thr(in)16 conc_peak=8 pread=4.107s
DBG getmany L63 nw=12 wall=0.681s thr(out)1 thr(in)16 conc_peak=12 pread=7.290s
DBG getmany L64 nw=9 wall=0.660s thr(out)1 thr(in)16 conc_peak=9 pread=5.412s
DBG getmany L65 nw=10 wall=0.664s thr(out)1 thr(in)16 conc_peak=9 pread=5.578s
DBG getmany L66 nw=7 wall=0.439s thr(out)1 thr(in)16 conc_peak=5 pread=2.443s
DBG getmany L67 nw=12 wall=0.716s thr(out)1 thr(in)16 conc_peak=12 pread=7.493s
DBG getmany L68 nw=14 wall=0.708s thr(out)1 thr(in)16 conc_peak=14 pread=9.346s
DBG getmany L69 nw=9 wall=0.666s thr(out)1 thr(in)16 conc_peak=9 pread=5.605s
DBG getmany L70 nw=7 wall=0.437s thr(out)1 thr(in)16 conc_peak=7 pread=2.553s
DBG getmany L71 nw=8 wall=0.705s thr(out)1 thr(in)16 conc_peak=8 pread=3.534s
DBG getmany L72 nw=9 wall=0.681s thr(out)1 thr(in)16 conc_peak=9 pread=4.627s
DBG getmany L73 nw=10 wall=0.685s thr(out)1 thr(in)16 conc_peak=10 pread=5.553s
DBG getmany L74 nw=5 wall=0.379s thr(out)1 thr(in)16 conc_peak=5 pread=1.765s
DBG getmany L75 nw=6 wall=0.577s thr(out)1 thr(in)16 conc_peak=6 pread=3.118s
DBG getmany L76 nw=8 wall=0.601s thr(out)1 thr(in)16 conc_peak=8 pread=3.375s
DBG getmany L77 nw=7 wall=0.626s thr(out)1 thr(in)16 conc_peak=7 pread=3.021s
DBG getmany L78 nw=10 wall=0.476s thr(out)1 thr(in)16 conc_peak=10 pread=4.230s
DBG getmany L79 nw=7 wall=0.640s thr(out)1 thr(in)16 conc_peak=7 pread=3.371s
DBG getmany L80 nw=9 wall=0.640s thr(out)1 thr(in)16 conc_peak=9 pread=3.342s
DBG getmany L81 nw=10 wall=0.685s thr(out)1 thr(in)16 conc_peak=10 pread=4.578s
DBG getmany L82 nw=10 wall=0.500s thr(out)1 thr(in)16 conc_peak=10 pread=4.424s
DBG getmany L83 nw=10 wall=0.694s thr(out)1 thr(in)16 conc_peak=10 pread=5.689s
DBG getmany L84 nw=11 wall=0.699s thr(out)1 thr(in)16 conc_peak=10 pread=6.328s
DBG getmany L85 nw=8 wall=0.616s thr(out)1 thr(in)16 conc_peak=8 pread=3.258s
DBG getmany L86 nw=10 wall=0.487s thr(out)1 thr(in)16 conc_peak=10 pread=4.370s
DBG getmany L87 nw=8 wall=0.628s thr(out)1 thr(in)16 conc_peak=8 pread=4.750s
DBG getmany L88 nw=10 wall=0.663s thr(out)1 thr(in)16 conc_peak=10 pread=5.671s
DBG getmany L89 nw=7 wall=0.660s thr(out)1 thr(in)16 conc_peak=7 pread=4.288s
DBG getmany L90 nw=8 wall=0.463s thr(out)1 thr(in)16 conc_peak=8 pread=3.507s
DBG getmany L91 nw=7 wall=0.454s thr(out)1 thr(in)16 conc_peak=7 pread=2.892s
DBG getmany L92 nw=10 wall=0.146s thr(out)1 thr(in)16 conc_peak=10 pread=0.798s
5      15         69.46        100.0      16.48      0.014
  L2   resident=6779/14589 slots hit=100.0% read=122.90GB write=0.00GB
DBG getmany L1 nw=12 wall=0.174s thr(out)1 thr(in)16 conc_peak=12 pread=1.187s
DBG getmany L2 nw=10 wall=0.153s thr(out)1 thr(in)16 conc_peak=10 pread=0.884s
DBG getmany L3 nw=7 wall=0.105s thr(out)1 thr(in)16 conc_peak=7 pread=0.436s
DBG getmany L4 nw=9 wall=0.144s thr(out)1 thr(in)16 conc_peak=9 pread=0.748s
DBG getmany L5 nw=5 wall=0.077s thr(out)1 thr(in)16 conc_peak=5 pread=0.243s
DBG getmany L6 nw=13 wall=0.188s thr(out)1 thr(in)16 conc_peak=13 pread=1.370s
DBG getmany L7 nw=11 wall=0.163s thr(out)1 thr(in)16 conc_peak=11 pread=1.020s
DBG getmany L8 nw=9 wall=0.134s thr(out)1 thr(in)16 conc_peak=5 pread=0.727s
DBG getmany L9 nw=8 wall=0.679s thr(out)1 thr(in)16 conc_peak=7 pread=4.832s
DBG getmany L10 nw=7 wall=0.464s thr(out)1 thr(in)16 conc_peak=6 pread=2.050s
DBG getmany L11 nw=9 wall=0.695s thr(out)1 thr(in)16 conc_peak=9 pread=5.013s
DBG getmany L12 nw=11 wall=0.684s thr(out)1 thr(in)16 conc_peak=11 pread=6.008s
DBG getmany L13 nw=11 wall=0.666s thr(out)1 thr(in)16 conc_peak=3 pread=3.807s
DBG getmany L14 nw=13 wall=0.526s thr(out)1 thr(in)16 conc_peak=13 pread=5.043s
DBG getmany L15 nw=11 wall=0.700s thr(out)1 thr(in)16 conc_peak=11 pread=7.094s
DBG getmany L16 nw=9 wall=0.587s thr(out)1 thr(in)16 conc_peak=9 pread=3.179s
DBG getmany L17 nw=8 wall=0.628s thr(out)1 thr(in)16 conc_peak=8 pread=4.203s
DBG getmany L18 nw=9 wall=0.490s thr(out)1 thr(in)16 conc_peak=9 pread=3.623s
DBG getmany L19 nw=11 wall=0.639s thr(out)1 thr(in)16 conc_peak=11 pread=6.503s
DBG getmany L20 nw=9 wall=0.589s thr(out)1 thr(in)16 conc_peak=9 pread=3.968s
DBG getmany L21 nw=9 wall=0.673s thr(out)1 thr(in)16 conc_peak=8 pread=5.562s
DBG getmany L22 nw=8 wall=0.460s thr(out)1 thr(in)16 conc_peak=8 pread=2.986s
DBG getmany L23 nw=5 wall=0.553s thr(out)1 thr(in)16 conc_peak=5 pread=2.081s
DBG getmany L24 nw=13 wall=0.773s thr(out)1 thr(in)16 conc_peak=13 pread=8.622s
DBG getmany L25 nw=10 wall=0.674s thr(out)1 thr(in)16 conc_peak=10 pread=5.589s
DBG getmany L26 nw=9 wall=0.468s thr(out)1 thr(in)16 conc_peak=9 pread=3.655s
DBG getmany L27 nw=11 wall=0.654s thr(out)1 thr(in)16 conc_peak=11 pread=5.759s
DBG getmany L28 nw=11 wall=0.625s thr(out)1 thr(in)16 conc_peak=11 pread=6.327s
DBG getmany L29 nw=11 wall=0.687s thr(out)1 thr(in)16 conc_peak=11 pread=6.532s
DBG getmany L30 nw=8 wall=0.470s thr(out)1 thr(in)16 conc_peak=8 pread=3.204s
DBG getmany L31 nw=9 wall=0.699s thr(out)1 thr(in)16 conc_peak=8 pread=3.897s
DBG getmany L32 nw=7 wall=0.610s thr(out)1 thr(in)16 conc_peak=7 pread=3.310s
DBG getmany L33 nw=8 wall=0.692s thr(out)1 thr(in)16 conc_peak=8 pread=4.548s
DBG getmany L34 nw=9 wall=0.483s thr(out)1 thr(in)16 conc_peak=9 pread=3.048s
DBG getmany L35 nw=7 wall=0.666s thr(out)1 thr(in)16 conc_peak=7 pread=4.238s
DBG getmany L36 nw=10 wall=0.692s thr(out)1 thr(in)16 conc_peak=10 pread=3.988s
DBG getmany L37 nw=8 wall=0.645s thr(out)1 thr(in)16 conc_peak=7 pread=4.104s
DBG getmany L38 nw=10 wall=0.471s thr(out)1 thr(in)16 conc_peak=10 pread=3.662s
DBG getmany L39 nw=9 wall=0.668s thr(out)1 thr(in)16 conc_peak=9 pread=5.054s
DBG getmany L40 nw=7 wall=0.645s thr(out)1 thr(in)16 conc_peak=7 pread=3.305s
DBG getmany L41 nw=6 wall=0.540s thr(out)1 thr(in)16 conc_peak=3 pread=2.074s
DBG getmany L42 nw=8 wall=0.464s thr(out)1 thr(in)16 conc_peak=8 pread=3.277s
DBG getmany L43 nw=7 wall=0.689s thr(out)1 thr(in)16 conc_peak=6 pread=3.776s
DBG getmany L44 nw=6 wall=0.628s thr(out)1 thr(in)16 conc_peak=6 pread=3.451s
DBG getmany L45 nw=6 wall=0.636s thr(out)1 thr(in)16 conc_peak=5 pread=2.637s
DBG getmany L46 nw=7 wall=0.440s thr(out)1 thr(in)16 conc_peak=7 pread=2.759s
DBG getmany L47 nw=9 wall=0.663s thr(out)1 thr(in)16 conc_peak=9 pread=5.460s
DBG getmany L48 nw=7 wall=0.613s thr(out)1 thr(in)16 conc_peak=7 pread=2.799s
DBG getmany L49 nw=10 wall=0.685s thr(out)1 thr(in)16 conc_peak=10 pread=6.320s
DBG getmany L50 nw=7 wall=0.379s thr(out)1 thr(in)16 conc_peak=5 pread=2.065s
DBG getmany L51 nw=8 wall=0.639s thr(out)1 thr(in)16 conc_peak=8 pread=4.674s
DBG getmany L52 nw=11 wall=0.656s thr(out)1 thr(in)16 conc_peak=11 pread=5.397s
DBG getmany L53 nw=11 wall=0.612s thr(out)1 thr(in)16 conc_peak=11 pread=5.333s
DBG getmany L54 nw=9 wall=0.458s thr(out)1 thr(in)16 conc_peak=9 pread=3.650s
DBG getmany L55 nw=4 wall=0.596s thr(out)1 thr(in)16 conc_peak=4 pread=2.031s
DBG getmany L56 nw=8 wall=0.537s thr(out)1 thr(in)16 conc_peak=7 pread=3.438s
DBG getmany L57 nw=9 wall=0.678s thr(out)1 thr(in)16 conc_peak=9 pread=5.516s
DBG getmany L58 nw=7 wall=0.460s thr(out)1 thr(in)16 conc_peak=6 pread=2.902s
DBG getmany L59 nw=6 wall=0.638s thr(out)1 thr(in)16 conc_peak=6 pread=3.439s
DBG getmany L60 nw=8 wall=0.665s thr(out)1 thr(in)16 conc_peak=8 pread=4.083s
DBG getmany L61 nw=6 wall=0.423s thr(out)1 thr(in)16 conc_peak=6 pread=1.697s
DBG getmany L62 nw=8 wall=0.452s thr(out)1 thr(in)16 conc_peak=8 pread=2.942s
DBG getmany L63 nw=4 wall=0.606s thr(out)1 thr(in)16 conc_peak=4 pread=1.895s
DBG getmany L64 nw=10 wall=0.687s thr(out)1 thr(in)16 conc_peak=10 pread=5.181s
DBG getmany L65 nw=7 wall=0.507s thr(out)1 thr(in)16 conc_peak=7 pread=2.874s
DBG getmany L66 nw=4 wall=0.403s thr(out)1 thr(in)16 conc_peak=4 pread=1.274s
DBG getmany L67 nw=7 wall=0.624s thr(out)1 thr(in)16 conc_peak=7 pread=3.027s
DBG getmany L68 nw=10 wall=0.690s thr(out)1 thr(in)16 conc_peak=8 pread=6.519s
DBG getmany L69 nw=11 wall=0.707s thr(out)1 thr(in)16 conc_peak=11 pread=7.036s
DBG getmany L70 nw=7 wall=0.440s thr(out)1 thr(in)16 conc_peak=6 pread=2.543s
DBG getmany L71 nw=6 wall=0.667s thr(out)1 thr(in)16 conc_peak=4 pread=2.459s
DBG getmany L72 nw=7 wall=0.665s thr(out)1 thr(in)16 conc_peak=7 pread=4.100s
DBG getmany L73 nw=12 wall=0.708s thr(out)1 thr(in)16 conc_peak=12 pread=8.079s
DBG getmany L74 nw=6 wall=0.424s thr(out)1 thr(in)16 conc_peak=5 pread=2.333s
DBG getmany L75 nw=5 wall=0.631s thr(out)1 thr(in)16 conc_peak=5 pread=2.290s
DBG getmany L76 nw=7 wall=0.603s thr(out)1 thr(in)16 conc_peak=7 pread=3.010s
DBG getmany L77 nw=6 wall=0.622s thr(out)1 thr(in)16 conc_peak=6 pread=3.455s
DBG getmany L78 nw=6 wall=0.290s thr(out)1 thr(in)16 conc_peak=6 pread=1.452s
DBG getmany L79 nw=7 wall=0.469s thr(out)1 thr(in)16 conc_peak=7 pread=2.147s
DBG getmany L80 nw=6 wall=0.591s thr(out)1 thr(in)16 conc_peak=6 pread=3.359s
DBG getmany L81 nw=7 wall=0.629s thr(out)1 thr(in)16 conc_peak=7 pread=4.091s
DBG getmany L82 nw=5 wall=0.409s thr(out)1 thr(in)16 conc_peak=4 pread=1.390s
DBG getmany L83 nw=7 wall=0.620s thr(out)1 thr(in)16 conc_peak=5 pread=3.591s
DBG getmany L84 nw=6 wall=0.615s thr(out)1 thr(in)16 conc_peak=6 pread=3.469s
DBG getmany L85 nw=4 wall=0.589s thr(out)1 thr(in)16 conc_peak=4 pread=1.646s
DBG getmany L86 nw=4 wall=0.382s thr(out)1 thr(in)16 conc_peak=4 pread=1.339s
DBG getmany L87 nw=7 wall=0.612s thr(out)1 thr(in)16 conc_peak=7 pread=4.044s
DBG getmany L88 nw=4 wall=0.590s thr(out)1 thr(in)16 conc_peak=4 pread=1.603s
DBG getmany L89 nw=4 wall=0.625s thr(out)1 thr(in)16 conc_peak=4 pread=2.239s
DBG getmany L90 nw=3 wall=0.382s thr(out)1 thr(in)16 conc_peak=3 pread=1.127s
DBG getmany L91 nw=4 wall=0.408s thr(out)1 thr(in)16 conc_peak=4 pread=1.097s
DBG getmany L92 nw=8 wall=0.114s thr(out)1 thr(in)16 conc_peak=8 pread=0.526s
6      3629       65.77        100.0      12.81      0.015
  L2   resident=6779/14589 slots hit=100.0% read=135.71GB write=0.00GB
DBG getmany L1 nw=12 wall=0.173s thr(out)1 thr(in)16 conc_peak=12 pread=1.170s
DBG getmany L2 nw=13 wall=0.195s thr(out)1 thr(in)16 conc_peak=13 pread=1.429s
DBG getmany L3 nw=8 wall=0.120s thr(out)1 thr(in)16 conc_peak=8 pread=0.577s
DBG getmany L4 nw=11 wall=0.159s thr(out)1 thr(in)16 conc_peak=11 pread=0.981s
DBG getmany L5 nw=13 wall=0.191s thr(out)1 thr(in)16 conc_peak=13 pread=1.402s
DBG getmany L6 nw=14 wall=0.204s thr(out)1 thr(in)16 conc_peak=14 pread=1.716s
DBG getmany L7 nw=11 wall=0.159s thr(out)1 thr(in)16 conc_peak=11 pread=0.991s
DBG getmany L8 nw=12 wall=0.177s thr(out)1 thr(in)16 conc_peak=12 pread=1.200s
DBG getmany L9 nw=14 wall=0.752s thr(out)1 thr(in)16 conc_peak=14 pread=9.557s
DBG getmany L10 nw=8 wall=0.473s thr(out)1 thr(in)16 conc_peak=8 pread=3.198s
DBG getmany L11 nw=10 wall=0.697s thr(out)1 thr(in)16 conc_peak=10 pread=5.919s
DBG getmany L12 nw=9 wall=0.640s thr(out)1 thr(in)16 conc_peak=9 pread=4.184s
DBG getmany L13 nw=10 wall=0.643s thr(out)1 thr(in)16 conc_peak=10 pread=4.918s
DBG getmany L14 nw=11 wall=0.404s thr(out)1 thr(in)16 conc_peak=11 pread=3.325s
DBG getmany L15 nw=13 wall=0.719s thr(out)1 thr(in)16 conc_peak=12 pread=8.793s
DBG getmany L16 nw=7 wall=0.549s thr(out)1 thr(in)16 conc_peak=7 pread=3.465s
DBG getmany L17 nw=9 wall=0.632s thr(out)1 thr(in)16 conc_peak=9 pread=3.430s
DBG getmany L18 nw=7 wall=0.466s thr(out)1 thr(in)16 conc_peak=7 pread=2.628s
DBG getmany L19 nw=9 wall=0.606s thr(out)1 thr(in)16 conc_peak=9 pread=4.226s
DBG getmany L20 nw=8 wall=0.587s thr(out)1 thr(in)16 conc_peak=3 pread=3.198s
DBG getmany L21 nw=12 wall=0.708s thr(out)1 thr(in)16 conc_peak=12 pread=7.231s
DBG getmany L22 nw=10 wall=0.488s thr(out)1 thr(in)16 conc_peak=10 pread=4.395s
DBG getmany L23 nw=9 wall=0.620s thr(out)1 thr(in)16 conc_peak=8 pread=4.727s
DBG getmany L24 nw=14 wall=0.779s thr(out)1 thr(in)16 conc_peak=14 pread=10.413s
DBG getmany L25 nw=12 wall=0.679s thr(out)1 thr(in)16 conc_peak=12 pread=7.178s
DBG getmany L26 nw=12 wall=0.506s thr(out)1 thr(in)16 conc_peak=12 pread=4.536s
DBG getmany L27 nw=13 wall=0.690s thr(out)1 thr(in)16 conc_peak=13 pread=8.437s
DBG getmany L28 nw=13 wall=0.654s thr(out)1 thr(in)16 conc_peak=13 pread=7.462s
DBG getmany L29 nw=10 wall=0.679s thr(out)1 thr(in)16 conc_peak=10 pread=5.659s
DBG getmany L30 nw=10 wall=0.500s thr(out)1 thr(in)16 conc_peak=10 pread=4.297s
DBG getmany L31 nw=11 wall=0.647s thr(out)1 thr(in)16 conc_peak=10 pread=5.291s
DBG getmany L32 nw=8 wall=0.655s thr(out)1 thr(in)16 conc_peak=8 pread=3.837s
DBG getmany L33 nw=10 wall=0.709s thr(out)1 thr(in)16 conc_peak=10 pread=5.983s
DBG getmany L34 nw=13 wall=0.524s thr(out)1 thr(in)16 conc_peak=13 pread=6.163s
DBG getmany L35 nw=9 wall=0.687s thr(out)1 thr(in)16 conc_peak=9 pread=4.526s
DBG getmany L36 nw=9 wall=0.666s thr(out)1 thr(in)16 conc_peak=8 pread=4.184s
DBG getmany L37 nw=11 wall=0.677s thr(out)1 thr(in)16 conc_peak=11 pread=6.644s
DBG getmany L38 nw=9 wall=0.414s thr(out)1 thr(in)16 conc_peak=9 pread=2.908s
DBG getmany L39 nw=6 wall=0.615s thr(out)1 thr(in)16 conc_peak=6 pread=3.065s
DBG getmany L40 nw=7 wall=0.643s thr(out)1 thr(in)16 conc_peak=7 pread=3.357s
DBG getmany L41 nw=4 wall=0.578s thr(out)1 thr(in)16 conc_peak=4 pread=1.526s
DBG getmany L42 nw=6 wall=0.432s thr(out)1 thr(in)16 conc_peak=6 pread=2.159s
DBG getmany L43 nw=4 wall=0.636s thr(out)1 thr(in)16 conc_peak=4 pread=2.030s
DBG getmany L44 nw=6 wall=0.623s thr(out)1 thr(in)16 conc_peak=6 pread=3.568s
DBG getmany L45 nw=8 wall=0.666s thr(out)1 thr(in)16 conc_peak=8 pread=4.170s
DBG getmany L46 nw=8 wall=0.325s thr(out)1 thr(in)16 conc_peak=8 pread=2.126s
DBG getmany L47 nw=5 wall=0.576s thr(out)1 thr(in)16 conc_peak=5 pread=2.276s
DBG getmany L48 nw=8 wall=0.544s thr(out)1 thr(in)16 conc_peak=8 pread=2.601s
DBG getmany L49 nw=13 wall=0.747s thr(out)1 thr(in)16 conc_peak=13 pread=9.159s
DBG getmany L50 nw=8 wall=0.440s thr(out)1 thr(in)16 conc_peak=8 pread=2.690s
DBG getmany L51 nw=7 wall=0.625s thr(out)1 thr(in)16 conc_peak=7 pread=3.850s
DBG getmany L52 nw=9 wall=0.627s thr(out)1 thr(in)16 conc_peak=9 pread=5.244s
DBG getmany L53 nw=10 wall=0.662s thr(out)1 thr(in)16 conc_peak=9 pread=4.962s
DBG getmany L54 nw=11 wall=0.499s thr(out)1 thr(in)16 conc_peak=11 pread=4.514s
DBG getmany L55 nw=7 wall=0.633s thr(out)1 thr(in)16 conc_peak=7 pread=3.486s
DBG getmany L56 nw=9 wall=0.484s thr(out)1 thr(in)16 conc_peak=9 pread=3.080s
DBG getmany L57 nw=9 wall=0.667s thr(out)1 thr(in)16 conc_peak=9 pread=4.313s
DBG getmany L58 nw=6 wall=0.381s thr(out)1 thr(in)16 conc_peak=6 pread=1.810s
DBG getmany L59 nw=5 wall=0.606s thr(out)1 thr(in)16 conc_peak=5 pread=2.426s
DBG getmany L60 nw=10 wall=0.681s thr(out)1 thr(in)16 conc_peak=10 pread=6.433s
DBG getmany L61 nw=13 wall=0.695s thr(out)1 thr(in)16 conc_peak=13 pread=6.196s
DBG getmany L62 nw=7 wall=0.408s thr(out)1 thr(in)16 conc_peak=7 pread=2.413s
DBG getmany L63 nw=9 wall=0.672s thr(out)1 thr(in)16 conc_peak=9 pread=4.078s
DBG getmany L64 nw=13 wall=0.722s thr(out)1 thr(in)16 conc_peak=13 pread=8.880s
DBG getmany L65 nw=7 wall=0.411s thr(out)1 thr(in)16 conc_peak=7 pread=2.409s
DBG getmany L66 nw=10 wall=0.465s thr(out)1 thr(in)16 conc_peak=10 pread=3.920s
DBG getmany L67 nw=9 wall=0.686s thr(out)1 thr(in)16 conc_peak=7 pread=5.945s
DBG getmany L68 nw=11 wall=0.627s thr(out)1 thr(in)16 conc_peak=11 pread=5.559s
DBG getmany L69 nw=11 wall=0.687s thr(out)1 thr(in)16 conc_peak=11 pread=6.682s
DBG getmany L70 nw=9 wall=0.459s thr(out)1 thr(in)16 conc_peak=9 pread=3.157s
DBG getmany L71 nw=8 wall=0.705s thr(out)1 thr(in)16 conc_peak=8 pread=3.068s
DBG getmany L72 nw=6 wall=0.636s thr(out)1 thr(in)16 conc_peak=6 pread=3.488s
DBG getmany L73 nw=11 wall=0.572s thr(out)1 thr(in)16 conc_peak=10 pread=4.543s
DBG getmany L74 nw=8 wall=0.452s thr(out)1 thr(in)16 conc_peak=8 pread=3.236s
DBG getmany L75 nw=9 wall=0.634s thr(out)1 thr(in)16 conc_peak=9 pread=5.201s
DBG getmany L76 nw=10 wall=0.638s thr(out)1 thr(in)16 conc_peak=7 pread=5.682s
DBG getmany L77 nw=7 wall=0.635s thr(out)1 thr(in)16 conc_peak=7 pread=2.982s
DBG getmany L78 nw=7 wall=0.416s thr(out)1 thr(in)16 conc_peak=2 pread=2.230s
DBG getmany L79 nw=8 wall=0.633s thr(out)1 thr(in)16 conc_peak=4 pread=4.433s
DBG getmany L80 nw=13 wall=0.676s thr(out)1 thr(in)16 conc_peak=13 pread=8.293s
DBG getmany L81 nw=11 wall=0.679s thr(out)1 thr(in)16 conc_peak=11 pread=6.932s
DBG getmany L82 nw=11 wall=0.494s thr(out)1 thr(in)16 conc_peak=11 pread=4.958s
DBG getmany L83 nw=9 wall=0.668s thr(out)1 thr(in)16 conc_peak=9 pread=5.104s
DBG getmany L84 nw=12 wall=0.694s thr(out)1 thr(in)16 conc_peak=11 pread=7.540s
DBG getmany L85 nw=10 wall=0.660s thr(out)1 thr(in)16 conc_peak=10 pread=4.959s
DBG getmany L86 nw=9 wall=0.451s thr(out)1 thr(in)16 conc_peak=9 pread=3.404s
DBG getmany L87 nw=9 wall=0.645s thr(out)1 thr(in)16 conc_peak=9 pread=4.802s
DBG getmany L88 nw=7 wall=0.631s thr(out)1 thr(in)16 conc_peak=7 pread=2.753s
DBG getmany L89 nw=6 wall=0.637s thr(out)1 thr(in)16 conc_peak=5 pread=2.696s
DBG getmany L90 nw=8 wall=0.456s thr(out)1 thr(in)16 conc_peak=8 pread=3.082s
DBG getmany L91 nw=10 wall=0.485s thr(out)1 thr(in)16 conc_peak=10 pread=3.963s
DBG getmany L92 nw=13 wall=0.193s thr(out)1 thr(in)16 conc_peak=13 pread=1.480s
7      1389       67.52        100.0      15.28      0.015
  L2   resident=6779/14589 slots hit=100.0% read=150.99GB write=0.00GB
--------------------------------------------------------------------
8 tokens in 654.2 s, 81.77 s/token average
PEAK RSS for the whole run: 44.72 GB   <- quote this, not the plan
layers completed: 93/93; routed expert drops: 0


[chip] simulated MXFP4 GEMV bill over 9 tokens
  11776 expert chains | 777925951488 flops | 206636580864 bytes (206.64 GB)
  per token: 1308 chains | 22.96 GB | 0.09 Gflops
  compute wall @ 4 TFLOPS : 0.19 s (21.61 ms/token)
  bandwidth wall @ 200 GB/s : 1.03 s (114.80 ms/token)
  -> bandwidth-bound; to be compute-bound at 4 TFLOPS this needs 1062 GB/s
  expert fetch (host wall, measured): 513.85 s moving 206.64 GB = 0 GB/s
  chip pool wall (measured): 61.27 s

cache [final step]
  slots        : 1708 of 17.56 MB = 29.98 GB arena (1708 resident, 0 pinned)
  requests     : 1472  hits 1472 (100.00%)  misses 0  evictions 871
  of those hits : 871 came from the batch prefetch, i.e. read from disk
                  this token; TRUE resident hit rate 40.83%
  read from disk: 15.28 GB in 51.04 s (299 MB/s while loading)
  phase2 i/o    : 15.29 GB in 51.04 s (300 MB/s)  [pure parallel disk read]
l2cache [final step]
  requests     : 8605  hits 8605 (100.00%)  misses 0
  read  from sdd7: 150.99 GB, written 0.00 GB
  hit I/O   : 150.99 GB in 509.29 s (wall) = 296 MB/s [pread 5140.47 s, 29 MB/s per-thread]
  miss I/O  : 0 misses, 0.00 GB from /model in 0.00 s (wall) = 0 MB/s
  restored from meta: 6779 slots

wrote /mnt/f/kimi-k3-in-c/reports/gateab_ab/v20_p12-20260927_195507/ctrl.json
I/O share of wall clock: 146.1%  (trunk 443.2 s + experts 512.3 s of 654.2 s)
  both figures are WHOLE-RUN totals over 8 steps
  over 100% because trunk reads overlap compute on the reader thread;
  301.3 s of device time was hidden behind arithmetic
  experts, whole run: 151.27 GB read | 4863 of 11776 requests retained in RAM (41.30%) | 6913 evictions
    (retention = requests - evictions; the raw `hits` counter includes
     experts the prefetcher had just read from disk, so it is not a
     measure of avoided I/O)

trunk [final]
  pinned 10/93 layers, ring 2 slots
  binds 744, hits 70 (9.4%), reads 674
  read 398.77 GB in 443.19 s (900 MB/s pread)
  per-layer loads [L]=count: 0=1 1=1 2=1 3=1 4=1 5=1 6=1 7=1 8=1 9=1 10=8 11=8 12=8 13=8 14=8 15=8 16=8 17=8 18=8 19=8 20=8 21=8 22=8 23=8 24=8 25=8 26=8 27=8 28=8 29=8 30=8 31=8 32=8 33=8 34=8 35=8 36=8 37=8 38=8 39=8 40=8 41=8 42=8 43=8 44=8 45=8 46=8 47=8 48=8 49=8 50=8 51=8 52=8 53=8 54=8 55=8 56=8 57=8 58=8 59=8 60=8 61=8 62=8 63=8 64=8 65=8 66=8 67=8 68=8 69=8 70=8 71=8 72=8 73=8 74=8 75=8 76=8 77=8 78=8 79=8 80=8 81=8 82=8 83=8 84=8 85=8 86=8 87=8 88=8 89=8 90=8 91=8 92=8
  bind wall 11.98 s over 744 binds; read 443.19 + widen 2.92 = 446.11 s of device work,
                    of which 434.13 s (97%) overlapped compute on the reader thread
  widen breakdown: find 9 ms (19640)  copy 0 ms (9184)  deq 2893 ms (6320)  timed 3 s of widen 2.92 s
TIME_ELAPSED=683.61
