L2 auto: 209 GB free on /mnt/nvme -> L2 at 256 GB
k3 chip: 4 workers, 4 TFLOPS, 200 GB/s simulated wall
  L2 want=17547264 slot=17547264 nbytes=17547264 fd=O_DIRECT
  L2 want=17547264 slot=17547264 nbytes=17547264 fd=O_DIRECT
  L2 want=17547264 slot=17547264 nbytes=17547264 fd=O_DIRECT
  L2 want=17547264 slot=17547264 nbytes=17547264 fd=O_DIRECT
  L2 want=17547264 slot=17547264 nbytes=17547264 fd=O_DIRECT
  L2 want=17547264 slot=17547264 nbytes=17547264 fd=O_DIRECT
  L2 want=17547264 slot=17547264 nbytes=17547264 fd=O_DIRECT
  L2 want=17547264 slot=17547264 nbytes=17547264 fd=O_DIRECT
  L2 want=17547264 slot=17547264 nbytes=17547264 fd=O_DIRECT
  L2 want=17547264 slot=17547264 nbytes=17547264 fd=O_DIRECT
  L2 want=17547264 slot=17547264 nbytes=17547264 fd=O_DIRECT
  L2 want=17547264 slot=17547264 nbytes=17547264 fd=O_DIRECT
  L2 want=17547264 slot=17547264 nbytes=17547264 fd=O_DIRECT
  L2 want=17547264 slot=17547264 nbytes=17547264 fd=O_DIRECT
  L2 want=17547264 slot=17547264 nbytes=17547264 fd=O_DIRECT
  L2 want=17547264 slot=17547264 nbytes=17547264 fd=O_DIRECT
DBG getmany L1 nw=16 wall=0.199s thr(out)1 thr(in)16 conc_peak=16 pread=1.402s
DBG getmany L2 nw=16 wall=0.193s thr(out)1 thr(in)16 conc_peak=16 pread=2.020s
DBG getmany L3 nw=16 wall=0.207s thr(out)1 thr(in)16 conc_peak=16 pread=2.233s
DBG getmany L4 nw=16 wall=0.195s thr(out)1 thr(in)16 conc_peak=16 pread=2.052s
DBG getmany L5 nw=16 wall=0.185s thr(out)1 thr(in)16 conc_peak=16 pread=1.913s
DBG getmany L6 nw=16 wall=0.193s thr(out)1 thr(in)16 conc_peak=16 pread=2.025s
DBG getmany L7 nw=16 wall=0.198s thr(out)1 thr(in)16 conc_peak=16 pread=2.108s
DBG getmany L8 nw=16 wall=0.197s thr(out)1 thr(in)16 conc_peak=16 pread=2.087s
DBG getmany L9 nw=16 wall=0.201s thr(out)1 thr(in)16 conc_peak=16 pread=2.109s
DBG getmany L10 nw=16 wall=0.202s thr(out)1 thr(in)16 conc_peak=16 pread=2.141s
DBG getmany L11 nw=16 wall=0.202s thr(out)1 thr(in)16 conc_peak=16 pread=2.232s
DBG getmany L12 nw=16 wall=0.199s thr(out)1 thr(in)16 conc_peak=16 pread=2.095s
DBG getmany L13 nw=16 wall=0.216s thr(out)1 thr(in)16 conc_peak=16 pread=2.175s
DBG getmany L14 nw=16 wall=0.207s thr(out)1 thr(in)16 conc_peak=16 pread=2.244s
DBG getmany L15 nw=16 wall=0.210s thr(out)1 thr(in)16 conc_peak=16 pread=2.249s
DBG getmany L16 nw=16 wall=0.205s thr(out)1 thr(in)16 conc_peak=16 pread=2.105s
DBG getmany L17 nw=16 wall=0.205s thr(out)1 thr(in)16 conc_peak=16 pread=2.129s
DBG getmany L18 nw=16 wall=0.186s thr(out)1 thr(in)16 conc_peak=16 pread=1.878s
DBG getmany L19 nw=16 wall=0.211s thr(out)1 thr(in)16 conc_peak=16 pread=2.111s
DBG getmany L20 nw=16 wall=0.201s thr(out)1 thr(in)16 conc_peak=16 pread=2.130s
DBG getmany L21 nw=16 wall=0.214s thr(out)1 thr(in)16 conc_peak=16 pread=2.212s
DBG getmany L22 nw=16 wall=0.264s thr(out)1 thr(in)16 conc_peak=16 pread=2.395s
DBG getmany L23 nw=16 wall=0.513s thr(out)1 thr(in)16 conc_peak=16 pread=6.198s
DBG getmany L24 nw=16 wall=0.558s thr(out)1 thr(in)16 conc_peak=16 pread=7.071s
DBG getmany L25 nw=16 wall=0.536s thr(out)1 thr(in)16 conc_peak=16 pread=7.094s
DBG getmany L26 nw=16 wall=0.407s thr(out)1 thr(in)16 conc_peak=16 pread=5.469s
DBG getmany L27 nw=16 wall=0.493s thr(out)1 thr(in)16 conc_peak=16 pread=6.557s
DBG getmany L28 nw=16 wall=0.468s thr(out)1 thr(in)16 conc_peak=16 pread=4.953s
DBG getmany L29 nw=16 wall=0.518s thr(out)1 thr(in)16 conc_peak=16 pread=6.714s
DBG getmany L30 nw=16 wall=0.412s thr(out)1 thr(in)16 conc_peak=16 pread=5.397s
DBG getmany L31 nw=16 wall=0.578s thr(out)1 thr(in)16 conc_peak=16 pread=7.910s
DBG getmany L32 nw=16 wall=0.562s thr(out)1 thr(in)16 conc_peak=16 pread=6.645s
DBG getmany L33 nw=16 wall=0.610s thr(out)1 thr(in)16 conc_peak=16 pread=8.532s
DBG getmany L34 nw=16 wall=0.413s thr(out)1 thr(in)16 conc_peak=16 pread=5.708s
DBG getmany L35 nw=16 wall=0.581s thr(out)1 thr(in)16 conc_peak=16 pread=7.245s
DBG getmany L36 nw=16 wall=0.574s thr(out)1 thr(in)16 conc_peak=16 pread=6.201s
DBG getmany L37 nw=16 wall=0.506s thr(out)1 thr(in)16 conc_peak=16 pread=6.008s
DBG getmany L38 nw=16 wall=0.403s thr(out)1 thr(in)16 conc_peak=16 pread=5.805s
DBG getmany L39 nw=16 wall=0.576s thr(out)1 thr(in)16 conc_peak=16 pread=6.863s
DBG getmany L40 nw=16 wall=0.563s thr(out)1 thr(in)16 conc_peak=16 pread=6.196s
DBG getmany L41 nw=16 wall=0.515s thr(out)1 thr(in)16 conc_peak=16 pread=6.289s
DBG getmany L42 nw=16 wall=0.410s thr(out)1 thr(in)16 conc_peak=16 pread=5.229s
DBG getmany L43 nw=16 wall=0.573s thr(out)1 thr(in)16 conc_peak=16 pread=7.539s
DBG getmany L44 nw=16 wall=0.557s thr(out)1 thr(in)16 conc_peak=16 pread=7.659s
DBG getmany L45 nw=16 wall=0.566s thr(out)1 thr(in)16 conc_peak=16 pread=6.754s
DBG getmany L46 nw=16 wall=0.448s thr(out)1 thr(in)16 conc_peak=16 pread=5.761s
DBG getmany L47 nw=16 wall=0.570s thr(out)1 thr(in)16 conc_peak=16 pread=6.585s
DBG getmany L48 nw=16 wall=0.574s thr(out)1 thr(in)16 conc_peak=16 pread=6.782s
DBG getmany L49 nw=16 wall=0.601s thr(out)1 thr(in)16 conc_peak=16 pread=7.850s
DBG getmany L50 nw=16 wall=0.455s thr(out)1 thr(in)16 conc_peak=16 pread=5.898s
DBG getmany L51 nw=16 wall=0.603s thr(out)1 thr(in)16 conc_peak=16 pread=7.507s
DBG getmany L52 nw=16 wall=0.573s thr(out)1 thr(in)16 conc_peak=16 pread=6.564s
DBG getmany L53 nw=16 wall=0.520s thr(out)1 thr(in)16 conc_peak=16 pread=6.879s
DBG getmany L54 nw=16 wall=0.462s thr(out)1 thr(in)16 conc_peak=16 pread=4.549s
DBG getmany L55 nw=16 wall=0.611s thr(out)1 thr(in)16 conc_peak=16 pread=8.432s
DBG getmany L56 nw=16 wall=0.197s thr(out)1 thr(in)16 conc_peak=16 pread=1.894s
DBG getmany L57 nw=16 wall=0.587s thr(out)1 thr(in)16 conc_peak=16 pread=8.082s
DBG getmany L58 nw=16 wall=0.432s thr(out)1 thr(in)16 conc_peak=16 pread=6.413s
DBG getmany L59 nw=16 wall=0.581s thr(out)1 thr(in)16 conc_peak=16 pread=6.063s
DBG getmany L60 nw=16 wall=0.496s thr(out)1 thr(in)16 conc_peak=16 pread=6.345s
DBG getmany L61 nw=16 wall=0.608s thr(out)1 thr(in)16 conc_peak=16 pread=8.300s
DBG getmany L62 nw=16 wall=0.446s thr(out)1 thr(in)16 conc_peak=16 pread=5.953s
DBG getmany L63 nw=16 wall=0.599s thr(out)1 thr(in)16 conc_peak=16 pread=7.398s
DBG getmany L64 nw=16 wall=0.606s thr(out)1 thr(in)16 conc_peak=16 pread=7.723s
DBG getmany L65 nw=16 wall=0.563s thr(out)1 thr(in)16 conc_peak=16 pread=7.560s
DBG getmany L66 nw=16 wall=0.448s thr(out)1 thr(in)16 conc_peak=16 pread=4.998s
DBG getmany L67 nw=16 wall=0.597s thr(out)1 thr(in)16 conc_peak=16 pread=8.301s
DBG getmany L68 nw=16 wall=0.599s thr(out)1 thr(in)16 conc_peak=16 pread=8.184s
DBG getmany L69 nw=16 wall=0.574s thr(out)1 thr(in)16 conc_peak=16 pread=7.167s
DBG getmany L70 nw=16 wall=0.421s thr(out)1 thr(in)16 conc_peak=16 pread=4.942s
DBG getmany L71 nw=16 wall=7.619s thr(out)1 thr(in)16 conc_peak=16 pread=80.151s
DBG getmany L72 nw=16 wall=5.068s thr(out)1 thr(in)16 conc_peak=16 pread=79.401s
DBG getmany L73 nw=16 wall=0.610s thr(out)1 thr(in)16 conc_peak=16 pread=7.010s
DBG getmany L74 nw=16 wall=0.443s thr(out)1 thr(in)16 conc_peak=16 pread=5.881s
DBG getmany L75 nw=16 wall=0.589s thr(out)1 thr(in)16 conc_peak=16 pread=7.609s
DBG getmany L76 nw=16 wall=0.540s thr(out)1 thr(in)16 conc_peak=16 pread=8.025s
DBG getmany L77 nw=16 wall=0.622s thr(out)1 thr(in)16 conc_peak=16 pread=9.375s
DBG getmany L78 nw=16 wall=0.460s thr(out)1 thr(in)16 conc_peak=16 pread=5.085s
DBG getmany L79 nw=16 wall=0.607s thr(out)1 thr(in)16 conc_peak=16 pread=6.405s
DBG getmany L80 nw=16 wall=0.451s thr(out)1 thr(in)16 conc_peak=16 pread=4.929s
DBG getmany L81 nw=16 wall=0.446s thr(out)1 thr(in)16 conc_peak=16 pread=4.961s
DBG getmany L82 nw=16 wall=0.414s thr(out)1 thr(in)16 conc_peak=16 pread=6.154s
DBG getmany L83 nw=16 wall=0.530s thr(out)1 thr(in)16 conc_peak=16 pread=7.303s
DBG getmany L84 nw=16 wall=0.554s thr(out)1 thr(in)16 conc_peak=16 pread=8.211s
DBG getmany L85 nw=16 wall=0.537s thr(out)1 thr(in)16 conc_peak=16 pread=8.063s
DBG getmany L86 nw=16 wall=0.408s thr(out)1 thr(in)16 conc_peak=16 pread=5.830s
DBG getmany L87 nw=16 wall=0.608s thr(out)1 thr(in)16 conc_peak=16 pread=4.623s
DBG getmany L88 nw=16 wall=0.545s thr(out)1 thr(in)16 conc_peak=16 pread=8.153s
DBG getmany L89 nw=16 wall=0.580s thr(out)1 thr(in)16 conc_peak=16 pread=8.046s
DBG getmany L90 nw=16 wall=0.414s thr(out)1 thr(in)16 conc_peak=16 pread=5.507s
DBG getmany L91 nw=16 wall=0.429s thr(out)1 thr(in)16 conc_peak=16 pread=6.398s
DBG getmany L92 nw=16 wall=0.160s thr(out)1 thr(in)16 conc_peak=16 pread=1.488s
config: /model/config.json (nested shape) | hidden=7168 layers=93 vocab=163840 | 24 MLA + 69 KDA | experts 896 top16 shared2 | latent=3584
  KV cache : 11.85 MB for 5 positions (2.37 MB/position)
Kimi K3, pure C, released checkpoint
  model    : /model
  prompt   : 1 tokens, generating 3

indexed 497220 tensors from 96 shards in 3.92 s
trunk on disk : 110.00 GB total (STREAMED from /mnt/nvme/trunk_layers_out, not held in RAM)

memory plan
  trunk (STREAMED) 32.00 GB
  embed + lm_head  4.70 GB
  expert cache     15.00 GB
  recurrent state  626.25 MB
  buffers          4.68 MB
  KV cache         11.83 MB
  TOTAL            52.34 GB
  available        57.80 GB

k3_trunk: trunk.bin absent - using per-layer slices (layer_%03d.bin)
trunk stream: 56.60 GB packed, 22/93 layers PINNED (29.30 GB), ring 2 x 1.30 GB
              reads use buffered I/O
              ring holds 2 slots: layers repeat over ~2 tokens, so recent ones are reused instead of re-read
trunk streaming enabled from /mnt/nvme/trunk_layers_out in 0.0 s
embedding, final norm and lm_head: 4.70 GB in 10.2 s

expert L1 eviction policy: heat
expert L2 cache enabled: 14589 slots x 17.55 MB = 256.00 GB on /mnt/nvme/experts.l2
expert L2 exact: nslot=14589 slot_bytes=17547264 l2_slot=17547264 K3_ST_ALIGN=4096
expert L2 eviction policy: heat
peak RSS after loading weights: 4.78 GB  (the plan above is a forecast, this is measured)
expert cache: 854 slots x 17.56 MB = 14.99 GB (1.04% of the 1.45 TB expert pool)

recurrent state for 93 layers: 626.25 MB

incremental decode: KV cache 11.83 MB for 24 MLA layers at 5 positions

STEP   TOKEN      SECONDS      CACHE HIT  READ GB    TOK/S
--------------------------------------------------------------------
0      220        84.44        100.0      25.83      0.012
  L2   resident=6779/14589 slots hit=100.0% read=25.83GB write=0.00GB
DBG getmany L1 nw=16 wall=0.190s thr(out)1 thr(in)16 conc_peak=16 pread=1.669s
DBG getmany L2 nw=16 wall=0.171s thr(out)1 thr(in)16 conc_peak=16 pread=1.682s
DBG getmany L3 nw=16 wall=0.164s thr(out)1 thr(in)16 conc_peak=16 pread=1.469s
DBG getmany L4 nw=16 wall=0.159s thr(out)1 thr(in)16 conc_peak=16 pread=1.449s
DBG getmany L5 nw=16 wall=0.165s thr(out)1 thr(in)16 conc_peak=16 pread=1.543s
DBG getmany L6 nw=16 wall=0.174s thr(out)1 thr(in)16 conc_peak=16 pread=1.795s
DBG getmany L7 nw=16 wall=0.161s thr(out)1 thr(in)16 conc_peak=16 pread=1.534s
DBG getmany L8 nw=16 wall=0.163s thr(out)1 thr(in)16 conc_peak=16 pread=1.512s
DBG getmany L9 nw=16 wall=0.163s thr(out)1 thr(in)16 conc_peak=16 pread=1.643s
DBG getmany L10 nw=16 wall=0.166s thr(out)1 thr(in)16 conc_peak=16 pread=1.520s
DBG getmany L11 nw=16 wall=0.171s thr(out)1 thr(in)16 conc_peak=16 pread=1.623s
DBG getmany L12 nw=16 wall=0.166s thr(out)1 thr(in)16 conc_peak=16 pread=1.599s
DBG getmany L13 nw=16 wall=0.166s thr(out)1 thr(in)16 conc_peak=16 pread=1.695s
DBG getmany L14 nw=16 wall=0.164s thr(out)1 thr(in)16 conc_peak=16 pread=1.599s
DBG getmany L15 nw=16 wall=0.167s thr(out)1 thr(in)16 conc_peak=16 pread=1.538s
DBG getmany L16 nw=16 wall=0.164s thr(out)1 thr(in)16 conc_peak=16 pread=1.527s
DBG getmany L17 nw=16 wall=0.165s thr(out)1 thr(in)16 conc_peak=16 pread=1.577s
DBG getmany L18 nw=16 wall=0.160s thr(out)1 thr(in)16 conc_peak=16 pread=1.472s
DBG getmany L19 nw=16 wall=0.165s thr(out)1 thr(in)16 conc_peak=16 pread=1.478s
DBG getmany L20 nw=16 wall=0.161s thr(out)1 thr(in)16 conc_peak=16 pread=1.562s
DBG getmany L21 nw=16 wall=0.503s thr(out)1 thr(in)16 conc_peak=16 pread=7.065s
DBG getmany L22 nw=16 wall=0.375s thr(out)1 thr(in)16 conc_peak=16 pread=4.841s
DBG getmany L23 nw=16 wall=0.488s thr(out)1 thr(in)16 conc_peak=16 pread=6.376s
DBG getmany L24 nw=16 wall=0.566s thr(out)1 thr(in)16 conc_peak=16 pread=8.478s
DBG getmany L25 nw=16 wall=0.536s thr(out)1 thr(in)16 conc_peak=16 pread=6.606s
DBG getmany L26 nw=16 wall=0.405s thr(out)1 thr(in)16 conc_peak=16 pread=5.785s
DBG getmany L27 nw=16 wall=0.504s thr(out)1 thr(in)16 conc_peak=16 pread=6.195s
DBG getmany L28 nw=16 wall=0.477s thr(out)1 thr(in)16 conc_peak=16 pread=6.631s
DBG getmany L29 nw=16 wall=0.522s thr(out)1 thr(in)16 conc_peak=16 pread=7.887s
DBG getmany L30 nw=16 wall=0.420s thr(out)1 thr(in)16 conc_peak=16 pread=5.238s
DBG getmany L31 nw=16 wall=0.563s thr(out)1 thr(in)16 conc_peak=16 pread=6.972s
DBG getmany L32 nw=16 wall=0.553s thr(out)1 thr(in)16 conc_peak=16 pread=7.232s
DBG getmany L33 nw=16 wall=0.393s thr(out)1 thr(in)16 conc_peak=16 pread=4.095s
DBG getmany L34 nw=16 wall=0.419s thr(out)1 thr(in)16 conc_peak=16 pread=5.575s
DBG getmany L35 nw=16 wall=0.576s thr(out)1 thr(in)16 conc_peak=16 pread=6.300s
DBG getmany L36 nw=16 wall=0.578s thr(out)1 thr(in)16 conc_peak=16 pread=7.723s
DBG getmany L37 nw=16 wall=0.559s thr(out)1 thr(in)16 conc_peak=16 pread=8.019s
DBG getmany L38 nw=16 wall=0.407s thr(out)1 thr(in)16 conc_peak=16 pread=5.673s
DBG getmany L39 nw=16 wall=0.560s thr(out)1 thr(in)16 conc_peak=16 pread=7.905s
DBG getmany L40 nw=16 wall=0.544s thr(out)1 thr(in)16 conc_peak=16 pread=7.273s
DBG getmany L41 nw=16 wall=0.515s thr(out)1 thr(in)16 conc_peak=16 pread=6.816s
DBG getmany L42 nw=16 wall=0.416s thr(out)1 thr(in)16 conc_peak=16 pread=6.087s
DBG getmany L43 nw=16 wall=0.498s thr(out)1 thr(in)16 conc_peak=16 pread=5.629s
DBG getmany L44 nw=16 wall=0.555s thr(out)1 thr(in)16 conc_peak=16 pread=7.199s
DBG getmany L45 nw=16 wall=0.559s thr(out)1 thr(in)16 conc_peak=16 pread=8.423s
DBG getmany L46 nw=16 wall=0.427s thr(out)1 thr(in)16 conc_peak=16 pread=5.855s
DBG getmany L47 nw=16 wall=0.572s thr(out)1 thr(in)16 conc_peak=16 pread=7.962s
DBG getmany L48 nw=16 wall=0.567s thr(out)1 thr(in)16 conc_peak=16 pread=8.339s
DBG getmany L49 nw=16 wall=0.554s thr(out)1 thr(in)16 conc_peak=16 pread=7.611s
DBG getmany L50 nw=16 wall=0.442s thr(out)1 thr(in)16 conc_peak=16 pread=6.490s
DBG getmany L51 nw=16 wall=0.534s thr(out)1 thr(in)16 conc_peak=16 pread=6.549s
DBG getmany L52 nw=16 wall=0.543s thr(out)1 thr(in)16 conc_peak=16 pread=7.649s
DBG getmany L53 nw=16 wall=0.571s thr(out)1 thr(in)16 conc_peak=16 pread=6.403s
DBG getmany L54 nw=16 wall=0.457s thr(out)1 thr(in)16 conc_peak=16 pread=6.566s
DBG getmany L55 nw=16 wall=0.559s thr(out)1 thr(in)16 conc_peak=16 pread=8.048s
DBG getmany L56 nw=16 wall=0.530s thr(out)1 thr(in)16 conc_peak=16 pread=7.182s
DBG getmany L57 nw=16 wall=0.527s thr(out)1 thr(in)16 conc_peak=16 pread=6.766s
DBG getmany L58 nw=16 wall=0.410s thr(out)1 thr(in)16 conc_peak=16 pread=5.692s
DBG getmany L59 nw=16 wall=0.507s thr(out)1 thr(in)16 conc_peak=16 pread=7.472s
DBG getmany L60 nw=16 wall=0.565s thr(out)1 thr(in)16 conc_peak=16 pread=8.197s
DBG getmany L61 nw=16 wall=0.561s thr(out)1 thr(in)16 conc_peak=16 pread=7.529s
DBG getmany L62 nw=16 wall=0.409s thr(out)1 thr(in)16 conc_peak=16 pread=5.838s
DBG getmany L63 nw=16 wall=0.587s thr(out)1 thr(in)16 conc_peak=16 pread=8.697s
DBG getmany L64 nw=16 wall=0.556s thr(out)1 thr(in)16 conc_peak=16 pread=7.204s
DBG getmany L65 nw=16 wall=0.564s thr(out)1 thr(in)16 conc_peak=16 pread=8.284s
DBG getmany L66 nw=16 wall=0.433s thr(out)1 thr(in)16 conc_peak=16 pread=5.671s
DBG getmany L67 nw=16 wall=0.588s thr(out)1 thr(in)16 conc_peak=16 pread=7.544s
DBG getmany L68 nw=16 wall=0.570s thr(out)1 thr(in)16 conc_peak=16 pread=6.004s
DBG getmany L69 nw=16 wall=0.544s thr(out)1 thr(in)16 conc_peak=16 pread=7.987s
DBG getmany L70 nw=16 wall=0.409s thr(out)1 thr(in)16 conc_peak=16 pread=5.664s
DBG getmany L71 nw=16 wall=0.554s thr(out)1 thr(in)16 conc_peak=16 pread=6.818s
DBG getmany L72 nw=16 wall=0.578s thr(out)1 thr(in)16 conc_peak=16 pread=8.255s
DBG getmany L73 nw=16 wall=0.598s thr(out)1 thr(in)16 conc_peak=16 pread=7.607s
DBG getmany L74 nw=16 wall=0.433s thr(out)1 thr(in)16 conc_peak=16 pread=6.037s
DBG getmany L75 nw=16 wall=0.582s thr(out)1 thr(in)16 conc_peak=16 pread=8.507s
DBG getmany L76 nw=16 wall=0.560s thr(out)1 thr(in)16 conc_peak=16 pread=7.581s
DBG getmany L77 nw=16 wall=0.598s thr(out)1 thr(in)16 conc_peak=16 pread=5.316s
DBG getmany L78 nw=16 wall=0.442s thr(out)1 thr(in)16 conc_peak=16 pread=5.540s
DBG getmany L79 nw=16 wall=0.587s thr(out)1 thr(in)16 conc_peak=16 pread=7.773s
DBG getmany L80 nw=16 wall=0.555s thr(out)1 thr(in)16 conc_peak=16 pread=8.076s
DBG getmany L81 nw=16 wall=0.576s thr(out)1 thr(in)16 conc_peak=16 pread=7.730s
DBG getmany L82 nw=16 wall=0.406s thr(out)1 thr(in)16 conc_peak=16 pread=5.907s
DBG getmany L83 nw=16 wall=0.566s thr(out)1 thr(in)16 conc_peak=16 pread=8.148s
DBG getmany L84 nw=16 wall=0.581s thr(out)1 thr(in)16 conc_peak=16 pread=8.635s
DBG getmany L85 nw=16 wall=0.565s thr(out)1 thr(in)16 conc_peak=16 pread=7.614s
DBG getmany L86 nw=16 wall=0.407s thr(out)1 thr(in)16 conc_peak=16 pread=5.180s
DBG getmany L87 nw=16 wall=0.573s thr(out)1 thr(in)16 conc_peak=16 pread=8.317s
DBG getmany L88 nw=16 wall=0.562s thr(out)1 thr(in)16 conc_peak=16 pread=8.373s
DBG getmany L89 nw=16 wall=0.585s thr(out)1 thr(in)16 conc_peak=16 pread=8.234s
DBG getmany L90 nw=16 wall=0.398s thr(out)1 thr(in)16 conc_peak=16 pread=5.334s
DBG getmany L91 nw=16 wall=0.449s thr(out)1 thr(in)16 conc_peak=16 pread=6.345s
DBG getmany L92 nw=16 wall=0.172s thr(out)1 thr(in)16 conc_peak=16 pread=1.505s
1      802        55.16        100.0      25.83      0.018
  L2   resident=6779/14589 slots hit=100.0% read=51.66GB write=0.00GB
DBG getmany L1 nw=16 wall=0.169s thr(out)1 thr(in)16 conc_peak=16 pread=1.559s
DBG getmany L2 nw=15 wall=0.170s thr(out)1 thr(in)16 conc_peak=15 pread=1.490s
DBG getmany L3 nw=13 wall=0.141s thr(out)1 thr(in)16 conc_peak=13 pread=1.066s
DBG getmany L4 nw=15 wall=0.157s thr(out)1 thr(in)16 conc_peak=15 pread=1.471s
DBG getmany L5 nw=16 wall=0.172s thr(out)1 thr(in)16 conc_peak=16 pread=1.649s
DBG getmany L6 nw=15 wall=0.163s thr(out)1 thr(in)16 conc_peak=15 pread=1.461s
DBG getmany L7 nw=15 wall=0.152s thr(out)1 thr(in)16 conc_peak=15 pread=1.377s
DBG getmany L8 nw=16 wall=0.160s thr(out)1 thr(in)16 conc_peak=16 pread=1.523s
DBG getmany L9 nw=15 wall=0.147s thr(out)1 thr(in)16 conc_peak=15 pread=1.357s
DBG getmany L10 nw=15 wall=0.152s thr(out)1 thr(in)16 conc_peak=15 pread=1.457s
DBG getmany L11 nw=15 wall=0.156s thr(out)1 thr(in)16 conc_peak=15 pread=1.477s
DBG getmany L12 nw=15 wall=0.159s thr(out)1 thr(in)16 conc_peak=15 pread=1.453s
DBG getmany L13 nw=16 wall=0.166s thr(out)1 thr(in)16 conc_peak=16 pread=1.736s
DBG getmany L14 nw=15 wall=0.155s thr(out)1 thr(in)16 conc_peak=15 pread=1.411s
DBG getmany L15 nw=16 wall=0.167s thr(out)1 thr(in)16 conc_peak=16 pread=1.526s
DBG getmany L16 nw=15 wall=0.151s thr(out)1 thr(in)16 conc_peak=15 pread=1.302s
DBG getmany L17 nw=16 wall=0.165s thr(out)1 thr(in)16 conc_peak=16 pread=1.588s
DBG getmany L18 nw=16 wall=0.168s thr(out)1 thr(in)16 conc_peak=16 pread=1.559s
DBG getmany L19 nw=16 wall=0.169s thr(out)1 thr(in)16 conc_peak=16 pread=1.798s
DBG getmany L20 nw=16 wall=0.160s thr(out)1 thr(in)16 conc_peak=16 pread=1.663s
DBG getmany L21 nw=16 wall=0.502s thr(out)1 thr(in)16 conc_peak=16 pread=7.370s
DBG getmany L22 nw=16 wall=0.374s thr(out)1 thr(in)16 conc_peak=16 pread=5.488s
DBG getmany L23 nw=15 wall=0.479s thr(out)1 thr(in)16 conc_peak=15 pread=6.813s
DBG getmany L24 nw=13 wall=0.538s thr(out)1 thr(in)16 conc_peak=13 pread=6.627s
DBG getmany L25 nw=15 wall=0.528s thr(out)1 thr(in)16 conc_peak=15 pread=7.437s
DBG getmany L26 nw=15 wall=0.401s thr(out)1 thr(in)16 conc_peak=15 pread=4.821s
DBG getmany L27 nw=16 wall=0.485s thr(out)1 thr(in)16 conc_peak=16 pread=6.885s
DBG getmany L28 nw=15 wall=0.473s thr(out)1 thr(in)16 conc_peak=15 pread=6.449s
DBG getmany L29 nw=16 wall=0.523s thr(out)1 thr(in)16 conc_peak=16 pread=6.834s
DBG getmany L30 nw=16 wall=0.405s thr(out)1 thr(in)16 conc_peak=16 pread=5.972s
DBG getmany L31 nw=16 wall=0.564s thr(out)1 thr(in)16 conc_peak=16 pread=8.426s
DBG getmany L32 nw=14 wall=0.532s thr(out)1 thr(in)16 conc_peak=14 pread=6.758s
DBG getmany L33 nw=15 wall=0.591s thr(out)1 thr(in)16 conc_peak=15 pread=7.431s
DBG getmany L34 nw=16 wall=0.423s thr(out)1 thr(in)16 conc_peak=16 pread=5.533s
DBG getmany L35 nw=16 wall=0.594s thr(out)1 thr(in)16 conc_peak=16 pread=8.171s
DBG getmany L36 nw=14 wall=0.552s thr(out)1 thr(in)16 conc_peak=14 pread=7.219s
DBG getmany L37 nw=16 wall=0.543s thr(out)1 thr(in)16 conc_peak=16 pread=7.388s
DBG getmany L38 nw=16 wall=0.392s thr(out)1 thr(in)16 conc_peak=16 pread=5.403s
DBG getmany L39 nw=16 wall=0.564s thr(out)1 thr(in)16 conc_peak=16 pread=7.915s
DBG getmany L40 nw=16 wall=0.547s thr(out)1 thr(in)16 conc_peak=16 pread=8.237s
DBG getmany L41 nw=16 wall=0.531s thr(out)1 thr(in)16 conc_peak=16 pread=7.710s
DBG getmany L42 nw=16 wall=0.409s thr(out)1 thr(in)16 conc_peak=16 pread=5.826s
DBG getmany L43 nw=16 wall=0.586s thr(out)1 thr(in)16 conc_peak=16 pread=7.567s
DBG getmany L44 nw=16 wall=0.549s thr(out)1 thr(in)16 conc_peak=16 pread=7.900s
DBG getmany L45 nw=16 wall=0.551s thr(out)1 thr(in)16 conc_peak=16 pread=8.191s
DBG getmany L46 nw=15 wall=0.411s thr(out)1 thr(in)16 conc_peak=15 pread=5.450s
DBG getmany L47 nw=15 wall=0.564s thr(out)1 thr(in)16 conc_peak=15 pread=8.162s
DBG getmany L48 nw=15 wall=0.556s thr(out)1 thr(in)16 conc_peak=15 pread=7.620s
DBG getmany L49 nw=15 wall=0.569s thr(out)1 thr(in)16 conc_peak=15 pread=6.016s
DBG getmany L50 nw=16 wall=0.432s thr(out)1 thr(in)16 conc_peak=16 pread=6.349s
DBG getmany L51 nw=16 wall=0.569s thr(out)1 thr(in)16 conc_peak=16 pread=6.476s
DBG getmany L52 nw=16 wall=0.547s thr(out)1 thr(in)16 conc_peak=16 pread=7.949s
DBG getmany L53 nw=15 wall=0.470s thr(out)1 thr(in)16 conc_peak=15 pread=6.020s
DBG getmany L54 nw=16 wall=0.380s thr(out)1 thr(in)16 conc_peak=16 pread=5.505s
DBG getmany L55 nw=16 wall=0.561s thr(out)1 thr(in)16 conc_peak=16 pread=7.604s
DBG getmany L56 nw=16 wall=0.529s thr(out)1 thr(in)16 conc_peak=16 pread=7.923s
DBG getmany L57 nw=16 wall=0.554s thr(out)1 thr(in)16 conc_peak=16 pread=6.713s
DBG getmany L58 nw=16 wall=0.418s thr(out)1 thr(in)16 conc_peak=16 pread=5.947s
DBG getmany L59 nw=16 wall=0.520s thr(out)1 thr(in)16 conc_peak=16 pread=7.461s
DBG getmany L60 nw=16 wall=0.537s thr(out)1 thr(in)16 conc_peak=16 pread=7.889s
DBG getmany L61 nw=16 wall=0.553s thr(out)1 thr(in)16 conc_peak=16 pread=7.274s
DBG getmany L62 nw=16 wall=0.410s thr(out)1 thr(in)16 conc_peak=16 pread=5.499s
DBG getmany L63 nw=16 wall=0.557s thr(out)1 thr(in)16 conc_peak=16 pread=7.428s
DBG getmany L64 nw=16 wall=0.570s thr(out)1 thr(in)16 conc_peak=16 pread=6.868s
DBG getmany L65 nw=16 wall=0.556s thr(out)1 thr(in)16 conc_peak=16 pread=7.019s
DBG getmany L66 nw=16 wall=0.432s thr(out)1 thr(in)16 conc_peak=16 pread=5.503s
DBG getmany L67 nw=16 wall=0.597s thr(out)1 thr(in)16 conc_peak=16 pread=8.550s
DBG getmany L68 nw=16 wall=0.574s thr(out)1 thr(in)16 conc_peak=16 pread=7.796s
DBG getmany L69 nw=16 wall=0.548s thr(out)1 thr(in)16 conc_peak=16 pread=6.758s
DBG getmany L70 nw=16 wall=0.410s thr(out)1 thr(in)16 conc_peak=16 pread=6.061s
DBG getmany L71 nw=16 wall=0.611s thr(out)1 thr(in)16 conc_peak=16 pread=8.948s
DBG getmany L72 nw=16 wall=0.547s thr(out)1 thr(in)16 conc_peak=16 pread=8.303s
DBG getmany L73 nw=16 wall=0.581s thr(out)1 thr(in)16 conc_peak=16 pread=7.850s
DBG getmany L74 nw=16 wall=0.427s thr(out)1 thr(in)16 conc_peak=16 pread=6.094s
DBG getmany L75 nw=16 wall=0.581s thr(out)1 thr(in)16 conc_peak=16 pread=8.723s
DBG getmany L76 nw=16 wall=0.413s thr(out)1 thr(in)16 conc_peak=16 pread=5.198s
DBG getmany L77 nw=16 wall=0.591s thr(out)1 thr(in)16 conc_peak=16 pread=8.310s
DBG getmany L78 nw=16 wall=0.407s thr(out)1 thr(in)16 conc_peak=16 pread=5.018s
DBG getmany L79 nw=16 wall=0.565s thr(out)1 thr(in)16 conc_peak=16 pread=6.142s
DBG getmany L80 nw=16 wall=0.533s thr(out)1 thr(in)16 conc_peak=16 pread=7.187s
DBG getmany L81 nw=15 wall=0.560s thr(out)1 thr(in)16 conc_peak=15 pread=6.640s
DBG getmany L82 nw=16 wall=0.428s thr(out)1 thr(in)16 conc_peak=16 pread=6.134s
DBG getmany L83 nw=13 wall=0.518s thr(out)1 thr(in)16 conc_peak=13 pread=6.301s
DBG getmany L84 nw=13 wall=0.532s thr(out)1 thr(in)16 conc_peak=13 pread=6.590s
DBG getmany L85 nw=14 wall=0.741s thr(out)1 thr(in)16 conc_peak=14 pread=7.851s
DBG getmany L86 nw=16 wall=0.576s thr(out)1 thr(in)16 conc_peak=16 pread=7.210s
DBG getmany L87 nw=13 wall=0.742s thr(out)1 thr(in)16 conc_peak=13 pread=8.114s
DBG getmany L88 nw=15 wall=0.773s thr(out)1 thr(in)16 conc_peak=15 pread=10.067s
DBG getmany L89 nw=13 wall=0.777s thr(out)1 thr(in)16 conc_peak=13 pread=8.736s
DBG getmany L90 nw=12 wall=0.534s thr(out)1 thr(in)16 conc_peak=12 pread=5.509s
DBG getmany L91 nw=13 wall=0.575s thr(out)1 thr(in)16 conc_peak=13 pread=4.019s
DBG getmany L92 nw=13 wall=0.198s thr(out)1 thr(in)16 conc_peak=13 pread=1.474s
2      24         56.05        100.0      24.85      0.018
  L2   resident=6779/14589 slots hit=100.0% read=76.51GB write=0.00GB
--------------------------------------------------------------------
3 tokens in 195.6 s, 65.21 s/token average
PEAK RSS for the whole run: 37.16 GB   <- quote this, not the plan
layers completed: 93/93; routed expert drops: 0


[chip] simulated MXFP4 GEMV bill over 4 tokens
  4416 expert chains | 291722231808 flops | 77488717824 bytes (77.49 GB)
  per token: 1104 chains | 19.37 GB | 0.07 Gflops
  compute wall @ 4 TFLOPS : 0.07 s (18.23 ms/token)
  bandwidth wall @ 200 GB/s : 0.39 s (96.86 ms/token)
  -> bandwidth-bound; to be compute-bound at 4 TFLOPS this needs 1062 GB/s
  expert fetch (host wall, measured): 133.75 s moving 77.49 GB = 1 GB/s
  chip pool wall (measured): 22.02 s

cache [final step]
  slots        : 854 of 17.56 MB = 14.99 GB arena (854 resident, 0 pinned)
  requests     : 1472  hits 1472 (100.00%)  misses 0  evictions 1416
  of those hits : 1416 came from the batch prefetch, i.e. read from disk
                  this token; TRUE resident hit rate 3.80%
  read from disk: 24.85 GB in 40.87 s (608 MB/s while loading)
  phase2 i/o    : 24.86 GB in 40.87 s (608 MB/s)  [pure parallel disk read]
l2cache [final step]
  requests     : 4360  hits 4360 (100.00%)  misses 0
  read  from sdd7: 76.51 GB, written 0.00 GB
  fd split  : 2868 O_DIRECT, 0 BUFFERED (0.00% buffered)
  hit I/O   : 76.51 GB in 133.18 s (wall) = 574 MB/s [pread 1704.91 s, 45 MB/s per-thread]
  miss I/O  : 0 misses, 0.00 GB from /model in 0.00 s (wall) = 0 MB/s
  restored from meta: 6779 slots
kio tier0: 4595 reqs, 216.66 GB delivered | per-stream 121 MB/s, aggregate 1107 MB/s, concurrency 9.1x | queue 57.7 s (3.2% of io), submit-lock 2.5 s, worker-lock 0.1 s, sleep 1548.9 s in 8408 waits (49% of worker-time)
      group0: 235 reqs, 140.16 GB | per-stream 1003 MB/s | queue 0.2 s (0.1%)
      group1: 4360 reqs, 76.51 GB | per-stream 46 MB/s | queue 57.5 s (3.5%)

wrote reports/gateab_ab/v56_groupcheck/r1-20260930_164108/ctrl.json
I/O share of wall clock: 139.6%  (trunk 140.0 s + experts 133.2 s of 195.6 s)
  both figures are WHOLE-RUN totals over 3 steps
  expert phase split: phase1 SERIAL reserve 0.1 s (552 calls) vs phase2 read 133.2 s
  over 100% because trunk reads overlap compute on the reader thread;
  77.6 s of device time was hidden behind arithmetic
  experts, whole run: 76.51 GB read | 910 of 4416 requests retained in RAM (20.61%) | 3506 evictions
    (retention = requests - evictions; the raw `hits` counter includes
     experts the prefetcher had just read from disk, so it is not a
     measure of avoided I/O)

trunk [final]
  pinned 22/93 layers, ring 2 slots
  binds 279, hits 44 (15.8%), reads 235
  read 140.16 GB in 140.04 s (1001 MB/s pread)
  per-layer loads [L]=count: 0=1 1=1 2=1 3=1 4=1 5=1 6=1 7=1 8=1 9=1 10=1 11=1 12=1 13=1 14=1 15=1 16=1 17=1 18=1 19=1 20=1 21=1 22=3 23=3 24=3 25=3 26=3 27=3 28=3 29=3 30=3 31=3 32=3 33=3 34=3 35=3 36=3 37=3 38=3 39=3 40=3 41=3 42=3 43=3 44=3 45=3 46=3 47=3 48=3 49=3 50=3 51=3 52=3 53=3 54=3 55=3 56=3 57=3 58=3 59=3 60=3 61=3 62=3 63=3 64=3 65=3 66=3 67=3 68=3 69=3 70=3 71=3 72=3 73=3 74=3 75=3 76=3 77=3 78=3 79=3 80=3 81=3 82=3 83=3 84=3 85=3 86=3 87=3 88=3 89=3 90=3 91=3 92=3
  bind wall 17.78 s over 279 binds; read 140.04 + widen 1.41 = 141.45 s of device work,
                    of which 123.67 s (87%) overlapped compute on the reader thread
  widen breakdown: find 3 ms (7365)  copy 0 ms (3444)  deq 1406 ms (2370)  timed 1 s of widen 1.41 s
