L2 auto: 209 GB free on /mnt/nvme -> L2 at 256 GB
k3 chip: 4 workers, 4 TFLOPS, 200 GB/s simulated wall
  L2 want=17547264 slot=17547264 nbytes=17547264 fd=O_DIRECT
  L2 want=17547264 slot=17547264 nbytes=17547264 fd=O_DIRECT
  L2 want=17547264 slot=17547264 nbytes=17547264 fd=O_DIRECT
  L2 want=17547264 slot=17547264 nbytes=17547264 fd=O_DIRECT
  L2 want=17547264 slot=17547264 nbytes=17547264 fd=O_DIRECT
  L2 want=17547264 slot=17547264 nbytes=17547264 fd=O_DIRECT
  L2 want=17547264 slot=17547264 nbytes=17547264 fd=O_DIRECT
  L2 want=17547264 slot=17547264 nbytes=17547264 fd=O_DIRECT
  L2 want=17547264 slot=17547264 nbytes=17547264 fd=O_DIRECT
  L2 want=17547264 slot=17547264 nbytes=17547264 fd=O_DIRECT
  L2 want=17547264 slot=17547264 nbytes=17547264 fd=O_DIRECT
  L2 want=17547264 slot=17547264 nbytes=17547264 fd=O_DIRECT
  L2 want=17547264 slot=17547264 nbytes=17547264 fd=O_DIRECT
  L2 want=17547264 slot=17547264 nbytes=17547264 fd=O_DIRECT
  L2 want=17547264 slot=17547264 nbytes=17547264 fd=O_DIRECT
  L2 want=17547264 slot=17547264 nbytes=17547264 fd=O_DIRECT
DBG getmany L1 nw=16 wall=0.231s thr(out)1 thr(in)16 conc_peak=16 pread=2.544s
DBG getmany L2 nw=16 wall=0.243s thr(out)1 thr(in)16 conc_peak=16 pread=2.672s
DBG getmany L3 nw=16 wall=0.222s thr(out)1 thr(in)16 conc_peak=16 pread=2.470s
DBG getmany L4 nw=16 wall=0.223s thr(out)1 thr(in)16 conc_peak=16 pread=2.430s
DBG getmany L5 nw=16 wall=0.212s thr(out)1 thr(in)16 conc_peak=16 pread=2.355s
DBG getmany L6 nw=16 wall=0.221s thr(out)1 thr(in)16 conc_peak=16 pread=2.442s
DBG getmany L7 nw=16 wall=0.211s thr(out)1 thr(in)16 conc_peak=16 pread=2.298s
DBG getmany L8 nw=16 wall=0.223s thr(out)1 thr(in)16 conc_peak=16 pread=2.471s
DBG getmany L9 nw=16 wall=0.226s thr(out)1 thr(in)16 conc_peak=16 pread=2.491s
DBG getmany L10 nw=16 wall=0.228s thr(out)1 thr(in)16 conc_peak=16 pread=2.468s
DBG getmany L11 nw=16 wall=0.225s thr(out)1 thr(in)16 conc_peak=16 pread=2.493s
DBG getmany L12 nw=16 wall=0.218s thr(out)1 thr(in)16 conc_peak=16 pread=2.422s
DBG getmany L13 nw=16 wall=0.235s thr(out)1 thr(in)16 conc_peak=16 pread=2.585s
DBG getmany L14 nw=16 wall=0.232s thr(out)1 thr(in)16 conc_peak=16 pread=2.600s
DBG getmany L15 nw=16 wall=0.239s thr(out)1 thr(in)16 conc_peak=16 pread=2.509s
DBG getmany L16 nw=16 wall=0.239s thr(out)1 thr(in)16 conc_peak=16 pread=2.639s
DBG getmany L17 nw=16 wall=0.231s thr(out)1 thr(in)16 conc_peak=16 pread=2.511s
DBG getmany L18 nw=16 wall=5.636s thr(out)1 thr(in)16 conc_peak=16 pread=54.009s
DBG getmany L19 nw=16 wall=0.246s thr(out)1 thr(in)16 conc_peak=16 pread=2.776s
DBG getmany L20 nw=16 wall=0.251s thr(out)1 thr(in)16 conc_peak=16 pread=2.904s
DBG getmany L21 nw=16 wall=0.225s thr(out)1 thr(in)16 conc_peak=16 pread=2.389s
DBG getmany L22 nw=16 wall=0.292s thr(out)1 thr(in)16 conc_peak=16 pread=2.750s
DBG getmany L23 nw=16 wall=0.457s thr(out)1 thr(in)16 conc_peak=16 pread=5.689s
DBG getmany L24 nw=16 wall=0.468s thr(out)1 thr(in)16 conc_peak=16 pread=5.223s
DBG getmany L25 nw=16 wall=0.492s thr(out)1 thr(in)16 conc_peak=16 pread=5.959s
DBG getmany L26 nw=16 wall=0.337s thr(out)1 thr(in)16 conc_peak=16 pread=4.367s
DBG getmany L27 nw=16 wall=0.455s thr(out)1 thr(in)16 conc_peak=16 pread=6.078s
DBG getmany L28 nw=16 wall=0.653s thr(out)1 thr(in)16 conc_peak=16 pread=7.325s
DBG getmany L29 nw=16 wall=0.727s thr(out)1 thr(in)16 conc_peak=16 pread=8.188s
DBG getmany L30 nw=16 wall=0.546s thr(out)1 thr(in)16 conc_peak=16 pread=6.964s
DBG getmany L31 nw=16 wall=0.658s thr(out)1 thr(in)16 conc_peak=16 pread=7.171s
DBG getmany L32 nw=16 wall=0.708s thr(out)1 thr(in)16 conc_peak=16 pread=7.948s
DBG getmany L33 nw=16 wall=0.803s thr(out)1 thr(in)16 conc_peak=16 pread=8.743s
DBG getmany L34 nw=16 wall=0.546s thr(out)1 thr(in)16 conc_peak=16 pread=6.844s
DBG getmany L35 nw=16 wall=0.760s thr(out)1 thr(in)16 conc_peak=16 pread=9.064s
DBG getmany L36 nw=16 wall=0.724s thr(out)1 thr(in)16 conc_peak=16 pread=8.728s
DBG getmany L37 nw=16 wall=0.720s thr(out)1 thr(in)16 conc_peak=16 pread=8.733s
DBG getmany L38 nw=16 wall=0.515s thr(out)1 thr(in)16 conc_peak=16 pread=6.530s
DBG getmany L39 nw=16 wall=0.749s thr(out)1 thr(in)16 conc_peak=16 pread=8.343s
DBG getmany L40 nw=16 wall=4.307s thr(out)1 thr(in)16 conc_peak=16 pread=57.247s
DBG getmany L41 nw=16 wall=5.355s thr(out)1 thr(in)16 conc_peak=16 pread=79.427s
DBG getmany L42 nw=16 wall=5.329s thr(out)1 thr(in)16 conc_peak=16 pread=77.817s
DBG getmany L43 nw=16 wall=5.106s thr(out)1 thr(in)16 conc_peak=16 pread=75.948s
DBG getmany L44 nw=16 wall=4.908s thr(out)1 thr(in)16 conc_peak=16 pread=71.307s
DBG getmany L45 nw=16 wall=5.319s thr(out)1 thr(in)16 conc_peak=16 pread=75.004s
DBG getmany L46 nw=16 wall=5.034s thr(out)1 thr(in)16 conc_peak=16 pread=75.324s
DBG getmany L47 nw=16 wall=5.089s thr(out)1 thr(in)16 conc_peak=16 pread=75.994s
DBG getmany L48 nw=16 wall=5.801s thr(out)1 thr(in)16 conc_peak=16 pread=87.163s
DBG getmany L49 nw=16 wall=5.789s thr(out)1 thr(in)16 conc_peak=16 pread=84.095s
DBG getmany L50 nw=16 wall=5.635s thr(out)1 thr(in)16 conc_peak=16 pread=83.557s
DBG getmany L51 nw=16 wall=5.575s thr(out)1 thr(in)16 conc_peak=16 pread=85.216s
DBG getmany L52 nw=16 wall=6.661s thr(out)1 thr(in)16 conc_peak=16 pread=39.608s
DBG getmany L53 nw=16 wall=1.531s thr(out)1 thr(in)16 conc_peak=16 pread=16.157s
DBG getmany L54 nw=16 wall=1.327s thr(out)1 thr(in)16 conc_peak=16 pread=12.431s
DBG getmany L55 nw=16 wall=1.940s thr(out)1 thr(in)16 conc_peak=16 pread=11.445s
DBG getmany L56 nw=16 wall=0.480s thr(out)1 thr(in)16 conc_peak=16 pread=6.005s
DBG getmany L57 nw=16 wall=0.472s thr(out)1 thr(in)16 conc_peak=16 pread=4.998s
DBG getmany L58 nw=16 wall=0.329s thr(out)1 thr(in)16 conc_peak=16 pread=4.303s
DBG getmany L59 nw=16 wall=0.501s thr(out)1 thr(in)16 conc_peak=16 pread=6.879s
DBG getmany L60 nw=16 wall=0.455s thr(out)1 thr(in)16 conc_peak=16 pread=5.837s
DBG getmany L61 nw=16 wall=0.534s thr(out)1 thr(in)16 conc_peak=16 pread=7.978s
DBG getmany L62 nw=16 wall=0.303s thr(out)1 thr(in)16 conc_peak=16 pread=4.110s
DBG getmany L63 nw=16 wall=0.527s thr(out)1 thr(in)16 conc_peak=16 pread=7.369s
DBG getmany L64 nw=16 wall=0.495s thr(out)1 thr(in)16 conc_peak=16 pread=6.228s
DBG getmany L65 nw=16 wall=0.497s thr(out)1 thr(in)16 conc_peak=16 pread=6.849s
DBG getmany L66 nw=16 wall=0.324s thr(out)1 thr(in)16 conc_peak=16 pread=4.327s
DBG getmany L67 nw=16 wall=0.566s thr(out)1 thr(in)16 conc_peak=16 pread=7.819s
DBG getmany L68 nw=16 wall=0.463s thr(out)1 thr(in)16 conc_peak=16 pread=6.052s
DBG getmany L69 nw=16 wall=0.508s thr(out)1 thr(in)16 conc_peak=16 pread=6.958s
DBG getmany L70 nw=16 wall=0.298s thr(out)1 thr(in)16 conc_peak=16 pread=3.994s
DBG getmany L71 nw=16 wall=0.514s thr(out)1 thr(in)16 conc_peak=16 pread=7.396s
DBG getmany L72 nw=16 wall=0.470s thr(out)1 thr(in)16 conc_peak=16 pread=6.651s
DBG getmany L73 nw=16 wall=0.384s thr(out)1 thr(in)16 conc_peak=16 pread=4.651s
DBG getmany L74 nw=16 wall=0.333s thr(out)1 thr(in)16 conc_peak=16 pread=4.409s
DBG getmany L75 nw=16 wall=0.451s thr(out)1 thr(in)16 conc_peak=16 pread=5.546s
DBG getmany L76 nw=16 wall=0.438s thr(out)1 thr(in)16 conc_peak=16 pread=6.400s
DBG getmany L77 nw=16 wall=0.473s thr(out)1 thr(in)16 conc_peak=16 pread=6.734s
DBG getmany L78 nw=16 wall=0.388s thr(out)1 thr(in)16 conc_peak=16 pread=5.332s
DBG getmany L79 nw=16 wall=0.528s thr(out)1 thr(in)16 conc_peak=16 pread=7.846s
DBG getmany L80 nw=16 wall=0.487s thr(out)1 thr(in)16 conc_peak=16 pread=7.265s
DBG getmany L81 nw=16 wall=0.474s thr(out)1 thr(in)16 conc_peak=16 pread=6.668s
DBG getmany L82 nw=16 wall=0.314s thr(out)1 thr(in)16 conc_peak=16 pread=4.307s
DBG getmany L83 nw=16 wall=0.744s thr(out)1 thr(in)16 conc_peak=16 pread=10.013s
DBG getmany L84 nw=16 wall=0.712s thr(out)1 thr(in)16 conc_peak=16 pread=9.180s
DBG getmany L85 nw=16 wall=0.695s thr(out)1 thr(in)16 conc_peak=16 pread=9.089s
DBG getmany L86 nw=16 wall=0.483s thr(out)1 thr(in)16 conc_peak=16 pread=6.841s
DBG getmany L87 nw=16 wall=0.712s thr(out)1 thr(in)16 conc_peak=16 pread=10.214s
DBG getmany L88 nw=16 wall=0.710s thr(out)1 thr(in)16 conc_peak=16 pread=8.678s
DBG getmany L89 nw=16 wall=0.711s thr(out)1 thr(in)16 conc_peak=16 pread=10.073s
DBG getmany L90 nw=16 wall=0.514s thr(out)1 thr(in)16 conc_peak=16 pread=7.252s
DBG getmany L91 nw=16 wall=0.523s thr(out)1 thr(in)16 conc_peak=16 pread=7.105s
DBG getmany L92 nw=16 wall=0.239s thr(out)1 thr(in)16 conc_peak=16 pread=2.432s
config: /model/config.json (nested shape) | hidden=7168 layers=93 vocab=163840 | 24 MLA + 69 KDA | experts 896 top16 shared2 | latent=3584
  KV cache : 11.85 MB for 5 positions (2.37 MB/position)
Kimi K3, pure C, released checkpoint
  model    : /model
  prompt   : 1 tokens, generating 3

indexed 497220 tensors from 96 shards in 4.02 s
trunk on disk : 110.00 GB total (STREAMED from /mnt/nvme/trunk_layers_out, not held in RAM)

memory plan
  trunk (STREAMED) 32.00 GB
  embed + lm_head  4.70 GB
  expert cache     15.00 GB
  recurrent state  626.25 MB
  buffers          4.68 MB
  KV cache         11.83 MB
  TOTAL            52.34 GB
  available        57.74 GB

k3_trunk: trunk.bin absent - using per-layer slices (layer_%03d.bin)
trunk stream: 56.60 GB packed, 22/93 layers PINNED (29.30 GB), ring 2 x 1.30 GB
              reads use buffered I/O
              ring holds 2 slots: layers repeat over ~2 tokens, so recent ones are reused instead of re-read
trunk streaming enabled from /mnt/nvme/trunk_layers_out in 0.0 s
embedding, final norm and lm_head: 4.70 GB in 12.0 s

expert L1 eviction policy: heat
expert L2 cache enabled: 14589 slots x 17.55 MB = 256.00 GB on /mnt/nvme/experts.l2
expert L2 exact: nslot=14589 slot_bytes=17547264 l2_slot=17547264 K3_ST_ALIGN=4096
expert L2 eviction policy: heat
peak RSS after loading weights: 4.78 GB  (the plan above is a forecast, this is measured)
expert cache: 854 slots x 17.56 MB = 14.99 GB (1.04% of the 1.45 TB expert pool)

recurrent state for 93 layers: 626.25 MB

incremental decode: KV cache 11.83 MB for 24 MLA layers at 5 positions

STEP   TOKEN      SECONDS      CACHE HIT  READ GB    TOK/S
--------------------------------------------------------------------
0      220        163.98       100.0      25.83      0.006
  L2   resident=6779/14589 slots hit=100.0% read=25.81GB write=0.00GB
DBG getmany L1 nw=16 wall=0.253s thr(out)1 thr(in)16 conc_peak=16 pread=2.384s
DBG getmany L2 nw=16 wall=0.240s thr(out)1 thr(in)16 conc_peak=16 pread=2.293s
DBG getmany L3 nw=16 wall=0.241s thr(out)1 thr(in)16 conc_peak=16 pread=2.402s
DBG getmany L4 nw=16 wall=0.231s thr(out)1 thr(in)16 conc_peak=16 pread=2.135s
DBG getmany L5 nw=16 wall=0.233s thr(out)1 thr(in)16 conc_peak=16 pread=2.286s
DBG getmany L6 nw=16 wall=0.249s thr(out)1 thr(in)16 conc_peak=16 pread=2.357s
DBG getmany L7 nw=16 wall=0.234s thr(out)1 thr(in)16 conc_peak=16 pread=2.140s
DBG getmany L8 nw=16 wall=0.237s thr(out)1 thr(in)16 conc_peak=16 pread=2.261s
DBG getmany L9 nw=16 wall=0.240s thr(out)1 thr(in)16 conc_peak=16 pread=2.407s
DBG getmany L10 nw=16 wall=0.247s thr(out)1 thr(in)16 conc_peak=16 pread=2.478s
DBG getmany L11 nw=16 wall=0.247s thr(out)1 thr(in)16 conc_peak=16 pread=2.320s
DBG getmany L12 nw=16 wall=0.243s thr(out)1 thr(in)16 conc_peak=16 pread=2.332s
DBG getmany L13 nw=16 wall=0.246s thr(out)1 thr(in)16 conc_peak=16 pread=2.366s
DBG getmany L14 nw=16 wall=0.248s thr(out)1 thr(in)16 conc_peak=16 pread=2.292s
DBG getmany L15 nw=16 wall=0.248s thr(out)1 thr(in)16 conc_peak=16 pread=2.238s
DBG getmany L16 nw=16 wall=0.248s thr(out)1 thr(in)16 conc_peak=16 pread=2.295s
DBG getmany L17 nw=16 wall=0.242s thr(out)1 thr(in)16 conc_peak=16 pread=2.314s
DBG getmany L18 nw=16 wall=0.239s thr(out)1 thr(in)16 conc_peak=16 pread=2.376s
DBG getmany L19 nw=16 wall=0.245s thr(out)1 thr(in)16 conc_peak=16 pread=2.316s
DBG getmany L20 nw=16 wall=0.242s thr(out)1 thr(in)16 conc_peak=16 pread=2.159s
DBG getmany L21 nw=16 wall=0.711s thr(out)1 thr(in)16 conc_peak=16 pread=9.327s
DBG getmany L22 nw=16 wall=0.504s thr(out)1 thr(in)16 conc_peak=16 pread=6.896s
DBG getmany L23 nw=16 wall=0.663s thr(out)1 thr(in)16 conc_peak=16 pread=9.591s
DBG getmany L24 nw=16 wall=0.774s thr(out)1 thr(in)16 conc_peak=16 pread=9.491s
DBG getmany L25 nw=16 wall=0.734s thr(out)1 thr(in)16 conc_peak=16 pread=11.077s
DBG getmany L26 nw=16 wall=0.513s thr(out)1 thr(in)16 conc_peak=16 pread=6.649s
DBG getmany L27 nw=16 wall=0.708s thr(out)1 thr(in)16 conc_peak=16 pread=10.427s
DBG getmany L28 nw=16 wall=0.658s thr(out)1 thr(in)16 conc_peak=16 pread=8.783s
DBG getmany L29 nw=16 wall=0.754s thr(out)1 thr(in)16 conc_peak=16 pread=9.743s
DBG getmany L30 nw=16 wall=0.529s thr(out)1 thr(in)16 conc_peak=16 pread=7.215s
DBG getmany L31 nw=16 wall=0.752s thr(out)1 thr(in)16 conc_peak=16 pread=9.579s
DBG getmany L32 nw=16 wall=0.756s thr(out)1 thr(in)16 conc_peak=16 pread=9.298s
DBG getmany L33 nw=16 wall=0.768s thr(out)1 thr(in)16 conc_peak=16 pread=11.029s
DBG getmany L34 nw=16 wall=0.552s thr(out)1 thr(in)16 conc_peak=16 pread=7.718s
DBG getmany L35 nw=16 wall=0.718s thr(out)1 thr(in)16 conc_peak=16 pread=8.285s
DBG getmany L36 nw=16 wall=0.736s thr(out)1 thr(in)16 conc_peak=16 pread=10.638s
DBG getmany L37 nw=16 wall=0.724s thr(out)1 thr(in)16 conc_peak=16 pread=9.421s
DBG getmany L38 nw=16 wall=0.541s thr(out)1 thr(in)16 conc_peak=16 pread=6.684s
DBG getmany L39 nw=16 wall=0.718s thr(out)1 thr(in)16 conc_peak=16 pread=8.271s
DBG getmany L40 nw=16 wall=0.743s thr(out)1 thr(in)16 conc_peak=16 pread=10.471s
DBG getmany L41 nw=16 wall=0.702s thr(out)1 thr(in)16 conc_peak=16 pread=9.671s
DBG getmany L42 nw=16 wall=0.519s thr(out)1 thr(in)16 conc_peak=16 pread=6.743s
DBG getmany L43 nw=16 wall=0.753s thr(out)1 thr(in)16 conc_peak=16 pread=11.324s
DBG getmany L44 nw=16 wall=0.719s thr(out)1 thr(in)16 conc_peak=16 pread=10.728s
DBG getmany L45 nw=16 wall=0.780s thr(out)1 thr(in)16 conc_peak=16 pread=11.189s
DBG getmany L46 nw=16 wall=0.581s thr(out)1 thr(in)16 conc_peak=16 pread=7.951s
DBG getmany L47 nw=16 wall=0.726s thr(out)1 thr(in)16 conc_peak=16 pread=10.030s
DBG getmany L48 nw=16 wall=0.655s thr(out)1 thr(in)16 conc_peak=16 pread=9.063s
DBG getmany L49 nw=16 wall=0.774s thr(out)1 thr(in)16 conc_peak=16 pread=10.854s
DBG getmany L50 nw=16 wall=0.557s thr(out)1 thr(in)16 conc_peak=16 pread=8.118s
DBG getmany L51 nw=16 wall=0.738s thr(out)1 thr(in)16 conc_peak=16 pread=10.652s
DBG getmany L52 nw=16 wall=0.688s thr(out)1 thr(in)16 conc_peak=16 pread=9.806s
DBG getmany L53 nw=16 wall=0.683s thr(out)1 thr(in)16 conc_peak=16 pread=9.472s
DBG getmany L54 nw=16 wall=0.507s thr(out)1 thr(in)16 conc_peak=16 pread=6.807s
DBG getmany L55 nw=16 wall=0.733s thr(out)1 thr(in)16 conc_peak=16 pread=10.759s
DBG getmany L56 nw=16 wall=0.750s thr(out)1 thr(in)16 conc_peak=16 pread=10.957s
DBG getmany L57 nw=16 wall=0.782s thr(out)1 thr(in)16 conc_peak=16 pread=9.217s
DBG getmany L58 nw=16 wall=0.547s thr(out)1 thr(in)16 conc_peak=16 pread=7.660s
DBG getmany L59 nw=16 wall=0.752s thr(out)1 thr(in)16 conc_peak=16 pread=10.349s
DBG getmany L60 nw=16 wall=0.713s thr(out)1 thr(in)16 conc_peak=16 pread=9.433s
DBG getmany L61 nw=16 wall=0.691s thr(out)1 thr(in)16 conc_peak=16 pread=8.905s
DBG getmany L62 nw=16 wall=0.504s thr(out)1 thr(in)16 conc_peak=16 pread=6.700s
DBG getmany L63 nw=16 wall=0.695s thr(out)1 thr(in)16 conc_peak=16 pread=9.226s
DBG getmany L64 nw=16 wall=0.722s thr(out)1 thr(in)16 conc_peak=16 pread=9.400s
DBG getmany L65 nw=16 wall=0.734s thr(out)1 thr(in)16 conc_peak=16 pread=9.775s
DBG getmany L66 nw=16 wall=0.520s thr(out)1 thr(in)16 conc_peak=16 pread=7.420s
DBG getmany L67 nw=16 wall=0.728s thr(out)1 thr(in)16 conc_peak=16 pread=10.902s
DBG getmany L68 nw=16 wall=0.702s thr(out)1 thr(in)16 conc_peak=16 pread=9.646s
DBG getmany L69 nw=16 wall=0.699s thr(out)1 thr(in)16 conc_peak=16 pread=8.228s
DBG getmany L70 nw=16 wall=0.510s thr(out)1 thr(in)16 conc_peak=16 pread=7.263s
DBG getmany L71 nw=16 wall=0.799s thr(out)1 thr(in)16 conc_peak=16 pread=10.652s
DBG getmany L72 nw=16 wall=0.731s thr(out)1 thr(in)16 conc_peak=16 pread=10.952s
DBG getmany L73 nw=16 wall=0.756s thr(out)1 thr(in)16 conc_peak=16 pread=9.043s
DBG getmany L74 nw=16 wall=0.508s thr(out)1 thr(in)16 conc_peak=16 pread=7.132s
DBG getmany L75 nw=16 wall=0.748s thr(out)1 thr(in)16 conc_peak=16 pread=11.049s
DBG getmany L76 nw=16 wall=0.695s thr(out)1 thr(in)16 conc_peak=16 pread=10.227s
DBG getmany L77 nw=16 wall=0.671s thr(out)1 thr(in)16 conc_peak=16 pread=8.954s
DBG getmany L78 nw=16 wall=0.483s thr(out)1 thr(in)16 conc_peak=16 pread=6.140s
DBG getmany L79 nw=16 wall=0.691s thr(out)1 thr(in)16 conc_peak=16 pread=10.248s
DBG getmany L80 nw=16 wall=0.669s thr(out)1 thr(in)16 conc_peak=16 pread=8.601s
DBG getmany L81 nw=16 wall=0.747s thr(out)1 thr(in)16 conc_peak=16 pread=10.893s
DBG getmany L82 nw=16 wall=0.524s thr(out)1 thr(in)16 conc_peak=16 pread=7.252s
DBG getmany L83 nw=16 wall=0.740s thr(out)1 thr(in)16 conc_peak=16 pread=9.767s
DBG getmany L84 nw=16 wall=0.681s thr(out)1 thr(in)16 conc_peak=16 pread=9.957s
DBG getmany L85 nw=16 wall=0.726s thr(out)1 thr(in)16 conc_peak=16 pread=9.344s
DBG getmany L86 nw=16 wall=0.521s thr(out)1 thr(in)16 conc_peak=16 pread=7.169s
DBG getmany L87 nw=16 wall=0.711s thr(out)1 thr(in)16 conc_peak=16 pread=10.450s
DBG getmany L88 nw=16 wall=0.732s thr(out)1 thr(in)16 conc_peak=16 pread=10.425s
DBG getmany L89 nw=16 wall=0.767s thr(out)1 thr(in)16 conc_peak=16 pread=10.225s
DBG getmany L90 nw=16 wall=0.533s thr(out)1 thr(in)16 conc_peak=16 pread=6.965s
DBG getmany L91 nw=16 wall=0.495s thr(out)1 thr(in)16 conc_peak=16 pread=5.804s
DBG getmany L92 nw=16 wall=0.253s thr(out)1 thr(in)16 conc_peak=16 pread=2.410s
1      802        74.31        100.0      25.83      0.013
  L2   resident=6779/14589 slots hit=100.0% read=51.64GB write=0.00GB
DBG getmany L1 nw=16 wall=0.253s thr(out)1 thr(in)16 conc_peak=16 pread=2.297s
DBG getmany L2 nw=15 wall=0.239s thr(out)1 thr(in)16 conc_peak=15 pread=2.195s
DBG getmany L3 nw=13 wall=0.204s thr(out)1 thr(in)16 conc_peak=13 pread=1.483s
DBG getmany L4 nw=15 wall=0.242s thr(out)1 thr(in)16 conc_peak=15 pread=2.268s
DBG getmany L5 nw=16 wall=0.249s thr(out)1 thr(in)16 conc_peak=16 pread=2.242s
DBG getmany L6 nw=15 wall=0.244s thr(out)1 thr(in)16 conc_peak=15 pread=2.238s
DBG getmany L7 nw=15 wall=0.226s thr(out)1 thr(in)16 conc_peak=15 pread=2.133s
DBG getmany L8 nw=16 wall=0.234s thr(out)1 thr(in)16 conc_peak=16 pread=2.205s
DBG getmany L9 nw=15 wall=0.217s thr(out)1 thr(in)16 conc_peak=15 pread=1.894s
DBG getmany L10 nw=15 wall=0.220s thr(out)1 thr(in)16 conc_peak=15 pread=1.874s
DBG getmany L11 nw=15 wall=0.225s thr(out)1 thr(in)16 conc_peak=15 pread=1.964s
DBG getmany L12 nw=15 wall=0.228s thr(out)1 thr(in)16 conc_peak=15 pread=2.055s
DBG getmany L13 nw=16 wall=0.244s thr(out)1 thr(in)16 conc_peak=16 pread=2.302s
DBG getmany L14 nw=15 wall=0.224s thr(out)1 thr(in)16 conc_peak=15 pread=1.939s
DBG getmany L15 nw=16 wall=0.247s thr(out)1 thr(in)16 conc_peak=16 pread=2.385s
DBG getmany L16 nw=15 wall=0.231s thr(out)1 thr(in)16 conc_peak=15 pread=1.983s
DBG getmany L17 nw=16 wall=0.242s thr(out)1 thr(in)16 conc_peak=16 pread=2.418s
DBG getmany L18 nw=16 wall=0.240s thr(out)1 thr(in)16 conc_peak=16 pread=2.417s
DBG getmany L19 nw=16 wall=0.243s thr(out)1 thr(in)16 conc_peak=16 pread=2.421s
DBG getmany L20 nw=16 wall=0.240s thr(out)1 thr(in)16 conc_peak=16 pread=2.317s
DBG getmany L21 nw=16 wall=0.724s thr(out)1 thr(in)16 conc_peak=16 pread=10.461s
DBG getmany L22 nw=16 wall=0.491s thr(out)1 thr(in)16 conc_peak=16 pread=6.889s
DBG getmany L23 nw=15 wall=0.666s thr(out)1 thr(in)16 conc_peak=15 pread=7.452s
DBG getmany L24 nw=13 wall=0.723s thr(out)1 thr(in)16 conc_peak=13 pread=8.878s
DBG getmany L25 nw=15 wall=0.702s thr(out)1 thr(in)16 conc_peak=15 pread=8.831s
DBG getmany L26 nw=15 wall=0.516s thr(out)1 thr(in)16 conc_peak=15 pread=7.189s
DBG getmany L27 nw=16 wall=0.685s thr(out)1 thr(in)16 conc_peak=16 pread=8.618s
DBG getmany L28 nw=15 wall=0.676s thr(out)1 thr(in)16 conc_peak=15 pread=8.848s
DBG getmany L29 nw=16 wall=0.783s thr(out)1 thr(in)16 conc_peak=16 pread=11.716s
DBG getmany L30 nw=16 wall=0.556s thr(out)1 thr(in)16 conc_peak=16 pread=7.812s
DBG getmany L31 nw=16 wall=0.748s thr(out)1 thr(in)16 conc_peak=16 pread=8.885s
DBG getmany L32 nw=14 wall=0.685s thr(out)1 thr(in)16 conc_peak=14 pread=9.140s
DBG getmany L33 nw=15 wall=0.764s thr(out)1 thr(in)16 conc_peak=15 pread=9.581s
DBG getmany L34 nw=16 wall=0.561s thr(out)1 thr(in)16 conc_peak=16 pread=7.049s
DBG getmany L35 nw=16 wall=0.801s thr(out)1 thr(in)16 conc_peak=16 pread=7.299s
DBG getmany L36 nw=14 wall=0.685s thr(out)1 thr(in)16 conc_peak=14 pread=7.317s
DBG getmany L37 nw=16 wall=0.748s thr(out)1 thr(in)16 conc_peak=16 pread=10.863s
DBG getmany L38 nw=16 wall=0.504s thr(out)1 thr(in)16 conc_peak=16 pread=7.149s
DBG getmany L39 nw=16 wall=0.737s thr(out)1 thr(in)16 conc_peak=16 pread=6.180s
DBG getmany L40 nw=16 wall=0.692s thr(out)1 thr(in)16 conc_peak=16 pread=8.499s
DBG getmany L41 nw=16 wall=0.691s thr(out)1 thr(in)16 conc_peak=16 pread=9.714s
DBG getmany L42 nw=16 wall=0.540s thr(out)1 thr(in)16 conc_peak=16 pread=7.465s
DBG getmany L43 nw=16 wall=0.743s thr(out)1 thr(in)16 conc_peak=16 pread=10.408s
DBG getmany L44 nw=16 wall=0.641s thr(out)1 thr(in)16 conc_peak=16 pread=7.480s
DBG getmany L45 nw=16 wall=0.777s thr(out)1 thr(in)16 conc_peak=16 pread=11.634s
DBG getmany L46 nw=15 wall=0.550s thr(out)1 thr(in)16 conc_peak=15 pread=6.814s
DBG getmany L47 nw=15 wall=0.669s thr(out)1 thr(in)16 conc_peak=15 pread=8.417s
DBG getmany L48 nw=15 wall=0.658s thr(out)1 thr(in)16 conc_peak=15 pread=7.751s
DBG getmany L49 nw=15 wall=0.760s thr(out)1 thr(in)16 conc_peak=15 pread=6.679s
DBG getmany L50 nw=16 wall=0.524s thr(out)1 thr(in)16 conc_peak=16 pread=7.690s
DBG getmany L51 nw=16 wall=0.738s thr(out)1 thr(in)16 conc_peak=16 pread=11.049s
DBG getmany L52 nw=16 wall=0.664s thr(out)1 thr(in)16 conc_peak=16 pread=8.747s
DBG getmany L53 nw=15 wall=0.688s thr(out)1 thr(in)16 conc_peak=15 pread=9.294s
DBG getmany L54 nw=16 wall=0.531s thr(out)1 thr(in)16 conc_peak=16 pread=7.564s
DBG getmany L55 nw=16 wall=0.737s thr(out)1 thr(in)16 conc_peak=16 pread=9.827s
DBG getmany L56 nw=16 wall=0.716s thr(out)1 thr(in)16 conc_peak=16 pread=9.403s
DBG getmany L57 nw=16 wall=0.844s thr(out)1 thr(in)16 conc_peak=16 pread=8.763s
DBG getmany L58 nw=16 wall=0.982s thr(out)1 thr(in)16 conc_peak=16 pread=14.372s
DBG getmany L59 nw=16 wall=1.335s thr(out)1 thr(in)16 conc_peak=16 pread=15.573s
DBG getmany L60 nw=16 wall=1.282s thr(out)1 thr(in)16 conc_peak=16 pread=17.051s
DBG getmany L61 nw=16 wall=1.189s thr(out)1 thr(in)16 conc_peak=16 pread=14.664s
DBG getmany L62 nw=16 wall=0.982s thr(out)1 thr(in)16 conc_peak=16 pread=14.013s
DBG getmany L63 nw=16 wall=1.329s thr(out)1 thr(in)16 conc_peak=16 pread=18.604s
DBG getmany L64 nw=16 wall=1.303s thr(out)1 thr(in)16 conc_peak=16 pread=19.035s
DBG getmany L65 nw=16 wall=1.286s thr(out)1 thr(in)16 conc_peak=16 pread=17.973s
DBG getmany L66 nw=16 wall=0.983s thr(out)1 thr(in)16 conc_peak=16 pread=13.706s
DBG getmany L67 nw=16 wall=1.310s thr(out)1 thr(in)16 conc_peak=16 pread=14.047s
DBG getmany L68 nw=16 wall=1.299s thr(out)1 thr(in)16 conc_peak=16 pread=17.413s
DBG getmany L69 nw=16 wall=1.299s thr(out)1 thr(in)16 conc_peak=16 pread=16.986s
DBG getmany L70 nw=16 wall=0.992s thr(out)1 thr(in)16 conc_peak=16 pread=12.663s
DBG getmany L71 nw=16 wall=1.308s thr(out)1 thr(in)16 conc_peak=16 pread=12.922s
DBG getmany L72 nw=16 wall=1.287s thr(out)1 thr(in)16 conc_peak=16 pread=16.639s
DBG getmany L73 nw=16 wall=1.290s thr(out)1 thr(in)16 conc_peak=16 pread=19.023s
DBG getmany L74 nw=16 wall=0.979s thr(out)1 thr(in)16 conc_peak=16 pread=12.898s
DBG getmany L75 nw=16 wall=1.299s thr(out)1 thr(in)16 conc_peak=16 pread=16.035s
DBG getmany L76 nw=16 wall=1.320s thr(out)1 thr(in)16 conc_peak=16 pread=18.196s
DBG getmany L77 nw=16 wall=1.306s thr(out)1 thr(in)16 conc_peak=16 pread=14.747s
DBG getmany L78 nw=16 wall=0.962s thr(out)1 thr(in)16 conc_peak=16 pread=12.176s
DBG getmany L79 nw=16 wall=1.338s thr(out)1 thr(in)16 conc_peak=16 pread=13.249s
DBG getmany L80 nw=16 wall=1.172s thr(out)1 thr(in)16 conc_peak=16 pread=13.332s
DBG getmany L81 nw=15 wall=1.276s thr(out)1 thr(in)16 conc_peak=15 pread=16.432s
DBG getmany L82 nw=16 wall=0.966s thr(out)1 thr(in)16 conc_peak=16 pread=13.480s
DBG getmany L83 nw=13 wall=1.213s thr(out)1 thr(in)16 conc_peak=13 pread=13.793s
DBG getmany L84 nw=13 wall=1.225s thr(out)1 thr(in)16 conc_peak=13 pread=10.775s
DBG getmany L85 nw=14 wall=1.054s thr(out)1 thr(in)16 conc_peak=14 pread=11.735s
DBG getmany L86 nw=16 wall=0.944s thr(out)1 thr(in)16 conc_peak=16 pread=13.451s
DBG getmany L87 nw=13 wall=1.257s thr(out)1 thr(in)16 conc_peak=13 pread=15.177s
DBG getmany L88 nw=15 wall=1.258s thr(out)1 thr(in)16 conc_peak=15 pread=15.047s
DBG getmany L89 nw=13 wall=1.223s thr(out)1 thr(in)16 conc_peak=13 pread=12.692s
DBG getmany L90 nw=12 wall=0.861s thr(out)1 thr(in)16 conc_peak=12 pread=8.774s
DBG getmany L91 nw=13 wall=0.903s thr(out)1 thr(in)16 conc_peak=13 pread=10.167s
DBG getmany L92 nw=13 wall=0.349s thr(out)1 thr(in)16 conc_peak=13 pread=2.535s
2      24         90.91        100.0      24.85      0.011
  L2   resident=6779/14589 slots hit=100.0% read=76.49GB write=0.00GB
--------------------------------------------------------------------
3 tokens in 329.2 s, 109.73 s/token average
PEAK RSS for the whole run: 37.16 GB   <- quote this, not the plan
layers completed: 93/93; routed expert drops: 0


[chip] simulated MXFP4 GEMV bill over 4 tokens
  4416 expert chains | 291722231808 flops | 77488717824 bytes (77.49 GB)
  per token: 1104 chains | 19.37 GB | 0.07 Gflops
  compute wall @ 4 TFLOPS : 0.07 s (18.23 ms/token)
  bandwidth wall @ 200 GB/s : 0.39 s (96.86 ms/token)
  -> bandwidth-bound; to be compute-bound at 4 TFLOPS this needs 1062 GB/s
  expert fetch (host wall, measured): 239.55 s moving 77.49 GB = 0 GB/s
  chip pool wall (measured): 25.25 s

cache [final step]
  slots        : 854 of 17.56 MB = 14.99 GB arena (854 resident, 0 pinned)
  requests     : 1472  hits 1472 (100.00%)  misses 0  evictions 1416
  of those hits : 1416 came from the batch prefetch, i.e. read from disk
                  this token; TRUE resident hit rate 3.80%
  read from disk: 24.85 GB in 69.97 s (355 MB/s while loading)
  phase2 i/o    : 24.86 GB in 69.97 s (355 MB/s)  [pure parallel disk read]
l2cache [final step]
  requests     : 4359  hits 4359 (100.00%)  misses 0
  read  from sdd7: 76.49 GB, written 0.00 GB
  fd split  : 3699 O_DIRECT, 0 BUFFERED (0.00% buffered)
  hit I/O   : 76.49 GB in 3039.05 s (wall) = 25 MB/s [pread 3039.05 s, 25 MB/s per-thread]
  miss I/O  : 0 misses, 0.00 GB from /model in 0.00 s (wall) = 0 MB/s
  restored from meta: 6779 slots
kio tier0: 4595 reqs, 216.66 GB delivered | per-stream 69 MB/s, aggregate 658 MB/s, concurrency 9.5x | queue 82.5 s (2.6% of io), submit-lock 8.5 s, worker-lock 0.1 s, sleep 2373.1 s in 8431 waits (45% of worker-time)
      group0: 235 reqs, 140.16 GB | per-stream 728 MB/s | queue 0.1 s (0.1%)
      group1: 4360 reqs, 76.51 GB | per-stream 26 MB/s | queue 82.4 s (2.8%)

wrote reports/gateab_ab/v65_hitwall/run-20261007_093634/ctrl.json
I/O share of wall clock: 130.5%  (trunk 193.4 s + experts 236.3 s of 329.2 s)
  both figures are WHOLE-RUN totals over 3 steps
  expert phase split: phase1 SERIAL reserve 5.8 s (552 calls) vs phase2 read 236.3 s
  over 100% because trunk reads overlap compute on the reader thread;
  100.5 s of device time was hidden behind arithmetic
  experts, whole run: 76.51 GB read | 910 of 4416 requests retained in RAM (20.61%) | 3506 evictions
    (retention = requests - evictions; the raw `hits` counter includes
     experts the prefetcher had just read from disk, so it is not a
     measure of avoided I/O)

trunk [final]
  pinned 22/93 layers, ring 2 slots
  binds 279, hits 44 (15.8%), reads 235
  read 140.16 GB in 193.40 s (725 MB/s pread)
  per-layer loads [L]=count: 0=1 1=1 2=1 3=1 4=1 5=1 6=1 7=1 8=1 9=1 10=1 11=1 12=1 13=1 14=1 15=1 16=1 17=1 18=1 19=1 20=1 21=1 22=3 23=3 24=3 25=3 26=3 27=3 28=3 29=3 30=3 31=3 32=3 33=3 34=3 35=3 36=3 37=3 38=3 39=3 40=3 41=3 42=3 43=3 44=3 45=3 46=3 47=3 48=3 49=3 50=3 51=3 52=3 53=3 54=3 55=3 56=3 57=3 58=3 59=3 60=3 61=3 62=3 63=3 64=3 65=3 66=3 67=3 68=3 69=3 70=3 71=3 72=3 73=3 74=3 75=3 76=3 77=3 78=3 79=3 80=3 81=3 82=3 83=3 84=3 85=3 86=3 87=3 88=3 89=3 90=3 91=3 92=3
  bind wall 26.71 s over 279 binds; read 193.40 + widen 1.83 = 195.23 s of device work,
                    of which 168.52 s (86%) overlapped compute on the reader thread
  widen breakdown: find 26 ms (7365)  copy 0 ms (3444)  deq 1793 ms (2370)  timed 2 s of widen 1.83 s
