L2 auto: 209 GB free on /mnt/nvme -> L2 at 256 GB
k3 chip: 4 workers, 4 TFLOPS, 200 GB/s simulated wall
DBG getmany L1 nw=16 wall=0.255s thr(out)1 thr(in)16 conc_peak=16 pread=3.038s
DBG getmany L2 nw=16 wall=0.197s thr(out)1 thr(in)16 conc_peak=16 pread=2.085s
DBG getmany L3 nw=16 wall=0.194s thr(out)1 thr(in)16 conc_peak=16 pread=2.074s
DBG getmany L4 nw=16 wall=0.190s thr(out)1 thr(in)16 conc_peak=16 pread=2.032s
DBG getmany L5 nw=16 wall=0.172s thr(out)1 thr(in)16 conc_peak=16 pread=1.721s
DBG getmany L6 nw=16 wall=0.180s thr(out)1 thr(in)16 conc_peak=16 pread=1.834s
DBG getmany L7 nw=16 wall=0.193s thr(out)1 thr(in)16 conc_peak=16 pread=2.126s
DBG getmany L8 nw=16 wall=0.196s thr(out)1 thr(in)16 conc_peak=16 pread=2.105s
DBG getmany L9 nw=16 wall=0.195s thr(out)1 thr(in)16 conc_peak=16 pread=2.125s
DBG getmany L10 nw=16 wall=0.192s thr(out)1 thr(in)16 conc_peak=16 pread=2.010s
DBG getmany L11 nw=16 wall=0.195s thr(out)1 thr(in)16 conc_peak=16 pread=2.115s
DBG getmany L12 nw=16 wall=0.198s thr(out)1 thr(in)16 conc_peak=16 pread=2.116s
DBG getmany L13 nw=16 wall=0.195s thr(out)1 thr(in)16 conc_peak=16 pread=2.010s
DBG getmany L14 nw=16 wall=0.192s thr(out)1 thr(in)16 conc_peak=16 pread=1.980s
DBG getmany L15 nw=16 wall=0.210s thr(out)1 thr(in)16 conc_peak=16 pread=2.218s
DBG getmany L16 nw=16 wall=0.204s thr(out)1 thr(in)16 conc_peak=16 pread=2.187s
DBG getmany L17 nw=16 wall=0.196s thr(out)1 thr(in)16 conc_peak=16 pread=2.157s
DBG getmany L18 nw=16 wall=0.198s thr(out)1 thr(in)16 conc_peak=16 pread=2.074s
DBG getmany L19 nw=16 wall=0.208s thr(out)1 thr(in)16 conc_peak=16 pread=2.203s
DBG getmany L20 nw=16 wall=0.198s thr(out)1 thr(in)16 conc_peak=16 pread=2.145s
DBG getmany L21 nw=16 wall=0.241s thr(out)1 thr(in)16 conc_peak=16 pread=2.156s
DBG getmany L22 nw=16 wall=0.232s thr(out)1 thr(in)16 conc_peak=16 pread=2.286s
DBG getmany L23 nw=16 wall=0.484s thr(out)1 thr(in)16 conc_peak=16 pread=4.956s
DBG getmany L24 nw=16 wall=0.538s thr(out)1 thr(in)16 conc_peak=16 pread=6.835s
DBG getmany L25 nw=16 wall=0.541s thr(out)1 thr(in)16 conc_peak=16 pread=4.543s
DBG getmany L26 nw=16 wall=0.413s thr(out)1 thr(in)16 conc_peak=16 pread=5.422s
DBG getmany L27 nw=16 wall=0.494s thr(out)1 thr(in)16 conc_peak=16 pread=5.445s
DBG getmany L28 nw=16 wall=0.474s thr(out)1 thr(in)16 conc_peak=16 pread=5.426s
DBG getmany L29 nw=16 wall=0.491s thr(out)1 thr(in)16 conc_peak=16 pread=5.342s
DBG getmany L30 nw=16 wall=0.403s thr(out)1 thr(in)16 conc_peak=16 pread=5.517s
DBG getmany L31 nw=16 wall=0.574s thr(out)1 thr(in)16 conc_peak=16 pread=7.931s
DBG getmany L32 nw=16 wall=0.550s thr(out)1 thr(in)16 conc_peak=16 pread=6.485s
DBG getmany L33 nw=16 wall=0.587s thr(out)1 thr(in)16 conc_peak=16 pread=8.570s
DBG getmany L34 nw=16 wall=0.397s thr(out)1 thr(in)16 conc_peak=16 pread=5.131s
DBG getmany L35 nw=16 wall=0.590s thr(out)1 thr(in)16 conc_peak=16 pread=7.724s
DBG getmany L36 nw=16 wall=0.571s thr(out)1 thr(in)16 conc_peak=16 pread=6.972s
DBG getmany L37 nw=16 wall=0.569s thr(out)1 thr(in)16 conc_peak=16 pread=7.775s
DBG getmany L38 nw=16 wall=0.399s thr(out)1 thr(in)16 conc_peak=16 pread=5.270s
DBG getmany L39 nw=16 wall=0.567s thr(out)1 thr(in)16 conc_peak=16 pread=7.288s
DBG getmany L40 nw=16 wall=0.546s thr(out)1 thr(in)16 conc_peak=16 pread=7.300s
DBG getmany L41 nw=16 wall=0.520s thr(out)1 thr(in)16 conc_peak=16 pread=7.804s
DBG getmany L42 nw=16 wall=0.414s thr(out)1 thr(in)16 conc_peak=16 pread=5.631s
DBG getmany L43 nw=16 wall=0.570s thr(out)1 thr(in)16 conc_peak=16 pread=6.899s
DBG getmany L44 nw=16 wall=0.545s thr(out)1 thr(in)16 conc_peak=16 pread=5.435s
DBG getmany L45 nw=16 wall=0.544s thr(out)1 thr(in)16 conc_peak=16 pread=7.556s
DBG getmany L46 nw=16 wall=0.432s thr(out)1 thr(in)16 conc_peak=16 pread=4.725s
DBG getmany L47 nw=16 wall=0.592s thr(out)1 thr(in)16 conc_peak=16 pread=6.519s
DBG getmany L48 nw=16 wall=0.575s thr(out)1 thr(in)16 conc_peak=16 pread=7.053s
DBG getmany L49 nw=16 wall=0.600s thr(out)1 thr(in)16 conc_peak=16 pread=6.611s
DBG getmany L50 nw=16 wall=0.468s thr(out)1 thr(in)16 conc_peak=16 pread=5.176s
DBG getmany L51 nw=16 wall=0.603s thr(out)1 thr(in)16 conc_peak=16 pread=6.849s
DBG getmany L52 nw=16 wall=0.594s thr(out)1 thr(in)16 conc_peak=16 pread=6.971s
DBG getmany L53 nw=16 wall=0.590s thr(out)1 thr(in)16 conc_peak=16 pread=8.036s
DBG getmany L54 nw=16 wall=0.468s thr(out)1 thr(in)16 conc_peak=16 pread=5.598s
DBG getmany L55 nw=16 wall=0.587s thr(out)1 thr(in)16 conc_peak=16 pread=7.529s
DBG getmany L56 nw=16 wall=0.352s thr(out)1 thr(in)16 conc_peak=16 pread=2.090s
DBG getmany L57 nw=16 wall=0.567s thr(out)1 thr(in)16 conc_peak=16 pread=6.479s
DBG getmany L58 nw=16 wall=0.430s thr(out)1 thr(in)16 conc_peak=16 pread=5.780s
DBG getmany L59 nw=16 wall=0.378s thr(out)1 thr(in)16 conc_peak=16 pread=2.726s
DBG getmany L60 nw=16 wall=0.597s thr(out)1 thr(in)16 conc_peak=16 pread=8.558s
DBG getmany L61 nw=16 wall=0.590s thr(out)1 thr(in)16 conc_peak=16 pread=8.551s
DBG getmany L62 nw=16 wall=0.438s thr(out)1 thr(in)16 conc_peak=16 pread=5.443s
DBG getmany L63 nw=16 wall=0.615s thr(out)1 thr(in)16 conc_peak=16 pread=8.158s
DBG getmany L64 nw=16 wall=0.614s thr(out)1 thr(in)16 conc_peak=16 pread=8.805s
DBG getmany L65 nw=16 wall=0.599s thr(out)1 thr(in)16 conc_peak=16 pread=8.515s
DBG getmany L66 nw=16 wall=0.446s thr(out)1 thr(in)16 conc_peak=16 pread=6.297s
DBG getmany L67 nw=16 wall=0.503s thr(out)1 thr(in)16 conc_peak=16 pread=4.710s
DBG getmany L68 nw=16 wall=0.610s thr(out)1 thr(in)16 conc_peak=16 pread=7.228s
DBG getmany L69 nw=16 wall=0.574s thr(out)1 thr(in)16 conc_peak=16 pread=7.441s
DBG getmany L70 nw=16 wall=0.440s thr(out)1 thr(in)16 conc_peak=16 pread=6.473s
DBG getmany L71 nw=16 wall=0.621s thr(out)1 thr(in)16 conc_peak=16 pread=8.896s
DBG getmany L72 nw=16 wall=0.600s thr(out)1 thr(in)16 conc_peak=16 pread=7.980s
DBG getmany L73 nw=16 wall=0.604s thr(out)1 thr(in)16 conc_peak=16 pread=6.626s
DBG getmany L74 nw=16 wall=0.455s thr(out)1 thr(in)16 conc_peak=16 pread=5.584s
DBG getmany L75 nw=16 wall=0.599s thr(out)1 thr(in)16 conc_peak=16 pread=8.412s
DBG getmany L76 nw=16 wall=0.528s thr(out)1 thr(in)16 conc_peak=16 pread=7.169s
DBG getmany L77 nw=16 wall=0.608s thr(out)1 thr(in)16 conc_peak=16 pread=8.625s
DBG getmany L78 nw=16 wall=0.461s thr(out)1 thr(in)16 conc_peak=16 pread=6.040s
DBG getmany L79 nw=16 wall=0.606s thr(out)1 thr(in)16 conc_peak=16 pread=6.822s
DBG getmany L80 nw=16 wall=0.554s thr(out)1 thr(in)16 conc_peak=16 pread=7.570s
DBG getmany L81 nw=16 wall=0.549s thr(out)1 thr(in)16 conc_peak=15 pread=8.086s
DBG getmany L82 nw=16 wall=0.404s thr(out)1 thr(in)16 conc_peak=16 pread=5.366s
DBG getmany L83 nw=16 wall=0.570s thr(out)1 thr(in)16 conc_peak=16 pread=6.917s
DBG getmany L84 nw=16 wall=0.536s thr(out)1 thr(in)16 conc_peak=16 pread=7.750s
DBG getmany L85 nw=16 wall=0.579s thr(out)1 thr(in)16 conc_peak=16 pread=6.777s
DBG getmany L86 nw=16 wall=0.405s thr(out)1 thr(in)16 conc_peak=16 pread=5.310s
DBG getmany L87 nw=16 wall=0.548s thr(out)1 thr(in)16 conc_peak=16 pread=7.890s
DBG getmany L88 nw=16 wall=0.580s thr(out)1 thr(in)16 conc_peak=16 pread=8.488s
DBG getmany L89 nw=16 wall=0.573s thr(out)1 thr(in)16 conc_peak=16 pread=6.212s
DBG getmany L90 nw=16 wall=0.156s thr(out)1 thr(in)16 conc_peak=16 pread=1.442s
DBG getmany L91 nw=16 wall=0.374s thr(out)1 thr(in)16 conc_peak=16 pread=4.890s
DBG getmany L92 nw=16 wall=0.156s thr(out)1 thr(in)16 conc_peak=16 pread=1.445s
config: /model/config.json (nested shape) | hidden=7168 layers=93 vocab=163840 | 24 MLA + 69 KDA | experts 896 top16 shared2 | latent=3584
  KV cache : 23.70 MB for 10 positions (2.37 MB/position)
Kimi K3, pure C, released checkpoint
  model    : /model
  prompt   : 1 tokens, generating 8

indexed 497220 tensors from 96 shards in 4.36 s
trunk on disk : 110.00 GB total (STREAMED from /mnt/nvme/trunk_layers_out, not held in RAM)

memory plan
  trunk (STREAMED) 32.00 GB
  embed + lm_head  4.70 GB
  expert cache     15.00 GB
  recurrent state  626.25 MB
  buffers          8.02 MB
  KV cache         23.65 MB
  TOTAL            52.36 GB
  available        57.80 GB

k3_trunk: trunk.bin absent - using per-layer slices (layer_%03d.bin)
trunk stream: 56.60 GB packed, 22/93 layers PINNED (29.30 GB), ring 2 x 1.30 GB
              reads use buffered I/O
              ring holds 2 slots: layers repeat over ~2 tokens, so recent ones are reused instead of re-read
trunk streaming enabled from /mnt/nvme/trunk_layers_out in 0.0 s
embedding, final norm and lm_head: 4.70 GB in 12.1 s

expert L1 eviction policy: heat
expert L2 cache enabled: 14589 slots x 17.55 MB = 256.00 GB on /mnt/nvme/experts.l2
expert L2 eviction policy: heat
peak RSS after loading weights: 4.78 GB  (the plan above is a forecast, this is measured)
expert cache: 854 slots x 17.56 MB = 14.99 GB (1.04% of the 1.45 TB expert pool)

recurrent state for 93 layers: 626.25 MB

incremental decode: KV cache 23.65 MB for 24 MLA layers at 10 positions

STEP   TOKEN      SECONDS      CACHE HIT  READ GB    TOK/S
--------------------------------------------------------------------
0      220        74.71        100.0      25.83      0.013
  L2   resident=6779/14589 slots hit=100.0% read=25.83GB write=0.00GB
DBG getmany L1 nw=16 wall=0.189s thr(out)1 thr(in)16 conc_peak=16 pread=1.658s
DBG getmany L2 nw=16 wall=0.176s thr(out)1 thr(in)16 conc_peak=16 pread=1.613s
DBG getmany L3 nw=16 wall=0.161s thr(out)1 thr(in)16 conc_peak=15 pread=1.450s
DBG getmany L4 nw=16 wall=0.159s thr(out)1 thr(in)16 conc_peak=16 pread=1.471s
DBG getmany L5 nw=16 wall=0.163s thr(out)1 thr(in)16 conc_peak=16 pread=1.637s
DBG getmany L6 nw=16 wall=0.175s thr(out)1 thr(in)16 conc_peak=16 pread=1.638s
DBG getmany L7 nw=16 wall=0.160s thr(out)1 thr(in)16 conc_peak=16 pread=1.460s
DBG getmany L8 nw=16 wall=0.160s thr(out)1 thr(in)16 conc_peak=16 pread=1.548s
DBG getmany L9 nw=16 wall=0.157s thr(out)1 thr(in)16 conc_peak=16 pread=1.457s
DBG getmany L10 nw=16 wall=0.161s thr(out)1 thr(in)16 conc_peak=16 pread=1.560s
DBG getmany L11 nw=16 wall=0.164s thr(out)1 thr(in)16 conc_peak=16 pread=1.512s
DBG getmany L12 nw=16 wall=0.166s thr(out)1 thr(in)16 conc_peak=16 pread=1.602s
DBG getmany L13 nw=16 wall=0.171s thr(out)1 thr(in)16 conc_peak=16 pread=1.665s
DBG getmany L14 nw=16 wall=0.168s thr(out)1 thr(in)16 conc_peak=16 pread=1.582s
DBG getmany L15 nw=16 wall=0.162s thr(out)1 thr(in)16 conc_peak=16 pread=1.605s
DBG getmany L16 nw=16 wall=0.163s thr(out)1 thr(in)16 conc_peak=16 pread=1.626s
DBG getmany L17 nw=16 wall=0.162s thr(out)1 thr(in)16 conc_peak=16 pread=1.583s
DBG getmany L18 nw=16 wall=0.165s thr(out)1 thr(in)16 conc_peak=16 pread=1.575s
DBG getmany L19 nw=16 wall=0.163s thr(out)1 thr(in)16 conc_peak=16 pread=1.651s
DBG getmany L20 nw=16 wall=0.159s thr(out)1 thr(in)16 conc_peak=16 pread=1.581s
DBG getmany L21 nw=16 wall=0.463s thr(out)1 thr(in)16 conc_peak=16 pread=6.086s
DBG getmany L22 nw=16 wall=0.386s thr(out)1 thr(in)16 conc_peak=15 pread=5.671s
DBG getmany L23 nw=16 wall=0.488s thr(out)1 thr(in)16 conc_peak=16 pread=5.487s
DBG getmany L24 nw=16 wall=0.571s thr(out)1 thr(in)16 conc_peak=16 pread=8.536s
DBG getmany L25 nw=16 wall=0.545s thr(out)1 thr(in)16 conc_peak=16 pread=8.101s
DBG getmany L26 nw=16 wall=0.414s thr(out)1 thr(in)16 conc_peak=16 pread=6.007s
DBG getmany L27 nw=16 wall=0.489s thr(out)1 thr(in)16 conc_peak=16 pread=5.650s
DBG getmany L28 nw=16 wall=0.478s thr(out)1 thr(in)16 conc_peak=16 pread=6.070s
DBG getmany L29 nw=16 wall=0.519s thr(out)1 thr(in)16 conc_peak=16 pread=7.624s
DBG getmany L30 nw=16 wall=0.401s thr(out)1 thr(in)16 conc_peak=16 pread=4.440s
DBG getmany L31 nw=16 wall=0.581s thr(out)1 thr(in)16 conc_peak=16 pread=6.670s
DBG getmany L32 nw=16 wall=0.554s thr(out)1 thr(in)16 conc_peak=16 pread=7.133s
DBG getmany L33 nw=16 wall=0.579s thr(out)1 thr(in)16 conc_peak=16 pread=7.558s
DBG getmany L34 nw=16 wall=0.418s thr(out)1 thr(in)16 conc_peak=16 pread=5.530s
DBG getmany L35 nw=16 wall=0.607s thr(out)1 thr(in)16 conc_peak=16 pread=6.524s
DBG getmany L36 nw=16 wall=0.572s thr(out)1 thr(in)16 conc_peak=16 pread=8.301s
DBG getmany L37 nw=16 wall=0.544s thr(out)1 thr(in)16 conc_peak=16 pread=8.272s
DBG getmany L38 nw=16 wall=0.394s thr(out)1 thr(in)16 conc_peak=16 pread=5.395s
DBG getmany L39 nw=16 wall=0.560s thr(out)1 thr(in)16 conc_peak=16 pread=7.557s
DBG getmany L40 nw=16 wall=0.552s thr(out)1 thr(in)16 conc_peak=16 pread=5.493s
DBG getmany L41 nw=16 wall=0.499s thr(out)1 thr(in)16 conc_peak=16 pread=6.623s
DBG getmany L42 nw=16 wall=0.410s thr(out)1 thr(in)16 conc_peak=16 pread=5.901s
DBG getmany L43 nw=16 wall=0.581s thr(out)1 thr(in)16 conc_peak=16 pread=8.043s
DBG getmany L44 nw=16 wall=0.541s thr(out)1 thr(in)16 conc_peak=16 pread=7.051s
DBG getmany L45 nw=16 wall=0.652s thr(out)1 thr(in)16 conc_peak=16 pread=9.576s
DBG getmany L46 nw=16 wall=0.605s thr(out)1 thr(in)16 conc_peak=16 pread=8.438s
DBG getmany L47 nw=16 wall=0.773s thr(out)1 thr(in)16 conc_peak=16 pread=10.508s
DBG getmany L48 nw=16 wall=0.762s thr(out)1 thr(in)16 conc_peak=16 pread=9.745s
DBG getmany L49 nw=16 wall=0.724s thr(out)1 thr(in)16 conc_peak=16 pread=8.657s
DBG getmany L50 nw=16 wall=0.599s thr(out)1 thr(in)16 conc_peak=16 pread=7.669s
DBG getmany L51 nw=16 wall=0.762s thr(out)1 thr(in)16 conc_peak=16 pread=9.601s
DBG getmany L52 nw=16 wall=0.750s thr(out)1 thr(in)16 conc_peak=16 pread=10.487s
DBG getmany L53 nw=16 wall=0.792s thr(out)1 thr(in)16 conc_peak=16 pread=10.604s
DBG getmany L54 nw=16 wall=0.596s thr(out)1 thr(in)16 conc_peak=16 pread=8.680s
DBG getmany L55 nw=16 wall=0.784s thr(out)1 thr(in)16 conc_peak=16 pread=11.768s
DBG getmany L56 nw=16 wall=0.769s thr(out)1 thr(in)16 conc_peak=16 pread=11.543s
DBG getmany L57 nw=16 wall=0.775s thr(out)1 thr(in)16 conc_peak=16 pread=8.992s
DBG getmany L58 nw=16 wall=0.578s thr(out)1 thr(in)16 conc_peak=16 pread=8.487s
DBG getmany L59 nw=16 wall=0.803s thr(out)1 thr(in)16 conc_peak=16 pread=11.326s
DBG getmany L60 nw=16 wall=0.777s thr(out)1 thr(in)16 conc_peak=16 pread=10.667s
DBG getmany L61 nw=16 wall=0.753s thr(out)1 thr(in)16 conc_peak=16 pread=10.668s
DBG getmany L62 nw=16 wall=0.578s thr(out)1 thr(in)16 conc_peak=16 pread=8.158s
DBG getmany L63 nw=16 wall=0.784s thr(out)1 thr(in)16 conc_peak=16 pread=10.582s
DBG getmany L64 nw=16 wall=0.786s thr(out)1 thr(in)16 conc_peak=16 pread=11.282s
DBG getmany L65 nw=16 wall=0.777s thr(out)1 thr(in)16 conc_peak=16 pread=11.777s
DBG getmany L66 nw=16 wall=0.580s thr(out)1 thr(in)16 conc_peak=16 pread=8.572s
DBG getmany L67 nw=16 wall=0.816s thr(out)1 thr(in)16 conc_peak=16 pread=7.934s
DBG getmany L68 nw=16 wall=0.724s thr(out)1 thr(in)16 conc_peak=16 pread=10.553s
DBG getmany L69 nw=16 wall=0.794s thr(out)1 thr(in)16 conc_peak=16 pread=11.487s
DBG getmany L70 nw=16 wall=0.567s thr(out)1 thr(in)16 conc_peak=16 pread=7.540s
DBG getmany L71 nw=16 wall=0.834s thr(out)1 thr(in)16 conc_peak=16 pread=12.477s
DBG getmany L72 nw=16 wall=0.807s thr(out)1 thr(in)16 conc_peak=16 pread=11.966s
DBG getmany L73 nw=16 wall=0.802s thr(out)1 thr(in)16 conc_peak=16 pread=10.746s
DBG getmany L74 nw=16 wall=0.601s thr(out)1 thr(in)16 conc_peak=16 pread=7.822s
DBG getmany L75 nw=16 wall=0.819s thr(out)1 thr(in)16 conc_peak=16 pread=9.063s
DBG getmany L76 nw=16 wall=0.751s thr(out)1 thr(in)16 conc_peak=16 pread=11.207s
DBG getmany L77 nw=16 wall=0.786s thr(out)1 thr(in)16 conc_peak=16 pread=11.593s
DBG getmany L78 nw=16 wall=0.597s thr(out)1 thr(in)16 conc_peak=16 pread=7.818s
DBG getmany L79 nw=16 wall=0.734s thr(out)1 thr(in)16 conc_peak=16 pread=8.416s
DBG getmany L80 nw=16 wall=0.770s thr(out)1 thr(in)16 conc_peak=16 pread=8.497s
DBG getmany L81 nw=16 wall=0.790s thr(out)1 thr(in)16 conc_peak=16 pread=11.480s
DBG getmany L82 nw=16 wall=0.582s thr(out)1 thr(in)16 conc_peak=16 pread=8.320s
DBG getmany L83 nw=16 wall=0.806s thr(out)1 thr(in)16 conc_peak=16 pread=7.677s
DBG getmany L84 nw=16 wall=0.771s thr(out)1 thr(in)16 conc_peak=16 pread=10.995s
DBG getmany L85 nw=16 wall=0.761s thr(out)1 thr(in)16 conc_peak=16 pread=8.180s
DBG getmany L86 nw=16 wall=0.575s thr(out)1 thr(in)16 conc_peak=16 pread=8.367s
DBG getmany L87 nw=16 wall=0.740s thr(out)1 thr(in)16 conc_peak=16 pread=10.649s
DBG getmany L88 nw=16 wall=0.768s thr(out)1 thr(in)16 conc_peak=16 pread=10.573s
DBG getmany L89 nw=16 wall=0.808s thr(out)1 thr(in)16 conc_peak=16 pread=11.264s
DBG getmany L90 nw=16 wall=0.569s thr(out)1 thr(in)16 conc_peak=16 pread=8.265s
DBG getmany L91 nw=16 wall=0.599s thr(out)1 thr(in)16 conc_peak=16 pread=8.587s
DBG getmany L92 nw=16 wall=0.240s thr(out)1 thr(in)16 conc_peak=16 pread=2.185s
1      802        64.61        100.0      25.83      0.015
  L2   resident=6779/14589 slots hit=100.0% read=51.66GB write=0.00GB
DBG getmany L1 nw=16 wall=0.229s thr(out)1 thr(in)16 conc_peak=16 pread=2.161s
DBG getmany L2 nw=15 wall=0.218s thr(out)1 thr(in)16 conc_peak=15 pread=1.934s
DBG getmany L3 nw=13 wall=0.188s thr(out)1 thr(in)16 conc_peak=11 pread=1.450s
DBG getmany L4 nw=15 wall=0.222s thr(out)1 thr(in)16 conc_peak=15 pread=1.986s
DBG getmany L5 nw=16 wall=0.238s thr(out)1 thr(in)16 conc_peak=16 pread=2.228s
DBG getmany L6 nw=15 wall=5.238s thr(out)1 thr(in)16 conc_peak=15 pread=50.059s
DBG getmany L7 nw=15 wall=5.253s thr(out)1 thr(in)16 conc_peak=15 pread=44.791s
DBG getmany L8 nw=16 wall=1.999s thr(out)1 thr(in)16 conc_peak=16 pread=27.055s
DBG getmany L9 nw=15 wall=0.214s thr(out)1 thr(in)16 conc_peak=15 pread=1.920s
DBG getmany L10 nw=15 wall=0.216s thr(out)1 thr(in)16 conc_peak=15 pread=1.977s
DBG getmany L11 nw=15 wall=0.212s thr(out)1 thr(in)16 conc_peak=15 pread=1.823s
DBG getmany L12 nw=15 wall=0.214s thr(out)1 thr(in)16 conc_peak=13 pread=1.855s
DBG getmany L13 nw=16 wall=0.234s thr(out)1 thr(in)16 conc_peak=16 pread=2.089s
DBG getmany L14 nw=15 wall=0.212s thr(out)1 thr(in)16 conc_peak=15 pread=1.901s
DBG getmany L15 nw=16 wall=0.230s thr(out)1 thr(in)16 conc_peak=16 pread=2.144s
DBG getmany L16 nw=15 wall=0.218s thr(out)1 thr(in)16 conc_peak=15 pread=1.878s
DBG getmany L17 nw=16 wall=0.229s thr(out)1 thr(in)16 conc_peak=16 pread=2.232s
DBG getmany L18 nw=16 wall=0.236s thr(out)1 thr(in)16 conc_peak=16 pread=2.232s
DBG getmany L19 nw=16 wall=0.237s thr(out)1 thr(in)16 conc_peak=16 pread=2.108s
DBG getmany L20 nw=16 wall=0.231s thr(out)1 thr(in)16 conc_peak=16 pread=2.121s
DBG getmany L21 nw=16 wall=0.774s thr(out)1 thr(in)16 conc_peak=16 pread=11.160s
DBG getmany L22 nw=16 wall=0.607s thr(out)1 thr(in)16 conc_peak=16 pread=8.436s
DBG getmany L23 nw=15 wall=0.730s thr(out)1 thr(in)16 conc_peak=15 pread=6.333s
DBG getmany L24 nw=13 wall=0.797s thr(out)1 thr(in)16 conc_peak=13 pread=7.276s
DBG getmany L25 nw=15 wall=0.845s thr(out)1 thr(in)16 conc_peak=15 pread=10.981s
DBG getmany L26 nw=15 wall=0.575s thr(out)1 thr(in)16 conc_peak=15 pread=7.376s
DBG getmany L27 nw=16 wall=0.738s thr(out)1 thr(in)16 conc_peak=16 pread=10.030s
DBG getmany L28 nw=15 wall=0.715s thr(out)1 thr(in)16 conc_peak=15 pread=9.723s
DBG getmany L29 nw=16 wall=0.780s thr(out)1 thr(in)16 conc_peak=16 pread=10.265s
DBG getmany L30 nw=16 wall=0.597s thr(out)1 thr(in)16 conc_peak=16 pread=8.535s
DBG getmany L31 nw=16 wall=0.794s thr(out)1 thr(in)16 conc_peak=16 pread=9.984s
DBG getmany L32 nw=14 wall=0.753s thr(out)1 thr(in)16 conc_peak=14 pread=9.709s
DBG getmany L33 nw=15 wall=0.807s thr(out)1 thr(in)16 conc_peak=15 pread=10.772s
DBG getmany L34 nw=16 wall=0.609s thr(out)1 thr(in)16 conc_peak=16 pread=8.083s
DBG getmany L35 nw=16 wall=0.713s thr(out)1 thr(in)16 conc_peak=16 pread=8.813s
DBG getmany L36 nw=14 wall=0.672s thr(out)1 thr(in)16 conc_peak=14 pread=7.416s
DBG getmany L37 nw=16 wall=0.775s thr(out)1 thr(in)16 conc_peak=16 pread=10.063s
DBG getmany L38 nw=16 wall=0.568s thr(out)1 thr(in)16 conc_peak=16 pread=6.994s
DBG getmany L39 nw=16 wall=0.783s thr(out)1 thr(in)16 conc_peak=16 pread=10.526s
DBG getmany L40 nw=16 wall=0.783s thr(out)1 thr(in)16 conc_peak=16 pread=11.684s
DBG getmany L41 nw=16 wall=0.632s thr(out)1 thr(in)16 conc_peak=16 pread=7.634s
DBG getmany L42 nw=16 wall=0.584s thr(out)1 thr(in)16 conc_peak=16 pread=7.676s
DBG getmany L43 nw=16 wall=0.822s thr(out)1 thr(in)16 conc_peak=16 pread=12.390s
DBG getmany L44 nw=16 wall=0.781s thr(out)1 thr(in)16 conc_peak=16 pread=9.099s
DBG getmany L45 nw=16 wall=0.778s thr(out)1 thr(in)16 conc_peak=16 pread=11.276s
DBG getmany L46 nw=15 wall=0.574s thr(out)1 thr(in)16 conc_peak=15 pread=7.300s
DBG getmany L47 nw=15 wall=0.739s thr(out)1 thr(in)16 conc_peak=11 pread=10.372s
DBG getmany L48 nw=15 wall=13.304s thr(out)1 thr(in)16 conc_peak=15 pread=145.640s
DBG getmany L49 nw=15 wall=0.808s thr(out)1 thr(in)16 conc_peak=15 pread=9.907s
DBG getmany L50 nw=16 wall=0.614s thr(out)1 thr(in)16 conc_peak=16 pread=9.085s
DBG getmany L51 nw=16 wall=0.778s thr(out)1 thr(in)16 conc_peak=16 pread=10.686s
DBG getmany L52 nw=16 wall=0.757s thr(out)1 thr(in)16 conc_peak=16 pread=11.333s
DBG getmany L53 nw=15 wall=0.793s thr(out)1 thr(in)16 conc_peak=15 pread=9.774s
DBG getmany L54 nw=16 wall=0.599s thr(out)1 thr(in)16 conc_peak=16 pread=8.676s
DBG getmany L55 nw=16 wall=0.814s thr(out)1 thr(in)16 conc_peak=16 pread=10.937s
DBG getmany L56 nw=16 wall=0.965s thr(out)1 thr(in)16 conc_peak=16 pread=12.971s
DBG getmany L57 nw=16 wall=0.809s thr(out)1 thr(in)16 conc_peak=16 pread=9.971s
DBG getmany L58 nw=16 wall=0.606s thr(out)1 thr(in)16 conc_peak=16 pread=8.792s
DBG getmany L59 nw=16 wall=0.725s thr(out)1 thr(in)16 conc_peak=16 pread=10.585s
DBG getmany L60 nw=16 wall=0.793s thr(out)1 thr(in)16 conc_peak=16 pread=11.943s
DBG getmany L61 nw=16 wall=0.778s thr(out)1 thr(in)16 conc_peak=16 pread=10.338s
DBG getmany L62 nw=16 wall=0.593s thr(out)1 thr(in)16 conc_peak=16 pread=7.272s
DBG getmany L63 nw=16 wall=0.831s thr(out)1 thr(in)16 conc_peak=16 pread=7.381s
DBG getmany L64 nw=16 wall=0.781s thr(out)1 thr(in)16 conc_peak=16 pread=11.474s
DBG getmany L65 nw=16 wall=0.779s thr(out)1 thr(in)16 conc_peak=16 pread=11.026s
DBG getmany L66 nw=16 wall=0.617s thr(out)1 thr(in)16 conc_peak=16 pread=8.264s
DBG getmany L67 nw=16 wall=0.839s thr(out)1 thr(in)16 conc_peak=16 pread=10.107s
DBG getmany L68 nw=16 wall=0.784s thr(out)1 thr(in)16 conc_peak=16 pread=10.777s
DBG getmany L69 nw=16 wall=0.818s thr(out)1 thr(in)16 conc_peak=16 pread=12.250s
DBG getmany L70 nw=16 wall=0.575s thr(out)1 thr(in)16 conc_peak=16 pread=7.110s
DBG getmany L71 nw=16 wall=0.857s thr(out)1 thr(in)16 conc_peak=16 pread=12.734s
DBG getmany L72 nw=16 wall=0.811s thr(out)1 thr(in)16 conc_peak=16 pread=11.241s
DBG getmany L73 nw=16 wall=0.803s thr(out)1 thr(in)16 conc_peak=16 pread=10.087s
DBG getmany L74 nw=16 wall=0.606s thr(out)1 thr(in)16 conc_peak=16 pread=7.153s
DBG getmany L75 nw=16 wall=0.806s thr(out)1 thr(in)16 conc_peak=16 pread=11.751s
DBG getmany L76 nw=16 wall=0.761s thr(out)1 thr(in)16 conc_peak=16 pread=10.606s
DBG getmany L77 nw=16 wall=0.787s thr(out)1 thr(in)16 conc_peak=16 pread=11.795s
DBG getmany L78 nw=16 wall=0.596s thr(out)1 thr(in)16 conc_peak=16 pread=7.935s
DBG getmany L79 nw=16 wall=0.778s thr(out)1 thr(in)16 conc_peak=16 pread=9.573s
DBG getmany L80 nw=16 wall=0.769s thr(out)1 thr(in)16 conc_peak=16 pread=9.161s
DBG getmany L81 nw=15 wall=0.783s thr(out)1 thr(in)16 conc_peak=15 pread=9.681s
DBG getmany L82 nw=16 wall=0.608s thr(out)1 thr(in)16 conc_peak=16 pread=8.764s
DBG getmany L83 nw=13 wall=0.723s thr(out)1 thr(in)16 conc_peak=13 pread=6.456s
DBG getmany L84 nw=13 wall=0.735s thr(out)1 thr(in)16 conc_peak=13 pread=8.780s
DBG getmany L85 nw=14 wall=0.709s thr(out)1 thr(in)16 conc_peak=14 pread=8.069s
DBG getmany L86 nw=16 wall=0.574s thr(out)1 thr(in)16 conc_peak=16 pread=7.841s
DBG getmany L87 nw=13 wall=0.718s thr(out)1 thr(in)16 conc_peak=13 pread=8.131s
DBG getmany L88 nw=15 wall=0.767s thr(out)1 thr(in)16 conc_peak=15 pread=10.417s
DBG getmany L89 nw=13 wall=0.777s thr(out)1 thr(in)16 conc_peak=13 pread=8.716s
DBG getmany L90 nw=12 wall=0.515s thr(out)1 thr(in)16 conc_peak=12 pread=4.815s
DBG getmany L91 nw=13 wall=0.515s thr(out)1 thr(in)16 conc_peak=13 pread=4.876s
DBG getmany L92 nw=13 wall=0.190s thr(out)1 thr(in)16 conc_peak=13 pread=1.390s
2      24         95.42        100.0      24.85      0.010
  L2   resident=6779/14589 slots hit=100.0% read=76.51GB write=0.00GB
DBG getmany L1 nw=15 wall=0.217s thr(out)1 thr(in)16 conc_peak=15 pread=1.754s
DBG getmany L2 nw=14 wall=0.209s thr(out)1 thr(in)16 conc_peak=14 pread=1.695s
DBG getmany L3 nw=12 wall=0.182s thr(out)1 thr(in)16 conc_peak=12 pread=1.288s
DBG getmany L4 nw=13 wall=0.188s thr(out)1 thr(in)16 conc_peak=10 pread=1.396s
DBG getmany L5 nw=15 wall=0.230s thr(out)1 thr(in)16 conc_peak=15 pread=2.082s
DBG getmany L6 nw=16 wall=0.228s thr(out)1 thr(in)16 conc_peak=16 pread=2.165s
DBG getmany L7 nw=15 wall=0.218s thr(out)1 thr(in)16 conc_peak=15 pread=1.945s
DBG getmany L8 nw=16 wall=0.229s thr(out)1 thr(in)16 conc_peak=16 pread=2.124s
DBG getmany L9 nw=12 wall=0.173s thr(out)1 thr(in)16 conc_peak=12 pread=1.168s
DBG getmany L10 nw=10 wall=0.141s thr(out)1 thr(in)16 conc_peak=10 pread=0.808s
DBG getmany L11 nw=13 wall=0.184s thr(out)1 thr(in)16 conc_peak=13 pread=1.354s
DBG getmany L12 nw=14 wall=0.199s thr(out)1 thr(in)16 conc_peak=14 pread=1.586s
DBG getmany L13 nw=13 wall=0.192s thr(out)1 thr(in)16 conc_peak=12 pread=1.367s
DBG getmany L14 nw=13 wall=0.180s thr(out)1 thr(in)16 conc_peak=13 pread=1.330s
DBG getmany L15 nw=14 wall=0.199s thr(out)1 thr(in)16 conc_peak=14 pread=1.560s
DBG getmany L16 nw=12 wall=0.167s thr(out)1 thr(in)16 conc_peak=12 pread=1.144s
DBG getmany L17 nw=14 wall=0.205s thr(out)1 thr(in)16 conc_peak=14 pread=1.653s
DBG getmany L18 nw=13 wall=0.191s thr(out)1 thr(in)16 conc_peak=11 pread=1.508s
DBG getmany L19 nw=13 wall=0.186s thr(out)1 thr(in)16 conc_peak=13 pread=1.383s
DBG getmany L20 nw=12 wall=0.167s thr(out)1 thr(in)16 conc_peak=11 pread=1.131s
DBG getmany L21 nw=15 wall=0.699s thr(out)1 thr(in)16 conc_peak=15 pread=6.671s
DBG getmany L22 nw=15 wall=0.586s thr(out)1 thr(in)16 conc_peak=15 pread=7.674s
DBG getmany L23 nw=12 wall=0.566s thr(out)1 thr(in)16 conc_peak=12 pread=3.293s
DBG getmany L24 nw=13 wall=0.718s thr(out)1 thr(in)16 conc_peak=13 pread=6.990s
DBG getmany L25 nw=16 wall=0.777s thr(out)1 thr(in)16 conc_peak=16 pread=11.134s
DBG getmany L26 nw=14 wall=0.553s thr(out)1 thr(in)16 conc_peak=14 pread=4.823s
DBG getmany L27 nw=16 wall=0.738s thr(out)1 thr(in)16 conc_peak=16 pread=10.427s
DBG getmany L28 nw=15 wall=0.710s thr(out)1 thr(in)16 conc_peak=15 pread=9.149s
DBG getmany L29 nw=14 wall=0.755s thr(out)1 thr(in)16 conc_peak=14 pread=9.197s
DBG getmany L30 nw=15 wall=0.601s thr(out)1 thr(in)16 conc_peak=15 pread=7.796s
DBG getmany L31 nw=15 wall=0.799s thr(out)1 thr(in)16 conc_peak=15 pread=10.615s
DBG getmany L32 nw=12 wall=0.717s thr(out)1 thr(in)16 conc_peak=10 pread=7.069s
DBG getmany L33 nw=13 wall=0.783s thr(out)1 thr(in)16 conc_peak=13 pread=9.083s
DBG getmany L34 nw=15 wall=0.579s thr(out)1 thr(in)16 conc_peak=15 pread=7.696s
DBG getmany L35 nw=14 wall=0.762s thr(out)1 thr(in)16 conc_peak=14 pread=9.480s
DBG getmany L36 nw=14 wall=0.718s thr(out)1 thr(in)16 conc_peak=14 pread=9.355s
DBG getmany L37 nw=15 wall=0.764s thr(out)1 thr(in)16 conc_peak=15 pread=10.989s
DBG getmany L38 nw=14 wall=0.530s thr(out)1 thr(in)16 conc_peak=14 pread=5.927s
DBG getmany L39 nw=14 wall=0.727s thr(out)1 thr(in)16 conc_peak=12 pread=9.646s
DBG getmany L40 nw=15 wall=0.769s thr(out)1 thr(in)16 conc_peak=15 pread=10.616s
DBG getmany L41 nw=14 wall=14.058s thr(out)1 thr(in)16 conc_peak=14 pread=168.551s
DBG getmany L42 nw=14 wall=4.123s thr(out)1 thr(in)16 conc_peak=8 pread=50.606s
DBG getmany L43 nw=16 wall=0.802s thr(out)1 thr(in)16 conc_peak=16 pread=11.133s
DBG getmany L44 nw=16 wall=0.797s thr(out)1 thr(in)16 conc_peak=16 pread=11.075s
DBG getmany L45 nw=15 wall=0.795s thr(out)1 thr(in)16 conc_peak=15 pread=10.913s
DBG getmany L46 nw=14 wall=0.583s thr(out)1 thr(in)16 conc_peak=14 pread=7.201s
DBG getmany L47 nw=14 wall=0.756s thr(out)1 thr(in)16 conc_peak=14 pread=8.716s
DBG getmany L48 nw=15 wall=0.731s thr(out)1 thr(in)16 conc_peak=15 pread=6.832s
DBG getmany L49 nw=15 wall=0.793s thr(out)1 thr(in)16 conc_peak=15 pread=10.680s
DBG getmany L50 nw=15 wall=0.586s thr(out)1 thr(in)16 conc_peak=15 pread=7.707s
DBG getmany L51 nw=14 wall=0.745s thr(out)1 thr(in)16 conc_peak=13 pread=9.285s
DBG getmany L52 nw=13 wall=0.703s thr(out)1 thr(in)16 conc_peak=13 pread=8.745s
DBG getmany L53 nw=14 wall=0.759s thr(out)1 thr(in)16 conc_peak=12 pread=8.865s
DBG getmany L54 nw=15 wall=0.557s thr(out)1 thr(in)16 conc_peak=15 pread=6.700s
DBG getmany L55 nw=13 wall=0.745s thr(out)1 thr(in)16 conc_peak=13 pread=8.678s
DBG getmany L56 nw=15 wall=0.781s thr(out)1 thr(in)16 conc_peak=15 pread=9.020s
DBG getmany L57 nw=16 wall=0.801s thr(out)1 thr(in)16 conc_peak=16 pread=11.103s
DBG getmany L58 nw=13 wall=0.554s thr(out)1 thr(in)16 conc_peak=13 pread=6.547s
DBG getmany L59 nw=13 wall=0.761s thr(out)1 thr(in)16 conc_peak=13 pread=8.622s
DBG getmany L60 nw=15 wall=0.797s thr(out)1 thr(in)16 conc_peak=15 pread=9.232s
DBG getmany L61 nw=15 wall=0.762s thr(out)1 thr(in)16 conc_peak=15 pread=9.652s
DBG getmany L62 nw=12 wall=0.524s thr(out)1 thr(in)16 conc_peak=12 pread=5.539s
DBG getmany L63 nw=13 wall=0.746s thr(out)1 thr(in)16 conc_peak=13 pread=8.946s
DBG getmany L64 nw=14 wall=0.765s thr(out)1 thr(in)16 conc_peak=14 pread=8.978s
DBG getmany L65 nw=12 wall=0.714s thr(out)1 thr(in)16 conc_peak=12 pread=7.900s
DBG getmany L66 nw=14 wall=0.575s thr(out)1 thr(in)16 conc_peak=14 pread=6.161s
DBG getmany L67 nw=14 wall=0.772s thr(out)1 thr(in)16 conc_peak=14 pread=6.661s
DBG getmany L68 nw=13 wall=0.733s thr(out)1 thr(in)16 conc_peak=13 pread=8.897s
DBG getmany L69 nw=13 wall=0.762s thr(out)1 thr(in)16 conc_peak=13 pread=9.092s
DBG getmany L70 nw=12 wall=0.534s thr(out)1 thr(in)16 conc_peak=12 pread=5.539s
DBG getmany L71 nw=14 wall=0.827s thr(out)1 thr(in)16 conc_peak=14 pread=9.516s
DBG getmany L72 nw=15 wall=0.785s thr(out)1 thr(in)16 conc_peak=15 pread=10.656s
DBG getmany L73 nw=16 wall=0.430s thr(out)1 thr(in)16 conc_peak=16 pread=4.545s
DBG getmany L74 nw=16 wall=0.593s thr(out)1 thr(in)16 conc_peak=16 pread=8.741s
DBG getmany L75 nw=16 wall=0.630s thr(out)1 thr(in)16 conc_peak=16 pread=8.086s
DBG getmany L76 nw=16 wall=0.772s thr(out)1 thr(in)16 conc_peak=16 pread=11.101s
DBG getmany L77 nw=13 wall=0.750s thr(out)1 thr(in)16 conc_peak=13 pread=8.272s
DBG getmany L78 nw=14 wall=0.540s thr(out)1 thr(in)16 conc_peak=14 pread=5.970s
DBG getmany L79 nw=14 wall=0.742s thr(out)1 thr(in)16 conc_peak=14 pread=7.885s
DBG getmany L80 nw=16 wall=0.765s thr(out)1 thr(in)16 conc_peak=16 pread=10.618s
DBG getmany L81 nw=14 wall=0.763s thr(out)1 thr(in)16 conc_peak=14 pread=8.824s
DBG getmany L82 nw=15 wall=0.569s thr(out)1 thr(in)16 conc_peak=15 pread=7.463s
DBG getmany L83 nw=13 wall=0.763s thr(out)1 thr(in)16 conc_peak=11 pread=9.072s
DBG getmany L84 nw=10 wall=0.697s thr(out)1 thr(in)16 conc_peak=10 pread=6.255s
DBG getmany L85 nw=13 wall=0.714s thr(out)1 thr(in)16 conc_peak=13 pread=7.659s
DBG getmany L86 nw=14 wall=0.544s thr(out)1 thr(in)16 conc_peak=11 pread=6.642s
DBG getmany L87 nw=13 wall=0.717s thr(out)1 thr(in)16 conc_peak=13 pread=8.718s
DBG getmany L88 nw=12 wall=0.696s thr(out)1 thr(in)16 conc_peak=12 pread=6.795s
DBG getmany L89 nw=14 wall=0.777s thr(out)1 thr(in)16 conc_peak=12 pread=10.392s
DBG getmany L90 nw=13 wall=0.552s thr(out)1 thr(in)16 conc_peak=13 pread=6.754s
DBG getmany L91 nw=12 wall=0.427s thr(out)1 thr(in)16 conc_peak=12 pread=3.740s
DBG getmany L92 nw=13 wall=0.185s thr(out)1 thr(in)16 conc_peak=13 pread=1.443s
3      12         85.59        100.0      22.50      0.012
  L2   resident=6779/14589 slots hit=100.0% read=99.00GB write=0.00GB
DBG getmany L1 nw=13 wall=0.182s thr(out)1 thr(in)16 conc_peak=13 pread=1.547s
DBG getmany L2 nw=10 wall=0.148s thr(out)1 thr(in)16 conc_peak=10 pread=0.869s
DBG getmany L3 nw=10 wall=0.143s thr(out)1 thr(in)16 conc_peak=9 pread=0.807s
DBG getmany L4 nw=11 wall=0.159s thr(out)1 thr(in)16 conc_peak=11 pread=1.130s
DBG getmany L5 nw=11 wall=0.154s thr(out)1 thr(in)16 conc_peak=10 pread=0.951s
DBG getmany L6 nw=16 wall=0.223s thr(out)1 thr(in)16 conc_peak=16 pread=1.965s
DBG getmany L7 nw=15 wall=0.211s thr(out)1 thr(in)16 conc_peak=15 pread=1.908s
DBG getmany L8 nw=15 wall=0.214s thr(out)1 thr(in)16 conc_peak=15 pread=1.843s
DBG getmany L9 nw=11 wall=0.155s thr(out)1 thr(in)16 conc_peak=9 pread=1.062s
DBG getmany L10 nw=13 wall=0.180s thr(out)1 thr(in)16 conc_peak=13 pread=1.395s
DBG getmany L11 nw=10 wall=0.141s thr(out)1 thr(in)16 conc_peak=10 pread=0.871s
DBG getmany L12 nw=13 wall=0.185s thr(out)1 thr(in)16 conc_peak=13 pread=1.411s
DBG getmany L13 nw=13 wall=0.185s thr(out)1 thr(in)16 conc_peak=13 pread=1.364s
DBG getmany L14 nw=14 wall=0.197s thr(out)1 thr(in)16 conc_peak=14 pread=1.587s
DBG getmany L15 nw=11 wall=0.157s thr(out)1 thr(in)16 conc_peak=11 pread=1.001s
DBG getmany L16 nw=11 wall=0.153s thr(out)1 thr(in)16 conc_peak=11 pread=1.006s
DBG getmany L17 nw=12 wall=0.164s thr(out)1 thr(in)16 conc_peak=10 pread=1.102s
DBG getmany L18 nw=13 wall=0.183s thr(out)1 thr(in)16 conc_peak=13 pread=1.470s
DBG getmany L19 nw=10 wall=0.141s thr(out)1 thr(in)16 conc_peak=9 pread=0.822s
DBG getmany L20 nw=12 wall=0.170s thr(out)1 thr(in)16 conc_peak=10 pread=1.182s
DBG getmany L21 nw=13 wall=0.742s thr(out)1 thr(in)16 conc_peak=13 pread=7.623s
DBG getmany L22 nw=11 wall=0.521s thr(out)1 thr(in)16 conc_peak=11 pread=5.020s
DBG getmany L23 nw=11 wall=0.659s thr(out)1 thr(in)16 conc_peak=11 pread=6.321s
DBG getmany L24 nw=11 wall=0.747s thr(out)1 thr(in)16 conc_peak=11 pread=7.483s
DBG getmany L25 nw=15 wall=0.764s thr(out)1 thr(in)16 conc_peak=15 pread=10.258s
DBG getmany L26 nw=13 wall=0.532s thr(out)1 thr(in)16 conc_peak=13 pread=6.095s
DBG getmany L27 nw=15 wall=0.720s thr(out)1 thr(in)16 conc_peak=15 pread=10.365s
DBG getmany L28 nw=15 wall=0.698s thr(out)1 thr(in)16 conc_peak=15 pread=8.979s
DBG getmany L29 nw=13 wall=0.728s thr(out)1 thr(in)16 conc_peak=13 pread=8.898s
DBG getmany L30 nw=13 wall=0.546s thr(out)1 thr(in)16 conc_peak=13 pread=6.384s
DBG getmany L31 nw=14 wall=0.747s thr(out)1 thr(in)16 conc_peak=14 pread=9.957s
DBG getmany L32 nw=12 wall=0.711s thr(out)1 thr(in)16 conc_peak=12 pread=7.767s
DBG getmany L33 nw=12 wall=0.767s thr(out)1 thr(in)16 conc_peak=12 pread=8.399s
DBG getmany L34 nw=15 wall=0.574s thr(out)1 thr(in)16 conc_peak=15 pread=8.101s
DBG getmany L35 nw=13 wall=0.755s thr(out)1 thr(in)16 conc_peak=13 pread=8.846s
DBG getmany L36 nw=13 wall=0.730s thr(out)1 thr(in)16 conc_peak=13 pread=8.006s
DBG getmany L37 nw=13 wall=0.660s thr(out)1 thr(in)16 conc_peak=13 pread=6.135s
DBG getmany L38 nw=11 wall=0.406s thr(out)1 thr(in)16 conc_peak=11 pread=3.358s
DBG getmany L39 nw=12 wall=0.751s thr(out)1 thr(in)16 conc_peak=12 pread=8.127s
DBG getmany L40 nw=12 wall=0.714s thr(out)1 thr(in)16 conc_peak=11 pread=7.692s
DBG getmany L41 nw=11 wall=0.685s thr(out)1 thr(in)16 conc_peak=9 pread=6.508s
DBG getmany L42 nw=7 wall=0.456s thr(out)1 thr(in)16 conc_peak=7 pread=3.043s
DBG getmany L43 nw=12 wall=0.671s thr(out)1 thr(in)16 conc_peak=12 pread=6.959s
DBG getmany L44 nw=13 wall=0.743s thr(out)1 thr(in)16 conc_peak=13 pread=8.475s
DBG getmany L45 nw=9 wall=0.582s thr(out)1 thr(in)16 conc_peak=9 pread=4.029s
DBG getmany L46 nw=10 wall=0.496s thr(out)1 thr(in)16 conc_peak=10 pread=3.629s
DBG getmany L47 nw=11 wall=0.690s thr(out)1 thr(in)16 conc_peak=11 pread=5.976s
DBG getmany L48 nw=11 wall=0.660s thr(out)1 thr(in)16 conc_peak=11 pread=5.054s
DBG getmany L49 nw=14 wall=0.772s thr(out)1 thr(in)16 conc_peak=14 pread=10.046s
DBG getmany L50 nw=12 wall=0.531s thr(out)1 thr(in)16 conc_peak=12 pread=6.031s
DBG getmany L51 nw=11 wall=0.688s thr(out)1 thr(in)16 conc_peak=11 pread=6.379s
DBG getmany L52 nw=12 wall=0.686s thr(out)1 thr(in)16 conc_peak=12 pread=7.680s
DBG getmany L53 nw=11 wall=0.689s thr(out)1 thr(in)16 conc_peak=11 pread=6.920s
DBG getmany L54 nw=12 wall=0.526s thr(out)1 thr(in)16 conc_peak=12 pread=5.660s
DBG getmany L55 nw=11 wall=0.699s thr(out)1 thr(in)16 conc_peak=11 pread=5.838s
DBG getmany L56 nw=12 wall=0.655s thr(out)1 thr(in)16 conc_peak=10 pread=6.379s
DBG getmany L57 nw=15 wall=0.761s thr(out)1 thr(in)16 conc_peak=15 pread=9.282s
DBG getmany L58 nw=14 wall=0.571s thr(out)1 thr(in)16 conc_peak=14 pread=7.310s
DBG getmany L59 nw=13 wall=0.743s thr(out)1 thr(in)16 conc_peak=13 pread=8.264s
DBG getmany L60 nw=16 wall=0.787s thr(out)1 thr(in)16 conc_peak=16 pread=8.070s
DBG getmany L61 nw=15 wall=0.752s thr(out)1 thr(in)16 conc_peak=15 pread=7.272s
DBG getmany L62 nw=13 wall=0.529s thr(out)1 thr(in)16 conc_peak=13 pread=5.556s
DBG getmany L63 nw=15 wall=0.786s thr(out)1 thr(in)16 conc_peak=15 pread=11.207s
DBG getmany L64 nw=13 wall=0.734s thr(out)1 thr(in)16 conc_peak=13 pread=6.481s
DBG getmany L65 nw=15 wall=0.770s thr(out)1 thr(in)16 conc_peak=15 pread=10.021s
DBG getmany L66 nw=16 wall=0.604s thr(out)1 thr(in)16 conc_peak=16 pread=7.505s
DBG getmany L67 nw=12 wall=0.741s thr(out)1 thr(in)16 conc_peak=11 pread=8.068s
DBG getmany L68 nw=14 wall=0.751s thr(out)1 thr(in)16 conc_peak=11 pread=6.789s
DBG getmany L69 nw=14 wall=0.769s thr(out)1 thr(in)16 conc_peak=14 pread=9.371s
DBG getmany L70 nw=13 wall=0.545s thr(out)1 thr(in)16 conc_peak=13 pread=5.257s
DBG getmany L71 nw=14 wall=0.809s thr(out)1 thr(in)16 conc_peak=14 pread=9.834s
DBG getmany L72 nw=16 wall=0.789s thr(out)1 thr(in)16 conc_peak=16 pread=8.596s
DBG getmany L73 nw=16 wall=0.788s thr(out)1 thr(in)16 conc_peak=16 pread=11.310s
DBG getmany L74 nw=16 wall=0.592s thr(out)1 thr(in)16 conc_peak=16 pread=8.177s
DBG getmany L75 nw=15 wall=0.783s thr(out)1 thr(in)16 conc_peak=15 pread=7.742s
DBG getmany L76 nw=16 wall=0.744s thr(out)1 thr(in)16 conc_peak=16 pread=6.771s
DBG getmany L77 nw=14 wall=0.737s thr(out)1 thr(in)16 conc_peak=14 pread=7.933s
DBG getmany L78 nw=14 wall=0.561s thr(out)1 thr(in)16 conc_peak=14 pread=6.820s
DBG getmany L79 nw=15 wall=0.745s thr(out)1 thr(in)16 conc_peak=15 pread=9.065s
DBG getmany L80 nw=16 wall=0.744s thr(out)1 thr(in)16 conc_peak=16 pread=7.345s
DBG getmany L81 nw=15 wall=0.776s thr(out)1 thr(in)16 conc_peak=15 pread=8.863s
DBG getmany L82 nw=16 wall=0.593s thr(out)1 thr(in)16 conc_peak=16 pread=8.239s
DBG getmany L83 nw=14 wall=0.773s thr(out)1 thr(in)16 conc_peak=14 pread=8.829s
DBG getmany L84 nw=13 wall=0.743s thr(out)1 thr(in)16 conc_peak=13 pread=8.863s
DBG getmany L85 nw=15 wall=0.766s thr(out)1 thr(in)16 conc_peak=15 pread=9.024s
DBG getmany L86 nw=15 wall=0.568s thr(out)1 thr(in)16 conc_peak=15 pread=5.883s
DBG getmany L87 nw=14 wall=0.733s thr(out)1 thr(in)16 conc_peak=14 pread=8.434s
DBG getmany L88 nw=13 wall=0.728s thr(out)1 thr(in)16 conc_peak=13 pread=7.449s
DBG getmany L89 nw=10 wall=0.724s thr(out)1 thr(in)16 conc_peak=10 pread=6.480s
DBG getmany L90 nw=9 wall=2.353s thr(out)1 thr(in)16 conc_peak=9 pread=9.828s
DBG getmany L91 nw=9 wall=6.467s thr(out)1 thr(in)16 conc_peak=9 pread=36.231s
DBG getmany L92 nw=14 wall=0.231s thr(out)1 thr(in)16 conc_peak=14 pread=1.836s
4      2975       80.44        98.7       21.16      0.012
  L2   resident=6779/14589 slots hit=100.0% read=119.83GB write=0.00GB
DBG getmany L1 nw=13 wall=0.205s thr(out)1 thr(in)16 conc_peak=13 pread=1.551s
DBG getmany L2 nw=12 wall=0.185s thr(out)1 thr(in)16 conc_peak=12 pread=1.295s
DBG getmany L3 nw=11 wall=0.166s thr(out)1 thr(in)16 conc_peak=11 pread=1.053s
DBG getmany L4 nw=13 wall=0.206s thr(out)1 thr(in)16 conc_peak=13 pread=1.460s
DBG getmany L5 nw=12 wall=0.184s thr(out)1 thr(in)16 conc_peak=12 pread=1.250s
DBG getmany L6 nw=16 wall=0.245s thr(out)1 thr(in)16 conc_peak=16 pread=2.195s
DBG getmany L7 nw=15 wall=0.218s thr(out)1 thr(in)16 conc_peak=15 pread=1.952s
DBG getmany L8 nw=15 wall=0.223s thr(out)1 thr(in)16 conc_peak=15 pread=1.927s
DBG getmany L9 nw=12 wall=0.174s thr(out)1 thr(in)16 conc_peak=12 pread=1.197s
DBG getmany L10 nw=11 wall=0.157s thr(out)1 thr(in)16 conc_peak=11 pread=0.979s
DBG getmany L11 nw=12 wall=0.178s thr(out)1 thr(in)16 conc_peak=9 pread=1.319s
DBG getmany L12 nw=14 wall=0.207s thr(out)1 thr(in)16 conc_peak=14 pread=1.567s
DBG getmany L13 nw=13 wall=0.207s thr(out)1 thr(in)16 conc_peak=13 pread=1.526s
DBG getmany L14 nw=14 wall=0.222s thr(out)1 thr(in)16 conc_peak=14 pread=1.731s
DBG getmany L15 nw=12 wall=0.188s thr(out)1 thr(in)16 conc_peak=12 pread=1.278s
DBG getmany L16 nw=12 wall=0.185s thr(out)1 thr(in)16 conc_peak=3 pread=1.279s
DBG getmany L17 nw=14 wall=0.208s thr(out)1 thr(in)16 conc_peak=14 pread=1.811s
DBG getmany L18 nw=13 wall=0.196s thr(out)1 thr(in)16 conc_peak=13 pread=1.501s
DBG getmany L19 nw=13 wall=0.202s thr(out)1 thr(in)16 conc_peak=13 pread=1.501s
DBG getmany L20 nw=11 wall=0.164s thr(out)1 thr(in)16 conc_peak=9 pread=1.080s
DBG getmany L21 nw=14 wall=0.755s thr(out)1 thr(in)16 conc_peak=14 pread=9.924s
DBG getmany L22 nw=13 wall=0.555s thr(out)1 thr(in)16 conc_peak=13 pread=5.372s
DBG getmany L23 nw=13 wall=0.688s thr(out)1 thr(in)16 conc_peak=13 pread=8.074s
DBG getmany L24 nw=14 wall=0.802s thr(out)1 thr(in)16 conc_peak=14 pread=9.363s
DBG getmany L25 nw=16 wall=0.773s thr(out)1 thr(in)16 conc_peak=16 pread=7.994s
DBG getmany L26 nw=11 wall=0.514s thr(out)1 thr(in)16 conc_peak=11 pread=4.923s
DBG getmany L27 nw=15 wall=0.721s thr(out)1 thr(in)16 conc_peak=15 pread=9.644s
DBG getmany L28 nw=15 wall=0.707s thr(out)1 thr(in)16 conc_peak=15 pread=9.430s
DBG getmany L29 nw=14 wall=0.744s thr(out)1 thr(in)16 conc_peak=14 pread=8.714s
DBG getmany L30 nw=14 wall=0.571s thr(out)1 thr(in)16 conc_peak=14 pread=7.025s
DBG getmany L31 nw=14 wall=0.766s thr(out)1 thr(in)16 conc_peak=14 pread=9.800s
DBG getmany L32 nw=13 wall=0.736s thr(out)1 thr(in)16 conc_peak=13 pread=9.104s
DBG getmany L33 nw=9 wall=0.702s thr(out)1 thr(in)16 conc_peak=9 pread=5.205s
DBG getmany L34 nw=15 wall=0.592s thr(out)1 thr(in)16 conc_peak=15 pread=6.192s
DBG getmany L35 nw=15 wall=0.791s thr(out)1 thr(in)16 conc_peak=15 pread=9.730s
DBG getmany L36 nw=15 wall=0.686s thr(out)1 thr(in)16 conc_peak=15 pread=7.007s
DBG getmany L37 nw=14 wall=0.759s thr(out)1 thr(in)16 conc_peak=14 pread=9.448s
DBG getmany L38 nw=11 wall=0.504s thr(out)1 thr(in)16 conc_peak=11 pread=4.837s
DBG getmany L39 nw=12 wall=0.729s thr(out)1 thr(in)16 conc_peak=12 pread=8.180s
DBG getmany L40 nw=12 wall=0.821s thr(out)1 thr(in)16 conc_peak=12 pread=5.567s
DBG getmany L41 nw=12 wall=0.700s thr(out)1 thr(in)16 conc_peak=12 pread=6.211s
DBG getmany L42 nw=9 wall=0.486s thr(out)1 thr(in)16 conc_peak=9 pread=3.867s
DBG getmany L43 nw=11 wall=1.140s thr(out)1 thr(in)16 conc_peak=11 pread=9.957s
DBG getmany L44 nw=14 wall=0.741s thr(out)1 thr(in)16 conc_peak=14 pread=8.947s
DBG getmany L45 nw=11 wall=0.715s thr(out)1 thr(in)16 conc_peak=11 pread=6.482s
DBG getmany L46 nw=11 wall=0.512s thr(out)1 thr(in)16 conc_peak=10 pread=3.948s
DBG getmany L47 nw=13 wall=0.734s thr(out)1 thr(in)16 conc_peak=13 pread=8.688s
DBG getmany L48 nw=12 wall=0.645s thr(out)1 thr(in)16 conc_peak=12 pread=6.850s
DBG getmany L49 nw=15 wall=0.607s thr(out)1 thr(in)16 conc_peak=15 pread=5.738s
DBG getmany L50 nw=13 wall=0.552s thr(out)1 thr(in)16 conc_peak=11 pread=5.342s
DBG getmany L51 nw=13 wall=0.728s thr(out)1 thr(in)16 conc_peak=13 pread=8.028s
DBG getmany L52 nw=12 wall=0.698s thr(out)1 thr(in)16 conc_peak=12 pread=6.099s
DBG getmany L53 nw=13 wall=0.733s thr(out)1 thr(in)16 conc_peak=13 pread=8.503s
DBG getmany L54 nw=14 wall=0.564s thr(out)1 thr(in)16 conc_peak=14 pread=6.566s
DBG getmany L55 nw=13 wall=0.736s thr(out)1 thr(in)16 conc_peak=13 pread=8.671s
DBG getmany L56 nw=15 wall=0.782s thr(out)1 thr(in)16 conc_peak=15 pread=11.246s
DBG getmany L57 nw=15 wall=0.788s thr(out)1 thr(in)16 conc_peak=15 pread=11.235s
DBG getmany L58 nw=10 wall=0.520s thr(out)1 thr(in)16 conc_peak=10 pread=4.857s
DBG getmany L59 nw=10 wall=0.704s thr(out)1 thr(in)16 conc_peak=10 pread=6.453s
DBG getmany L60 nw=13 wall=0.749s thr(out)1 thr(in)16 conc_peak=13 pread=8.390s
DBG getmany L61 nw=14 wall=0.742s thr(out)1 thr(in)16 conc_peak=14 pread=9.871s
DBG getmany L62 nw=10 wall=0.503s thr(out)1 thr(in)16 conc_peak=10 pread=2.886s
DBG getmany L63 nw=14 wall=0.764s thr(out)1 thr(in)16 conc_peak=14 pread=8.892s
DBG getmany L64 nw=12 wall=0.724s thr(out)1 thr(in)16 conc_peak=12 pread=7.415s
DBG getmany L65 nw=13 wall=0.737s thr(out)1 thr(in)16 conc_peak=13 pread=9.096s
DBG getmany L66 nw=13 wall=0.507s thr(out)1 thr(in)16 conc_peak=13 pread=4.696s
DBG getmany L67 nw=14 wall=0.759s thr(out)1 thr(in)16 conc_peak=14 pread=9.436s
DBG getmany L68 nw=15 wall=0.762s thr(out)1 thr(in)16 conc_peak=12 pread=10.858s
DBG getmany L69 nw=10 wall=0.705s thr(out)1 thr(in)16 conc_peak=10 pread=6.342s
DBG getmany L70 nw=8 wall=0.464s thr(out)1 thr(in)16 conc_peak=8 pread=3.138s
DBG getmany L71 nw=13 wall=0.799s thr(out)1 thr(in)16 conc_peak=13 pread=8.600s
DBG getmany L72 nw=12 wall=0.738s thr(out)1 thr(in)16 conc_peak=12 pread=8.377s
DBG getmany L73 nw=12 wall=0.726s thr(out)1 thr(in)16 conc_peak=12 pread=7.178s
DBG getmany L74 nw=9 wall=0.499s thr(out)1 thr(in)16 conc_peak=9 pread=3.132s
DBG getmany L75 nw=8 wall=0.690s thr(out)1 thr(in)16 conc_peak=8 pread=4.619s
DBG getmany L76 nw=13 wall=0.713s thr(out)1 thr(in)16 conc_peak=12 pread=8.892s
DBG getmany L77 nw=9 wall=0.675s thr(out)1 thr(in)16 conc_peak=9 pread=4.683s
DBG getmany L78 nw=10 wall=0.517s thr(out)1 thr(in)16 conc_peak=10 pread=4.345s
DBG getmany L79 nw=9 wall=0.685s thr(out)1 thr(in)16 conc_peak=9 pread=5.575s
DBG getmany L80 nw=13 wall=0.680s thr(out)1 thr(in)16 conc_peak=13 pread=8.054s
DBG getmany L81 nw=14 wall=0.765s thr(out)1 thr(in)16 conc_peak=14 pread=8.550s
DBG getmany L82 nw=13 wall=0.544s thr(out)1 thr(in)16 conc_peak=13 pread=6.437s
DBG getmany L83 nw=12 wall=0.702s thr(out)1 thr(in)16 conc_peak=12 pread=6.249s
DBG getmany L84 nw=13 wall=0.753s thr(out)1 thr(in)16 conc_peak=13 pread=8.815s
DBG getmany L85 nw=13 wall=0.747s thr(out)1 thr(in)16 conc_peak=13 pread=8.864s
DBG getmany L86 nw=12 wall=0.547s thr(out)1 thr(in)16 conc_peak=12 pread=5.595s
DBG getmany L87 nw=9 wall=0.689s thr(out)1 thr(in)16 conc_peak=9 pread=3.712s
DBG getmany L88 nw=13 wall=0.725s thr(out)1 thr(in)16 conc_peak=13 pread=7.371s
DBG getmany L89 nw=10 wall=0.726s thr(out)1 thr(in)16 conc_peak=10 pread=5.632s
DBG getmany L90 nw=10 wall=0.588s thr(out)1 thr(in)16 conc_peak=9 pread=5.256s
DBG getmany L91 nw=9 wall=0.482s thr(out)1 thr(in)16 conc_peak=9 pread=3.356s
DBG getmany L92 nw=12 wall=0.173s thr(out)1 thr(in)16 conc_peak=12 pread=1.180s
5      15         67.28        100.0      20.13      0.015
  L2   resident=6779/14589 slots hit=100.0% read=139.96GB write=0.00GB
DBG getmany L1 nw=14 wall=0.203s thr(out)1 thr(in)16 conc_peak=14 pread=1.609s
DBG getmany L2 nw=12 wall=0.179s thr(out)1 thr(in)16 conc_peak=12 pread=1.247s
DBG getmany L3 nw=10 wall=0.147s thr(out)1 thr(in)16 conc_peak=10 pread=0.846s
DBG getmany L4 nw=12 wall=0.179s thr(out)1 thr(in)16 conc_peak=12 pread=1.218s
DBG getmany L5 nw=7 wall=0.105s thr(out)1 thr(in)16 conc_peak=7 pread=0.435s
DBG getmany L6 nw=15 wall=0.218s thr(out)1 thr(in)16 conc_peak=15 pread=2.057s
DBG getmany L7 nw=14 wall=0.203s thr(out)1 thr(in)16 conc_peak=14 pread=1.709s
DBG getmany L8 nw=14 wall=0.201s thr(out)1 thr(in)16 conc_peak=13 pread=1.666s
DBG getmany L9 nw=12 wall=0.182s thr(out)1 thr(in)16 conc_peak=11 pread=1.241s
DBG getmany L10 nw=10 wall=0.145s thr(out)1 thr(in)16 conc_peak=10 pread=0.831s
DBG getmany L11 nw=12 wall=0.176s thr(out)1 thr(in)16 conc_peak=10 pread=1.240s
DBG getmany L12 nw=13 wall=0.194s thr(out)1 thr(in)16 conc_peak=12 pread=1.579s
DBG getmany L13 nw=13 wall=0.199s thr(out)1 thr(in)16 conc_peak=13 pread=1.589s
DBG getmany L14 nw=16 wall=0.239s thr(out)1 thr(in)16 conc_peak=16 pread=2.429s
DBG getmany L15 nw=14 wall=0.211s thr(out)1 thr(in)16 conc_peak=14 pread=1.665s
DBG getmany L16 nw=11 wall=0.167s thr(out)1 thr(in)16 conc_peak=11 pread=1.081s
DBG getmany L17 nw=13 wall=0.186s thr(out)1 thr(in)16 conc_peak=12 pread=1.395s
DBG getmany L18 nw=12 wall=0.178s thr(out)1 thr(in)16 conc_peak=12 pread=1.225s
DBG getmany L19 nw=14 wall=0.213s thr(out)1 thr(in)16 conc_peak=14 pread=1.727s
DBG getmany L20 nw=10 wall=0.151s thr(out)1 thr(in)16 conc_peak=10 pread=0.859s
DBG getmany L21 nw=13 wall=0.734s thr(out)1 thr(in)16 conc_peak=13 pread=9.080s
DBG getmany L22 nw=10 wall=0.508s thr(out)1 thr(in)16 conc_peak=10 pread=3.118s
DBG getmany L23 nw=12 wall=0.673s thr(out)1 thr(in)16 conc_peak=11 pread=7.353s
DBG getmany L24 nw=15 wall=0.828s thr(out)1 thr(in)16 conc_peak=15 pread=11.776s
DBG getmany L25 nw=13 wall=0.735s thr(out)1 thr(in)16 conc_peak=13 pread=9.101s
DBG getmany L26 nw=13 wall=0.533s thr(out)1 thr(in)16 conc_peak=13 pread=6.179s
DBG getmany L27 nw=15 wall=0.714s thr(out)1 thr(in)16 conc_peak=15 pread=9.147s
DBG getmany L28 nw=14 wall=0.670s thr(out)1 thr(in)16 conc_peak=14 pread=7.646s
DBG getmany L29 nw=14 wall=0.741s thr(out)1 thr(in)16 conc_peak=14 pread=9.876s
DBG getmany L30 nw=11 wall=0.523s thr(out)1 thr(in)16 conc_peak=11 pread=5.419s
DBG getmany L31 nw=13 wall=0.738s thr(out)1 thr(in)16 conc_peak=13 pread=8.924s
DBG getmany L32 nw=11 wall=0.707s thr(out)1 thr(in)16 conc_peak=9 pread=6.540s
DBG getmany L33 nw=14 wall=0.735s thr(out)1 thr(in)16 conc_peak=14 pread=8.857s
DBG getmany L34 nw=14 wall=0.561s thr(out)1 thr(in)16 conc_peak=14 pread=7.430s
DBG getmany L35 nw=11 wall=0.724s thr(out)1 thr(in)16 conc_peak=11 pread=7.539s
DBG getmany L36 nw=14 wall=0.750s thr(out)1 thr(in)16 conc_peak=14 pread=9.814s
DBG getmany L37 nw=14 wall=0.759s thr(out)1 thr(in)16 conc_peak=14 pread=9.645s
DBG getmany L38 nw=11 wall=0.493s thr(out)1 thr(in)16 conc_peak=11 pread=4.437s
DBG getmany L39 nw=14 wall=0.749s thr(out)1 thr(in)16 conc_peak=14 pread=9.927s
DBG getmany L40 nw=13 wall=0.734s thr(out)1 thr(in)16 conc_peak=13 pread=9.107s
DBG getmany L41 nw=9 wall=0.662s thr(out)1 thr(in)16 conc_peak=9 pread=4.758s
DBG getmany L42 nw=8 wall=0.469s thr(out)1 thr(in)16 conc_peak=8 pread=3.289s
DBG getmany L43 nw=9 wall=1.011s thr(out)1 thr(in)16 conc_peak=9 pread=7.605s
DBG getmany L44 nw=12 wall=0.724s thr(out)1 thr(in)16 conc_peak=12 pread=7.254s
DBG getmany L45 nw=10 wall=0.698s thr(out)1 thr(in)16 conc_peak=10 pread=5.438s
DBG getmany L46 nw=10 wall=0.504s thr(out)1 thr(in)16 conc_peak=10 pread=4.606s
DBG getmany L47 nw=11 wall=0.523s thr(out)1 thr(in)16 conc_peak=11 pread=4.197s
DBG getmany L48 nw=13 wall=0.728s thr(out)1 thr(in)16 conc_peak=13 pread=8.779s
DBG getmany L49 nw=15 wall=0.767s thr(out)1 thr(in)16 conc_peak=15 pread=9.822s
DBG getmany L50 nw=12 wall=0.526s thr(out)1 thr(in)16 conc_peak=9 pread=5.882s
DBG getmany L51 nw=11 wall=0.689s thr(out)1 thr(in)16 conc_peak=11 pread=7.233s
DBG getmany L52 nw=13 wall=0.682s thr(out)1 thr(in)16 conc_peak=13 pread=6.627s
DBG getmany L53 nw=12 wall=0.715s thr(out)1 thr(in)16 conc_peak=12 pread=7.940s
DBG getmany L54 nw=12 wall=0.519s thr(out)1 thr(in)16 conc_peak=12 pread=5.562s
DBG getmany L55 nw=12 wall=0.715s thr(out)1 thr(in)16 conc_peak=12 pread=7.797s
DBG getmany L56 nw=11 wall=0.718s thr(out)1 thr(in)16 conc_peak=10 pread=6.882s
DBG getmany L57 nw=14 wall=0.752s thr(out)1 thr(in)16 conc_peak=14 pread=9.865s
DBG getmany L58 nw=10 wall=0.487s thr(out)1 thr(in)16 conc_peak=10 pread=3.987s
DBG getmany L59 nw=9 wall=0.692s thr(out)1 thr(in)16 conc_peak=7 pread=5.268s
DBG getmany L60 nw=12 wall=0.735s thr(out)1 thr(in)16 conc_peak=12 pread=7.066s
DBG getmany L61 nw=12 wall=0.688s thr(out)1 thr(in)16 conc_peak=12 pread=7.132s
DBG getmany L62 nw=13 wall=0.534s thr(out)1 thr(in)16 conc_peak=13 pread=5.774s
DBG getmany L63 nw=12 wall=0.729s thr(out)1 thr(in)16 conc_peak=12 pread=5.542s
DBG getmany L64 nw=12 wall=0.727s thr(out)1 thr(in)16 conc_peak=12 pread=7.482s
DBG getmany L65 nw=11 wall=0.700s thr(out)1 thr(in)16 conc_peak=9 pread=4.749s
DBG getmany L66 nw=10 wall=0.516s thr(out)1 thr(in)16 conc_peak=10 pread=4.665s
DBG getmany L67 nw=13 wall=0.741s thr(out)1 thr(in)16 conc_peak=13 pread=8.862s
DBG getmany L68 nw=12 wall=0.713s thr(out)1 thr(in)16 conc_peak=12 pread=7.396s
DBG getmany L69 nw=12 wall=0.743s thr(out)1 thr(in)16 conc_peak=10 pread=7.606s
DBG getmany L70 nw=10 wall=0.498s thr(out)1 thr(in)16 conc_peak=7 pread=3.222s
DBG getmany L71 nw=10 wall=0.761s thr(out)1 thr(in)16 conc_peak=10 pread=6.419s
DBG getmany L72 nw=11 wall=0.726s thr(out)1 thr(in)16 conc_peak=11 pread=6.208s
DBG getmany L73 nw=13 wall=0.743s thr(out)1 thr(in)16 conc_peak=13 pread=6.462s
DBG getmany L74 nw=7 wall=0.416s thr(out)1 thr(in)16 conc_peak=7 pread=2.303s
DBG getmany L75 nw=8 wall=0.663s thr(out)1 thr(in)16 conc_peak=8 pread=4.753s
DBG getmany L76 nw=10 wall=0.639s thr(out)1 thr(in)16 conc_peak=10 pread=4.956s
DBG getmany L77 nw=9 wall=0.675s thr(out)1 thr(in)16 conc_peak=9 pread=5.670s
DBG getmany L78 nw=11 wall=0.522s thr(out)1 thr(in)16 conc_peak=11 pread=5.298s
DBG getmany L79 nw=9 wall=0.658s thr(out)1 thr(in)16 conc_peak=9 pread=4.033s
DBG getmany L80 nw=10 wall=0.658s thr(out)1 thr(in)16 conc_peak=10 pread=6.097s
DBG getmany L81 nw=13 wall=0.749s thr(out)1 thr(in)16 conc_peak=13 pread=8.346s
DBG getmany L82 nw=11 wall=0.518s thr(out)1 thr(in)16 conc_peak=11 pread=5.023s
DBG getmany L83 nw=11 wall=0.724s thr(out)1 thr(in)16 conc_peak=11 pread=7.101s
DBG getmany L84 nw=12 wall=0.716s thr(out)1 thr(in)16 conc_peak=12 pread=7.953s
DBG getmany L85 nw=10 wall=0.662s thr(out)1 thr(in)16 conc_peak=10 pread=6.046s
DBG getmany L86 nw=11 wall=0.515s thr(out)1 thr(in)16 conc_peak=11 pread=4.883s
DBG getmany L87 nw=9 wall=0.695s thr(out)1 thr(in)16 conc_peak=9 pread=4.869s
DBG getmany L88 nw=11 wall=12.021s thr(out)1 thr(in)16 conc_peak=11 pread=131.895s
DBG getmany L89 nw=7 wall=0.668s thr(out)1 thr(in)16 conc_peak=7 pread=3.361s
DBG getmany L90 nw=8 wall=0.465s thr(out)1 thr(in)16 conc_peak=8 pread=3.151s
DBG getmany L91 nw=8 wall=0.466s thr(out)1 thr(in)16 conc_peak=8 pread=2.843s
DBG getmany L92 nw=11 wall=0.161s thr(out)1 thr(in)16 conc_peak=11 pread=0.986s
6      3629       77.31        99.9       18.79      0.013
  L2   resident=6779/14589 slots hit=100.0% read=158.72GB write=0.00GB
DBG getmany L1 nw=15 wall=0.218s thr(out)1 thr(in)16 conc_peak=15 pread=1.805s
DBG getmany L2 nw=14 wall=0.206s thr(out)1 thr(in)16 conc_peak=14 pread=1.679s
DBG getmany L3 nw=10 wall=0.145s thr(out)1 thr(in)16 conc_peak=10 pread=0.903s
DBG getmany L4 nw=14 wall=0.207s thr(out)1 thr(in)16 conc_peak=14 pread=1.712s
DBG getmany L5 nw=13 wall=0.190s thr(out)1 thr(in)16 conc_peak=13 pread=1.548s
DBG getmany L6 nw=15 wall=0.218s thr(out)1 thr(in)16 conc_peak=15 pread=1.890s
DBG getmany L7 nw=15 wall=0.215s thr(out)1 thr(in)16 conc_peak=15 pread=1.929s
DBG getmany L8 nw=15 wall=0.221s thr(out)1 thr(in)16 conc_peak=15 pread=1.919s
DBG getmany L9 nw=15 wall=0.214s thr(out)1 thr(in)16 conc_peak=15 pread=1.938s
DBG getmany L10 nw=12 wall=0.168s thr(out)1 thr(in)16 conc_peak=12 pread=1.165s
DBG getmany L11 nw=13 wall=0.184s thr(out)1 thr(in)16 conc_peak=10 pread=1.428s
DBG getmany L12 nw=13 wall=0.185s thr(out)1 thr(in)16 conc_peak=11 pread=1.412s
DBG getmany L13 nw=15 wall=0.221s thr(out)1 thr(in)16 conc_peak=15 pread=1.926s
DBG getmany L14 nw=16 wall=0.234s thr(out)1 thr(in)16 conc_peak=16 pread=2.132s
DBG getmany L15 nw=15 wall=0.217s thr(out)1 thr(in)16 conc_peak=15 pread=1.910s
DBG getmany L16 nw=14 wall=0.208s thr(out)1 thr(in)16 conc_peak=14 pread=1.677s
DBG getmany L17 nw=13 wall=0.191s thr(out)1 thr(in)16 conc_peak=12 pread=1.450s
DBG getmany L18 nw=11 wall=0.167s thr(out)1 thr(in)16 conc_peak=10 pread=1.034s
DBG getmany L19 nw=15 wall=0.216s thr(out)1 thr(in)16 conc_peak=15 pread=1.927s
DBG getmany L20 nw=12 wall=0.171s thr(out)1 thr(in)16 conc_peak=12 pread=1.166s
DBG getmany L21 nw=14 wall=0.748s thr(out)1 thr(in)16 conc_peak=14 pread=9.790s
DBG getmany L22 nw=14 wall=0.555s thr(out)1 thr(in)16 conc_peak=14 pread=6.796s
DBG getmany L23 nw=14 wall=0.702s thr(out)1 thr(in)16 conc_peak=14 pread=8.068s
DBG getmany L24 nw=15 wall=0.826s thr(out)1 thr(in)16 conc_peak=15 pread=10.927s
DBG getmany L25 nw=13 wall=0.741s thr(out)1 thr(in)16 conc_peak=13 pread=9.148s
DBG getmany L26 nw=14 wall=0.557s thr(out)1 thr(in)16 conc_peak=14 pread=6.556s
DBG getmany L27 nw=16 wall=0.735s thr(out)1 thr(in)16 conc_peak=16 pread=10.208s
DBG getmany L28 nw=15 wall=0.708s thr(out)1 thr(in)16 conc_peak=15 pread=8.714s
DBG getmany L29 nw=13 wall=0.736s thr(out)1 thr(in)16 conc_peak=13 pread=8.560s
DBG getmany L30 nw=12 wall=0.541s thr(out)1 thr(in)16 conc_peak=11 pread=5.094s
DBG getmany L31 nw=15 wall=0.761s thr(out)1 thr(in)16 conc_peak=15 pread=10.150s
DBG getmany L32 nw=12 wall=0.708s thr(out)1 thr(in)16 conc_peak=12 pread=7.653s
DBG getmany L33 nw=14 wall=0.787s thr(out)1 thr(in)16 conc_peak=14 pread=9.420s
DBG getmany L34 nw=13 wall=0.560s thr(out)1 thr(in)16 conc_peak=13 pread=6.019s
DBG getmany L35 nw=13 wall=0.753s thr(out)1 thr(in)16 conc_peak=13 pread=8.140s
DBG getmany L36 nw=13 wall=0.741s thr(out)1 thr(in)16 conc_peak=13 pread=8.628s
DBG getmany L37 nw=14 wall=0.744s thr(out)1 thr(in)16 conc_peak=14 pread=8.797s
DBG getmany L38 nw=12 wall=0.511s thr(out)1 thr(in)16 conc_peak=12 pread=5.282s
DBG getmany L39 nw=13 wall=0.725s thr(out)1 thr(in)16 conc_peak=13 pread=8.814s
DBG getmany L40 nw=13 wall=0.742s thr(out)1 thr(in)16 conc_peak=13 pread=9.081s
DBG getmany L41 nw=11 wall=0.688s thr(out)1 thr(in)16 conc_peak=11 pread=5.708s
DBG getmany L42 nw=9 wall=0.478s thr(out)1 thr(in)16 conc_peak=9 pread=3.791s
DBG getmany L43 nw=10 wall=0.733s thr(out)1 thr(in)16 conc_peak=10 pread=6.639s
DBG getmany L44 nw=13 wall=0.721s thr(out)1 thr(in)16 conc_peak=13 pread=6.099s
DBG getmany L45 nw=14 wall=0.758s thr(out)1 thr(in)16 conc_peak=14 pread=8.882s
DBG getmany L46 nw=13 wall=0.547s thr(out)1 thr(in)16 conc_peak=13 pread=6.778s
DBG getmany L47 nw=13 wall=0.714s thr(out)1 thr(in)16 conc_peak=13 pread=8.886s
DBG getmany L48 nw=12 wall=0.682s thr(out)1 thr(in)16 conc_peak=12 pread=7.425s
DBG getmany L49 nw=15 wall=0.785s thr(out)1 thr(in)16 conc_peak=15 pread=9.940s
DBG getmany L50 nw=14 wall=0.568s thr(out)1 thr(in)16 conc_peak=14 pread=6.365s
DBG getmany L51 nw=12 wall=0.697s thr(out)1 thr(in)16 conc_peak=12 pread=7.531s
DBG getmany L52 nw=12 wall=0.686s thr(out)1 thr(in)16 conc_peak=12 pread=6.797s
DBG getmany L53 nw=13 wall=0.724s thr(out)1 thr(in)16 conc_peak=13 pread=8.397s
DBG getmany L54 nw=12 wall=0.518s thr(out)1 thr(in)16 conc_peak=12 pread=5.687s
DBG getmany L55 nw=15 wall=0.563s thr(out)1 thr(in)16 conc_peak=15 pread=5.766s
DBG getmany L56 nw=13 wall=0.749s thr(out)1 thr(in)16 conc_peak=13 pread=8.935s
DBG getmany L57 nw=16 wall=0.679s thr(out)1 thr(in)16 conc_peak=16 pread=6.241s
DBG getmany L58 nw=11 wall=0.518s thr(out)1 thr(in)16 conc_peak=11 pread=5.188s
DBG getmany L59 nw=11 wall=0.727s thr(out)1 thr(in)16 conc_peak=11 pread=5.873s
DBG getmany L60 nw=13 wall=0.744s thr(out)1 thr(in)16 conc_peak=13 pread=7.744s
DBG getmany L61 nw=15 wall=0.738s thr(out)1 thr(in)16 conc_peak=15 pread=8.447s
DBG getmany L62 nw=12 wall=0.519s thr(out)1 thr(in)16 conc_peak=12 pread=4.706s
DBG getmany L63 nw=13 wall=0.734s thr(out)1 thr(in)16 conc_peak=13 pread=8.484s
DBG getmany L64 nw=13 wall=0.728s thr(out)1 thr(in)16 conc_peak=13 pread=7.877s
DBG getmany L65 nw=13 wall=0.454s thr(out)1 thr(in)16 conc_peak=12 pread=4.156s
DBG getmany L66 nw=13 wall=0.550s thr(out)1 thr(in)16 conc_peak=13 pread=6.728s
DBG getmany L67 nw=13 wall=0.751s thr(out)1 thr(in)16 conc_peak=13 pread=7.153s
DBG getmany L68 nw=15 wall=0.740s thr(out)1 thr(in)16 conc_peak=15 pread=10.153s
DBG getmany L69 nw=13 wall=0.538s thr(out)1 thr(in)16 conc_peak=13 pread=5.648s
DBG getmany L70 nw=12 wall=0.511s thr(out)1 thr(in)16 conc_peak=12 pread=5.476s
DBG getmany L71 nw=13 wall=0.793s thr(out)1 thr(in)16 conc_peak=13 pread=8.949s
DBG getmany L72 nw=12 wall=0.734s thr(out)1 thr(in)16 conc_peak=12 pread=6.453s
DBG getmany L73 nw=14 wall=0.752s thr(out)1 thr(in)16 conc_peak=14 pread=7.349s
DBG getmany L74 nw=9 wall=0.477s thr(out)1 thr(in)16 conc_peak=9 pread=3.639s
DBG getmany L75 nw=11 wall=0.706s thr(out)1 thr(in)16 conc_peak=7 pread=3.148s
DBG getmany L76 nw=11 wall=0.650s thr(out)1 thr(in)16 conc_peak=11 pread=6.333s
DBG getmany L77 nw=12 wall=0.741s thr(out)1 thr(in)16 conc_peak=12 pread=8.365s
DBG getmany L78 nw=12 wall=0.532s thr(out)1 thr(in)16 conc_peak=12 pread=5.353s
DBG getmany L79 nw=10 wall=0.622s thr(out)1 thr(in)16 conc_peak=10 pread=5.575s
DBG getmany L80 nw=14 wall=0.708s thr(out)1 thr(in)16 conc_peak=14 pread=8.316s
DBG getmany L81 nw=15 wall=0.776s thr(out)1 thr(in)16 conc_peak=15 pread=9.311s
DBG getmany L82 nw=13 wall=0.521s thr(out)1 thr(in)16 conc_peak=13 pread=6.110s
DBG getmany L83 nw=11 wall=0.717s thr(out)1 thr(in)16 conc_peak=10 pread=5.131s
DBG getmany L84 nw=15 wall=0.700s thr(out)1 thr(in)16 conc_peak=15 pread=9.220s
DBG getmany L85 nw=13 wall=0.735s thr(out)1 thr(in)16 conc_peak=13 pread=6.421s
DBG getmany L86 nw=13 wall=0.508s thr(out)1 thr(in)16 conc_peak=13 pread=4.795s
DBG getmany L87 nw=11 wall=0.674s thr(out)1 thr(in)16 conc_peak=11 pread=7.102s
DBG getmany L88 nw=13 wall=0.735s thr(out)1 thr(in)16 conc_peak=13 pread=5.363s
DBG getmany L89 nw=9 wall=0.710s thr(out)1 thr(in)16 conc_peak=9 pread=5.226s
DBG getmany L90 nw=11 wall=0.425s thr(out)1 thr(in)16 conc_peak=11 pread=3.462s
DBG getmany L91 nw=11 wall=0.512s thr(out)1 thr(in)16 conc_peak=10 pread=3.945s
DBG getmany L92 nw=14 wall=0.213s thr(out)1 thr(in)16 conc_peak=14 pread=1.641s
7      1389       66.37        100.0      21.02      0.015
  L2   resident=6779/14589 slots hit=100.0% read=179.74GB write=0.00GB
--------------------------------------------------------------------
8 tokens in 611.7 s, 76.47 s/token average
PEAK RSS for the whole run: 37.17 GB   <- quote this, not the plan
layers completed: 93/93; routed expert drops: 0


[chip] simulated MXFP4 GEMV bill over 9 tokens
  11776 expert chains | 777925951488 flops | 206636580864 bytes (206.64 GB)
  per token: 1308 chains | 22.96 GB | 0.09 Gflops
  compute wall @ 4 TFLOPS : 0.19 s (21.61 ms/token)
  bandwidth wall @ 200 GB/s : 1.03 s (114.80 ms/token)
  -> bandwidth-bound; to be compute-bound at 4 TFLOPS this needs 1062 GB/s
  expert fetch (host wall, measured): 471.70 s moving 206.64 GB = 0 GB/s
  chip pool wall (measured): 58.27 s

cache [final step]
  slots        : 854 of 17.56 MB = 14.99 GB arena (854 resident, 0 pinned)
  requests     : 1472  hits 1472 (100.00%)  misses 0  evictions 1198
  of those hits : 1198 came from the batch prefetch, i.e. read from disk
                  this token; TRUE resident hit rate 18.61%
  read from disk: 21.02 GB in 51.36 s (409 MB/s while loading)
  phase2 i/o    : 21.03 GB in 51.36 s (410 MB/s)  [pure parallel disk read]
l2cache [final step]
  requests     : 10243  hits 10243 (100.00%)  misses 0
  read  from sdd7: 179.74 GB, written 0.00 GB
  hit I/O   : 179.74 GB in 466.40 s (wall) = 385 MB/s [pread 5226.72 s, 34 MB/s per-thread]
  miss I/O  : 0 misses, 0.00 GB from /model in 0.00 s (wall) = 0 MB/s
  restored from meta: 6779 slots

wrote /mnt/f/kimi-k3-in-c/reports/gateab_ab/v34_ab/t32c15_r1-20260929_100925/ctrl.json
I/O share of wall clock: 150.3%  (trunk 449.4 s + experts 470.3 s of 611.7 s)
  both figures are WHOLE-RUN totals over 8 steps
  over 100% because trunk reads overlap compute on the reader thread;
  307.9 s of device time was hidden behind arithmetic
  experts, whole run: 180.11 GB read | 2366 of 11776 requests retained in RAM (20.09%) | 9410 evictions
    (retention = requests - evictions; the raw `hits` counter includes
     experts the prefetcher had just read from disk, so it is not a
     measure of avoided I/O)

trunk [final]
  pinned 22/93 layers, ring 2 slots
  binds 744, hits 154 (20.7%), reads 590
  read 349.03 GB in 449.36 s (777 MB/s pread)
  per-layer loads [L]=count: 0=1 1=1 2=1 3=1 4=1 5=1 6=1 7=1 8=1 9=1 10=1 11=1 12=1 13=1 14=1 15=1 16=1 17=1 18=1 19=1 20=1 21=1 22=8 23=8 24=8 25=8 26=8 27=8 28=8 29=8 30=8 31=8 32=8 33=8 34=8 35=8 36=8 37=8 38=8 39=8 40=8 41=8 42=8 43=8 44=8 45=8 46=8 47=8 48=8 49=8 50=8 51=8 52=8 53=8 54=8 55=8 56=8 57=8 58=8 59=8 60=8 61=8 62=8 63=8 64=8 65=8 66=8 67=8 68=8 69=8 70=8 71=8 72=8 73=8 74=8 75=8 76=8 77=8 78=8 79=8 80=8 81=8 82=8 83=8 84=8 85=8 86=8 87=8 88=8 89=8 90=8 91=8 92=8
  bind wall 25.18 s over 744 binds; read 449.36 + widen 3.01 = 452.37 s of device work,
                    of which 427.19 s (94%) overlapped compute on the reader thread
  widen breakdown: find 9 ms (19640)  copy 0 ms (9184)  deq 2986 ms (6320)  timed 3 s of widen 3.01 s
