k3 chip: 4 workers, 4 TFLOPS, 200 GB/s simulated wall
DBG prefill T=5 trunk_load=0.000 expert_load=0.000 wall0=228.883
DBG getmany L1 nw=64 wall=0.671s thr(out)1 thr(in)16 conc_peak=16 pread=9.533s
DBG getmany L2 nw=64 wall=13.219s thr(out)1 thr(in)16 conc_peak=16 pread=200.956s
DBG getmany L3 nw=57 wall=11.342s thr(out)1 thr(in)16 conc_peak=16 pread=179.467s
DBG getmany L4 nw=47 wall=1.777s thr(out)1 thr(in)16 conc_peak=16 pread=25.619s
DBG getmany L5 nw=64 wall=4.916s thr(out)1 thr(in)16 conc_peak=16 pread=74.457s
DBG getmany L6 nw=64 wall=2.553s thr(out)1 thr(in)16 conc_peak=16 pread=37.932s
DBG getmany L7 nw=62 wall=2.467s thr(out)1 thr(in)16 conc_peak=16 pread=34.110s
DBG getmany L8 nw=64 wall=5.881s thr(out)1 thr(in)16 conc_peak=16 pread=92.201s
DBG getmany L9 nw=64 wall=0.611s thr(out)1 thr(in)16 conc_peak=16 pread=8.876s
DBG getmany L10 nw=57 wall=0.556s thr(out)1 thr(in)16 conc_peak=16 pread=7.716s
DBG getmany L11 nw=64 wall=0.681s thr(out)1 thr(in)16 conc_peak=16 pread=9.771s
DBG getmany L12 nw=64 wall=0.648s thr(out)1 thr(in)16 conc_peak=16 pread=8.516s
DBG getmany L13 nw=64 wall=0.599s thr(out)1 thr(in)16 conc_peak=16 pread=8.760s
DBG getmany L14 nw=64 wall=0.598s thr(out)1 thr(in)16 conc_peak=16 pread=8.633s
DBG getmany L15 nw=64 wall=0.659s thr(out)1 thr(in)16 conc_peak=16 pread=9.627s
DBG getmany L16 nw=63 wall=0.604s thr(out)1 thr(in)16 conc_peak=16 pread=8.755s
DBG getmany L17 nw=64 wall=0.598s thr(out)1 thr(in)16 conc_peak=16 pread=8.378s
DBG getmany L18 nw=55 wall=0.516s thr(out)1 thr(in)16 conc_peak=16 pread=7.358s
DBG getmany L19 nw=56 wall=0.605s thr(out)1 thr(in)16 conc_peak=16 pread=8.135s
DBG getmany L20 nw=57 wall=0.535s thr(out)1 thr(in)16 conc_peak=16 pread=7.622s
DBG getmany L21 nw=64 wall=0.618s thr(out)1 thr(in)16 conc_peak=16 pread=9.036s
DBG getmany L22 nw=64 wall=0.622s thr(out)1 thr(in)16 conc_peak=16 pread=8.945s
DBG getmany L23 nw=59 wall=0.663s thr(out)1 thr(in)16 conc_peak=16 pread=9.064s
DBG getmany L24 nw=56 wall=0.573s thr(out)1 thr(in)16 conc_peak=16 pread=7.929s
DBG getmany L25 nw=60 wall=0.637s thr(out)1 thr(in)16 conc_peak=16 pread=8.845s
DBG getmany L26 nw=52 wall=0.504s thr(out)1 thr(in)16 conc_peak=16 pread=6.990s
DBG getmany L27 nw=53 wall=0.547s thr(out)1 thr(in)16 conc_peak=16 pread=7.867s
DBG getmany L28 nw=61 wall=0.579s thr(out)1 thr(in)16 conc_peak=16 pread=8.277s
DBG getmany L29 nw=51 wall=0.554s thr(out)1 thr(in)16 conc_peak=16 pread=7.847s
DBG getmany L30 nw=63 wall=0.598s thr(out)1 thr(in)16 conc_peak=16 pread=8.604s
DBG getmany L31 nw=55 wall=0.604s thr(out)1 thr(in)16 conc_peak=16 pread=8.396s
DBG getmany L32 nw=55 wall=0.612s thr(out)1 thr(in)16 conc_peak=16 pread=8.664s
DBG getmany L33 nw=53 wall=0.538s thr(out)1 thr(in)16 conc_peak=16 pread=7.479s
DBG getmany L34 nw=56 wall=0.530s thr(out)1 thr(in)16 conc_peak=16 pread=7.503s
DBG getmany L35 nw=54 wall=0.588s thr(out)1 thr(in)16 conc_peak=16 pread=8.006s
DBG getmany L36 nw=58 wall=0.627s thr(out)1 thr(in)16 conc_peak=16 pread=8.636s
DBG getmany L37 nw=57 wall=0.627s thr(out)1 thr(in)16 conc_peak=16 pread=8.788s
DBG getmany L38 nw=47 wall=0.440s thr(out)1 thr(in)16 conc_peak=16 pread=6.216s
DBG getmany L39 nw=53 wall=0.575s thr(out)1 thr(in)16 conc_peak=16 pread=7.919s
DBG getmany L40 nw=46 wall=0.499s thr(out)1 thr(in)16 conc_peak=16 pread=6.619s
DBG getmany L41 nw=54 wall=0.574s thr(out)1 thr(in)16 conc_peak=16 pread=8.153s
DBG getmany L42 nw=53 wall=0.517s thr(out)1 thr(in)16 conc_peak=16 pread=7.197s
DBG getmany L43 nw=55 wall=0.591s thr(out)1 thr(in)16 conc_peak=16 pread=8.399s
DBG getmany L44 nw=50 wall=0.530s thr(out)1 thr(in)16 conc_peak=16 pread=7.359s
DBG getmany L45 nw=54 wall=0.572s thr(out)1 thr(in)16 conc_peak=16 pread=7.983s
DBG getmany L46 nw=48 wall=0.455s thr(out)1 thr(in)16 conc_peak=16 pread=6.387s
DBG getmany L47 nw=50 wall=0.546s thr(out)1 thr(in)16 conc_peak=16 pread=7.476s
DBG getmany L48 nw=53 wall=0.582s thr(out)1 thr(in)16 conc_peak=16 pread=8.118s
DBG getmany L49 nw=47 wall=0.494s thr(out)1 thr(in)16 conc_peak=16 pread=6.976s
DBG getmany L50 nw=55 wall=0.515s thr(out)1 thr(in)16 conc_peak=16 pread=7.336s
DBG getmany L51 nw=58 wall=0.613s thr(out)1 thr(in)16 conc_peak=16 pread=8.726s
DBG getmany L52 nw=57 wall=0.629s thr(out)1 thr(in)16 conc_peak=16 pread=8.773s
DBG getmany L53 nw=56 wall=0.539s thr(out)1 thr(in)16 conc_peak=16 pread=7.665s
DBG getmany L54 nw=59 wall=0.551s thr(out)1 thr(in)16 conc_peak=16 pread=7.909s
DBG getmany L55 nw=54 wall=0.674s thr(out)1 thr(in)16 conc_peak=16 pread=9.205s
DBG getmany L56 nw=63 wall=0.779s thr(out)1 thr(in)16 conc_peak=16 pread=11.186s
DBG getmany L57 nw=56 wall=0.619s thr(out)1 thr(in)16 conc_peak=16 pread=8.653s
DBG getmany L58 nw=58 wall=0.614s thr(out)1 thr(in)16 conc_peak=16 pread=9.002s
DBG getmany L59 nw=56 wall=0.634s thr(out)1 thr(in)16 conc_peak=16 pread=8.953s
DBG getmany L60 nw=55 wall=0.548s thr(out)1 thr(in)16 conc_peak=16 pread=7.809s
DBG getmany L61 nw=64 wall=0.636s thr(out)1 thr(in)16 conc_peak=16 pread=9.304s
DBG getmany L62 nw=61 wall=0.573s thr(out)1 thr(in)16 conc_peak=16 pread=8.213s
DBG getmany L63 nw=61 wall=0.663s thr(out)1 thr(in)16 conc_peak=16 pread=9.343s
DBG getmany L64 nw=53 wall=0.579s thr(out)1 thr(in)16 conc_peak=16 pread=7.969s
DBG getmany L65 nw=60 wall=0.635s thr(out)1 thr(in)16 conc_peak=16 pread=8.944s
DBG getmany L66 nw=60 wall=0.555s thr(out)1 thr(in)16 conc_peak=16 pread=8.016s
DBG getmany L67 nw=56 wall=0.593s thr(out)1 thr(in)16 conc_peak=16 pread=8.369s
DBG getmany L68 nw=55 wall=0.593s thr(out)1 thr(in)16 conc_peak=16 pread=8.409s
DBG getmany L69 nw=55 wall=0.588s thr(out)1 thr(in)16 conc_peak=16 pread=8.200s
DBG getmany L70 nw=56 wall=0.523s thr(out)1 thr(in)16 conc_peak=16 pread=7.458s
DBG getmany L71 nw=53 wall=0.575s thr(out)1 thr(in)16 conc_peak=16 pread=8.076s
DBG getmany L72 nw=62 wall=0.672s thr(out)1 thr(in)16 conc_peak=16 pread=9.210s
DBG getmany L73 nw=64 wall=0.647s thr(out)1 thr(in)16 conc_peak=16 pread=9.530s
DBG getmany L74 nw=60 wall=0.586s thr(out)1 thr(in)16 conc_peak=16 pread=8.527s
DBG getmany L75 nw=59 wall=0.634s thr(out)1 thr(in)16 conc_peak=16 pread=9.136s
DBG getmany L76 nw=56 wall=0.587s thr(out)1 thr(in)16 conc_peak=16 pread=8.064s
DBG getmany L77 nw=56 wall=0.604s thr(out)1 thr(in)16 conc_peak=16 pread=8.256s
DBG getmany L78 nw=50 wall=0.465s thr(out)1 thr(in)16 conc_peak=16 pread=6.461s
DBG getmany L79 nw=62 wall=0.574s thr(out)1 thr(in)16 conc_peak=16 pread=8.357s
DBG getmany L80 nw=52 wall=0.526s thr(out)1 thr(in)16 conc_peak=16 pread=7.328s
DBG getmany L81 nw=43 wall=0.409s thr(out)1 thr(in)16 conc_peak=16 pread=5.461s
DBG getmany L82 nw=51 wall=0.482s thr(out)1 thr(in)16 conc_peak=16 pread=6.803s
DBG getmany L83 nw=47 wall=0.493s thr(out)1 thr(in)16 conc_peak=16 pread=6.936s
DBG getmany L84 nw=59 wall=0.592s thr(out)1 thr(in)16 conc_peak=16 pread=8.568s
DBG getmany L85 nw=59 wall=0.562s thr(out)1 thr(in)16 conc_peak=16 pread=7.988s
DBG getmany L86 nw=57 wall=0.546s thr(out)1 thr(in)16 conc_peak=16 pread=7.580s
DBG getmany L87 nw=52 wall=0.531s thr(out)1 thr(in)16 conc_peak=16 pread=7.434s
DBG getmany L88 nw=49 wall=0.516s thr(out)1 thr(in)16 conc_peak=16 pread=7.318s
DBG getmany L89 nw=53 wall=0.508s thr(out)1 thr(in)16 conc_peak=16 pread=7.221s
DBG getmany L90 nw=48 wall=0.451s thr(out)1 thr(in)16 conc_peak=16 pread=6.298s
DBG getmany L91 nw=52 wall=0.531s thr(out)1 thr(in)16 conc_peak=16 pread=7.596s
DBG getmany L92 nw=57 wall=0.538s thr(out)1 thr(in)16 conc_peak=16 pread=7.710s
DBG prefill done T=5 trunk_load=115.613 expert_load=106.501 wall1=592.785
auto budget: 28.6 GB available, 9.0 GB reserved -> trunk 11.8 GB / expert cache 7.9 GB
config: /model/config.json (nested shape) | hidden=7168 layers=93 vocab=163840 | 24 MLA + 69 KDA | experts 896 top16 shared2 | latent=3584
  KV cache : 16.59 MB for 7 positions (2.37 MB/position)
Kimi K3, pure C, released checkpoint
  model    : /model
  prompt   : 5 tokens, generating 1

indexed 497220 tensors from 96 shards in 14.37 s
trunk on disk : 110.00 GB total (STREAMED from /mnt/nvme/trunk_layers_out, not held in RAM)

memory plan
  trunk (STREAMED) 11.80 GB
  embed + lm_head  4.70 GB
  expert cache     7.87 GB
  recurrent state  626.25 MB
  buffers          6.02 MB
  KV cache         16.56 MB
  TOTAL            25.02 GB
  available        28.62 GB

k3_trunk: trunk.bin absent - using per-layer slices (layer_%03d.bin)
trunk stream: 56.60 GB packed, 5/93 layers PINNED (8.00 GB), ring 2 x 1.30 GB
              reads use buffered I/O
              ring holds 2 slots: layers repeat over ~2 tokens, so recent ones are reused instead of re-read
trunk streaming enabled from /mnt/nvme/trunk_layers_out in 0.0 s
embedding, final norm and lm_head: 4.70 GB in 12.4 s

expert L2 cache enabled: 11397 slots x 17.55 MB = 199.99 GB on /mnt/nvme/experts.l2
expert L2 eviction policy: heat
peak RSS after loading weights: 4.79 GB  (the plan above is a forecast, this is measured)
expert cache: 448 slots x 17.56 MB = 7.86 GB (0.54% of the 1.45 TB expert pool)

recurrent state for 93 layers: 626.25 MB

incremental decode: KV cache 16.56 MB for 24 MLA layers at 7 positions

STEP   TOKEN      SECONDS      CACHE HIT  READ GB    TOK/S
--------------------------------------------------------------------
0      227        363.90       99.2       92.18      0.003
  L2   resident=9205/11397 slots hit=100.0% read=91.16GB write=0.02GB
--------------------------------------------------------------------
1 tokens in 363.9 s, 363.90 s/token average
PEAK RSS for the whole run: 19.46 GB   <- quote this, not the plan
layers completed: 93/93; routed expert drops: 0


[chip] simulated MXFP4 GEMV bill over 6 tokens
  7360 expert chains | 486203719680 flops | 129147863040 bytes (129.15 GB)
  per token: 1226 chains | 21.52 GB | 0.08 Gflops
  compute wall @ 4 TFLOPS : 0.12 s (20.26 ms/token)
  bandwidth wall @ 200 GB/s : 0.65 s (107.62 ms/token)
  -> bandwidth-bound; to be compute-bound at 4 TFLOPS this needs 1062 GB/s
  expert fetch (host wall, measured): 117.46 s moving 92.18 GB = 1 GB/s
  chip pool wall (measured): 146.47 s

cache [final step]
  slots        : 448 of 17.56 MB = 7.86 GB arena (448 resident, 0 pinned)
  requests     : 5253  hits 5212 (99.22%)  misses 41  evictions 4805
  of those hits : 5212 came from the batch prefetch, i.e. read from disk
                  this token; TRUE resident hit rate 0.00%
  read from disk: 92.18 GB in 106.50 s (865 MB/s while loading)
  phase2 i/o    : 91.50 GB in 91.12 s (1004 MB/s)  [pure parallel disk read]
l2cache [final step]
  requests     : 5196  hits 5195 (99.98%)  misses 1
  read  from sdd7: 91.16 GB, written 0.02 GB
  hit I/O   : 91.16 GB in 91.09 s (wall) = 1001 MB/s [pread 1335.39 s, 68 MB/s per-thread]
  miss I/O  : 1 misses, 0.02 GB from /model in 0.03 s (wall) = 595 MB/s
  restored from meta: 9205 slots

wrote reports/prefill_probe_172345/r.json
I/O share of wall clock: 61.0%  (trunk 115.6 s + experts 106.5 s of 363.9 s)
  both figures are WHOLE-RUN totals over 1 steps
  experts, whole run: 92.18 GB read | 448 of 5253 requests retained in RAM (8.53%) | 4805 evictions
    (retention = requests - evictions; the raw `hits` counter includes
     experts the prefetcher had just read from disk, so it is not a
     measure of avoided I/O)

trunk [final]
  pinned 5/93 layers, ring 2 slots
  binds 93, hits 0 (0.0%), reads 93
  read 56.60 GB in 115.61 s (490 MB/s pread) + 0.00 s parked on the expert gate
  per-layer loads [L]=count: 0=1 1=1 2=1 3=1 4=1 5=1 6=1 7=1 8=1 9=1 10=1 11=1 12=1 13=1 14=1 15=1 16=1 17=1 18=1 19=1 20=1 21=1 22=1 23=1 24=1 25=1 26=1 27=1 28=1 29=1 30=1 31=1 32=1 33=1 34=1 35=1 36=1 37=1 38=1 39=1 40=1 41=1 42=1 43=1 44=1 45=1 46=1 47=1 48=1 49=1 50=1 51=1 52=1 53=1 54=1 55=1 56=1 57=1 58=1 59=1 60=1 61=1 62=1 63=1 64=1 65=1 66=1 67=1 68=1 69=1 70=1 71=1 72=1 73=1 74=1 75=1 76=1 77=1 78=1 79=1 80=1 81=1 82=1 83=1 84=1 85=1 86=1 87=1 88=1 89=1 90=1 91=1 92=1
  bind wall 35.65 s over 93 binds; read 115.61 + widen 3.00 = 118.61 s of device work,
                    of which 82.97 s (70%) overlapped compute on the reader thread
  widen breakdown: find 653 ms (2455)  copy 0 ms (1148)  deq 2347 ms (790)  timed 3 s of widen 3.00 s
