L2 auto: 209 GB free on /mnt/nvme -> L2 at 256 GB
k3 chip: 4 workers, 4 TFLOPS, 200 GB/s simulated wall
DBG getmany L1 nw=16 wall=1.154s thr(out)1 thr(in)16 conc_peak=16 pread=1.261s
DBG getmany L2 nw=16 wall=3.230s thr(out)1 thr(in)16 conc_peak=16 pread=0.000s
DBG getmany L3 nw=16 wall=4.143s thr(out)1 thr(in)16 conc_peak=16 pread=0.289s
DBG getmany L4 nw=16 wall=3.762s thr(out)1 thr(in)16 conc_peak=16 pread=0.231s
DBG getmany L5 nw=16 wall=4.483s thr(out)1 thr(in)16 conc_peak=16 pread=0.112s
DBG getmany L6 nw=16 wall=4.014s thr(out)1 thr(in)16 conc_peak=16 pread=0.045s
DBG getmany L7 nw=16 wall=4.456s thr(out)1 thr(in)16 conc_peak=16 pread=0.000s
DBG getmany L8 nw=16 wall=3.412s thr(out)1 thr(in)16 conc_peak=16 pread=0.520s
DBG getmany L9 nw=16 wall=4.011s thr(out)1 thr(in)16 conc_peak=16 pread=0.252s
DBG getmany L10 nw=16 wall=3.168s thr(out)1 thr(in)16 conc_peak=16 pread=0.247s
DBG getmany L11 nw=16 wall=3.553s thr(out)1 thr(in)16 conc_peak=16 pread=0.911s
DBG getmany L12 nw=16 wall=1.619s thr(out)1 thr(in)16 conc_peak=16 pread=3.614s
DBG getmany L13 nw=16 wall=1.439s thr(out)1 thr(in)16 conc_peak=16 pread=1.523s
DBG getmany L14 nw=16 wall=1.031s thr(out)1 thr(in)16 conc_peak=16 pread=12.637s
DBG getmany L15 nw=16 wall=1.314s thr(out)1 thr(in)16 conc_peak=16 pread=2.095s
DBG getmany L16 nw=16 wall=0.928s thr(out)1 thr(in)16 conc_peak=16 pread=1.936s
DBG getmany L17 nw=16 wall=0.952s thr(out)1 thr(in)16 conc_peak=16 pread=1.780s
DBG getmany L18 nw=16 wall=0.769s thr(out)1 thr(in)16 conc_peak=16 pread=8.329s
DBG getmany L19 nw=16 wall=3.368s thr(out)1 thr(in)16 conc_peak=16 pread=3.987s
DBG getmany L20 nw=16 wall=2.223s thr(out)1 thr(in)16 conc_peak=16 pread=11.325s
DBG getmany L21 nw=16 wall=2.108s thr(out)1 thr(in)16 conc_peak=16 pread=22.184s
DBG getmany L22 nw=16 wall=1.442s thr(out)1 thr(in)16 conc_peak=16 pread=11.764s
DBG getmany L23 nw=16 wall=1.446s thr(out)1 thr(in)16 conc_peak=16 pread=12.958s
DBG getmany L24 nw=16 wall=1.774s thr(out)1 thr(in)16 conc_peak=16 pread=13.247s
DBG getmany L25 nw=16 wall=2.272s thr(out)1 thr(in)16 conc_peak=16 pread=13.292s
DBG getmany L26 nw=16 wall=1.655s thr(out)1 thr(in)16 conc_peak=16 pread=13.718s
DBG getmany L27 nw=16 wall=1.119s thr(out)1 thr(in)16 conc_peak=16 pread=8.779s
DBG getmany L28 nw=16 wall=0.825s thr(out)1 thr(in)16 conc_peak=16 pread=1.582s
DBG getmany L29 nw=16 wall=0.695s thr(out)1 thr(in)16 conc_peak=16 pread=2.962s
DBG getmany L30 nw=16 wall=0.618s thr(out)1 thr(in)16 conc_peak=16 pread=1.572s
DBG getmany L31 nw=16 wall=1.053s thr(out)1 thr(in)16 conc_peak=16 pread=3.098s
DBG getmany L32 nw=16 wall=1.050s thr(out)1 thr(in)16 conc_peak=16 pread=2.589s
DBG getmany L33 nw=16 wall=0.836s thr(out)1 thr(in)16 conc_peak=16 pread=2.584s
DBG getmany L34 nw=16 wall=0.259s thr(out)1 thr(in)16 conc_peak=16 pread=2.340s
DBG getmany L35 nw=16 wall=1.166s thr(out)1 thr(in)16 conc_peak=16 pread=1.411s
DBG getmany L36 nw=16 wall=0.407s thr(out)1 thr(in)16 conc_peak=16 pread=1.979s
DBG getmany L37 nw=16 wall=3.558s thr(out)1 thr(in)16 conc_peak=16 pread=48.105s
DBG getmany L38 nw=16 wall=1.941s thr(out)1 thr(in)16 conc_peak=16 pread=29.747s
DBG getmany L39 nw=16 wall=1.721s thr(out)1 thr(in)16 conc_peak=16 pread=9.880s
DBG getmany L40 nw=16 wall=1.262s thr(out)1 thr(in)16 conc_peak=16 pread=3.791s
DBG getmany L41 nw=16 wall=0.992s thr(out)1 thr(in)16 conc_peak=16 pread=4.715s
DBG getmany L42 nw=16 wall=0.575s thr(out)1 thr(in)16 conc_peak=16 pread=8.015s
DBG getmany L43 nw=16 wall=0.977s thr(out)1 thr(in)16 conc_peak=16 pread=9.520s
DBG getmany L44 nw=16 wall=0.985s thr(out)1 thr(in)16 conc_peak=16 pread=7.947s
DBG getmany L45 nw=16 wall=1.163s thr(out)1 thr(in)16 conc_peak=16 pread=11.450s
DBG getmany L46 nw=16 wall=1.366s thr(out)1 thr(in)16 conc_peak=16 pread=12.302s
DBG getmany L47 nw=16 wall=1.795s thr(out)1 thr(in)16 conc_peak=16 pread=11.615s
DBG getmany L48 nw=16 wall=4.570s thr(out)1 thr(in)16 conc_peak=16 pread=40.088s
DBG getmany L49 nw=16 wall=2.386s thr(out)1 thr(in)16 conc_peak=16 pread=26.900s
DBG getmany L50 nw=16 wall=0.274s thr(out)1 thr(in)16 conc_peak=16 pread=2.809s
DBG getmany L51 nw=16 wall=0.297s thr(out)1 thr(in)16 conc_peak=16 pread=3.432s
DBG getmany L52 nw=16 wall=0.284s thr(out)1 thr(in)16 conc_peak=16 pread=3.296s
DBG getmany L53 nw=16 wall=0.318s thr(out)1 thr(in)16 conc_peak=16 pread=4.301s
DBG getmany L54 nw=16 wall=0.237s thr(out)1 thr(in)16 conc_peak=16 pread=2.358s
DBG getmany L55 nw=16 wall=0.411s thr(out)1 thr(in)16 conc_peak=16 pread=5.567s
DBG getmany L56 nw=16 wall=0.340s thr(out)1 thr(in)16 conc_peak=16 pread=4.830s
DBG getmany L57 nw=16 wall=0.289s thr(out)1 thr(in)16 conc_peak=16 pread=3.888s
DBG getmany L58 nw=16 wall=0.228s thr(out)1 thr(in)16 conc_peak=16 pread=2.166s
DBG getmany L59 nw=16 wall=0.395s thr(out)1 thr(in)16 conc_peak=16 pread=5.460s
DBG getmany L60 nw=16 wall=0.968s thr(out)1 thr(in)16 conc_peak=16 pread=3.784s
DBG getmany L61 nw=16 wall=0.279s thr(out)1 thr(in)16 conc_peak=16 pread=3.355s
DBG getmany L62 nw=16 wall=0.593s thr(out)1 thr(in)16 conc_peak=16 pread=1.863s
DBG getmany L63 nw=16 wall=0.922s thr(out)1 thr(in)16 conc_peak=16 pread=5.653s
DBG getmany L64 nw=16 wall=0.649s thr(out)1 thr(in)16 conc_peak=16 pread=2.830s
DBG getmany L65 nw=16 wall=0.292s thr(out)1 thr(in)16 conc_peak=16 pread=3.840s
DBG getmany L66 nw=16 wall=0.202s thr(out)1 thr(in)16 conc_peak=16 pread=1.853s
DBG getmany L67 nw=16 wall=0.611s thr(out)1 thr(in)16 conc_peak=16 pread=3.293s
DBG getmany L68 nw=16 wall=0.339s thr(out)1 thr(in)16 conc_peak=16 pread=4.232s
DBG getmany L69 nw=16 wall=0.276s thr(out)1 thr(in)16 conc_peak=16 pread=3.461s
DBG getmany L70 nw=16 wall=0.222s thr(out)1 thr(in)16 conc_peak=16 pread=2.415s
DBG getmany L71 nw=16 wall=0.403s thr(out)1 thr(in)16 conc_peak=16 pread=5.807s
DBG getmany L72 nw=16 wall=0.329s thr(out)1 thr(in)16 conc_peak=16 pread=4.643s
DBG getmany L73 nw=16 wall=0.330s thr(out)1 thr(in)16 conc_peak=16 pread=4.680s
DBG getmany L74 nw=16 wall=0.230s thr(out)1 thr(in)16 conc_peak=16 pread=2.324s
DBG getmany L75 nw=16 wall=0.459s thr(out)1 thr(in)16 conc_peak=16 pread=6.098s
DBG getmany L76 nw=16 wall=0.309s thr(out)1 thr(in)16 conc_peak=16 pread=4.089s
DBG getmany L77 nw=16 wall=0.363s thr(out)1 thr(in)16 conc_peak=16 pread=4.810s
DBG getmany L78 nw=16 wall=0.204s thr(out)1 thr(in)16 conc_peak=16 pread=2.028s
DBG getmany L79 nw=16 wall=0.716s thr(out)1 thr(in)16 conc_peak=16 pread=5.045s
DBG getmany L80 nw=16 wall=0.283s thr(out)1 thr(in)16 conc_peak=16 pread=3.578s
DBG getmany L81 nw=16 wall=1.819s thr(out)1 thr(in)16 conc_peak=16 pread=1.866s
DBG getmany L82 nw=16 wall=3.398s thr(out)1 thr(in)16 conc_peak=16 pread=0.243s
DBG getmany L83 nw=16 wall=2.063s thr(out)1 thr(in)16 conc_peak=16 pread=4.667s
DBG getmany L84 nw=16 wall=4.726s thr(out)1 thr(in)16 conc_peak=16 pread=0.258s
DBG getmany L85 nw=16 wall=4.715s thr(out)1 thr(in)16 conc_peak=16 pread=0.563s
DBG getmany L86 nw=16 wall=4.395s thr(out)1 thr(in)16 conc_peak=16 pread=0.242s
DBG getmany L87 nw=16 wall=2.650s thr(out)1 thr(in)16 conc_peak=16 pread=1.138s
DBG getmany L88 nw=16 wall=1.910s thr(out)1 thr(in)16 conc_peak=16 pread=2.018s
DBG getmany L89 nw=16 wall=2.345s thr(out)1 thr(in)16 conc_peak=16 pread=1.799s
DBG getmany L90 nw=16 wall=3.382s thr(out)1 thr(in)16 conc_peak=16 pread=0.118s
DBG getmany L91 nw=16 wall=2.711s thr(out)1 thr(in)16 conc_peak=16 pread=0.291s
DBG getmany L92 nw=16 wall=3.032s thr(out)1 thr(in)16 conc_peak=16 pread=0.221s
auto budget: 28.7 GB available, 9.0 GB reserved -> trunk 6.0 GB / expert cache 13.7 GB
config: /model/config.json (nested shape) | hidden=7168 layers=93 vocab=163840 | 24 MLA + 69 KDA | experts 896 top16 shared2 | latent=3584
  KV cache : 23.70 MB for 10 positions (2.37 MB/position)
Kimi K3, pure C, released checkpoint
  model    : /model
  prompt   : 1 tokens, generating 8

indexed 497220 tensors from 96 shards in 15.09 s
trunk on disk : 110.00 GB total (STREAMED from /mnt/nvme/trunk_layers_out, not held in RAM)

memory plan
  trunk (STREAMED) 6.00 GB
  embed + lm_head  4.70 GB
  expert cache     13.68 GB
  recurrent state  626.25 MB
  buffers          8.02 MB
  KV cache         23.65 MB
  TOTAL            25.04 GB
  available        28.64 GB

k3_trunk: trunk.bin absent - using per-layer slices (layer_%03d.bin)
trunk stream: 56.60 GB packed, 1/93 layers PINNED (3.00 GB), ring 2 x 1.30 GB
              reads use buffered I/O
              ring holds 2 slots: layers repeat over ~2 tokens, so recent ones are reused instead of re-read
trunk streaming enabled from /mnt/nvme/trunk_layers_out in 0.0 s
embedding, final norm and lm_head: 4.70 GB in 11.3 s

expert L1 eviction policy: heat
expert L2 cache enabled: 14589 slots x 17.55 MB = 256.00 GB on /mnt/nvme/experts.l2
expert L2 eviction policy: heat
peak RSS after loading weights: 4.79 GB  (the plan above is a forecast, this is measured)
expert cache: 779 slots x 17.56 MB = 13.68 GB (0.95% of the 1.45 TB expert pool)

recurrent state for 93 layers: 626.25 MB

incremental decode: KV cache 23.65 MB for 24 MLA layers at 10 positions

STEP   TOKEN      SECONDS      CACHE HIT  READ GB    TOK/S
--------------------------------------------------------------------
0      220        250.73       100.0      25.83      0.004
  L2   resident=6778/14589 slots hit=76.2% read=19.21GB write=6.62GB
DBG getmany L1 nw=16 wall=9.848s thr(out)1 thr(in)16 conc_peak=16 pread=1.491s
DBG getmany L2 nw=16 wall=4.508s thr(out)1 thr(in)16 conc_peak=16 pread=0.284s
DBG getmany L3 nw=16 wall=3.267s thr(out)1 thr(in)16 conc_peak=16 pread=0.465s
DBG getmany L4 nw=16 wall=9.510s thr(out)1 thr(in)16 conc_peak=16 pread=0.080s
DBG getmany L5 nw=16 wall=4.348s thr(out)1 thr(in)16 conc_peak=16 pread=0.323s
DBG getmany L6 nw=16 wall=3.334s thr(out)1 thr(in)16 conc_peak=16 pread=0.491s
DBG getmany L7 nw=16 wall=3.725s thr(out)1 thr(in)16 conc_peak=16 pread=0.913s
DBG getmany L8 nw=16 wall=4.198s thr(out)1 thr(in)16 conc_peak=16 pread=0.754s
DBG getmany L9 nw=16 wall=3.454s thr(out)1 thr(in)16 conc_peak=16 pread=1.115s
DBG getmany L10 nw=16 wall=0.157s thr(out)1 thr(in)16 conc_peak=16 pread=1.456s
DBG getmany L11 nw=16 wall=0.343s thr(out)1 thr(in)16 conc_peak=16 pread=4.126s
DBG getmany L12 nw=16 wall=0.230s thr(out)1 thr(in)16 conc_peak=16 pread=2.863s
DBG getmany L13 nw=16 wall=0.221s thr(out)1 thr(in)16 conc_peak=16 pread=2.846s
DBG getmany L14 nw=16 wall=0.165s thr(out)1 thr(in)16 conc_peak=16 pread=1.591s
DBG getmany L15 nw=16 wall=0.289s thr(out)1 thr(in)16 conc_peak=16 pread=3.646s
DBG getmany L16 nw=16 wall=0.158s thr(out)1 thr(in)16 conc_peak=16 pread=1.644s
DBG getmany L17 nw=16 wall=0.168s thr(out)1 thr(in)16 conc_peak=16 pread=1.537s
DBG getmany L18 nw=16 wall=0.169s thr(out)1 thr(in)16 conc_peak=16 pread=1.572s
DBG getmany L19 nw=16 wall=0.365s thr(out)1 thr(in)16 conc_peak=16 pread=4.848s
DBG getmany L20 nw=16 wall=0.208s thr(out)1 thr(in)16 conc_peak=16 pread=2.362s
DBG getmany L21 nw=16 wall=0.238s thr(out)1 thr(in)16 conc_peak=16 pread=3.229s
DBG getmany L22 nw=16 wall=0.164s thr(out)1 thr(in)16 conc_peak=16 pread=1.608s
DBG getmany L23 nw=16 wall=0.321s thr(out)1 thr(in)16 conc_peak=16 pread=4.299s
DBG getmany L24 nw=16 wall=0.219s thr(out)1 thr(in)16 conc_peak=16 pread=2.637s
DBG getmany L25 nw=16 wall=0.204s thr(out)1 thr(in)16 conc_peak=16 pread=2.406s
DBG getmany L26 nw=16 wall=0.193s thr(out)1 thr(in)16 conc_peak=16 pread=2.188s
DBG getmany L27 nw=16 wall=0.298s thr(out)1 thr(in)16 conc_peak=16 pread=3.945s
DBG getmany L28 nw=16 wall=0.212s thr(out)1 thr(in)16 conc_peak=16 pread=2.800s
DBG getmany L29 nw=16 wall=0.311s thr(out)1 thr(in)16 conc_peak=16 pread=3.056s
DBG getmany L30 nw=16 wall=0.161s thr(out)1 thr(in)16 conc_peak=16 pread=1.506s
DBG getmany L31 nw=16 wall=0.403s thr(out)1 thr(in)16 conc_peak=16 pread=5.937s
DBG getmany L32 nw=16 wall=0.421s thr(out)1 thr(in)16 conc_peak=16 pread=5.564s
DBG getmany L33 nw=16 wall=0.329s thr(out)1 thr(in)16 conc_peak=16 pread=4.135s
DBG getmany L34 nw=16 wall=0.213s thr(out)1 thr(in)16 conc_peak=16 pread=2.506s
DBG getmany L35 nw=16 wall=0.428s thr(out)1 thr(in)16 conc_peak=16 pread=5.892s
DBG getmany L36 nw=16 wall=1.608s thr(out)1 thr(in)16 conc_peak=16 pread=15.926s
DBG getmany L37 nw=16 wall=4.069s thr(out)1 thr(in)16 conc_peak=16 pread=42.206s
DBG getmany L38 nw=16 wall=4.581s thr(out)1 thr(in)16 conc_peak=16 pread=53.103s
DBG getmany L39 nw=16 wall=3.261s thr(out)1 thr(in)16 conc_peak=16 pread=44.340s
DBG getmany L40 nw=16 wall=3.811s thr(out)1 thr(in)16 conc_peak=16 pread=56.561s
DBG getmany L41 nw=16 wall=3.982s thr(out)1 thr(in)16 conc_peak=16 pread=53.210s
DBG getmany L42 nw=16 wall=2.584s thr(out)1 thr(in)16 conc_peak=16 pread=34.686s
DBG getmany L43 nw=16 wall=2.658s thr(out)1 thr(in)16 conc_peak=16 pread=33.635s
DBG getmany L44 nw=16 wall=2.836s thr(out)1 thr(in)16 conc_peak=16 pread=40.786s
DBG getmany L45 nw=16 wall=3.203s thr(out)1 thr(in)16 conc_peak=16 pread=42.756s
DBG getmany L46 nw=16 wall=3.183s thr(out)1 thr(in)16 conc_peak=16 pread=46.162s
DBG getmany L47 nw=16 wall=3.539s thr(out)1 thr(in)16 conc_peak=16 pread=43.148s
DBG getmany L48 nw=16 wall=3.191s thr(out)1 thr(in)16 conc_peak=16 pread=42.034s
DBG getmany L49 nw=16 wall=2.434s thr(out)1 thr(in)16 conc_peak=16 pread=28.559s
DBG getmany L50 nw=16 wall=0.272s thr(out)1 thr(in)16 conc_peak=16 pread=3.451s
DBG getmany L51 nw=16 wall=0.468s thr(out)1 thr(in)16 conc_peak=16 pread=6.512s
DBG getmany L52 nw=16 wall=0.292s thr(out)1 thr(in)16 conc_peak=16 pread=4.042s
DBG getmany L53 nw=16 wall=0.343s thr(out)1 thr(in)16 conc_peak=16 pread=4.178s
DBG getmany L54 nw=16 wall=0.268s thr(out)1 thr(in)16 conc_peak=16 pread=3.138s
DBG getmany L55 nw=16 wall=0.406s thr(out)1 thr(in)16 conc_peak=16 pread=5.682s
DBG getmany L56 nw=16 wall=0.274s thr(out)1 thr(in)16 conc_peak=16 pread=3.791s
DBG getmany L57 nw=16 wall=0.314s thr(out)1 thr(in)16 conc_peak=16 pread=4.212s
DBG getmany L58 nw=16 wall=0.159s thr(out)1 thr(in)16 conc_peak=16 pread=1.457s
DBG getmany L59 nw=16 wall=0.363s thr(out)1 thr(in)16 conc_peak=16 pread=5.180s
DBG getmany L60 nw=16 wall=0.293s thr(out)1 thr(in)16 conc_peak=16 pread=3.208s
DBG getmany L61 nw=16 wall=0.334s thr(out)1 thr(in)16 conc_peak=16 pread=4.703s
DBG getmany L62 nw=16 wall=0.193s thr(out)1 thr(in)16 conc_peak=16 pread=2.336s
DBG getmany L63 nw=16 wall=0.519s thr(out)1 thr(in)16 conc_peak=16 pread=7.571s
DBG getmany L64 nw=16 wall=0.241s thr(out)1 thr(in)16 conc_peak=16 pread=3.232s
DBG getmany L65 nw=16 wall=0.350s thr(out)1 thr(in)16 conc_peak=16 pread=4.388s
DBG getmany L66 nw=16 wall=0.261s thr(out)1 thr(in)16 conc_peak=16 pread=3.671s
DBG getmany L67 nw=16 wall=0.396s thr(out)1 thr(in)16 conc_peak=16 pread=4.111s
DBG getmany L68 nw=16 wall=0.344s thr(out)1 thr(in)16 conc_peak=16 pread=4.094s
DBG getmany L69 nw=16 wall=0.331s thr(out)1 thr(in)16 conc_peak=16 pread=4.640s
DBG getmany L70 nw=16 wall=0.178s thr(out)1 thr(in)16 conc_peak=16 pread=1.734s
DBG getmany L71 nw=16 wall=0.415s thr(out)1 thr(in)16 conc_peak=16 pread=6.094s
DBG getmany L72 nw=16 wall=11.076s thr(out)1 thr(in)16 conc_peak=16 pread=167.556s
DBG getmany L73 nw=16 wall=0.343s thr(out)1 thr(in)16 conc_peak=16 pread=4.642s
DBG getmany L74 nw=16 wall=0.223s thr(out)1 thr(in)16 conc_peak=16 pread=2.284s
DBG getmany L75 nw=16 wall=0.435s thr(out)1 thr(in)16 conc_peak=16 pread=5.605s
DBG getmany L76 nw=16 wall=0.334s thr(out)1 thr(in)16 conc_peak=16 pread=3.626s
DBG getmany L77 nw=16 wall=0.360s thr(out)1 thr(in)16 conc_peak=16 pread=4.873s
DBG getmany L78 nw=16 wall=0.262s thr(out)1 thr(in)16 conc_peak=16 pread=3.066s
DBG getmany L79 nw=16 wall=0.460s thr(out)1 thr(in)16 conc_peak=16 pread=6.744s
DBG getmany L80 nw=16 wall=0.369s thr(out)1 thr(in)16 conc_peak=16 pread=4.238s
DBG getmany L81 nw=16 wall=0.326s thr(out)1 thr(in)16 conc_peak=16 pread=3.994s
DBG getmany L82 nw=16 wall=0.215s thr(out)1 thr(in)16 conc_peak=16 pread=2.493s
DBG getmany L83 nw=16 wall=0.354s thr(out)1 thr(in)16 conc_peak=16 pread=4.717s
DBG getmany L84 nw=16 wall=0.338s thr(out)1 thr(in)16 conc_peak=16 pread=4.796s
DBG getmany L85 nw=16 wall=0.312s thr(out)1 thr(in)16 conc_peak=16 pread=4.268s
DBG getmany L86 nw=16 wall=0.168s thr(out)1 thr(in)16 conc_peak=16 pread=1.670s
DBG getmany L87 nw=16 wall=0.155s thr(out)1 thr(in)16 conc_peak=16 pread=1.506s
DBG getmany L88 nw=16 wall=0.283s thr(out)1 thr(in)16 conc_peak=16 pread=3.713s
DBG getmany L89 nw=16 wall=0.168s thr(out)1 thr(in)16 conc_peak=16 pread=1.545s
DBG getmany L90 nw=16 wall=0.152s thr(out)1 thr(in)16 conc_peak=16 pread=1.398s
DBG getmany L91 nw=16 wall=0.282s thr(out)1 thr(in)16 conc_peak=16 pread=3.573s
DBG getmany L92 nw=16 wall=0.167s thr(out)1 thr(in)16 conc_peak=16 pread=1.662s
1      802        234.83       100.0      25.83      0.004
  L2   resident=6778/14589 slots hit=85.4% read=43.57GB write=8.09GB
DBG getmany L1 nw=16 wall=0.235s thr(out)1 thr(in)16 conc_peak=16 pread=3.000s
DBG getmany L2 nw=15 wall=0.159s thr(out)1 thr(in)16 conc_peak=15 pread=1.564s
DBG getmany L3 nw=13 wall=0.374s thr(out)1 thr(in)16 conc_peak=13 pread=4.169s
DBG getmany L4 nw=15 wall=0.311s thr(out)1 thr(in)16 conc_peak=15 pread=3.467s
DBG getmany L5 nw=16 wall=0.310s thr(out)1 thr(in)16 conc_peak=16 pread=4.487s
DBG getmany L6 nw=15 wall=0.147s thr(out)1 thr(in)16 conc_peak=15 pread=1.274s
DBG getmany L7 nw=15 wall=0.436s thr(out)1 thr(in)16 conc_peak=15 pread=5.932s
DBG getmany L8 nw=16 wall=0.366s thr(out)1 thr(in)16 conc_peak=16 pread=4.839s
DBG getmany L9 nw=15 wall=0.299s thr(out)1 thr(in)16 conc_peak=15 pread=4.089s
DBG getmany L10 nw=15 wall=0.156s thr(out)1 thr(in)16 conc_peak=15 pread=1.245s
DBG getmany L11 nw=15 wall=0.337s thr(out)1 thr(in)16 conc_peak=15 pread=4.650s
DBG getmany L12 nw=15 wall=0.256s thr(out)1 thr(in)16 conc_peak=15 pread=2.877s
DBG getmany L13 nw=16 wall=0.311s thr(out)1 thr(in)16 conc_peak=16 pread=3.709s
DBG getmany L14 nw=15 wall=0.149s thr(out)1 thr(in)16 conc_peak=15 pread=1.275s
DBG getmany L15 nw=16 wall=0.364s thr(out)1 thr(in)16 conc_peak=16 pread=4.994s
DBG getmany L16 nw=15 wall=0.204s thr(out)1 thr(in)16 conc_peak=15 pread=2.602s
DBG getmany L17 nw=16 wall=0.242s thr(out)1 thr(in)16 conc_peak=16 pread=3.215s
DBG getmany L18 nw=16 wall=0.168s thr(out)1 thr(in)16 conc_peak=16 pread=1.539s
DBG getmany L19 nw=16 wall=0.335s thr(out)1 thr(in)16 conc_peak=16 pread=4.566s
DBG getmany L20 nw=16 wall=0.271s thr(out)1 thr(in)16 conc_peak=16 pread=3.322s
DBG getmany L21 nw=16 wall=0.286s thr(out)1 thr(in)16 conc_peak=16 pread=3.920s
DBG getmany L22 nw=16 wall=0.164s thr(out)1 thr(in)16 conc_peak=16 pread=1.531s
DBG getmany L23 nw=15 wall=0.287s thr(out)1 thr(in)16 conc_peak=15 pread=3.627s
DBG getmany L24 nw=13 wall=0.277s thr(out)1 thr(in)16 conc_peak=13 pread=3.400s
DBG getmany L25 nw=15 wall=0.171s thr(out)1 thr(in)16 conc_peak=15 pread=1.592s
DBG getmany L26 nw=15 wall=0.288s thr(out)1 thr(in)16 conc_peak=15 pread=3.161s
DBG getmany L27 nw=16 wall=0.330s thr(out)1 thr(in)16 conc_peak=16 pread=4.473s
DBG getmany L28 nw=15 wall=0.285s thr(out)1 thr(in)16 conc_peak=15 pread=3.243s
DBG getmany L29 nw=16 wall=1.678s thr(out)1 thr(in)16 conc_peak=16 pread=23.979s
DBG getmany L30 nw=16 wall=0.210s thr(out)1 thr(in)16 conc_peak=16 pread=2.497s
DBG getmany L31 nw=16 wall=0.415s thr(out)1 thr(in)16 conc_peak=16 pread=6.110s
DBG getmany L32 nw=14 wall=0.358s thr(out)1 thr(in)16 conc_peak=14 pread=3.957s
DBG getmany L33 nw=15 wall=0.342s thr(out)1 thr(in)16 conc_peak=15 pread=3.812s
DBG getmany L34 nw=16 wall=0.198s thr(out)1 thr(in)16 conc_peak=16 pread=2.291s
DBG getmany L35 nw=16 wall=0.424s thr(out)1 thr(in)16 conc_peak=16 pread=6.386s
DBG getmany L36 nw=14 wall=0.259s thr(out)1 thr(in)16 conc_peak=14 pread=2.950s
DBG getmany L37 nw=16 wall=0.279s thr(out)1 thr(in)16 conc_peak=16 pread=3.797s
DBG getmany L38 nw=16 wall=0.159s thr(out)1 thr(in)16 conc_peak=16 pread=1.432s
DBG getmany L39 nw=16 wall=0.393s thr(out)1 thr(in)16 conc_peak=16 pread=4.347s
DBG getmany L40 nw=16 wall=0.349s thr(out)1 thr(in)16 conc_peak=16 pread=5.010s
DBG getmany L41 nw=16 wall=0.165s thr(out)1 thr(in)16 conc_peak=16 pread=1.590s
DBG getmany L42 nw=16 wall=2.195s thr(out)1 thr(in)16 conc_peak=16 pread=33.757s
DBG getmany L43 nw=16 wall=0.467s thr(out)1 thr(in)16 conc_peak=16 pread=5.720s
DBG getmany L44 nw=16 wall=0.293s thr(out)1 thr(in)16 conc_peak=16 pread=4.101s
DBG getmany L45 nw=16 wall=0.359s thr(out)1 thr(in)16 conc_peak=16 pread=4.854s
DBG getmany L46 nw=15 wall=0.199s thr(out)1 thr(in)16 conc_peak=15 pread=2.065s
DBG getmany L47 nw=15 wall=0.402s thr(out)1 thr(in)16 conc_peak=15 pread=5.485s
DBG getmany L48 nw=15 wall=0.277s thr(out)1 thr(in)16 conc_peak=15 pread=3.549s
DBG getmany L49 nw=15 wall=0.356s thr(out)1 thr(in)16 conc_peak=15 pread=4.028s
DBG getmany L50 nw=16 wall=0.253s thr(out)1 thr(in)16 conc_peak=16 pread=2.287s
DBG getmany L51 nw=16 wall=0.395s thr(out)1 thr(in)16 conc_peak=16 pread=5.204s
DBG getmany L52 nw=16 wall=0.342s thr(out)1 thr(in)16 conc_peak=16 pread=4.942s
DBG getmany L53 nw=15 wall=0.359s thr(out)1 thr(in)16 conc_peak=15 pread=4.808s
DBG getmany L54 nw=16 wall=0.169s thr(out)1 thr(in)16 conc_peak=16 pread=1.769s
DBG getmany L55 nw=16 wall=0.434s thr(out)1 thr(in)16 conc_peak=16 pread=6.174s
DBG getmany L56 nw=16 wall=0.342s thr(out)1 thr(in)16 conc_peak=16 pread=4.414s
DBG getmany L57 nw=16 wall=0.325s thr(out)1 thr(in)16 conc_peak=16 pread=4.610s
DBG getmany L58 nw=16 wall=0.196s thr(out)1 thr(in)16 conc_peak=16 pread=2.065s
DBG getmany L59 nw=16 wall=0.377s thr(out)1 thr(in)16 conc_peak=16 pread=5.307s
DBG getmany L60 nw=16 wall=0.292s thr(out)1 thr(in)16 conc_peak=16 pread=3.755s
DBG getmany L61 nw=16 wall=0.300s thr(out)1 thr(in)16 conc_peak=16 pread=4.301s
DBG getmany L62 nw=16 wall=0.214s thr(out)1 thr(in)16 conc_peak=16 pread=2.643s
DBG getmany L63 nw=16 wall=0.475s thr(out)1 thr(in)16 conc_peak=16 pread=5.643s
DBG getmany L64 nw=16 wall=0.319s thr(out)1 thr(in)16 conc_peak=16 pread=3.835s
DBG getmany L65 nw=16 wall=0.360s thr(out)1 thr(in)16 conc_peak=16 pread=5.160s
DBG getmany L66 nw=16 wall=0.217s thr(out)1 thr(in)16 conc_peak=16 pread=2.556s
DBG getmany L67 nw=16 wall=0.468s thr(out)1 thr(in)16 conc_peak=16 pread=5.787s
DBG getmany L68 nw=16 wall=0.315s thr(out)1 thr(in)16 conc_peak=16 pread=3.681s
DBG getmany L69 nw=16 wall=0.379s thr(out)1 thr(in)16 conc_peak=16 pread=5.093s
DBG getmany L70 nw=16 wall=0.208s thr(out)1 thr(in)16 conc_peak=16 pread=2.184s
DBG getmany L71 nw=16 wall=0.406s thr(out)1 thr(in)16 conc_peak=16 pread=5.353s
DBG getmany L72 nw=16 wall=0.351s thr(out)1 thr(in)16 conc_peak=16 pread=5.141s
DBG getmany L73 nw=16 wall=0.339s thr(out)1 thr(in)16 conc_peak=16 pread=4.614s
DBG getmany L74 nw=16 wall=0.210s thr(out)1 thr(in)16 conc_peak=16 pread=2.089s
DBG getmany L75 nw=16 wall=0.437s thr(out)1 thr(in)16 conc_peak=16 pread=6.434s
DBG getmany L76 nw=16 wall=0.330s thr(out)1 thr(in)16 conc_peak=16 pread=4.506s
DBG getmany L77 nw=16 wall=0.293s thr(out)1 thr(in)16 conc_peak=16 pread=3.671s
DBG getmany L78 nw=16 wall=0.224s thr(out)1 thr(in)16 conc_peak=16 pread=2.899s
DBG getmany L79 nw=16 wall=0.438s thr(out)1 thr(in)16 conc_peak=16 pread=5.577s
DBG getmany L80 nw=16 wall=0.309s thr(out)1 thr(in)16 conc_peak=16 pread=3.591s
DBG getmany L81 nw=15 wall=0.294s thr(out)1 thr(in)16 conc_peak=15 pread=3.799s
DBG getmany L82 nw=16 wall=0.196s thr(out)1 thr(in)16 conc_peak=16 pread=2.115s
DBG getmany L83 nw=13 wall=0.324s thr(out)1 thr(in)16 conc_peak=13 pread=3.604s
DBG getmany L84 nw=13 wall=0.303s thr(out)1 thr(in)16 conc_peak=13 pread=3.525s
DBG getmany L85 nw=14 wall=0.264s thr(out)1 thr(in)16 conc_peak=14 pread=3.202s
DBG getmany L86 nw=16 wall=0.166s thr(out)1 thr(in)16 conc_peak=16 pread=1.629s
DBG getmany L87 nw=13 wall=0.311s thr(out)1 thr(in)16 conc_peak=13 pread=3.170s
DBG getmany L88 nw=15 wall=0.319s thr(out)1 thr(in)16 conc_peak=15 pread=4.227s
DBG getmany L89 nw=13 wall=0.305s thr(out)1 thr(in)16 conc_peak=13 pread=2.765s
DBG getmany L90 nw=12 wall=0.178s thr(out)1 thr(in)16 conc_peak=12 pread=1.605s
DBG getmany L91 nw=13 wall=0.229s thr(out)1 thr(in)16 conc_peak=13 pread=2.558s
DBG getmany L92 nw=13 wall=0.133s thr(out)1 thr(in)16 conc_peak=13 pread=1.129s
2      24         115.49       100.0      24.85      0.009
  L2   resident=6778/14589 slots hit=90.2% read=68.42GB write=8.09GB
DBG getmany L1 nw=15 wall=0.192s thr(out)1 thr(in)16 conc_peak=15 pread=2.316s
DBG getmany L2 nw=14 wall=0.147s thr(out)1 thr(in)16 conc_peak=14 pread=1.206s
DBG getmany L3 nw=12 wall=0.315s thr(out)1 thr(in)16 conc_peak=12 pread=3.042s
DBG getmany L4 nw=13 wall=0.223s thr(out)1 thr(in)16 conc_peak=13 pread=2.062s
DBG getmany L5 nw=15 wall=0.281s thr(out)1 thr(in)16 conc_peak=15 pread=3.616s
DBG getmany L6 nw=16 wall=0.174s thr(out)1 thr(in)16 conc_peak=16 pread=1.532s
DBG getmany L7 nw=15 wall=0.376s thr(out)1 thr(in)16 conc_peak=15 pread=4.618s
DBG getmany L8 nw=16 wall=0.340s thr(out)1 thr(in)16 conc_peak=16 pread=4.780s
DBG getmany L9 nw=12 wall=0.274s thr(out)1 thr(in)16 conc_peak=12 pread=2.561s
DBG getmany L10 nw=10 wall=0.128s thr(out)1 thr(in)16 conc_peak=10 pread=0.872s
DBG getmany L11 nw=13 wall=0.369s thr(out)1 thr(in)16 conc_peak=13 pread=4.144s
DBG getmany L12 nw=14 wall=0.276s thr(out)1 thr(in)16 conc_peak=14 pread=3.127s
DBG getmany L13 nw=13 wall=0.244s thr(out)1 thr(in)16 conc_peak=13 pread=2.624s
DBG getmany L14 nw=13 wall=0.128s thr(out)1 thr(in)16 conc_peak=13 pread=0.953s
DBG getmany L15 nw=14 wall=0.358s thr(out)1 thr(in)16 conc_peak=14 pread=4.238s
DBG getmany L16 nw=12 wall=0.206s thr(out)1 thr(in)16 conc_peak=12 pread=2.349s
DBG getmany L17 nw=14 wall=0.172s thr(out)1 thr(in)16 conc_peak=14 pread=1.813s
DBG getmany L18 nw=13 wall=0.136s thr(out)1 thr(in)16 conc_peak=13 pread=1.085s
DBG getmany L19 nw=13 wall=0.308s thr(out)1 thr(in)16 conc_peak=13 pread=3.578s
DBG getmany L20 nw=12 wall=0.229s thr(out)1 thr(in)16 conc_peak=12 pread=2.256s
DBG getmany L21 nw=15 wall=0.300s thr(out)1 thr(in)16 conc_peak=15 pread=3.784s
DBG getmany L22 nw=15 wall=0.152s thr(out)1 thr(in)16 conc_peak=15 pread=1.306s
DBG getmany L23 nw=12 wall=0.267s thr(out)1 thr(in)16 conc_peak=12 pread=2.531s
DBG getmany L24 nw=13 wall=0.368s thr(out)1 thr(in)16 conc_peak=13 pread=4.417s
DBG getmany L25 nw=16 wall=0.364s thr(out)1 thr(in)16 conc_peak=16 pread=4.694s
DBG getmany L26 nw=14 wall=0.205s thr(out)1 thr(in)16 conc_peak=14 pread=2.299s
DBG getmany L27 nw=16 wall=0.309s thr(out)1 thr(in)16 conc_peak=16 pread=4.397s
DBG getmany L28 nw=15 wall=0.296s thr(out)1 thr(in)16 conc_peak=15 pread=4.137s
DBG getmany L29 nw=14 wall=0.279s thr(out)1 thr(in)16 conc_peak=14 pread=3.222s
DBG getmany L30 nw=15 wall=0.166s thr(out)1 thr(in)16 conc_peak=15 pread=1.487s
DBG getmany L31 nw=15 wall=0.404s thr(out)1 thr(in)16 conc_peak=15 pread=5.498s
DBG getmany L32 nw=12 wall=0.291s thr(out)1 thr(in)16 conc_peak=12 pread=3.012s
DBG getmany L33 nw=13 wall=0.382s thr(out)1 thr(in)16 conc_peak=13 pread=4.621s
DBG getmany L34 nw=15 wall=0.183s thr(out)1 thr(in)16 conc_peak=15 pread=1.836s
DBG getmany L35 nw=14 wall=0.420s thr(out)1 thr(in)16 conc_peak=14 pread=5.412s
DBG getmany L36 nw=14 wall=0.317s thr(out)1 thr(in)16 conc_peak=14 pread=3.900s
DBG getmany L37 nw=15 wall=0.347s thr(out)1 thr(in)16 conc_peak=15 pread=3.732s
DBG getmany L38 nw=14 wall=0.165s thr(out)1 thr(in)16 conc_peak=14 pread=1.648s
DBG getmany L39 nw=14 wall=0.448s thr(out)1 thr(in)16 conc_peak=14 pread=5.338s
DBG getmany L40 nw=15 wall=0.351s thr(out)1 thr(in)16 conc_peak=15 pread=4.469s
DBG getmany L41 nw=14 wall=0.305s thr(out)1 thr(in)16 conc_peak=14 pread=3.516s
DBG getmany L42 nw=14 wall=0.216s thr(out)1 thr(in)16 conc_peak=14 pread=2.591s
DBG getmany L43 nw=16 wall=0.495s thr(out)1 thr(in)16 conc_peak=16 pread=6.153s
DBG getmany L44 nw=16 wall=0.372s thr(out)1 thr(in)16 conc_peak=16 pread=4.402s
DBG getmany L45 nw=15 wall=0.335s thr(out)1 thr(in)16 conc_peak=15 pread=4.541s
DBG getmany L46 nw=14 wall=0.205s thr(out)1 thr(in)16 conc_peak=14 pread=2.372s
DBG getmany L47 nw=14 wall=1.233s thr(out)1 thr(in)16 conc_peak=14 pread=11.560s
DBG getmany L48 nw=15 wall=0.344s thr(out)1 thr(in)16 conc_peak=15 pread=3.803s
DBG getmany L49 nw=15 wall=0.311s thr(out)1 thr(in)16 conc_peak=15 pread=3.471s
DBG getmany L50 nw=15 wall=0.195s thr(out)1 thr(in)16 conc_peak=15 pread=2.012s
DBG getmany L51 nw=14 wall=0.436s thr(out)1 thr(in)16 conc_peak=14 pread=5.328s
DBG getmany L52 nw=13 wall=0.322s thr(out)1 thr(in)16 conc_peak=13 pread=3.657s
DBG getmany L53 nw=14 wall=0.305s thr(out)1 thr(in)16 conc_peak=14 pread=3.506s
DBG getmany L54 nw=15 wall=0.198s thr(out)1 thr(in)16 conc_peak=15 pread=2.184s
DBG getmany L55 nw=13 wall=0.400s thr(out)1 thr(in)16 conc_peak=13 pread=4.476s
DBG getmany L56 nw=15 wall=0.444s thr(out)1 thr(in)16 conc_peak=15 pread=5.694s
DBG getmany L57 nw=16 wall=0.349s thr(out)1 thr(in)16 conc_peak=16 pread=4.827s
DBG getmany L58 nw=13 wall=0.178s thr(out)1 thr(in)16 conc_peak=13 pread=1.763s
DBG getmany L59 nw=13 wall=0.377s thr(out)1 thr(in)16 conc_peak=13 pread=3.975s
DBG getmany L60 nw=15 wall=0.275s thr(out)1 thr(in)16 conc_peak=15 pread=3.190s
DBG getmany L61 nw=15 wall=0.327s thr(out)1 thr(in)16 conc_peak=15 pread=4.230s
DBG getmany L62 nw=12 wall=0.154s thr(out)1 thr(in)16 conc_peak=12 pread=1.325s
DBG getmany L63 nw=13 wall=0.410s thr(out)1 thr(in)16 conc_peak=13 pread=4.090s
DBG getmany L64 nw=14 wall=0.342s thr(out)1 thr(in)16 conc_peak=14 pread=4.252s
DBG getmany L65 nw=12 wall=0.312s thr(out)1 thr(in)16 conc_peak=12 pread=3.125s
DBG getmany L66 nw=14 wall=0.208s thr(out)1 thr(in)16 conc_peak=14 pread=2.258s
DBG getmany L67 nw=14 wall=0.412s thr(out)1 thr(in)16 conc_peak=14 pread=5.449s
DBG getmany L68 nw=13 wall=0.289s thr(out)1 thr(in)16 conc_peak=13 pread=3.373s
DBG getmany L69 nw=13 wall=0.291s thr(out)1 thr(in)16 conc_peak=13 pread=3.283s
DBG getmany L70 nw=12 wall=0.201s thr(out)1 thr(in)16 conc_peak=12 pread=1.965s
DBG getmany L71 nw=14 wall=0.446s thr(out)1 thr(in)16 conc_peak=14 pread=5.963s
DBG getmany L72 nw=15 wall=0.335s thr(out)1 thr(in)16 conc_peak=15 pread=4.403s
DBG getmany L73 nw=16 wall=0.306s thr(out)1 thr(in)16 conc_peak=16 pread=4.128s
DBG getmany L74 nw=16 wall=0.262s thr(out)1 thr(in)16 conc_peak=16 pread=3.350s
DBG getmany L75 nw=16 wall=0.420s thr(out)1 thr(in)16 conc_peak=16 pread=5.728s
DBG getmany L76 nw=16 wall=0.314s thr(out)1 thr(in)16 conc_peak=16 pread=3.669s
DBG getmany L77 nw=13 wall=0.298s thr(out)1 thr(in)16 conc_peak=13 pread=3.376s
DBG getmany L78 nw=14 wall=0.173s thr(out)1 thr(in)16 conc_peak=14 pread=1.614s
DBG getmany L79 nw=14 wall=0.401s thr(out)1 thr(in)16 conc_peak=14 pread=3.993s
DBG getmany L80 nw=16 wall=0.364s thr(out)1 thr(in)16 conc_peak=16 pread=4.992s
DBG getmany L81 nw=14 wall=0.313s thr(out)1 thr(in)16 conc_peak=14 pread=3.722s
DBG getmany L82 nw=15 wall=0.232s thr(out)1 thr(in)16 conc_peak=15 pread=2.746s
DBG getmany L83 nw=13 wall=0.408s thr(out)1 thr(in)16 conc_peak=13 pread=4.505s
DBG getmany L84 nw=10 wall=0.158s thr(out)1 thr(in)16 conc_peak=10 pread=1.273s
DBG getmany L85 nw=13 wall=0.339s thr(out)1 thr(in)16 conc_peak=13 pread=3.604s
DBG getmany L86 nw=14 wall=0.216s thr(out)1 thr(in)16 conc_peak=14 pread=2.230s
DBG getmany L87 nw=13 wall=0.353s thr(out)1 thr(in)16 conc_peak=13 pread=4.264s
DBG getmany L88 nw=12 wall=0.285s thr(out)1 thr(in)16 conc_peak=12 pread=3.197s
DBG getmany L89 nw=14 wall=0.372s thr(out)1 thr(in)16 conc_peak=14 pread=3.881s
DBG getmany L90 nw=13 wall=0.197s thr(out)1 thr(in)16 conc_peak=13 pread=2.033s
DBG getmany L91 nw=12 wall=0.186s thr(out)1 thr(in)16 conc_peak=12 pread=1.904s
DBG getmany L92 nw=13 wall=0.125s thr(out)1 thr(in)16 conc_peak=13 pread=0.922s
3      12         100.76       99.9       22.51      0.010
  L2   resident=6778/14589 slots hit=92.4% read=90.91GB write=8.09GB
DBG getmany L1 nw=15 wall=0.242s thr(out)1 thr(in)16 conc_peak=15 pread=2.921s
DBG getmany L2 nw=14 wall=0.137s thr(out)1 thr(in)16 conc_peak=14 pread=1.138s
DBG getmany L3 nw=13 wall=0.307s thr(out)1 thr(in)16 conc_peak=13 pread=3.088s
DBG getmany L4 nw=13 wall=0.190s thr(out)1 thr(in)16 conc_peak=13 pread=1.977s
DBG getmany L5 nw=16 wall=0.308s thr(out)1 thr(in)16 conc_peak=16 pread=4.131s
DBG getmany L6 nw=16 wall=0.190s thr(out)1 thr(in)16 conc_peak=16 pread=2.127s
DBG getmany L7 nw=15 wall=0.372s thr(out)1 thr(in)16 conc_peak=15 pread=4.595s
DBG getmany L8 nw=16 wall=0.270s thr(out)1 thr(in)16 conc_peak=16 pread=3.025s
DBG getmany L9 nw=14 wall=0.225s thr(out)1 thr(in)16 conc_peak=14 pread=2.776s
DBG getmany L10 nw=14 wall=0.161s thr(out)1 thr(in)16 conc_peak=14 pread=1.191s
DBG getmany L11 nw=13 wall=0.316s thr(out)1 thr(in)16 conc_peak=13 pread=3.500s
DBG getmany L12 nw=15 wall=0.300s thr(out)1 thr(in)16 conc_peak=15 pread=3.446s
DBG getmany L13 nw=15 wall=0.331s thr(out)1 thr(in)16 conc_peak=15 pread=4.300s
DBG getmany L14 nw=15 wall=0.152s thr(out)1 thr(in)16 conc_peak=15 pread=1.298s
DBG getmany L15 nw=14 wall=0.349s thr(out)1 thr(in)16 conc_peak=14 pread=4.375s
DBG getmany L16 nw=14 wall=0.224s thr(out)1 thr(in)16 conc_peak=14 pread=2.420s
DBG getmany L17 nw=15 wall=0.255s thr(out)1 thr(in)16 conc_peak=15 pread=3.273s
DBG getmany L18 nw=15 wall=0.157s thr(out)1 thr(in)16 conc_peak=15 pread=1.451s
DBG getmany L19 nw=14 wall=0.341s thr(out)1 thr(in)16 conc_peak=14 pread=3.757s
DBG getmany L20 nw=14 wall=0.233s thr(out)1 thr(in)16 conc_peak=14 pread=2.894s
DBG getmany L21 nw=15 wall=0.309s thr(out)1 thr(in)16 conc_peak=15 pread=3.833s
DBG getmany L22 nw=15 wall=0.147s thr(out)1 thr(in)16 conc_peak=15 pread=1.358s
DBG getmany L23 nw=12 wall=0.322s thr(out)1 thr(in)16 conc_peak=12 pread=3.145s
DBG getmany L24 nw=13 wall=0.435s thr(out)1 thr(in)16 conc_peak=13 pread=5.085s
DBG getmany L25 nw=16 wall=0.360s thr(out)1 thr(in)16 conc_peak=16 pread=4.084s
DBG getmany L26 nw=15 wall=0.195s thr(out)1 thr(in)16 conc_peak=15 pread=2.168s
DBG getmany L27 nw=16 wall=0.322s thr(out)1 thr(in)16 conc_peak=16 pread=3.733s
DBG getmany L28 nw=15 wall=0.223s thr(out)1 thr(in)16 conc_peak=15 pread=2.680s
DBG getmany L29 nw=15 wall=0.316s thr(out)1 thr(in)16 conc_peak=15 pread=3.904s
DBG getmany L30 nw=16 wall=0.222s thr(out)1 thr(in)16 conc_peak=16 pread=2.678s
DBG getmany L31 nw=15 wall=0.439s thr(out)1 thr(in)16 conc_peak=15 pread=5.841s
DBG getmany L32 nw=14 wall=0.242s thr(out)1 thr(in)16 conc_peak=14 pread=2.771s
DBG getmany L33 nw=15 wall=0.355s thr(out)1 thr(in)16 conc_peak=15 pread=4.590s
DBG getmany L34 nw=15 wall=0.188s thr(out)1 thr(in)16 conc_peak=15 pread=1.906s
DBG getmany L35 nw=15 wall=0.414s thr(out)1 thr(in)16 conc_peak=15 pread=5.014s
DBG getmany L36 nw=15 wall=0.302s thr(out)1 thr(in)16 conc_peak=15 pread=4.179s
DBG getmany L37 nw=15 wall=0.344s thr(out)1 thr(in)16 conc_peak=15 pread=4.657s
DBG getmany L38 nw=14 wall=0.225s thr(out)1 thr(in)16 conc_peak=14 pread=2.760s
DBG getmany L39 nw=14 wall=0.394s thr(out)1 thr(in)16 conc_peak=14 pread=4.965s
DBG getmany L40 nw=15 wall=0.332s thr(out)1 thr(in)16 conc_peak=15 pread=3.953s
DBG getmany L41 nw=15 wall=0.281s thr(out)1 thr(in)16 conc_peak=15 pread=3.661s
DBG getmany L42 nw=15 wall=0.193s thr(out)1 thr(in)16 conc_peak=15 pread=2.088s
DBG getmany L43 nw=16 wall=0.475s thr(out)1 thr(in)16 conc_peak=16 pread=5.532s
DBG getmany L44 nw=16 wall=0.370s thr(out)1 thr(in)16 conc_peak=16 pread=4.622s
DBG getmany L45 nw=16 wall=0.281s thr(out)1 thr(in)16 conc_peak=16 pread=3.640s
DBG getmany L46 nw=15 wall=0.215s thr(out)1 thr(in)16 conc_peak=15 pread=2.478s
DBG getmany L47 nw=14 wall=0.345s thr(out)1 thr(in)16 conc_peak=14 pread=3.889s
DBG getmany L48 nw=15 wall=0.325s thr(out)1 thr(in)16 conc_peak=15 pread=4.131s
DBG getmany L49 nw=16 wall=0.353s thr(out)1 thr(in)16 conc_peak=16 pread=4.750s
DBG getmany L50 nw=15 wall=0.155s thr(out)1 thr(in)16 conc_peak=15 pread=1.449s
DBG getmany L51 nw=15 wall=0.467s thr(out)1 thr(in)16 conc_peak=15 pread=6.677s
DBG getmany L52 nw=13 wall=0.228s thr(out)1 thr(in)16 conc_peak=13 pread=2.622s
DBG getmany L53 nw=15 wall=0.349s thr(out)1 thr(in)16 conc_peak=15 pread=4.551s
DBG getmany L54 nw=15 wall=0.235s thr(out)1 thr(in)16 conc_peak=15 pread=2.978s
DBG getmany L55 nw=14 wall=0.428s thr(out)1 thr(in)16 conc_peak=14 pread=5.088s
DBG getmany L56 nw=15 wall=0.297s thr(out)1 thr(in)16 conc_peak=15 pread=3.583s
DBG getmany L57 nw=16 wall=0.346s thr(out)1 thr(in)16 conc_peak=16 pread=4.760s
DBG getmany L58 nw=16 wall=0.227s thr(out)1 thr(in)16 conc_peak=16 pread=2.864s
DBG getmany L59 nw=13 wall=0.396s thr(out)1 thr(in)16 conc_peak=13 pread=4.261s
DBG getmany L60 nw=16 wall=0.470s thr(out)1 thr(in)16 conc_peak=16 pread=6.903s
DBG getmany L61 nw=15 wall=0.346s thr(out)1 thr(in)16 conc_peak=15 pread=4.454s
DBG getmany L62 nw=13 wall=0.200s thr(out)1 thr(in)16 conc_peak=13 pread=1.723s
DBG getmany L63 nw=15 wall=0.482s thr(out)1 thr(in)16 conc_peak=15 pread=6.488s
DBG getmany L64 nw=14 wall=0.340s thr(out)1 thr(in)16 conc_peak=14 pread=4.189s
DBG getmany L65 nw=15 wall=0.324s thr(out)1 thr(in)16 conc_peak=15 pread=3.709s
DBG getmany L66 nw=16 wall=0.276s thr(out)1 thr(in)16 conc_peak=16 pread=3.624s
DBG getmany L67 nw=16 wall=0.449s thr(out)1 thr(in)16 conc_peak=16 pread=6.565s
DBG getmany L68 nw=14 wall=0.282s thr(out)1 thr(in)16 conc_peak=14 pread=3.136s
DBG getmany L69 nw=14 wall=0.359s thr(out)1 thr(in)16 conc_peak=14 pread=3.847s
DBG getmany L70 nw=13 wall=0.149s thr(out)1 thr(in)16 conc_peak=12 pread=1.172s
DBG getmany L71 nw=14 wall=0.450s thr(out)1 thr(in)16 conc_peak=14 pread=4.996s
DBG getmany L72 nw=16 wall=0.343s thr(out)1 thr(in)16 conc_peak=16 pread=4.811s
DBG getmany L73 nw=16 wall=0.395s thr(out)1 thr(in)16 conc_peak=16 pread=5.425s
DBG getmany L74 nw=16 wall=0.246s thr(out)1 thr(in)16 conc_peak=16 pread=3.077s
DBG getmany L75 nw=16 wall=0.374s thr(out)1 thr(in)16 conc_peak=16 pread=5.199s
DBG getmany L76 nw=16 wall=0.344s thr(out)1 thr(in)16 conc_peak=16 pread=4.776s
DBG getmany L77 nw=14 wall=0.369s thr(out)1 thr(in)16 conc_peak=13 pread=4.314s
DBG getmany L78 nw=14 wall=0.165s thr(out)1 thr(in)16 conc_peak=14 pread=1.334s
DBG getmany L79 nw=15 wall=0.440s thr(out)1 thr(in)16 conc_peak=15 pread=5.802s
DBG getmany L80 nw=16 wall=0.396s thr(out)1 thr(in)16 conc_peak=16 pread=4.326s
DBG getmany L81 nw=15 wall=0.315s thr(out)1 thr(in)16 conc_peak=15 pread=3.989s
DBG getmany L82 nw=16 wall=0.246s thr(out)1 thr(in)16 conc_peak=16 pread=3.004s
DBG getmany L83 nw=14 wall=0.414s thr(out)1 thr(in)16 conc_peak=14 pread=5.072s
DBG getmany L84 nw=13 wall=0.309s thr(out)1 thr(in)16 conc_peak=13 pread=2.954s
DBG getmany L85 nw=15 wall=0.375s thr(out)1 thr(in)16 conc_peak=15 pread=4.844s
DBG getmany L86 nw=15 wall=0.187s thr(out)1 thr(in)16 conc_peak=15 pread=1.709s
DBG getmany L87 nw=14 wall=0.426s thr(out)1 thr(in)16 conc_peak=14 pread=5.407s
DBG getmany L88 nw=13 wall=0.331s thr(out)1 thr(in)16 conc_peak=13 pread=3.623s
DBG getmany L89 nw=14 wall=0.388s thr(out)1 thr(in)16 conc_peak=14 pread=4.993s
DBG getmany L90 nw=14 wall=0.219s thr(out)1 thr(in)16 conc_peak=14 pread=2.415s
DBG getmany L91 nw=12 wall=0.267s thr(out)1 thr(in)16 conc_peak=12 pread=2.880s
DBG getmany L92 nw=15 wall=0.202s thr(out)1 thr(in)16 conc_peak=15 pread=1.742s
4      2975       100.17       100.0      23.76      0.010
  L2   resident=6778/14589 slots hit=93.9% read=114.67GB write=8.09GB
DBG getmany L1 nw=13 wall=0.251s thr(out)1 thr(in)16 conc_peak=13 pread=2.503s
DBG getmany L2 nw=12 wall=0.135s thr(out)1 thr(in)16 conc_peak=12 pread=0.931s
DBG getmany L3 nw=11 wall=0.352s thr(out)1 thr(in)16 conc_peak=11 pread=3.556s
DBG getmany L4 nw=13 wall=0.311s thr(out)1 thr(in)16 conc_peak=13 pread=3.536s
DBG getmany L5 nw=12 wall=0.258s thr(out)1 thr(in)16 conc_peak=12 pread=2.470s
DBG getmany L6 nw=16 wall=0.176s thr(out)1 thr(in)16 conc_peak=16 pread=1.685s
DBG getmany L7 nw=15 wall=0.375s thr(out)1 thr(in)16 conc_peak=15 pread=4.356s
DBG getmany L8 nw=15 wall=0.262s thr(out)1 thr(in)16 conc_peak=15 pread=3.219s
DBG getmany L9 nw=12 wall=0.322s thr(out)1 thr(in)16 conc_peak=12 pread=3.038s
DBG getmany L10 nw=11 wall=0.130s thr(out)1 thr(in)16 conc_peak=11 pread=0.981s
DBG getmany L11 nw=12 wall=0.348s thr(out)1 thr(in)16 conc_peak=12 pread=3.707s
DBG getmany L12 nw=14 wall=0.273s thr(out)1 thr(in)16 conc_peak=14 pread=3.387s
DBG getmany L13 nw=13 wall=0.285s thr(out)1 thr(in)16 conc_peak=13 pread=2.887s
DBG getmany L14 nw=14 wall=0.186s thr(out)1 thr(in)16 conc_peak=14 pread=1.496s
DBG getmany L15 nw=12 wall=0.322s thr(out)1 thr(in)16 conc_peak=12 pread=2.977s
DBG getmany L16 nw=12 wall=0.230s thr(out)1 thr(in)16 conc_peak=12 pread=2.082s
DBG getmany L17 nw=14 wall=0.329s thr(out)1 thr(in)16 conc_peak=14 pread=4.160s
DBG getmany L18 nw=13 wall=0.156s thr(out)1 thr(in)16 conc_peak=13 pread=1.305s
DBG getmany L19 nw=13 wall=0.285s thr(out)1 thr(in)16 conc_peak=13 pread=3.411s
DBG getmany L20 nw=11 wall=0.205s thr(out)1 thr(in)16 conc_peak=11 pread=1.780s
DBG getmany L21 nw=14 wall=0.309s thr(out)1 thr(in)16 conc_peak=14 pread=3.429s
DBG getmany L22 nw=13 wall=0.143s thr(out)1 thr(in)16 conc_peak=11 pread=1.178s
DBG getmany L23 nw=13 wall=0.274s thr(out)1 thr(in)16 conc_peak=13 pread=2.202s
DBG getmany L24 nw=14 wall=0.437s thr(out)1 thr(in)16 conc_peak=14 pread=4.967s
DBG getmany L25 nw=16 wall=0.388s thr(out)1 thr(in)16 conc_peak=16 pread=4.456s
DBG getmany L26 nw=11 wall=0.197s thr(out)1 thr(in)16 conc_peak=11 pread=1.925s
DBG getmany L27 nw=15 wall=0.344s thr(out)1 thr(in)16 conc_peak=15 pread=4.495s
DBG getmany L28 nw=15 wall=0.258s thr(out)1 thr(in)16 conc_peak=15 pread=2.918s
DBG getmany L29 nw=14 wall=0.345s thr(out)1 thr(in)16 conc_peak=14 pread=4.358s
DBG getmany L30 nw=14 wall=0.227s thr(out)1 thr(in)16 conc_peak=14 pread=2.465s
DBG getmany L31 nw=14 wall=0.419s thr(out)1 thr(in)16 conc_peak=14 pread=4.917s
DBG getmany L32 nw=13 wall=0.338s thr(out)1 thr(in)16 conc_peak=13 pread=3.335s
DBG getmany L33 nw=9 wall=0.257s thr(out)1 thr(in)16 conc_peak=9 pread=1.667s
DBG getmany L34 nw=15 wall=0.191s thr(out)1 thr(in)16 conc_peak=15 pread=1.915s
DBG getmany L35 nw=15 wall=0.468s thr(out)1 thr(in)16 conc_peak=15 pread=6.514s
DBG getmany L36 nw=15 wall=0.357s thr(out)1 thr(in)16 conc_peak=15 pread=4.657s
DBG getmany L37 nw=14 wall=0.343s thr(out)1 thr(in)16 conc_peak=14 pread=4.029s
DBG getmany L38 nw=11 wall=0.157s thr(out)1 thr(in)16 conc_peak=11 pread=1.265s
DBG getmany L39 nw=12 wall=0.409s thr(out)1 thr(in)16 conc_peak=12 pread=4.256s
DBG getmany L40 nw=12 wall=0.320s thr(out)1 thr(in)16 conc_peak=12 pread=3.365s
DBG getmany L41 nw=12 wall=0.261s thr(out)1 thr(in)16 conc_peak=12 pread=2.716s
DBG getmany L42 nw=9 wall=0.153s thr(out)1 thr(in)16 conc_peak=9 pread=1.143s
DBG getmany L43 nw=11 wall=0.315s thr(out)1 thr(in)16 conc_peak=11 pread=3.023s
DBG getmany L44 nw=14 wall=2.930s thr(out)1 thr(in)16 conc_peak=14 pread=17.670s
DBG getmany L45 nw=11 wall=8.501s thr(out)1 thr(in)16 conc_peak=11 pread=92.328s
DBG getmany L46 nw=11 wall=0.208s thr(out)1 thr(in)16 conc_peak=11 pread=1.933s
DBG getmany L47 nw=13 wall=0.446s thr(out)1 thr(in)16 conc_peak=12 pread=5.205s
DBG getmany L48 nw=12 wall=0.309s thr(out)1 thr(in)16 conc_peak=12 pread=3.107s
DBG getmany L49 nw=15 wall=0.316s thr(out)1 thr(in)16 conc_peak=15 pread=3.870s
DBG getmany L50 nw=13 wall=0.226s thr(out)1 thr(in)16 conc_peak=13 pread=2.461s
DBG getmany L51 nw=13 wall=0.383s thr(out)1 thr(in)16 conc_peak=13 pread=4.353s
DBG getmany L52 nw=12 wall=0.332s thr(out)1 thr(in)16 conc_peak=12 pread=3.425s
DBG getmany L53 nw=13 wall=0.353s thr(out)1 thr(in)16 conc_peak=13 pread=4.023s
DBG getmany L54 nw=14 wall=0.230s thr(out)1 thr(in)16 conc_peak=14 pread=2.458s
DBG getmany L55 nw=13 wall=0.428s thr(out)1 thr(in)16 conc_peak=13 pread=5.004s
DBG getmany L56 nw=15 wall=0.382s thr(out)1 thr(in)16 conc_peak=15 pread=4.811s
DBG getmany L57 nw=15 wall=0.320s thr(out)1 thr(in)16 conc_peak=15 pread=3.956s
DBG getmany L58 nw=10 wall=0.185s thr(out)1 thr(in)16 conc_peak=10 pread=1.531s
DBG getmany L59 nw=10 wall=0.383s thr(out)1 thr(in)16 conc_peak=10 pread=3.244s
DBG getmany L60 nw=13 wall=0.312s thr(out)1 thr(in)16 conc_peak=13 pread=3.300s
DBG getmany L61 nw=14 wall=0.384s thr(out)1 thr(in)16 conc_peak=14 pread=4.532s
DBG getmany L62 nw=10 wall=0.193s thr(out)1 thr(in)16 conc_peak=9 pread=1.501s
DBG getmany L63 nw=14 wall=0.451s thr(out)1 thr(in)16 conc_peak=14 pread=5.839s
DBG getmany L64 nw=12 wall=0.427s thr(out)1 thr(in)16 conc_peak=12 pread=3.132s
DBG getmany L65 nw=13 wall=0.394s thr(out)1 thr(in)16 conc_peak=13 pread=4.397s
DBG getmany L66 nw=13 wall=0.204s thr(out)1 thr(in)16 conc_peak=13 pread=1.969s
DBG getmany L67 nw=14 wall=0.399s thr(out)1 thr(in)16 conc_peak=14 pread=5.070s
DBG getmany L68 nw=15 wall=0.428s thr(out)1 thr(in)16 conc_peak=15 pread=5.522s
DBG getmany L69 nw=10 wall=0.333s thr(out)1 thr(in)16 conc_peak=10 pread=2.571s
DBG getmany L70 nw=8 wall=0.160s thr(out)1 thr(in)16 conc_peak=8 pread=1.090s
DBG getmany L71 nw=13 wall=0.414s thr(out)1 thr(in)16 conc_peak=13 pread=4.798s
DBG getmany L72 nw=12 wall=0.363s thr(out)1 thr(in)16 conc_peak=12 pread=3.598s
DBG getmany L73 nw=12 wall=0.402s thr(out)1 thr(in)16 conc_peak=12 pread=4.173s
DBG getmany L74 nw=9 wall=0.130s thr(out)1 thr(in)16 conc_peak=9 pread=0.880s
DBG getmany L75 nw=8 wall=0.375s thr(out)1 thr(in)16 conc_peak=8 pread=2.387s
DBG getmany L76 nw=13 wall=0.338s thr(out)1 thr(in)16 conc_peak=12 pread=4.069s
DBG getmany L77 nw=9 wall=0.265s thr(out)1 thr(in)16 conc_peak=9 pread=2.067s
DBG getmany L78 nw=10 wall=0.196s thr(out)1 thr(in)16 conc_peak=10 pread=1.537s
DBG getmany L79 nw=9 wall=0.388s thr(out)1 thr(in)16 conc_peak=9 pread=3.179s
DBG getmany L80 nw=13 wall=0.279s thr(out)1 thr(in)16 conc_peak=13 pread=2.977s
DBG getmany L81 nw=14 wall=0.359s thr(out)1 thr(in)16 conc_peak=14 pread=4.024s
DBG getmany L82 nw=13 wall=0.196s thr(out)1 thr(in)16 conc_peak=13 pread=1.893s
DBG getmany L83 nw=12 wall=0.438s thr(out)1 thr(in)16 conc_peak=12 pread=4.254s
DBG getmany L84 nw=13 wall=0.396s thr(out)1 thr(in)16 conc_peak=13 pread=4.412s
DBG getmany L85 nw=13 wall=0.285s thr(out)1 thr(in)16 conc_peak=13 pread=2.884s
DBG getmany L86 nw=12 wall=0.216s thr(out)1 thr(in)16 conc_peak=12 pread=1.972s
DBG getmany L87 nw=9 wall=0.380s thr(out)1 thr(in)16 conc_peak=9 pread=2.654s
DBG getmany L88 nw=13 wall=0.328s thr(out)1 thr(in)16 conc_peak=13 pread=3.006s
DBG getmany L89 nw=10 wall=0.296s thr(out)1 thr(in)16 conc_peak=9 pread=2.495s
DBG getmany L90 nw=10 wall=0.236s thr(out)1 thr(in)16 conc_peak=10 pread=1.928s
DBG getmany L91 nw=9 wall=0.261s thr(out)1 thr(in)16 conc_peak=9 pread=1.780s
DBG getmany L92 nw=12 wall=0.119s thr(out)1 thr(in)16 conc_peak=12 pread=0.833s
5      15         110.66       100.0      20.13      0.009
  L2   resident=6778/14589 slots hit=94.8% read=134.80GB write=8.09GB
DBG getmany L1 nw=14 wall=0.281s thr(out)1 thr(in)16 conc_peak=14 pread=3.419s
DBG getmany L2 nw=12 wall=0.157s thr(out)1 thr(in)16 conc_peak=12 pread=1.264s
DBG getmany L3 nw=10 wall=0.312s thr(out)1 thr(in)16 conc_peak=10 pread=2.710s
DBG getmany L4 nw=12 wall=0.249s thr(out)1 thr(in)16 conc_peak=12 pread=2.426s
DBG getmany L5 nw=7 wall=0.184s thr(out)1 thr(in)16 conc_peak=7 pread=1.002s
DBG getmany L6 nw=15 wall=0.181s thr(out)1 thr(in)16 conc_peak=15 pread=1.837s
DBG getmany L7 nw=14 wall=0.343s thr(out)1 thr(in)16 conc_peak=14 pread=4.005s
DBG getmany L8 nw=14 wall=0.306s thr(out)1 thr(in)16 conc_peak=14 pread=3.510s
DBG getmany L9 nw=12 wall=0.256s thr(out)1 thr(in)16 conc_peak=12 pread=2.590s
DBG getmany L10 nw=10 wall=0.159s thr(out)1 thr(in)16 conc_peak=10 pread=1.302s
DBG getmany L11 nw=12 wall=0.334s thr(out)1 thr(in)16 conc_peak=12 pread=3.450s
DBG getmany L12 nw=13 wall=0.260s thr(out)1 thr(in)16 conc_peak=9 pread=2.921s
DBG getmany L13 nw=13 wall=0.182s thr(out)1 thr(in)16 conc_peak=13 pread=1.699s
DBG getmany L14 nw=16 wall=0.195s thr(out)1 thr(in)16 conc_peak=16 pread=2.088s
DBG getmany L15 nw=14 wall=0.421s thr(out)1 thr(in)16 conc_peak=14 pread=4.924s
DBG getmany L16 nw=11 wall=0.256s thr(out)1 thr(in)16 conc_peak=11 pread=2.263s
DBG getmany L17 nw=13 wall=0.177s thr(out)1 thr(in)16 conc_peak=13 pread=1.538s
DBG getmany L18 nw=12 wall=0.130s thr(out)1 thr(in)16 conc_peak=12 pread=0.956s
DBG getmany L19 nw=14 wall=0.320s thr(out)1 thr(in)16 conc_peak=14 pread=3.757s
DBG getmany L20 nw=10 wall=0.117s thr(out)1 thr(in)16 conc_peak=10 pread=0.784s
DBG getmany L21 nw=13 wall=0.212s thr(out)1 thr(in)16 conc_peak=13 pread=2.309s
DBG getmany L22 nw=10 wall=0.110s thr(out)1 thr(in)16 conc_peak=10 pread=0.776s
DBG getmany L23 nw=12 wall=0.290s thr(out)1 thr(in)16 conc_peak=12 pread=2.806s
DBG getmany L24 nw=15 wall=0.324s thr(out)1 thr(in)16 conc_peak=15 pread=3.970s
DBG getmany L25 nw=13 wall=0.290s thr(out)1 thr(in)16 conc_peak=13 pread=3.397s
DBG getmany L26 nw=13 wall=0.131s thr(out)1 thr(in)16 conc_peak=13 pread=1.026s
DBG getmany L27 nw=15 wall=0.325s thr(out)1 thr(in)16 conc_peak=15 pread=4.355s
DBG getmany L28 nw=14 wall=0.215s thr(out)1 thr(in)16 conc_peak=14 pread=2.276s
DBG getmany L29 nw=14 wall=0.281s thr(out)1 thr(in)16 conc_peak=14 pread=3.454s
DBG getmany L30 nw=11 wall=0.243s thr(out)1 thr(in)16 conc_peak=11 pread=2.356s
DBG getmany L31 nw=13 wall=0.384s thr(out)1 thr(in)16 conc_peak=13 pread=4.060s
DBG getmany L32 nw=11 wall=0.426s thr(out)1 thr(in)16 conc_peak=10 pread=4.019s
DBG getmany L33 nw=14 wall=0.368s thr(out)1 thr(in)16 conc_peak=14 pread=4.723s
DBG getmany L34 nw=14 wall=0.171s thr(out)1 thr(in)16 conc_peak=14 pread=1.594s
DBG getmany L35 nw=11 wall=0.419s thr(out)1 thr(in)16 conc_peak=11 pread=4.255s
DBG getmany L36 nw=14 wall=0.305s thr(out)1 thr(in)16 conc_peak=14 pread=3.669s
DBG getmany L37 nw=15 wall=0.246s thr(out)1 thr(in)16 conc_peak=15 pread=3.007s
DBG getmany L38 nw=11 wall=0.181s thr(out)1 thr(in)16 conc_peak=11 pread=1.618s
DBG getmany L39 nw=14 wall=0.472s thr(out)1 thr(in)16 conc_peak=14 pread=4.747s
DBG getmany L40 nw=13 wall=0.332s thr(out)1 thr(in)16 conc_peak=13 pread=3.652s
DBG getmany L41 nw=9 wall=0.253s thr(out)1 thr(in)16 conc_peak=9 pread=1.724s
DBG getmany L42 nw=9 wall=0.157s thr(out)1 thr(in)16 conc_peak=9 pread=1.135s
DBG getmany L43 nw=9 wall=0.382s thr(out)1 thr(in)16 conc_peak=9 pread=2.642s
DBG getmany L44 nw=12 wall=0.320s thr(out)1 thr(in)16 conc_peak=12 pread=3.201s
DBG getmany L45 nw=11 wall=0.250s thr(out)1 thr(in)16 conc_peak=11 pread=2.150s
DBG getmany L46 nw=11 wall=0.192s thr(out)1 thr(in)16 conc_peak=10 pread=1.754s
DBG getmany L47 nw=11 wall=0.428s thr(out)1 thr(in)16 conc_peak=11 pread=4.239s
DBG getmany L48 nw=13 wall=0.322s thr(out)1 thr(in)16 conc_peak=13 pread=3.306s
DBG getmany L49 nw=15 wall=0.315s thr(out)1 thr(in)16 conc_peak=15 pread=4.100s
DBG getmany L50 nw=12 wall=0.124s thr(out)1 thr(in)16 conc_peak=12 pread=0.825s
DBG getmany L51 nw=12 wall=0.403s thr(out)1 thr(in)16 conc_peak=12 pread=4.496s
DBG getmany L52 nw=13 wall=0.278s thr(out)1 thr(in)16 conc_peak=13 pread=2.783s
DBG getmany L53 nw=12 wall=0.317s thr(out)1 thr(in)16 conc_peak=12 pread=3.423s
DBG getmany L54 nw=12 wall=0.183s thr(out)1 thr(in)16 conc_peak=12 pread=1.687s
DBG getmany L55 nw=12 wall=0.387s thr(out)1 thr(in)16 conc_peak=12 pread=3.565s
DBG getmany L56 nw=13 wall=0.321s thr(out)1 thr(in)16 conc_peak=13 pread=3.403s
DBG getmany L57 nw=15 wall=0.344s thr(out)1 thr(in)16 conc_peak=15 pread=4.506s
DBG getmany L58 nw=11 wall=0.152s thr(out)1 thr(in)16 conc_peak=11 pread=1.256s
DBG getmany L59 nw=9 wall=0.321s thr(out)1 thr(in)16 conc_peak=9 pread=2.212s
DBG getmany L60 nw=12 wall=0.348s thr(out)1 thr(in)16 conc_peak=12 pread=3.642s
DBG getmany L61 nw=13 wall=0.286s thr(out)1 thr(in)16 conc_peak=13 pread=3.325s
DBG getmany L62 nw=14 wall=0.227s thr(out)1 thr(in)16 conc_peak=14 pread=2.441s
DBG getmany L63 nw=12 wall=0.378s thr(out)1 thr(in)16 conc_peak=12 pread=3.985s
DBG getmany L64 nw=12 wall=0.311s thr(out)1 thr(in)16 conc_peak=12 pread=3.141s
DBG getmany L65 nw=11 wall=0.312s thr(out)1 thr(in)16 conc_peak=11 pread=3.140s
DBG getmany L66 nw=12 wall=0.218s thr(out)1 thr(in)16 conc_peak=12 pread=2.210s
DBG getmany L67 nw=14 wall=0.356s thr(out)1 thr(in)16 conc_peak=14 pread=4.486s
DBG getmany L68 nw=13 wall=0.324s thr(out)1 thr(in)16 conc_peak=13 pread=3.364s
DBG getmany L69 nw=12 wall=0.293s thr(out)1 thr(in)16 conc_peak=12 pread=3.107s
DBG getmany L70 nw=11 wall=0.161s thr(out)1 thr(in)16 conc_peak=11 pread=1.374s
DBG getmany L71 nw=14 wall=0.447s thr(out)1 thr(in)16 conc_peak=14 pread=5.823s
DBG getmany L72 nw=12 wall=0.303s thr(out)1 thr(in)16 conc_peak=12 pread=2.961s
DBG getmany L73 nw=13 wall=0.351s thr(out)1 thr(in)16 conc_peak=13 pread=3.157s
DBG getmany L74 nw=10 wall=0.164s thr(out)1 thr(in)16 conc_peak=10 pread=1.327s
DBG getmany L75 nw=10 wall=0.379s thr(out)1 thr(in)16 conc_peak=10 pread=3.069s
DBG getmany L76 nw=13 wall=0.299s thr(out)1 thr(in)16 conc_peak=13 pread=3.318s
DBG getmany L77 nw=11 wall=0.332s thr(out)1 thr(in)16 conc_peak=11 pread=3.012s
DBG getmany L78 nw=11 wall=0.187s thr(out)1 thr(in)16 conc_peak=11 pread=1.589s
DBG getmany L79 nw=10 wall=0.355s thr(out)1 thr(in)16 conc_peak=10 pread=3.121s
DBG getmany L80 nw=13 wall=0.310s thr(out)1 thr(in)16 conc_peak=13 pread=3.601s
DBG getmany L81 nw=14 wall=0.366s thr(out)1 thr(in)16 conc_peak=14 pread=4.701s
DBG getmany L82 nw=13 wall=0.175s thr(out)1 thr(in)16 conc_peak=13 pread=1.659s
DBG getmany L83 nw=12 wall=0.418s thr(out)1 thr(in)16 conc_peak=12 pread=4.227s
DBG getmany L84 nw=13 wall=0.324s thr(out)1 thr(in)16 conc_peak=13 pread=3.333s
DBG getmany L85 nw=13 wall=0.306s thr(out)1 thr(in)16 conc_peak=13 pread=3.455s
DBG getmany L86 nw=12 wall=0.214s thr(out)1 thr(in)16 conc_peak=12 pread=2.015s
DBG getmany L87 nw=10 wall=0.355s thr(out)1 thr(in)16 conc_peak=10 pread=2.576s
DBG getmany L88 nw=13 wall=0.357s thr(out)1 thr(in)16 conc_peak=13 pread=3.784s
DBG getmany L89 nw=10 wall=0.277s thr(out)1 thr(in)16 conc_peak=10 pread=1.982s
DBG getmany L90 nw=9 wall=0.163s thr(out)1 thr(in)16 conc_peak=9 pread=1.103s
DBG getmany L91 nw=9 wall=0.313s thr(out)1 thr(in)16 conc_peak=9 pread=2.389s
DBG getmany L92 nw=12 wall=0.125s thr(out)1 thr(in)16 conc_peak=12 pread=0.918s
6      3629       109.51       99.8       19.74      0.009
  L2   resident=6778/14589 slots hit=95.4% read=154.49GB write=8.09GB
DBG getmany L1 nw=15 wall=0.246s thr(out)1 thr(in)16 conc_peak=15 pread=3.054s
DBG getmany L2 nw=14 wall=0.164s thr(out)1 thr(in)16 conc_peak=14 pread=1.662s
DBG getmany L3 nw=10 wall=0.226s thr(out)1 thr(in)16 conc_peak=10 pread=2.073s
DBG getmany L4 nw=14 wall=0.274s thr(out)1 thr(in)16 conc_peak=14 pread=3.383s
DBG getmany L5 nw=13 wall=0.228s thr(out)1 thr(in)16 conc_peak=13 pread=2.153s
DBG getmany L6 nw=15 wall=0.169s thr(out)1 thr(in)16 conc_peak=15 pread=1.752s
DBG getmany L7 nw=15 wall=0.315s thr(out)1 thr(in)16 conc_peak=15 pread=4.299s
DBG getmany L8 nw=15 wall=0.301s thr(out)1 thr(in)16 conc_peak=15 pread=3.575s
DBG getmany L9 nw=15 wall=0.288s thr(out)1 thr(in)16 conc_peak=15 pread=3.768s
DBG getmany L10 nw=12 wall=0.119s thr(out)1 thr(in)16 conc_peak=12 pread=0.808s
DBG getmany L11 nw=13 wall=0.327s thr(out)1 thr(in)16 conc_peak=13 pread=3.223s
DBG getmany L12 nw=13 wall=0.245s thr(out)1 thr(in)16 conc_peak=13 pread=2.730s
DBG getmany L13 nw=15 wall=0.309s thr(out)1 thr(in)16 conc_peak=15 pread=3.813s
DBG getmany L14 nw=16 wall=0.186s thr(out)1 thr(in)16 conc_peak=16 pread=1.700s
DBG getmany L15 nw=15 wall=0.328s thr(out)1 thr(in)16 conc_peak=15 pread=4.430s
DBG getmany L16 nw=14 wall=0.203s thr(out)1 thr(in)16 conc_peak=14 pread=2.004s
DBG getmany L17 nw=13 wall=0.222s thr(out)1 thr(in)16 conc_peak=13 pread=2.417s
DBG getmany L18 nw=11 wall=0.118s thr(out)1 thr(in)16 conc_peak=11 pread=0.769s
DBG getmany L19 nw=15 wall=0.321s thr(out)1 thr(in)16 conc_peak=15 pread=4.092s
DBG getmany L20 nw=12 wall=0.191s thr(out)1 thr(in)16 conc_peak=12 pread=1.930s
DBG getmany L21 nw=14 wall=0.275s thr(out)1 thr(in)16 conc_peak=14 pread=2.951s
DBG getmany L22 nw=14 wall=0.146s thr(out)1 thr(in)16 conc_peak=14 pread=1.106s
DBG getmany L23 nw=14 wall=0.315s thr(out)1 thr(in)16 conc_peak=14 pread=3.742s
DBG getmany L24 nw=15 wall=0.309s thr(out)1 thr(in)16 conc_peak=15 pread=4.152s
DBG getmany L25 nw=13 wall=0.315s thr(out)1 thr(in)16 conc_peak=13 pread=3.490s
DBG getmany L26 nw=14 wall=0.216s thr(out)1 thr(in)16 conc_peak=14 pread=2.408s
DBG getmany L27 nw=16 wall=0.356s thr(out)1 thr(in)16 conc_peak=16 pread=5.095s
DBG getmany L28 nw=15 wall=0.248s thr(out)1 thr(in)16 conc_peak=15 pread=2.636s
DBG getmany L29 nw=13 wall=0.265s thr(out)1 thr(in)16 conc_peak=13 pread=2.567s
DBG getmany L30 nw=12 wall=0.213s thr(out)1 thr(in)16 conc_peak=12 pread=1.686s
DBG getmany L31 nw=15 wall=0.453s thr(out)1 thr(in)16 conc_peak=15 pread=3.842s
DBG getmany L32 nw=12 wall=0.330s thr(out)1 thr(in)16 conc_peak=12 pread=3.020s
DBG getmany L33 nw=14 wall=0.341s thr(out)1 thr(in)16 conc_peak=14 pread=4.079s
DBG getmany L34 nw=13 wall=0.196s thr(out)1 thr(in)16 conc_peak=12 pread=1.928s
DBG getmany L35 nw=13 wall=0.329s thr(out)1 thr(in)16 conc_peak=13 pread=3.952s
DBG getmany L36 nw=13 wall=0.336s thr(out)1 thr(in)16 conc_peak=13 pread=3.552s
DBG getmany L37 nw=14 wall=0.311s thr(out)1 thr(in)16 conc_peak=14 pread=3.813s
DBG getmany L38 nw=12 wall=0.156s thr(out)1 thr(in)16 conc_peak=12 pread=1.342s
DBG getmany L39 nw=13 wall=0.427s thr(out)1 thr(in)16 conc_peak=13 pread=5.033s
DBG getmany L40 nw=13 wall=0.296s thr(out)1 thr(in)16 conc_peak=13 pread=3.343s
DBG getmany L41 nw=11 wall=0.236s thr(out)1 thr(in)16 conc_peak=11 pread=2.282s
DBG getmany L42 nw=9 wall=0.165s thr(out)1 thr(in)16 conc_peak=9 pread=1.194s
DBG getmany L43 nw=10 wall=0.402s thr(out)1 thr(in)16 conc_peak=10 pread=3.618s
DBG getmany L44 nw=13 wall=0.315s thr(out)1 thr(in)16 conc_peak=13 pread=2.904s
DBG getmany L45 nw=14 wall=0.324s thr(out)1 thr(in)16 conc_peak=14 pread=4.104s
DBG getmany L46 nw=13 wall=0.160s thr(out)1 thr(in)16 conc_peak=13 pread=1.524s
DBG getmany L47 nw=13 wall=0.416s thr(out)1 thr(in)16 conc_peak=13 pread=4.637s
DBG getmany L48 nw=12 wall=0.314s thr(out)1 thr(in)16 conc_peak=12 pread=3.399s
DBG getmany L49 nw=15 wall=0.312s thr(out)1 thr(in)16 conc_peak=15 pread=4.115s
DBG getmany L50 nw=14 wall=0.213s thr(out)1 thr(in)16 conc_peak=14 pread=2.173s
DBG getmany L51 nw=12 wall=0.423s thr(out)1 thr(in)16 conc_peak=12 pread=4.829s
DBG getmany L52 nw=12 wall=0.308s thr(out)1 thr(in)16 conc_peak=12 pread=3.377s
DBG getmany L53 nw=13 wall=0.324s thr(out)1 thr(in)16 conc_peak=13 pread=3.694s
DBG getmany L54 nw=12 wall=0.180s thr(out)1 thr(in)16 conc_peak=12 pread=1.614s
DBG getmany L55 nw=15 wall=0.320s thr(out)1 thr(in)16 conc_peak=15 pread=4.019s
DBG getmany L56 nw=13 wall=0.395s thr(out)1 thr(in)16 conc_peak=13 pread=4.210s
DBG getmany L57 nw=16 wall=0.344s thr(out)1 thr(in)16 conc_peak=16 pread=3.718s
DBG getmany L58 nw=11 wall=0.177s thr(out)1 thr(in)16 conc_peak=11 pread=1.495s
DBG getmany L59 nw=11 wall=0.383s thr(out)1 thr(in)16 conc_peak=11 pread=2.968s
DBG getmany L60 nw=13 wall=0.321s thr(out)1 thr(in)16 conc_peak=13 pread=3.521s
DBG getmany L61 nw=15 wall=0.340s thr(out)1 thr(in)16 conc_peak=15 pread=4.438s
DBG getmany L62 nw=12 wall=0.191s thr(out)1 thr(in)16 conc_peak=12 pread=1.689s
DBG getmany L63 nw=13 wall=0.400s thr(out)1 thr(in)16 conc_peak=13 pread=4.679s
DBG getmany L64 nw=13 wall=0.355s thr(out)1 thr(in)16 conc_peak=13 pread=3.755s
DBG getmany L65 nw=13 wall=0.399s thr(out)1 thr(in)16 conc_peak=13 pread=3.068s
DBG getmany L66 nw=13 wall=0.223s thr(out)1 thr(in)16 conc_peak=13 pread=2.409s
DBG getmany L67 nw=13 wall=0.360s thr(out)1 thr(in)16 conc_peak=13 pread=3.818s
DBG getmany L68 nw=15 wall=0.352s thr(out)1 thr(in)16 conc_peak=15 pread=4.485s
DBG getmany L69 nw=13 wall=0.316s thr(out)1 thr(in)16 conc_peak=13 pread=3.441s
DBG getmany L70 nw=12 wall=0.129s thr(out)1 thr(in)16 conc_peak=12 pread=0.922s
DBG getmany L71 nw=13 wall=0.411s thr(out)1 thr(in)16 conc_peak=13 pread=5.080s
DBG getmany L72 nw=12 wall=0.292s thr(out)1 thr(in)16 conc_peak=12 pread=3.008s
DBG getmany L73 nw=14 wall=0.285s thr(out)1 thr(in)16 conc_peak=14 pread=3.086s
DBG getmany L74 nw=9 wall=0.139s thr(out)1 thr(in)16 conc_peak=9 pread=0.951s
DBG getmany L75 nw=11 wall=0.398s thr(out)1 thr(in)16 conc_peak=11 pread=3.854s
DBG getmany L76 nw=11 wall=0.324s thr(out)1 thr(in)16 conc_peak=11 pread=2.755s
DBG getmany L77 nw=12 wall=11.901s thr(out)1 thr(in)16 conc_peak=12 pread=140.765s
DBG getmany L78 nw=12 wall=0.239s thr(out)1 thr(in)16 conc_peak=8 pread=2.400s
DBG getmany L79 nw=10 wall=0.327s thr(out)1 thr(in)16 conc_peak=9 pread=2.289s
DBG getmany L80 nw=14 wall=0.327s thr(out)1 thr(in)16 conc_peak=14 pread=3.998s
DBG getmany L81 nw=15 wall=0.393s thr(out)1 thr(in)16 conc_peak=15 pread=5.264s
DBG getmany L82 nw=13 wall=0.167s thr(out)1 thr(in)16 conc_peak=13 pread=1.548s
DBG getmany L83 nw=11 wall=0.315s thr(out)1 thr(in)16 conc_peak=11 pread=2.562s
DBG getmany L84 nw=15 wall=0.337s thr(out)1 thr(in)16 conc_peak=15 pread=3.669s
DBG getmany L85 nw=13 wall=0.385s thr(out)1 thr(in)16 conc_peak=13 pread=4.013s
DBG getmany L86 nw=13 wall=0.214s thr(out)1 thr(in)16 conc_peak=13 pread=2.158s
DBG getmany L87 nw=11 wall=0.395s thr(out)1 thr(in)16 conc_peak=11 pread=4.063s
DBG getmany L88 nw=13 wall=0.334s thr(out)1 thr(in)16 conc_peak=13 pread=3.419s
DBG getmany L89 nw=9 wall=0.307s thr(out)1 thr(in)16 conc_peak=9 pread=2.501s
DBG getmany L90 nw=11 wall=0.146s thr(out)1 thr(in)16 conc_peak=11 pread=1.078s
DBG getmany L91 nw=11 wall=0.270s thr(out)1 thr(in)16 conc_peak=11 pread=2.625s
DBG getmany L92 nw=14 wall=0.149s thr(out)1 thr(in)16 conc_peak=14 pread=1.119s
7      1389       110.37       100.0      21.02      0.009
  L2   resident=6778/14589 slots hit=95.9% read=175.49GB write=8.11GB
--------------------------------------------------------------------
8 tokens in 1132.5 s, 141.56 s/token average
PEAK RSS for the whole run: 22.79 GB   <- quote this, not the plan
layers completed: 93/93; routed expert drops: 0


[chip] simulated MXFP4 GEMV bill over 9 tokens
  11776 expert chains | 777925951488 flops | 206636580864 bytes (206.64 GB)
  per token: 1308 chains | 22.96 GB | 0.09 Gflops
  compute wall @ 4 TFLOPS : 0.19 s (21.61 ms/token)
  bandwidth wall @ 200 GB/s : 1.03 s (114.80 ms/token)
  -> bandwidth-bound; to be compute-bound at 4 TFLOPS this needs 1062 GB/s
  expert fetch (host wall, measured): 474.65 s moving 206.64 GB = 0 GB/s
  chip pool wall (measured): 318.83 s

cache [final step]
  slots        : 779 of 17.56 MB = 13.68 GB arena (779 resident, 0 pinned)
  requests     : 1472  hits 1472 (100.00%)  misses 0  evictions 1198
  of those hits : 1198 came from the batch prefetch, i.e. read from disk
                  this token; TRUE resident hit rate 18.61%
  read from disk: 21.02 GB in 37.76 s (557 MB/s while loading)
  phase2 i/o    : 21.03 GB in 37.76 s (557 MB/s)  [pure parallel disk read]
l2cache [final step]
  requests     : 10425  hits 10000 (95.92%)  misses 425
  read  from sdd7: 175.49 GB, written 8.11 GB
  hit I/O   : 175.49 GB in 316.85 s (wall) = 554 MB/s [pread 3620.15 s, 48 MB/s per-thread]
  miss I/O  : 425 misses, 7.46 GB from /model in 136.79 s (wall) = 55 MB/s
  restored from meta: 6778 slots

wrote /mnt/f/kimi-k3-in-c/reports/gateab_ab/v0_base-20260926_121456/ctrl.json
I/O share of wall clock: 75.7%  (trunk 402.5 s + experts 454.4 s of 1132.5 s)
  both figures are WHOLE-RUN totals over 8 steps
  experts, whole run: 183.67 GB read | 2088 of 11776 requests retained in RAM (17.73%) | 9688 evictions
    (retention = requests - evictions; the raw `hits` counter includes
     experts the prefetcher had just read from disk, so it is not a
     measure of avoided I/O)

trunk [final]
  pinned 1/93 layers, ring 2 slots
  binds 744, hits 7 (0.9%), reads 737
  read 436.45 GB in 402.50 s (1084 MB/s pread)
  per-layer loads [L]=count: 0=1 1=8 2=8 3=8 4=8 5=8 6=8 7=8 8=8 9=8 10=8 11=8 12=8 13=8 14=8 15=8 16=8 17=8 18=8 19=8 20=8 21=8 22=8 23=8 24=8 25=8 26=8 27=8 28=8 29=8 30=8 31=8 32=8 33=8 34=8 35=8 36=8 37=8 38=8 39=8 40=8 41=8 42=8 43=8 44=8 45=8 46=8 47=8 48=8 49=8 50=8 51=8 52=8 53=8 54=8 55=8 56=8 57=8 58=8 59=8 60=8 61=8 62=8 63=8 64=8 65=8 66=8 67=8 68=8 69=8 70=8 71=8 72=8 73=8 74=8 75=8 76=8 77=8 78=8 79=8 80=8 81=8 82=8 83=8 84=8 85=8 86=8 87=8 88=8 89=8 90=8 91=8 92=8
  bind wall 17.58 s over 744 binds; read 402.50 + widen 4.48 = 406.98 s of device work,
                    of which 389.40 s (96%) overlapped compute on the reader thread
  widen breakdown: find 1190 ms (19640)  copy 0 ms (9184)  deq 3262 ms (6320)  timed 4 s of widen 4.48 s
TIME_ELAPSED=1167.25
