k3 chip: 4 workers, 4 TFLOPS, 200 GB/s simulated wall
DBG getmany L1 nw=51 wall=0.530s thr(out)1 thr(in)16 conc_peak=16 pread=7.528s
DBG getmany L2 nw=61 wall=0.647s thr(out)1 thr(in)16 conc_peak=16 pread=9.299s
DBG getmany L3 nw=57 wall=0.610s thr(out)1 thr(in)16 conc_peak=16 pread=8.759s
DBG getmany L4 nw=55 wall=14.466s thr(out)1 thr(in)16 conc_peak=16 pread=214.466s
DBG getmany L5 nw=64 wall=2.702s thr(out)1 thr(in)16 conc_peak=16 pread=38.220s
DBG getmany L6 nw=64 wall=1.610s thr(out)1 thr(in)16 conc_peak=16 pread=23.164s
DBG getmany L7 nw=61 wall=0.734s thr(out)1 thr(in)16 conc_peak=16 pread=10.059s
DBG getmany L8 nw=54 wall=0.986s thr(out)1 thr(in)16 conc_peak=16 pread=11.555s
DBG getmany L9 nw=63 wall=0.605s thr(out)1 thr(in)16 conc_peak=16 pread=8.767s
DBG getmany L10 nw=56 wall=0.543s thr(out)1 thr(in)16 conc_peak=16 pread=7.411s
DBG getmany L11 nw=59 wall=0.563s thr(out)1 thr(in)16 conc_peak=16 pread=8.036s
config: /model/config.json (nested shape) | hidden=7168 layers=93 vocab=163840 | 24 MLA + 69 KDA | experts 896 top16 shared2 | latent=3584
NOTE: binding only the first 12 of 93 layers. Output is NOT the full model; it is a partial stack for testing the machinery.

  KV cache : 54.51 MB for 23 positions (2.37 MB/position)
Kimi K3, pure C, released checkpoint
  model    : /model
  prompt   : 16 tokens, generating 6

indexed 497220 tensors from 96 shards in 15.35 s
trunk on disk : 15.16 GB total (STREAMED from /mnt/nvme/trunk_layers_out, not held in RAM)

memory plan
  trunk (STREAMED) 12.00 GB
  embed + lm_head  4.70 GB
  expert cache     8.00 GB
  recurrent state  80.81 MB
  buffers          16.70 MB
  KV cache         54.41 MB
  TOTAL            24.85 GB
  available        28.62 GB

k3_trunk: trunk.bin absent - using per-layer slices (layer_%03d.bin)
trunk stream: 56.60 GB packed, 4/93 layers PINNED (6.70 GB), ring 4 x 1.30 GB
              reads use buffered I/O
              ring holds 4 slots: layers repeat over ~4 tokens, so recent ones are reused instead of re-read
trunk streaming enabled from /mnt/nvme/trunk_layers_out in 0.0 s
embedding, final norm and lm_head: 4.70 GB in 61.5 s

expert L2 cache enabled: 11397 slots x 17.55 MB = 199.99 GB on /mnt/nvme/experts.l2
expert L2 eviction policy: heat
peak RSS after loading weights: 4.78 GB  (the plan above is a forecast, this is measured)
expert cache: 455 slots x 17.56 MB = 7.99 GB (0.55% of the 1.45 TB expert pool)

recurrent state for 12 layers: 80.81 MB

incremental decode: KV cache 6.80 MB for 3 MLA layers at 23 positions

speculative decode: up to 4 drafted tokens per sweep, n-gram lookup, verified batched

STEP   TOKEN      SECONDS      CACHE HIT  READ GB    TOK/S
--------------------------------------------------------------------
0      21933      102.53       98.3       11.51      0.010
  L2   resident=6298/11397 slots hit=99.8% read=11.28GB write=0.02GB
DBG getmany L1 nw=16 wall=0.163s thr(out)1 thr(in)16 conc_peak=16 pread=1.762s
DBG getmany L2 nw=16 wall=0.174s thr(out)1 thr(in)16 conc_peak=16 pread=1.562s
DBG getmany L3 nw=16 wall=0.175s thr(out)1 thr(in)16 conc_peak=16 pread=1.745s
DBG getmany L4 nw=16 wall=0.170s thr(out)1 thr(in)16 conc_peak=16 pread=1.602s
DBG getmany L5 nw=13 wall=0.125s thr(out)1 thr(in)16 conc_peak=13 pread=0.978s
DBG getmany L6 nw=14 wall=0.153s thr(out)1 thr(in)16 conc_peak=14 pread=1.410s
DBG getmany L7 nw=14 wall=0.154s thr(out)1 thr(in)16 conc_peak=14 pread=1.245s
DBG getmany L8 nw=11 wall=0.126s thr(out)1 thr(in)16 conc_peak=9 pread=0.817s
DBG getmany L9 nw=13 wall=0.348s thr(out)1 thr(in)16 conc_peak=13 pread=0.911s
DBG getmany L10 nw=11 wall=0.120s thr(out)1 thr(in)16 conc_peak=11 pread=0.785s
DBG getmany L11 nw=12 wall=0.275s thr(out)1 thr(in)16 conc_peak=12 pread=0.776s
1      141814     6.38         99.4       2.68       0.157
  L2   resident=6298/11397 slots hit=99.6% read=13.90GB write=0.05GB
DBG getmany L1 nw=15 wall=0.147s thr(out)1 thr(in)16 conc_peak=15 pread=1.406s
DBG getmany L2 nw=13 wall=0.128s thr(out)1 thr(in)16 conc_peak=13 pread=1.038s
DBG getmany L3 nw=12 wall=0.457s thr(out)1 thr(in)16 conc_peak=12 pread=0.794s
DBG getmany L4 nw=10 wall=0.118s thr(out)1 thr(in)16 conc_peak=10 pread=0.779s
DBG getmany L5 nw=11 wall=0.116s thr(out)1 thr(in)16 conc_peak=8 pread=0.810s
DBG getmany L6 nw=16 wall=0.164s thr(out)1 thr(in)16 conc_peak=16 pread=1.525s
DBG getmany L7 nw=14 wall=0.268s thr(out)1 thr(in)16 conc_peak=14 pread=1.107s
DBG getmany L8 nw=15 wall=0.155s thr(out)1 thr(in)16 conc_peak=15 pread=1.456s
DBG getmany L9 nw=9 wall=0.092s thr(out)1 thr(in)16 conc_peak=9 pread=0.513s
DBG getmany L10 nw=13 wall=0.332s thr(out)1 thr(in)16 conc_peak=13 pread=0.884s
DBG getmany L11 nw=11 wall=0.500s thr(out)1 thr(in)16 conc_peak=11 pread=0.630s
2      47980      6.88         100.0      2.44       0.145
  L2   resident=6298/11397 slots hit=99.2% read=16.27GB write=0.12GB
DBG getmany L1 nw=13 wall=0.143s thr(out)1 thr(in)16 conc_peak=13 pread=1.106s
DBG getmany L2 nw=13 wall=0.139s thr(out)1 thr(in)16 conc_peak=13 pread=1.034s
DBG getmany L3 nw=13 wall=0.142s thr(out)1 thr(in)16 conc_peak=13 pread=1.084s
DBG getmany L4 nw=10 wall=0.103s thr(out)1 thr(in)16 conc_peak=10 pread=0.649s
DBG getmany L5 nw=16 wall=0.834s thr(out)1 thr(in)16 conc_peak=16 pread=1.275s
DBG getmany L6 nw=13 wall=0.280s thr(out)1 thr(in)16 conc_peak=13 pread=1.055s
DBG getmany L7 nw=12 wall=0.129s thr(out)1 thr(in)16 conc_peak=12 pread=1.008s
DBG getmany L8 nw=10 wall=0.266s thr(out)1 thr(in)16 conc_peak=10 pread=0.647s
DBG getmany L9 nw=14 wall=0.128s thr(out)1 thr(in)16 conc_peak=14 pread=1.212s
DBG getmany L10 nw=12 wall=0.458s thr(out)1 thr(in)16 conc_peak=12 pread=0.610s
DBG getmany L11 nw=13 wall=0.098s thr(out)1 thr(in)16 conc_peak=13 pread=0.787s
3      93446      7.00         100.0      2.44       0.143
  L2   resident=6298/11397 slots hit=98.9% read=18.60GB write=0.21GB
DBG getmany L1 nw=12 wall=0.100s thr(out)1 thr(in)16 conc_peak=12 pread=0.749s
DBG getmany L2 nw=12 wall=0.108s thr(out)1 thr(in)16 conc_peak=12 pread=0.806s
DBG getmany L3 nw=5 wall=0.050s thr(out)1 thr(in)16 conc_peak=5 pread=0.141s
DBG getmany L5 nw=11 wall=0.098s thr(out)1 thr(in)16 conc_peak=11 pread=0.729s
DBG getmany L6 nw=9 wall=0.082s thr(out)1 thr(in)16 conc_peak=9 pread=0.481s
DBG getmany L7 nw=11 wall=0.105s thr(out)1 thr(in)16 conc_peak=11 pread=0.787s
DBG getmany L8 nw=10 wall=0.101s thr(out)1 thr(in)16 conc_peak=10 pread=0.669s
DBG getmany L9 nw=12 wall=0.096s thr(out)1 thr(in)16 conc_peak=12 pread=0.757s
DBG getmany L10 nw=11 wall=0.108s thr(out)1 thr(in)16 conc_peak=11 pread=0.765s
DBG getmany L11 nw=10 wall=0.093s thr(out)1 thr(in)16 conc_peak=10 pread=0.577s
4      8647       5.37         99.4       1.93       0.186
  L2   resident=6298/11397 slots hit=99.0% read=20.51GB write=0.21GB
DBG getmany L1 nw=11 wall=0.099s thr(out)1 thr(in)16 conc_peak=11 pread=0.646s
DBG getmany L2 nw=12 wall=0.118s thr(out)1 thr(in)16 conc_peak=12 pread=0.845s
DBG getmany L4 nw=9 wall=0.087s thr(out)1 thr(in)16 conc_peak=9 pread=0.518s
DBG getmany L5 nw=9 wall=0.086s thr(out)1 thr(in)16 conc_peak=9 pread=0.446s
DBG getmany L6 nw=12 wall=0.111s thr(out)1 thr(in)16 conc_peak=12 pread=0.901s
DBG getmany L7 nw=6 wall=0.061s thr(out)1 thr(in)16 conc_peak=6 pread=0.263s
DBG getmany L8 nw=11 wall=0.105s thr(out)1 thr(in)16 conc_peak=11 pread=0.694s
DBG getmany L11 nw=7 wall=0.069s thr(out)1 thr(in)16 conc_peak=6 pread=0.327s
5      30953      4.91         100.0      1.51       0.204
  L2   resident=6298/11397 slots hit=99.1% read=22.02GB write=0.21GB
--------------------------------------------------------------------
6 tokens in 133.1 s, 22.18 s/token average
PEAK RSS for the whole run: 18.36 GB   <- quote this, not the plan
layers completed: 12/12; routed expert drops: 0


[chip] simulated MXFP4 GEMV bill over 22 tokens
  3696 expert chains | 244158824448 flops | 64854687744 bytes (64.85 GB)
  per token: 168 chains | 2.95 GB | 0.01 Gflops
  compute wall @ 4 TFLOPS : 0.06 s (2.77 ms/token)
  bandwidth wall @ 200 GB/s : 0.32 s (14.74 ms/token)
  -> bandwidth-bound; to be compute-bound at 4 TFLOPS this needs 1062 GB/s
  expert fetch (host wall, measured): 40.04 s moving 26.95 GB = 1 GB/s
  chip pool wall (measured): 30.67 s

cache [final step]
  slots        : 455 of 17.56 MB = 7.99 GB arena (455 resident, 0 pinned)
  requests     : 176  hits 176 (100.00%)  misses 0  evictions 86
  of those hits : 86 came from the batch prefetch, i.e. read from disk
                  this token; TRUE resident hit rate 51.14%
  read from disk: 1.51 GB in 0.84 s (1802 MB/s while loading)
  phase2 i/o    : 1.51 GB in 0.84 s (1803 MB/s)  [pure parallel disk read]
l2cache [final step]
  requests     : 1266  hits 1254 (99.05%)  misses 12
  read  from sdd7: 22.02 GB, written 0.21 GB
  hit I/O   : 22.02 GB in 31.43 s (wall) = 701 MB/s [pread 393.80 s, 56 MB/s per-thread]
  miss I/O  : 12 misses, 0.21 GB from /model in 1.57 s (wall) = 134 MB/s
  restored from meta: 6298 slots

wrote reports/spec_a_081419/spec.json
I/O share of wall clock: 82.8%  (trunk 71.5 s + experts 38.8 s of 133.1 s)
  both figures are WHOLE-RUN totals over 6 steps
  experts, whole run: 22.51 GB read | 708 of 1536 requests retained in RAM (46.09%) | 828 evictions
    (retention = requests - evictions; the raw `hits` counter includes
     experts the prefetcher had just read from disk, so it is not a
     measure of avoided I/O)

trunk [final]
  pinned 4/93 layers, ring 4 slots
  binds 72, hits 20 (27.8%), reads 52
  read 35.71 GB in 50.92 s (701 MB/s pread) + 20.54 s parked on the expert gate
  per-layer loads [L]=count: 0=1 1=1 2=1 3=1 4=6 5=6 6=6 7=6 8=6 9=6 10=6 11=6 12=5 13=0 14=0 15=0 16=0 17=0 18=0 19=0 20=0 21=0 22=0 23=0 24=0 25=0 26=0 27=0 28=0 29=0 30=0 31=0 32=0 33=0 34=0 35=0 36=0 37=0 38=0 39=0 40=0 41=0 42=0 43=0 44=0 45=0 46=0 47=0 48=0 49=0 50=0 51=0 52=0 53=0 54=0 55=0 56=0 57=0 58=0 59=0 60=0 61=0 62=0 63=0 64=0 65=0 66=0 67=0 68=0 69=0 70=0 71=0 72=0 73=0 74=0 75=0 76=0 77=0 78=0 79=0 80=0 81=0 82=0 83=0 84=0 85=0 86=0 87=0 88=0 89=0 90=0 91=0 92=0
  bind wall 27.54 s over 72 binds; read 50.92 + widen 0.50 = 51.42 s of device work,
                    of which 23.88 s (46%) overlapped compute on the reader thread
  widen breakdown: find 15 ms (1878)  copy 0 ms (822)  deq 477 ms (600)  timed 0 s of widen 0.50 s
