k3 chip: 4 workers, 4 TFLOPS, 200 GB/s simulated wall
DBG fwd_inner loop_outer=1 loop_serial=1 T=6
DBG bind b0=0 L=0
DBG bind b0=0 L=1
DBG bind b0=0 L=2
DBG bind b0=0 L=3
DBG block b0=0 L=0 rnd=0 hnorm_last=1.830
DBG block b0=0 L=1 rnd=0 hnorm_last=0.821
DBG getmany L1 nw=64 wall=2.116s thr(out)1 thr(in)16 conc_peak=16 pread=32.777s
DBG block b0=0 L=2 rnd=0 hnorm_last=1.547
DBG getmany L2 nw=64 wall=0.667s thr(out)1 thr(in)16 conc_peak=16 pread=9.688s
DBG block b0=0 L=3 rnd=0 hnorm_last=2.792
DBG getmany L3 nw=61 wall=0.662s thr(out)1 thr(in)16 conc_peak=16 pread=9.705s
DBG bind b0=4 L=4
DBG bind b0=4 L=5
DBG bind b0=4 L=6
DBG bind b0=4 L=7
DBG block b0=4 L=4 rnd=0 hnorm_last=3.367
DBG getmany L4 nw=48 wall=3.068s thr(out)1 thr(in)16 conc_peak=16 pread=46.602s
DBG block b0=4 L=5 rnd=0 hnorm_last=6.382
DBG getmany L5 nw=64 wall=2.289s thr(out)1 thr(in)16 conc_peak=16 pread=32.855s
DBG block b0=4 L=6 rnd=0 hnorm_last=12.308
DBG getmany L6 nw=64 wall=3.269s thr(out)1 thr(in)16 conc_peak=16 pread=46.915s
DBG block b0=4 L=7 rnd=0 hnorm_last=23.774
DBG getmany L7 nw=64 wall=0.777s thr(out)1 thr(in)16 conc_peak=16 pread=10.037s
DBG bind b0=8 L=8
DBG bind b0=8 L=9
DBG bind b0=8 L=10
DBG bind b0=8 L=11
DBG block b0=8 L=8 rnd=0 hnorm_last=33.275
DBG getmany L8 nw=64 wall=0.621s thr(out)1 thr(in)16 conc_peak=16 pread=8.995s
DBG block b0=8 L=9 rnd=0 hnorm_last=46.124
DBG getmany L9 nw=64 wall=0.575s thr(out)1 thr(in)16 conc_peak=16 pread=8.284s
DBG block b0=8 L=10 rnd=0 hnorm_last=56.282
DBG getmany L10 nw=59 wall=0.564s thr(out)1 thr(in)16 conc_peak=16 pread=8.147s
DBG block b0=8 L=11 rnd=0 hnorm_last=67.622
DBG getmany L11 nw=64 wall=0.606s thr(out)1 thr(in)16 conc_peak=16 pread=8.686s
config: /model/config.json (nested shape) | hidden=7168 layers=93 vocab=163840 | 24 MLA + 69 KDA | experts 896 top16 shared2 | latent=3584
NOTE: binding only the first 12 of 93 layers. Output is NOT the full model; it is a partial stack for testing the machinery.

  KV cache : 21.33 MB for 9 positions (2.37 MB/position)
Kimi K3, pure C, released checkpoint
  model    : /model
  prompt   : 6 tokens, generating 2

indexed 497220 tensors from 96 shards in 3.04 s
trunk on disk : 15.16 GB total (STREAMED from /mnt/nvme/trunk_layers_out, not held in RAM)

memory plan
  trunk (STREAMED) 12.00 GB
  embed + lm_head  4.70 GB
  expert cache     8.00 GB
  recurrent state  80.81 MB
  buffers          7.35 MB
  KV cache         21.29 MB
  TOTAL            24.81 GB
  available        28.59 GB

k3_trunk: trunk.bin absent - using per-layer slices (layer_%03d.bin)
trunk stream: 56.60 GB packed, 4/93 layers PINNED (6.70 GB), ring 4 x 1.30 GB
              reads use buffered I/O
              ring holds 4 slots: layers repeat over ~4 tokens, so recent ones are reused instead of re-read
trunk streaming enabled from /mnt/nvme/trunk_layers_out in 0.0 s
embedding, final norm and lm_head: 4.70 GB in 63.1 s

expert L2 cache enabled: 11397 slots x 17.55 MB = 199.99 GB on /mnt/nvme/experts.l2
expert L2 eviction policy: heat
peak RSS after loading weights: 4.78 GB  (the plan above is a forecast, this is measured)
expert cache: 455 slots x 17.56 MB = 7.99 GB (0.55% of the 1.45 TB expert pool)

recurrent state for 12 layers: 80.81 MB

incremental decode: KV cache 2.66 MB for 3 MLA layers at 9 positions

STEP   TOKEN      SECONDS      CACHE HIT  READ GB    TOK/S
--------------------------------------------------------------------
0      0          129.95       88.4       13.49      0.008
  L2   resident=6298/11397 slots hit=100.0% read=11.91GB write=0.00GB
DBG fwd_inner loop_outer=1 loop_serial=1 T=2
DBG bind b0=0 L=0
DBG bind b0=0 L=1
DBG bind b0=0 L=2
DBG bind b0=0 L=3
DBG block b0=0 L=0 rnd=0 hnorm_last=1.830
DBG block b0=0 L=1 rnd=0 hnorm_last=1.295
DBG getmany L1 nw=22 wall=3.634s thr(out)1 thr(in)16 conc_peak=16 pread=0.115s
DBG block b0=0 L=2 rnd=0 hnorm_last=2.122
DBG getmany L2 nw=22 wall=2.972s thr(out)1 thr(in)16 conc_peak=16 pread=0.434s
DBG block b0=0 L=3 rnd=0 hnorm_last=3.465
DBG getmany L3 nw=19 wall=1.121s thr(out)1 thr(in)16 conc_peak=16 pread=1.327s
DBG bind b0=4 L=4
DBG bind b0=4 L=5
DBG bind b0=4 L=6
DBG bind b0=4 L=7
DBG block b0=4 L=4 rnd=0 hnorm_last=4.016
DBG getmany L4 nw=20 wall=0.908s thr(out)1 thr(in)16 conc_peak=16 pread=1.477s
DBG block b0=4 L=5 rnd=0 hnorm_last=7.378
DBG getmany L5 nw=21 wall=2.068s thr(out)1 thr(in)16 conc_peak=16 pread=0.833s
DBG block b0=4 L=6 rnd=0 hnorm_last=13.161
DBG getmany L6 nw=18 wall=3.093s thr(out)1 thr(in)16 conc_peak=16 pread=0.266s
DBG block b0=4 L=7 rnd=0 hnorm_last=24.650
DBG getmany L7 nw=5 wall=0.749s thr(out)1 thr(in)16 conc_peak=5 pread=0.046s
DBG bind b0=8 L=8
DBG bind b0=8 L=9
DBG bind b0=8 L=10
DBG bind b0=8 L=11
DBG block b0=8 L=8 rnd=0 hnorm_last=34.396
DBG getmany L8 nw=5 wall=1.246s thr(out)1 thr(in)16 conc_peak=5 pread=0.000s
DBG block b0=8 L=9 rnd=0 hnorm_last=48.459
DBG getmany L9 nw=7 wall=1.963s thr(out)1 thr(in)16 conc_peak=5 pread=0.000s
DBG block b0=8 L=10 rnd=0 hnorm_last=60.654
DBG getmany L10 nw=5 wall=1.000s thr(out)1 thr(in)16 conc_peak=5 pread=0.028s
DBG block b0=8 L=11 rnd=0 hnorm_last=73.559
DBG getmany L11 nw=2 wall=0.623s thr(out)1 thr(in)16 conc_peak=2 pread=0.000s
1      22944      33.65        99.5       2.58       0.030
  L2   resident=6298/11397 slots hit=91.5% read=13.11GB write=1.37GB
--------------------------------------------------------------------
2 tokens in 163.6 s, 81.80 s/token average
PEAK RSS for the whole run: 19.48 GB   <- quote this, not the plan
layers completed: 12/12; routed expert drops: 0


[chip] simulated MXFP4 GEMV bill over 8 tokens
  1408 expert chains | 93012885504 flops | 24706547712 bytes (24.71 GB)
  per token: 176 chains | 3.09 GB | 0.01 Gflops
  compute wall @ 4 TFLOPS : 0.02 s (2.91 ms/token)
  bandwidth wall @ 200 GB/s : 0.12 s (15.44 ms/token)
  -> bandwidth-bound; to be compute-bound at 4 TFLOPS this needs 1062 GB/s
  expert fetch (host wall, measured): 56.34 s moving 17.30 GB = 0 GB/s
  chip pool wall (measured): 26.95 s

cache [final step]
  slots        : 455 of 17.56 MB = 7.99 GB arena (455 resident, 0 pinned)
  requests     : 217  hits 216 (99.54%)  misses 1  evictions 147
  of those hits : 146 came from the batch prefetch, i.e. read from disk
                  this token; TRUE resident hit rate 32.26%
  read from disk: 2.58 GB in 19.57 s (132 MB/s while loading)
  phase2 i/o    : 2.56 GB in 19.38 s (132 MB/s)  [pure parallel disk read]
l2cache [final step]
  requests     : 816  hits 747 (91.54%)  misses 69
  read  from sdd7: 13.11 GB, written 1.37 GB
  hit I/O   : 13.11 GB in 16.20 s (wall) = 809 MB/s [pread 227.22 s, 58 MB/s per-thread]
  miss I/O  : 69 misses, 1.21 GB from /model in 18.39 s (wall) = 66 MB/s
  restored from meta: 6298 slots

wrote reports/loop_r4_193639/b.json
I/O share of wall clock: 71.9%  (trunk 61.8 s + experts 55.9 s of 163.6 s)
  both figures are WHOLE-RUN totals over 2 steps
  experts, whole run: 16.07 GB read | 525 of 986 requests retained in RAM (53.25%) | 461 evictions
    (retention = requests - evictions; the raw `hits` counter includes
     experts the prefetcher had just read from disk, so it is not a
     measure of avoided I/O)

trunk [final]
  pinned 4/93 layers, ring 4 slots
  binds 24, hits 4 (16.7%), reads 20
  read 13.54 GB in 61.75 s (219 MB/s pread) + 0.00 s parked on the expert gate
  per-layer loads [L]=count: 0=1 1=1 2=1 3=1 4=2 5=2 6=2 7=2 8=2 9=2 10=2 11=2 12=0 13=0 14=0 15=0 16=0 17=0 18=0 19=0 20=0 21=0 22=0 23=0 24=0 25=0 26=0 27=0 28=0 29=0 30=0 31=0 32=0 33=0 34=0 35=0 36=0 37=0 38=0 39=0 40=0 41=0 42=0 43=0 44=0 45=0 46=0 47=0 48=0 49=0 50=0 51=0 52=0 53=0 54=0 55=0 56=0 57=0 58=0 59=0 60=0 61=0 62=0 63=0 64=0 65=0 66=0 67=0 68=0 69=0 70=0 71=0 72=0 73=0 74=0 75=0 76=0 77=0 78=0 79=0 80=0 81=0 82=0 83=0 84=0 85=0 86=0 87=0 88=0 89=0 90=0 91=0 92=0
  bind wall 62.78 s over 24 binds  =  read 61.75 + widen 1.03 + other 0.00
                    shares:      read 98%  widen 2%  other 0%
  widen breakdown: find 1 ms (626)  copy 0 ms (274)  deq 1020 ms (200)  timed 1 s of widen 1.03 s
