L2 auto: 209 GB free on /mnt/nvme -> L2 at 256 GB
k3 chip: 4 workers, 4 TFLOPS, 200 GB/s simulated wall
DBG getmany L1 nw=16 wall=0.279s thr(out)1 thr(in)16 conc_peak=16 pread=3.411s
DBG getmany L2 nw=16 wall=0.242s thr(out)1 thr(in)16 conc_peak=16 pread=2.484s
DBG getmany L3 nw=16 wall=0.384s thr(out)1 thr(in)16 conc_peak=16 pread=3.991s
DBG getmany L4 nw=16 wall=0.252s thr(out)1 thr(in)16 conc_peak=16 pread=3.307s
DBG getmany L5 nw=16 wall=0.197s thr(out)1 thr(in)16 conc_peak=16 pread=2.094s
DBG getmany L6 nw=16 wall=0.189s thr(out)1 thr(in)16 conc_peak=16 pread=2.249s
DBG getmany L7 nw=16 wall=0.330s thr(out)1 thr(in)16 conc_peak=16 pread=4.209s
DBG getmany L8 nw=16 wall=0.207s thr(out)1 thr(in)16 conc_peak=16 pread=2.328s
DBG getmany L9 nw=16 wall=0.199s thr(out)1 thr(in)16 conc_peak=16 pread=2.146s
DBG getmany L10 nw=16 wall=0.228s thr(out)1 thr(in)16 conc_peak=16 pread=2.651s
DBG getmany L11 nw=16 wall=0.390s thr(out)1 thr(in)16 conc_peak=16 pread=5.203s
DBG getmany L12 nw=16 wall=0.241s thr(out)1 thr(in)16 conc_peak=16 pread=2.942s
DBG getmany L13 nw=16 wall=0.392s thr(out)1 thr(in)16 conc_peak=16 pread=4.787s
DBG getmany L14 nw=16 wall=0.232s thr(out)1 thr(in)16 conc_peak=16 pread=2.319s
DBG getmany L15 nw=16 wall=0.319s thr(out)1 thr(in)16 conc_peak=16 pread=4.071s
DBG getmany L16 nw=16 wall=0.501s thr(out)1 thr(in)16 conc_peak=16 pread=3.017s
DBG getmany L17 nw=16 wall=2.048s thr(out)1 thr(in)16 conc_peak=16 pread=9.494s
DBG getmany L18 nw=16 wall=0.401s thr(out)1 thr(in)16 conc_peak=16 pread=4.914s
DBG getmany L19 nw=16 wall=0.470s thr(out)1 thr(in)16 conc_peak=16 pread=5.757s
DBG getmany L20 nw=16 wall=0.238s thr(out)1 thr(in)16 conc_peak=16 pread=2.825s
DBG getmany L21 nw=16 wall=0.995s thr(out)1 thr(in)16 conc_peak=16 pread=14.140s
DBG getmany L22 nw=16 wall=1.091s thr(out)1 thr(in)16 conc_peak=16 pread=16.191s
DBG getmany L23 nw=16 wall=1.162s thr(out)1 thr(in)16 conc_peak=16 pread=16.996s
DBG getmany L24 nw=16 wall=0.321s thr(out)1 thr(in)16 conc_peak=16 pread=4.190s
DBG getmany L25 nw=16 wall=0.224s thr(out)1 thr(in)16 conc_peak=16 pread=2.798s
DBG getmany L26 nw=16 wall=0.205s thr(out)1 thr(in)16 conc_peak=16 pread=2.275s
DBG getmany L27 nw=16 wall=0.421s thr(out)1 thr(in)16 conc_peak=16 pread=5.563s
DBG getmany L28 nw=16 wall=0.252s thr(out)1 thr(in)16 conc_peak=16 pread=3.229s
DBG getmany L29 nw=16 wall=0.261s thr(out)1 thr(in)16 conc_peak=16 pread=3.357s
DBG getmany L30 nw=16 wall=0.226s thr(out)1 thr(in)16 conc_peak=16 pread=2.750s
DBG getmany L31 nw=16 wall=0.385s thr(out)1 thr(in)16 conc_peak=16 pread=4.839s
DBG getmany L32 nw=16 wall=0.293s thr(out)1 thr(in)16 conc_peak=16 pread=3.908s
DBG getmany L33 nw=16 wall=0.348s thr(out)1 thr(in)16 conc_peak=16 pread=4.245s
DBG getmany L34 nw=16 wall=0.219s thr(out)1 thr(in)16 conc_peak=16 pread=2.685s
DBG getmany L35 nw=16 wall=1.134s thr(out)1 thr(in)16 conc_peak=16 pread=16.027s
DBG getmany L36 nw=16 wall=0.253s thr(out)1 thr(in)16 conc_peak=16 pread=3.140s
DBG getmany L37 nw=16 wall=0.236s thr(out)1 thr(in)16 conc_peak=16 pread=2.686s
DBG getmany L38 nw=16 wall=0.192s thr(out)1 thr(in)16 conc_peak=16 pread=2.013s
DBG getmany L39 nw=16 wall=0.339s thr(out)1 thr(in)16 conc_peak=16 pread=4.249s
DBG getmany L40 nw=16 wall=0.354s thr(out)1 thr(in)16 conc_peak=16 pread=4.358s
DBG getmany L41 nw=16 wall=0.249s thr(out)1 thr(in)16 conc_peak=16 pread=3.116s
DBG getmany L42 nw=16 wall=0.864s thr(out)1 thr(in)16 conc_peak=16 pread=12.168s
DBG getmany L43 nw=16 wall=0.452s thr(out)1 thr(in)16 conc_peak=16 pread=6.027s
DBG getmany L44 nw=16 wall=0.286s thr(out)1 thr(in)16 conc_peak=16 pread=3.713s
DBG getmany L45 nw=16 wall=0.282s thr(out)1 thr(in)16 conc_peak=16 pread=3.608s
DBG getmany L46 nw=16 wall=0.259s thr(out)1 thr(in)16 conc_peak=16 pread=2.781s
DBG getmany L47 nw=16 wall=1.132s thr(out)1 thr(in)16 conc_peak=16 pread=16.531s
DBG getmany L48 nw=16 wall=0.460s thr(out)1 thr(in)16 conc_peak=16 pread=5.559s
DBG getmany L49 nw=16 wall=1.005s thr(out)1 thr(in)16 conc_peak=16 pread=7.970s
DBG getmany L50 nw=16 wall=0.256s thr(out)1 thr(in)16 conc_peak=16 pread=2.622s
DBG getmany L51 nw=16 wall=0.454s thr(out)1 thr(in)16 conc_peak=16 pread=5.964s
DBG getmany L52 nw=16 wall=0.373s thr(out)1 thr(in)16 conc_peak=16 pread=4.503s
DBG getmany L53 nw=16 wall=0.386s thr(out)1 thr(in)16 conc_peak=16 pread=4.789s
DBG getmany L54 nw=16 wall=0.281s thr(out)1 thr(in)16 conc_peak=16 pread=3.007s
DBG getmany L55 nw=16 wall=0.455s thr(out)1 thr(in)16 conc_peak=16 pread=5.479s
DBG getmany L56 nw=16 wall=0.329s thr(out)1 thr(in)16 conc_peak=16 pread=3.991s
DBG getmany L57 nw=16 wall=0.402s thr(out)1 thr(in)16 conc_peak=16 pread=5.784s
DBG getmany L58 nw=16 wall=0.230s thr(out)1 thr(in)16 conc_peak=16 pread=2.638s
DBG getmany L59 nw=16 wall=0.426s thr(out)1 thr(in)16 conc_peak=16 pread=5.036s
DBG getmany L60 nw=16 wall=0.375s thr(out)1 thr(in)16 conc_peak=16 pread=5.069s
DBG getmany L61 nw=16 wall=0.396s thr(out)1 thr(in)16 conc_peak=16 pread=4.915s
DBG getmany L62 nw=16 wall=0.265s thr(out)1 thr(in)16 conc_peak=16 pread=3.342s
DBG getmany L63 nw=16 wall=0.408s thr(out)1 thr(in)16 conc_peak=16 pread=4.493s
DBG getmany L64 nw=16 wall=0.362s thr(out)1 thr(in)16 conc_peak=16 pread=4.526s
DBG getmany L65 nw=16 wall=0.355s thr(out)1 thr(in)16 conc_peak=16 pread=5.055s
DBG getmany L66 nw=16 wall=0.233s thr(out)1 thr(in)16 conc_peak=16 pread=2.672s
DBG getmany L67 nw=16 wall=0.452s thr(out)1 thr(in)16 conc_peak=16 pread=4.917s
DBG getmany L68 nw=16 wall=0.351s thr(out)1 thr(in)16 conc_peak=16 pread=4.642s
DBG getmany L69 nw=16 wall=0.385s thr(out)1 thr(in)16 conc_peak=16 pread=5.613s
DBG getmany L70 nw=16 wall=0.224s thr(out)1 thr(in)16 conc_peak=16 pread=2.159s
DBG getmany L71 nw=16 wall=0.452s thr(out)1 thr(in)16 conc_peak=16 pread=5.050s
DBG getmany L72 nw=16 wall=0.412s thr(out)1 thr(in)16 conc_peak=16 pread=4.157s
DBG getmany L73 nw=16 wall=0.374s thr(out)1 thr(in)16 conc_peak=16 pread=4.386s
DBG getmany L74 nw=16 wall=0.264s thr(out)1 thr(in)16 conc_peak=16 pread=2.678s
DBG getmany L75 nw=16 wall=0.465s thr(out)1 thr(in)16 conc_peak=16 pread=5.910s
DBG getmany L76 nw=16 wall=0.363s thr(out)1 thr(in)16 conc_peak=16 pread=4.465s
DBG getmany L77 nw=16 wall=0.394s thr(out)1 thr(in)16 conc_peak=16 pread=5.522s
DBG getmany L78 nw=16 wall=0.201s thr(out)1 thr(in)16 conc_peak=16 pread=1.915s
DBG getmany L79 nw=16 wall=0.432s thr(out)1 thr(in)16 conc_peak=16 pread=5.181s
DBG getmany L80 nw=16 wall=0.361s thr(out)1 thr(in)16 conc_peak=16 pread=4.747s
DBG getmany L81 nw=16 wall=0.333s thr(out)1 thr(in)16 conc_peak=16 pread=3.755s
DBG getmany L82 nw=16 wall=0.149s thr(out)1 thr(in)16 conc_peak=16 pread=1.447s
DBG getmany L83 nw=16 wall=0.436s thr(out)1 thr(in)16 conc_peak=16 pread=6.017s
DBG getmany L84 nw=16 wall=0.330s thr(out)1 thr(in)16 conc_peak=16 pread=4.442s
DBG getmany L85 nw=16 wall=0.277s thr(out)1 thr(in)16 conc_peak=16 pread=3.613s
DBG getmany L86 nw=16 wall=0.177s thr(out)1 thr(in)16 conc_peak=16 pread=2.173s
DBG getmany L87 nw=16 wall=0.369s thr(out)1 thr(in)16 conc_peak=16 pread=4.893s
DBG getmany L88 nw=16 wall=0.335s thr(out)1 thr(in)16 conc_peak=16 pread=4.223s
DBG getmany L89 nw=16 wall=0.291s thr(out)1 thr(in)16 conc_peak=16 pread=3.874s
DBG getmany L90 nw=16 wall=0.184s thr(out)1 thr(in)16 conc_peak=16 pread=2.406s
DBG getmany L91 nw=16 wall=0.238s thr(out)1 thr(in)16 conc_peak=16 pread=3.374s
DBG getmany L92 nw=16 wall=0.135s thr(out)1 thr(in)16 conc_peak=16 pread=1.261s
auto budget: 28.7 GB available, 9.0 GB reserved -> trunk 6.0 GB / expert cache 13.7 GB
config: /model/config.json (nested shape) | hidden=7168 layers=93 vocab=163840 | 24 MLA + 69 KDA | experts 896 top16 shared2 | latent=3584
  KV cache : 23.70 MB for 10 positions (2.37 MB/position)
Kimi K3, pure C, released checkpoint
  model    : /model
  prompt   : 1 tokens, generating 8

indexed 497220 tensors from 96 shards in 25.09 s
trunk on disk : 110.00 GB total (STREAMED from /mnt/nvme/trunk_layers_out, not held in RAM)

memory plan
  trunk (STREAMED) 6.00 GB
  embed + lm_head  4.70 GB
  expert cache     13.69 GB
  recurrent state  626.25 MB
  buffers          8.02 MB
  KV cache         23.65 MB
  TOTAL            25.05 GB
  available        28.64 GB

k3_trunk: trunk.bin absent - using per-layer slices (layer_%03d.bin)
trunk stream: 56.60 GB packed, 1/93 layers PINNED (3.00 GB), ring 2 x 1.30 GB
              reads use buffered I/O
              ring holds 2 slots: layers repeat over ~2 tokens, so recent ones are reused instead of re-read
trunk streaming enabled from /mnt/nvme/trunk_layers_out in 0.0 s
embedding, final norm and lm_head: 4.70 GB in 11.4 s

expert L1 eviction policy: heat
expert L2 cache enabled: 14589 slots x 17.55 MB = 256.00 GB on /mnt/nvme/experts.l2
expert L2 eviction policy: heat
peak RSS after loading weights: 4.79 GB  (the plan above is a forecast, this is measured)
expert cache: 780 slots x 17.56 MB = 13.69 GB (0.95% of the 1.45 TB expert pool)

recurrent state for 93 layers: 626.25 MB

incremental decode: KV cache 23.65 MB for 24 MLA layers at 10 positions

STEP   TOKEN      SECONDS      CACHE HIT  READ GB    TOK/S
--------------------------------------------------------------------
0      220        129.52       100.0      25.83      0.008
  L2   resident=6778/14589 slots hit=100.0% read=25.83GB write=0.00GB
DBG getmany L1 nw=16 wall=0.208s thr(out)1 thr(in)16 conc_peak=16 pread=2.416s
DBG getmany L2 nw=16 wall=0.150s thr(out)1 thr(in)16 conc_peak=16 pread=1.438s
DBG getmany L3 nw=16 wall=0.302s thr(out)1 thr(in)16 conc_peak=16 pread=4.004s
DBG getmany L4 nw=16 wall=0.223s thr(out)1 thr(in)16 conc_peak=16 pread=3.239s
DBG getmany L5 nw=16 wall=0.212s thr(out)1 thr(in)16 conc_peak=16 pread=2.569s
DBG getmany L6 nw=16 wall=0.157s thr(out)1 thr(in)16 conc_peak=16 pread=1.502s
DBG getmany L7 nw=16 wall=0.322s thr(out)1 thr(in)16 conc_peak=16 pread=4.696s
DBG getmany L8 nw=16 wall=0.239s thr(out)1 thr(in)16 conc_peak=16 pread=3.397s
DBG getmany L9 nw=16 wall=0.286s thr(out)1 thr(in)16 conc_peak=16 pread=3.831s
DBG getmany L10 nw=16 wall=0.181s thr(out)1 thr(in)16 conc_peak=16 pread=1.889s
DBG getmany L11 nw=16 wall=0.381s thr(out)1 thr(in)16 conc_peak=16 pread=4.369s
DBG getmany L12 nw=16 wall=0.267s thr(out)1 thr(in)16 conc_peak=16 pread=3.528s
DBG getmany L13 nw=16 wall=0.251s thr(out)1 thr(in)16 conc_peak=16 pread=3.196s
DBG getmany L14 nw=16 wall=0.167s thr(out)1 thr(in)16 conc_peak=16 pread=1.600s
DBG getmany L15 nw=16 wall=0.374s thr(out)1 thr(in)16 conc_peak=16 pread=4.567s
DBG getmany L16 nw=16 wall=0.226s thr(out)1 thr(in)16 conc_peak=16 pread=2.892s
DBG getmany L17 nw=16 wall=0.263s thr(out)1 thr(in)16 conc_peak=16 pread=3.289s
DBG getmany L18 nw=16 wall=0.165s thr(out)1 thr(in)16 conc_peak=16 pread=1.442s
DBG getmany L19 nw=16 wall=0.374s thr(out)1 thr(in)16 conc_peak=16 pread=5.081s
DBG getmany L20 nw=16 wall=0.239s thr(out)1 thr(in)16 conc_peak=16 pread=3.042s
DBG getmany L21 nw=16 wall=0.343s thr(out)1 thr(in)16 conc_peak=16 pread=4.483s
DBG getmany L22 nw=16 wall=0.160s thr(out)1 thr(in)16 conc_peak=16 pread=1.713s
DBG getmany L23 nw=16 wall=0.304s thr(out)1 thr(in)16 conc_peak=16 pread=3.490s
DBG getmany L24 nw=16 wall=0.344s thr(out)1 thr(in)16 conc_peak=16 pread=4.597s
DBG getmany L25 nw=16 wall=0.372s thr(out)1 thr(in)16 conc_peak=16 pread=4.712s
DBG getmany L26 nw=16 wall=0.204s thr(out)1 thr(in)16 conc_peak=16 pread=2.358s
DBG getmany L27 nw=16 wall=0.362s thr(out)1 thr(in)16 conc_peak=16 pread=4.344s
DBG getmany L28 nw=16 wall=0.267s thr(out)1 thr(in)16 conc_peak=16 pread=3.452s
DBG getmany L29 nw=16 wall=0.309s thr(out)1 thr(in)16 conc_peak=16 pread=4.439s
DBG getmany L30 nw=16 wall=0.200s thr(out)1 thr(in)16 conc_peak=16 pread=2.271s
DBG getmany L31 nw=16 wall=0.449s thr(out)1 thr(in)16 conc_peak=16 pread=5.819s
DBG getmany L32 nw=16 wall=0.371s thr(out)1 thr(in)16 conc_peak=16 pread=5.512s
DBG getmany L33 nw=16 wall=0.394s thr(out)1 thr(in)16 conc_peak=16 pread=5.469s
DBG getmany L34 nw=16 wall=0.267s thr(out)1 thr(in)16 conc_peak=16 pread=3.441s
DBG getmany L35 nw=16 wall=0.470s thr(out)1 thr(in)16 conc_peak=16 pread=6.511s
DBG getmany L36 nw=16 wall=0.320s thr(out)1 thr(in)16 conc_peak=16 pread=4.418s
DBG getmany L37 nw=16 wall=0.310s thr(out)1 thr(in)16 conc_peak=16 pread=4.141s
DBG getmany L38 nw=16 wall=0.239s thr(out)1 thr(in)16 conc_peak=16 pread=2.969s
DBG getmany L39 nw=16 wall=0.428s thr(out)1 thr(in)16 conc_peak=16 pread=5.384s
DBG getmany L40 nw=16 wall=0.448s thr(out)1 thr(in)16 conc_peak=16 pread=4.609s
DBG getmany L41 nw=16 wall=0.317s thr(out)1 thr(in)16 conc_peak=16 pread=3.403s
DBG getmany L42 nw=16 wall=0.187s thr(out)1 thr(in)16 conc_peak=16 pread=2.036s
DBG getmany L43 nw=16 wall=0.429s thr(out)1 thr(in)16 conc_peak=16 pread=5.082s
DBG getmany L44 nw=16 wall=0.323s thr(out)1 thr(in)16 conc_peak=16 pread=4.518s
DBG getmany L45 nw=16 wall=0.326s thr(out)1 thr(in)16 conc_peak=16 pread=4.687s
DBG getmany L46 nw=16 wall=0.226s thr(out)1 thr(in)16 conc_peak=16 pread=2.436s
DBG getmany L47 nw=16 wall=0.530s thr(out)1 thr(in)16 conc_peak=16 pread=4.736s
DBG getmany L48 nw=16 wall=0.318s thr(out)1 thr(in)16 conc_peak=16 pread=4.117s
DBG getmany L49 nw=16 wall=0.882s thr(out)1 thr(in)16 conc_peak=16 pread=12.380s
DBG getmany L50 nw=16 wall=0.281s thr(out)1 thr(in)16 conc_peak=16 pread=3.547s
DBG getmany L51 nw=16 wall=0.440s thr(out)1 thr(in)16 conc_peak=16 pread=5.472s
DBG getmany L52 nw=16 wall=0.347s thr(out)1 thr(in)16 conc_peak=16 pread=4.468s
DBG getmany L53 nw=16 wall=0.375s thr(out)1 thr(in)16 conc_peak=16 pread=5.280s
DBG getmany L54 nw=16 wall=0.234s thr(out)1 thr(in)16 conc_peak=16 pread=2.872s
DBG getmany L55 nw=16 wall=0.416s thr(out)1 thr(in)16 conc_peak=16 pread=5.370s
DBG getmany L56 nw=16 wall=0.348s thr(out)1 thr(in)16 conc_peak=16 pread=4.785s
DBG getmany L57 nw=16 wall=0.329s thr(out)1 thr(in)16 conc_peak=16 pread=4.208s
DBG getmany L58 nw=16 wall=0.205s thr(out)1 thr(in)16 conc_peak=16 pread=2.236s
DBG getmany L59 nw=16 wall=0.347s thr(out)1 thr(in)16 conc_peak=16 pread=3.761s
DBG getmany L60 nw=16 wall=0.340s thr(out)1 thr(in)16 conc_peak=16 pread=4.745s
DBG getmany L61 nw=16 wall=0.340s thr(out)1 thr(in)16 conc_peak=16 pread=3.956s
DBG getmany L62 nw=16 wall=0.236s thr(out)1 thr(in)16 conc_peak=16 pread=2.919s
DBG getmany L63 nw=16 wall=0.495s thr(out)1 thr(in)16 conc_peak=16 pread=6.200s
DBG getmany L64 nw=16 wall=0.326s thr(out)1 thr(in)16 conc_peak=16 pread=3.652s
DBG getmany L65 nw=16 wall=0.331s thr(out)1 thr(in)16 conc_peak=16 pread=3.987s
DBG getmany L66 nw=16 wall=0.213s thr(out)1 thr(in)16 conc_peak=16 pread=2.409s
DBG getmany L67 nw=16 wall=0.448s thr(out)1 thr(in)16 conc_peak=16 pread=6.573s
DBG getmany L68 nw=16 wall=0.332s thr(out)1 thr(in)16 conc_peak=16 pread=4.458s
DBG getmany L69 nw=16 wall=0.346s thr(out)1 thr(in)16 conc_peak=16 pread=4.635s
DBG getmany L70 nw=16 wall=0.164s thr(out)1 thr(in)16 conc_peak=16 pread=1.640s
DBG getmany L71 nw=16 wall=0.431s thr(out)1 thr(in)16 conc_peak=16 pread=5.210s
DBG getmany L72 nw=16 wall=0.394s thr(out)1 thr(in)16 conc_peak=16 pread=4.537s
DBG getmany L73 nw=16 wall=0.358s thr(out)1 thr(in)16 conc_peak=16 pread=4.435s
DBG getmany L74 nw=16 wall=0.211s thr(out)1 thr(in)16 conc_peak=16 pread=2.167s
DBG getmany L75 nw=16 wall=0.387s thr(out)1 thr(in)16 conc_peak=16 pread=4.973s
DBG getmany L76 nw=16 wall=0.359s thr(out)1 thr(in)16 conc_peak=16 pread=4.864s
DBG getmany L77 nw=16 wall=0.375s thr(out)1 thr(in)16 conc_peak=16 pread=4.760s
DBG getmany L78 nw=16 wall=0.248s thr(out)1 thr(in)16 conc_peak=16 pread=3.083s
DBG getmany L79 nw=16 wall=0.430s thr(out)1 thr(in)16 conc_peak=16 pread=4.524s
DBG getmany L80 nw=16 wall=0.336s thr(out)1 thr(in)16 conc_peak=16 pread=4.239s
DBG getmany L81 nw=16 wall=0.366s thr(out)1 thr(in)16 conc_peak=16 pread=4.633s
DBG getmany L82 nw=16 wall=0.274s thr(out)1 thr(in)16 conc_peak=16 pread=3.740s
DBG getmany L83 nw=16 wall=0.416s thr(out)1 thr(in)16 conc_peak=16 pread=5.537s
DBG getmany L84 nw=16 wall=0.350s thr(out)1 thr(in)16 conc_peak=16 pread=3.845s
DBG getmany L85 nw=16 wall=0.334s thr(out)1 thr(in)16 conc_peak=16 pread=4.183s
DBG getmany L86 nw=16 wall=0.240s thr(out)1 thr(in)16 conc_peak=16 pread=3.000s
DBG getmany L87 nw=16 wall=0.369s thr(out)1 thr(in)16 conc_peak=16 pread=4.158s
DBG getmany L88 nw=16 wall=0.312s thr(out)1 thr(in)16 conc_peak=16 pread=4.498s
DBG getmany L89 nw=16 wall=0.334s thr(out)1 thr(in)16 conc_peak=16 pread=4.567s
DBG getmany L90 nw=16 wall=0.195s thr(out)1 thr(in)16 conc_peak=16 pread=2.201s
DBG getmany L91 nw=16 wall=0.281s thr(out)1 thr(in)16 conc_peak=16 pread=3.931s
DBG getmany L92 nw=16 wall=0.158s thr(out)1 thr(in)16 conc_peak=16 pread=1.557s
1      802        106.20       100.0      25.83      0.009
  L2   resident=6778/14589 slots hit=100.0% read=51.66GB write=0.00GB
DBG getmany L1 nw=16 wall=0.485s thr(out)1 thr(in)16 conc_peak=16 pread=5.212s
DBG getmany L2 nw=15 wall=0.155s thr(out)1 thr(in)16 conc_peak=15 pread=1.412s
DBG getmany L3 nw=13 wall=0.322s thr(out)1 thr(in)16 conc_peak=13 pread=3.294s
DBG getmany L4 nw=15 wall=0.207s thr(out)1 thr(in)16 conc_peak=15 pread=2.213s
DBG getmany L5 nw=16 wall=0.239s thr(out)1 thr(in)16 conc_peak=16 pread=3.313s
DBG getmany L6 nw=15 wall=0.143s thr(out)1 thr(in)16 conc_peak=15 pread=1.289s
DBG getmany L7 nw=15 wall=0.331s thr(out)1 thr(in)16 conc_peak=15 pread=3.912s
DBG getmany L8 nw=16 wall=0.298s thr(out)1 thr(in)16 conc_peak=16 pread=3.591s
DBG getmany L9 nw=15 wall=0.282s thr(out)1 thr(in)16 conc_peak=15 pread=3.515s
DBG getmany L10 nw=15 wall=0.180s thr(out)1 thr(in)16 conc_peak=15 pread=1.881s
DBG getmany L11 nw=15 wall=0.380s thr(out)1 thr(in)16 conc_peak=15 pread=4.976s
DBG getmany L12 nw=15 wall=0.272s thr(out)1 thr(in)16 conc_peak=15 pread=3.419s
DBG getmany L13 nw=16 wall=0.232s thr(out)1 thr(in)16 conc_peak=16 pread=3.220s
DBG getmany L14 nw=15 wall=0.182s thr(out)1 thr(in)16 conc_peak=15 pread=1.781s
DBG getmany L15 nw=16 wall=0.424s thr(out)1 thr(in)16 conc_peak=16 pread=6.058s
DBG getmany L16 nw=15 wall=0.297s thr(out)1 thr(in)16 conc_peak=15 pread=3.155s
DBG getmany L17 nw=16 wall=0.270s thr(out)1 thr(in)16 conc_peak=16 pread=3.486s
DBG getmany L18 nw=16 wall=0.167s thr(out)1 thr(in)16 conc_peak=16 pread=1.616s
DBG getmany L19 nw=16 wall=0.382s thr(out)1 thr(in)16 conc_peak=16 pread=5.238s
DBG getmany L20 nw=16 wall=0.240s thr(out)1 thr(in)16 conc_peak=16 pread=2.957s
DBG getmany L21 nw=16 wall=0.377s thr(out)1 thr(in)16 conc_peak=16 pread=4.633s
DBG getmany L22 nw=16 wall=0.347s thr(out)1 thr(in)16 conc_peak=16 pread=5.091s
DBG getmany L23 nw=15 wall=0.299s thr(out)1 thr(in)16 conc_peak=15 pread=3.085s
DBG getmany L24 nw=13 wall=0.305s thr(out)1 thr(in)16 conc_peak=13 pread=2.953s
DBG getmany L25 nw=15 wall=0.349s thr(out)1 thr(in)16 conc_peak=15 pread=4.611s
DBG getmany L26 nw=15 wall=0.188s thr(out)1 thr(in)16 conc_peak=15 pread=2.012s
DBG getmany L27 nw=16 wall=0.345s thr(out)1 thr(in)16 conc_peak=16 pread=4.299s
DBG getmany L28 nw=15 wall=0.255s thr(out)1 thr(in)16 conc_peak=15 pread=3.488s
DBG getmany L29 nw=16 wall=0.353s thr(out)1 thr(in)16 conc_peak=16 pread=4.955s
DBG getmany L30 nw=16 wall=0.225s thr(out)1 thr(in)16 conc_peak=16 pread=2.567s
DBG getmany L31 nw=16 wall=0.412s thr(out)1 thr(in)16 conc_peak=16 pread=5.342s
DBG getmany L32 nw=14 wall=0.351s thr(out)1 thr(in)16 conc_peak=14 pread=3.423s
DBG getmany L33 nw=15 wall=0.369s thr(out)1 thr(in)16 conc_peak=15 pread=4.583s
DBG getmany L34 nw=16 wall=0.217s thr(out)1 thr(in)16 conc_peak=16 pread=2.588s
DBG getmany L35 nw=16 wall=0.469s thr(out)1 thr(in)16 conc_peak=16 pread=6.264s
DBG getmany L36 nw=14 wall=0.314s thr(out)1 thr(in)16 conc_peak=14 pread=3.826s
DBG getmany L37 nw=16 wall=0.350s thr(out)1 thr(in)16 conc_peak=16 pread=4.319s
DBG getmany L38 nw=16 wall=0.205s thr(out)1 thr(in)16 conc_peak=16 pread=2.275s
DBG getmany L39 nw=16 wall=0.430s thr(out)1 thr(in)16 conc_peak=16 pread=4.651s
DBG getmany L40 nw=16 wall=0.338s thr(out)1 thr(in)16 conc_peak=16 pread=4.817s
DBG getmany L41 nw=16 wall=0.286s thr(out)1 thr(in)16 conc_peak=16 pread=3.240s
DBG getmany L42 nw=16 wall=0.200s thr(out)1 thr(in)16 conc_peak=16 pread=2.267s
DBG getmany L43 nw=16 wall=0.529s thr(out)1 thr(in)16 conc_peak=16 pread=7.854s
DBG getmany L44 nw=16 wall=0.260s thr(out)1 thr(in)16 conc_peak=16 pread=3.136s
DBG getmany L45 nw=16 wall=0.350s thr(out)1 thr(in)16 conc_peak=16 pread=4.923s
DBG getmany L46 nw=15 wall=0.214s thr(out)1 thr(in)16 conc_peak=15 pread=2.340s
DBG getmany L47 nw=15 wall=0.451s thr(out)1 thr(in)16 conc_peak=15 pread=5.994s
DBG getmany L48 nw=15 wall=0.305s thr(out)1 thr(in)16 conc_peak=15 pread=3.539s
DBG getmany L49 nw=15 wall=0.328s thr(out)1 thr(in)16 conc_peak=15 pread=4.259s
DBG getmany L50 nw=16 wall=0.240s thr(out)1 thr(in)16 conc_peak=16 pread=3.067s
DBG getmany L51 nw=16 wall=0.415s thr(out)1 thr(in)16 conc_peak=16 pread=5.533s
DBG getmany L52 nw=16 wall=0.315s thr(out)1 thr(in)16 conc_peak=16 pread=4.496s
DBG getmany L53 nw=15 wall=0.348s thr(out)1 thr(in)16 conc_peak=15 pread=4.243s
DBG getmany L54 nw=16 wall=0.233s thr(out)1 thr(in)16 conc_peak=16 pread=3.106s
DBG getmany L55 nw=16 wall=0.430s thr(out)1 thr(in)16 conc_peak=16 pread=6.198s
DBG getmany L56 nw=16 wall=0.336s thr(out)1 thr(in)16 conc_peak=16 pread=4.467s
DBG getmany L57 nw=16 wall=0.315s thr(out)1 thr(in)16 conc_peak=16 pread=4.548s
DBG getmany L58 nw=16 wall=0.191s thr(out)1 thr(in)16 conc_peak=16 pread=2.170s
DBG getmany L59 nw=16 wall=0.430s thr(out)1 thr(in)16 conc_peak=16 pread=6.032s
DBG getmany L60 nw=16 wall=0.299s thr(out)1 thr(in)16 conc_peak=16 pread=3.565s
DBG getmany L61 nw=16 wall=0.414s thr(out)1 thr(in)16 conc_peak=16 pread=5.561s
DBG getmany L62 nw=16 wall=0.211s thr(out)1 thr(in)16 conc_peak=16 pread=2.460s
DBG getmany L63 nw=16 wall=0.450s thr(out)1 thr(in)16 conc_peak=16 pread=5.809s
DBG getmany L64 nw=16 wall=0.361s thr(out)1 thr(in)16 conc_peak=16 pread=4.627s
DBG getmany L65 nw=16 wall=0.377s thr(out)1 thr(in)16 conc_peak=16 pread=4.940s
DBG getmany L66 nw=16 wall=0.232s thr(out)1 thr(in)16 conc_peak=16 pread=2.801s
DBG getmany L67 nw=16 wall=0.439s thr(out)1 thr(in)16 conc_peak=16 pread=5.735s
DBG getmany L68 nw=16 wall=0.349s thr(out)1 thr(in)16 conc_peak=16 pread=4.454s
DBG getmany L69 nw=16 wall=0.272s thr(out)1 thr(in)16 conc_peak=16 pread=3.351s
DBG getmany L70 nw=16 wall=0.173s thr(out)1 thr(in)16 conc_peak=16 pread=1.607s
DBG getmany L71 nw=16 wall=0.362s thr(out)1 thr(in)16 conc_peak=16 pread=5.049s
DBG getmany L72 nw=16 wall=0.316s thr(out)1 thr(in)16 conc_peak=16 pread=3.955s
DBG getmany L73 nw=16 wall=0.243s thr(out)1 thr(in)16 conc_peak=16 pread=3.139s
DBG getmany L74 nw=16 wall=0.176s thr(out)1 thr(in)16 conc_peak=16 pread=1.536s
DBG getmany L75 nw=16 wall=0.377s thr(out)1 thr(in)16 conc_peak=16 pread=5.403s
DBG getmany L76 nw=16 wall=0.301s thr(out)1 thr(in)16 conc_peak=16 pread=4.169s
DBG getmany L77 nw=16 wall=0.326s thr(out)1 thr(in)16 conc_peak=16 pread=3.858s
DBG getmany L78 nw=16 wall=0.175s thr(out)1 thr(in)16 conc_peak=16 pread=1.757s
DBG getmany L79 nw=16 wall=0.399s thr(out)1 thr(in)16 conc_peak=16 pread=5.931s
DBG getmany L80 nw=16 wall=0.328s thr(out)1 thr(in)16 conc_peak=16 pread=4.811s
DBG getmany L81 nw=15 wall=0.378s thr(out)1 thr(in)16 conc_peak=15 pread=4.905s
DBG getmany L82 nw=16 wall=0.229s thr(out)1 thr(in)16 conc_peak=16 pread=2.940s
DBG getmany L83 nw=13 wall=0.395s thr(out)1 thr(in)16 conc_peak=13 pread=4.545s
DBG getmany L84 nw=13 wall=0.245s thr(out)1 thr(in)16 conc_peak=13 pread=2.698s
DBG getmany L85 nw=14 wall=0.375s thr(out)1 thr(in)16 conc_peak=14 pread=4.326s
DBG getmany L86 nw=16 wall=0.180s thr(out)1 thr(in)16 conc_peak=16 pread=1.885s
DBG getmany L87 nw=13 wall=0.409s thr(out)1 thr(in)16 conc_peak=13 pread=4.639s
DBG getmany L88 nw=15 wall=0.344s thr(out)1 thr(in)16 conc_peak=15 pread=4.383s
DBG getmany L89 nw=13 wall=0.288s thr(out)1 thr(in)16 conc_peak=13 pread=3.167s
DBG getmany L90 nw=12 wall=0.123s thr(out)1 thr(in)16 conc_peak=12 pread=0.992s
DBG getmany L91 nw=13 wall=0.234s thr(out)1 thr(in)16 conc_peak=13 pread=2.478s
DBG getmany L92 nw=13 wall=0.137s thr(out)1 thr(in)16 conc_peak=13 pread=0.979s
2      24         101.58       100.0      24.85      0.010
  L2   resident=6778/14589 slots hit=100.0% read=76.51GB write=0.00GB
DBG getmany L1 nw=15 wall=0.275s thr(out)1 thr(in)16 conc_peak=15 pread=3.536s
DBG getmany L2 nw=14 wall=0.142s thr(out)1 thr(in)16 conc_peak=14 pread=1.123s
DBG getmany L3 nw=12 wall=0.327s thr(out)1 thr(in)16 conc_peak=12 pread=3.011s
DBG getmany L4 nw=13 wall=0.279s thr(out)1 thr(in)16 conc_peak=13 pread=3.143s
DBG getmany L5 nw=15 wall=0.328s thr(out)1 thr(in)16 conc_peak=15 pread=3.946s
DBG getmany L6 nw=16 wall=0.158s thr(out)1 thr(in)16 conc_peak=16 pread=1.397s
DBG getmany L7 nw=15 wall=0.365s thr(out)1 thr(in)16 conc_peak=15 pread=4.872s
DBG getmany L8 nw=16 wall=0.338s thr(out)1 thr(in)16 conc_peak=16 pread=4.658s
DBG getmany L9 nw=12 wall=0.204s thr(out)1 thr(in)16 conc_peak=12 pread=1.962s
DBG getmany L10 nw=10 wall=0.103s thr(out)1 thr(in)16 conc_peak=10 pread=0.634s
DBG getmany L11 nw=13 wall=0.260s thr(out)1 thr(in)16 conc_peak=13 pread=2.813s
DBG getmany L12 nw=14 wall=0.273s thr(out)1 thr(in)16 conc_peak=14 pread=3.244s
DBG getmany L13 nw=13 wall=0.280s thr(out)1 thr(in)16 conc_peak=13 pread=3.174s
DBG getmany L14 nw=13 wall=0.138s thr(out)1 thr(in)16 conc_peak=13 pread=1.002s
DBG getmany L15 nw=14 wall=0.368s thr(out)1 thr(in)16 conc_peak=14 pread=4.287s
DBG getmany L16 nw=12 wall=0.187s thr(out)1 thr(in)16 conc_peak=12 pread=1.931s
DBG getmany L17 nw=14 wall=0.223s thr(out)1 thr(in)16 conc_peak=14 pread=2.463s
DBG getmany L18 nw=13 wall=0.141s thr(out)1 thr(in)16 conc_peak=13 pread=1.083s
DBG getmany L19 nw=13 wall=0.374s thr(out)1 thr(in)16 conc_peak=13 pread=3.987s
DBG getmany L20 nw=12 wall=0.231s thr(out)1 thr(in)16 conc_peak=11 pread=2.493s
DBG getmany L21 nw=15 wall=0.267s thr(out)1 thr(in)16 conc_peak=15 pread=3.330s
DBG getmany L22 nw=15 wall=0.153s thr(out)1 thr(in)16 conc_peak=15 pread=1.322s
DBG getmany L23 nw=12 wall=0.315s thr(out)1 thr(in)16 conc_peak=12 pread=3.311s
DBG getmany L24 nw=13 wall=0.325s thr(out)1 thr(in)16 conc_peak=13 pread=3.453s
DBG getmany L25 nw=16 wall=0.363s thr(out)1 thr(in)16 conc_peak=16 pread=4.693s
DBG getmany L26 nw=14 wall=0.178s thr(out)1 thr(in)16 conc_peak=14 pread=1.743s
DBG getmany L27 nw=16 wall=0.416s thr(out)1 thr(in)16 conc_peak=16 pread=6.027s
DBG getmany L28 nw=15 wall=0.248s thr(out)1 thr(in)16 conc_peak=15 pread=3.289s
DBG getmany L29 nw=14 wall=0.251s thr(out)1 thr(in)16 conc_peak=14 pread=2.858s
DBG getmany L30 nw=15 wall=0.207s thr(out)1 thr(in)16 conc_peak=15 pread=2.365s
DBG getmany L31 nw=15 wall=0.394s thr(out)1 thr(in)16 conc_peak=15 pread=4.206s
DBG getmany L32 nw=12 wall=0.305s thr(out)1 thr(in)16 conc_peak=12 pread=3.175s
DBG getmany L33 nw=13 wall=0.346s thr(out)1 thr(in)16 conc_peak=13 pread=3.803s
DBG getmany L34 nw=15 wall=0.160s thr(out)1 thr(in)16 conc_peak=15 pread=1.537s
DBG getmany L35 nw=14 wall=0.310s thr(out)1 thr(in)16 conc_peak=14 pread=3.304s
DBG getmany L36 nw=14 wall=0.304s thr(out)1 thr(in)16 conc_peak=14 pread=3.715s
DBG getmany L37 nw=15 wall=0.354s thr(out)1 thr(in)16 conc_peak=15 pread=4.176s
DBG getmany L38 nw=14 wall=0.180s thr(out)1 thr(in)16 conc_peak=14 pread=1.770s
DBG getmany L39 nw=14 wall=0.441s thr(out)1 thr(in)16 conc_peak=14 pread=5.193s
DBG getmany L40 nw=15 wall=0.354s thr(out)1 thr(in)16 conc_peak=15 pread=4.276s
DBG getmany L41 nw=14 wall=0.302s thr(out)1 thr(in)16 conc_peak=14 pread=3.629s
DBG getmany L42 nw=14 wall=0.150s thr(out)1 thr(in)16 conc_peak=14 pread=1.291s
DBG getmany L43 nw=16 wall=0.389s thr(out)1 thr(in)16 conc_peak=16 pread=5.381s
DBG getmany L44 nw=16 wall=0.335s thr(out)1 thr(in)16 conc_peak=16 pread=4.408s
DBG getmany L45 nw=15 wall=0.348s thr(out)1 thr(in)16 conc_peak=15 pread=4.628s
DBG getmany L46 nw=14 wall=0.143s thr(out)1 thr(in)16 conc_peak=14 pread=1.205s
DBG getmany L47 nw=14 wall=0.272s thr(out)1 thr(in)16 conc_peak=14 pread=3.101s
DBG getmany L48 nw=15 wall=0.315s thr(out)1 thr(in)16 conc_peak=15 pread=3.960s
DBG getmany L49 nw=15 wall=0.347s thr(out)1 thr(in)16 conc_peak=15 pread=4.624s
DBG getmany L50 nw=15 wall=0.242s thr(out)1 thr(in)16 conc_peak=15 pread=3.149s
DBG getmany L51 nw=14 wall=0.395s thr(out)1 thr(in)16 conc_peak=14 pread=4.753s
DBG getmany L52 nw=13 wall=0.297s thr(out)1 thr(in)16 conc_peak=13 pread=2.691s
DBG getmany L53 nw=14 wall=0.311s thr(out)1 thr(in)16 conc_peak=14 pread=3.720s
DBG getmany L54 nw=15 wall=0.243s thr(out)1 thr(in)16 conc_peak=15 pread=2.858s
DBG getmany L55 nw=13 wall=0.429s thr(out)1 thr(in)16 conc_peak=13 pread=3.806s
DBG getmany L56 nw=15 wall=0.292s thr(out)1 thr(in)16 conc_peak=15 pread=3.373s
DBG getmany L57 nw=16 wall=0.208s thr(out)1 thr(in)16 conc_peak=16 pread=2.377s
DBG getmany L58 nw=13 wall=0.134s thr(out)1 thr(in)16 conc_peak=13 pread=1.120s
DBG getmany L59 nw=13 wall=0.334s thr(out)1 thr(in)16 conc_peak=13 pread=3.427s
DBG getmany L60 nw=15 wall=0.345s thr(out)1 thr(in)16 conc_peak=15 pread=4.144s
DBG getmany L61 nw=15 wall=0.325s thr(out)1 thr(in)16 conc_peak=15 pread=3.938s
DBG getmany L62 nw=12 wall=0.181s thr(out)1 thr(in)16 conc_peak=12 pread=1.686s
DBG getmany L63 nw=13 wall=0.341s thr(out)1 thr(in)16 conc_peak=13 pread=3.612s
DBG getmany L64 nw=14 wall=0.304s thr(out)1 thr(in)16 conc_peak=14 pread=3.486s
DBG getmany L65 nw=12 wall=0.278s thr(out)1 thr(in)16 conc_peak=12 pread=2.957s
DBG getmany L66 nw=14 wall=0.230s thr(out)1 thr(in)16 conc_peak=14 pread=2.560s
DBG getmany L67 nw=14 wall=0.399s thr(out)1 thr(in)16 conc_peak=14 pread=5.009s
DBG getmany L68 nw=13 wall=0.338s thr(out)1 thr(in)16 conc_peak=13 pread=3.823s
DBG getmany L69 nw=13 wall=0.236s thr(out)1 thr(in)16 conc_peak=13 pread=2.526s
DBG getmany L70 nw=12 wall=0.149s thr(out)1 thr(in)16 conc_peak=12 pread=1.143s
DBG getmany L71 nw=14 wall=0.468s thr(out)1 thr(in)16 conc_peak=14 pread=6.005s
DBG getmany L72 nw=15 wall=0.342s thr(out)1 thr(in)16 conc_peak=15 pread=4.789s
DBG getmany L73 nw=16 wall=0.374s thr(out)1 thr(in)16 conc_peak=16 pread=5.281s
DBG getmany L74 nw=16 wall=0.265s thr(out)1 thr(in)16 conc_peak=16 pread=3.125s
DBG getmany L75 nw=16 wall=0.450s thr(out)1 thr(in)16 conc_peak=16 pread=6.407s
DBG getmany L76 nw=16 wall=0.307s thr(out)1 thr(in)16 conc_peak=16 pread=4.137s
DBG getmany L77 nw=13 wall=0.323s thr(out)1 thr(in)16 conc_peak=13 pread=3.617s
DBG getmany L78 nw=14 wall=0.224s thr(out)1 thr(in)16 conc_peak=14 pread=2.693s
DBG getmany L79 nw=14 wall=0.383s thr(out)1 thr(in)16 conc_peak=14 pread=4.683s
DBG getmany L80 nw=16 wall=0.355s thr(out)1 thr(in)16 conc_peak=16 pread=4.624s
DBG getmany L81 nw=14 wall=0.291s thr(out)1 thr(in)16 conc_peak=14 pread=3.461s
DBG getmany L82 nw=15 wall=0.214s thr(out)1 thr(in)16 conc_peak=15 pread=2.268s
DBG getmany L83 nw=13 wall=0.408s thr(out)1 thr(in)16 conc_peak=13 pread=4.551s
DBG getmany L84 nw=10 wall=0.321s thr(out)1 thr(in)16 conc_peak=10 pread=2.551s
DBG getmany L85 nw=13 wall=0.325s thr(out)1 thr(in)16 conc_peak=13 pread=3.811s
DBG getmany L86 nw=14 wall=0.183s thr(out)1 thr(in)16 conc_peak=14 pread=2.010s
DBG getmany L87 nw=13 wall=0.362s thr(out)1 thr(in)16 conc_peak=13 pread=4.145s
DBG getmany L88 nw=12 wall=0.285s thr(out)1 thr(in)16 conc_peak=12 pread=2.879s
DBG getmany L89 nw=14 wall=11.504s thr(out)1 thr(in)16 conc_peak=14 pread=152.058s
DBG getmany L90 nw=13 wall=0.189s thr(out)1 thr(in)16 conc_peak=13 pread=1.893s
DBG getmany L91 nw=12 wall=0.273s thr(out)1 thr(in)16 conc_peak=12 pread=2.747s
DBG getmany L92 nw=13 wall=0.126s thr(out)1 thr(in)16 conc_peak=13 pread=0.984s
3      12         111.98       99.9       22.51      0.009
  L2   resident=6778/14589 slots hit=100.0% read=99.00GB write=0.00GB
DBG getmany L1 nw=15 wall=0.258s thr(out)1 thr(in)16 conc_peak=15 pread=3.378s
DBG getmany L2 nw=14 wall=0.135s thr(out)1 thr(in)16 conc_peak=14 pread=1.080s
DBG getmany L3 nw=13 wall=0.322s thr(out)1 thr(in)16 conc_peak=13 pread=3.272s
DBG getmany L4 nw=13 wall=0.188s thr(out)1 thr(in)16 conc_peak=13 pread=1.864s
DBG getmany L5 nw=16 wall=0.275s thr(out)1 thr(in)16 conc_peak=16 pread=3.602s
DBG getmany L6 nw=16 wall=0.181s thr(out)1 thr(in)16 conc_peak=16 pread=1.837s
DBG getmany L7 nw=15 wall=0.394s thr(out)1 thr(in)16 conc_peak=15 pread=4.837s
DBG getmany L8 nw=16 wall=0.350s thr(out)1 thr(in)16 conc_peak=16 pread=4.916s
DBG getmany L9 nw=14 wall=0.295s thr(out)1 thr(in)16 conc_peak=14 pread=2.915s
DBG getmany L10 nw=14 wall=0.171s thr(out)1 thr(in)16 conc_peak=14 pread=1.601s
DBG getmany L11 nw=13 wall=0.357s thr(out)1 thr(in)16 conc_peak=13 pread=3.341s
DBG getmany L12 nw=15 wall=0.323s thr(out)1 thr(in)16 conc_peak=15 pread=4.164s
DBG getmany L13 nw=15 wall=0.243s thr(out)1 thr(in)16 conc_peak=15 pread=3.027s
DBG getmany L14 nw=15 wall=0.153s thr(out)1 thr(in)16 conc_peak=15 pread=1.443s
DBG getmany L15 nw=14 wall=0.333s thr(out)1 thr(in)16 conc_peak=14 pread=4.091s
DBG getmany L16 nw=14 wall=0.246s thr(out)1 thr(in)16 conc_peak=14 pread=2.540s
DBG getmany L17 nw=15 wall=0.284s thr(out)1 thr(in)16 conc_peak=15 pread=3.802s
DBG getmany L18 nw=15 wall=0.151s thr(out)1 thr(in)16 conc_peak=15 pread=1.266s
DBG getmany L19 nw=14 wall=0.368s thr(out)1 thr(in)16 conc_peak=14 pread=4.266s
DBG getmany L20 nw=14 wall=0.252s thr(out)1 thr(in)16 conc_peak=14 pread=3.079s
DBG getmany L21 nw=15 wall=0.333s thr(out)1 thr(in)16 conc_peak=15 pread=4.360s
DBG getmany L22 nw=15 wall=0.180s thr(out)1 thr(in)16 conc_peak=15 pread=1.701s
DBG getmany L23 nw=12 wall=0.326s thr(out)1 thr(in)16 conc_peak=12 pread=3.302s
DBG getmany L24 nw=13 wall=0.277s thr(out)1 thr(in)16 conc_peak=13 pread=2.973s
DBG getmany L25 nw=16 wall=0.389s thr(out)1 thr(in)16 conc_peak=16 pread=4.948s
DBG getmany L26 nw=15 wall=0.182s thr(out)1 thr(in)16 conc_peak=15 pread=1.806s
DBG getmany L27 nw=16 wall=0.358s thr(out)1 thr(in)16 conc_peak=16 pread=4.296s
DBG getmany L28 nw=15 wall=0.249s thr(out)1 thr(in)16 conc_peak=15 pread=3.098s
DBG getmany L29 nw=15 wall=0.343s thr(out)1 thr(in)16 conc_peak=15 pread=3.218s
DBG getmany L30 nw=16 wall=0.222s thr(out)1 thr(in)16 conc_peak=16 pread=2.640s
DBG getmany L31 nw=15 wall=0.396s thr(out)1 thr(in)16 conc_peak=15 pread=4.766s
DBG getmany L32 nw=14 wall=0.342s thr(out)1 thr(in)16 conc_peak=14 pread=3.481s
DBG getmany L33 nw=15 wall=0.391s thr(out)1 thr(in)16 conc_peak=15 pread=5.222s
DBG getmany L34 nw=15 wall=0.250s thr(out)1 thr(in)16 conc_peak=15 pread=2.785s
DBG getmany L35 nw=15 wall=0.428s thr(out)1 thr(in)16 conc_peak=15 pread=6.030s
DBG getmany L36 nw=15 wall=0.352s thr(out)1 thr(in)16 conc_peak=15 pread=4.040s
DBG getmany L37 nw=15 wall=0.311s thr(out)1 thr(in)16 conc_peak=15 pread=3.682s
DBG getmany L38 nw=14 wall=0.193s thr(out)1 thr(in)16 conc_peak=14 pread=1.805s
DBG getmany L39 nw=14 wall=0.330s thr(out)1 thr(in)16 conc_peak=14 pread=3.361s
DBG getmany L40 nw=15 wall=0.363s thr(out)1 thr(in)16 conc_peak=15 pread=4.355s
DBG getmany L41 nw=15 wall=0.276s thr(out)1 thr(in)16 conc_peak=15 pread=3.049s
DBG getmany L42 nw=15 wall=0.186s thr(out)1 thr(in)16 conc_peak=15 pread=1.879s
DBG getmany L43 nw=16 wall=0.462s thr(out)1 thr(in)16 conc_peak=16 pread=6.662s
DBG getmany L44 nw=16 wall=0.323s thr(out)1 thr(in)16 conc_peak=16 pread=4.220s
DBG getmany L45 nw=16 wall=0.357s thr(out)1 thr(in)16 conc_peak=16 pread=5.035s
DBG getmany L46 nw=15 wall=0.179s thr(out)1 thr(in)16 conc_peak=15 pread=1.785s
DBG getmany L47 nw=14 wall=0.408s thr(out)1 thr(in)16 conc_peak=14 pread=4.877s
DBG getmany L48 nw=15 wall=0.356s thr(out)1 thr(in)16 conc_peak=15 pread=4.754s
DBG getmany L49 nw=16 wall=0.379s thr(out)1 thr(in)16 conc_peak=16 pread=4.143s
DBG getmany L50 nw=15 wall=0.228s thr(out)1 thr(in)16 conc_peak=15 pread=2.865s
DBG getmany L51 nw=15 wall=0.402s thr(out)1 thr(in)16 conc_peak=15 pread=5.493s
DBG getmany L52 nw=13 wall=0.342s thr(out)1 thr(in)16 conc_peak=13 pread=3.322s
DBG getmany L53 nw=15 wall=0.339s thr(out)1 thr(in)16 conc_peak=15 pread=4.267s
DBG getmany L54 nw=15 wall=0.231s thr(out)1 thr(in)16 conc_peak=15 pread=2.842s
DBG getmany L55 nw=14 wall=0.402s thr(out)1 thr(in)16 conc_peak=14 pread=4.896s
DBG getmany L56 nw=15 wall=0.348s thr(out)1 thr(in)16 conc_peak=15 pread=4.407s
DBG getmany L57 nw=16 wall=0.296s thr(out)1 thr(in)16 conc_peak=16 pread=3.589s
DBG getmany L58 nw=16 wall=0.165s thr(out)1 thr(in)16 conc_peak=16 pread=1.483s
DBG getmany L59 nw=13 wall=0.371s thr(out)1 thr(in)16 conc_peak=13 pread=4.359s
DBG getmany L60 nw=16 wall=0.334s thr(out)1 thr(in)16 conc_peak=16 pread=4.501s
DBG getmany L61 nw=15 wall=0.307s thr(out)1 thr(in)16 conc_peak=15 pread=4.033s
DBG getmany L62 nw=13 wall=0.200s thr(out)1 thr(in)16 conc_peak=13 pread=2.098s
DBG getmany L63 nw=15 wall=0.446s thr(out)1 thr(in)16 conc_peak=15 pread=5.507s
DBG getmany L64 nw=14 wall=0.336s thr(out)1 thr(in)16 conc_peak=14 pread=4.023s
DBG getmany L65 nw=15 wall=0.335s thr(out)1 thr(in)16 conc_peak=15 pread=4.306s
DBG getmany L66 nw=16 wall=0.216s thr(out)1 thr(in)16 conc_peak=16 pread=2.474s
DBG getmany L67 nw=16 wall=0.443s thr(out)1 thr(in)16 conc_peak=16 pread=5.937s
DBG getmany L68 nw=14 wall=0.333s thr(out)1 thr(in)16 conc_peak=14 pread=4.182s
DBG getmany L69 nw=14 wall=11.142s thr(out)1 thr(in)16 conc_peak=14 pread=150.905s
DBG getmany L70 nw=13 wall=0.185s thr(out)1 thr(in)16 conc_peak=13 pread=1.738s
DBG getmany L71 nw=14 wall=0.459s thr(out)1 thr(in)16 conc_peak=14 pread=5.979s
DBG getmany L72 nw=16 wall=0.362s thr(out)1 thr(in)16 conc_peak=16 pread=4.903s
DBG getmany L73 nw=16 wall=0.402s thr(out)1 thr(in)16 conc_peak=16 pread=5.856s
DBG getmany L74 nw=16 wall=0.240s thr(out)1 thr(in)16 conc_peak=16 pread=2.981s
DBG getmany L75 nw=16 wall=0.457s thr(out)1 thr(in)16 conc_peak=16 pread=6.191s
DBG getmany L76 nw=16 wall=0.393s thr(out)1 thr(in)16 conc_peak=16 pread=4.443s
DBG getmany L77 nw=14 wall=0.387s thr(out)1 thr(in)16 conc_peak=14 pread=4.343s
DBG getmany L78 nw=14 wall=0.269s thr(out)1 thr(in)16 conc_peak=14 pread=3.081s
DBG getmany L79 nw=15 wall=0.423s thr(out)1 thr(in)16 conc_peak=15 pread=5.561s
DBG getmany L80 nw=16 wall=0.367s thr(out)1 thr(in)16 conc_peak=16 pread=5.202s
DBG getmany L81 nw=15 wall=0.293s thr(out)1 thr(in)16 conc_peak=15 pread=3.310s
DBG getmany L82 nw=16 wall=0.238s thr(out)1 thr(in)16 conc_peak=16 pread=2.745s
DBG getmany L83 nw=14 wall=0.415s thr(out)1 thr(in)16 conc_peak=14 pread=5.093s
DBG getmany L84 nw=13 wall=0.347s thr(out)1 thr(in)16 conc_peak=13 pread=3.916s
DBG getmany L85 nw=15 wall=0.365s thr(out)1 thr(in)16 conc_peak=15 pread=4.542s
DBG getmany L86 nw=15 wall=0.183s thr(out)1 thr(in)16 conc_peak=15 pread=1.795s
DBG getmany L87 nw=14 wall=0.429s thr(out)1 thr(in)16 conc_peak=14 pread=4.878s
DBG getmany L88 nw=13 wall=0.298s thr(out)1 thr(in)16 conc_peak=13 pread=3.392s
DBG getmany L89 nw=14 wall=0.380s thr(out)1 thr(in)16 conc_peak=14 pread=4.239s
DBG getmany L90 nw=14 wall=0.191s thr(out)1 thr(in)16 conc_peak=14 pread=1.942s
DBG getmany L91 nw=12 wall=0.296s thr(out)1 thr(in)16 conc_peak=12 pread=2.955s
DBG getmany L92 nw=15 wall=0.182s thr(out)1 thr(in)16 conc_peak=15 pread=1.684s
4      2975       113.84       100.0      23.76      0.009
  L2   resident=6778/14589 slots hit=100.0% read=122.73GB write=0.00GB
DBG getmany L1 nw=13 wall=0.254s thr(out)1 thr(in)16 conc_peak=13 pread=2.756s
DBG getmany L2 nw=12 wall=0.168s thr(out)1 thr(in)16 conc_peak=12 pread=1.418s
DBG getmany L3 nw=11 wall=0.345s thr(out)1 thr(in)16 conc_peak=11 pread=2.843s
DBG getmany L4 nw=13 wall=0.330s thr(out)1 thr(in)16 conc_peak=13 pread=3.798s
DBG getmany L5 nw=12 wall=0.262s thr(out)1 thr(in)16 conc_peak=12 pread=2.409s
DBG getmany L6 nw=16 wall=0.181s thr(out)1 thr(in)16 conc_peak=16 pread=1.593s
DBG getmany L7 nw=15 wall=0.363s thr(out)1 thr(in)16 conc_peak=15 pread=4.157s
DBG getmany L8 nw=15 wall=0.246s thr(out)1 thr(in)16 conc_peak=15 pread=2.969s
DBG getmany L9 nw=12 wall=0.300s thr(out)1 thr(in)16 conc_peak=12 pread=3.372s
DBG getmany L10 nw=11 wall=0.168s thr(out)1 thr(in)16 conc_peak=11 pread=1.387s
DBG getmany L11 nw=12 wall=0.344s thr(out)1 thr(in)16 conc_peak=12 pread=3.494s
DBG getmany L12 nw=14 wall=0.289s thr(out)1 thr(in)16 conc_peak=14 pread=3.517s
DBG getmany L13 nw=13 wall=0.231s thr(out)1 thr(in)16 conc_peak=13 pread=2.087s
DBG getmany L14 nw=14 wall=0.229s thr(out)1 thr(in)16 conc_peak=14 pread=2.420s
DBG getmany L15 nw=12 wall=0.400s thr(out)1 thr(in)16 conc_peak=12 pread=4.298s
DBG getmany L16 nw=12 wall=0.248s thr(out)1 thr(in)16 conc_peak=12 pread=2.260s
DBG getmany L17 nw=14 wall=0.281s thr(out)1 thr(in)16 conc_peak=14 pread=3.104s
DBG getmany L18 nw=13 wall=0.168s thr(out)1 thr(in)16 conc_peak=13 pread=1.459s
DBG getmany L19 nw=13 wall=0.317s thr(out)1 thr(in)16 conc_peak=13 pread=3.008s
DBG getmany L20 nw=11 wall=0.266s thr(out)1 thr(in)16 conc_peak=11 pread=2.517s
DBG getmany L21 nw=14 wall=0.273s thr(out)1 thr(in)16 conc_peak=14 pread=2.752s
DBG getmany L22 nw=13 wall=0.187s thr(out)1 thr(in)16 conc_peak=13 pread=1.752s
DBG getmany L23 nw=13 wall=0.344s thr(out)1 thr(in)16 conc_peak=13 pread=3.937s
DBG getmany L24 nw=14 wall=0.332s thr(out)1 thr(in)16 conc_peak=14 pread=3.433s
DBG getmany L25 nw=16 wall=0.385s thr(out)1 thr(in)16 conc_peak=16 pread=5.172s
DBG getmany L26 nw=11 wall=0.236s thr(out)1 thr(in)16 conc_peak=10 pread=2.260s
DBG getmany L27 nw=15 wall=0.385s thr(out)1 thr(in)16 conc_peak=15 pread=5.016s
DBG getmany L28 nw=15 wall=0.275s thr(out)1 thr(in)16 conc_peak=15 pread=3.591s
DBG getmany L29 nw=14 wall=0.304s thr(out)1 thr(in)16 conc_peak=14 pread=3.835s
DBG getmany L30 nw=14 wall=0.158s thr(out)1 thr(in)16 conc_peak=14 pread=1.226s
DBG getmany L31 nw=14 wall=0.391s thr(out)1 thr(in)16 conc_peak=14 pread=4.951s
DBG getmany L32 nw=13 wall=0.328s thr(out)1 thr(in)16 conc_peak=13 pread=3.711s
DBG getmany L33 nw=9 wall=0.333s thr(out)1 thr(in)16 conc_peak=8 pread=2.662s
DBG getmany L34 nw=15 wall=0.230s thr(out)1 thr(in)16 conc_peak=15 pread=2.449s
DBG getmany L35 nw=15 wall=0.456s thr(out)1 thr(in)16 conc_peak=15 pread=6.006s
DBG getmany L36 nw=15 wall=0.347s thr(out)1 thr(in)16 conc_peak=15 pread=4.470s
DBG getmany L37 nw=14 wall=0.356s thr(out)1 thr(in)16 conc_peak=14 pread=4.211s
DBG getmany L38 nw=11 wall=0.178s thr(out)1 thr(in)16 conc_peak=11 pread=1.350s
DBG getmany L39 nw=12 wall=0.469s thr(out)1 thr(in)16 conc_peak=12 pread=4.172s
DBG getmany L40 nw=12 wall=0.296s thr(out)1 thr(in)16 conc_peak=12 pread=3.172s
DBG getmany L41 nw=12 wall=0.266s thr(out)1 thr(in)16 conc_peak=12 pread=2.568s
DBG getmany L42 nw=9 wall=0.174s thr(out)1 thr(in)16 conc_peak=9 pread=1.397s
DBG getmany L43 nw=11 wall=0.348s thr(out)1 thr(in)16 conc_peak=11 pread=2.855s
DBG getmany L44 nw=14 wall=0.261s thr(out)1 thr(in)16 conc_peak=14 pread=3.142s
DBG getmany L45 nw=11 wall=0.254s thr(out)1 thr(in)16 conc_peak=11 pread=2.182s
DBG getmany L46 nw=11 wall=0.138s thr(out)1 thr(in)16 conc_peak=11 pread=0.948s
DBG getmany L47 nw=13 wall=0.370s thr(out)1 thr(in)16 conc_peak=13 pread=3.621s
DBG getmany L48 nw=12 wall=0.282s thr(out)1 thr(in)16 conc_peak=12 pread=2.967s
DBG getmany L49 nw=15 wall=0.295s thr(out)1 thr(in)16 conc_peak=15 pread=3.499s
DBG getmany L50 nw=13 wall=0.177s thr(out)1 thr(in)16 conc_peak=13 pread=1.603s
DBG getmany L51 nw=13 wall=0.397s thr(out)1 thr(in)16 conc_peak=13 pread=4.397s
DBG getmany L52 nw=12 wall=0.307s thr(out)1 thr(in)16 conc_peak=12 pread=3.387s
DBG getmany L53 nw=13 wall=0.299s thr(out)1 thr(in)16 conc_peak=13 pread=3.096s
DBG getmany L54 nw=14 wall=0.240s thr(out)1 thr(in)16 conc_peak=14 pread=2.567s
DBG getmany L55 nw=13 wall=0.409s thr(out)1 thr(in)16 conc_peak=13 pread=4.655s
DBG getmany L56 nw=15 wall=0.321s thr(out)1 thr(in)16 conc_peak=15 pread=4.050s
DBG getmany L57 nw=15 wall=0.316s thr(out)1 thr(in)16 conc_peak=15 pread=4.185s
DBG getmany L58 nw=10 wall=0.161s thr(out)1 thr(in)16 conc_peak=10 pread=1.261s
DBG getmany L59 nw=10 wall=0.393s thr(out)1 thr(in)16 conc_peak=10 pread=3.529s
DBG getmany L60 nw=13 wall=0.258s thr(out)1 thr(in)16 conc_peak=13 pread=2.693s
DBG getmany L61 nw=14 wall=0.333s thr(out)1 thr(in)16 conc_peak=14 pread=3.947s
DBG getmany L62 nw=10 wall=0.188s thr(out)1 thr(in)16 conc_peak=10 pread=1.668s
DBG getmany L63 nw=14 wall=0.479s thr(out)1 thr(in)16 conc_peak=14 pread=6.012s
DBG getmany L64 nw=12 wall=0.312s thr(out)1 thr(in)16 conc_peak=12 pread=2.970s
DBG getmany L65 nw=13 wall=0.377s thr(out)1 thr(in)16 conc_peak=13 pread=3.774s
DBG getmany L66 nw=13 wall=0.177s thr(out)1 thr(in)16 conc_peak=13 pread=1.451s
DBG getmany L67 nw=14 wall=0.389s thr(out)1 thr(in)16 conc_peak=14 pread=4.345s
DBG getmany L68 nw=15 wall=0.357s thr(out)1 thr(in)16 conc_peak=15 pread=4.554s
DBG getmany L69 nw=10 wall=0.324s thr(out)1 thr(in)16 conc_peak=10 pread=3.015s
DBG getmany L70 nw=8 wall=0.145s thr(out)1 thr(in)16 conc_peak=8 pread=0.889s
DBG getmany L71 nw=13 wall=0.368s thr(out)1 thr(in)16 conc_peak=13 pread=3.863s
DBG getmany L72 nw=12 wall=0.361s thr(out)1 thr(in)16 conc_peak=12 pread=3.425s
DBG getmany L73 nw=12 wall=0.296s thr(out)1 thr(in)16 conc_peak=9 pread=2.811s
DBG getmany L74 nw=9 wall=0.131s thr(out)1 thr(in)16 conc_peak=9 pread=0.821s
DBG getmany L75 nw=8 wall=0.373s thr(out)1 thr(in)16 conc_peak=8 pread=2.435s
DBG getmany L76 nw=13 wall=0.331s thr(out)1 thr(in)16 conc_peak=13 pread=3.587s
DBG getmany L77 nw=9 wall=0.302s thr(out)1 thr(in)16 conc_peak=9 pread=2.332s
DBG getmany L78 nw=10 wall=0.160s thr(out)1 thr(in)16 conc_peak=10 pread=1.275s
DBG getmany L79 nw=9 wall=0.406s thr(out)1 thr(in)16 conc_peak=9 pread=3.034s
DBG getmany L80 nw=13 wall=0.292s thr(out)1 thr(in)16 conc_peak=13 pread=3.405s
DBG getmany L81 nw=14 wall=0.325s thr(out)1 thr(in)16 conc_peak=14 pread=3.576s
DBG getmany L82 nw=13 wall=0.233s thr(out)1 thr(in)16 conc_peak=13 pread=2.624s
DBG getmany L83 nw=12 wall=0.370s thr(out)1 thr(in)16 conc_peak=12 pread=3.270s
DBG getmany L84 nw=13 wall=0.298s thr(out)1 thr(in)16 conc_peak=13 pread=3.305s
DBG getmany L85 nw=13 wall=0.394s thr(out)1 thr(in)16 conc_peak=13 pread=3.752s
DBG getmany L86 nw=12 wall=0.176s thr(out)1 thr(in)16 conc_peak=12 pread=1.622s
DBG getmany L87 nw=9 wall=0.360s thr(out)1 thr(in)16 conc_peak=5 pread=2.734s
DBG getmany L88 nw=13 wall=0.245s thr(out)1 thr(in)16 conc_peak=13 pread=2.792s
DBG getmany L89 nw=10 wall=0.307s thr(out)1 thr(in)16 conc_peak=9 pread=2.386s
DBG getmany L90 nw=10 wall=0.158s thr(out)1 thr(in)16 conc_peak=10 pread=1.079s
DBG getmany L91 nw=9 wall=0.227s thr(out)1 thr(in)16 conc_peak=9 pread=1.598s
DBG getmany L92 nw=12 wall=0.116s thr(out)1 thr(in)16 conc_peak=12 pread=0.789s
5      15         101.33       100.0      20.13      0.010
  L2   resident=6778/14589 slots hit=100.0% read=142.85GB write=0.00GB
DBG getmany L1 nw=14 wall=0.161s thr(out)1 thr(in)16 conc_peak=14 pread=1.453s
DBG getmany L2 nw=12 wall=0.138s thr(out)1 thr(in)16 conc_peak=12 pread=1.100s
DBG getmany L3 nw=10 wall=0.265s thr(out)1 thr(in)16 conc_peak=10 pread=2.085s
DBG getmany L4 nw=12 wall=0.245s thr(out)1 thr(in)16 conc_peak=12 pread=2.431s
DBG getmany L5 nw=7 wall=0.170s thr(out)1 thr(in)16 conc_peak=7 pread=0.999s
DBG getmany L6 nw=15 wall=0.151s thr(out)1 thr(in)16 conc_peak=15 pread=1.404s
DBG getmany L7 nw=14 wall=0.351s thr(out)1 thr(in)16 conc_peak=14 pread=4.299s
DBG getmany L8 nw=14 wall=0.248s thr(out)1 thr(in)16 conc_peak=14 pread=2.724s
DBG getmany L9 nw=12 wall=0.242s thr(out)1 thr(in)16 conc_peak=12 pread=2.480s
DBG getmany L10 nw=10 wall=0.116s thr(out)1 thr(in)16 conc_peak=9 pread=0.690s
DBG getmany L11 nw=12 wall=0.319s thr(out)1 thr(in)16 conc_peak=12 pread=3.098s
DBG getmany L12 nw=13 wall=0.224s thr(out)1 thr(in)16 conc_peak=13 pread=2.667s
DBG getmany L13 nw=13 wall=0.304s thr(out)1 thr(in)16 conc_peak=13 pread=3.657s
DBG getmany L14 nw=16 wall=0.186s thr(out)1 thr(in)16 conc_peak=16 pread=1.929s
DBG getmany L15 nw=14 wall=0.338s thr(out)1 thr(in)16 conc_peak=14 pread=4.001s
DBG getmany L16 nw=11 wall=0.249s thr(out)1 thr(in)16 conc_peak=11 pread=2.207s
DBG getmany L17 nw=13 wall=0.200s thr(out)1 thr(in)16 conc_peak=13 pread=2.138s
DBG getmany L18 nw=12 wall=0.139s thr(out)1 thr(in)16 conc_peak=12 pread=1.124s
DBG getmany L19 nw=14 wall=0.341s thr(out)1 thr(in)16 conc_peak=14 pread=4.177s
DBG getmany L20 nw=10 wall=0.224s thr(out)1 thr(in)16 conc_peak=10 pread=1.727s
DBG getmany L21 nw=13 wall=0.227s thr(out)1 thr(in)16 conc_peak=13 pread=2.349s
DBG getmany L22 nw=10 wall=0.110s thr(out)1 thr(in)16 conc_peak=10 pread=0.688s
DBG getmany L23 nw=12 wall=0.247s thr(out)1 thr(in)16 conc_peak=12 pread=2.454s
DBG getmany L24 nw=15 wall=0.354s thr(out)1 thr(in)16 conc_peak=15 pread=4.303s
DBG getmany L25 nw=13 wall=0.305s thr(out)1 thr(in)16 conc_peak=13 pread=3.638s
DBG getmany L26 nw=13 wall=0.173s thr(out)1 thr(in)16 conc_peak=13 pread=1.534s
DBG getmany L27 nw=15 wall=0.282s thr(out)1 thr(in)16 conc_peak=15 pread=3.636s
DBG getmany L28 nw=14 wall=0.242s thr(out)1 thr(in)16 conc_peak=14 pread=2.594s
DBG getmany L29 nw=14 wall=0.334s thr(out)1 thr(in)16 conc_peak=14 pread=3.951s
DBG getmany L30 nw=11 wall=0.130s thr(out)1 thr(in)16 conc_peak=11 pread=0.911s
DBG getmany L31 nw=13 wall=0.371s thr(out)1 thr(in)16 conc_peak=13 pread=3.240s
DBG getmany L32 nw=11 wall=0.338s thr(out)1 thr(in)16 conc_peak=11 pread=3.142s
DBG getmany L33 nw=14 wall=0.342s thr(out)1 thr(in)16 conc_peak=14 pread=4.303s
DBG getmany L34 nw=14 wall=0.165s thr(out)1 thr(in)16 conc_peak=14 pread=1.551s
DBG getmany L35 nw=11 wall=0.490s thr(out)1 thr(in)16 conc_peak=11 pread=4.624s
DBG getmany L36 nw=14 wall=0.364s thr(out)1 thr(in)16 conc_peak=14 pread=4.163s
DBG getmany L37 nw=15 wall=0.352s thr(out)1 thr(in)16 conc_peak=15 pread=4.347s
DBG getmany L38 nw=11 wall=0.155s thr(out)1 thr(in)16 conc_peak=11 pread=1.248s
DBG getmany L39 nw=14 wall=0.441s thr(out)1 thr(in)16 conc_peak=14 pread=5.373s
DBG getmany L40 nw=13 wall=0.269s thr(out)1 thr(in)16 conc_peak=13 pread=2.698s
DBG getmany L41 nw=9 wall=0.271s thr(out)1 thr(in)16 conc_peak=9 pread=2.193s
DBG getmany L42 nw=9 wall=0.123s thr(out)1 thr(in)16 conc_peak=9 pread=0.657s
DBG getmany L43 nw=9 wall=0.420s thr(out)1 thr(in)16 conc_peak=9 pread=3.209s
DBG getmany L44 nw=12 wall=0.320s thr(out)1 thr(in)16 conc_peak=12 pread=3.026s
DBG getmany L45 nw=11 wall=0.333s thr(out)1 thr(in)16 conc_peak=11 pread=2.653s
DBG getmany L46 nw=11 wall=0.126s thr(out)1 thr(in)16 conc_peak=10 pread=0.880s
DBG getmany L47 nw=11 wall=0.278s thr(out)1 thr(in)16 conc_peak=11 pread=2.487s
DBG getmany L48 nw=13 wall=0.392s thr(out)1 thr(in)16 conc_peak=13 pread=4.354s
DBG getmany L49 nw=15 wall=0.356s thr(out)1 thr(in)16 conc_peak=15 pread=4.197s
DBG getmany L50 nw=12 wall=0.178s thr(out)1 thr(in)16 conc_peak=11 pread=1.645s
DBG getmany L51 nw=12 wall=0.386s thr(out)1 thr(in)16 conc_peak=12 pread=3.940s
DBG getmany L52 nw=13 wall=0.302s thr(out)1 thr(in)16 conc_peak=13 pread=3.408s
DBG getmany L53 nw=12 wall=0.305s thr(out)1 thr(in)16 conc_peak=12 pread=3.136s
DBG getmany L54 nw=12 wall=0.123s thr(out)1 thr(in)16 conc_peak=12 pread=0.911s
DBG getmany L55 nw=12 wall=0.367s thr(out)1 thr(in)16 conc_peak=12 pread=3.533s
DBG getmany L56 nw=13 wall=0.274s thr(out)1 thr(in)16 conc_peak=13 pread=3.053s
DBG getmany L57 nw=15 wall=0.316s thr(out)1 thr(in)16 conc_peak=15 pread=4.077s
DBG getmany L58 nw=11 wall=0.197s thr(out)1 thr(in)16 conc_peak=11 pread=1.913s
DBG getmany L59 nw=9 wall=0.331s thr(out)1 thr(in)16 conc_peak=9 pread=2.565s
DBG getmany L60 nw=12 wall=0.310s thr(out)1 thr(in)16 conc_peak=11 pread=3.273s
DBG getmany L61 nw=13 wall=0.315s thr(out)1 thr(in)16 conc_peak=13 pread=2.702s
DBG getmany L62 nw=14 wall=0.192s thr(out)1 thr(in)16 conc_peak=14 pread=1.724s
DBG getmany L63 nw=12 wall=0.415s thr(out)1 thr(in)16 conc_peak=12 pread=4.547s
DBG getmany L64 nw=12 wall=0.340s thr(out)1 thr(in)16 conc_peak=12 pread=3.335s
DBG getmany L65 nw=11 wall=0.329s thr(out)1 thr(in)16 conc_peak=11 pread=3.119s
DBG getmany L66 nw=11 wall=0.206s thr(out)1 thr(in)16 conc_peak=11 pread=1.964s
DBG getmany L67 nw=14 wall=0.348s thr(out)1 thr(in)16 conc_peak=14 pread=4.163s
DBG getmany L68 nw=13 wall=0.264s thr(out)1 thr(in)16 conc_peak=13 pread=2.982s
DBG getmany L69 nw=12 wall=0.298s thr(out)1 thr(in)16 conc_peak=9 pread=2.841s
DBG getmany L70 nw=11 wall=0.171s thr(out)1 thr(in)16 conc_peak=11 pread=1.171s
DBG getmany L71 nw=14 wall=0.420s thr(out)1 thr(in)16 conc_peak=14 pread=5.480s
DBG getmany L72 nw=12 wall=0.382s thr(out)1 thr(in)16 conc_peak=12 pread=4.370s
DBG getmany L73 nw=13 wall=0.299s thr(out)1 thr(in)16 conc_peak=13 pread=3.064s
DBG getmany L74 nw=10 wall=0.154s thr(out)1 thr(in)16 conc_peak=10 pread=1.029s
DBG getmany L75 nw=10 wall=0.388s thr(out)1 thr(in)16 conc_peak=10 pread=3.019s
DBG getmany L76 nw=13 wall=0.291s thr(out)1 thr(in)16 conc_peak=13 pread=3.062s
DBG getmany L77 nw=11 wall=0.328s thr(out)1 thr(in)16 conc_peak=11 pread=2.719s
DBG getmany L78 nw=11 wall=0.127s thr(out)1 thr(in)16 conc_peak=11 pread=0.878s
DBG getmany L79 nw=10 wall=0.399s thr(out)1 thr(in)16 conc_peak=10 pread=2.921s
DBG getmany L80 nw=13 wall=0.302s thr(out)1 thr(in)16 conc_peak=13 pread=2.856s
DBG getmany L81 nw=14 wall=0.349s thr(out)1 thr(in)16 conc_peak=14 pread=4.384s
DBG getmany L82 nw=13 wall=0.200s thr(out)1 thr(in)16 conc_peak=13 pread=2.031s
DBG getmany L83 nw=12 wall=0.387s thr(out)1 thr(in)16 conc_peak=12 pread=3.617s
DBG getmany L84 nw=13 wall=0.350s thr(out)1 thr(in)16 conc_peak=13 pread=4.197s
DBG getmany L85 nw=13 wall=0.331s thr(out)1 thr(in)16 conc_peak=13 pread=3.871s
DBG getmany L86 nw=12 wall=0.302s thr(out)1 thr(in)16 conc_peak=12 pread=3.067s
DBG getmany L87 nw=10 wall=0.336s thr(out)1 thr(in)16 conc_peak=10 pread=3.012s
DBG getmany L88 nw=13 wall=0.268s thr(out)1 thr(in)16 conc_peak=13 pread=2.809s
DBG getmany L89 nw=10 wall=0.311s thr(out)1 thr(in)16 conc_peak=9 pread=2.600s
DBG getmany L90 nw=9 wall=0.143s thr(out)1 thr(in)16 conc_peak=8 pread=0.917s
DBG getmany L91 nw=9 wall=0.246s thr(out)1 thr(in)16 conc_peak=9 pread=1.812s
DBG getmany L92 nw=12 wall=0.115s thr(out)1 thr(in)16 conc_peak=12 pread=0.855s
6      3629       99.82        99.8       19.72      0.010
  L2   resident=6778/14589 slots hit=100.0% read=162.52GB write=0.00GB
DBG getmany L1 nw=15 wall=0.232s thr(out)1 thr(in)16 conc_peak=15 pread=2.815s
DBG getmany L2 nw=14 wall=0.161s thr(out)1 thr(in)16 conc_peak=14 pread=1.559s
DBG getmany L3 nw=10 wall=0.308s thr(out)1 thr(in)16 conc_peak=10 pread=2.617s
DBG getmany L4 nw=14 wall=0.265s thr(out)1 thr(in)16 conc_peak=14 pread=3.088s
DBG getmany L5 nw=13 wall=0.202s thr(out)1 thr(in)16 conc_peak=13 pread=2.069s
DBG getmany L6 nw=15 wall=0.168s thr(out)1 thr(in)16 conc_peak=15 pread=1.724s
DBG getmany L7 nw=15 wall=0.363s thr(out)1 thr(in)16 conc_peak=15 pread=4.537s
DBG getmany L8 nw=15 wall=0.275s thr(out)1 thr(in)16 conc_peak=15 pread=3.562s
DBG getmany L9 nw=15 wall=0.275s thr(out)1 thr(in)16 conc_peak=15 pread=3.453s
DBG getmany L10 nw=12 wall=0.152s thr(out)1 thr(in)16 conc_peak=12 pread=1.243s
DBG getmany L11 nw=13 wall=0.328s thr(out)1 thr(in)16 conc_peak=13 pread=3.774s
DBG getmany L12 nw=13 wall=0.246s thr(out)1 thr(in)16 conc_peak=13 pread=2.882s
DBG getmany L13 nw=15 wall=0.287s thr(out)1 thr(in)16 conc_peak=15 pread=3.507s
DBG getmany L14 nw=16 wall=0.175s thr(out)1 thr(in)16 conc_peak=16 pread=1.716s
DBG getmany L15 nw=15 wall=0.343s thr(out)1 thr(in)16 conc_peak=15 pread=4.271s
DBG getmany L16 nw=14 wall=0.226s thr(out)1 thr(in)16 conc_peak=14 pread=2.599s
DBG getmany L17 nw=13 wall=0.248s thr(out)1 thr(in)16 conc_peak=13 pread=2.580s
DBG getmany L18 nw=11 wall=0.134s thr(out)1 thr(in)16 conc_peak=11 pread=0.741s
DBG getmany L19 nw=15 wall=0.355s thr(out)1 thr(in)16 conc_peak=15 pread=3.896s
DBG getmany L20 nw=12 wall=0.196s thr(out)1 thr(in)16 conc_peak=12 pread=1.868s
DBG getmany L21 nw=14 wall=0.272s thr(out)1 thr(in)16 conc_peak=14 pread=3.408s
DBG getmany L22 nw=14 wall=0.146s thr(out)1 thr(in)16 conc_peak=14 pread=1.253s
DBG getmany L23 nw=14 wall=0.325s thr(out)1 thr(in)16 conc_peak=14 pread=4.215s
DBG getmany L24 nw=15 wall=0.258s thr(out)1 thr(in)16 conc_peak=15 pread=3.094s
DBG getmany L25 nw=13 wall=0.324s thr(out)1 thr(in)16 conc_peak=13 pread=2.934s
DBG getmany L26 nw=14 wall=0.150s thr(out)1 thr(in)16 conc_peak=14 pread=1.304s
DBG getmany L27 nw=16 wall=0.523s thr(out)1 thr(in)16 conc_peak=16 pread=3.943s
DBG getmany L28 nw=15 wall=0.939s thr(out)1 thr(in)16 conc_peak=15 pread=5.640s
DBG getmany L29 nw=13 wall=0.869s thr(out)1 thr(in)16 conc_peak=13 pread=6.599s
DBG getmany L30 nw=12 wall=0.320s thr(out)1 thr(in)16 conc_peak=12 pread=3.451s
DBG getmany L31 nw=15 wall=0.515s thr(out)1 thr(in)16 conc_peak=15 pread=3.151s
DBG getmany L32 nw=12 wall=0.768s thr(out)1 thr(in)16 conc_peak=12 pread=4.757s
DBG getmany L33 nw=14 wall=0.294s thr(out)1 thr(in)16 conc_peak=14 pread=3.393s
DBG getmany L34 nw=13 wall=0.201s thr(out)1 thr(in)16 conc_peak=13 pread=2.018s
DBG getmany L35 nw=13 wall=0.381s thr(out)1 thr(in)16 conc_peak=13 pread=3.993s
DBG getmany L36 nw=13 wall=0.334s thr(out)1 thr(in)16 conc_peak=13 pread=3.466s
DBG getmany L37 nw=14 wall=0.346s thr(out)1 thr(in)16 conc_peak=14 pread=4.348s
DBG getmany L38 nw=12 wall=0.206s thr(out)1 thr(in)16 conc_peak=12 pread=1.982s
DBG getmany L39 nw=13 wall=0.398s thr(out)1 thr(in)16 conc_peak=13 pread=4.568s
DBG getmany L40 nw=13 wall=0.598s thr(out)1 thr(in)16 conc_peak=13 pread=4.214s
DBG getmany L41 nw=11 wall=0.260s thr(out)1 thr(in)16 conc_peak=11 pread=2.475s
DBG getmany L42 nw=9 wall=0.133s thr(out)1 thr(in)16 conc_peak=9 pread=0.824s
DBG getmany L43 nw=10 wall=0.359s thr(out)1 thr(in)16 conc_peak=10 pread=3.435s
DBG getmany L44 nw=13 wall=0.303s thr(out)1 thr(in)16 conc_peak=13 pread=3.682s
DBG getmany L45 nw=14 wall=0.283s thr(out)1 thr(in)16 conc_peak=14 pread=3.433s
DBG getmany L46 nw=13 wall=0.184s thr(out)1 thr(in)16 conc_peak=13 pread=1.767s
DBG getmany L47 nw=13 wall=0.510s thr(out)1 thr(in)16 conc_peak=13 pread=6.003s
DBG getmany L48 nw=12 wall=0.275s thr(out)1 thr(in)16 conc_peak=12 pread=2.562s
DBG getmany L49 nw=15 wall=0.365s thr(out)1 thr(in)16 conc_peak=15 pread=4.663s
DBG getmany L50 nw=14 wall=0.232s thr(out)1 thr(in)16 conc_peak=14 pread=2.578s
DBG getmany L51 nw=12 wall=0.434s thr(out)1 thr(in)16 conc_peak=9 pread=2.001s
DBG getmany L52 nw=12 wall=0.324s thr(out)1 thr(in)16 conc_peak=12 pread=2.561s
DBG getmany L53 nw=13 wall=0.287s thr(out)1 thr(in)16 conc_peak=13 pread=3.117s
DBG getmany L54 nw=12 wall=0.562s thr(out)1 thr(in)16 conc_peak=12 pread=2.622s
DBG getmany L55 nw=15 wall=0.885s thr(out)1 thr(in)16 conc_peak=15 pread=11.036s
DBG getmany L56 nw=13 wall=0.335s thr(out)1 thr(in)16 conc_peak=13 pread=3.476s
DBG getmany L57 nw=16 wall=0.339s thr(out)1 thr(in)16 conc_peak=16 pread=4.499s
DBG getmany L58 nw=11 wall=0.212s thr(out)1 thr(in)16 conc_peak=11 pread=1.696s
DBG getmany L59 nw=11 wall=0.314s thr(out)1 thr(in)16 conc_peak=11 pread=3.050s
DBG getmany L60 nw=13 wall=0.295s thr(out)1 thr(in)16 conc_peak=13 pread=3.240s
DBG getmany L61 nw=15 wall=0.338s thr(out)1 thr(in)16 conc_peak=15 pread=4.561s
DBG getmany L62 nw=12 wall=0.198s thr(out)1 thr(in)16 conc_peak=12 pread=1.865s
DBG getmany L63 nw=13 wall=0.445s thr(out)1 thr(in)16 conc_peak=13 pread=5.145s
DBG getmany L64 nw=13 wall=0.285s thr(out)1 thr(in)16 conc_peak=13 pread=3.095s
DBG getmany L65 nw=13 wall=0.413s thr(out)1 thr(in)16 conc_peak=13 pread=3.093s
DBG getmany L66 nw=13 wall=0.478s thr(out)1 thr(in)16 conc_peak=13 pread=1.465s
DBG getmany L67 nw=13 wall=0.451s thr(out)1 thr(in)16 conc_peak=13 pread=3.827s
DBG getmany L68 nw=15 wall=0.286s thr(out)1 thr(in)16 conc_peak=15 pread=3.885s
DBG getmany L69 nw=13 wall=0.330s thr(out)1 thr(in)16 conc_peak=13 pread=3.935s
DBG getmany L70 nw=12 wall=0.164s thr(out)1 thr(in)16 conc_peak=12 pread=1.442s
DBG getmany L71 nw=13 wall=0.429s thr(out)1 thr(in)16 conc_peak=13 pread=5.097s
DBG getmany L72 nw=12 wall=0.312s thr(out)1 thr(in)16 conc_peak=12 pread=3.388s
DBG getmany L73 nw=14 wall=0.358s thr(out)1 thr(in)16 conc_peak=14 pread=4.565s
DBG getmany L74 nw=9 wall=0.106s thr(out)1 thr(in)16 conc_peak=9 pread=0.603s
DBG getmany L75 nw=11 wall=0.323s thr(out)1 thr(in)16 conc_peak=11 pread=2.761s
DBG getmany L76 nw=11 wall=0.261s thr(out)1 thr(in)16 conc_peak=11 pread=2.681s
DBG getmany L77 nw=12 wall=0.357s thr(out)1 thr(in)16 conc_peak=12 pread=3.746s
DBG getmany L78 nw=12 wall=0.173s thr(out)1 thr(in)16 conc_peak=12 pread=1.590s
DBG getmany L79 nw=10 wall=0.409s thr(out)1 thr(in)16 conc_peak=10 pread=3.554s
DBG getmany L80 nw=14 wall=0.265s thr(out)1 thr(in)16 conc_peak=14 pread=2.907s
DBG getmany L81 nw=15 wall=0.389s thr(out)1 thr(in)16 conc_peak=15 pread=4.274s
DBG getmany L82 nw=13 wall=0.172s thr(out)1 thr(in)16 conc_peak=13 pread=1.561s
DBG getmany L83 nw=11 wall=0.278s thr(out)1 thr(in)16 conc_peak=11 pread=2.619s
DBG getmany L84 nw=15 wall=0.282s thr(out)1 thr(in)16 conc_peak=15 pread=3.836s
DBG getmany L85 nw=13 wall=0.298s thr(out)1 thr(in)16 conc_peak=11 pread=3.541s
DBG getmany L86 nw=13 wall=0.154s thr(out)1 thr(in)16 conc_peak=13 pread=1.414s
DBG getmany L87 nw=11 wall=0.344s thr(out)1 thr(in)16 conc_peak=11 pread=2.954s
DBG getmany L88 nw=13 wall=0.349s thr(out)1 thr(in)16 conc_peak=13 pread=3.662s
DBG getmany L89 nw=9 wall=0.269s thr(out)1 thr(in)16 conc_peak=9 pread=1.916s
DBG getmany L90 nw=11 wall=0.139s thr(out)1 thr(in)16 conc_peak=11 pread=0.970s
DBG getmany L91 nw=11 wall=0.232s thr(out)1 thr(in)16 conc_peak=11 pread=2.177s
DBG getmany L92 nw=14 wall=0.139s thr(out)1 thr(in)16 conc_peak=14 pread=1.189s
7      1389       107.49       100.0      21.02      0.009
  L2   resident=6778/14589 slots hit=100.0% read=183.47GB write=0.05GB
--------------------------------------------------------------------
8 tokens in 871.8 s, 108.97 s/token average
PEAK RSS for the whole run: 22.81 GB   <- quote this, not the plan
layers completed: 93/93; routed expert drops: 0


[chip] simulated MXFP4 GEMV bill over 9 tokens
  11776 expert chains | 777925951488 flops | 206636580864 bytes (206.64 GB)
  per token: 1308 chains | 22.96 GB | 0.09 Gflops
  compute wall @ 4 TFLOPS : 0.19 s (21.61 ms/token)
  bandwidth wall @ 200 GB/s : 1.03 s (114.80 ms/token)
  -> bandwidth-bound; to be compute-bound at 4 TFLOPS this needs 1062 GB/s
  expert fetch (host wall, measured): 258.73 s moving 206.64 GB = 1 GB/s
  chip pool wall (measured): 315.77 s

cache [final step]
  slots        : 780 of 17.56 MB = 13.69 GB arena (780 resident, 0 pinned)
  requests     : 1472  hits 1472 (100.00%)  misses 0  evictions 1198
  of those hits : 1198 came from the batch prefetch, i.e. read from disk
                  this token; TRUE resident hit rate 18.61%
  read from disk: 21.02 GB in 29.42 s (714 MB/s while loading)
  phase2 i/o    : 21.03 GB in 29.42 s (715 MB/s)  [pure parallel disk read]
l2cache [final step]
  requests     : 10459  hits 10456 (99.97%)  misses 3
  read  from sdd7: 183.47 GB, written 0.05 GB
  hit I/O   : 183.47 GB in 251.03 s (wall) = 731 MB/s [pread 2895.17 s, 63 MB/s per-thread]
  miss I/O  : 3 misses, 0.05 GB from /model in 0.21 s (wall) = 246 MB/s
  restored from meta: 6778 slots

wrote /mnt/f/kimi-k3-in-c/reports/gateab_ab/v0_repeat-20260926_132450/ctrl.json
I/O share of wall clock: 73.5%  (trunk 388.8 s + experts 252.0 s of 871.8 s)
  both figures are WHOLE-RUN totals over 8 steps
  experts, whole run: 183.65 GB read | 2090 of 11776 requests retained in RAM (17.75%) | 9686 evictions
    (retention = requests - evictions; the raw `hits` counter includes
     experts the prefetcher had just read from disk, so it is not a
     measure of avoided I/O)

trunk [final]
  pinned 1/93 layers, ring 2 slots
  binds 744, hits 7 (0.9%), reads 737
  read 436.45 GB in 388.82 s (1123 MB/s pread)
  per-layer loads [L]=count: 0=1 1=8 2=8 3=8 4=8 5=8 6=8 7=8 8=8 9=8 10=8 11=8 12=8 13=8 14=8 15=8 16=8 17=8 18=8 19=8 20=8 21=8 22=8 23=8 24=8 25=8 26=8 27=8 28=8 29=8 30=8 31=8 32=8 33=8 34=8 35=8 36=8 37=8 38=8 39=8 40=8 41=8 42=8 43=8 44=8 45=8 46=8 47=8 48=8 49=8 50=8 51=8 52=8 53=8 54=8 55=8 56=8 57=8 58=8 59=8 60=8 61=8 62=8 63=8 64=8 65=8 66=8 67=8 68=8 69=8 70=8 71=8 72=8 73=8 74=8 75=8 76=8 77=8 78=8 79=8 80=8 81=8 82=8 83=8 84=8 85=8 86=8 87=8 88=8 89=8 90=8 91=8 92=8
  bind wall 6.12 s over 744 binds; read 388.82 + widen 3.39 = 392.21 s of device work,
                    of which 386.09 s (98%) overlapped compute on the reader thread
  widen breakdown: find 123 ms (19640)  copy 0 ms (9184)  deq 3254 ms (6320)  timed 3 s of widen 3.39 s
TIME_ELAPSED=915.24
