layer-bundle plan: resident 7/93 layers -> trunk 13.8 GB (incl ring) / expert arena 5.2 GB [L2-alive expert preload] (horizon 2 passes, alive-bounded)
k3 chip: 4 workers, 4 TFLOPS, 200 GB/s simulated wall
DBG getmany L1 nw=16 wall=1.592s thr(out)1 thr(in)16 conc_peak=16 pread=22.840s
DBG getmany L2 nw=16 wall=1.607s thr(out)1 thr(in)16 conc_peak=16 pread=15.066s
DBG getmany L3 nw=16 wall=1.337s thr(out)1 thr(in)16 conc_peak=16 pread=18.095s
DBG getmany L4 nw=16 wall=3.644s thr(out)1 thr(in)16 conc_peak=16 pread=57.236s
DBG getmany L5 nw=16 wall=1.025s thr(out)1 thr(in)16 conc_peak=16 pread=9.256s
DBG getmany L6 nw=16 wall=0.921s thr(out)1 thr(in)16 conc_peak=16 pread=8.869s
DBG getmany L7 nw=16 wall=0.883s thr(out)1 thr(in)16 conc_peak=16 pread=11.912s
DBG getmany L8 nw=16 wall=0.889s thr(out)1 thr(in)16 conc_peak=16 pread=11.950s
DBG getmany L9 nw=16 wall=1.236s thr(out)1 thr(in)16 conc_peak=16 pread=10.963s
DBG getmany L10 nw=16 wall=1.080s thr(out)1 thr(in)16 conc_peak=16 pread=14.283s
DBG getmany L11 nw=16 wall=0.788s thr(out)1 thr(in)16 conc_peak=16 pread=11.237s
DBG getmany L12 nw=16 wall=0.438s thr(out)1 thr(in)16 conc_peak=16 pread=5.687s
DBG getmany L13 nw=16 wall=0.420s thr(out)1 thr(in)16 conc_peak=16 pread=4.461s
DBG getmany L14 nw=16 wall=0.406s thr(out)1 thr(in)16 conc_peak=16 pread=5.311s
DBG getmany L15 nw=16 wall=0.477s thr(out)1 thr(in)16 conc_peak=16 pread=6.601s
DBG getmany L16 nw=16 wall=0.406s thr(out)1 thr(in)16 conc_peak=16 pread=5.347s
DBG getmany L17 nw=16 wall=0.392s thr(out)1 thr(in)16 conc_peak=16 pread=5.128s
DBG getmany L18 nw=16 wall=0.536s thr(out)1 thr(in)16 conc_peak=16 pread=7.386s
DBG getmany L19 nw=16 wall=0.407s thr(out)1 thr(in)16 conc_peak=16 pread=5.202s
DBG getmany L20 nw=16 wall=0.494s thr(out)1 thr(in)16 conc_peak=16 pread=4.626s
DBG getmany L21 nw=16 wall=0.412s thr(out)1 thr(in)16 conc_peak=16 pread=4.501s
DBG getmany L22 nw=16 wall=0.273s thr(out)1 thr(in)16 conc_peak=16 pread=3.389s
DBG getmany L23 nw=16 wall=0.461s thr(out)1 thr(in)16 conc_peak=16 pread=5.163s
DBG getmany L24 nw=16 wall=0.461s thr(out)1 thr(in)16 conc_peak=16 pread=5.522s
DBG getmany L25 nw=16 wall=0.476s thr(out)1 thr(in)16 conc_peak=16 pread=5.658s
DBG getmany L26 nw=16 wall=0.357s thr(out)1 thr(in)16 conc_peak=16 pread=5.013s
DBG getmany L27 nw=16 wall=0.432s thr(out)1 thr(in)16 conc_peak=16 pread=5.809s
DBG getmany L28 nw=16 wall=0.519s thr(out)1 thr(in)16 conc_peak=16 pread=2.622s
DBG getmany L29 nw=16 wall=0.469s thr(out)1 thr(in)16 conc_peak=16 pread=4.229s
DBG getmany L30 nw=16 wall=0.342s thr(out)1 thr(in)16 conc_peak=16 pread=5.016s
DBG getmany L31 nw=16 wall=0.498s thr(out)1 thr(in)16 conc_peak=16 pread=7.465s
DBG getmany L32 nw=16 wall=0.534s thr(out)1 thr(in)16 conc_peak=16 pread=5.561s
DBG getmany L33 nw=16 wall=0.506s thr(out)1 thr(in)16 conc_peak=16 pread=7.235s
DBG getmany L34 nw=16 wall=0.327s thr(out)1 thr(in)16 conc_peak=16 pread=4.449s
DBG getmany L35 nw=16 wall=9.620s thr(out)1 thr(in)16 conc_peak=16 pread=120.254s
DBG getmany L36 nw=16 wall=2.155s thr(out)1 thr(in)16 conc_peak=16 pread=32.236s
DBG getmany L37 nw=16 wall=0.513s thr(out)1 thr(in)16 conc_peak=16 pread=7.028s
DBG getmany L38 nw=16 wall=5.999s thr(out)1 thr(in)16 conc_peak=16 pread=62.801s
DBG getmany L39 nw=16 wall=5.885s thr(out)1 thr(in)16 conc_peak=16 pread=88.673s
DBG getmany L40 nw=16 wall=0.443s thr(out)1 thr(in)16 conc_peak=16 pread=5.529s
DBG getmany L41 nw=16 wall=0.162s thr(out)1 thr(in)16 conc_peak=16 pread=1.598s
DBG getmany L42 nw=16 wall=0.341s thr(out)1 thr(in)16 conc_peak=16 pread=4.444s
DBG getmany L43 nw=16 wall=0.549s thr(out)1 thr(in)16 conc_peak=16 pread=6.171s
DBG getmany L44 nw=16 wall=0.478s thr(out)1 thr(in)16 conc_peak=16 pread=6.656s
DBG getmany L45 nw=16 wall=0.481s thr(out)1 thr(in)16 conc_peak=16 pread=6.363s
DBG getmany L46 nw=16 wall=0.397s thr(out)1 thr(in)16 conc_peak=16 pread=5.562s
DBG getmany L47 nw=16 wall=0.579s thr(out)1 thr(in)16 conc_peak=16 pread=8.657s
DBG getmany L48 nw=16 wall=0.480s thr(out)1 thr(in)16 conc_peak=16 pread=6.821s
DBG getmany L49 nw=16 wall=0.550s thr(out)1 thr(in)16 conc_peak=16 pread=6.917s
DBG getmany L50 nw=16 wall=0.448s thr(out)1 thr(in)16 conc_peak=16 pread=6.048s
DBG getmany L51 nw=16 wall=0.551s thr(out)1 thr(in)16 conc_peak=16 pread=6.346s
DBG getmany L52 nw=16 wall=0.534s thr(out)1 thr(in)16 conc_peak=16 pread=7.157s
DBG getmany L53 nw=16 wall=0.489s thr(out)1 thr(in)16 conc_peak=16 pread=6.107s
DBG getmany L54 nw=16 wall=0.427s thr(out)1 thr(in)16 conc_peak=16 pread=5.800s
DBG getmany L55 nw=16 wall=0.525s thr(out)1 thr(in)16 conc_peak=16 pread=7.784s
DBG getmany L56 nw=16 wall=0.462s thr(out)1 thr(in)16 conc_peak=16 pread=5.279s
DBG getmany L57 nw=16 wall=0.458s thr(out)1 thr(in)16 conc_peak=16 pread=6.549s
DBG getmany L58 nw=16 wall=0.402s thr(out)1 thr(in)16 conc_peak=16 pread=5.316s
DBG getmany L59 nw=16 wall=0.561s thr(out)1 thr(in)16 conc_peak=16 pread=7.852s
DBG getmany L60 nw=16 wall=0.504s thr(out)1 thr(in)16 conc_peak=16 pread=7.463s
DBG getmany L61 nw=16 wall=0.576s thr(out)1 thr(in)16 conc_peak=16 pread=8.052s
DBG getmany L62 nw=16 wall=0.353s thr(out)1 thr(in)16 conc_peak=16 pread=4.629s
DBG getmany L63 nw=16 wall=0.560s thr(out)1 thr(in)16 conc_peak=16 pread=7.050s
DBG getmany L64 nw=16 wall=0.482s thr(out)1 thr(in)16 conc_peak=16 pread=5.219s
DBG getmany L65 nw=16 wall=0.532s thr(out)1 thr(in)16 conc_peak=16 pread=7.742s
DBG getmany L66 nw=16 wall=0.381s thr(out)1 thr(in)16 conc_peak=16 pread=5.249s
DBG getmany L67 nw=16 wall=0.517s thr(out)1 thr(in)16 conc_peak=16 pread=7.553s
DBG getmany L68 nw=16 wall=0.583s thr(out)1 thr(in)16 conc_peak=16 pread=7.497s
DBG getmany L69 nw=16 wall=0.545s thr(out)1 thr(in)16 conc_peak=16 pread=6.871s
DBG getmany L70 nw=16 wall=0.378s thr(out)1 thr(in)16 conc_peak=16 pread=5.193s
DBG getmany L71 nw=16 wall=0.552s thr(out)1 thr(in)16 conc_peak=16 pread=7.150s
DBG getmany L72 nw=16 wall=0.536s thr(out)1 thr(in)16 conc_peak=16 pread=6.357s
DBG getmany L73 nw=16 wall=0.539s thr(out)1 thr(in)16 conc_peak=16 pread=6.578s
DBG getmany L74 nw=16 wall=0.374s thr(out)1 thr(in)16 conc_peak=16 pread=4.943s
DBG getmany L75 nw=16 wall=0.548s thr(out)1 thr(in)16 conc_peak=16 pread=7.692s
DBG getmany L76 nw=16 wall=0.494s thr(out)1 thr(in)16 conc_peak=16 pread=6.926s
DBG getmany L77 nw=16 wall=0.546s thr(out)1 thr(in)16 conc_peak=16 pread=7.005s
DBG getmany L78 nw=16 wall=0.368s thr(out)1 thr(in)16 conc_peak=16 pread=4.473s
DBG getmany L79 nw=16 wall=0.515s thr(out)1 thr(in)16 conc_peak=16 pread=7.586s
DBG getmany L80 nw=16 wall=0.461s thr(out)1 thr(in)16 conc_peak=16 pread=6.401s
DBG getmany L81 nw=16 wall=0.474s thr(out)1 thr(in)16 conc_peak=16 pread=5.296s
DBG getmany L82 nw=16 wall=0.321s thr(out)1 thr(in)16 conc_peak=16 pread=4.285s
DBG getmany L83 nw=16 wall=0.519s thr(out)1 thr(in)16 conc_peak=16 pread=7.425s
DBG getmany L84 nw=16 wall=0.447s thr(out)1 thr(in)16 conc_peak=16 pread=5.351s
DBG getmany L85 nw=16 wall=0.340s thr(out)1 thr(in)16 conc_peak=16 pread=4.348s
DBG getmany L86 nw=16 wall=0.439s thr(out)1 thr(in)16 conc_peak=16 pread=3.000s
DBG getmany L87 nw=16 wall=0.467s thr(out)1 thr(in)16 conc_peak=16 pread=5.823s
DBG getmany L88 nw=16 wall=0.496s thr(out)1 thr(in)16 conc_peak=16 pread=7.218s
DBG getmany L89 nw=16 wall=0.456s thr(out)1 thr(in)16 conc_peak=16 pread=6.542s
DBG getmany L90 nw=16 wall=0.312s thr(out)1 thr(in)16 conc_peak=16 pread=4.175s
DBG getmany L91 nw=16 wall=0.362s thr(out)1 thr(in)16 conc_peak=16 pread=4.433s
DBG getmany L92 nw=16 wall=0.159s thr(out)1 thr(in)16 conc_peak=16 pread=1.534s
config: /model/config.json (nested shape) | hidden=7168 layers=93 vocab=163840 | 24 MLA + 69 KDA | experts 896 top16 shared2 | latent=3584
  KV cache : 9.48 MB for 4 positions (2.37 MB/position)
Kimi K3, pure C, released checkpoint
  model    : /model
  prompt   : 1 tokens, generating 2

indexed 497220 tensors from 96 shards in 4.96 s
trunk on disk : 110.00 GB total (STREAMED from /mnt/nvme/trunk_layers_out, not held in RAM)

memory plan
  trunk (STREAMED) 13.81 GB
  embed + lm_head  4.70 GB
  expert cache     5.19 GB
  recurrent state  626.25 MB
  buffers          4.01 MB
  KV cache         9.46 MB
  TOTAL            24.34 GB
  available        28.61 GB

k3_trunk: trunk.bin absent - using per-layer slices (layer_%03d.bin)
trunk stream: 56.60 GB packed, 7/93 layers PINNED (10.82 GB), ring 2 x 1.30 GB
              reads use buffered I/O
              ring holds 2 slots: layers repeat over ~2 tokens, so recent ones are reused instead of re-read
trunk streaming enabled from /mnt/nvme/trunk_layers_out in 0.0 s
embedding, final norm and lm_head: 4.70 GB in 69.2 s

expert L1 eviction policy: heat
expert arena: resident-layer first-touch pins armed for 7 layers
expert L2 cache enabled: 17096 slots x 17.55 MB = 299.99 GB on /mnt/nvme/experts.l2
expert L2 eviction policy: heat
peak RSS after loading weights: 4.79 GB  (the plan above is a forecast, this is measured)
expert cache: 295 slots x 17.56 MB = 5.18 GB (0.36% of the 1.45 TB expert pool)

recurrent state for 93 layers: 626.25 MB

incremental decode: KV cache 9.46 MB for 24 MLA layers at 4 positions

speculative decode: up to 4 drafted tokens per sweep, n-gram lookup, verified batched

STEP   TOKEN      SECONDS      CACHE HIT  READ GB    TOK/S
--------------------------------------------------------------------
0      220        183.67       100.0      25.83      0.005
  L2   resident=6510/17096 slots hit=100.0% read=25.83GB write=0.00GB
DBG getmany L1 nw=16 wall=0.176s thr(out)1 thr(in)16 conc_peak=16 pread=1.765s
DBG getmany L2 nw=15 wall=0.309s thr(out)1 thr(in)16 conc_peak=15 pread=3.531s
DBG getmany L3 nw=16 wall=0.161s thr(out)1 thr(in)16 conc_peak=16 pread=1.512s
DBG getmany L4 nw=15 wall=0.153s thr(out)1 thr(in)16 conc_peak=15 pread=1.461s
DBG getmany L5 nw=15 wall=0.154s thr(out)1 thr(in)16 conc_peak=15 pread=1.365s
DBG getmany L6 nw=14 wall=0.271s thr(out)1 thr(in)16 conc_peak=14 pread=3.085s
DBG getmany L7 nw=16 wall=0.158s thr(out)1 thr(in)16 conc_peak=16 pread=1.539s
DBG getmany L8 nw=16 wall=0.362s thr(out)1 thr(in)16 conc_peak=16 pread=4.322s
DBG getmany L9 nw=16 wall=0.437s thr(out)1 thr(in)16 conc_peak=16 pread=4.478s
DBG getmany L10 nw=16 wall=0.357s thr(out)1 thr(in)16 conc_peak=16 pread=4.668s
DBG getmany L11 nw=16 wall=0.538s thr(out)1 thr(in)16 conc_peak=16 pread=7.189s
DBG getmany L12 nw=16 wall=0.681s thr(out)1 thr(in)16 conc_peak=16 pread=10.166s
DBG getmany L13 nw=16 wall=0.668s thr(out)1 thr(in)16 conc_peak=16 pread=9.709s
DBG getmany L14 nw=16 wall=0.481s thr(out)1 thr(in)16 conc_peak=16 pread=5.637s
DBG getmany L15 nw=16 wall=0.698s thr(out)1 thr(in)16 conc_peak=16 pread=7.605s
DBG getmany L16 nw=16 wall=0.633s thr(out)1 thr(in)16 conc_peak=16 pread=7.045s
DBG getmany L17 nw=16 wall=0.646s thr(out)1 thr(in)16 conc_peak=16 pread=9.758s
DBG getmany L18 nw=16 wall=0.461s thr(out)1 thr(in)16 conc_peak=16 pread=5.946s
DBG getmany L19 nw=16 wall=0.675s thr(out)1 thr(in)16 conc_peak=16 pread=8.430s
DBG getmany L20 nw=16 wall=0.456s thr(out)1 thr(in)16 conc_peak=16 pread=4.959s
DBG getmany L21 nw=16 wall=0.685s thr(out)1 thr(in)16 conc_peak=16 pread=10.113s
DBG getmany L22 nw=16 wall=0.567s thr(out)1 thr(in)16 conc_peak=16 pread=5.380s
DBG getmany L23 nw=16 wall=0.698s thr(out)1 thr(in)16 conc_peak=16 pread=10.349s
DBG getmany L24 nw=16 wall=0.750s thr(out)1 thr(in)16 conc_peak=16 pread=8.811s
DBG getmany L25 nw=16 wall=0.752s thr(out)1 thr(in)16 conc_peak=16 pread=9.612s
DBG getmany L26 nw=16 wall=0.543s thr(out)1 thr(in)16 conc_peak=16 pread=6.745s
DBG getmany L27 nw=16 wall=0.689s thr(out)1 thr(in)16 conc_peak=16 pread=9.129s
DBG getmany L28 nw=16 wall=0.618s thr(out)1 thr(in)16 conc_peak=16 pread=8.565s
DBG getmany L29 nw=16 wall=0.657s thr(out)1 thr(in)16 conc_peak=16 pread=8.007s
DBG getmany L30 nw=16 wall=0.584s thr(out)1 thr(in)16 conc_peak=16 pread=6.927s
DBG getmany L31 nw=16 wall=0.784s thr(out)1 thr(in)16 conc_peak=16 pread=6.276s
DBG getmany L32 nw=16 wall=0.714s thr(out)1 thr(in)16 conc_peak=16 pread=8.661s
DBG getmany L33 nw=16 wall=0.739s thr(out)1 thr(in)16 conc_peak=16 pread=10.017s
DBG getmany L34 nw=16 wall=0.531s thr(out)1 thr(in)16 conc_peak=16 pread=7.730s
DBG getmany L35 nw=16 wall=0.771s thr(out)1 thr(in)16 conc_peak=16 pread=9.035s
DBG getmany L36 nw=16 wall=0.823s thr(out)1 thr(in)16 conc_peak=16 pread=11.586s
DBG getmany L37 nw=16 wall=0.693s thr(out)1 thr(in)16 conc_peak=16 pread=10.520s
DBG getmany L38 nw=16 wall=0.517s thr(out)1 thr(in)16 conc_peak=16 pread=7.083s
DBG getmany L39 nw=16 wall=0.702s thr(out)1 thr(in)16 conc_peak=16 pread=10.070s
DBG getmany L40 nw=16 wall=0.717s thr(out)1 thr(in)16 conc_peak=16 pread=7.854s
DBG getmany L41 nw=16 wall=0.701s thr(out)1 thr(in)16 conc_peak=16 pread=9.336s
DBG getmany L42 nw=16 wall=0.508s thr(out)1 thr(in)16 conc_peak=16 pread=7.086s
DBG getmany L43 nw=16 wall=0.724s thr(out)1 thr(in)16 conc_peak=16 pread=9.296s
DBG getmany L44 nw=16 wall=0.717s thr(out)1 thr(in)16 conc_peak=16 pread=7.984s
DBG getmany L45 nw=16 wall=0.722s thr(out)1 thr(in)16 conc_peak=16 pread=10.561s
DBG getmany L46 nw=16 wall=0.556s thr(out)1 thr(in)16 conc_peak=16 pread=7.408s
DBG getmany L47 nw=16 wall=0.750s thr(out)1 thr(in)16 conc_peak=16 pread=10.188s
DBG getmany L48 nw=16 wall=0.702s thr(out)1 thr(in)16 conc_peak=16 pread=9.478s
DBG getmany L49 nw=16 wall=0.740s thr(out)1 thr(in)16 conc_peak=16 pread=9.619s
DBG getmany L50 nw=16 wall=0.522s thr(out)1 thr(in)16 conc_peak=16 pread=6.898s
DBG getmany L51 nw=16 wall=0.716s thr(out)1 thr(in)16 conc_peak=16 pread=9.977s
DBG getmany L52 nw=16 wall=0.719s thr(out)1 thr(in)16 conc_peak=16 pread=8.793s
DBG getmany L53 nw=16 wall=0.714s thr(out)1 thr(in)16 conc_peak=16 pread=8.681s
DBG getmany L54 nw=16 wall=0.515s thr(out)1 thr(in)16 conc_peak=16 pread=7.036s
DBG getmany L55 nw=16 wall=0.756s thr(out)1 thr(in)16 conc_peak=16 pread=10.479s
DBG getmany L56 nw=16 wall=0.747s thr(out)1 thr(in)16 conc_peak=16 pread=10.074s
DBG getmany L57 nw=16 wall=0.746s thr(out)1 thr(in)16 conc_peak=16 pread=11.243s
DBG getmany L58 nw=16 wall=0.521s thr(out)1 thr(in)16 conc_peak=16 pread=7.371s
DBG getmany L59 nw=16 wall=0.727s thr(out)1 thr(in)16 conc_peak=16 pread=9.282s
DBG getmany L60 nw=16 wall=0.556s thr(out)1 thr(in)16 conc_peak=16 pread=6.341s
DBG getmany L61 nw=16 wall=0.735s thr(out)1 thr(in)16 conc_peak=16 pread=10.700s
DBG getmany L62 nw=16 wall=0.435s thr(out)1 thr(in)16 conc_peak=16 pread=5.514s
DBG getmany L63 nw=16 wall=0.720s thr(out)1 thr(in)16 conc_peak=16 pread=10.835s
DBG getmany L64 nw=16 wall=0.690s thr(out)1 thr(in)16 conc_peak=16 pread=10.271s
DBG getmany L65 nw=16 wall=0.753s thr(out)1 thr(in)16 conc_peak=16 pread=10.219s
DBG getmany L66 nw=16 wall=0.512s thr(out)1 thr(in)16 conc_peak=16 pread=7.076s
DBG getmany L67 nw=16 wall=0.742s thr(out)1 thr(in)16 conc_peak=16 pread=10.097s
DBG getmany L68 nw=16 wall=0.726s thr(out)1 thr(in)16 conc_peak=16 pread=7.932s
DBG getmany L69 nw=16 wall=0.745s thr(out)1 thr(in)16 conc_peak=16 pread=10.491s
DBG getmany L70 nw=16 wall=0.477s thr(out)1 thr(in)16 conc_peak=16 pread=6.447s
DBG getmany L71 nw=16 wall=0.764s thr(out)1 thr(in)16 conc_peak=16 pread=10.531s
DBG getmany L72 nw=16 wall=0.688s thr(out)1 thr(in)16 conc_peak=16 pread=8.825s
DBG getmany L73 nw=16 wall=0.656s thr(out)1 thr(in)16 conc_peak=16 pread=8.333s
DBG getmany L74 nw=16 wall=0.535s thr(out)1 thr(in)16 conc_peak=16 pread=6.926s
DBG getmany L75 nw=16 wall=0.782s thr(out)1 thr(in)16 conc_peak=16 pread=10.235s
DBG getmany L76 nw=16 wall=0.671s thr(out)1 thr(in)16 conc_peak=16 pread=8.389s
DBG getmany L77 nw=16 wall=0.679s thr(out)1 thr(in)16 conc_peak=16 pread=9.399s
DBG getmany L78 nw=16 wall=0.512s thr(out)1 thr(in)16 conc_peak=16 pread=6.531s
DBG getmany L79 nw=16 wall=0.735s thr(out)1 thr(in)16 conc_peak=16 pread=8.854s
DBG getmany L80 nw=16 wall=0.697s thr(out)1 thr(in)16 conc_peak=16 pread=7.719s
DBG getmany L81 nw=16 wall=0.706s thr(out)1 thr(in)16 conc_peak=16 pread=9.632s
DBG getmany L82 nw=16 wall=0.500s thr(out)1 thr(in)16 conc_peak=16 pread=7.053s
DBG getmany L83 nw=16 wall=0.703s thr(out)1 thr(in)16 conc_peak=16 pread=10.338s
DBG getmany L84 nw=16 wall=0.675s thr(out)1 thr(in)16 conc_peak=16 pread=9.318s
DBG getmany L85 nw=16 wall=0.676s thr(out)1 thr(in)16 conc_peak=16 pread=8.394s
DBG getmany L86 nw=16 wall=0.520s thr(out)1 thr(in)16 conc_peak=16 pread=6.644s
DBG getmany L87 nw=16 wall=0.664s thr(out)1 thr(in)16 conc_peak=16 pread=7.851s
DBG getmany L88 nw=16 wall=0.679s thr(out)1 thr(in)16 conc_peak=16 pread=9.662s
DBG getmany L89 nw=16 wall=0.759s thr(out)1 thr(in)16 conc_peak=16 pread=9.639s
DBG getmany L90 nw=16 wall=0.521s thr(out)1 thr(in)16 conc_peak=16 pread=6.990s
DBG getmany L91 nw=16 wall=0.548s thr(out)1 thr(in)16 conc_peak=16 pread=7.826s
DBG getmany L92 nw=16 wall=0.234s thr(out)1 thr(in)16 conc_peak=16 pread=2.258s
1      802        77.90        100.0      25.74      0.013
  L2   resident=6510/17096 slots hit=100.0% read=51.55GB write=0.00GB
--------------------------------------------------------------------
2 tokens in 261.6 s, 130.79 s/token average
PEAK RSS for the whole run: 18.32 GB   <- quote this, not the plan
layers completed: 93/93; routed expert drops: 0


[chip] simulated MXFP4 GEMV bill over 3 tokens
  2944 expert chains | 194481487872 flops | 51659145216 bytes (51.66 GB)
  per token: 981 chains | 17.22 GB | 0.06 Gflops
  compute wall @ 4 TFLOPS : 0.05 s (16.21 ms/token)
  bandwidth wall @ 200 GB/s : 0.26 s (86.10 ms/token)
  -> bandwidth-bound; to be compute-bound at 4 TFLOPS this needs 1062 GB/s
  expert fetch (host wall, measured): 133.12 s moving 51.66 GB = 0 GB/s
  chip pool wall (measured): 16.11 s

cache [final step]
  slots        : 295 of 17.56 MB = 5.18 GB arena (295 resident, 187 pinned)
  requests     : 1472  hits 1472 (100.00%)  misses 0  evictions 1467
  of those hits : 1467 came from the batch prefetch, i.e. read from disk
                  this token; TRUE resident hit rate 0.34%
  read from disk: 25.74 GB in 55.81 s (461 MB/s while loading)
  phase2 i/o    : 25.75 GB in 55.81 s (461 MB/s)  [pure parallel disk read]
l2cache [final step]
  requests     : 2939  hits 2939 (100.00%)  misses 0
  read  from sdd7: 51.55 GB, written 0.00 GB
  hit I/O   : 51.55 GB in 129.48 s (wall) = 398 MB/s [pread 1668.80 s, 31 MB/s per-thread]
  miss I/O  : 0 misses, 0.00 GB from /model in 0.00 s (wall) = 0 MB/s
  restored from meta: 6510 slots

wrote /mnt/f/kimi-k3-in-c/reports/lb_verify_20260924_081928/c.json
I/O share of wall clock: 129.2%  (trunk 208.5 s + experts 129.5 s of 261.6 s)
  both figures are WHOLE-RUN totals over 2 steps
  over 100% because trunk reads overlap compute on the reader thread;
  76.4 s of device time was hidden behind arithmetic
  experts, whole run: 51.57 GB read | 300 of 2944 requests retained in RAM (10.19%) | 2644 evictions
    (retention = requests - evictions; the raw `hits` counter includes
     experts the prefetcher had just read from disk, so it is not a
     measure of avoided I/O)

trunk [final]
  pinned 7/93 layers, ring 2 slots
  binds 186, hits 7 (3.8%), reads 179
  read 107.00 GB in 208.47 s (513 MB/s pread)
  per-layer loads [L]=count: 0=1 1=1 2=1 3=2 4=1 5=1 6=1 7=2 8=1 9=2 10=2 11=2 12=2 13=2 14=2 15=2 16=2 17=2 18=2 19=2 20=2 21=2 22=2 23=2 24=2 25=2 26=2 27=2 28=2 29=2 30=2 31=2 32=2 33=2 34=2 35=2 36=2 37=2 38=2 39=2 40=2 41=2 42=2 43=2 44=2 45=2 46=2 47=2 48=2 49=2 50=2 51=2 52=2 53=2 54=2 55=2 56=2 57=2 58=2 59=2 60=2 61=2 62=2 63=2 64=2 65=2 66=2 67=2 68=2 69=2 70=2 71=2 72=2 73=2 74=2 75=2 76=2 77=2 78=2 79=2 80=2 81=2 82=2 83=2 84=2 85=2 86=2 87=2 88=2 89=2 90=2 91=2 92=2
  bind wall 85.80 s over 186 binds; read 208.47 + widen 3.73 = 212.19 s of device work,
                    of which 126.40 s (60%) overlapped compute on the reader thread
  widen breakdown: find 256 ms (4910)  copy 0 ms (2296)  deq 3464 ms (1580)  timed 4 s of widen 3.73 s
TIME_ELAPSED=342.62
