L2 auto: 209 GB free on /mnt/nvme -> L2 at 256 GB
k3 chip: 4 workers, 4 TFLOPS, 200 GB/s simulated wall
DBG getmany L1 nw=16 wall=0.211s thr(out)1 thr(in)16 conc_peak=16 pread=2.318s
DBG getmany L2 nw=16 wall=0.203s thr(out)1 thr(in)16 conc_peak=16 pread=2.076s
DBG getmany L3 nw=16 wall=0.215s thr(out)1 thr(in)16 conc_peak=16 pread=2.201s
DBG getmany L4 nw=16 wall=0.198s thr(out)1 thr(in)16 conc_peak=16 pread=2.080s
DBG getmany L5 nw=16 wall=0.199s thr(out)1 thr(in)16 conc_peak=16 pread=2.144s
DBG getmany L6 nw=16 wall=0.198s thr(out)1 thr(in)16 conc_peak=16 pread=2.153s
DBG getmany L7 nw=16 wall=0.195s thr(out)1 thr(in)16 conc_peak=16 pread=1.930s
DBG getmany L8 nw=16 wall=0.200s thr(out)1 thr(in)16 conc_peak=16 pread=2.116s
DBG getmany L9 nw=16 wall=0.202s thr(out)1 thr(in)16 conc_peak=16 pread=2.127s
DBG getmany L10 nw=16 wall=0.210s thr(out)1 thr(in)16 conc_peak=16 pread=2.277s
DBG getmany L11 nw=16 wall=0.203s thr(out)1 thr(in)16 conc_peak=16 pread=2.219s
DBG getmany L12 nw=16 wall=0.200s thr(out)1 thr(in)16 conc_peak=16 pread=2.101s
DBG getmany L13 nw=16 wall=0.214s thr(out)1 thr(in)16 conc_peak=16 pread=2.412s
DBG getmany L14 nw=16 wall=0.191s thr(out)1 thr(in)16 conc_peak=16 pread=2.150s
DBG getmany L15 nw=16 wall=0.223s thr(out)1 thr(in)16 conc_peak=16 pread=2.451s
DBG getmany L16 nw=16 wall=0.205s thr(out)1 thr(in)16 conc_peak=16 pread=2.106s
DBG getmany L17 nw=16 wall=0.206s thr(out)1 thr(in)16 conc_peak=16 pread=2.170s
DBG getmany L18 nw=16 wall=0.202s thr(out)1 thr(in)16 conc_peak=16 pread=2.098s
DBG getmany L19 nw=16 wall=0.206s thr(out)1 thr(in)16 conc_peak=16 pread=2.079s
DBG getmany L20 nw=16 wall=0.200s thr(out)1 thr(in)16 conc_peak=16 pread=2.073s
DBG getmany L21 nw=16 wall=0.205s thr(out)1 thr(in)16 conc_peak=16 pread=2.237s
DBG getmany L22 nw=16 wall=0.253s thr(out)1 thr(in)16 conc_peak=16 pread=2.309s
DBG getmany L23 nw=16 wall=0.488s thr(out)1 thr(in)16 conc_peak=16 pread=5.816s
DBG getmany L24 nw=16 wall=0.612s thr(out)1 thr(in)16 conc_peak=16 pread=8.027s
DBG getmany L25 nw=16 wall=0.525s thr(out)1 thr(in)16 conc_peak=16 pread=6.490s
DBG getmany L26 nw=16 wall=7.901s thr(out)1 thr(in)16 conc_peak=16 pread=85.148s
DBG getmany L27 nw=16 wall=3.782s thr(out)1 thr(in)16 conc_peak=16 pread=56.902s
DBG getmany L28 nw=16 wall=0.462s thr(out)1 thr(in)16 conc_peak=16 pread=5.413s
DBG getmany L29 nw=16 wall=0.512s thr(out)1 thr(in)16 conc_peak=16 pread=5.824s
DBG getmany L30 nw=16 wall=0.381s thr(out)1 thr(in)16 conc_peak=16 pread=4.814s
DBG getmany L31 nw=16 wall=0.566s thr(out)1 thr(in)16 conc_peak=16 pread=7.894s
DBG getmany L32 nw=16 wall=0.546s thr(out)1 thr(in)16 conc_peak=16 pread=8.166s
DBG getmany L33 nw=16 wall=0.580s thr(out)1 thr(in)16 conc_peak=16 pread=7.093s
DBG getmany L34 nw=16 wall=0.404s thr(out)1 thr(in)16 conc_peak=16 pread=5.632s
DBG getmany L35 nw=16 wall=0.595s thr(out)1 thr(in)16 conc_peak=16 pread=6.413s
DBG getmany L36 nw=16 wall=0.559s thr(out)1 thr(in)16 conc_peak=16 pread=6.979s
DBG getmany L37 nw=16 wall=0.531s thr(out)1 thr(in)16 conc_peak=16 pread=5.766s
DBG getmany L38 nw=16 wall=0.402s thr(out)1 thr(in)16 conc_peak=16 pread=5.294s
DBG getmany L39 nw=16 wall=0.563s thr(out)1 thr(in)16 conc_peak=16 pread=8.117s
DBG getmany L40 nw=16 wall=0.534s thr(out)1 thr(in)16 conc_peak=16 pread=5.434s
DBG getmany L41 nw=16 wall=0.518s thr(out)1 thr(in)16 conc_peak=16 pread=6.546s
DBG getmany L42 nw=16 wall=0.405s thr(out)1 thr(in)16 conc_peak=16 pread=5.341s
DBG getmany L43 nw=16 wall=0.574s thr(out)1 thr(in)16 conc_peak=16 pread=7.820s
DBG getmany L44 nw=16 wall=0.564s thr(out)1 thr(in)16 conc_peak=16 pread=6.219s
DBG getmany L45 nw=16 wall=0.545s thr(out)1 thr(in)16 conc_peak=16 pread=6.656s
DBG getmany L46 nw=16 wall=0.429s thr(out)1 thr(in)16 conc_peak=16 pread=5.433s
DBG getmany L47 nw=16 wall=0.578s thr(out)1 thr(in)16 conc_peak=16 pread=8.101s
DBG getmany L48 nw=16 wall=0.588s thr(out)1 thr(in)16 conc_peak=16 pread=5.643s
DBG getmany L49 nw=16 wall=0.601s thr(out)1 thr(in)16 conc_peak=16 pread=8.415s
DBG getmany L50 nw=16 wall=0.454s thr(out)1 thr(in)16 conc_peak=16 pread=5.752s
DBG getmany L51 nw=16 wall=0.607s thr(out)1 thr(in)16 conc_peak=16 pread=6.750s
DBG getmany L52 nw=16 wall=0.592s thr(out)1 thr(in)16 conc_peak=16 pread=6.823s
DBG getmany L53 nw=16 wall=0.590s thr(out)1 thr(in)16 conc_peak=16 pread=5.780s
DBG getmany L54 nw=16 wall=0.453s thr(out)1 thr(in)16 conc_peak=16 pread=4.713s
DBG getmany L55 nw=16 wall=0.543s thr(out)1 thr(in)16 conc_peak=16 pread=4.789s
DBG getmany L56 nw=16 wall=0.573s thr(out)1 thr(in)16 conc_peak=16 pread=7.692s
DBG getmany L57 nw=16 wall=0.563s thr(out)1 thr(in)16 conc_peak=16 pread=7.556s
DBG getmany L58 nw=16 wall=0.421s thr(out)1 thr(in)16 conc_peak=16 pread=6.092s
DBG getmany L59 nw=16 wall=0.577s thr(out)1 thr(in)16 conc_peak=16 pread=7.635s
DBG getmany L60 nw=16 wall=0.570s thr(out)1 thr(in)16 conc_peak=16 pread=8.246s
DBG getmany L61 nw=16 wall=0.582s thr(out)1 thr(in)16 conc_peak=16 pread=8.755s
DBG getmany L62 nw=16 wall=0.434s thr(out)1 thr(in)16 conc_peak=16 pread=6.092s
DBG getmany L63 nw=16 wall=0.590s thr(out)1 thr(in)16 conc_peak=16 pread=8.276s
DBG getmany L64 nw=16 wall=0.576s thr(out)1 thr(in)16 conc_peak=16 pread=7.618s
DBG getmany L65 nw=16 wall=0.587s thr(out)1 thr(in)16 conc_peak=16 pread=8.812s
DBG getmany L66 nw=16 wall=0.424s thr(out)1 thr(in)16 conc_peak=16 pread=6.185s
DBG getmany L67 nw=16 wall=0.600s thr(out)1 thr(in)16 conc_peak=16 pread=8.162s
DBG getmany L68 nw=16 wall=0.575s thr(out)1 thr(in)16 conc_peak=16 pread=8.471s
DBG getmany L69 nw=16 wall=0.570s thr(out)1 thr(in)16 conc_peak=16 pread=8.544s
DBG getmany L70 nw=16 wall=0.434s thr(out)1 thr(in)16 conc_peak=16 pread=5.884s
DBG getmany L71 nw=16 wall=0.588s thr(out)1 thr(in)16 conc_peak=16 pread=8.105s
DBG getmany L72 nw=16 wall=0.556s thr(out)1 thr(in)16 conc_peak=16 pread=6.230s
DBG getmany L73 nw=16 wall=0.596s thr(out)1 thr(in)16 conc_peak=16 pread=8.711s
DBG getmany L74 nw=16 wall=0.422s thr(out)1 thr(in)16 conc_peak=16 pread=5.776s
DBG getmany L75 nw=16 wall=0.591s thr(out)1 thr(in)16 conc_peak=16 pread=7.329s
DBG getmany L76 nw=16 wall=0.549s thr(out)1 thr(in)16 conc_peak=16 pread=7.482s
DBG getmany L77 nw=16 wall=0.550s thr(out)1 thr(in)16 conc_peak=16 pread=6.609s
DBG getmany L78 nw=16 wall=0.436s thr(out)1 thr(in)16 conc_peak=16 pread=5.605s
DBG getmany L79 nw=16 wall=0.572s thr(out)1 thr(in)16 conc_peak=16 pread=5.970s
DBG getmany L80 nw=16 wall=0.552s thr(out)1 thr(in)16 conc_peak=16 pread=7.684s
DBG getmany L81 nw=16 wall=0.559s thr(out)1 thr(in)16 conc_peak=16 pread=8.131s
DBG getmany L82 nw=16 wall=0.401s thr(out)1 thr(in)16 conc_peak=16 pread=5.631s
DBG getmany L83 nw=16 wall=0.568s thr(out)1 thr(in)16 conc_peak=16 pread=7.847s
DBG getmany L84 nw=16 wall=0.557s thr(out)1 thr(in)16 conc_peak=16 pread=8.387s
DBG getmany L85 nw=16 wall=0.546s thr(out)1 thr(in)16 conc_peak=16 pread=8.198s
DBG getmany L86 nw=16 wall=0.395s thr(out)1 thr(in)16 conc_peak=16 pread=5.440s
DBG getmany L87 nw=16 wall=0.562s thr(out)1 thr(in)16 conc_peak=16 pread=8.377s
DBG getmany L88 nw=16 wall=0.555s thr(out)1 thr(in)16 conc_peak=16 pread=7.598s
DBG getmany L89 nw=16 wall=0.803s thr(out)1 thr(in)16 conc_peak=16 pread=10.965s
DBG getmany L90 nw=16 wall=0.573s thr(out)1 thr(in)16 conc_peak=16 pread=8.185s
DBG getmany L91 nw=16 wall=0.578s thr(out)1 thr(in)16 conc_peak=16 pread=7.958s
DBG getmany L92 nw=16 wall=0.234s thr(out)1 thr(in)16 conc_peak=16 pread=2.201s
config: /model/config.json (nested shape) | hidden=7168 layers=93 vocab=163840 | 24 MLA + 69 KDA | experts 896 top16 shared2 | latent=3584
  KV cache : 11.85 MB for 5 positions (2.37 MB/position)
Kimi K3, pure C, released checkpoint
  model    : /model
  prompt   : 1 tokens, generating 3

indexed 497220 tensors from 96 shards in 0.45 s
trunk on disk : 110.00 GB total (STREAMED from /mnt/nvme/trunk_layers_out, not held in RAM)

memory plan
  trunk (STREAMED) 32.00 GB
  embed + lm_head  4.70 GB
  expert cache     15.00 GB
  recurrent state  626.25 MB
  buffers          4.68 MB
  KV cache         11.83 MB
  TOTAL            52.34 GB
  available        57.80 GB

k3_trunk: trunk.bin absent - using per-layer slices (layer_%03d.bin)
trunk stream: 56.60 GB packed, 22/93 layers PINNED (29.30 GB), ring 2 x 1.30 GB
              reads use buffered I/O
              ring holds 2 slots: layers repeat over ~2 tokens, so recent ones are reused instead of re-read
trunk streaming enabled from /mnt/nvme/trunk_layers_out in 0.0 s
embedding, final norm and lm_head: 4.70 GB in 3.7 s

expert L1 eviction policy: heat
async expert prefetch: lookahead depth 1 layer(s)
expert L2 cache enabled: 14589 slots x 17.55 MB = 256.00 GB on /mnt/nvme/experts.l2
expert L2 exact: nslot=14589 slot_bytes=17547264 l2_slot=17547264 K3_ST_ALIGN=4096
expert L2 eviction policy: heat
peak RSS after loading weights: 4.78 GB  (the plan above is a forecast, this is measured)
expert cache: 854 slots x 17.56 MB = 14.99 GB (1.04% of the 1.45 TB expert pool)

recurrent state for 93 layers: 626.25 MB

incremental decode: KV cache 11.83 MB for 24 MLA layers at 5 positions

STEP   TOKEN      SECONDS      CACHE HIT  READ GB    TOK/S
--------------------------------------------------------------------
0      220        86.03        100.0      25.83      0.012
  L2   resident=6779/14589 slots hit=100.0% read=25.81GB write=0.00GB
DBG getmany L1 nw=16 wall=0.253s thr(out)1 thr(in)16 conc_peak=16 pread=2.326s [reader]
DBG getmany L1 nw=16 wall=0.476s thr(out)1 thr(in)16 conc_peak=16 pread=8.111s
DBG getmany L2 nw=16 wall=0.473s thr(out)1 thr(in)16 conc_peak=16 pread=9.944s [reader]
DBG getmany L3 nw=16 wall=0.367s thr(out)1 thr(in)16 conc_peak=16 pread=4.437s [reader]
DBG getmany L2 nw=15 wall=0.401s thr(out)1 thr(in)16 conc_peak=15 pread=7.226s
DBG getmany L4 nw=16 wall=0.278s thr(out)1 thr(in)16 conc_peak=16 pread=2.610s [reader]
DBG getmany L3 nw=11 wall=0.356s thr(out)1 thr(in)16 conc_peak=11 pread=5.640s
DBG getmany L5 nw=16 wall=0.294s thr(out)1 thr(in)16 conc_peak=16 pread=2.876s [reader]
DBG getmany L4 nw=15 wall=0.382s thr(out)1 thr(in)16 conc_peak=15 pread=6.522s
DBG getmany L6 nw=16 wall=0.296s thr(out)1 thr(in)16 conc_peak=16 pread=3.320s [reader]
DBG getmany L5 nw=15 wall=0.397s thr(out)1 thr(in)16 conc_peak=15 pread=7.301s
DBG getmany L7 nw=16 wall=0.360s thr(out)1 thr(in)16 conc_peak=16 pread=4.633s [reader]
DBG getmany L6 nw=14 wall=0.399s thr(out)1 thr(in)16 conc_peak=14 pread=7.097s
DBG getmany L8 nw=16 wall=0.385s thr(out)1 thr(in)16 conc_peak=16 pread=5.824s [reader]
DBG getmany L7 nw=14 wall=0.408s thr(out)1 thr(in)16 conc_peak=14 pread=7.367s
DBG getmany L9 nw=16 wall=0.333s thr(out)1 thr(in)16 conc_peak=16 pread=3.491s [reader]
DBG getmany L8 nw=16 wall=0.429s thr(out)1 thr(in)16 conc_peak=16 pread=8.178s
DBG getmany L10 nw=16 wall=0.364s thr(out)1 thr(in)16 conc_peak=16 pread=4.242s [reader]
DBG getmany L9 nw=13 wall=0.380s thr(out)1 thr(in)16 conc_peak=13 pread=6.628s
DBG getmany L11 nw=16 wall=0.364s thr(out)1 thr(in)16 conc_peak=16 pread=3.726s [reader]
DBG getmany L10 nw=14 wall=0.395s thr(out)1 thr(in)16 conc_peak=14 pread=7.190s
DBG getmany L12 nw=16 wall=0.410s thr(out)1 thr(in)16 conc_peak=16 pread=5.578s [reader]
DBG getmany L11 nw=15 wall=0.423s thr(out)1 thr(in)16 conc_peak=15 pread=7.955s
DBG getmany L13 nw=16 wall=0.430s thr(out)1 thr(in)16 conc_peak=16 pread=6.368s [reader]
DBG getmany L12 nw=13 wall=0.387s thr(out)1 thr(in)16 conc_peak=13 pread=6.684s
DBG getmany L14 nw=16 wall=0.434s thr(out)1 thr(in)16 conc_peak=16 pread=6.360s [reader]
DBG getmany L13 nw=14 wall=0.413s thr(out)1 thr(in)16 conc_peak=14 pread=7.112s
DBG getmany L15 nw=16 wall=0.354s thr(out)1 thr(in)16 conc_peak=16 pread=4.236s [reader]
DBG getmany L14 nw=15 wall=0.427s thr(out)1 thr(in)16 conc_peak=15 pread=7.930s
DBG getmany L16 nw=16 wall=0.324s thr(out)1 thr(in)16 conc_peak=16 pread=3.584s [reader]
DBG getmany L15 nw=15 wall=0.438s thr(out)1 thr(in)16 conc_peak=15 pread=8.088s
DBG getmany L17 nw=16 wall=0.267s thr(out)1 thr(in)16 conc_peak=16 pread=2.907s [reader]
DBG getmany L16 nw=15 wall=0.410s thr(out)1 thr(in)16 conc_peak=15 pread=7.463s
DBG getmany L18 nw=16 wall=0.312s thr(out)1 thr(in)16 conc_peak=16 pread=3.004s [reader]
DBG getmany L17 nw=16 wall=0.409s thr(out)1 thr(in)16 conc_peak=16 pread=7.326s
DBG getmany L19 nw=16 wall=0.369s thr(out)1 thr(in)16 conc_peak=16 pread=4.515s [reader]
DBG getmany L18 nw=15 wall=0.434s thr(out)1 thr(in)16 conc_peak=15 pread=8.259s
DBG getmany L20 nw=16 wall=0.410s thr(out)1 thr(in)16 conc_peak=16 pread=6.437s [reader]
DBG getmany L19 nw=14 wall=0.424s thr(out)1 thr(in)16 conc_peak=14 pread=7.641s
DBG getmany L21 nw=16 wall=0.263s thr(out)1 thr(in)16 conc_peak=16 pread=2.434s [reader]
DBG getmany L20 nw=15 wall=0.412s thr(out)1 thr(in)16 conc_peak=15 pread=7.278s
DBG getmany L22 nw=16 wall=0.361s thr(out)1 thr(in)16 conc_peak=16 pread=2.936s [reader]
DBG getmany L21 nw=14 wall=0.989s thr(out)1 thr(in)16 conc_peak=14 pread=13.718s
DBG getmany L23 nw=16 wall=0.816s thr(out)1 thr(in)16 conc_peak=16 pread=12.205s [reader]
DBG getmany L22 nw=15 wall=0.827s thr(out)1 thr(in)16 conc_peak=15 pread=15.420s
DBG getmany L24 nw=16 wall=0.581s thr(out)1 thr(in)16 conc_peak=16 pread=5.369s [reader]
DBG getmany L23 nw=12 wall=0.907s thr(out)1 thr(in)16 conc_peak=12 pread=12.552s
DBG getmany L25 nw=16 wall=0.997s thr(out)1 thr(in)16 conc_peak=16 pread=16.014s [reader]
DBG getmany L24 nw=11 wall=0.995s thr(out)1 thr(in)16 conc_peak=11 pread=19.905s
DBG getmany L26 nw=16 wall=0.530s thr(out)1 thr(in)16 conc_peak=16 pread=4.258s [reader]
DBG getmany L25 nw=14 wall=0.976s thr(out)1 thr(in)16 conc_peak=14 pread=15.587s
DBG getmany L26 nw=11 wall=0.701s thr(out)1 thr(in)16 conc_peak=11 pread=8.578s
DBG getmany L27 nw=16 wall=0.790s thr(out)1 thr(in)16 conc_peak=16 pread=9.462s [reader]
DBG getmany L28 nw=16 wall=0.742s thr(out)1 thr(in)16 conc_peak=16 pread=8.958s [reader]
DBG getmany L27 nw=13 wall=0.939s thr(out)1 thr(in)16 conc_peak=13 pread=15.621s
DBG getmany L29 nw=16 wall=0.802s thr(out)1 thr(in)16 conc_peak=16 pread=7.899s [reader]
DBG getmany L28 nw=15 wall=0.945s thr(out)1 thr(in)16 conc_peak=15 pread=15.743s
DBG getmany L30 nw=16 wall=0.618s thr(out)1 thr(in)16 conc_peak=16 pread=5.188s [reader]
DBG getmany L29 nw=14 wall=0.994s thr(out)1 thr(in)16 conc_peak=14 pread=15.942s
DBG getmany L31 nw=16 wall=0.728s thr(out)1 thr(in)16 conc_peak=16 pread=10.884s [reader]
DBG getmany L30 nw=14 wall=0.795s thr(out)1 thr(in)16 conc_peak=14 pread=15.293s
DBG getmany L32 nw=16 wall=0.577s thr(out)1 thr(in)16 conc_peak=16 pread=5.756s [reader]
DBG getmany L31 nw=16 wall=1.032s thr(out)1 thr(in)16 conc_peak=16 pread=15.337s
DBG getmany L33 nw=16 wall=0.789s thr(out)1 thr(in)16 conc_peak=16 pread=6.285s [reader]
DBG getmany L32 nw=14 wall=0.989s thr(out)1 thr(in)16 conc_peak=14 pread=16.847s
DBG getmany L34 nw=16 wall=0.716s thr(out)1 thr(in)16 conc_peak=16 pread=5.755s [reader]
DBG getmany L33 nw=14 wall=1.016s thr(out)1 thr(in)16 conc_peak=14 pread=16.194s
DBG getmany L35 nw=16 wall=0.612s thr(out)1 thr(in)16 conc_peak=16 pread=6.305s [reader]
DBG getmany L34 nw=16 wall=0.828s thr(out)1 thr(in)16 conc_peak=16 pread=17.913s
DBG getmany L36 nw=16 wall=0.567s thr(out)1 thr(in)16 conc_peak=16 pread=5.430s [reader]
DBG getmany L35 nw=16 wall=1.043s thr(out)1 thr(in)16 conc_peak=16 pread=14.288s
DBG getmany L37 nw=16 wall=0.662s thr(out)1 thr(in)16 conc_peak=16 pread=4.629s [reader]
DBG getmany L36 nw=11 wall=0.955s thr(out)1 thr(in)16 conc_peak=11 pread=11.694s
DBG getmany L38 nw=16 wall=0.919s thr(out)1 thr(in)16 conc_peak=16 pread=10.777s [reader]
DBG getmany L37 nw=13 wall=0.907s thr(out)1 thr(in)16 conc_peak=13 pread=11.623s
DBG getmany L39 nw=16 wall=0.523s thr(out)1 thr(in)16 conc_peak=16 pread=4.903s [reader]
DBG getmany L38 nw=14 wall=0.760s thr(out)1 thr(in)16 conc_peak=14 pread=10.235s
DBG getmany L40 nw=16 wall=0.894s thr(out)1 thr(in)16 conc_peak=16 pread=13.583s [reader]
DBG getmany L39 nw=15 wall=0.991s thr(out)1 thr(in)16 conc_peak=15 pread=17.351s
DBG getmany L41 nw=16 wall=0.718s thr(out)1 thr(in)16 conc_peak=16 pread=8.604s [reader]
DBG getmany L40 nw=13 wall=0.976s thr(out)1 thr(in)16 conc_peak=13 pread=13.609s
DBG getmany L42 nw=16 wall=0.460s thr(out)1 thr(in)16 conc_peak=16 pread=3.358s [reader]
DBG getmany L41 nw=13 wall=0.965s thr(out)1 thr(in)16 conc_peak=13 pread=12.181s
DBG getmany L43 nw=16 wall=0.511s thr(out)1 thr(in)16 conc_peak=16 pread=4.580s [reader]
DBG getmany L42 nw=8 wall=0.717s thr(out)1 thr(in)16 conc_peak=8 pread=8.912s
DBG getmany L44 nw=16 wall=0.502s thr(out)1 thr(in)16 conc_peak=16 pread=5.064s [reader]
DBG getmany L43 nw=13 wall=1.024s thr(out)1 thr(in)16 conc_peak=13 pread=12.438s
DBG getmany L45 nw=16 wall=0.717s thr(out)1 thr(in)16 conc_peak=16 pread=7.123s [reader]
DBG getmany L44 nw=13 wall=1.002s thr(out)1 thr(in)16 conc_peak=13 pread=15.692s
DBG getmany L46 nw=16 wall=0.606s thr(out)1 thr(in)16 conc_peak=16 pread=4.831s [reader]
DBG getmany L45 nw=10 wall=0.982s thr(out)1 thr(in)16 conc_peak=10 pread=11.296s
DBG getmany L47 nw=16 wall=0.759s thr(out)1 thr(in)16 conc_peak=16 pread=9.416s [reader]
DBG getmany L46 nw=8 wall=0.731s thr(out)1 thr(in)16 conc_peak=8 pread=10.760s
DBG getmany L48 nw=16 wall=0.873s thr(out)1 thr(in)16 conc_peak=16 pread=11.552s [reader]
DBG getmany L47 nw=11 wall=0.949s thr(out)1 thr(in)16 conc_peak=11 pread=15.157s
DBG getmany L49 nw=16 wall=0.942s thr(out)1 thr(in)16 conc_peak=16 pread=17.546s [reader]
DBG getmany L48 nw=13 wall=0.952s thr(out)1 thr(in)16 conc_peak=13 pread=22.136s
DBG getmany L50 nw=16 wall=0.981s thr(out)1 thr(in)16 conc_peak=16 pread=16.099s [reader]
DBG getmany L49 nw=9 wall=0.956s thr(out)1 thr(in)16 conc_peak=9 pread=17.995s
DBG getmany L51 nw=16 wall=0.714s thr(out)1 thr(in)16 conc_peak=16 pread=8.417s [reader]
DBG getmany L50 nw=12 wall=0.776s thr(out)1 thr(in)16 conc_peak=12 pread=12.004s
DBG getmany L52 nw=16 wall=0.756s thr(out)1 thr(in)16 conc_peak=16 pread=8.355s [reader]
DBG getmany L51 nw=12 wall=0.970s thr(out)1 thr(in)16 conc_peak=12 pread=12.064s
DBG getmany L53 nw=16 wall=0.980s thr(out)1 thr(in)16 conc_peak=16 pread=20.117s [reader]
DBG getmany L52 nw=15 wall=0.973s thr(out)1 thr(in)16 conc_peak=15 pread=22.044s
DBG getmany L54 nw=16 wall=0.730s thr(out)1 thr(in)16 conc_peak=16 pread=8.011s [reader]
DBG getmany L53 nw=10 wall=0.966s thr(out)1 thr(in)16 conc_peak=10 pread=11.475s
DBG getmany L55 nw=16 wall=0.763s thr(out)1 thr(in)16 conc_peak=16 pread=13.212s [reader]
DBG getmany L54 nw=12 wall=0.779s thr(out)1 thr(in)16 conc_peak=12 pread=15.501s
DBG getmany L56 nw=16 wall=0.989s thr(out)1 thr(in)16 conc_peak=16 pread=17.938s [reader]
DBG getmany L55 nw=14 wall=1.016s thr(out)1 thr(in)16 conc_peak=14 pread=20.939s
DBG getmany L57 nw=16 wall=0.953s thr(out)1 thr(in)16 conc_peak=16 pread=14.047s [reader]
DBG getmany L56 nw=16 wall=1.030s thr(out)1 thr(in)16 conc_peak=16 pread=19.746s
DBG getmany L58 nw=16 wall=0.814s thr(out)1 thr(in)16 conc_peak=16 pread=10.294s [reader]
DBG getmany L57 nw=16 wall=0.938s thr(out)1 thr(in)16 conc_peak=16 pread=18.001s
DBG getmany L59 nw=16 wall=0.807s thr(out)1 thr(in)16 conc_peak=16 pread=14.258s [reader]
DBG getmany L58 nw=14 wall=0.799s thr(out)1 thr(in)16 conc_peak=14 pread=17.368s
DBG getmany L60 nw=16 wall=0.970s thr(out)1 thr(in)16 conc_peak=16 pread=16.898s [reader]
DBG getmany L59 nw=15 wall=1.020s thr(out)1 thr(in)16 conc_peak=15 pread=19.915s
DBG getmany L61 nw=16 wall=0.684s thr(out)1 thr(in)16 conc_peak=16 pread=5.933s [reader]
DBG getmany L60 nw=16 wall=1.044s thr(out)1 thr(in)16 conc_peak=16 pread=17.320s
DBG getmany L62 nw=16 wall=11.685s thr(out)1 thr(in)16 conc_peak=16 pread=216.715s [reader]
DBG getmany L61 nw=16 wall=11.997s thr(out)1 thr(in)16 conc_peak=16 pread=310.755s
DBG getmany L63 nw=16 wall=0.576s thr(out)1 thr(in)16 conc_peak=16 pread=5.460s [reader]
DBG getmany L62 nw=15 wall=0.800s thr(out)1 thr(in)16 conc_peak=15 pread=14.332s
DBG getmany L64 nw=16 wall=0.564s thr(out)1 thr(in)16 conc_peak=16 pread=6.173s [reader]
DBG getmany L63 nw=15 wall=1.011s thr(out)1 thr(in)16 conc_peak=15 pread=17.100s
DBG getmany L65 nw=16 wall=0.799s thr(out)1 thr(in)16 conc_peak=16 pread=5.518s [reader]
DBG getmany L64 nw=16 wall=1.021s thr(out)1 thr(in)16 conc_peak=16 pread=17.898s
DBG getmany L66 nw=16 wall=0.661s thr(out)1 thr(in)16 conc_peak=16 pread=6.158s [reader]
DBG getmany L65 nw=15 wall=0.993s thr(out)1 thr(in)16 conc_peak=15 pread=16.121s
DBG getmany L67 nw=16 wall=0.657s thr(out)1 thr(in)16 conc_peak=16 pread=8.457s [reader]
DBG getmany L66 nw=15 wall=0.819s thr(out)1 thr(in)16 conc_peak=15 pread=16.492s
DBG getmany L68 nw=16 wall=0.764s thr(out)1 thr(in)16 conc_peak=16 pread=7.076s [reader]
DBG getmany L67 nw=16 wall=1.036s thr(out)1 thr(in)16 conc_peak=16 pread=19.645s
DBG getmany L69 nw=16 wall=0.962s thr(out)1 thr(in)16 conc_peak=16 pread=11.010s [reader]
DBG getmany L68 nw=14 wall=0.959s thr(out)1 thr(in)16 conc_peak=14 pread=15.614s
DBG getmany L70 nw=16 wall=0.643s thr(out)1 thr(in)16 conc_peak=16 pread=6.393s [reader]
DBG getmany L69 nw=16 wall=1.035s thr(out)1 thr(in)16 conc_peak=16 pread=17.121s
DBG getmany L71 nw=16 wall=0.690s thr(out)1 thr(in)16 conc_peak=16 pread=9.120s [reader]
DBG getmany L70 nw=16 wall=0.812s thr(out)1 thr(in)16 conc_peak=16 pread=18.891s
DBG getmany L72 nw=16 wall=0.484s thr(out)1 thr(in)16 conc_peak=16 pread=4.697s [reader]
DBG getmany L71 nw=16 wall=1.101s thr(out)1 thr(in)16 conc_peak=16 pread=16.475s
DBG getmany L73 nw=16 wall=0.821s thr(out)1 thr(in)16 conc_peak=16 pread=8.626s [reader]
DBG getmany L72 nw=16 wall=1.051s thr(out)1 thr(in)16 conc_peak=16 pread=20.588s
DBG getmany L74 nw=16 wall=1.036s thr(out)1 thr(in)16 conc_peak=16 pread=14.529s [reader]
DBG getmany L73 nw=15 wall=1.025s thr(out)1 thr(in)16 conc_peak=15 pread=18.524s
DBG getmany L75 nw=16 wall=0.816s thr(out)1 thr(in)16 conc_peak=16 pread=12.089s [reader]
DBG getmany L74 nw=13 wall=0.788s thr(out)1 thr(in)16 conc_peak=13 pread=13.647s
DBG getmany L76 nw=16 wall=0.675s thr(out)1 thr(in)16 conc_peak=16 pread=5.832s [reader]
DBG getmany L75 nw=11 wall=0.950s thr(out)1 thr(in)16 conc_peak=11 pread=11.764s
DBG getmany L77 nw=16 wall=0.967s thr(out)1 thr(in)16 conc_peak=16 pread=14.684s [reader]
DBG getmany L76 nw=14 wall=0.960s thr(out)1 thr(in)16 conc_peak=14 pread=19.382s
DBG getmany L78 nw=16 wall=0.713s thr(out)1 thr(in)16 conc_peak=16 pread=7.130s [reader]
DBG getmany L77 nw=16 wall=1.038s thr(out)1 thr(in)16 conc_peak=16 pread=17.931s
DBG getmany L79 nw=16 wall=0.514s thr(out)1 thr(in)16 conc_peak=16 pread=5.641s [reader]
DBG getmany L78 nw=15 wall=0.817s thr(out)1 thr(in)16 conc_peak=15 pread=12.839s
DBG getmany L80 nw=16 wall=0.611s thr(out)1 thr(in)16 conc_peak=16 pread=7.787s [reader]
DBG getmany L79 nw=15 wall=0.979s thr(out)1 thr(in)16 conc_peak=15 pread=13.221s
DBG getmany L81 nw=16 wall=0.771s thr(out)1 thr(in)16 conc_peak=16 pread=10.324s [reader]
DBG getmany L80 nw=14 wall=0.959s thr(out)1 thr(in)16 conc_peak=14 pread=14.790s
DBG getmany L82 nw=16 wall=0.635s thr(out)1 thr(in)16 conc_peak=16 pread=5.730s [reader]
DBG getmany L81 nw=14 wall=0.994s thr(out)1 thr(in)16 conc_peak=14 pread=15.213s
DBG getmany L83 nw=16 wall=0.481s thr(out)1 thr(in)16 conc_peak=16 pread=5.761s [reader]
DBG getmany L82 nw=14 wall=0.778s thr(out)1 thr(in)16 conc_peak=14 pread=11.154s
DBG getmany L84 nw=16 wall=0.402s thr(out)1 thr(in)16 conc_peak=16 pread=3.626s [reader]
DBG getmany L83 nw=5 wall=0.752s thr(out)1 thr(in)16 conc_peak=5 pread=5.196s
DBG getmany L85 nw=16 wall=0.881s thr(out)1 thr(in)16 conc_peak=16 pread=13.575s [reader]
DBG getmany L84 nw=11 wall=0.942s thr(out)1 thr(in)16 conc_peak=11 pread=14.518s
DBG getmany L86 nw=16 wall=0.594s thr(out)1 thr(in)16 conc_peak=16 pread=4.450s [reader]
DBG getmany L85 nw=11 wall=0.871s thr(out)1 thr(in)16 conc_peak=11 pread=12.174s
DBG getmany L87 nw=16 wall=0.850s thr(out)1 thr(in)16 conc_peak=16 pread=12.631s [reader]
DBG getmany L86 nw=11 wall=0.886s thr(out)1 thr(in)16 conc_peak=11 pread=18.577s
DBG getmany L88 nw=16 wall=0.761s thr(out)1 thr(in)16 conc_peak=16 pread=8.606s [reader]
DBG getmany L87 nw=10 wall=0.926s thr(out)1 thr(in)16 conc_peak=10 pread=12.906s
DBG getmany L89 nw=16 wall=0.775s thr(out)1 thr(in)16 conc_peak=16 pread=10.874s [reader]
DBG getmany L88 nw=8 wall=0.894s thr(out)1 thr(in)16 conc_peak=8 pread=14.292s
DBG getmany L90 nw=16 wall=0.893s thr(out)1 thr(in)16 conc_peak=16 pread=9.449s [reader]
DBG getmany L89 nw=8 wall=0.907s thr(out)1 thr(in)16 conc_peak=8 pread=11.954s
DBG getmany L91 nw=16 wall=0.469s thr(out)1 thr(in)16 conc_peak=16 pread=4.868s [reader]
DBG getmany L90 nw=9 wall=0.720s thr(out)1 thr(in)16 conc_peak=9 pread=9.159s
DBG getmany L92 nw=16 wall=0.694s thr(out)1 thr(in)16 conc_peak=16 pread=8.603s [reader]
DBG getmany L91 nw=11 wall=0.741s thr(out)1 thr(in)16 conc_peak=11 pread=11.417s
DBG getmany L92 nw=9 wall=0.146s thr(out)1 thr(in)16 conc_peak=9 pread=0.784s
1      802        99.15        100.0      47.50      0.010
  L2   resident=6779/14589 slots hit=100.0% read=73.31GB write=0.00GB
DBG getmany L1 nw=16 wall=0.251s thr(out)1 thr(in)16 conc_peak=16 pread=2.334s [reader]
DBG getmany L1 nw=16 wall=0.400s thr(out)1 thr(in)16 conc_peak=16 pread=6.468s
DBG getmany L2 nw=15 wall=0.462s thr(out)1 thr(in)16 conc_peak=15 pread=9.166s [reader]
DBG getmany L3 nw=11 wall=0.290s thr(out)1 thr(in)16 conc_peak=11 pread=2.601s [reader]
DBG getmany L2 nw=11 wall=0.311s thr(out)1 thr(in)16 conc_peak=11 pread=4.050s
DBG getmany L4 nw=15 wall=0.341s thr(out)1 thr(in)16 conc_peak=15 pread=4.282s [reader]
DBG getmany L3 nw=11 wall=0.355s thr(out)1 thr(in)16 conc_peak=11 pread=5.280s
DBG getmany L5 nw=15 wall=0.341s thr(out)1 thr(in)16 conc_peak=15 pread=3.925s [reader]
DBG getmany L4 nw=12 wall=0.351s thr(out)1 thr(in)16 conc_peak=12 pread=6.097s
DBG getmany L6 nw=14 wall=0.314s thr(out)1 thr(in)16 conc_peak=14 pread=3.153s [reader]
DBG getmany L5 nw=10 wall=0.312s thr(out)1 thr(in)16 conc_peak=10 pread=4.766s
DBG getmany L7 nw=14 wall=0.354s thr(out)1 thr(in)16 conc_peak=14 pread=3.740s [reader]
DBG getmany L6 nw=14 wall=0.369s thr(out)1 thr(in)16 conc_peak=14 pread=5.970s
DBG getmany L8 nw=16 wall=0.284s thr(out)1 thr(in)16 conc_peak=16 pread=3.087s [reader]
DBG getmany L7 nw=12 wall=0.368s thr(out)1 thr(in)16 conc_peak=12 pread=5.970s
DBG getmany L9 nw=13 wall=0.288s thr(out)1 thr(in)16 conc_peak=13 pread=2.360s [reader]
DBG getmany L8 nw=12 wall=0.301s thr(out)1 thr(in)16 conc_peak=12 pread=4.430s
DBG getmany L10 nw=14 wall=0.278s thr(out)1 thr(in)16 conc_peak=14 pread=2.783s [reader]
DBG getmany L9 nw=11 wall=0.331s thr(out)1 thr(in)16 conc_peak=11 pread=5.017s
DBG getmany L11 nw=15 wall=0.253s thr(out)1 thr(in)16 conc_peak=15 pread=2.143s [reader]
DBG getmany L10 nw=8 wall=0.286s thr(out)1 thr(in)16 conc_peak=8 pread=3.850s
DBG getmany L12 nw=13 wall=0.278s thr(out)1 thr(in)16 conc_peak=13 pread=1.963s [reader]
DBG getmany L11 nw=11 wall=0.324s thr(out)1 thr(in)16 conc_peak=11 pread=4.841s
DBG getmany L13 nw=14 wall=0.309s thr(out)1 thr(in)16 conc_peak=14 pread=2.646s [reader]
DBG getmany L12 nw=12 wall=0.334s thr(out)1 thr(in)16 conc_peak=12 pread=5.230s
DBG getmany L14 nw=15 wall=0.295s thr(out)1 thr(in)16 conc_peak=15 pread=2.758s [reader]
DBG getmany L13 nw=11 wall=0.334s thr(out)1 thr(in)16 conc_peak=11 pread=5.341s
DBG getmany L15 nw=15 wall=0.345s thr(out)1 thr(in)16 conc_peak=15 pread=4.325s [reader]
DBG getmany L14 nw=9 wall=0.316s thr(out)1 thr(in)16 conc_peak=9 pread=4.863s
DBG getmany L16 nw=15 wall=0.326s thr(out)1 thr(in)16 conc_peak=15 pread=3.521s [reader]
DBG getmany L15 nw=11 wall=0.356s thr(out)1 thr(in)16 conc_peak=11 pread=5.506s
DBG getmany L17 nw=16 wall=0.318s thr(out)1 thr(in)16 conc_peak=16 pread=3.494s [reader]
DBG getmany L16 nw=11 wall=0.348s thr(out)1 thr(in)16 conc_peak=11 pread=5.938s
DBG getmany L18 nw=15 wall=0.285s thr(out)1 thr(in)16 conc_peak=15 pread=2.601s [reader]
DBG getmany L17 nw=12 wall=0.355s thr(out)1 thr(in)16 conc_peak=12 pread=5.551s
DBG getmany L19 nw=14 wall=0.261s thr(out)1 thr(in)16 conc_peak=14 pread=2.116s [reader]
DBG getmany L18 nw=12 wall=0.323s thr(out)1 thr(in)16 conc_peak=12 pread=4.919s
DBG getmany L20 nw=15 wall=0.350s thr(out)1 thr(in)16 conc_peak=15 pread=4.557s [reader]
DBG getmany L19 nw=11 wall=0.362s thr(out)1 thr(in)16 conc_peak=11 pread=5.899s
DBG getmany L21 nw=14 wall=0.323s thr(out)1 thr(in)16 conc_peak=14 pread=3.938s [reader]
DBG getmany L20 nw=11 wall=0.308s thr(out)1 thr(in)16 conc_peak=11 pread=4.736s
DBG getmany L22 nw=15 wall=0.433s thr(out)1 thr(in)16 conc_peak=15 pread=2.872s [reader]
DBG getmany L21 nw=13 wall=0.940s thr(out)1 thr(in)16 conc_peak=13 pread=12.242s
DBG getmany L23 nw=12 wall=0.454s thr(out)1 thr(in)16 conc_peak=12 pread=5.166s [reader]
DBG getmany L22 nw=14 wall=0.745s thr(out)1 thr(in)16 conc_peak=14 pread=10.098s
DBG getmany L24 nw=11 wall=0.429s thr(out)1 thr(in)16 conc_peak=11 pread=1.979s [reader]
DBG getmany L23 nw=12 wall=0.776s thr(out)1 thr(in)16 conc_peak=12 pread=9.201s
DBG getmany L25 nw=14 wall=0.570s thr(out)1 thr(in)16 conc_peak=14 pread=5.122s [reader]
DBG getmany L24 nw=11 wall=0.962s thr(out)1 thr(in)16 conc_peak=11 pread=12.845s
DBG getmany L26 nw=11 wall=0.303s thr(out)1 thr(in)16 conc_peak=11 pread=1.602s [reader]
DBG getmany L25 nw=14 wall=0.905s thr(out)1 thr(in)16 conc_peak=14 pread=10.837s
DBG getmany L27 nw=13 wall=0.676s thr(out)1 thr(in)16 conc_peak=13 pread=6.777s [reader]
DBG getmany L26 nw=12 wall=0.700s thr(out)1 thr(in)16 conc_peak=12 pread=9.378s
DBG getmany L28 nw=15 wall=0.845s thr(out)1 thr(in)16 conc_peak=15 pread=8.288s [reader]
DBG getmany L27 nw=14 wall=0.939s thr(out)1 thr(in)16 conc_peak=14 pread=12.633s
DBG getmany L28 nw=12 wall=0.803s thr(out)1 thr(in)16 conc_peak=12 pread=12.636s
DBG getmany L29 nw=14 wall=0.872s thr(out)1 thr(in)16 conc_peak=14 pread=15.285s [reader]
DBG getmany L30 nw=14 wall=0.899s thr(out)1 thr(in)16 conc_peak=14 pread=8.967s [reader]
DBG getmany L29 nw=12 wall=0.932s thr(out)1 thr(in)16 conc_peak=12 pread=10.700s
DBG getmany L31 nw=16 wall=0.774s thr(out)1 thr(in)16 conc_peak=16 pread=9.083s [reader]
DBG getmany L30 nw=15 wall=0.794s thr(out)1 thr(in)16 conc_peak=15 pread=14.377s
DBG getmany L32 nw=14 wall=0.337s thr(out)1 thr(in)16 conc_peak=14 pread=2.634s [reader]
DBG getmany L31 nw=12 wall=0.734s thr(out)1 thr(in)16 conc_peak=12 pread=7.620s
DBG getmany L33 nw=14 wall=0.617s thr(out)1 thr(in)16 conc_peak=14 pread=4.941s [reader]
DBG getmany L32 nw=11 wall=0.891s thr(out)1 thr(in)16 conc_peak=11 pread=11.377s
DBG getmany L34 nw=16 wall=0.992s thr(out)1 thr(in)16 conc_peak=16 pread=16.776s [reader]
DBG getmany L33 nw=11 wall=0.976s thr(out)1 thr(in)16 conc_peak=11 pread=19.663s
DBG getmany L35 nw=16 wall=0.722s thr(out)1 thr(in)16 conc_peak=16 pread=10.013s [reader]
DBG getmany L34 nw=13 wall=0.784s thr(out)1 thr(in)16 conc_peak=13 pread=13.706s
DBG getmany L36 nw=11 wall=0.476s thr(out)1 thr(in)16 conc_peak=11 pread=2.970s [reader]
DBG getmany L35 nw=13 wall=0.921s thr(out)1 thr(in)16 conc_peak=13 pread=8.616s
DBG getmany L37 nw=13 wall=0.876s thr(out)1 thr(in)16 conc_peak=13 pread=13.040s [reader]
DBG getmany L36 nw=11 wall=0.900s thr(out)1 thr(in)16 conc_peak=11 pread=17.386s
DBG getmany L38 nw=14 wall=0.937s thr(out)1 thr(in)16 conc_peak=14 pread=11.836s [reader]
DBG getmany L37 nw=13 wall=0.933s thr(out)1 thr(in)16 conc_peak=13 pread=15.482s
DBG getmany L38 nw=13 wall=0.705s thr(out)1 thr(in)16 conc_peak=13 pread=10.505s
DBG getmany L39 nw=15 wall=0.786s thr(out)1 thr(in)16 conc_peak=15 pread=12.828s [reader]
DBG getmany L40 nw=13 wall=0.531s thr(out)1 thr(in)16 conc_peak=13 pread=5.779s [reader]
DBG getmany L39 nw=14 wall=0.929s thr(out)1 thr(in)16 conc_peak=14 pread=11.391s
DBG getmany L41 nw=13 wall=0.338s thr(out)1 thr(in)16 conc_peak=13 pread=1.940s [reader]
DBG getmany L40 nw=14 wall=0.930s thr(out)1 thr(in)16 conc_peak=14 pread=12.274s
DBG getmany L42 nw=8 wall=0.440s thr(out)1 thr(in)16 conc_peak=8 pread=2.433s [reader]
DBG getmany L41 nw=14 wall=0.840s thr(out)1 thr(in)16 conc_peak=14 pread=10.056s
DBG getmany L43 nw=13 wall=0.713s thr(out)1 thr(in)16 conc_peak=13 pread=9.348s [reader]
DBG getmany L42 nw=14 wall=0.735s thr(out)1 thr(in)16 conc_peak=14 pread=15.000s
DBG getmany L44 nw=13 wall=0.333s thr(out)1 thr(in)16 conc_peak=13 pread=2.429s [reader]
DBG getmany L43 nw=15 wall=0.992s thr(out)1 thr(in)16 conc_peak=15 pread=11.703s
DBG getmany L45 nw=10 wall=0.913s thr(out)1 thr(in)16 conc_peak=10 pread=11.409s [reader]
DBG getmany L44 nw=14 wall=0.906s thr(out)1 thr(in)16 conc_peak=14 pread=15.824s
DBG getmany L46 nw=8 wall=0.600s thr(out)1 thr(in)16 conc_peak=8 pread=2.667s [reader]
DBG getmany L45 nw=15 wall=0.925s thr(out)1 thr(in)16 conc_peak=15 pread=13.824s
DBG getmany L47 nw=11 wall=0.710s thr(out)1 thr(in)16 conc_peak=11 pread=7.445s [reader]
DBG getmany L46 nw=13 wall=0.738s thr(out)1 thr(in)16 conc_peak=13 pread=10.883s
DBG getmany L48 nw=13 wall=0.402s thr(out)1 thr(in)16 conc_peak=13 pread=2.743s [reader]
DBG getmany L47 nw=15 wall=0.962s thr(out)1 thr(in)16 conc_peak=15 pread=11.703s
DBG getmany L49 nw=9 wall=0.436s thr(out)1 thr(in)16 conc_peak=9 pread=1.888s [reader]
DBG getmany L48 nw=14 wall=0.871s thr(out)1 thr(in)16 conc_peak=14 pread=10.660s
DBG getmany L50 nw=12 wall=0.507s thr(out)1 thr(in)16 conc_peak=12 pread=4.561s [reader]
DBG getmany L49 nw=15 wall=0.981s thr(out)1 thr(in)16 conc_peak=15 pread=13.567s
DBG getmany L50 nw=15 wall=0.709s thr(out)1 thr(in)16 conc_peak=15 pread=11.916s
DBG getmany L51 nw=12 wall=0.805s thr(out)1 thr(in)16 conc_peak=12 pread=14.365s [reader]
DBG getmany L52 nw=15 wall=0.579s thr(out)1 thr(in)16 conc_peak=15 pread=5.398s [reader]
DBG getmany L51 nw=13 wall=0.937s thr(out)1 thr(in)16 conc_peak=13 pread=15.465s
DBG getmany L53 nw=10 wall=0.441s thr(out)1 thr(in)16 conc_peak=10 pread=2.705s [reader]
DBG getmany L52 nw=12 wall=0.576s thr(out)1 thr(in)16 conc_peak=12 pread=6.864s
DBG getmany L54 nw=12 wall=0.695s thr(out)1 thr(in)16 conc_peak=12 pread=6.970s [reader]
DBG getmany L53 nw=14 wall=0.913s thr(out)1 thr(in)16 conc_peak=14 pread=15.160s
DBG getmany L55 nw=14 wall=0.754s thr(out)1 thr(in)16 conc_peak=14 pread=8.246s [reader]
DBG getmany L54 nw=14 wall=0.737s thr(out)1 thr(in)16 conc_peak=14 pread=11.117s
DBG getmany L56 nw=16 wall=0.774s thr(out)1 thr(in)16 conc_peak=16 pread=11.507s [reader]
DBG getmany L55 nw=13 wall=0.960s thr(out)1 thr(in)16 conc_peak=13 pread=16.026s
DBG getmany L57 nw=16 wall=0.959s thr(out)1 thr(in)16 conc_peak=16 pread=11.455s [reader]
DBG getmany L56 nw=9 wall=0.894s thr(out)1 thr(in)16 conc_peak=9 pread=12.349s
DBG getmany L58 nw=14 wall=0.685s thr(out)1 thr(in)16 conc_peak=14 pread=4.917s [reader]
DBG getmany L57 nw=14 wall=0.910s thr(out)1 thr(in)16 conc_peak=14 pread=13.288s
DBG getmany L59 nw=15 wall=0.699s thr(out)1 thr(in)16 conc_peak=15 pread=9.332s [reader]
DBG getmany L58 nw=11 wall=0.708s thr(out)1 thr(in)16 conc_peak=11 pread=9.970s
DBG getmany L60 nw=16 wall=0.637s thr(out)1 thr(in)16 conc_peak=16 pread=5.683s [reader]
DBG getmany L59 nw=10 wall=0.933s thr(out)1 thr(in)16 conc_peak=10 pread=9.654s
DBG getmany L61 nw=16 wall=0.980s thr(out)1 thr(in)16 conc_peak=16 pread=16.893s [reader]
DBG getmany L60 nw=13 wall=0.969s thr(out)1 thr(in)16 conc_peak=13 pread=18.754s
DBG getmany L62 nw=15 wall=0.883s thr(out)1 thr(in)16 conc_peak=15 pread=9.842s [reader]
DBG getmany L61 nw=15 wall=0.942s thr(out)1 thr(in)16 conc_peak=15 pread=14.245s
DBG getmany L63 nw=15 wall=0.539s thr(out)1 thr(in)16 conc_peak=15 pread=4.479s [reader]
DBG getmany L62 nw=11 wall=0.709s thr(out)1 thr(in)16 conc_peak=11 pread=9.426s
DBG getmany L64 nw=16 wall=0.540s thr(out)1 thr(in)16 conc_peak=16 pread=4.574s [reader]
DBG getmany L63 nw=12 wall=0.947s thr(out)1 thr(in)16 conc_peak=12 pread=12.636s
DBG getmany L65 nw=15 wall=0.571s thr(out)1 thr(in)16 conc_peak=15 pread=5.238s [reader]
DBG getmany L64 nw=13 wall=0.964s thr(out)1 thr(in)16 conc_peak=13 pread=10.775s
DBG getmany L66 nw=15 wall=0.925s thr(out)1 thr(in)16 conc_peak=15 pread=8.850s [reader]
DBG getmany L65 nw=10 wall=0.880s thr(out)1 thr(in)16 conc_peak=10 pread=9.640s
DBG getmany L67 nw=16 wall=0.821s thr(out)1 thr(in)16 conc_peak=16 pread=15.151s [reader]
DBG getmany L66 nw=13 wall=0.781s thr(out)1 thr(in)16 conc_peak=13 pread=16.697s
DBG getmany L68 nw=14 wall=0.333s thr(out)1 thr(in)16 conc_peak=14 pread=2.905s [reader]
DBG getmany L67 nw=13 wall=0.957s thr(out)1 thr(in)16 conc_peak=13 pread=8.350s
DBG getmany L69 nw=16 wall=0.488s thr(out)1 thr(in)16 conc_peak=16 pread=3.497s [reader]
DBG getmany L68 nw=11 wall=0.918s thr(out)1 thr(in)16 conc_peak=11 pread=9.863s
DBG getmany L70 nw=16 wall=0.990s thr(out)1 thr(in)16 conc_peak=16 pread=18.088s [reader]
DBG getmany L69 nw=11 wall=0.945s thr(out)1 thr(in)16 conc_peak=11 pread=19.010s
DBG getmany L71 nw=16 wall=0.592s thr(out)1 thr(in)16 conc_peak=16 pread=7.994s [reader]
DBG getmany L70 nw=11 wall=0.734s thr(out)1 thr(in)16 conc_peak=11 pread=12.018s
DBG getmany L72 nw=16 wall=0.501s thr(out)1 thr(in)16 conc_peak=16 pread=3.533s [reader]
DBG getmany L71 nw=10 wall=0.965s thr(out)1 thr(in)16 conc_peak=10 pread=9.777s
DBG getmany L73 nw=15 wall=0.606s thr(out)1 thr(in)16 conc_peak=15 pread=5.541s [reader]
DBG getmany L72 nw=15 wall=1.003s thr(out)1 thr(in)16 conc_peak=15 pread=15.710s
DBG getmany L74 nw=13 wall=0.342s thr(out)1 thr(in)16 conc_peak=13 pread=2.456s [reader]
DBG getmany L73 nw=16 wall=0.973s thr(out)1 thr(in)16 conc_peak=16 pread=12.794s
DBG getmany L75 nw=11 wall=0.710s thr(out)1 thr(in)16 conc_peak=11 pread=8.202s [reader]
DBG getmany L74 nw=16 wall=0.758s thr(out)1 thr(in)16 conc_peak=16 pread=12.553s
DBG getmany L76 nw=14 wall=0.919s thr(out)1 thr(in)16 conc_peak=14 pread=14.630s [reader]
DBG getmany L75 nw=16 wall=0.985s thr(out)1 thr(in)16 conc_peak=16 pread=18.280s
DBG getmany L77 nw=16 wall=0.713s thr(out)1 thr(in)16 conc_peak=16 pread=9.407s [reader]
DBG getmany L76 nw=16 wall=0.986s thr(out)1 thr(in)16 conc_peak=16 pread=15.998s
DBG getmany L78 nw=15 wall=0.964s thr(out)1 thr(in)16 conc_peak=15 pread=12.462s [reader]
DBG getmany L77 nw=13 wall=0.959s thr(out)1 thr(in)16 conc_peak=13 pread=16.196s
DBG getmany L78 nw=15 wall=0.776s thr(out)1 thr(in)16 conc_peak=15 pread=10.981s
DBG getmany L79 nw=15 wall=0.855s thr(out)1 thr(in)16 conc_peak=15 pread=11.897s [reader]
DBG getmany L80 nw=14 wall=0.501s thr(out)1 thr(in)16 conc_peak=14 pread=3.802s [reader]
DBG getmany L79 nw=14 wall=0.958s thr(out)1 thr(in)16 conc_peak=14 pread=12.777s
DBG getmany L81 nw=14 wall=0.314s thr(out)1 thr(in)16 conc_peak=14 pread=2.126s [reader]
DBG getmany L80 nw=16 wall=0.957s thr(out)1 thr(in)16 conc_peak=16 pread=14.130s
DBG getmany L82 nw=14 wall=0.462s thr(out)1 thr(in)16 conc_peak=14 pread=2.536s [reader]
DBG getmany L81 nw=13 wall=0.883s thr(out)1 thr(in)16 conc_peak=13 pread=11.086s
DBG getmany L83 nw=5 wall=0.323s thr(out)1 thr(in)16 conc_peak=5 pread=1.171s [reader]
DBG getmany L82 nw=14 wall=0.628s thr(out)1 thr(in)16 conc_peak=14 pread=7.590s
DBG getmany L84 nw=11 wall=0.225s thr(out)1 thr(in)16 conc_peak=11 pread=1.338s [reader]
DBG getmany L83 nw=12 wall=0.888s thr(out)1 thr(in)16 conc_peak=12 pread=8.248s
DBG getmany L84 nw=10 wall=0.801s thr(out)1 thr(in)16 conc_peak=10 pread=10.865s
DBG getmany L85 nw=11 wall=0.875s thr(out)1 thr(in)16 conc_peak=11 pread=14.324s [reader]
DBG getmany L86 nw=11 wall=0.366s thr(out)1 thr(in)16 conc_peak=11 pread=2.260s [reader]
DBG getmany L85 nw=9 wall=0.820s thr(out)1 thr(in)16 conc_peak=9 pread=8.219s
DBG getmany L87 nw=10 wall=0.295s thr(out)1 thr(in)16 conc_peak=10 pread=2.170s [reader]
DBG getmany L86 nw=12 wall=0.646s thr(out)1 thr(in)16 conc_peak=12 pread=7.409s
DBG getmany L88 nw=8 wall=0.412s thr(out)1 thr(in)16 conc_peak=8 pread=1.782s [reader]
DBG getmany L87 nw=11 wall=0.677s thr(out)1 thr(in)16 conc_peak=11 pread=6.528s
DBG getmany L89 nw=8 wall=0.424s thr(out)1 thr(in)16 conc_peak=8 pread=2.507s [reader]
DBG getmany L88 nw=12 wall=0.834s thr(out)1 thr(in)16 conc_peak=12 pread=10.888s
DBG getmany L90 nw=9 wall=0.874s thr(out)1 thr(in)16 conc_peak=9 pread=8.632s [reader]
DBG getmany L89 nw=12 wall=0.881s thr(out)1 thr(in)16 conc_peak=12 pread=12.023s
DBG getmany L91 nw=11 wall=0.582s thr(out)1 thr(in)16 conc_peak=11 pread=3.455s [reader]
DBG getmany L90 nw=12 wall=0.683s thr(out)1 thr(in)16 conc_peak=12 pread=9.668s
DBG getmany L92 nw=9 wall=0.415s thr(out)1 thr(in)16 conc_peak=9 pread=2.075s [reader]
DBG getmany L91 nw=12 wall=0.662s thr(out)1 thr(in)16 conc_peak=12 pread=8.391s
DBG getmany L92 nw=12 wall=0.183s thr(out)1 thr(in)16 conc_peak=12 pread=1.244s
2      24         82.19        100.0      41.97      0.012
  L2   resident=6779/14589 slots hit=100.0% read=115.29GB write=0.00GB
--------------------------------------------------------------------
3 tokens in 267.4 s, 89.12 s/token average
PEAK RSS for the whole run: 37.16 GB   <- quote this, not the plan
layers completed: 93/93; routed expert drops: 0


[chip] simulated MXFP4 GEMV bill over 4 tokens
  4416 expert chains | 291722231808 flops | 77488717824 bytes (77.49 GB)
  per token: 1104 chains | 19.37 GB | 0.07 Gflops
  compute wall @ 4 TFLOPS : 0.07 s (18.23 ms/token)
  bandwidth wall @ 200 GB/s : 0.39 s (96.86 ms/token)
  -> bandwidth-bound; to be compute-bound at 4 TFLOPS this needs 1062 GB/s
  expert fetch (host wall, measured): 205.52 s moving 77.49 GB = 0 GB/s
  chip pool wall (measured): 21.68 s

cache [final step]
  slots        : 854 of 17.56 MB = 14.99 GB arena (854 resident, 0 pinned)
  requests     : 1472  hits 1472 (100.00%)  misses 0  evictions 2392
  of those hits : 2392 came from the batch prefetch, i.e. read from disk
                  this token; TRUE resident hit rate 0.00%
  read from disk: 41.97 GB in 118.66 s (354 MB/s while loading)
  phase2 i/o    : 41.99 GB in 118.66 s (354 MB/s)  [pure parallel disk read]
  prefetch      : issued 1235  LATE 0  survival 21.4% (315/1472 prev-token routed experts still resident)
l2cache [final step]
  requests     : 6570  hits 6570 (100.00%)  misses 0
  read  from sdd7: 115.29 GB, written 0.00 GB
  hit I/O   : 115.29 GB in 325.70 s (wall) = 354 MB/s [pread 3170.09 s, 36 MB/s per-thread]
  miss I/O  : 0 misses, 0.00 GB from /model in 0.00 s (wall) = 0 MB/s
  restored from meta: 6779 slots

wrote reports/gateab_ab/v50_prefetch/pf1_r2-20260930_120743/ctrl.json
I/O share of wall clock: 199.5%  (trunk 207.6 s + experts 325.7 s of 267.4 s)
  both figures are WHOLE-RUN totals over 3 steps
  expert phase split: phase1 SERIAL reserve 0.2 s (828 calls) vs phase2 read 325.7 s
  over 100% because trunk reads overlap compute on the reader thread;
  266.0 s of device time was hidden behind arithmetic
  experts, whole run: 115.30 GB read | 0 of 4416 requests retained in RAM (0.00%) | 5717 evictions
    (retention = requests - evictions; the raw `hits` counter includes
     experts the prefetcher had just read from disk, so it is not a
     measure of avoided I/O)

trunk [final]
  pinned 22/93 layers, ring 2 slots
  binds 279, hits 44 (15.8%), reads 235
  read 140.16 GB in 207.63 s (675 MB/s pread)
  per-layer loads [L]=count: 0=1 1=1 2=1 3=1 4=1 5=1 6=1 7=1 8=1 9=1 10=1 11=1 12=1 13=1 14=1 15=1 16=1 17=1 18=1 19=1 20=1 21=1 22=3 23=3 24=3 25=3 26=3 27=3 28=3 29=3 30=3 31=3 32=3 33=3 34=3 35=3 36=3 37=3 38=3 39=3 40=3 41=3 42=3 43=3 44=3 45=3 46=3 47=3 48=3 49=3 50=3 51=3 52=3 53=3 54=3 55=3 56=3 57=3 58=3 59=3 60=3 61=3 62=3 63=3 64=3 65=3 66=3 67=3 68=3 69=3 70=3 71=3 72=3 73=3 74=3 75=3 76=3 77=3 78=3 79=3 80=3 81=3 82=3 83=3 84=3 85=3 86=3 87=3 88=3 89=3 90=3 91=3 92=3
  bind wall 18.55 s over 279 binds; read 207.63 + widen 1.42 = 209.05 s of device work,
                    of which 190.50 s (91%) overlapped compute on the reader thread
  widen breakdown: find 3 ms (7365)  copy 0 ms (3444)  deq 1412 ms (2370)  timed 1 s of widen 1.42 s
