[trace] ON -> /mnt/f/kimi-k3-in-c/reports/gateab_ab/v35_stall/rep2-20260929_123148/trace.csv (K3_TRACE_MAX 200000 events)
L2 auto: 209 GB free on /mnt/nvme -> L2 at 256 GB
k3 chip: 4 workers, 4 TFLOPS, 200 GB/s simulated wall
DBG getmany L1 nw=16 wall=6.644s thr(out)1 thr(in)16 conc_peak=16 pread=67.400s
DBG getmany L2 nw=16 wall=0.372s thr(out)1 thr(in)16 conc_peak=15 pread=4.558s
DBG getmany L3 nw=16 wall=0.477s thr(out)1 thr(in)16 conc_peak=14 pread=6.918s
DBG getmany L4 nw=16 wall=0.495s thr(out)1 thr(in)16 conc_peak=16 pread=5.582s
DBG getmany L5 nw=16 wall=0.494s thr(out)1 thr(in)16 conc_peak=15 pread=6.784s
DBG getmany L6 nw=16 wall=0.356s thr(out)1 thr(in)16 conc_peak=16 pread=4.761s
DBG getmany L7 nw=16 wall=0.509s thr(out)1 thr(in)16 conc_peak=16 pread=6.663s
DBG getmany L8 nw=16 wall=0.514s thr(out)1 thr(in)16 conc_peak=16 pread=5.914s
DBG getmany L9 nw=16 wall=0.503s thr(out)1 thr(in)16 conc_peak=16 pread=6.674s
DBG getmany L10 nw=16 wall=0.397s thr(out)1 thr(in)16 conc_peak=16 pread=5.060s
DBG getmany L11 nw=16 wall=0.510s thr(out)1 thr(in)16 conc_peak=16 pread=6.571s
DBG getmany L12 nw=16 wall=0.505s thr(out)1 thr(in)16 conc_peak=16 pread=6.331s
DBG getmany L13 nw=16 wall=0.483s thr(out)1 thr(in)16 conc_peak=16 pread=4.960s
DBG getmany L14 nw=16 wall=0.384s thr(out)1 thr(in)16 conc_peak=16 pread=4.694s
DBG getmany L15 nw=16 wall=0.517s thr(out)1 thr(in)16 conc_peak=16 pread=7.038s
DBG getmany L16 nw=16 wall=0.445s thr(out)1 thr(in)16 conc_peak=16 pread=5.538s
DBG getmany L17 nw=16 wall=0.482s thr(out)1 thr(in)16 conc_peak=16 pread=5.965s
DBG getmany L18 nw=16 wall=0.387s thr(out)1 thr(in)16 conc_peak=16 pread=5.139s
DBG getmany L19 nw=16 wall=0.491s thr(out)1 thr(in)16 conc_peak=16 pread=6.456s
DBG getmany L20 nw=16 wall=0.477s thr(out)1 thr(in)16 conc_peak=16 pread=6.513s
DBG getmany L21 nw=16 wall=0.509s thr(out)1 thr(in)16 conc_peak=16 pread=7.288s
DBG getmany L22 nw=16 wall=0.381s thr(out)1 thr(in)16 conc_peak=16 pread=4.673s
DBG getmany L23 nw=16 wall=0.500s thr(out)1 thr(in)16 conc_peak=16 pread=5.939s
DBG getmany L24 nw=16 wall=0.571s thr(out)1 thr(in)16 conc_peak=16 pread=7.922s
DBG getmany L25 nw=16 wall=0.535s thr(out)1 thr(in)16 conc_peak=16 pread=7.832s
DBG getmany L26 nw=16 wall=0.402s thr(out)1 thr(in)16 conc_peak=16 pread=4.838s
DBG getmany L27 nw=16 wall=0.495s thr(out)1 thr(in)16 conc_peak=16 pread=6.505s
DBG getmany L28 nw=16 wall=0.476s thr(out)1 thr(in)16 conc_peak=16 pread=5.727s
DBG getmany L29 nw=16 wall=0.518s thr(out)1 thr(in)16 conc_peak=16 pread=6.839s
DBG getmany L30 nw=16 wall=0.411s thr(out)1 thr(in)16 conc_peak=16 pread=5.886s
DBG getmany L31 nw=16 wall=0.567s thr(out)1 thr(in)16 conc_peak=16 pread=6.154s
DBG getmany L32 nw=16 wall=0.548s thr(out)1 thr(in)16 conc_peak=16 pread=7.064s
DBG getmany L33 nw=16 wall=0.593s thr(out)1 thr(in)16 conc_peak=16 pread=8.815s
DBG getmany L34 nw=16 wall=0.407s thr(out)1 thr(in)16 conc_peak=16 pread=5.093s
DBG getmany L35 nw=16 wall=0.570s thr(out)1 thr(in)16 conc_peak=16 pread=7.796s
DBG getmany L36 nw=16 wall=0.566s thr(out)1 thr(in)16 conc_peak=16 pread=7.365s
DBG getmany L37 nw=16 wall=0.551s thr(out)1 thr(in)16 conc_peak=16 pread=7.694s
DBG getmany L38 nw=16 wall=0.383s thr(out)1 thr(in)16 conc_peak=16 pread=5.131s
DBG getmany L39 nw=16 wall=0.564s thr(out)1 thr(in)16 conc_peak=16 pread=6.760s
DBG getmany L40 nw=16 wall=0.540s thr(out)1 thr(in)16 conc_peak=16 pread=7.306s
DBG getmany L41 nw=16 wall=0.522s thr(out)1 thr(in)16 conc_peak=16 pread=5.715s
DBG getmany L42 nw=16 wall=0.392s thr(out)1 thr(in)16 conc_peak=16 pread=4.835s
DBG getmany L43 nw=16 wall=0.577s thr(out)1 thr(in)16 conc_peak=16 pread=5.179s
DBG getmany L44 nw=16 wall=0.534s thr(out)1 thr(in)16 conc_peak=16 pread=7.008s
DBG getmany L45 nw=16 wall=0.552s thr(out)1 thr(in)16 conc_peak=16 pread=7.101s
DBG getmany L46 nw=16 wall=0.432s thr(out)1 thr(in)16 conc_peak=16 pread=5.947s
DBG getmany L47 nw=16 wall=0.582s thr(out)1 thr(in)16 conc_peak=16 pread=7.619s
DBG getmany L48 nw=16 wall=0.573s thr(out)1 thr(in)16 conc_peak=16 pread=6.999s
DBG getmany L49 nw=16 wall=0.498s thr(out)1 thr(in)16 conc_peak=16 pread=5.889s
DBG getmany L50 nw=16 wall=0.428s thr(out)1 thr(in)16 conc_peak=16 pread=5.577s
DBG getmany L51 nw=16 wall=0.597s thr(out)1 thr(in)16 conc_peak=16 pread=7.292s
DBG getmany L52 nw=16 wall=0.548s thr(out)1 thr(in)16 conc_peak=16 pread=6.652s
DBG getmany L53 nw=16 wall=0.558s thr(out)1 thr(in)16 conc_peak=16 pread=6.652s
DBG getmany L54 nw=16 wall=0.443s thr(out)1 thr(in)16 conc_peak=16 pread=5.901s
DBG getmany L55 nw=16 wall=0.598s thr(out)1 thr(in)16 conc_peak=16 pread=8.542s
DBG getmany L56 nw=16 wall=0.601s thr(out)1 thr(in)16 conc_peak=16 pread=7.559s
DBG getmany L57 nw=16 wall=0.552s thr(out)1 thr(in)16 conc_peak=16 pread=7.577s
DBG getmany L58 nw=16 wall=0.372s thr(out)1 thr(in)16 conc_peak=16 pread=4.472s
DBG getmany L59 nw=16 wall=0.582s thr(out)1 thr(in)16 conc_peak=16 pread=7.020s
DBG getmany L60 nw=16 wall=0.572s thr(out)1 thr(in)16 conc_peak=16 pread=6.644s
DBG getmany L61 nw=16 wall=0.592s thr(out)1 thr(in)16 conc_peak=16 pread=6.031s
DBG getmany L62 nw=16 wall=0.434s thr(out)1 thr(in)16 conc_peak=16 pread=5.400s
DBG getmany L63 nw=16 wall=0.591s thr(out)1 thr(in)16 conc_peak=16 pread=7.369s
DBG getmany L64 nw=16 wall=0.597s thr(out)1 thr(in)16 conc_peak=16 pread=7.042s
DBG getmany L65 nw=16 wall=0.587s thr(out)1 thr(in)16 conc_peak=16 pread=8.700s
DBG getmany L66 nw=16 wall=0.444s thr(out)1 thr(in)16 conc_peak=16 pread=5.223s
DBG getmany L67 nw=16 wall=0.597s thr(out)1 thr(in)16 conc_peak=16 pread=6.023s
DBG getmany L68 nw=16 wall=0.566s thr(out)1 thr(in)16 conc_peak=16 pread=7.679s
DBG getmany L69 nw=16 wall=0.544s thr(out)1 thr(in)16 conc_peak=16 pread=6.347s
DBG getmany L70 nw=16 wall=0.452s thr(out)1 thr(in)16 conc_peak=16 pread=6.109s
DBG getmany L71 nw=16 wall=0.607s thr(out)1 thr(in)16 conc_peak=16 pread=6.992s
DBG getmany L72 nw=16 wall=0.576s thr(out)1 thr(in)16 conc_peak=16 pread=6.974s
DBG getmany L73 nw=16 wall=0.584s thr(out)1 thr(in)16 conc_peak=16 pread=5.944s
DBG getmany L74 nw=16 wall=0.453s thr(out)1 thr(in)16 conc_peak=16 pread=6.336s
DBG getmany L75 nw=16 wall=0.586s thr(out)1 thr(in)16 conc_peak=16 pread=6.962s
DBG getmany L76 nw=16 wall=0.517s thr(out)1 thr(in)16 conc_peak=16 pread=7.344s
DBG getmany L77 nw=16 wall=0.553s thr(out)1 thr(in)16 conc_peak=16 pread=5.655s
DBG getmany L78 nw=16 wall=0.448s thr(out)1 thr(in)16 conc_peak=16 pread=5.770s
DBG getmany L79 nw=16 wall=0.570s thr(out)1 thr(in)16 conc_peak=16 pread=6.998s
DBG getmany L80 nw=16 wall=0.566s thr(out)1 thr(in)16 conc_peak=16 pread=7.210s
DBG getmany L81 nw=16 wall=0.548s thr(out)1 thr(in)16 conc_peak=16 pread=6.922s
DBG getmany L82 nw=16 wall=0.391s thr(out)1 thr(in)16 conc_peak=16 pread=5.106s
DBG getmany L83 nw=16 wall=0.556s thr(out)1 thr(in)16 conc_peak=16 pread=7.288s
DBG getmany L84 nw=16 wall=0.558s thr(out)1 thr(in)16 conc_peak=16 pread=6.868s
DBG getmany L85 nw=16 wall=0.485s thr(out)1 thr(in)16 conc_peak=16 pread=6.398s
DBG getmany L86 nw=16 wall=0.399s thr(out)1 thr(in)16 conc_peak=16 pread=5.863s
DBG getmany L87 nw=16 wall=0.554s thr(out)1 thr(in)16 conc_peak=16 pread=6.065s
DBG getmany L88 nw=16 wall=0.564s thr(out)1 thr(in)16 conc_peak=16 pread=6.762s
DBG getmany L89 nw=16 wall=0.575s thr(out)1 thr(in)16 conc_peak=16 pread=6.281s
DBG getmany L90 nw=16 wall=0.406s thr(out)1 thr(in)16 conc_peak=16 pread=5.898s
DBG getmany L91 nw=16 wall=0.424s thr(out)1 thr(in)16 conc_peak=16 pread=6.206s
DBG getmany L92 nw=16 wall=0.185s thr(out)1 thr(in)16 conc_peak=16 pread=1.998s
config: /model/config.json (nested shape) | hidden=7168 layers=93 vocab=163840 | 24 MLA + 69 KDA | experts 896 top16 shared2 | latent=3584
  KV cache : 23.70 MB for 10 positions (2.37 MB/position)
Kimi K3, pure C, released checkpoint
  model    : /model
  prompt   : 1 tokens, generating 8

indexed 497220 tensors from 96 shards in 4.01 s
trunk on disk : 110.00 GB total (STREAMED from /mnt/nvme/trunk_layers_out, not held in RAM)

memory plan
  trunk (STREAMED) 6.00 GB
  embed + lm_head  4.70 GB
  expert cache     40.00 GB
  recurrent state  626.25 MB
  buffers          8.02 MB
  KV cache         23.65 MB
  TOTAL            51.36 GB
  available        57.81 GB

k3_trunk: trunk.bin absent - using per-layer slices (layer_%03d.bin)
trunk stream: 56.60 GB packed, 1/93 layers PINNED (3.00 GB), ring 2 x 1.30 GB
              reads use buffered I/O
              ring holds 2 slots: layers repeat over ~2 tokens, so recent ones are reused instead of re-read
trunk streaming enabled from /mnt/nvme/trunk_layers_out in 0.0 s
embedding, final norm and lm_head: 4.70 GB in 10.4 s

expert L1 eviction policy: heat
expert L2 cache enabled: 14589 slots x 17.55 MB = 256.00 GB on /mnt/nvme/experts.l2
expert L2 eviction policy: heat
peak RSS after loading weights: 4.78 GB  (the plan above is a forecast, this is measured)
expert cache: 2278 slots x 17.56 MB = 39.99 GB (2.76% of the 1.45 TB expert pool)

recurrent state for 93 layers: 626.25 MB

incremental decode: KV cache 23.65 MB for 24 MLA layers at 10 positions

STEP   TOKEN      SECONDS      CACHE HIT  READ GB    TOK/S
--------------------------------------------------------------------
0      220        76.48        100.0      25.83      0.013
  L2   resident=6779/14589 slots hit=100.0% read=25.83GB write=0.00GB
DBG getmany L1 nw=16 wall=0.420s thr(out)1 thr(in)16 conc_peak=16 pread=4.862s
DBG getmany L2 nw=15 wall=0.331s thr(out)1 thr(in)16 conc_peak=15 pread=3.916s
DBG getmany L3 nw=11 wall=0.444s thr(out)1 thr(in)16 conc_peak=10 pread=3.565s
DBG getmany L4 nw=15 wall=0.475s thr(out)1 thr(in)16 conc_peak=15 pread=5.831s
DBG getmany L5 nw=15 wall=0.464s thr(out)1 thr(in)16 conc_peak=15 pread=5.590s
DBG getmany L6 nw=14 wall=0.352s thr(out)1 thr(in)16 conc_peak=14 pread=3.960s
DBG getmany L7 nw=14 wall=0.489s thr(out)1 thr(in)16 conc_peak=14 pread=6.344s
DBG getmany L8 nw=16 wall=0.509s thr(out)1 thr(in)16 conc_peak=16 pread=5.989s
DBG getmany L9 nw=13 wall=0.472s thr(out)1 thr(in)16 conc_peak=13 pread=4.784s
DBG getmany L10 nw=14 wall=0.351s thr(out)1 thr(in)16 conc_peak=14 pread=4.253s
DBG getmany L11 nw=15 wall=0.503s thr(out)1 thr(in)16 conc_peak=15 pread=6.390s
DBG getmany L12 nw=13 wall=0.455s thr(out)1 thr(in)16 conc_peak=13 pread=4.476s
DBG getmany L13 nw=14 wall=0.458s thr(out)1 thr(in)16 conc_peak=14 pread=4.496s
DBG getmany L14 nw=15 wall=0.366s thr(out)1 thr(in)16 conc_peak=15 pread=4.273s
DBG getmany L15 nw=15 wall=0.496s thr(out)1 thr(in)16 conc_peak=15 pread=6.559s
DBG getmany L16 nw=15 wall=0.443s thr(out)1 thr(in)16 conc_peak=15 pread=5.616s
DBG getmany L17 nw=16 wall=0.475s thr(out)1 thr(in)16 conc_peak=16 pread=4.617s
DBG getmany L18 nw=15 wall=0.378s thr(out)1 thr(in)16 conc_peak=15 pread=4.920s
DBG getmany L19 nw=14 wall=0.455s thr(out)1 thr(in)16 conc_peak=14 pread=5.360s
DBG getmany L20 nw=15 wall=0.454s thr(out)1 thr(in)16 conc_peak=15 pread=5.915s
DBG getmany L21 nw=14 wall=0.380s thr(out)1 thr(in)16 conc_peak=14 pread=3.994s
DBG getmany L22 nw=15 wall=0.354s thr(out)1 thr(in)16 conc_peak=15 pread=4.169s
DBG getmany L23 nw=12 wall=0.440s thr(out)1 thr(in)16 conc_peak=10 pread=3.811s
DBG getmany L24 nw=11 wall=0.497s thr(out)1 thr(in)16 conc_peak=11 pread=4.890s
DBG getmany L25 nw=14 wall=0.511s thr(out)1 thr(in)16 conc_peak=14 pread=6.150s
DBG getmany L26 nw=11 wall=0.353s thr(out)1 thr(in)16 conc_peak=11 pread=2.706s
DBG getmany L27 nw=13 wall=0.456s thr(out)1 thr(in)16 conc_peak=13 pread=5.038s
DBG getmany L28 nw=15 wall=0.448s thr(out)1 thr(in)16 conc_peak=15 pread=4.699s
DBG getmany L29 nw=14 wall=0.425s thr(out)1 thr(in)16 conc_peak=14 pread=3.827s
DBG getmany L30 nw=14 wall=0.375s thr(out)1 thr(in)16 conc_peak=14 pread=3.989s
DBG getmany L31 nw=16 wall=0.567s thr(out)1 thr(in)16 conc_peak=16 pread=6.768s
DBG getmany L32 nw=14 wall=0.532s thr(out)1 thr(in)16 conc_peak=14 pread=5.477s
DBG getmany L33 nw=14 wall=0.545s thr(out)1 thr(in)16 conc_peak=14 pread=5.121s
DBG getmany L34 nw=16 wall=0.406s thr(out)1 thr(in)16 conc_peak=16 pread=4.892s
DBG getmany L35 nw=16 wall=0.591s thr(out)1 thr(in)16 conc_peak=16 pread=7.580s
DBG getmany L36 nw=11 wall=3.775s thr(out)1 thr(in)16 conc_peak=11 pread=37.022s
DBG getmany L37 nw=13 wall=5.207s thr(out)1 thr(in)16 conc_peak=13 pread=65.359s
DBG getmany L38 nw=14 wall=6.518s thr(out)1 thr(in)16 conc_peak=14 pread=87.665s
DBG getmany L39 nw=15 wall=29.445s thr(out)1 thr(in)16 conc_peak=15 pread=428.847s
DBG getmany L40 nw=13 wall=13.441s thr(out)1 thr(in)16 conc_peak=13 pread=174.166s
DBG getmany L41 nw=13 wall=0.482s thr(out)1 thr(in)16 conc_peak=13 pread=4.668s
DBG getmany L42 nw=8 wall=0.436s thr(out)1 thr(in)16 conc_peak=8 pread=2.903s
DBG getmany L43 nw=13 wall=0.534s thr(out)1 thr(in)16 conc_peak=13 pread=5.329s
DBG getmany L44 nw=13 wall=0.489s thr(out)1 thr(in)16 conc_peak=13 pread=5.308s
DBG getmany L45 nw=10 wall=0.461s thr(out)1 thr(in)16 conc_peak=10 pread=3.482s
DBG getmany L46 nw=8 wall=12.708s thr(out)1 thr(in)16 conc_peak=8 pread=100.549s
DBG getmany L47 nw=11 wall=0.541s thr(out)1 thr(in)16 conc_peak=11 pread=4.511s
DBG getmany L48 nw=13 wall=0.503s thr(out)1 thr(in)16 conc_peak=12 pread=5.206s
DBG getmany L49 nw=9 wall=0.397s thr(out)1 thr(in)16 conc_peak=9 pread=2.951s
DBG getmany L50 nw=12 wall=0.560s thr(out)1 thr(in)16 conc_peak=12 pread=6.016s
DBG getmany L51 nw=12 wall=0.501s thr(out)1 thr(in)16 conc_peak=10 pread=4.943s
DBG getmany L52 nw=15 wall=4.738s thr(out)1 thr(in)16 conc_peak=15 pread=66.161s
DBG getmany L53 nw=10 wall=0.464s thr(out)1 thr(in)16 conc_peak=10 pread=3.726s
DBG getmany L54 nw=12 wall=0.389s thr(out)1 thr(in)16 conc_peak=12 pread=3.698s
DBG getmany L55 nw=14 wall=0.553s thr(out)1 thr(in)16 conc_peak=14 pread=6.272s
DBG getmany L56 nw=16 wall=1.467s thr(out)1 thr(in)16 conc_peak=16 pread=22.287s
DBG getmany L57 nw=16 wall=0.464s thr(out)1 thr(in)16 conc_peak=16 pread=6.723s
DBG getmany L58 nw=14 wall=0.361s thr(out)1 thr(in)16 conc_peak=14 pread=4.157s
DBG getmany L59 nw=15 wall=0.532s thr(out)1 thr(in)16 conc_peak=15 pread=5.525s
DBG getmany L60 nw=16 wall=0.525s thr(out)1 thr(in)16 conc_peak=16 pread=6.576s
DBG getmany L61 nw=16 wall=0.527s thr(out)1 thr(in)16 conc_peak=16 pread=6.373s
DBG getmany L62 nw=15 wall=0.403s thr(out)1 thr(in)16 conc_peak=15 pread=5.324s
DBG getmany L63 nw=15 wall=0.586s thr(out)1 thr(in)16 conc_peak=15 pread=7.895s
DBG getmany L64 nw=16 wall=0.559s thr(out)1 thr(in)16 conc_peak=16 pread=7.415s
DBG getmany L65 nw=15 wall=0.542s thr(out)1 thr(in)16 conc_peak=15 pread=6.400s
DBG getmany L66 nw=15 wall=0.414s thr(out)1 thr(in)16 conc_peak=15 pread=5.291s
DBG getmany L67 nw=16 wall=0.545s thr(out)1 thr(in)16 conc_peak=16 pread=7.212s
DBG getmany L68 nw=14 wall=11.547s thr(out)1 thr(in)16 conc_peak=14 pread=91.370s
DBG getmany L69 nw=16 wall=0.797s thr(out)1 thr(in)16 conc_peak=16 pread=7.533s
DBG getmany L70 nw=16 wall=0.402s thr(out)1 thr(in)16 conc_peak=16 pread=5.094s
DBG getmany L71 nw=16 wall=0.621s thr(out)1 thr(in)16 conc_peak=16 pread=7.332s
DBG getmany L72 nw=16 wall=0.567s thr(out)1 thr(in)16 conc_peak=16 pread=6.917s
DBG getmany L73 nw=15 wall=0.594s thr(out)1 thr(in)16 conc_peak=15 pread=6.733s
DBG getmany L74 nw=13 wall=0.423s thr(out)1 thr(in)16 conc_peak=13 pread=4.796s
DBG getmany L75 nw=11 wall=0.436s thr(out)1 thr(in)16 conc_peak=10 pread=3.501s
DBG getmany L76 nw=14 wall=0.541s thr(out)1 thr(in)16 conc_peak=14 pread=6.623s
DBG getmany L77 nw=16 wall=0.586s thr(out)1 thr(in)16 conc_peak=16 pread=6.705s
DBG getmany L78 nw=15 wall=0.427s thr(out)1 thr(in)16 conc_peak=15 pread=4.541s
DBG getmany L79 nw=15 wall=0.578s thr(out)1 thr(in)16 conc_peak=15 pread=6.287s
DBG getmany L80 nw=14 wall=0.371s thr(out)1 thr(in)16 conc_peak=14 pread=3.759s
DBG getmany L81 nw=14 wall=0.522s thr(out)1 thr(in)16 conc_peak=13 pread=6.150s
DBG getmany L82 nw=14 wall=0.415s thr(out)1 thr(in)16 conc_peak=14 pread=4.987s
DBG getmany L83 nw=5 wall=0.447s thr(out)1 thr(in)16 conc_peak=3 pread=1.352s
DBG getmany L84 nw=11 wall=0.512s thr(out)1 thr(in)16 conc_peak=9 pread=4.505s
DBG getmany L85 nw=11 wall=0.540s thr(out)1 thr(in)16 conc_peak=11 pread=5.163s
DBG getmany L86 nw=11 wall=0.383s thr(out)1 thr(in)16 conc_peak=11 pread=3.386s
DBG getmany L87 nw=10 wall=0.471s thr(out)1 thr(in)16 conc_peak=10 pread=4.035s
DBG getmany L88 nw=8 wall=0.497s thr(out)1 thr(in)16 conc_peak=8 pread=2.482s
DBG getmany L89 nw=8 wall=0.492s thr(out)1 thr(in)16 conc_peak=8 pread=3.268s
DBG getmany L90 nw=9 wall=0.327s thr(out)1 thr(in)16 conc_peak=9 pread=2.627s
DBG getmany L91 nw=11 wall=0.406s thr(out)1 thr(in)16 conc_peak=11 pread=3.616s
DBG getmany L92 nw=9 wall=0.105s thr(out)1 thr(in)16 conc_peak=9 pread=0.522s
1      802        146.12       100.0      21.67      0.007
  L2   resident=6779/14589 slots hit=100.0% read=47.50GB write=0.00GB
DBG getmany L1 nw=12 wall=0.460s thr(out)1 thr(in)16 conc_peak=12 pread=4.839s
DBG getmany L2 nw=11 wall=0.343s thr(out)1 thr(in)16 conc_peak=11 pread=3.397s
DBG getmany L3 nw=11 wall=0.468s thr(out)1 thr(in)16 conc_peak=11 pread=4.037s
DBG getmany L4 nw=12 wall=0.450s thr(out)1 thr(in)16 conc_peak=12 pread=5.058s
DBG getmany L5 nw=10 wall=0.473s thr(out)1 thr(in)16 conc_peak=9 pread=4.232s
DBG getmany L6 nw=14 wall=0.360s thr(out)1 thr(in)16 conc_peak=14 pread=4.223s
DBG getmany L7 nw=12 wall=0.453s thr(out)1 thr(in)16 conc_peak=12 pread=4.338s
DBG getmany L8 nw=12 wall=0.460s thr(out)1 thr(in)16 conc_peak=11 pread=4.707s
DBG getmany L9 nw=11 wall=9.242s thr(out)1 thr(in)16 conc_peak=11 pread=68.495s
DBG getmany L10 nw=8 wall=1.232s thr(out)1 thr(in)16 conc_peak=8 pread=9.491s
DBG getmany L11 nw=11 wall=0.474s thr(out)1 thr(in)16 conc_peak=9 pread=4.783s
DBG getmany L12 nw=12 wall=0.428s thr(out)1 thr(in)16 conc_peak=12 pread=3.813s
DBG getmany L13 nw=11 wall=0.447s thr(out)1 thr(in)16 conc_peak=10 pread=3.737s
DBG getmany L14 nw=9 wall=0.268s thr(out)1 thr(in)16 conc_peak=9 pread=1.745s
DBG getmany L15 nw=11 wall=0.454s thr(out)1 thr(in)16 conc_peak=11 pread=4.005s
DBG getmany L16 nw=11 wall=0.408s thr(out)1 thr(in)16 conc_peak=10 pread=3.761s
DBG getmany L17 nw=12 wall=0.426s thr(out)1 thr(in)16 conc_peak=12 pread=3.999s
DBG getmany L18 nw=12 wall=0.347s thr(out)1 thr(in)16 conc_peak=12 pread=3.107s
DBG getmany L19 nw=11 wall=0.456s thr(out)1 thr(in)16 conc_peak=11 pread=3.510s
DBG getmany L20 nw=11 wall=0.402s thr(out)1 thr(in)16 conc_peak=11 pread=2.906s
DBG getmany L21 nw=13 wall=0.452s thr(out)1 thr(in)16 conc_peak=13 pread=4.414s
DBG getmany L22 nw=14 wall=0.365s thr(out)1 thr(in)16 conc_peak=14 pread=4.349s
DBG getmany L23 nw=12 wall=0.477s thr(out)1 thr(in)16 conc_peak=12 pread=4.596s
DBG getmany L24 nw=11 wall=0.473s thr(out)1 thr(in)16 conc_peak=11 pread=3.131s
DBG getmany L25 nw=14 wall=0.526s thr(out)1 thr(in)16 conc_peak=14 pread=5.348s
DBG getmany L26 nw=12 wall=0.365s thr(out)1 thr(in)16 conc_peak=12 pread=3.365s
DBG getmany L27 nw=14 wall=0.494s thr(out)1 thr(in)16 conc_peak=14 pread=5.326s
DBG getmany L28 nw=12 wall=0.438s thr(out)1 thr(in)16 conc_peak=12 pread=4.616s
DBG getmany L29 nw=12 wall=0.487s thr(out)1 thr(in)16 conc_peak=12 pread=4.077s
DBG getmany L30 nw=15 wall=0.393s thr(out)1 thr(in)16 conc_peak=15 pread=4.781s
DBG getmany L31 nw=12 wall=0.524s thr(out)1 thr(in)16 conc_peak=10 pread=5.455s
DBG getmany L32 nw=11 wall=0.515s thr(out)1 thr(in)16 conc_peak=11 pread=5.356s
DBG getmany L33 nw=11 wall=0.513s thr(out)1 thr(in)16 conc_peak=11 pread=4.147s
DBG getmany L34 nw=13 wall=0.394s thr(out)1 thr(in)16 conc_peak=13 pread=4.474s
DBG getmany L35 nw=13 wall=0.562s thr(out)1 thr(in)16 conc_peak=13 pread=4.712s
DBG getmany L36 nw=11 wall=0.518s thr(out)1 thr(in)16 conc_peak=11 pread=4.776s
DBG getmany L37 nw=13 wall=0.556s thr(out)1 thr(in)16 conc_peak=13 pread=6.602s
DBG getmany L38 nw=13 wall=0.408s thr(out)1 thr(in)16 conc_peak=13 pread=4.320s
DBG getmany L39 nw=14 wall=0.568s thr(out)1 thr(in)16 conc_peak=14 pread=7.045s
DBG getmany L40 nw=14 wall=0.507s thr(out)1 thr(in)16 conc_peak=14 pread=5.704s
DBG getmany L41 nw=14 wall=0.490s thr(out)1 thr(in)16 conc_peak=14 pread=5.569s
DBG getmany L42 nw=14 wall=0.369s thr(out)1 thr(in)16 conc_peak=14 pread=4.376s
DBG getmany L43 nw=15 wall=0.539s thr(out)1 thr(in)16 conc_peak=15 pread=7.083s
DBG getmany L44 nw=14 wall=0.511s thr(out)1 thr(in)16 conc_peak=14 pread=6.331s
DBG getmany L45 nw=15 wall=0.543s thr(out)1 thr(in)16 conc_peak=15 pread=6.012s
DBG getmany L46 nw=13 wall=0.370s thr(out)1 thr(in)16 conc_peak=13 pread=3.899s
DBG getmany L47 nw=15 wall=0.557s thr(out)1 thr(in)16 conc_peak=15 pread=7.398s
DBG getmany L48 nw=14 wall=0.859s thr(out)1 thr(in)16 conc_peak=14 pread=7.713s
DBG getmany L49 nw=15 wall=2.008s thr(out)1 thr(in)16 conc_peak=15 pread=27.447s
DBG getmany L50 nw=15 wall=0.995s thr(out)1 thr(in)16 conc_peak=15 pread=10.647s
DBG getmany L51 nw=13 wall=0.482s thr(out)1 thr(in)16 conc_peak=13 pread=5.277s
DBG getmany L52 nw=12 wall=0.494s thr(out)1 thr(in)16 conc_peak=12 pread=4.699s
DBG getmany L53 nw=14 wall=0.474s thr(out)1 thr(in)16 conc_peak=14 pread=5.878s
DBG getmany L54 nw=14 wall=0.266s thr(out)1 thr(in)16 conc_peak=14 pread=3.046s
DBG getmany L55 nw=13 wall=0.525s thr(out)1 thr(in)16 conc_peak=13 pread=5.013s
DBG getmany L56 nw=9 wall=0.480s thr(out)1 thr(in)16 conc_peak=9 pread=2.755s
DBG getmany L57 nw=14 wall=0.363s thr(out)1 thr(in)16 conc_peak=14 pread=3.379s
DBG getmany L58 nw=11 wall=2.155s thr(out)1 thr(in)16 conc_peak=11 pread=12.783s
DBG getmany L59 nw=10 wall=1.373s thr(out)1 thr(in)16 conc_peak=10 pread=11.817s
DBG getmany L60 nw=13 wall=0.674s thr(out)1 thr(in)16 conc_peak=13 pread=7.706s
DBG getmany L61 nw=15 wall=1.079s thr(out)1 thr(in)16 conc_peak=15 pread=12.671s
DBG getmany L62 nw=11 wall=0.801s thr(out)1 thr(in)16 conc_peak=11 pread=7.542s
DBG getmany L63 nw=12 wall=3.109s thr(out)1 thr(in)16 conc_peak=12 pread=33.931s
DBG getmany L64 nw=13 wall=0.532s thr(out)1 thr(in)16 conc_peak=13 pread=5.984s
DBG getmany L65 nw=10 wall=0.481s thr(out)1 thr(in)16 conc_peak=10 pread=4.595s
DBG getmany L66 nw=13 wall=2.080s thr(out)1 thr(in)16 conc_peak=13 pread=17.150s
DBG getmany L67 nw=13 wall=5.306s thr(out)1 thr(in)16 conc_peak=13 pread=62.697s
DBG getmany L68 nw=11 wall=0.879s thr(out)1 thr(in)16 conc_peak=11 pread=7.092s
DBG getmany L69 nw=11 wall=3.830s thr(out)1 thr(in)16 conc_peak=11 pread=24.259s
DBG getmany L70 nw=11 wall=0.926s thr(out)1 thr(in)16 conc_peak=11 pread=7.658s
DBG getmany L71 nw=10 wall=1.149s thr(out)1 thr(in)16 conc_peak=10 pread=6.020s
DBG getmany L72 nw=15 wall=5.197s thr(out)1 thr(in)16 conc_peak=15 pread=71.070s
DBG getmany L73 nw=16 wall=1.726s thr(out)1 thr(in)16 conc_peak=16 pread=24.842s
DBG getmany L74 nw=16 wall=1.795s thr(out)1 thr(in)16 conc_peak=16 pread=24.569s
DBG getmany L75 nw=16 wall=0.804s thr(out)1 thr(in)16 conc_peak=16 pread=11.276s
DBG getmany L76 nw=16 wall=1.214s thr(out)1 thr(in)16 conc_peak=16 pread=17.170s
DBG getmany L77 nw=13 wall=0.679s thr(out)1 thr(in)16 conc_peak=13 pread=7.248s
DBG getmany L78 nw=15 wall=0.535s thr(out)1 thr(in)16 conc_peak=15 pread=5.365s
DBG getmany L79 nw=14 wall=1.452s thr(out)1 thr(in)16 conc_peak=14 pread=15.646s
DBG getmany L80 nw=16 wall=1.694s thr(out)1 thr(in)16 conc_peak=16 pread=17.357s
DBG getmany L81 nw=13 wall=1.776s thr(out)1 thr(in)16 conc_peak=13 pread=18.260s
DBG getmany L82 nw=14 wall=0.415s thr(out)1 thr(in)16 conc_peak=14 pread=4.727s
DBG getmany L83 nw=12 wall=0.485s thr(out)1 thr(in)16 conc_peak=12 pread=5.320s
DBG getmany L84 nw=10 wall=0.508s thr(out)1 thr(in)16 conc_peak=7 pread=3.811s
DBG getmany L85 nw=9 wall=0.461s thr(out)1 thr(in)16 conc_peak=9 pread=3.205s
DBG getmany L86 nw=12 wall=1.930s thr(out)1 thr(in)16 conc_peak=12 pread=18.526s
DBG getmany L87 nw=11 wall=1.894s thr(out)1 thr(in)16 conc_peak=11 pread=16.975s
DBG getmany L88 nw=12 wall=2.298s thr(out)1 thr(in)16 conc_peak=12 pread=24.480s
DBG getmany L89 nw=12 wall=1.602s thr(out)1 thr(in)16 conc_peak=11 pread=16.773s
DBG getmany L90 nw=12 wall=0.569s thr(out)1 thr(in)16 conc_peak=12 pread=4.765s
DBG getmany L91 nw=12 wall=0.388s thr(out)1 thr(in)16 conc_peak=12 pread=3.614s
DBG getmany L92 nw=12 wall=0.660s thr(out)1 thr(in)16 conc_peak=12 pread=6.205s
2      24         118.71       100.0      20.23      0.008
  L2   resident=6779/14589 slots hit=100.0% read=67.73GB write=0.00GB
DBG getmany L1 nw=11 wall=1.699s thr(out)1 thr(in)16 conc_peak=11 pread=16.922s
DBG getmany L2 nw=9 wall=0.795s thr(out)1 thr(in)16 conc_peak=9 pread=4.592s
DBG getmany L3 nw=7 wall=0.388s thr(out)1 thr(in)16 conc_peak=7 pread=2.359s
DBG getmany L4 nw=7 wall=0.407s thr(out)1 thr(in)16 conc_peak=7 pread=2.546s
DBG getmany L5 nw=10 wall=1.234s thr(out)1 thr(in)16 conc_peak=10 pread=10.616s
DBG getmany L6 nw=15 wall=0.387s thr(out)1 thr(in)16 conc_peak=15 pread=4.098s
DBG getmany L7 nw=13 wall=0.464s thr(out)1 thr(in)16 conc_peak=10 pread=5.275s
DBG getmany L8 nw=11 wall=0.452s thr(out)1 thr(in)16 conc_peak=11 pread=3.660s
DBG getmany L9 nw=5 wall=0.268s thr(out)1 thr(in)16 conc_peak=5 pread=1.051s
DBG getmany L10 nw=5 wall=0.217s thr(out)1 thr(in)16 conc_peak=5 pread=0.915s
DBG getmany L11 nw=7 wall=0.411s thr(out)1 thr(in)16 conc_peak=7 pread=2.250s
DBG getmany L12 nw=10 wall=0.429s thr(out)1 thr(in)16 conc_peak=10 pread=4.061s
DBG getmany L13 nw=11 wall=0.420s thr(out)1 thr(in)16 conc_peak=11 pread=3.420s
DBG getmany L14 nw=9 wall=0.272s thr(out)1 thr(in)16 conc_peak=9 pread=2.039s
DBG getmany L15 nw=9 wall=0.393s thr(out)1 thr(in)16 conc_peak=9 pread=3.273s
DBG getmany L16 nw=7 wall=0.347s thr(out)1 thr(in)16 conc_peak=7 pread=1.983s
DBG getmany L17 nw=7 wall=0.376s thr(out)1 thr(in)16 conc_peak=6 pread=1.466s
DBG getmany L18 nw=5 wall=0.279s thr(out)1 thr(in)16 conc_peak=5 pread=1.045s
DBG getmany L19 nw=6 wall=0.348s thr(out)1 thr(in)16 conc_peak=6 pread=1.767s
DBG getmany L20 nw=6 wall=0.314s thr(out)1 thr(in)16 conc_peak=5 pread=1.337s
DBG getmany L21 nw=11 wall=0.447s thr(out)1 thr(in)16 conc_peak=11 pread=4.054s
DBG getmany L22 nw=7 wall=0.282s thr(out)1 thr(in)16 conc_peak=7 pread=1.273s
DBG getmany L23 nw=6 wall=0.366s thr(out)1 thr(in)16 conc_peak=6 pread=1.550s
DBG getmany L24 nw=11 wall=0.504s thr(out)1 thr(in)16 conc_peak=11 pread=3.688s
DBG getmany L25 nw=12 wall=0.483s thr(out)1 thr(in)16 conc_peak=11 pread=5.273s
DBG getmany L26 nw=9 wall=0.323s thr(out)1 thr(in)16 conc_peak=9 pread=2.308s
DBG getmany L27 nw=14 wall=0.452s thr(out)1 thr(in)16 conc_peak=14 pread=6.009s
DBG getmany L28 nw=15 wall=0.468s thr(out)1 thr(in)16 conc_peak=15 pread=6.346s
DBG getmany L29 nw=10 wall=0.470s thr(out)1 thr(in)16 conc_peak=9 pread=4.262s
DBG getmany L30 nw=10 wall=0.336s thr(out)1 thr(in)16 conc_peak=7 pread=2.719s
DBG getmany L31 nw=14 wall=0.548s thr(out)1 thr(in)16 conc_peak=14 pread=6.901s
DBG getmany L32 nw=9 wall=0.469s thr(out)1 thr(in)16 conc_peak=8 pread=3.224s
DBG getmany L33 nw=9 wall=0.512s thr(out)1 thr(in)16 conc_peak=9 pread=3.268s
DBG getmany L34 nw=13 wall=0.369s thr(out)1 thr(in)16 conc_peak=12 pread=3.924s
DBG getmany L35 nw=9 wall=0.513s thr(out)1 thr(in)16 conc_peak=9 pread=3.635s
DBG getmany L36 nw=11 wall=0.517s thr(out)1 thr(in)16 conc_peak=11 pread=3.464s
DBG getmany L37 nw=11 wall=0.506s thr(out)1 thr(in)16 conc_peak=11 pread=5.146s
DBG getmany L38 nw=8 wall=0.316s thr(out)1 thr(in)16 conc_peak=7 pread=2.305s
DBG getmany L39 nw=8 wall=0.459s thr(out)1 thr(in)16 conc_peak=8 pread=2.972s
DBG getmany L40 nw=9 wall=0.482s thr(out)1 thr(in)16 conc_peak=9 pread=4.225s
DBG getmany L41 nw=7 wall=0.418s thr(out)1 thr(in)16 conc_peak=7 pread=2.206s
DBG getmany L42 nw=4 wall=0.237s thr(out)1 thr(in)16 conc_peak=4 pread=0.732s
DBG getmany L43 nw=10 wall=0.484s thr(out)1 thr(in)16 conc_peak=10 pread=3.302s
DBG getmany L44 nw=10 wall=0.453s thr(out)1 thr(in)16 conc_peak=10 pread=3.113s
DBG getmany L45 nw=6 wall=0.312s thr(out)1 thr(in)16 conc_peak=6 pread=1.561s
DBG getmany L46 nw=7 wall=8.282s thr(out)1 thr(in)16 conc_peak=7 pread=54.058s
DBG getmany L47 nw=8 wall=3.295s thr(out)1 thr(in)16 conc_peak=8 pread=25.819s
DBG getmany L48 nw=10 wall=0.497s thr(out)1 thr(in)16 conc_peak=10 pread=3.443s
DBG getmany L49 nw=11 wall=0.509s thr(out)1 thr(in)16 conc_peak=11 pread=5.003s
DBG getmany L50 nw=11 wall=0.368s thr(out)1 thr(in)16 conc_peak=11 pread=3.371s
DBG getmany L51 nw=7 wall=0.468s thr(out)1 thr(in)16 conc_peak=7 pread=2.878s
DBG getmany L52 nw=9 wall=0.451s thr(out)1 thr(in)16 conc_peak=9 pread=3.428s
DBG getmany L53 nw=8 wall=0.460s thr(out)1 thr(in)16 conc_peak=8 pread=3.004s
DBG getmany L54 nw=9 wall=0.342s thr(out)1 thr(in)16 conc_peak=9 pread=2.553s
DBG getmany L55 nw=7 wall=0.442s thr(out)1 thr(in)16 conc_peak=7 pread=2.347s
DBG getmany L56 nw=12 wall=0.514s thr(out)1 thr(in)16 conc_peak=12 pread=4.838s
DBG getmany L57 nw=10 wall=0.475s thr(out)1 thr(in)16 conc_peak=9 pread=3.765s
DBG getmany L58 nw=6 wall=0.311s thr(out)1 thr(in)16 conc_peak=6 pread=1.700s
DBG getmany L59 nw=8 wall=0.482s thr(out)1 thr(in)16 conc_peak=8 pread=3.474s
DBG getmany L60 nw=7 wall=0.449s thr(out)1 thr(in)16 conc_peak=6 pread=2.734s
DBG getmany L61 nw=10 wall=0.496s thr(out)1 thr(in)16 conc_peak=10 pread=4.754s
DBG getmany L62 nw=7 wall=0.325s thr(out)1 thr(in)16 conc_peak=7 pread=2.071s
DBG getmany L63 nw=6 wall=0.495s thr(out)1 thr(in)16 conc_peak=6 pread=2.327s
DBG getmany L64 nw=6 wall=0.416s thr(out)1 thr(in)16 conc_peak=6 pread=1.903s
DBG getmany L65 nw=5 wall=0.442s thr(out)1 thr(in)16 conc_peak=2 pread=1.712s
DBG getmany L66 nw=8 wall=0.342s thr(out)1 thr(in)16 conc_peak=7 pread=2.197s
DBG getmany L67 nw=7 wall=0.488s thr(out)1 thr(in)16 conc_peak=7 pread=3.011s
DBG getmany L68 nw=9 wall=0.469s thr(out)1 thr(in)16 conc_peak=9 pread=3.142s
DBG getmany L69 nw=8 wall=0.265s thr(out)1 thr(in)16 conc_peak=8 pread=1.491s
DBG getmany L70 nw=7 wall=0.307s thr(out)1 thr(in)16 conc_peak=7 pread=1.973s
DBG getmany L71 nw=9 wall=0.524s thr(out)1 thr(in)16 conc_peak=9 pread=4.111s
DBG getmany L72 nw=8 wall=0.456s thr(out)1 thr(in)16 conc_peak=8 pread=2.921s
DBG getmany L73 nw=7 wall=0.469s thr(out)1 thr(in)16 conc_peak=7 pread=2.658s
DBG getmany L74 nw=5 wall=0.307s thr(out)1 thr(in)16 conc_peak=5 pread=1.235s
DBG getmany L75 nw=6 wall=0.468s thr(out)1 thr(in)16 conc_peak=5 pread=2.137s
DBG getmany L76 nw=7 wall=11.061s thr(out)1 thr(in)16 conc_peak=6 pread=50.059s
DBG getmany L77 nw=5 wall=0.466s thr(out)1 thr(in)16 conc_peak=5 pread=1.433s
DBG getmany L78 nw=5 wall=0.310s thr(out)1 thr(in)16 conc_peak=5 pread=1.234s
DBG getmany L79 nw=4 wall=0.433s thr(out)1 thr(in)16 conc_peak=4 pread=1.152s
DBG getmany L80 nw=6 wall=0.315s thr(out)1 thr(in)16 conc_peak=6 pread=1.337s
DBG getmany L81 nw=9 wall=0.492s thr(out)1 thr(in)16 conc_peak=7 pread=3.978s
DBG getmany L82 nw=9 wall=0.340s thr(out)1 thr(in)16 conc_peak=9 pread=2.425s
DBG getmany L83 nw=7 wall=0.484s thr(out)1 thr(in)16 conc_peak=7 pread=2.520s
DBG getmany L84 nw=2 wall=0.298s thr(out)1 thr(in)16 conc_peak=2 pread=0.559s
DBG getmany L85 nw=6 wall=0.309s thr(out)1 thr(in)16 conc_peak=6 pread=1.455s
DBG getmany L86 nw=5 wall=0.303s thr(out)1 thr(in)16 conc_peak=5 pread=0.967s
DBG getmany L87 nw=6 wall=0.292s thr(out)1 thr(in)16 conc_peak=6 pread=1.320s
DBG getmany L88 nw=2 wall=0.401s thr(out)1 thr(in)16 conc_peak=2 pread=0.525s
DBG getmany L89 nw=4 wall=0.442s thr(out)1 thr(in)16 conc_peak=4 pread=1.631s
DBG getmany L90 nw=4 wall=0.209s thr(out)1 thr(in)16 conc_peak=4 pread=0.765s
DBG getmany L91 nw=4 wall=0.305s thr(out)1 thr(in)16 conc_peak=4 pread=1.075s
DBG getmany L92 nw=8 wall=0.079s thr(out)1 thr(in)16 conc_peak=8 pread=0.364s
3      12         80.75        100.0      13.06      0.012
  L2   resident=6779/14589 slots hit=100.0% read=80.79GB write=0.00GB
DBG getmany L1 nw=13 wall=0.441s thr(out)1 thr(in)16 conc_peak=13 pread=4.111s
DBG getmany L2 nw=9 wall=0.292s thr(out)1 thr(in)16 conc_peak=9 pread=2.010s
DBG getmany L3 nw=10 wall=0.451s thr(out)1 thr(in)16 conc_peak=10 pread=3.489s
DBG getmany L4 nw=7 wall=0.353s thr(out)1 thr(in)16 conc_peak=7 pread=2.036s
DBG getmany L5 nw=9 wall=0.456s thr(out)1 thr(in)16 conc_peak=9 pread=3.527s
DBG getmany L6 nw=14 wall=0.428s thr(out)1 thr(in)16 conc_peak=14 pread=4.504s
DBG getmany L7 nw=14 wall=0.731s thr(out)1 thr(in)16 conc_peak=14 pread=7.538s
DBG getmany L8 nw=11 wall=0.742s thr(out)1 thr(in)16 conc_peak=11 pread=7.283s
DBG getmany L9 nw=10 wall=0.717s thr(out)1 thr(in)16 conc_peak=10 pread=5.998s
DBG getmany L10 nw=8 wall=0.491s thr(out)1 thr(in)16 conc_peak=8 pread=3.281s
DBG getmany L11 nw=6 wall=0.622s thr(out)1 thr(in)16 conc_peak=5 pread=2.842s
DBG getmany L12 nw=11 wall=0.598s thr(out)1 thr(in)16 conc_peak=11 pread=5.073s
DBG getmany L13 nw=9 wall=0.630s thr(out)1 thr(in)16 conc_peak=7 pread=3.551s
DBG getmany L14 nw=13 wall=0.527s thr(out)1 thr(in)16 conc_peak=13 pread=5.457s
DBG getmany L15 nw=10 wall=0.688s thr(out)1 thr(in)16 conc_peak=9 pread=6.480s
DBG getmany L16 nw=10 wall=0.604s thr(out)1 thr(in)16 conc_peak=10 pread=4.140s
DBG getmany L17 nw=10 wall=0.651s thr(out)1 thr(in)16 conc_peak=9 pread=5.193s
DBG getmany L18 nw=11 wall=0.545s thr(out)1 thr(in)16 conc_peak=10 pread=4.328s
DBG getmany L19 nw=10 wall=0.604s thr(out)1 thr(in)16 conc_peak=2 pread=5.054s
DBG getmany L20 nw=10 wall=0.628s thr(out)1 thr(in)16 conc_peak=10 pread=5.895s
DBG getmany L21 nw=11 wall=0.702s thr(out)1 thr(in)16 conc_peak=11 pread=6.489s
DBG getmany L22 nw=10 wall=0.514s thr(out)1 thr(in)16 conc_peak=10 pread=4.596s
DBG getmany L23 nw=9 wall=1.174s thr(out)1 thr(in)16 conc_peak=9 pread=8.888s
DBG getmany L24 nw=9 wall=1.622s thr(out)1 thr(in)16 conc_peak=7 pread=9.648s
DBG getmany L25 nw=11 wall=0.688s thr(out)1 thr(in)16 conc_peak=7 pread=7.051s
DBG getmany L26 nw=12 wall=0.520s thr(out)1 thr(in)16 conc_peak=12 pread=5.466s
DBG getmany L27 nw=12 wall=0.617s thr(out)1 thr(in)16 conc_peak=8 pread=5.466s
DBG getmany L28 nw=12 wall=0.649s thr(out)1 thr(in)16 conc_peak=12 pread=5.432s
DBG getmany L29 nw=12 wall=0.725s thr(out)1 thr(in)16 conc_peak=12 pread=7.376s
DBG getmany L30 nw=9 wall=0.497s thr(out)1 thr(in)16 conc_peak=9 pread=3.449s
DBG getmany L31 nw=9 wall=0.678s thr(out)1 thr(in)16 conc_peak=9 pread=5.711s
DBG getmany L32 nw=11 wall=0.661s thr(out)1 thr(in)16 conc_peak=10 pread=5.554s
DBG getmany L33 nw=10 wall=0.736s thr(out)1 thr(in)16 conc_peak=10 pread=5.627s
DBG getmany L34 nw=10 wall=0.505s thr(out)1 thr(in)16 conc_peak=10 pread=4.227s
DBG getmany L35 nw=10 wall=0.697s thr(out)1 thr(in)16 conc_peak=10 pread=5.371s
DBG getmany L36 nw=11 wall=0.707s thr(out)1 thr(in)16 conc_peak=11 pread=6.542s
DBG getmany L37 nw=11 wall=0.700s thr(out)1 thr(in)16 conc_peak=11 pread=6.965s
DBG getmany L38 nw=8 wall=0.454s thr(out)1 thr(in)16 conc_peak=7 pread=2.407s
DBG getmany L39 nw=9 wall=0.673s thr(out)1 thr(in)16 conc_peak=7 pread=4.655s
DBG getmany L40 nw=11 wall=6.267s thr(out)1 thr(in)16 conc_peak=10 pread=23.182s
DBG getmany L41 nw=8 wall=0.433s thr(out)1 thr(in)16 conc_peak=8 pread=2.843s
DBG getmany L42 nw=7 wall=0.643s thr(out)1 thr(in)16 conc_peak=7 pread=2.825s
DBG getmany L43 nw=6 wall=3.723s thr(out)1 thr(in)16 conc_peak=6 pread=15.300s
DBG getmany L44 nw=10 wall=0.484s thr(out)1 thr(in)16 conc_peak=10 pread=3.828s
DBG getmany L45 nw=7 wall=0.465s thr(out)1 thr(in)16 conc_peak=7 pread=2.134s
DBG getmany L46 nw=9 wall=0.334s thr(out)1 thr(in)16 conc_peak=9 pread=2.270s
DBG getmany L47 nw=9 wall=0.482s thr(out)1 thr(in)16 conc_peak=9 pread=3.971s
DBG getmany L48 nw=9 wall=0.396s thr(out)1 thr(in)16 conc_peak=9 pread=2.944s
DBG getmany L49 nw=11 wall=0.488s thr(out)1 thr(in)16 conc_peak=11 pread=5.189s
DBG getmany L50 nw=7 wall=0.324s thr(out)1 thr(in)16 conc_peak=7 pread=1.874s
DBG getmany L51 nw=9 wall=0.456s thr(out)1 thr(in)16 conc_peak=9 pread=3.505s
DBG getmany L52 nw=10 wall=0.466s thr(out)1 thr(in)16 conc_peak=10 pread=3.540s
DBG getmany L53 nw=9 wall=0.464s thr(out)1 thr(in)16 conc_peak=9 pread=3.838s
DBG getmany L54 nw=8 wall=0.328s thr(out)1 thr(in)16 conc_peak=8 pread=2.243s
DBG getmany L55 nw=6 wall=0.474s thr(out)1 thr(in)16 conc_peak=6 pread=2.513s
DBG getmany L56 nw=8 wall=0.471s thr(out)1 thr(in)16 conc_peak=8 pread=3.480s
DBG getmany L57 nw=9 wall=0.398s thr(out)1 thr(in)16 conc_peak=9 pread=2.043s
DBG getmany L58 nw=9 wall=0.306s thr(out)1 thr(in)16 conc_peak=9 pread=2.535s
DBG getmany L59 nw=7 wall=0.446s thr(out)1 thr(in)16 conc_peak=7 pread=2.215s
DBG getmany L60 nw=11 wall=0.447s thr(out)1 thr(in)16 conc_peak=11 pread=4.075s
DBG getmany L61 nw=8 wall=0.287s thr(out)1 thr(in)16 conc_peak=8 pread=1.735s
DBG getmany L62 nw=8 wall=0.276s thr(out)1 thr(in)16 conc_peak=8 pread=1.902s
DBG getmany L63 nw=11 wall=0.534s thr(out)1 thr(in)16 conc_peak=11 pread=3.925s
DBG getmany L64 nw=10 wall=0.467s thr(out)1 thr(in)16 conc_peak=10 pread=2.733s
DBG getmany L65 nw=9 wall=0.451s thr(out)1 thr(in)16 conc_peak=9 pread=3.337s
DBG getmany L66 nw=7 wall=0.347s thr(out)1 thr(in)16 conc_peak=7 pread=1.850s
DBG getmany L67 nw=6 wall=0.458s thr(out)1 thr(in)16 conc_peak=6 pread=2.567s
DBG getmany L68 nw=8 wall=0.398s thr(out)1 thr(in)16 conc_peak=8 pread=1.980s
DBG getmany L69 nw=7 wall=0.407s thr(out)1 thr(in)16 conc_peak=7 pread=1.836s
DBG getmany L70 nw=7 wall=0.273s thr(out)1 thr(in)16 conc_peak=7 pread=1.602s
DBG getmany L71 nw=8 wall=5.041s thr(out)1 thr(in)16 conc_peak=8 pread=18.808s
DBG getmany L72 nw=10 wall=6.778s thr(out)1 thr(in)16 conc_peak=10 pread=64.673s
DBG getmany L73 nw=10 wall=0.514s thr(out)1 thr(in)16 conc_peak=10 pread=3.880s
DBG getmany L74 nw=6 wall=0.317s thr(out)1 thr(in)16 conc_peak=6 pread=1.531s
DBG getmany L75 nw=4 wall=3.030s thr(out)1 thr(in)16 conc_peak=4 pread=6.105s
DBG getmany L76 nw=9 wall=8.900s thr(out)1 thr(in)16 conc_peak=8 pread=61.400s
DBG getmany L77 nw=6 wall=0.486s thr(out)1 thr(in)16 conc_peak=6 pread=2.221s
DBG getmany L78 nw=8 wall=0.343s thr(out)1 thr(in)16 conc_peak=8 pread=2.074s
DBG getmany L79 nw=7 wall=0.349s thr(out)1 thr(in)16 conc_peak=7 pread=1.760s
DBG getmany L80 nw=8 wall=0.367s thr(out)1 thr(in)16 conc_peak=8 pread=2.086s
DBG getmany L81 nw=10 wall=0.511s thr(out)1 thr(in)16 conc_peak=9 pread=3.692s
DBG getmany L82 nw=8 wall=0.346s thr(out)1 thr(in)16 conc_peak=8 pread=2.148s
DBG getmany L83 nw=10 wall=0.530s thr(out)1 thr(in)16 conc_peak=10 pread=4.186s
DBG getmany L84 nw=10 wall=0.541s thr(out)1 thr(in)16 conc_peak=9 pread=4.298s
DBG getmany L85 nw=10 wall=0.529s thr(out)1 thr(in)16 conc_peak=10 pread=3.546s
DBG getmany L86 nw=11 wall=0.402s thr(out)1 thr(in)16 conc_peak=11 pread=3.811s
DBG getmany L87 nw=7 wall=0.484s thr(out)1 thr(in)16 conc_peak=6 pread=2.906s
DBG getmany L88 nw=9 wall=0.404s thr(out)1 thr(in)16 conc_peak=9 pread=2.839s
DBG getmany L89 nw=5 wall=0.476s thr(out)1 thr(in)16 conc_peak=4 pread=1.778s
DBG getmany L90 nw=7 wall=0.335s thr(out)1 thr(in)16 conc_peak=6 pread=1.951s
DBG getmany L91 nw=9 wall=0.365s thr(out)1 thr(in)16 conc_peak=8 pread=2.911s
DBG getmany L92 nw=14 wall=0.178s thr(out)1 thr(in)16 conc_peak=14 pread=1.487s
4      2975       99.06        100.0      14.88      0.010
  L2   resident=6779/14589 slots hit=100.0% read=95.67GB write=0.00GB
DBG getmany L1 nw=7 wall=0.397s thr(out)1 thr(in)16 conc_peak=7 pread=2.201s
DBG getmany L2 nw=9 wall=0.279s thr(out)1 thr(in)16 conc_peak=8 pread=1.839s
DBG getmany L3 nw=4 wall=0.462s thr(out)1 thr(in)16 conc_peak=4 pread=1.009s
DBG getmany L4 nw=9 wall=0.668s thr(out)1 thr(in)16 conc_peak=9 pread=4.894s
DBG getmany L5 nw=6 wall=0.621s thr(out)1 thr(in)16 conc_peak=6 pread=2.407s
DBG getmany L6 nw=13 wall=0.504s thr(out)1 thr(in)16 conc_peak=13 pread=5.402s
DBG getmany L7 nw=9 wall=0.684s thr(out)1 thr(in)16 conc_peak=9 pread=4.582s
DBG getmany L8 nw=9 wall=0.724s thr(out)1 thr(in)16 conc_peak=9 pread=4.865s
DBG getmany L9 nw=8 wall=0.697s thr(out)1 thr(in)16 conc_peak=8 pread=4.592s
DBG getmany L10 nw=4 wall=0.442s thr(out)1 thr(in)16 conc_peak=4 pread=1.728s
DBG getmany L11 nw=6 wall=0.654s thr(out)1 thr(in)16 conc_peak=6 pread=1.918s
DBG getmany L12 nw=5 wall=0.614s thr(out)1 thr(in)16 conc_peak=2 pread=2.945s
DBG getmany L13 nw=9 wall=0.669s thr(out)1 thr(in)16 conc_peak=8 pread=5.386s
DBG getmany L14 nw=9 wall=0.497s thr(out)1 thr(in)16 conc_peak=9 pread=3.662s
DBG getmany L15 nw=9 wall=0.605s thr(out)1 thr(in)16 conc_peak=9 pread=4.378s
DBG getmany L16 nw=9 wall=0.605s thr(out)1 thr(in)16 conc_peak=8 pread=4.320s
DBG getmany L17 nw=8 wall=0.546s thr(out)1 thr(in)16 conc_peak=8 pread=2.966s
DBG getmany L18 nw=6 wall=0.483s thr(out)1 thr(in)16 conc_peak=2 pread=1.733s
DBG getmany L19 nw=8 wall=0.599s thr(out)1 thr(in)16 conc_peak=8 pread=2.947s
DBG getmany L20 nw=5 wall=0.574s thr(out)1 thr(in)16 conc_peak=5 pread=1.779s
DBG getmany L21 nw=6 wall=0.653s thr(out)1 thr(in)16 conc_peak=6 pread=2.973s
DBG getmany L22 nw=7 wall=0.481s thr(out)1 thr(in)16 conc_peak=6 pread=2.934s
DBG getmany L23 nw=3 wall=0.525s thr(out)1 thr(in)16 conc_peak=3 pread=1.426s
DBG getmany L24 nw=13 wall=0.783s thr(out)1 thr(in)16 conc_peak=5 pread=7.629s
DBG getmany L25 nw=12 wall=0.689s thr(out)1 thr(in)16 conc_peak=11 pread=7.003s
DBG getmany L26 nw=7 wall=0.416s thr(out)1 thr(in)16 conc_peak=7 pread=2.488s
DBG getmany L27 nw=11 wall=0.500s thr(out)1 thr(in)16 conc_peak=11 pread=3.871s
DBG getmany L28 nw=13 wall=0.406s thr(out)1 thr(in)16 conc_peak=13 pread=4.012s
DBG getmany L29 nw=10 wall=3.429s thr(out)1 thr(in)16 conc_peak=10 pread=29.135s
DBG getmany L30 nw=9 wall=0.341s thr(out)1 thr(in)16 conc_peak=8 pread=2.413s
DBG getmany L31 nw=6 wall=0.498s thr(out)1 thr(in)16 conc_peak=6 pread=2.612s
DBG getmany L32 nw=7 wall=0.499s thr(out)1 thr(in)16 conc_peak=7 pread=3.167s
DBG getmany L33 nw=4 wall=0.494s thr(out)1 thr(in)16 conc_peak=4 pread=1.503s
DBG getmany L34 nw=9 wall=0.376s thr(out)1 thr(in)16 conc_peak=9 pread=2.926s
DBG getmany L35 nw=6 wall=0.527s thr(out)1 thr(in)16 conc_peak=6 pread=2.855s
DBG getmany L36 nw=9 wall=0.535s thr(out)1 thr(in)16 conc_peak=9 pread=3.502s
DBG getmany L37 nw=8 wall=0.490s thr(out)1 thr(in)16 conc_peak=7 pread=2.855s
DBG getmany L38 nw=7 wall=0.339s thr(out)1 thr(in)16 conc_peak=7 pread=2.050s
DBG getmany L39 nw=9 wall=0.533s thr(out)1 thr(in)16 conc_peak=9 pread=3.232s
DBG getmany L40 nw=7 wall=0.464s thr(out)1 thr(in)16 conc_peak=7 pread=1.760s
DBG getmany L41 nw=6 wall=0.462s thr(out)1 thr(in)16 conc_peak=6 pread=1.831s
DBG getmany L42 nw=6 wall=0.339s thr(out)1 thr(in)16 conc_peak=6 pread=1.300s
DBG getmany L43 nw=7 wall=0.294s thr(out)1 thr(in)16 conc_peak=7 pread=1.399s
DBG getmany L44 nw=9 wall=0.527s thr(out)1 thr(in)16 conc_peak=9 pread=3.101s
DBG getmany L45 nw=7 wall=0.290s thr(out)1 thr(in)16 conc_peak=7 pread=1.653s
DBG getmany L46 nw=5 wall=0.327s thr(out)1 thr(in)16 conc_peak=5 pread=1.269s
DBG getmany L47 nw=8 wall=0.374s thr(out)1 thr(in)16 conc_peak=8 pread=2.156s
DBG getmany L48 nw=10 wall=0.509s thr(out)1 thr(in)16 conc_peak=9 pread=4.574s
DBG getmany L49 nw=12 wall=0.559s thr(out)1 thr(in)16 conc_peak=12 pread=5.702s
DBG getmany L50 nw=9 wall=0.384s thr(out)1 thr(in)16 conc_peak=9 pread=3.160s
DBG getmany L51 nw=12 wall=0.541s thr(out)1 thr(in)16 conc_peak=12 pread=4.654s
DBG getmany L52 nw=7 wall=0.484s thr(out)1 thr(in)16 conc_peak=7 pread=1.816s
DBG getmany L53 nw=12 wall=0.525s thr(out)1 thr(in)16 conc_peak=12 pread=5.185s
DBG getmany L54 nw=10 wall=0.396s thr(out)1 thr(in)16 conc_peak=10 pread=3.036s
DBG getmany L55 nw=12 wall=0.563s thr(out)1 thr(in)16 conc_peak=12 pread=6.095s
DBG getmany L56 nw=11 wall=0.515s thr(out)1 thr(in)16 conc_peak=11 pread=3.748s
DBG getmany L57 nw=15 wall=0.578s thr(out)1 thr(in)16 conc_peak=14 pread=7.050s
DBG getmany L58 nw=9 wall=0.336s thr(out)1 thr(in)16 conc_peak=8 pread=2.431s
DBG getmany L59 nw=6 wall=0.479s thr(out)1 thr(in)16 conc_peak=6 pread=2.492s
DBG getmany L60 nw=11 wall=0.541s thr(out)1 thr(in)16 conc_peak=11 pread=4.869s
DBG getmany L61 nw=12 wall=0.561s thr(out)1 thr(in)16 conc_peak=12 pread=4.713s
DBG getmany L62 nw=10 wall=0.366s thr(out)1 thr(in)16 conc_peak=10 pread=3.249s
DBG getmany L63 nw=12 wall=0.559s thr(out)1 thr(in)16 conc_peak=12 pread=5.049s
DBG getmany L64 nw=9 wall=0.504s thr(out)1 thr(in)16 conc_peak=8 pread=3.168s
DBG getmany L65 nw=10 wall=0.650s thr(out)1 thr(in)16 conc_peak=9 pread=5.843s
DBG getmany L66 nw=7 wall=0.471s thr(out)1 thr(in)16 conc_peak=6 pread=2.350s
DBG getmany L67 nw=12 wall=0.733s thr(out)1 thr(in)16 conc_peak=12 pread=7.846s
DBG getmany L68 nw=14 wall=0.696s thr(out)1 thr(in)16 conc_peak=14 pread=7.546s
DBG getmany L69 nw=9 wall=0.659s thr(out)1 thr(in)16 conc_peak=8 pread=5.479s
DBG getmany L70 nw=7 wall=0.456s thr(out)1 thr(in)16 conc_peak=7 pread=2.873s
DBG getmany L71 nw=8 wall=2.026s thr(out)1 thr(in)16 conc_peak=8 pread=6.108s
DBG getmany L72 nw=9 wall=8.064s thr(out)1 thr(in)16 conc_peak=9 pread=46.848s
DBG getmany L73 nw=10 wall=0.707s thr(out)1 thr(in)16 conc_peak=10 pread=5.819s
DBG getmany L74 nw=5 wall=0.432s thr(out)1 thr(in)16 conc_peak=5 pread=1.829s
DBG getmany L75 nw=6 wall=0.652s thr(out)1 thr(in)16 conc_peak=6 pread=3.028s
DBG getmany L76 nw=8 wall=0.632s thr(out)1 thr(in)16 conc_peak=8 pread=4.619s
DBG getmany L77 nw=7 wall=0.655s thr(out)1 thr(in)16 conc_peak=7 pread=4.131s
DBG getmany L78 nw=10 wall=0.504s thr(out)1 thr(in)16 conc_peak=10 pread=4.527s
DBG getmany L79 nw=7 wall=0.640s thr(out)1 thr(in)16 conc_peak=6 pread=3.125s
DBG getmany L80 nw=9 wall=0.456s thr(out)1 thr(in)16 conc_peak=9 pread=3.464s
DBG getmany L81 nw=10 wall=0.570s thr(out)1 thr(in)16 conc_peak=10 pread=3.853s
DBG getmany L82 nw=10 wall=0.513s thr(out)1 thr(in)16 conc_peak=10 pread=3.772s
DBG getmany L83 nw=10 wall=0.721s thr(out)1 thr(in)16 conc_peak=10 pread=6.055s
DBG getmany L84 nw=11 wall=0.725s thr(out)1 thr(in)16 conc_peak=11 pread=5.899s
DBG getmany L85 nw=8 wall=0.656s thr(out)1 thr(in)16 conc_peak=8 pread=3.702s
DBG getmany L86 nw=10 wall=0.490s thr(out)1 thr(in)16 conc_peak=10 pread=4.244s
DBG getmany L87 nw=8 wall=0.651s thr(out)1 thr(in)16 conc_peak=8 pread=4.885s
DBG getmany L88 nw=10 wall=0.684s thr(out)1 thr(in)16 conc_peak=9 pread=5.583s
DBG getmany L89 nw=7 wall=0.676s thr(out)1 thr(in)16 conc_peak=7 pread=4.604s
DBG getmany L90 nw=8 wall=0.472s thr(out)1 thr(in)16 conc_peak=8 pread=3.072s
DBG getmany L91 nw=7 wall=0.454s thr(out)1 thr(in)16 conc_peak=6 pread=2.986s
DBG getmany L92 nw=10 wall=0.145s thr(out)1 thr(in)16 conc_peak=10 pread=0.821s
5      15         84.41        99.9       13.88      0.012
  L2   resident=6779/14589 slots hit=100.0% read=109.51GB write=0.00GB
DBG getmany L1 nw=12 wall=0.597s thr(out)1 thr(in)16 conc_peak=12 pread=5.528s
DBG getmany L2 nw=10 wall=0.476s thr(out)1 thr(in)16 conc_peak=10 pread=4.174s
DBG getmany L3 nw=7 wall=0.656s thr(out)1 thr(in)16 conc_peak=6 pread=4.130s
DBG getmany L4 nw=9 wall=0.667s thr(out)1 thr(in)16 conc_peak=9 pread=4.838s
DBG getmany L5 nw=5 wall=0.579s thr(out)1 thr(in)16 conc_peak=5 pread=2.048s
DBG getmany L6 nw=13 wall=0.513s thr(out)1 thr(in)16 conc_peak=13 pread=5.977s
DBG getmany L7 nw=11 wall=0.670s thr(out)1 thr(in)16 conc_peak=11 pread=5.919s
DBG getmany L8 nw=9 wall=0.717s thr(out)1 thr(in)16 conc_peak=9 pread=5.236s
DBG getmany L9 nw=8 wall=0.409s thr(out)1 thr(in)16 conc_peak=8 pread=2.325s
DBG getmany L10 nw=7 wall=0.493s thr(out)1 thr(in)16 conc_peak=7 pread=2.826s
DBG getmany L11 nw=9 wall=0.688s thr(out)1 thr(in)16 conc_peak=9 pread=5.001s
DBG getmany L12 nw=11 wall=0.575s thr(out)1 thr(in)16 conc_peak=11 pread=5.189s
DBG getmany L13 nw=11 wall=0.610s thr(out)1 thr(in)16 conc_peak=11 pread=5.503s
DBG getmany L14 nw=13 wall=0.550s thr(out)1 thr(in)16 conc_peak=13 pread=6.576s
DBG getmany L15 nw=11 wall=0.702s thr(out)1 thr(in)16 conc_peak=10 pread=4.806s
DBG getmany L16 nw=9 wall=0.604s thr(out)1 thr(in)16 conc_peak=9 pread=4.345s
DBG getmany L17 nw=8 wall=0.549s thr(out)1 thr(in)16 conc_peak=8 pread=3.536s
DBG getmany L18 nw=9 wall=0.531s thr(out)1 thr(in)16 conc_peak=9 pread=4.179s
DBG getmany L19 nw=11 wall=0.640s thr(out)1 thr(in)16 conc_peak=10 pread=6.491s
DBG getmany L20 nw=9 wall=0.488s thr(out)1 thr(in)16 conc_peak=9 pread=2.993s
DBG getmany L21 nw=9 wall=0.678s thr(out)1 thr(in)16 conc_peak=9 pread=5.591s
DBG getmany L22 nw=8 wall=0.492s thr(out)1 thr(in)16 conc_peak=8 pread=3.354s
DBG getmany L23 nw=5 wall=0.500s thr(out)1 thr(in)16 conc_peak=3 pread=1.627s
DBG getmany L24 nw=13 wall=0.797s thr(out)1 thr(in)16 conc_peak=13 pread=9.732s
DBG getmany L25 nw=10 wall=0.701s thr(out)1 thr(in)16 conc_peak=10 pread=6.267s
DBG getmany L26 nw=9 wall=0.483s thr(out)1 thr(in)16 conc_peak=9 pread=2.846s
DBG getmany L27 nw=11 wall=0.660s thr(out)1 thr(in)16 conc_peak=11 pread=6.734s
DBG getmany L28 nw=11 wall=0.640s thr(out)1 thr(in)16 conc_peak=11 pread=6.622s
DBG getmany L29 nw=11 wall=0.702s thr(out)1 thr(in)16 conc_peak=11 pread=4.158s
DBG getmany L30 nw=8 wall=0.417s thr(out)1 thr(in)16 conc_peak=8 pread=2.331s
DBG getmany L31 nw=9 wall=0.672s thr(out)1 thr(in)16 conc_peak=9 pread=4.209s
DBG getmany L32 nw=7 wall=0.643s thr(out)1 thr(in)16 conc_peak=7 pread=3.945s
DBG getmany L33 nw=8 wall=0.722s thr(out)1 thr(in)16 conc_peak=8 pread=4.842s
DBG getmany L34 nw=9 wall=0.355s thr(out)1 thr(in)16 conc_peak=9 pread=2.328s
DBG getmany L35 nw=7 wall=0.671s thr(out)1 thr(in)16 conc_peak=7 pread=4.409s
DBG getmany L36 nw=10 wall=0.604s thr(out)1 thr(in)16 conc_peak=10 pread=4.587s
DBG getmany L37 nw=8 wall=0.721s thr(out)1 thr(in)16 conc_peak=8 pread=4.869s
DBG getmany L38 nw=10 wall=0.436s thr(out)1 thr(in)16 conc_peak=10 pread=3.685s
DBG getmany L39 nw=9 wall=0.679s thr(out)1 thr(in)16 conc_peak=9 pread=5.911s
DBG getmany L40 nw=7 wall=0.650s thr(out)1 thr(in)16 conc_peak=7 pread=3.302s
DBG getmany L41 nw=6 wall=0.624s thr(out)1 thr(in)16 conc_peak=6 pread=2.005s
DBG getmany L42 nw=8 wall=0.432s thr(out)1 thr(in)16 conc_peak=8 pread=2.817s
DBG getmany L43 nw=7 wall=0.669s thr(out)1 thr(in)16 conc_peak=7 pread=4.260s
DBG getmany L44 nw=6 wall=0.396s thr(out)1 thr(in)16 conc_peak=5 pread=1.691s
DBG getmany L45 nw=6 wall=0.647s thr(out)1 thr(in)16 conc_peak=6 pread=2.647s
DBG getmany L46 nw=7 wall=0.410s thr(out)1 thr(in)16 conc_peak=7 pread=2.339s
DBG getmany L47 nw=9 wall=0.674s thr(out)1 thr(in)16 conc_peak=9 pread=5.553s
DBG getmany L48 nw=7 wall=0.580s thr(out)1 thr(in)16 conc_peak=7 pread=3.491s
DBG getmany L49 nw=10 wall=0.720s thr(out)1 thr(in)16 conc_peak=10 pread=5.794s
DBG getmany L50 nw=7 wall=0.465s thr(out)1 thr(in)16 conc_peak=7 pread=2.941s
DBG getmany L51 nw=8 wall=0.633s thr(out)1 thr(in)16 conc_peak=8 pread=4.614s
DBG getmany L52 nw=11 wall=0.649s thr(out)1 thr(in)16 conc_peak=10 pread=6.754s
DBG getmany L53 nw=11 wall=0.694s thr(out)1 thr(in)16 conc_peak=11 pread=4.959s
DBG getmany L54 nw=9 wall=0.475s thr(out)1 thr(in)16 conc_peak=9 pread=3.622s
DBG getmany L55 nw=4 wall=0.543s thr(out)1 thr(in)16 conc_peak=4 pread=1.559s
DBG getmany L56 nw=8 wall=0.655s thr(out)1 thr(in)16 conc_peak=8 pread=3.932s
DBG getmany L57 nw=9 wall=0.679s thr(out)1 thr(in)16 conc_peak=8 pread=5.682s
DBG getmany L58 nw=7 wall=0.435s thr(out)1 thr(in)16 conc_peak=7 pread=2.381s
DBG getmany L59 nw=6 wall=0.644s thr(out)1 thr(in)16 conc_peak=5 pread=2.677s
DBG getmany L60 nw=8 wall=0.508s thr(out)1 thr(in)16 conc_peak=8 pread=3.339s
DBG getmany L61 nw=6 wall=0.617s thr(out)1 thr(in)16 conc_peak=6 pread=3.188s
DBG getmany L62 nw=8 wall=0.441s thr(out)1 thr(in)16 conc_peak=8 pread=2.518s
DBG getmany L63 nw=4 wall=0.608s thr(out)1 thr(in)16 conc_peak=4 pread=1.877s
DBG getmany L64 nw=10 wall=0.694s thr(out)1 thr(in)16 conc_peak=10 pread=6.672s
DBG getmany L65 nw=7 wall=0.589s thr(out)1 thr(in)16 conc_peak=7 pread=2.355s
DBG getmany L66 nw=4 wall=0.408s thr(out)1 thr(in)16 conc_peak=4 pread=1.220s
DBG getmany L67 nw=7 wall=0.607s thr(out)1 thr(in)16 conc_peak=7 pread=3.121s
DBG getmany L68 nw=10 wall=0.686s thr(out)1 thr(in)16 conc_peak=10 pread=6.459s
DBG getmany L69 nw=9 wall=0.607s thr(out)1 thr(in)16 conc_peak=9 pread=3.853s
DBG getmany L70 nw=7 wall=0.458s thr(out)1 thr(in)16 conc_peak=7 pread=2.682s
DBG getmany L71 nw=5 wall=0.665s thr(out)1 thr(in)16 conc_peak=3 pread=3.055s
DBG getmany L72 nw=7 wall=0.658s thr(out)1 thr(in)16 conc_peak=7 pread=4.165s
DBG getmany L73 nw=12 wall=0.723s thr(out)1 thr(in)16 conc_peak=12 pread=6.912s
DBG getmany L74 nw=6 wall=0.438s thr(out)1 thr(in)16 conc_peak=6 pread=2.272s
DBG getmany L75 nw=5 wall=0.543s thr(out)1 thr(in)16 conc_peak=5 pread=1.980s
DBG getmany L76 nw=7 wall=0.604s thr(out)1 thr(in)16 conc_peak=7 pread=3.150s
DBG getmany L77 nw=6 wall=0.643s thr(out)1 thr(in)16 conc_peak=6 pread=3.122s
DBG getmany L78 nw=6 wall=0.436s thr(out)1 thr(in)16 conc_peak=5 pread=1.762s
DBG getmany L79 nw=7 wall=0.490s thr(out)1 thr(in)16 conc_peak=6 pread=2.475s
DBG getmany L80 nw=6 wall=0.512s thr(out)1 thr(in)16 conc_peak=6 pread=2.419s
DBG getmany L81 nw=7 wall=0.630s thr(out)1 thr(in)16 conc_peak=7 pread=3.136s
DBG getmany L82 nw=5 wall=0.408s thr(out)1 thr(in)16 conc_peak=5 pread=1.527s
DBG getmany L83 nw=7 wall=0.644s thr(out)1 thr(in)16 conc_peak=7 pread=3.555s
DBG getmany L84 nw=6 wall=0.626s thr(out)1 thr(in)16 conc_peak=6 pread=3.247s
DBG getmany L85 nw=4 wall=0.582s thr(out)1 thr(in)16 conc_peak=4 pread=1.702s
DBG getmany L86 nw=4 wall=0.416s thr(out)1 thr(in)16 conc_peak=4 pread=1.633s
DBG getmany L87 nw=7 wall=10.280s thr(out)1 thr(in)16 conc_peak=7 pread=40.145s
DBG getmany L88 nw=4 wall=0.601s thr(out)1 thr(in)16 conc_peak=4 pread=1.732s
DBG getmany L89 nw=4 wall=0.510s thr(out)1 thr(in)16 conc_peak=4 pread=1.345s
DBG getmany L90 nw=3 wall=0.403s thr(out)1 thr(in)16 conc_peak=3 pread=1.134s
DBG getmany L91 nw=4 wall=0.404s thr(out)1 thr(in)16 conc_peak=3 pread=1.353s
DBG getmany L92 nw=7 wall=0.102s thr(out)1 thr(in)16 conc_peak=7 pread=0.431s
6      3629       80.72        100.0      12.74      0.012
  L2   resident=6779/14589 slots hit=100.0% read=122.25GB write=0.00GB
DBG getmany L1 nw=12 wall=0.632s thr(out)1 thr(in)16 conc_peak=12 pread=5.404s
DBG getmany L2 nw=13 wall=0.547s thr(out)1 thr(in)16 conc_peak=13 pread=6.453s
DBG getmany L3 nw=7 wall=0.593s thr(out)1 thr(in)16 conc_peak=7 pread=3.768s
DBG getmany L4 nw=11 wall=0.681s thr(out)1 thr(in)16 conc_peak=11 pread=6.244s
DBG getmany L5 nw=13 wall=0.699s thr(out)1 thr(in)16 conc_peak=13 pread=6.361s
DBG getmany L6 nw=14 wall=0.536s thr(out)1 thr(in)16 conc_peak=13 pread=6.791s
DBG getmany L7 nw=9 wall=0.672s thr(out)1 thr(in)16 conc_peak=8 pread=4.477s
DBG getmany L8 nw=12 wall=0.742s thr(out)1 thr(in)16 conc_peak=9 pread=7.019s
DBG getmany L9 nw=12 wall=0.743s thr(out)1 thr(in)16 conc_peak=12 pread=8.508s
DBG getmany L10 nw=8 wall=0.498s thr(out)1 thr(in)16 conc_peak=8 pread=2.639s
DBG getmany L11 nw=9 wall=0.681s thr(out)1 thr(in)16 conc_peak=9 pread=4.986s
DBG getmany L12 nw=9 wall=0.665s thr(out)1 thr(in)16 conc_peak=9 pread=5.652s
DBG getmany L13 nw=10 wall=0.644s thr(out)1 thr(in)16 conc_peak=10 pread=5.033s
DBG getmany L14 nw=11 wall=0.507s thr(out)1 thr(in)16 conc_peak=11 pread=4.870s
DBG getmany L15 nw=13 wall=0.689s thr(out)1 thr(in)16 conc_peak=12 pread=7.254s
DBG getmany L16 nw=7 wall=0.564s thr(out)1 thr(in)16 conc_peak=6 pread=2.103s
DBG getmany L17 nw=8 wall=0.633s thr(out)1 thr(in)16 conc_peak=7 pread=4.065s
DBG getmany L18 nw=6 wall=0.422s thr(out)1 thr(in)16 conc_peak=6 pread=1.817s
DBG getmany L19 nw=8 wall=0.597s thr(out)1 thr(in)16 conc_peak=8 pread=3.320s
DBG getmany L20 nw=8 wall=0.616s thr(out)1 thr(in)16 conc_peak=7 pread=4.364s
DBG getmany L21 nw=12 wall=0.720s thr(out)1 thr(in)16 conc_peak=12 pread=6.040s
DBG getmany L22 nw=10 wall=0.507s thr(out)1 thr(in)16 conc_peak=10 pread=4.475s
DBG getmany L23 nw=9 wall=0.629s thr(out)1 thr(in)16 conc_peak=9 pread=4.195s
DBG getmany L24 nw=14 wall=0.839s thr(out)1 thr(in)16 conc_peak=14 pread=9.760s
DBG getmany L25 nw=10 wall=0.875s thr(out)1 thr(in)16 conc_peak=10 pread=7.309s
DBG getmany L26 nw=12 wall=0.532s thr(out)1 thr(in)16 conc_peak=12 pread=4.887s
DBG getmany L27 nw=12 wall=0.681s thr(out)1 thr(in)16 conc_peak=12 pread=6.869s
DBG getmany L28 nw=11 wall=0.641s thr(out)1 thr(in)16 conc_peak=11 pread=3.792s
DBG getmany L29 nw=10 wall=0.695s thr(out)1 thr(in)16 conc_peak=10 pread=4.995s
DBG getmany L30 nw=9 wall=0.428s thr(out)1 thr(in)16 conc_peak=9 pread=2.466s
DBG getmany L31 nw=10 wall=0.693s thr(out)1 thr(in)16 conc_peak=10 pread=6.041s
DBG getmany L32 nw=8 wall=0.663s thr(out)1 thr(in)16 conc_peak=8 pread=3.849s
DBG getmany L33 nw=10 wall=0.747s thr(out)1 thr(in)16 conc_peak=10 pread=7.005s
DBG getmany L34 nw=11 wall=0.533s thr(out)1 thr(in)16 conc_peak=10 pread=4.793s
DBG getmany L35 nw=8 wall=0.681s thr(out)1 thr(in)16 conc_peak=8 pread=3.501s
DBG getmany L36 nw=9 wall=0.591s thr(out)1 thr(in)16 conc_peak=8 pread=4.225s
DBG getmany L37 nw=11 wall=0.709s thr(out)1 thr(in)16 conc_peak=11 pread=4.291s
DBG getmany L38 nw=6 wall=0.423s thr(out)1 thr(in)16 conc_peak=6 pread=1.960s
DBG getmany L39 nw=6 wall=0.635s thr(out)1 thr(in)16 conc_peak=6 pread=2.959s
DBG getmany L40 nw=6 wall=0.621s thr(out)1 thr(in)16 conc_peak=6 pread=2.360s
DBG getmany L41 nw=3 wall=0.315s thr(out)1 thr(in)16 conc_peak=2 pread=0.840s
DBG getmany L42 nw=6 wall=0.444s thr(out)1 thr(in)16 conc_peak=6 pread=2.272s
DBG getmany L43 nw=4 wall=0.640s thr(out)1 thr(in)16 conc_peak=4 pread=2.274s
DBG getmany L44 nw=6 wall=0.647s thr(out)1 thr(in)16 conc_peak=6 pread=2.706s
DBG getmany L45 nw=8 wall=0.681s thr(out)1 thr(in)16 conc_peak=6 pread=4.132s
DBG getmany L46 nw=8 wall=0.481s thr(out)1 thr(in)16 conc_peak=8 pread=3.458s
DBG getmany L47 nw=5 wall=0.387s thr(out)1 thr(in)16 conc_peak=5 pread=1.345s
DBG getmany L48 nw=8 wall=0.635s thr(out)1 thr(in)16 conc_peak=8 pread=4.210s
DBG getmany L49 nw=13 wall=0.723s thr(out)1 thr(in)16 conc_peak=12 pread=7.575s
DBG getmany L50 nw=8 wall=0.450s thr(out)1 thr(in)16 conc_peak=8 pread=3.082s
DBG getmany L51 nw=7 wall=0.629s thr(out)1 thr(in)16 conc_peak=7 pread=4.196s
DBG getmany L52 nw=9 wall=0.649s thr(out)1 thr(in)16 conc_peak=9 pread=5.101s
DBG getmany L53 nw=10 wall=0.681s thr(out)1 thr(in)16 conc_peak=10 pread=5.678s
DBG getmany L54 nw=11 wall=0.875s thr(out)1 thr(in)16 conc_peak=11 pread=6.847s
DBG getmany L55 nw=7 wall=0.503s thr(out)1 thr(in)16 conc_peak=6 pread=2.165s
DBG getmany L56 nw=8 wall=0.656s thr(out)1 thr(in)16 conc_peak=8 pread=4.226s
DBG getmany L57 nw=9 wall=0.690s thr(out)1 thr(in)16 conc_peak=9 pread=5.062s
DBG getmany L58 nw=6 wall=0.457s thr(out)1 thr(in)16 conc_peak=5 pread=2.162s
DBG getmany L59 nw=5 wall=0.635s thr(out)1 thr(in)16 conc_peak=5 pread=1.964s
DBG getmany L60 nw=10 wall=0.696s thr(out)1 thr(in)16 conc_peak=10 pread=5.479s
DBG getmany L61 nw=13 wall=0.713s thr(out)1 thr(in)16 conc_peak=13 pread=7.349s
DBG getmany L62 nw=7 wall=0.440s thr(out)1 thr(in)16 conc_peak=6 pread=2.295s
DBG getmany L63 nw=9 wall=0.676s thr(out)1 thr(in)16 conc_peak=9 pread=5.090s
DBG getmany L64 nw=13 wall=0.746s thr(out)1 thr(in)16 conc_peak=13 pread=8.399s
DBG getmany L65 nw=7 wall=0.505s thr(out)1 thr(in)16 conc_peak=7 pread=2.532s
DBG getmany L66 nw=10 wall=0.472s thr(out)1 thr(in)16 conc_peak=10 pread=3.467s
DBG getmany L67 nw=8 wall=0.667s thr(out)1 thr(in)16 conc_peak=8 pread=4.914s
DBG getmany L68 nw=11 wall=0.699s thr(out)1 thr(in)16 conc_peak=7 pread=7.344s
DBG getmany L69 nw=11 wall=0.722s thr(out)1 thr(in)16 conc_peak=11 pread=7.513s
DBG getmany L70 nw=9 wall=0.476s thr(out)1 thr(in)16 conc_peak=9 pread=3.353s
DBG getmany L71 nw=8 wall=0.711s thr(out)1 thr(in)16 conc_peak=8 pread=3.976s
DBG getmany L72 nw=6 wall=0.647s thr(out)1 thr(in)16 conc_peak=6 pread=2.520s
DBG getmany L73 nw=11 wall=0.709s thr(out)1 thr(in)16 conc_peak=11 pread=7.457s
DBG getmany L74 nw=8 wall=0.412s thr(out)1 thr(in)16 conc_peak=8 pread=2.283s
DBG getmany L75 nw=9 wall=0.688s thr(out)1 thr(in)16 conc_peak=9 pread=4.024s
DBG getmany L76 nw=10 wall=0.488s thr(out)1 thr(in)16 conc_peak=10 pread=3.204s
DBG getmany L77 nw=7 wall=0.646s thr(out)1 thr(in)16 conc_peak=7 pread=4.401s
DBG getmany L78 nw=7 wall=0.454s thr(out)1 thr(in)16 conc_peak=7 pread=2.767s
DBG getmany L79 nw=8 wall=0.630s thr(out)1 thr(in)16 conc_peak=8 pread=4.556s
DBG getmany L80 nw=13 wall=11.940s thr(out)1 thr(in)16 conc_peak=13 pread=122.041s
DBG getmany L81 nw=9 wall=0.670s thr(out)1 thr(in)16 conc_peak=8 pread=5.593s
DBG getmany L82 nw=11 wall=0.489s thr(out)1 thr(in)16 conc_peak=11 pread=4.220s
DBG getmany L83 nw=9 wall=0.680s thr(out)1 thr(in)16 conc_peak=8 pread=5.038s
DBG getmany L84 nw=11 wall=0.692s thr(out)1 thr(in)16 conc_peak=11 pread=6.311s
DBG getmany L85 nw=10 wall=0.666s thr(out)1 thr(in)16 conc_peak=9 pread=4.123s
DBG getmany L86 nw=9 wall=0.416s thr(out)1 thr(in)16 conc_peak=9 pread=3.264s
DBG getmany L87 nw=8 wall=0.639s thr(out)1 thr(in)16 conc_peak=8 pread=4.145s
DBG getmany L88 nw=6 wall=0.620s thr(out)1 thr(in)16 conc_peak=6 pread=2.915s
DBG getmany L89 nw=6 wall=0.509s thr(out)1 thr(in)16 conc_peak=6 pread=2.527s
DBG getmany L90 nw=8 wall=0.464s thr(out)1 thr(in)16 conc_peak=8 pread=3.020s
DBG getmany L91 nw=10 wall=0.493s thr(out)1 thr(in)16 conc_peak=10 pread=3.450s
DBG getmany L92 nw=12 wall=0.182s thr(out)1 thr(in)16 conc_peak=12 pread=1.193s
7      1389       85.19        100.0      14.72      0.012
  L2   resident=6779/14589 slots hit=100.0% read=136.97GB write=0.00GB
[trace] wrote 2226 events to /mnt/f/kimi-k3-in-c/reports/gateab_ab/v35_stall/rep2-20260929_123148/trace.csv
--------------------------------------------------------------------
8 tokens in 771.5 s, 96.43 s/token average
PEAK RSS for the whole run: 49.09 GB   <- quote this, not the plan
layers completed: 93/93; routed expert drops: 0


[chip] simulated MXFP4 GEMV bill over 9 tokens
  11776 expert chains | 777925951488 flops | 206636580864 bytes (206.64 GB)
  per token: 1308 chains | 22.96 GB | 0.09 Gflops
  compute wall @ 4 TFLOPS : 0.19 s (21.61 ms/token)
  bandwidth wall @ 200 GB/s : 1.03 s (114.80 ms/token)
  -> bandwidth-bound; to be compute-bound at 4 TFLOPS this needs 1062 GB/s
  expert fetch (host wall, measured): 604.59 s moving 206.64 GB = 0 GB/s
  chip pool wall (measured): 82.36 s

cache [final step]
  slots        : 2278 of 17.56 MB = 39.99 GB arena (2278 resident, 0 pinned)
  requests     : 1472  hits 1472 (100.00%)  misses 0  evictions 839
  of those hits : 839 came from the batch prefetch, i.e. read from disk
                  this token; TRUE resident hit rate 43.00%
  read from disk: 14.72 GB in 67.04 s (220 MB/s while loading)
  phase2 i/o    : 14.73 GB in 67.04 s (220 MB/s)  [pure parallel disk read]
l2cache [final step]
  requests     : 7806  hits 7806 (100.00%)  misses 0
  read  from sdd7: 136.97 GB, written 0.00 GB
  hit I/O   : 136.97 GB in 599.61 s (wall) = 228 MB/s [pread 5269.87 s, 26 MB/s per-thread]
  miss I/O  : 0 misses, 0.00 GB from /model in 0.00 s (wall) = 0 MB/s
  restored from meta: 6779 slots

wrote /mnt/f/kimi-k3-in-c/reports/gateab_ab/v35_stall/rep2-20260929_123148/ctrl.json
I/O share of wall clock: 147.0%  (trunk 534.2 s + experts 600.0 s of 771.5 s)
  both figures are WHOLE-RUN totals over 8 steps
  over 100% because trunk reads overlap compute on the reader thread;
  362.8 s of device time was hidden behind arithmetic
  experts, whole run: 137.01 GB read | 6246 of 11776 requests retained in RAM (53.04%) | 5530 evictions
    (retention = requests - evictions; the raw `hits` counter includes
     experts the prefetcher had just read from disk, so it is not a
     measure of avoided I/O)

trunk [final]
  pinned 1/93 layers, ring 2 slots
  binds 744, hits 7 (0.9%), reads 737
  read 436.45 GB in 534.22 s (817 MB/s pread)
  per-layer loads [L]=count: 0=1 1=8 2=8 3=8 4=8 5=8 6=8 7=8 8=8 9=8 10=8 11=8 12=8 13=8 14=8 15=8 16=8 17=8 18=8 19=8 20=8 21=8 22=8 23=8 24=8 25=8 26=8 27=8 28=8 29=8 30=8 31=8 32=8 33=8 34=8 35=8 36=8 37=8 38=8 39=8 40=8 41=8 42=8 43=8 44=8 45=8 46=8 47=8 48=8 49=8 50=8 51=8 52=8 53=8 54=8 55=8 56=8 57=8 58=8 59=8 60=8 61=8 62=8 63=8 64=8 65=8 66=8 67=8 68=8 69=8 70=8 71=8 72=8 73=8 74=8 75=8 76=8 77=8 78=8 79=8 80=8 81=8 82=8 83=8 84=8 85=8 86=8 87=8 88=8 89=8 90=8 91=8 92=8
  bind wall 19.51 s over 744 binds; read 534.22 + widen 2.82 = 537.04 s of device work,
                    of which 517.53 s (96%) overlapped compute on the reader thread
  widen breakdown: find 171 ms (19640)  copy 0 ms (9184)  deq 2638 ms (6320)  timed 3 s of widen 2.82 s
