k3 chip: 4 workers, 4 TFLOPS, 200 GB/s simulated wall
DBG getmany L1 nw=64 wall=0.668s thr(out)1 thr(in)16 conc_peak=16 pread=9.544s
DBG getmany L2 nw=64 wall=0.614s thr(out)1 thr(in)16 conc_peak=16 pread=8.870s
DBG getmany L3 nw=61 wall=0.585s thr(out)1 thr(in)16 conc_peak=16 pread=8.210s
DBG getmany L4 nw=48 wall=0.551s thr(out)1 thr(in)16 conc_peak=16 pread=7.147s
DBG getmany L5 nw=64 wall=0.636s thr(out)1 thr(in)16 conc_peak=16 pread=8.882s
DBG getmany L6 nw=64 wall=0.894s thr(out)1 thr(in)16 conc_peak=16 pread=10.112s
DBG getmany L7 nw=64 wall=0.613s thr(out)1 thr(in)16 conc_peak=16 pread=8.902s
DBG getmany L8 nw=64 wall=1.894s thr(out)1 thr(in)16 conc_peak=16 pread=13.919s
DBG getmany L9 nw=64 wall=0.625s thr(out)1 thr(in)16 conc_peak=16 pread=8.297s
DBG getmany L10 nw=59 wall=7.317s thr(out)1 thr(in)16 conc_peak=16 pread=2.164s
DBG getmany L11 nw=64 wall=6.730s thr(out)1 thr(in)16 conc_peak=16 pread=1.816s
config: /model/config.json (nested shape) | hidden=7168 layers=93 vocab=163840 | 24 MLA + 69 KDA | experts 896 top16 shared2 | latent=3584
NOTE: binding only the first 12 of 93 layers. Output is NOT the full model; it is a partial stack for testing the machinery.

  KV cache : 21.33 MB for 9 positions (2.37 MB/position)
Kimi K3, pure C, released checkpoint
  model    : /model
  prompt   : 6 tokens, generating 2

indexed 497220 tensors from 96 shards in 4.15 s
trunk on disk : 15.16 GB total (STREAMED from /mnt/nvme/trunk_layers_out, not held in RAM)

memory plan
  trunk (STREAMED) 16.00 GB
  embed + lm_head  4.70 GB
  expert cache     2.00 GB
  recurrent state  80.81 MB
  buffers          7.35 MB
  KV cache         21.29 MB
  TOTAL            22.81 GB
  available        28.63 GB

k3_trunk: trunk.bin absent - using per-layer slices (layer_%03d.bin)
trunk stream: 56.60 GB packed, 9/93 layers PINNED (13.00 GB), ring 2 x 1.30 GB
              reads use buffered I/O
              ring holds 2 slots: layers repeat over ~2 tokens, so recent ones are reused instead of re-read
trunk streaming enabled from /mnt/nvme/trunk_layers_out in 0.0 s
embedding, final norm and lm_head: 4.70 GB in 88.8 s

expert L2 cache enabled: 11397 slots x 17.55 MB = 199.99 GB on /mnt/nvme/experts.l2
expert L2 eviction policy: heat
peak RSS after loading weights: 4.78 GB  (the plan above is a forecast, this is measured)
expert cache: 113 slots x 17.56 MB = 1.98 GB (0.14% of the 1.45 TB expert pool)

recurrent state for 12 layers: 80.81 MB

incremental decode: KV cache 2.66 MB for 3 MLA layers at 9 positions

STEP   TOKEN      SECONDS      CACHE HIT  READ GB    TOK/S
--------------------------------------------------------------------
0      58283      142.17       88.4       13.49      0.007
  L2   resident=6298/11397 slots hit=93.2% read=11.05GB write=0.81GB
DBG getmany L1 nw=16 wall=2.153s thr(out)1 thr(in)16 conc_peak=16 pread=0.720s
DBG getmany L2 nw=16 wall=1.573s thr(out)1 thr(in)16 conc_peak=16 pread=0.540s
DBG getmany L3 nw=16 wall=1.606s thr(out)1 thr(in)16 conc_peak=16 pread=0.845s
DBG getmany L4 nw=16 wall=1.168s thr(out)1 thr(in)16 conc_peak=16 pread=0.902s
DBG getmany L5 nw=16 wall=1.514s thr(out)1 thr(in)16 conc_peak=16 pread=0.872s
DBG getmany L6 nw=16 wall=3.023s thr(out)1 thr(in)16 conc_peak=16 pread=0.372s
DBG getmany L7 nw=16 wall=2.424s thr(out)1 thr(in)16 conc_peak=16 pread=0.502s
DBG getmany L8 nw=16 wall=2.504s thr(out)1 thr(in)16 conc_peak=16 pread=0.461s
DBG getmany L9 nw=16 wall=2.242s thr(out)1 thr(in)16 conc_peak=16 pread=0.579s
DBG getmany L10 nw=16 wall=3.493s thr(out)1 thr(in)16 conc_peak=16 pread=0.503s
DBG getmany L11 nw=16 wall=3.598s thr(out)1 thr(in)16 conc_peak=16 pread=0.323s
1      139206     32.55        100.0      3.09       0.031
  L2   resident=6298/11397 slots hit=86.6% read=12.83GB write=2.12GB
--------------------------------------------------------------------
2 tokens in 174.7 s, 87.36 s/token average
PEAK RSS for the whole run: 15.50 GB   <- quote this, not the plan
layers completed: 12/12; routed expert drops: 0


[chip] simulated MXFP4 GEMV bill over 8 tokens
  1232 expert chains | 81386274816 flops | 21618229248 bytes (21.62 GB)
  per token: 154 chains | 2.70 GB | 0.01 Gflops
  compute wall @ 4 TFLOPS : 0.02 s (2.54 ms/token)
  bandwidth wall @ 200 GB/s : 0.11 s (13.51 ms/token)
  -> bandwidth-bound; to be compute-bound at 4 TFLOPS this needs 1062 GB/s
  expert fetch (host wall, measured): 67.52 s moving 16.58 GB = 0 GB/s
  chip pool wall (measured): 34.64 s

cache [final step]
  slots        : 113 of 17.56 MB = 1.98 GB arena (113 resident, 0 pinned)
  requests     : 176  hits 176 (100.00%)  misses 0  evictions 176
  of those hits : 176 came from the batch prefetch, i.e. read from disk
                  this token; TRUE resident hit rate 0.00%
  read from disk: 3.09 GB in 25.30 s (122 MB/s while loading)
  phase2 i/o    : 3.09 GB in 25.30 s (122 MB/s)  [pure parallel disk read]
l2cache [final step]
  requests     : 844  hits 731 (86.61%)  misses 113
  read  from sdd7: 12.83 GB, written 2.12 GB
  hit I/O   : 12.83 GB in 8.92 s (wall) = 1438 MB/s [pread 94.48 s, 136 MB/s per-thread]
  miss I/O  : 113 misses, 1.98 GB from /model in 37.51 s (wall) = 53 MB/s
  restored from meta: 6298 slots

wrote reports/pin16_102348/r.json
I/O share of wall clock: 72.5%  (trunk 59.6 s + experts 67.0 s of 174.7 s)
  both figures are WHOLE-RUN totals over 2 steps
  experts, whole run: 16.58 GB read | 113 of 945 requests retained in RAM (11.96%) | 832 evictions
    (retention = requests - evictions; the raw `hits` counter includes
     experts the prefetcher had just read from disk, so it is not a
     measure of avoided I/O)

trunk [final]
  pinned 9/93 layers, ring 2 slots
  binds 24, hits 9 (37.5%), reads 15
  read 11.17 GB in 45.65 s (245 MB/s pread) + 13.90 s parked on the expert gate
  per-layer loads [L]=count: 0=1 1=1 2=1 3=1 4=1 5=1 6=1 7=1 8=1 9=2 10=2 11=2 12=1 13=0 14=0 15=0 16=0 17=0 18=0 19=0 20=0 21=0 22=0 23=0 24=0 25=0 26=0 27=0 28=0 29=0 30=0 31=0 32=0 33=0 34=0 35=0 36=0 37=0 38=0 39=0 40=0 41=0 42=0 43=0 44=0 45=0 46=0 47=0 48=0 49=0 50=0 51=0 52=0 53=0 54=0 55=0 56=0 57=0 58=0 59=0 60=0 61=0 62=0 63=0 64=0 65=0 66=0 67=0 68=0 69=0 70=0 71=0 72=0 73=0 74=0 75=0 76=0 77=0 78=0 79=0 80=0 81=0 82=0 83=0 84=0 85=0 86=0 87=0 88=0 89=0 90=0 91=0 92=0
  bind wall 39.10 s over 24 binds; read 45.65 + widen 1.58 = 47.23 s of device work,
                    of which 8.12 s (17%) overlapped compute on the reader thread
  widen breakdown: find 1 ms (626)  copy 0 ms (274)  deq 1576 ms (200)  timed 2 s of widen 1.58 s
