L2 auto: 209 GB free on /mnt/nvme -> L2 at 256 GB
k3 chip: 4 workers, 4 TFLOPS, 200 GB/s simulated wall
DBG getmany L1 nw=16 wall=0.246s thr(out)1 thr(in)16 conc_peak=16 pread=2.831s
DBG getmany L2 nw=16 wall=0.208s thr(out)1 thr(in)16 conc_peak=16 pread=2.256s
DBG getmany L3 nw=16 wall=0.334s thr(out)1 thr(in)16 conc_peak=16 pread=4.021s
DBG getmany L4 nw=16 wall=0.179s thr(out)1 thr(in)16 conc_peak=16 pread=2.002s
DBG getmany L5 nw=16 wall=0.429s thr(out)1 thr(in)16 conc_peak=16 pread=5.717s
DBG getmany L6 nw=16 wall=0.164s thr(out)1 thr(in)16 conc_peak=16 pread=1.875s
DBG getmany L7 nw=16 wall=0.251s thr(out)1 thr(in)16 conc_peak=16 pread=3.406s
DBG getmany L8 nw=16 wall=0.240s thr(out)1 thr(in)16 conc_peak=16 pread=3.093s
DBG getmany L9 nw=16 wall=0.263s thr(out)1 thr(in)16 conc_peak=16 pread=3.466s
DBG getmany L10 nw=16 wall=0.175s thr(out)1 thr(in)16 conc_peak=16 pread=1.979s
DBG getmany L11 nw=16 wall=0.345s thr(out)1 thr(in)16 conc_peak=16 pread=4.403s
DBG getmany L12 nw=16 wall=0.224s thr(out)1 thr(in)16 conc_peak=16 pread=2.470s
DBG getmany L13 nw=16 wall=0.275s thr(out)1 thr(in)16 conc_peak=16 pread=3.461s
DBG getmany L14 nw=16 wall=0.219s thr(out)1 thr(in)16 conc_peak=16 pread=2.353s
DBG getmany L15 nw=16 wall=0.463s thr(out)1 thr(in)16 conc_peak=16 pread=5.164s
DBG getmany L16 nw=16 wall=0.258s thr(out)1 thr(in)16 conc_peak=16 pread=3.371s
DBG getmany L17 nw=16 wall=0.235s thr(out)1 thr(in)16 conc_peak=16 pread=2.878s
DBG getmany L18 nw=16 wall=0.220s thr(out)1 thr(in)16 conc_peak=16 pread=2.383s
DBG getmany L19 nw=16 wall=0.477s thr(out)1 thr(in)16 conc_peak=16 pread=5.953s
DBG getmany L20 nw=16 wall=0.399s thr(out)1 thr(in)16 conc_peak=16 pread=5.214s
DBG getmany L21 nw=16 wall=0.291s thr(out)1 thr(in)16 conc_peak=16 pread=3.753s
DBG getmany L22 nw=16 wall=0.533s thr(out)1 thr(in)16 conc_peak=16 pread=6.195s
DBG getmany L23 nw=16 wall=0.346s thr(out)1 thr(in)16 conc_peak=16 pread=4.295s
DBG getmany L24 nw=16 wall=0.311s thr(out)1 thr(in)16 conc_peak=16 pread=4.003s
DBG getmany L25 nw=16 wall=1.134s thr(out)1 thr(in)16 conc_peak=16 pread=16.755s
DBG getmany L26 nw=16 wall=1.000s thr(out)1 thr(in)16 conc_peak=16 pread=15.021s
DBG getmany L27 nw=16 wall=0.208s thr(out)1 thr(in)16 conc_peak=16 pread=2.329s
DBG getmany L28 nw=16 wall=0.194s thr(out)1 thr(in)16 conc_peak=16 pread=2.249s
DBG getmany L29 nw=16 wall=0.264s thr(out)1 thr(in)16 conc_peak=16 pread=3.340s
DBG getmany L30 nw=16 wall=0.204s thr(out)1 thr(in)16 conc_peak=16 pread=2.181s
DBG getmany L31 nw=16 wall=0.440s thr(out)1 thr(in)16 conc_peak=16 pread=5.144s
DBG getmany L32 nw=16 wall=0.264s thr(out)1 thr(in)16 conc_peak=16 pread=3.445s
DBG getmany L33 nw=16 wall=0.312s thr(out)1 thr(in)16 conc_peak=16 pread=4.007s
DBG getmany L34 nw=16 wall=0.891s thr(out)1 thr(in)16 conc_peak=16 pread=12.260s
DBG getmany L35 nw=16 wall=0.343s thr(out)1 thr(in)16 conc_peak=16 pread=4.436s
DBG getmany L36 nw=16 wall=0.349s thr(out)1 thr(in)16 conc_peak=16 pread=4.398s
DBG getmany L37 nw=16 wall=0.791s thr(out)1 thr(in)16 conc_peak=16 pread=11.389s
DBG getmany L38 nw=16 wall=0.441s thr(out)1 thr(in)16 conc_peak=16 pread=5.907s
DBG getmany L39 nw=16 wall=0.401s thr(out)1 thr(in)16 conc_peak=16 pread=5.183s
DBG getmany L40 nw=16 wall=0.341s thr(out)1 thr(in)16 conc_peak=16 pread=4.716s
DBG getmany L41 nw=16 wall=0.268s thr(out)1 thr(in)16 conc_peak=16 pread=3.531s
DBG getmany L42 nw=16 wall=0.320s thr(out)1 thr(in)16 conc_peak=16 pread=3.272s
DBG getmany L43 nw=16 wall=0.279s thr(out)1 thr(in)16 conc_peak=16 pread=3.594s
DBG getmany L44 nw=16 wall=0.221s thr(out)1 thr(in)16 conc_peak=16 pread=2.306s
DBG getmany L45 nw=16 wall=0.614s thr(out)1 thr(in)16 conc_peak=16 pread=7.886s
DBG getmany L46 nw=16 wall=1.279s thr(out)1 thr(in)16 conc_peak=16 pread=18.702s
DBG getmany L47 nw=16 wall=1.366s thr(out)1 thr(in)16 conc_peak=16 pread=20.090s
DBG getmany L48 nw=16 wall=1.460s thr(out)1 thr(in)16 conc_peak=16 pread=20.864s
DBG getmany L49 nw=16 wall=1.250s thr(out)1 thr(in)16 conc_peak=16 pread=18.124s
DBG getmany L50 nw=16 wall=0.248s thr(out)1 thr(in)16 conc_peak=16 pread=2.543s
DBG getmany L51 nw=16 wall=0.256s thr(out)1 thr(in)16 conc_peak=16 pread=2.567s
DBG getmany L52 nw=16 wall=0.370s thr(out)1 thr(in)16 conc_peak=16 pread=5.245s
DBG getmany L53 nw=16 wall=0.308s thr(out)1 thr(in)16 conc_peak=16 pread=4.124s
DBG getmany L54 nw=16 wall=0.254s thr(out)1 thr(in)16 conc_peak=16 pread=2.590s
DBG getmany L55 nw=16 wall=0.467s thr(out)1 thr(in)16 conc_peak=16 pread=5.562s
DBG getmany L56 nw=16 wall=0.427s thr(out)1 thr(in)16 conc_peak=16 pread=5.997s
DBG getmany L57 nw=16 wall=0.301s thr(out)1 thr(in)16 conc_peak=16 pread=3.672s
DBG getmany L58 nw=16 wall=0.198s thr(out)1 thr(in)16 conc_peak=16 pread=2.011s
DBG getmany L59 nw=16 wall=0.391s thr(out)1 thr(in)16 conc_peak=16 pread=5.640s
DBG getmany L60 nw=16 wall=0.308s thr(out)1 thr(in)16 conc_peak=16 pread=4.002s
DBG getmany L61 nw=16 wall=0.282s thr(out)1 thr(in)16 conc_peak=16 pread=3.614s
DBG getmany L62 nw=16 wall=0.207s thr(out)1 thr(in)16 conc_peak=16 pread=2.011s
DBG getmany L63 nw=16 wall=0.431s thr(out)1 thr(in)16 conc_peak=16 pread=6.013s
DBG getmany L64 nw=16 wall=0.377s thr(out)1 thr(in)16 conc_peak=16 pread=5.338s
DBG getmany L65 nw=16 wall=0.356s thr(out)1 thr(in)16 conc_peak=16 pread=3.932s
DBG getmany L66 nw=16 wall=0.234s thr(out)1 thr(in)16 conc_peak=16 pread=2.686s
DBG getmany L67 nw=16 wall=0.390s thr(out)1 thr(in)16 conc_peak=16 pread=5.352s
DBG getmany L68 nw=16 wall=0.387s thr(out)1 thr(in)16 conc_peak=16 pread=5.572s
DBG getmany L69 nw=16 wall=0.361s thr(out)1 thr(in)16 conc_peak=16 pread=5.146s
DBG getmany L70 nw=16 wall=0.214s thr(out)1 thr(in)16 conc_peak=16 pread=2.176s
DBG getmany L71 nw=16 wall=0.350s thr(out)1 thr(in)16 conc_peak=16 pread=4.017s
DBG getmany L72 nw=16 wall=0.259s thr(out)1 thr(in)16 conc_peak=16 pread=2.872s
DBG getmany L73 nw=16 wall=0.260s thr(out)1 thr(in)16 conc_peak=16 pread=3.243s
DBG getmany L74 nw=16 wall=0.219s thr(out)1 thr(in)16 conc_peak=16 pread=2.325s
DBG getmany L75 nw=16 wall=0.470s thr(out)1 thr(in)16 conc_peak=16 pread=6.805s
DBG getmany L76 nw=16 wall=0.304s thr(out)1 thr(in)16 conc_peak=16 pread=3.741s
DBG getmany L77 nw=16 wall=0.343s thr(out)1 thr(in)16 conc_peak=16 pread=4.015s
DBG getmany L78 nw=16 wall=0.247s thr(out)1 thr(in)16 conc_peak=16 pread=3.031s
DBG getmany L79 nw=16 wall=0.428s thr(out)1 thr(in)16 conc_peak=16 pread=5.410s
DBG getmany L80 nw=16 wall=0.295s thr(out)1 thr(in)16 conc_peak=16 pread=3.482s
DBG getmany L81 nw=16 wall=0.296s thr(out)1 thr(in)16 conc_peak=16 pread=3.560s
DBG getmany L82 nw=16 wall=0.184s thr(out)1 thr(in)16 conc_peak=16 pread=2.193s
DBG getmany L83 nw=16 wall=0.429s thr(out)1 thr(in)16 conc_peak=16 pread=6.201s
DBG getmany L84 nw=16 wall=0.309s thr(out)1 thr(in)16 conc_peak=16 pread=3.598s
DBG getmany L85 nw=16 wall=0.310s thr(out)1 thr(in)16 conc_peak=16 pread=3.950s
DBG getmany L86 nw=16 wall=0.137s thr(out)1 thr(in)16 conc_peak=16 pread=1.268s
DBG getmany L87 nw=16 wall=0.232s thr(out)1 thr(in)16 conc_peak=16 pread=3.151s
DBG getmany L88 nw=16 wall=0.170s thr(out)1 thr(in)16 conc_peak=16 pread=1.719s
DBG getmany L89 nw=16 wall=0.297s thr(out)1 thr(in)16 conc_peak=16 pread=4.321s
DBG getmany L90 nw=16 wall=0.155s thr(out)1 thr(in)16 conc_peak=16 pread=1.836s
DBG getmany L91 nw=16 wall=0.260s thr(out)1 thr(in)16 conc_peak=16 pread=3.673s
DBG getmany L92 nw=16 wall=0.142s thr(out)1 thr(in)16 conc_peak=16 pread=1.300s
auto budget: 28.6 GB available, 9.0 GB reserved -> trunk 6.0 GB / expert cache 13.7 GB
config: /model/config.json (nested shape) | hidden=7168 layers=93 vocab=163840 | 24 MLA + 69 KDA | experts 896 top16 shared2 | latent=3584
  KV cache : 23.70 MB for 10 positions (2.37 MB/position)
Kimi K3, pure C, released checkpoint
  model    : /model
  prompt   : 1 tokens, generating 8

indexed 497220 tensors from 96 shards in 20.99 s
trunk on disk : 110.00 GB total (STREAMED from /mnt/nvme/trunk_layers_out, not held in RAM)

memory plan
  trunk (STREAMED) 6.00 GB
  embed + lm_head  4.70 GB
  expert cache     13.66 GB
  recurrent state  626.25 MB
  buffers          8.02 MB
  KV cache         23.65 MB
  TOTAL            25.01 GB
  available        28.63 GB

k3_trunk: trunk.bin absent - using per-layer slices (layer_%03d.bin)
trunk stream: 56.60 GB packed, 1/93 layers PINNED (3.00 GB), ring 2 x 1.30 GB
              reads use buffered I/O
              ring holds 2 slots: layers repeat over ~2 tokens, so recent ones are reused instead of re-read
trunk streaming enabled from /mnt/nvme/trunk_layers_out in 0.0 s
embedding, final norm and lm_head: 4.70 GB in 12.2 s

expert L1 eviction policy: heat
expert L2 cache enabled: 14589 slots x 17.55 MB = 256.00 GB on /mnt/nvme/experts.l2
expert L2 eviction policy: heat
peak RSS after loading weights: 4.79 GB  (the plan above is a forecast, this is measured)
expert cache: 778 slots x 17.56 MB = 13.66 GB (0.94% of the 1.45 TB expert pool)

recurrent state for 93 layers: 626.25 MB

incremental decode: KV cache 23.65 MB for 24 MLA layers at 10 positions

STEP   TOKEN      SECONDS      CACHE HIT  READ GB    TOK/S
--------------------------------------------------------------------
0      220        125.80       100.0      25.83      0.008
  L2   resident=6779/14589 slots hit=100.0% read=25.83GB write=0.00GB
DBG getmany L1 nw=16 wall=1.579s thr(out)1 thr(in)16 conc_peak=16 pread=23.279s
DBG getmany L2 nw=16 wall=0.207s thr(out)1 thr(in)16 conc_peak=16 pread=2.320s
DBG getmany L3 nw=16 wall=0.342s thr(out)1 thr(in)16 conc_peak=16 pread=4.654s
DBG getmany L4 nw=16 wall=0.185s thr(out)1 thr(in)16 conc_peak=16 pread=2.412s
DBG getmany L5 nw=16 wall=0.179s thr(out)1 thr(in)16 conc_peak=16 pread=2.213s
DBG getmany L6 nw=16 wall=0.145s thr(out)1 thr(in)16 conc_peak=16 pread=1.355s
DBG getmany L7 nw=16 wall=0.288s thr(out)1 thr(in)16 conc_peak=16 pread=3.722s
DBG getmany L8 nw=16 wall=0.186s thr(out)1 thr(in)16 conc_peak=16 pread=2.256s
DBG getmany L9 nw=16 wall=0.147s thr(out)1 thr(in)16 conc_peak=16 pread=1.358s
DBG getmany L10 nw=16 wall=0.158s thr(out)1 thr(in)16 conc_peak=16 pread=1.504s
DBG getmany L11 nw=16 wall=0.271s thr(out)1 thr(in)16 conc_peak=16 pread=3.728s
DBG getmany L12 nw=16 wall=0.240s thr(out)1 thr(in)16 conc_peak=16 pread=3.145s
DBG getmany L13 nw=16 wall=0.222s thr(out)1 thr(in)16 conc_peak=16 pread=2.691s
DBG getmany L14 nw=16 wall=0.168s thr(out)1 thr(in)16 conc_peak=16 pread=1.633s
DBG getmany L15 nw=16 wall=0.296s thr(out)1 thr(in)16 conc_peak=16 pread=3.548s
DBG getmany L16 nw=16 wall=0.248s thr(out)1 thr(in)16 conc_peak=16 pread=3.478s
DBG getmany L17 nw=16 wall=0.162s thr(out)1 thr(in)16 conc_peak=16 pread=1.593s
DBG getmany L18 nw=16 wall=0.175s thr(out)1 thr(in)16 conc_peak=16 pread=1.510s
DBG getmany L19 nw=16 wall=0.316s thr(out)1 thr(in)16 conc_peak=16 pread=4.359s
DBG getmany L20 nw=16 wall=0.158s thr(out)1 thr(in)16 conc_peak=16 pread=1.498s
DBG getmany L21 nw=16 wall=0.245s thr(out)1 thr(in)16 conc_peak=16 pread=3.136s
DBG getmany L22 nw=16 wall=0.162s thr(out)1 thr(in)16 conc_peak=16 pread=1.547s
DBG getmany L23 nw=16 wall=0.341s thr(out)1 thr(in)16 conc_peak=16 pread=4.654s
DBG getmany L24 nw=16 wall=0.267s thr(out)1 thr(in)16 conc_peak=16 pread=3.409s
DBG getmany L25 nw=16 wall=0.298s thr(out)1 thr(in)16 conc_peak=16 pread=3.945s
DBG getmany L26 nw=16 wall=0.159s thr(out)1 thr(in)16 conc_peak=16 pread=1.523s
DBG getmany L27 nw=16 wall=0.339s thr(out)1 thr(in)16 conc_peak=16 pread=4.579s
DBG getmany L28 nw=16 wall=11.184s thr(out)1 thr(in)16 conc_peak=16 pread=178.307s
DBG getmany L29 nw=16 wall=0.221s thr(out)1 thr(in)16 conc_peak=16 pread=2.627s
DBG getmany L30 nw=16 wall=0.177s thr(out)1 thr(in)16 conc_peak=16 pread=1.734s
DBG getmany L31 nw=16 wall=0.316s thr(out)1 thr(in)16 conc_peak=16 pread=3.975s
DBG getmany L32 nw=16 wall=0.300s thr(out)1 thr(in)16 conc_peak=16 pread=3.485s
DBG getmany L33 nw=16 wall=0.362s thr(out)1 thr(in)16 conc_peak=16 pread=4.877s
DBG getmany L34 nw=16 wall=0.164s thr(out)1 thr(in)16 conc_peak=16 pread=1.549s
DBG getmany L35 nw=16 wall=0.470s thr(out)1 thr(in)16 conc_peak=16 pread=7.006s
DBG getmany L36 nw=16 wall=0.356s thr(out)1 thr(in)16 conc_peak=16 pread=4.642s
DBG getmany L37 nw=16 wall=0.324s thr(out)1 thr(in)16 conc_peak=16 pread=4.502s
DBG getmany L38 nw=16 wall=0.192s thr(out)1 thr(in)16 conc_peak=16 pread=2.116s
DBG getmany L39 nw=16 wall=0.433s thr(out)1 thr(in)16 conc_peak=16 pread=4.669s
DBG getmany L40 nw=16 wall=0.313s thr(out)1 thr(in)16 conc_peak=16 pread=3.921s
DBG getmany L41 nw=16 wall=0.345s thr(out)1 thr(in)16 conc_peak=16 pread=4.828s
DBG getmany L42 nw=16 wall=0.182s thr(out)1 thr(in)16 conc_peak=16 pread=1.812s
DBG getmany L43 nw=16 wall=0.453s thr(out)1 thr(in)16 conc_peak=16 pread=5.318s
DBG getmany L44 nw=16 wall=0.294s thr(out)1 thr(in)16 conc_peak=16 pread=3.532s
DBG getmany L45 nw=16 wall=0.310s thr(out)1 thr(in)16 conc_peak=16 pread=3.518s
DBG getmany L46 nw=16 wall=0.185s thr(out)1 thr(in)16 conc_peak=16 pread=1.699s
DBG getmany L47 nw=16 wall=0.488s thr(out)1 thr(in)16 conc_peak=16 pread=6.709s
DBG getmany L48 nw=16 wall=11.753s thr(out)1 thr(in)16 conc_peak=16 pread=181.456s
DBG getmany L49 nw=16 wall=0.396s thr(out)1 thr(in)16 conc_peak=16 pread=5.659s
DBG getmany L50 nw=16 wall=0.264s thr(out)1 thr(in)16 conc_peak=16 pread=3.334s
DBG getmany L51 nw=16 wall=0.461s thr(out)1 thr(in)16 conc_peak=16 pread=5.040s
DBG getmany L52 nw=16 wall=0.315s thr(out)1 thr(in)16 conc_peak=16 pread=4.497s
DBG getmany L53 nw=16 wall=0.294s thr(out)1 thr(in)16 conc_peak=16 pread=3.753s
DBG getmany L54 nw=16 wall=0.192s thr(out)1 thr(in)16 conc_peak=16 pread=1.993s
DBG getmany L55 nw=16 wall=0.367s thr(out)1 thr(in)16 conc_peak=16 pread=4.664s
DBG getmany L56 nw=16 wall=0.181s thr(out)1 thr(in)16 conc_peak=16 pread=1.888s
DBG getmany L57 nw=16 wall=0.292s thr(out)1 thr(in)16 conc_peak=16 pread=3.949s
DBG getmany L58 nw=16 wall=0.166s thr(out)1 thr(in)16 conc_peak=16 pread=1.519s
DBG getmany L59 nw=16 wall=0.383s thr(out)1 thr(in)16 conc_peak=16 pread=4.848s
DBG getmany L60 nw=16 wall=0.220s thr(out)1 thr(in)16 conc_peak=16 pread=2.532s
DBG getmany L61 nw=16 wall=0.338s thr(out)1 thr(in)16 conc_peak=16 pread=4.457s
DBG getmany L62 nw=16 wall=0.170s thr(out)1 thr(in)16 conc_peak=16 pread=1.554s
DBG getmany L63 nw=16 wall=0.329s thr(out)1 thr(in)16 conc_peak=16 pread=3.968s
DBG getmany L64 nw=16 wall=0.403s thr(out)1 thr(in)16 conc_peak=16 pread=5.280s
DBG getmany L65 nw=16 wall=0.355s thr(out)1 thr(in)16 conc_peak=16 pread=4.448s
DBG getmany L66 nw=16 wall=0.179s thr(out)1 thr(in)16 conc_peak=16 pread=1.556s
DBG getmany L67 nw=16 wall=0.507s thr(out)1 thr(in)16 conc_peak=16 pread=6.921s
DBG getmany L68 nw=16 wall=0.306s thr(out)1 thr(in)16 conc_peak=16 pread=3.764s
DBG getmany L69 nw=16 wall=0.366s thr(out)1 thr(in)16 conc_peak=16 pread=5.284s
DBG getmany L70 nw=16 wall=0.337s thr(out)1 thr(in)16 conc_peak=16 pread=4.337s
DBG getmany L71 nw=16 wall=0.351s thr(out)1 thr(in)16 conc_peak=16 pread=4.555s
DBG getmany L72 nw=16 wall=0.445s thr(out)1 thr(in)16 conc_peak=16 pread=3.811s
DBG getmany L73 nw=16 wall=0.351s thr(out)1 thr(in)16 conc_peak=16 pread=4.564s
DBG getmany L74 nw=16 wall=0.219s thr(out)1 thr(in)16 conc_peak=16 pread=2.514s
DBG getmany L75 nw=16 wall=0.510s thr(out)1 thr(in)16 conc_peak=16 pread=7.036s
DBG getmany L76 nw=16 wall=0.399s thr(out)1 thr(in)16 conc_peak=16 pread=4.846s
DBG getmany L77 nw=16 wall=0.390s thr(out)1 thr(in)16 conc_peak=16 pread=5.120s
DBG getmany L78 nw=16 wall=0.230s thr(out)1 thr(in)16 conc_peak=16 pread=2.673s
DBG getmany L79 nw=16 wall=0.372s thr(out)1 thr(in)16 conc_peak=16 pread=5.285s
DBG getmany L80 nw=16 wall=0.319s thr(out)1 thr(in)16 conc_peak=16 pread=4.148s
DBG getmany L81 nw=16 wall=0.372s thr(out)1 thr(in)16 conc_peak=16 pread=4.303s
DBG getmany L82 nw=16 wall=0.163s thr(out)1 thr(in)16 conc_peak=16 pread=1.528s
DBG getmany L83 nw=16 wall=0.492s thr(out)1 thr(in)16 conc_peak=16 pread=5.999s
DBG getmany L84 nw=16 wall=0.275s thr(out)1 thr(in)16 conc_peak=16 pread=3.660s
DBG getmany L85 nw=16 wall=0.303s thr(out)1 thr(in)16 conc_peak=16 pread=4.007s
DBG getmany L86 nw=16 wall=0.197s thr(out)1 thr(in)16 conc_peak=16 pread=2.099s
DBG getmany L87 nw=16 wall=0.396s thr(out)1 thr(in)16 conc_peak=16 pread=4.881s
DBG getmany L88 nw=16 wall=0.328s thr(out)1 thr(in)16 conc_peak=16 pread=4.732s
DBG getmany L89 nw=16 wall=0.314s thr(out)1 thr(in)16 conc_peak=16 pread=4.367s
DBG getmany L90 nw=16 wall=0.162s thr(out)1 thr(in)16 conc_peak=16 pread=1.574s
DBG getmany L91 nw=16 wall=0.302s thr(out)1 thr(in)16 conc_peak=16 pread=3.952s
DBG getmany L92 nw=16 wall=0.160s thr(out)1 thr(in)16 conc_peak=16 pread=1.467s
1      802        142.88       100.0      25.83      0.007
  L2   resident=6779/14589 slots hit=100.0% read=51.66GB write=0.00GB
DBG getmany L1 nw=16 wall=0.261s thr(out)1 thr(in)16 conc_peak=16 pread=3.493s
DBG getmany L2 nw=15 wall=0.161s thr(out)1 thr(in)16 conc_peak=15 pread=1.361s
DBG getmany L3 nw=13 wall=0.349s thr(out)1 thr(in)16 conc_peak=13 pread=3.995s
DBG getmany L4 nw=15 wall=0.225s thr(out)1 thr(in)16 conc_peak=15 pread=2.632s
DBG getmany L5 nw=16 wall=0.287s thr(out)1 thr(in)16 conc_peak=16 pread=3.479s
DBG getmany L6 nw=15 wall=0.142s thr(out)1 thr(in)16 conc_peak=15 pread=1.397s
DBG getmany L7 nw=15 wall=0.405s thr(out)1 thr(in)16 conc_peak=15 pread=4.908s
DBG getmany L8 nw=16 wall=0.287s thr(out)1 thr(in)16 conc_peak=16 pread=3.173s
DBG getmany L9 nw=15 wall=0.269s thr(out)1 thr(in)16 conc_peak=15 pread=3.399s
DBG getmany L10 nw=15 wall=0.172s thr(out)1 thr(in)16 conc_peak=15 pread=1.517s
DBG getmany L11 nw=15 wall=0.395s thr(out)1 thr(in)16 conc_peak=15 pread=5.465s
DBG getmany L12 nw=15 wall=0.283s thr(out)1 thr(in)16 conc_peak=15 pread=3.178s
DBG getmany L13 nw=16 wall=0.304s thr(out)1 thr(in)16 conc_peak=16 pread=4.258s
DBG getmany L14 nw=15 wall=0.187s thr(out)1 thr(in)16 conc_peak=15 pread=1.971s
DBG getmany L15 nw=16 wall=0.407s thr(out)1 thr(in)16 conc_peak=16 pread=5.249s
DBG getmany L16 nw=15 wall=0.195s thr(out)1 thr(in)16 conc_peak=15 pread=2.224s
DBG getmany L17 nw=16 wall=0.324s thr(out)1 thr(in)16 conc_peak=16 pread=3.960s
DBG getmany L18 nw=16 wall=0.163s thr(out)1 thr(in)16 conc_peak=16 pread=1.521s
DBG getmany L19 nw=16 wall=0.344s thr(out)1 thr(in)16 conc_peak=16 pread=4.373s
DBG getmany L20 nw=16 wall=0.279s thr(out)1 thr(in)16 conc_peak=16 pread=4.038s
DBG getmany L21 nw=16 wall=0.302s thr(out)1 thr(in)16 conc_peak=16 pread=4.074s
DBG getmany L22 nw=16 wall=0.187s thr(out)1 thr(in)16 conc_peak=16 pread=1.923s
DBG getmany L23 nw=15 wall=0.356s thr(out)1 thr(in)16 conc_peak=15 pread=4.920s
DBG getmany L24 nw=13 wall=0.248s thr(out)1 thr(in)16 conc_peak=13 pread=2.509s
DBG getmany L25 nw=15 wall=0.338s thr(out)1 thr(in)16 conc_peak=15 pread=4.046s
DBG getmany L26 nw=15 wall=0.165s thr(out)1 thr(in)16 conc_peak=15 pread=1.439s
DBG getmany L27 nw=16 wall=0.370s thr(out)1 thr(in)16 conc_peak=16 pread=4.946s
DBG getmany L28 nw=15 wall=0.253s thr(out)1 thr(in)16 conc_peak=15 pread=3.048s
DBG getmany L29 nw=16 wall=0.317s thr(out)1 thr(in)16 conc_peak=16 pread=4.037s
DBG getmany L30 nw=16 wall=0.214s thr(out)1 thr(in)16 conc_peak=16 pread=2.527s
DBG getmany L31 nw=16 wall=0.408s thr(out)1 thr(in)16 conc_peak=16 pread=5.036s
DBG getmany L32 nw=14 wall=0.331s thr(out)1 thr(in)16 conc_peak=14 pread=4.371s
DBG getmany L33 nw=15 wall=0.374s thr(out)1 thr(in)16 conc_peak=15 pread=4.457s
DBG getmany L34 nw=16 wall=0.203s thr(out)1 thr(in)16 conc_peak=16 pread=2.197s
DBG getmany L35 nw=16 wall=0.462s thr(out)1 thr(in)16 conc_peak=16 pread=5.184s
DBG getmany L36 nw=14 wall=0.380s thr(out)1 thr(in)16 conc_peak=14 pread=4.494s
DBG getmany L37 nw=16 wall=0.379s thr(out)1 thr(in)16 conc_peak=16 pread=5.269s
DBG getmany L38 nw=16 wall=0.203s thr(out)1 thr(in)16 conc_peak=16 pread=2.452s
DBG getmany L39 nw=16 wall=0.421s thr(out)1 thr(in)16 conc_peak=16 pread=4.893s
DBG getmany L40 nw=16 wall=0.331s thr(out)1 thr(in)16 conc_peak=16 pread=4.604s
DBG getmany L41 nw=16 wall=0.308s thr(out)1 thr(in)16 conc_peak=16 pread=4.444s
DBG getmany L42 nw=16 wall=0.178s thr(out)1 thr(in)16 conc_peak=16 pread=1.863s
DBG getmany L43 nw=16 wall=0.426s thr(out)1 thr(in)16 conc_peak=16 pread=5.325s
DBG getmany L44 nw=16 wall=0.285s thr(out)1 thr(in)16 conc_peak=16 pread=3.493s
DBG getmany L45 nw=16 wall=0.368s thr(out)1 thr(in)16 conc_peak=16 pread=4.729s
DBG getmany L46 nw=15 wall=0.333s thr(out)1 thr(in)16 conc_peak=15 pread=4.577s
DBG getmany L47 nw=15 wall=0.398s thr(out)1 thr(in)16 conc_peak=15 pread=5.287s
DBG getmany L48 nw=15 wall=0.278s thr(out)1 thr(in)16 conc_peak=15 pread=3.716s
DBG getmany L49 nw=15 wall=0.269s thr(out)1 thr(in)16 conc_peak=15 pread=3.487s
DBG getmany L50 nw=16 wall=0.173s thr(out)1 thr(in)16 conc_peak=16 pread=1.577s
DBG getmany L51 nw=16 wall=0.356s thr(out)1 thr(in)16 conc_peak=16 pread=5.020s
DBG getmany L52 nw=16 wall=0.237s thr(out)1 thr(in)16 conc_peak=16 pread=3.035s
DBG getmany L53 nw=15 wall=0.296s thr(out)1 thr(in)16 conc_peak=15 pread=3.810s
DBG getmany L54 nw=16 wall=0.166s thr(out)1 thr(in)16 conc_peak=16 pread=1.484s
DBG getmany L55 nw=16 wall=0.441s thr(out)1 thr(in)16 conc_peak=16 pread=6.405s
DBG getmany L56 nw=16 wall=0.313s thr(out)1 thr(in)16 conc_peak=16 pread=4.298s
DBG getmany L57 nw=16 wall=0.253s thr(out)1 thr(in)16 conc_peak=16 pread=3.100s
DBG getmany L58 nw=16 wall=0.158s thr(out)1 thr(in)16 conc_peak=16 pread=1.523s
DBG getmany L59 nw=16 wall=0.314s thr(out)1 thr(in)16 conc_peak=16 pread=4.095s
DBG getmany L60 nw=16 wall=0.265s thr(out)1 thr(in)16 conc_peak=16 pread=3.713s
DBG getmany L61 nw=16 wall=0.283s thr(out)1 thr(in)16 conc_peak=16 pread=3.633s
DBG getmany L62 nw=16 wall=0.227s thr(out)1 thr(in)16 conc_peak=16 pread=2.728s
DBG getmany L63 nw=16 wall=0.455s thr(out)1 thr(in)16 conc_peak=16 pread=6.356s
DBG getmany L64 nw=16 wall=0.352s thr(out)1 thr(in)16 conc_peak=16 pread=5.112s
DBG getmany L65 nw=16 wall=0.468s thr(out)1 thr(in)16 conc_peak=16 pread=5.768s
DBG getmany L66 nw=16 wall=0.248s thr(out)1 thr(in)16 conc_peak=16 pread=3.180s
DBG getmany L67 nw=16 wall=0.305s thr(out)1 thr(in)16 conc_peak=16 pread=4.165s
DBG getmany L68 nw=16 wall=0.344s thr(out)1 thr(in)16 conc_peak=16 pread=4.545s
DBG getmany L69 nw=16 wall=0.323s thr(out)1 thr(in)16 conc_peak=16 pread=3.909s
DBG getmany L70 nw=16 wall=0.161s thr(out)1 thr(in)16 conc_peak=16 pread=1.527s
DBG getmany L71 nw=16 wall=0.386s thr(out)1 thr(in)16 conc_peak=16 pread=4.826s
DBG getmany L72 nw=16 wall=0.313s thr(out)1 thr(in)16 conc_peak=16 pread=3.929s
DBG getmany L73 nw=16 wall=0.382s thr(out)1 thr(in)16 conc_peak=16 pread=4.878s
DBG getmany L74 nw=16 wall=0.194s thr(out)1 thr(in)16 conc_peak=16 pread=2.136s
DBG getmany L75 nw=16 wall=0.436s thr(out)1 thr(in)16 conc_peak=16 pread=5.783s
DBG getmany L76 nw=16 wall=0.341s thr(out)1 thr(in)16 conc_peak=16 pread=4.375s
DBG getmany L77 nw=16 wall=0.396s thr(out)1 thr(in)16 conc_peak=16 pread=5.033s
DBG getmany L78 nw=16 wall=0.215s thr(out)1 thr(in)16 conc_peak=16 pread=2.513s
DBG getmany L79 nw=16 wall=0.458s thr(out)1 thr(in)16 conc_peak=16 pread=5.802s
DBG getmany L80 nw=16 wall=0.347s thr(out)1 thr(in)16 conc_peak=16 pread=4.463s
DBG getmany L81 nw=15 wall=0.319s thr(out)1 thr(in)16 conc_peak=15 pread=4.070s
DBG getmany L82 nw=16 wall=0.210s thr(out)1 thr(in)16 conc_peak=16 pread=2.414s
DBG getmany L83 nw=13 wall=0.365s thr(out)1 thr(in)16 conc_peak=13 pread=4.344s
DBG getmany L84 nw=13 wall=0.320s thr(out)1 thr(in)16 conc_peak=13 pread=3.721s
DBG getmany L85 nw=14 wall=0.300s thr(out)1 thr(in)16 conc_peak=14 pread=3.351s
DBG getmany L86 nw=16 wall=0.212s thr(out)1 thr(in)16 conc_peak=16 pread=2.632s
DBG getmany L87 nw=13 wall=0.378s thr(out)1 thr(in)16 conc_peak=13 pread=4.531s
DBG getmany L88 nw=15 wall=0.331s thr(out)1 thr(in)16 conc_peak=15 pread=3.970s
DBG getmany L89 nw=13 wall=0.332s thr(out)1 thr(in)16 conc_peak=13 pread=3.708s
DBG getmany L90 nw=12 wall=0.165s thr(out)1 thr(in)16 conc_peak=12 pread=1.444s
DBG getmany L91 nw=13 wall=0.259s thr(out)1 thr(in)16 conc_peak=13 pread=2.978s
DBG getmany L92 nw=13 wall=0.130s thr(out)1 thr(in)16 conc_peak=13 pread=1.079s
2      24         102.27       100.0      24.85      0.010
  L2   resident=6779/14589 slots hit=100.0% read=76.49GB write=0.00GB
DBG getmany L1 nw=15 wall=0.252s thr(out)1 thr(in)16 conc_peak=15 pread=2.989s
DBG getmany L2 nw=14 wall=0.136s thr(out)1 thr(in)16 conc_peak=14 pread=1.141s
DBG getmany L3 nw=12 wall=0.303s thr(out)1 thr(in)16 conc_peak=12 pread=3.069s
DBG getmany L4 nw=13 wall=0.230s thr(out)1 thr(in)16 conc_peak=12 pread=2.568s
DBG getmany L5 nw=15 wall=0.266s thr(out)1 thr(in)16 conc_peak=15 pread=3.284s
DBG getmany L6 nw=16 wall=0.160s thr(out)1 thr(in)16 conc_peak=16 pread=1.570s
DBG getmany L7 nw=15 wall=0.436s thr(out)1 thr(in)16 conc_peak=15 pread=3.720s
DBG getmany L8 nw=16 wall=0.270s thr(out)1 thr(in)16 conc_peak=16 pread=3.400s
DBG getmany L9 nw=12 wall=0.259s thr(out)1 thr(in)16 conc_peak=12 pread=2.653s
DBG getmany L10 nw=10 wall=0.119s thr(out)1 thr(in)16 conc_peak=10 pread=0.773s
DBG getmany L11 nw=13 wall=0.259s thr(out)1 thr(in)16 conc_peak=13 pread=2.764s
DBG getmany L12 nw=14 wall=0.224s thr(out)1 thr(in)16 conc_peak=14 pread=2.695s
DBG getmany L13 nw=13 wall=0.210s thr(out)1 thr(in)16 conc_peak=13 pread=2.445s
DBG getmany L14 nw=13 wall=0.135s thr(out)1 thr(in)16 conc_peak=13 pread=0.977s
DBG getmany L15 nw=14 wall=0.284s thr(out)1 thr(in)16 conc_peak=14 pread=2.733s
DBG getmany L16 nw=12 wall=0.202s thr(out)1 thr(in)16 conc_peak=12 pread=1.910s
DBG getmany L17 nw=14 wall=0.289s thr(out)1 thr(in)16 conc_peak=14 pread=3.033s
DBG getmany L18 nw=13 wall=0.365s thr(out)1 thr(in)16 conc_peak=13 pread=4.239s
DBG getmany L19 nw=13 wall=0.513s thr(out)1 thr(in)16 conc_peak=13 pread=6.208s
DBG getmany L20 nw=12 wall=0.452s thr(out)1 thr(in)16 conc_peak=12 pread=4.896s
DBG getmany L21 nw=15 wall=0.516s thr(out)1 thr(in)16 conc_peak=15 pread=5.898s
DBG getmany L22 nw=15 wall=0.317s thr(out)1 thr(in)16 conc_peak=15 pread=4.095s
DBG getmany L23 nw=12 wall=0.512s thr(out)1 thr(in)16 conc_peak=12 pread=4.952s
DBG getmany L24 nw=13 wall=0.448s thr(out)1 thr(in)16 conc_peak=13 pread=4.148s
DBG getmany L25 nw=16 wall=0.560s thr(out)1 thr(in)16 conc_peak=16 pread=7.633s
DBG getmany L26 nw=14 wall=0.351s thr(out)1 thr(in)16 conc_peak=14 pread=3.886s
DBG getmany L27 nw=16 wall=0.448s thr(out)1 thr(in)16 conc_peak=16 pread=5.699s
DBG getmany L28 nw=15 wall=0.453s thr(out)1 thr(in)16 conc_peak=15 pread=5.581s
DBG getmany L29 nw=14 wall=0.560s thr(out)1 thr(in)16 conc_peak=14 pread=6.923s
DBG getmany L30 nw=15 wall=0.353s thr(out)1 thr(in)16 conc_peak=15 pread=4.456s
DBG getmany L31 nw=15 wall=0.556s thr(out)1 thr(in)16 conc_peak=15 pread=6.022s
DBG getmany L32 nw=12 wall=0.481s thr(out)1 thr(in)16 conc_peak=12 pread=4.223s
DBG getmany L33 nw=13 wall=0.514s thr(out)1 thr(in)16 conc_peak=13 pread=4.810s
DBG getmany L34 nw=15 wall=0.357s thr(out)1 thr(in)16 conc_peak=15 pread=4.300s
DBG getmany L35 nw=14 wall=0.618s thr(out)1 thr(in)16 conc_peak=13 pread=8.037s
DBG getmany L36 nw=14 wall=0.556s thr(out)1 thr(in)16 conc_peak=14 pread=6.023s
DBG getmany L37 nw=15 wall=0.534s thr(out)1 thr(in)16 conc_peak=15 pread=5.989s
DBG getmany L38 nw=14 wall=0.321s thr(out)1 thr(in)16 conc_peak=14 pread=3.699s
DBG getmany L39 nw=14 wall=0.594s thr(out)1 thr(in)16 conc_peak=14 pread=7.053s
DBG getmany L40 nw=15 wall=0.588s thr(out)1 thr(in)16 conc_peak=15 pread=6.982s
DBG getmany L41 nw=14 wall=0.486s thr(out)1 thr(in)16 conc_peak=14 pread=5.930s
DBG getmany L42 nw=14 wall=0.367s thr(out)1 thr(in)16 conc_peak=14 pread=4.336s
DBG getmany L43 nw=16 wall=0.599s thr(out)1 thr(in)16 conc_peak=16 pread=7.472s
DBG getmany L44 nw=16 wall=0.498s thr(out)1 thr(in)16 conc_peak=16 pread=6.738s
DBG getmany L45 nw=15 wall=0.541s thr(out)1 thr(in)16 conc_peak=15 pread=7.218s
DBG getmany L46 nw=14 wall=0.516s thr(out)1 thr(in)16 conc_peak=14 pread=6.024s
DBG getmany L47 nw=14 wall=0.618s thr(out)1 thr(in)16 conc_peak=14 pread=8.135s
DBG getmany L48 nw=15 wall=0.532s thr(out)1 thr(in)16 conc_peak=15 pread=7.471s
DBG getmany L49 nw=15 wall=0.553s thr(out)1 thr(in)16 conc_peak=15 pread=6.106s
DBG getmany L50 nw=15 wall=0.328s thr(out)1 thr(in)16 conc_peak=15 pread=4.382s
DBG getmany L51 nw=14 wall=0.602s thr(out)1 thr(in)16 conc_peak=14 pread=7.250s
DBG getmany L52 nw=13 wall=0.493s thr(out)1 thr(in)16 conc_peak=13 pread=5.489s
DBG getmany L53 nw=14 wall=0.487s thr(out)1 thr(in)16 conc_peak=14 pread=5.290s
DBG getmany L54 nw=15 wall=0.351s thr(out)1 thr(in)16 conc_peak=15 pread=4.509s
DBG getmany L55 nw=13 wall=0.611s thr(out)1 thr(in)16 conc_peak=13 pread=7.053s
DBG getmany L56 nw=15 wall=0.549s thr(out)1 thr(in)16 conc_peak=15 pread=6.600s
DBG getmany L57 nw=16 wall=0.572s thr(out)1 thr(in)16 conc_peak=16 pread=6.632s
DBG getmany L58 nw=13 wall=0.271s thr(out)1 thr(in)16 conc_peak=13 pread=2.779s
DBG getmany L59 nw=13 wall=0.561s thr(out)1 thr(in)16 conc_peak=13 pread=5.852s
DBG getmany L60 nw=15 wall=0.478s thr(out)1 thr(in)16 conc_peak=15 pread=5.314s
DBG getmany L61 nw=15 wall=0.540s thr(out)1 thr(in)16 conc_peak=15 pread=6.883s
DBG getmany L62 nw=12 wall=0.292s thr(out)1 thr(in)16 conc_peak=12 pread=2.869s
DBG getmany L63 nw=13 wall=0.419s thr(out)1 thr(in)16 conc_peak=13 pread=4.409s
DBG getmany L64 nw=14 wall=0.535s thr(out)1 thr(in)16 conc_peak=14 pread=7.076s
DBG getmany L65 nw=12 wall=0.464s thr(out)1 thr(in)16 conc_peak=12 pread=4.589s
DBG getmany L66 nw=14 wall=0.306s thr(out)1 thr(in)16 conc_peak=14 pread=3.619s
DBG getmany L67 nw=14 wall=0.589s thr(out)1 thr(in)16 conc_peak=14 pread=6.368s
DBG getmany L68 nw=13 wall=0.462s thr(out)1 thr(in)16 conc_peak=13 pread=4.559s
DBG getmany L69 nw=13 wall=0.547s thr(out)1 thr(in)16 conc_peak=13 pread=6.183s
DBG getmany L70 nw=12 wall=0.304s thr(out)1 thr(in)16 conc_peak=12 pread=3.135s
DBG getmany L71 nw=14 wall=0.674s thr(out)1 thr(in)16 conc_peak=14 pread=8.723s
DBG getmany L72 nw=15 wall=0.551s thr(out)1 thr(in)16 conc_peak=15 pread=7.621s
DBG getmany L73 nw=16 wall=0.570s thr(out)1 thr(in)16 conc_peak=16 pread=8.083s
DBG getmany L74 nw=16 wall=0.385s thr(out)1 thr(in)16 conc_peak=16 pread=5.465s
DBG getmany L75 nw=16 wall=0.700s thr(out)1 thr(in)16 conc_peak=16 pread=9.123s
DBG getmany L76 nw=16 wall=0.443s thr(out)1 thr(in)16 conc_peak=16 pread=5.820s
DBG getmany L77 nw=13 wall=0.480s thr(out)1 thr(in)16 conc_peak=13 pread=5.258s
DBG getmany L78 nw=14 wall=0.374s thr(out)1 thr(in)16 conc_peak=14 pread=4.189s
DBG getmany L79 nw=14 wall=0.665s thr(out)1 thr(in)16 conc_peak=14 pread=8.862s
DBG getmany L80 nw=16 wall=0.494s thr(out)1 thr(in)16 conc_peak=16 pread=6.460s
DBG getmany L81 nw=14 wall=0.533s thr(out)1 thr(in)16 conc_peak=14 pread=6.614s
DBG getmany L82 nw=15 wall=0.372s thr(out)1 thr(in)16 conc_peak=15 pread=4.368s
DBG getmany L83 nw=13 wall=0.608s thr(out)1 thr(in)16 conc_peak=13 pread=6.298s
DBG getmany L84 nw=10 wall=0.490s thr(out)1 thr(in)16 conc_peak=10 pread=4.363s
DBG getmany L85 nw=13 wall=0.453s thr(out)1 thr(in)16 conc_peak=13 pread=4.851s
DBG getmany L86 nw=14 wall=0.342s thr(out)1 thr(in)16 conc_peak=14 pread=4.255s
DBG getmany L87 nw=13 wall=0.599s thr(out)1 thr(in)16 conc_peak=13 pread=5.901s
DBG getmany L88 nw=12 wall=0.487s thr(out)1 thr(in)16 conc_peak=12 pread=4.864s
DBG getmany L89 nw=14 wall=0.593s thr(out)1 thr(in)16 conc_peak=14 pread=6.859s
DBG getmany L90 nw=13 wall=0.344s thr(out)1 thr(in)16 conc_peak=13 pread=3.860s
DBG getmany L91 nw=12 wall=0.423s thr(out)1 thr(in)16 conc_peak=12 pread=3.840s
DBG getmany L92 nw=13 wall=0.183s thr(out)1 thr(in)16 conc_peak=13 pread=1.370s
3      12         114.58       99.9       22.51      0.009
  L2   resident=6779/14589 slots hit=100.0% read=98.98GB write=0.00GB
DBG getmany L1 nw=15 wall=0.490s thr(out)1 thr(in)16 conc_peak=15 pread=6.621s
DBG getmany L2 nw=14 wall=0.333s thr(out)1 thr(in)16 conc_peak=14 pread=3.873s
DBG getmany L3 nw=13 wall=0.566s thr(out)1 thr(in)16 conc_peak=13 pread=6.690s
DBG getmany L4 nw=13 wall=0.377s thr(out)1 thr(in)16 conc_peak=13 pread=4.087s
DBG getmany L5 nw=16 wall=0.436s thr(out)1 thr(in)16 conc_peak=16 pread=5.062s
DBG getmany L6 nw=16 wall=0.300s thr(out)1 thr(in)16 conc_peak=16 pread=3.361s
DBG getmany L7 nw=15 wall=0.582s thr(out)1 thr(in)16 conc_peak=15 pread=6.955s
DBG getmany L8 nw=16 wall=0.564s thr(out)1 thr(in)16 conc_peak=16 pread=6.933s
DBG getmany L9 nw=14 wall=0.524s thr(out)1 thr(in)16 conc_peak=14 pread=5.126s
DBG getmany L10 nw=14 wall=0.322s thr(out)1 thr(in)16 conc_peak=14 pread=3.540s
DBG getmany L11 nw=13 wall=0.514s thr(out)1 thr(in)16 conc_peak=13 pread=5.257s
DBG getmany L12 nw=15 wall=0.473s thr(out)1 thr(in)16 conc_peak=15 pread=6.165s
DBG getmany L13 nw=15 wall=0.434s thr(out)1 thr(in)16 conc_peak=15 pread=5.813s
DBG getmany L14 nw=15 wall=0.351s thr(out)1 thr(in)16 conc_peak=15 pread=4.404s
DBG getmany L15 nw=14 wall=0.589s thr(out)1 thr(in)16 conc_peak=14 pread=6.776s
DBG getmany L16 nw=14 wall=0.393s thr(out)1 thr(in)16 conc_peak=14 pread=4.566s
DBG getmany L17 nw=15 wall=0.425s thr(out)1 thr(in)16 conc_peak=15 pread=4.858s
DBG getmany L18 nw=15 wall=0.308s thr(out)1 thr(in)16 conc_peak=15 pread=3.642s
DBG getmany L19 nw=14 wall=0.564s thr(out)1 thr(in)16 conc_peak=14 pread=6.827s
DBG getmany L20 nw=14 wall=0.439s thr(out)1 thr(in)16 conc_peak=14 pread=5.156s
DBG getmany L21 nw=15 wall=0.542s thr(out)1 thr(in)16 conc_peak=15 pread=6.988s
DBG getmany L22 nw=15 wall=0.348s thr(out)1 thr(in)16 conc_peak=15 pread=4.479s
DBG getmany L23 nw=12 wall=0.508s thr(out)1 thr(in)16 conc_peak=12 pread=4.044s
DBG getmany L24 nw=13 wall=0.533s thr(out)1 thr(in)16 conc_peak=13 pread=4.542s
DBG getmany L25 nw=16 wall=0.552s thr(out)1 thr(in)16 conc_peak=16 pread=7.904s
DBG getmany L26 nw=15 wall=0.322s thr(out)1 thr(in)16 conc_peak=15 pread=3.681s
DBG getmany L27 nw=16 wall=0.620s thr(out)1 thr(in)16 conc_peak=16 pread=8.328s
DBG getmany L28 nw=15 wall=0.454s thr(out)1 thr(in)16 conc_peak=15 pread=5.421s
DBG getmany L29 nw=15 wall=0.565s thr(out)1 thr(in)16 conc_peak=15 pread=7.339s
DBG getmany L30 nw=16 wall=0.370s thr(out)1 thr(in)16 conc_peak=16 pread=4.645s
DBG getmany L31 nw=15 wall=0.656s thr(out)1 thr(in)16 conc_peak=15 pread=6.766s
DBG getmany L32 nw=14 wall=0.528s thr(out)1 thr(in)16 conc_peak=14 pread=5.560s
DBG getmany L33 nw=15 wall=0.591s thr(out)1 thr(in)16 conc_peak=15 pread=8.192s
DBG getmany L34 nw=15 wall=0.350s thr(out)1 thr(in)16 conc_peak=15 pread=4.300s
DBG getmany L35 nw=15 wall=0.659s thr(out)1 thr(in)16 conc_peak=15 pread=8.720s
DBG getmany L36 nw=15 wall=0.577s thr(out)1 thr(in)16 conc_peak=15 pread=6.302s
DBG getmany L37 nw=15 wall=0.558s thr(out)1 thr(in)16 conc_peak=15 pread=6.017s
DBG getmany L38 nw=14 wall=0.236s thr(out)1 thr(in)16 conc_peak=14 pread=2.071s
DBG getmany L39 nw=14 wall=0.540s thr(out)1 thr(in)16 conc_peak=14 pread=5.637s
DBG getmany L40 nw=15 wall=0.526s thr(out)1 thr(in)16 conc_peak=15 pread=7.417s
DBG getmany L41 nw=15 wall=0.517s thr(out)1 thr(in)16 conc_peak=15 pread=6.812s
DBG getmany L42 nw=15 wall=0.590s thr(out)1 thr(in)16 conc_peak=15 pread=5.019s
DBG getmany L43 nw=16 wall=0.659s thr(out)1 thr(in)16 conc_peak=16 pread=9.614s
DBG getmany L44 nw=16 wall=0.535s thr(out)1 thr(in)16 conc_peak=16 pread=7.419s
DBG getmany L45 nw=16 wall=0.549s thr(out)1 thr(in)16 conc_peak=16 pread=5.237s
DBG getmany L46 nw=15 wall=0.588s thr(out)1 thr(in)16 conc_peak=15 pread=7.972s
DBG getmany L47 nw=14 wall=0.620s thr(out)1 thr(in)16 conc_peak=14 pread=7.436s
DBG getmany L48 nw=15 wall=0.477s thr(out)1 thr(in)16 conc_peak=15 pread=5.816s
DBG getmany L49 nw=16 wall=0.573s thr(out)1 thr(in)16 conc_peak=16 pread=7.710s
DBG getmany L50 nw=15 wall=0.418s thr(out)1 thr(in)16 conc_peak=15 pread=5.591s
DBG getmany L51 nw=15 wall=0.622s thr(out)1 thr(in)16 conc_peak=15 pread=8.396s
DBG getmany L52 nw=13 wall=0.471s thr(out)1 thr(in)16 conc_peak=13 pread=5.009s
DBG getmany L53 nw=15 wall=0.499s thr(out)1 thr(in)16 conc_peak=15 pread=5.634s
DBG getmany L54 nw=15 wall=0.336s thr(out)1 thr(in)16 conc_peak=15 pread=3.964s
DBG getmany L55 nw=14 wall=0.613s thr(out)1 thr(in)16 conc_peak=14 pread=7.210s
DBG getmany L56 nw=15 wall=0.530s thr(out)1 thr(in)16 conc_peak=15 pread=6.829s
DBG getmany L57 nw=16 wall=0.457s thr(out)1 thr(in)16 conc_peak=16 pread=6.563s
DBG getmany L58 nw=16 wall=0.357s thr(out)1 thr(in)16 conc_peak=16 pread=4.607s
DBG getmany L59 nw=13 wall=0.565s thr(out)1 thr(in)16 conc_peak=13 pread=5.741s
DBG getmany L60 nw=16 wall=0.539s thr(out)1 thr(in)16 conc_peak=16 pread=6.466s
DBG getmany L61 nw=15 wall=0.483s thr(out)1 thr(in)16 conc_peak=15 pread=6.540s
DBG getmany L62 nw=13 wall=0.296s thr(out)1 thr(in)16 conc_peak=13 pread=3.187s
DBG getmany L63 nw=15 wall=0.615s thr(out)1 thr(in)16 conc_peak=15 pread=7.877s
DBG getmany L64 nw=14 wall=0.507s thr(out)1 thr(in)16 conc_peak=14 pread=5.068s
DBG getmany L65 nw=15 wall=0.568s thr(out)1 thr(in)16 conc_peak=15 pread=7.867s
DBG getmany L66 nw=16 wall=0.387s thr(out)1 thr(in)16 conc_peak=16 pread=5.040s
DBG getmany L67 nw=16 wall=0.649s thr(out)1 thr(in)16 conc_peak=16 pread=9.623s
DBG getmany L68 nw=14 wall=0.507s thr(out)1 thr(in)16 conc_peak=14 pread=6.107s
DBG getmany L69 nw=14 wall=0.547s thr(out)1 thr(in)16 conc_peak=14 pread=5.985s
DBG getmany L70 nw=13 wall=0.368s thr(out)1 thr(in)16 conc_peak=13 pread=3.624s
DBG getmany L71 nw=14 wall=0.644s thr(out)1 thr(in)16 conc_peak=14 pread=7.678s
DBG getmany L72 nw=16 wall=0.513s thr(out)1 thr(in)16 conc_peak=16 pread=6.852s
DBG getmany L73 nw=16 wall=0.527s thr(out)1 thr(in)16 conc_peak=16 pread=6.752s
DBG getmany L74 nw=16 wall=0.355s thr(out)1 thr(in)16 conc_peak=16 pread=4.545s
DBG getmany L75 nw=16 wall=0.644s thr(out)1 thr(in)16 conc_peak=16 pread=9.046s
DBG getmany L76 nw=16 wall=0.516s thr(out)1 thr(in)16 conc_peak=16 pread=6.719s
DBG getmany L77 nw=14 wall=0.529s thr(out)1 thr(in)16 conc_peak=14 pread=5.989s
DBG getmany L78 nw=14 wall=0.300s thr(out)1 thr(in)16 conc_peak=14 pread=3.213s
DBG getmany L79 nw=15 wall=0.626s thr(out)1 thr(in)16 conc_peak=15 pread=8.436s
DBG getmany L80 nw=16 wall=0.484s thr(out)1 thr(in)16 conc_peak=16 pread=6.946s
DBG getmany L81 nw=15 wall=0.570s thr(out)1 thr(in)16 conc_peak=15 pread=7.453s
DBG getmany L82 nw=16 wall=0.375s thr(out)1 thr(in)16 conc_peak=16 pread=5.121s
DBG getmany L83 nw=14 wall=0.616s thr(out)1 thr(in)16 conc_peak=14 pread=7.671s
DBG getmany L84 nw=13 wall=0.529s thr(out)1 thr(in)16 conc_peak=13 pread=5.702s
DBG getmany L85 nw=15 wall=0.480s thr(out)1 thr(in)16 conc_peak=15 pread=5.591s
DBG getmany L86 nw=15 wall=0.363s thr(out)1 thr(in)16 conc_peak=15 pread=4.387s
DBG getmany L87 nw=14 wall=0.615s thr(out)1 thr(in)16 conc_peak=14 pread=7.186s
DBG getmany L88 nw=13 wall=0.502s thr(out)1 thr(in)16 conc_peak=13 pread=5.950s
DBG getmany L89 nw=14 wall=0.530s thr(out)1 thr(in)16 conc_peak=14 pread=6.861s
DBG getmany L90 nw=14 wall=0.335s thr(out)1 thr(in)16 conc_peak=14 pread=3.844s
DBG getmany L91 nw=12 wall=0.448s thr(out)1 thr(in)16 conc_peak=12 pread=4.578s
DBG getmany L92 nw=15 wall=0.245s thr(out)1 thr(in)16 conc_peak=15 pread=2.243s
4      2975       122.04       100.0      23.76      0.008
  L2   resident=6779/14589 slots hit=100.0% read=122.74GB write=0.00GB
DBG getmany L1 nw=13 wall=0.429s thr(out)1 thr(in)16 conc_peak=13 pread=4.117s
DBG getmany L2 nw=12 wall=0.326s thr(out)1 thr(in)16 conc_peak=12 pread=2.963s
DBG getmany L3 nw=11 wall=0.568s thr(out)1 thr(in)16 conc_peak=11 pread=4.891s
DBG getmany L4 nw=13 wall=0.496s thr(out)1 thr(in)16 conc_peak=13 pread=5.771s
DBG getmany L5 nw=12 wall=0.493s thr(out)1 thr(in)16 conc_peak=12 pread=4.892s
DBG getmany L6 nw=16 wall=0.334s thr(out)1 thr(in)16 conc_peak=16 pread=4.192s
DBG getmany L7 nw=15 wall=0.601s thr(out)1 thr(in)16 conc_peak=15 pread=8.020s
DBG getmany L8 nw=15 wall=0.505s thr(out)1 thr(in)16 conc_peak=15 pread=5.484s
DBG getmany L9 nw=12 wall=0.455s thr(out)1 thr(in)16 conc_peak=12 pread=4.537s
DBG getmany L10 nw=11 wall=0.317s thr(out)1 thr(in)16 conc_peak=11 pread=2.857s
DBG getmany L11 nw=12 wall=0.569s thr(out)1 thr(in)16 conc_peak=11 pread=5.435s
DBG getmany L12 nw=14 wall=0.514s thr(out)1 thr(in)16 conc_peak=14 pread=6.401s
DBG getmany L13 nw=13 wall=0.434s thr(out)1 thr(in)16 conc_peak=13 pread=4.357s
DBG getmany L14 nw=14 wall=0.373s thr(out)1 thr(in)16 conc_peak=14 pread=4.355s
DBG getmany L15 nw=12 wall=0.494s thr(out)1 thr(in)16 conc_peak=12 pread=4.705s
DBG getmany L16 nw=12 wall=0.436s thr(out)1 thr(in)16 conc_peak=12 pread=4.384s
DBG getmany L17 nw=14 wall=0.520s thr(out)1 thr(in)16 conc_peak=14 pread=5.923s
DBG getmany L18 nw=13 wall=0.327s thr(out)1 thr(in)16 conc_peak=13 pread=3.356s
DBG getmany L19 nw=13 wall=0.520s thr(out)1 thr(in)16 conc_peak=13 pread=5.317s
DBG getmany L20 nw=11 wall=0.420s thr(out)1 thr(in)16 conc_peak=11 pread=3.271s
DBG getmany L21 nw=14 wall=0.524s thr(out)1 thr(in)16 conc_peak=14 pread=5.988s
DBG getmany L22 nw=13 wall=0.343s thr(out)1 thr(in)16 conc_peak=13 pread=3.755s
DBG getmany L23 nw=13 wall=0.560s thr(out)1 thr(in)16 conc_peak=13 pread=5.169s
DBG getmany L24 nw=14 wall=0.578s thr(out)1 thr(in)16 conc_peak=14 pread=6.401s
DBG getmany L25 nw=16 wall=0.577s thr(out)1 thr(in)16 conc_peak=16 pread=6.953s
DBG getmany L26 nw=11 wall=0.253s thr(out)1 thr(in)16 conc_peak=11 pread=1.994s
DBG getmany L27 nw=15 wall=0.582s thr(out)1 thr(in)16 conc_peak=15 pread=7.765s
DBG getmany L28 nw=15 wall=0.444s thr(out)1 thr(in)16 conc_peak=15 pread=4.639s
DBG getmany L29 nw=14 wall=0.509s thr(out)1 thr(in)16 conc_peak=14 pread=5.457s
DBG getmany L30 nw=14 wall=0.359s thr(out)1 thr(in)16 conc_peak=14 pread=4.415s
DBG getmany L31 nw=14 wall=0.690s thr(out)1 thr(in)16 conc_peak=14 pread=7.339s
DBG getmany L32 nw=13 wall=0.518s thr(out)1 thr(in)16 conc_peak=13 pread=5.979s
DBG getmany L33 nw=9 wall=0.488s thr(out)1 thr(in)16 conc_peak=9 pread=3.772s
DBG getmany L34 nw=15 wall=0.415s thr(out)1 thr(in)16 conc_peak=15 pread=4.854s
DBG getmany L35 nw=15 wall=0.657s thr(out)1 thr(in)16 conc_peak=15 pread=7.767s
DBG getmany L36 nw=15 wall=0.518s thr(out)1 thr(in)16 conc_peak=15 pread=5.956s
DBG getmany L37 nw=14 wall=0.549s thr(out)1 thr(in)16 conc_peak=14 pread=6.593s
DBG getmany L38 nw=11 wall=0.234s thr(out)1 thr(in)16 conc_peak=11 pread=1.913s
DBG getmany L39 nw=12 wall=0.609s thr(out)1 thr(in)16 conc_peak=12 pread=4.557s
DBG getmany L40 nw=12 wall=0.467s thr(out)1 thr(in)16 conc_peak=12 pread=5.044s
DBG getmany L41 nw=12 wall=0.394s thr(out)1 thr(in)16 conc_peak=12 pread=3.764s
DBG getmany L42 nw=9 wall=0.300s thr(out)1 thr(in)16 conc_peak=9 pread=2.240s
DBG getmany L43 nw=11 wall=0.576s thr(out)1 thr(in)16 conc_peak=11 pread=5.768s
DBG getmany L44 nw=14 wall=0.504s thr(out)1 thr(in)16 conc_peak=14 pread=5.419s
DBG getmany L45 nw=11 wall=0.537s thr(out)1 thr(in)16 conc_peak=11 pread=4.979s
DBG getmany L46 nw=11 wall=0.574s thr(out)1 thr(in)16 conc_peak=11 pread=5.465s
DBG getmany L47 nw=13 wall=0.593s thr(out)1 thr(in)16 conc_peak=13 pread=5.345s
DBG getmany L48 nw=12 wall=0.503s thr(out)1 thr(in)16 conc_peak=12 pread=5.190s
DBG getmany L49 nw=15 wall=0.552s thr(out)1 thr(in)16 conc_peak=15 pread=6.993s
DBG getmany L50 nw=13 wall=0.317s thr(out)1 thr(in)16 conc_peak=13 pread=3.541s
DBG getmany L51 nw=13 wall=0.457s thr(out)1 thr(in)16 conc_peak=13 pread=3.996s
DBG getmany L52 nw=12 wall=0.368s thr(out)1 thr(in)16 conc_peak=12 pread=3.788s
DBG getmany L53 nw=13 wall=0.479s thr(out)1 thr(in)16 conc_peak=13 pread=4.993s
DBG getmany L54 nw=14 wall=0.367s thr(out)1 thr(in)16 conc_peak=14 pread=3.994s
DBG getmany L55 nw=13 wall=0.509s thr(out)1 thr(in)16 conc_peak=13 pread=4.770s
DBG getmany L56 nw=15 wall=0.528s thr(out)1 thr(in)16 conc_peak=15 pread=6.393s
DBG getmany L57 nw=15 wall=0.483s thr(out)1 thr(in)16 conc_peak=15 pread=6.148s
DBG getmany L58 nw=10 wall=0.259s thr(out)1 thr(in)16 conc_peak=10 pread=2.220s
DBG getmany L59 nw=10 wall=0.546s thr(out)1 thr(in)16 conc_peak=9 pread=4.695s
DBG getmany L60 nw=13 wall=0.535s thr(out)1 thr(in)16 conc_peak=11 pread=6.018s
DBG getmany L61 nw=14 wall=0.497s thr(out)1 thr(in)16 conc_peak=14 pread=5.975s
DBG getmany L62 nw=10 wall=0.256s thr(out)1 thr(in)16 conc_peak=10 pread=2.053s
DBG getmany L63 nw=14 wall=0.513s thr(out)1 thr(in)16 conc_peak=14 pread=5.966s
DBG getmany L64 nw=12 wall=0.516s thr(out)1 thr(in)16 conc_peak=12 pread=4.985s
DBG getmany L65 nw=13 wall=0.438s thr(out)1 thr(in)16 conc_peak=13 pread=4.713s
DBG getmany L66 nw=13 wall=0.349s thr(out)1 thr(in)16 conc_peak=13 pread=3.616s
DBG getmany L67 nw=14 wall=0.537s thr(out)1 thr(in)16 conc_peak=14 pread=6.757s
DBG getmany L68 nw=15 wall=0.548s thr(out)1 thr(in)16 conc_peak=15 pread=7.132s
DBG getmany L69 nw=10 wall=0.495s thr(out)1 thr(in)16 conc_peak=10 pread=4.233s
DBG getmany L70 nw=8 wall=0.221s thr(out)1 thr(in)16 conc_peak=8 pread=1.369s
DBG getmany L71 nw=13 wall=0.621s thr(out)1 thr(in)16 conc_peak=13 pread=7.071s
DBG getmany L72 nw=12 wall=0.506s thr(out)1 thr(in)16 conc_peak=12 pread=4.470s
DBG getmany L73 nw=12 wall=0.497s thr(out)1 thr(in)16 conc_peak=12 pread=4.882s
DBG getmany L74 nw=9 wall=0.262s thr(out)1 thr(in)16 conc_peak=6 pread=1.963s
DBG getmany L75 nw=8 wall=0.516s thr(out)1 thr(in)16 conc_peak=8 pread=3.138s
DBG getmany L76 nw=13 wall=0.520s thr(out)1 thr(in)16 conc_peak=13 pread=5.724s
DBG getmany L77 nw=9 wall=0.504s thr(out)1 thr(in)16 conc_peak=9 pread=3.393s
DBG getmany L78 nw=10 wall=0.335s thr(out)1 thr(in)16 conc_peak=10 pread=2.453s
DBG getmany L79 nw=9 wall=0.451s thr(out)1 thr(in)16 conc_peak=9 pread=2.390s
DBG getmany L80 nw=13 wall=0.517s thr(out)1 thr(in)16 conc_peak=13 pread=6.025s
DBG getmany L81 nw=14 wall=0.533s thr(out)1 thr(in)16 conc_peak=14 pread=6.536s
DBG getmany L82 nw=13 wall=0.333s thr(out)1 thr(in)16 conc_peak=13 pread=3.631s
DBG getmany L83 nw=12 wall=0.575s thr(out)1 thr(in)16 conc_peak=12 pread=5.536s
DBG getmany L84 nw=13 wall=0.512s thr(out)1 thr(in)16 conc_peak=13 pread=5.099s
DBG getmany L85 nw=13 wall=0.533s thr(out)1 thr(in)16 conc_peak=13 pread=6.132s
DBG getmany L86 nw=12 wall=0.324s thr(out)1 thr(in)16 conc_peak=12 pread=3.419s
DBG getmany L87 nw=9 wall=0.532s thr(out)1 thr(in)16 conc_peak=9 pread=3.388s
DBG getmany L88 nw=13 wall=0.510s thr(out)1 thr(in)16 conc_peak=12 pread=5.240s
DBG getmany L89 nw=10 wall=0.515s thr(out)1 thr(in)16 conc_peak=10 pread=4.637s
DBG getmany L90 nw=10 wall=0.270s thr(out)1 thr(in)16 conc_peak=10 pread=2.129s
DBG getmany L91 nw=9 wall=0.380s thr(out)1 thr(in)16 conc_peak=9 pread=2.405s
DBG getmany L92 nw=12 wall=0.173s thr(out)1 thr(in)16 conc_peak=12 pread=1.185s
5      15         120.45       100.0      20.13      0.008
  L2   resident=6779/14589 slots hit=100.0% read=142.85GB write=0.00GB
DBG getmany L1 nw=14 wall=0.402s thr(out)1 thr(in)16 conc_peak=14 pread=4.343s
DBG getmany L2 nw=12 wall=0.404s thr(out)1 thr(in)16 conc_peak=12 pread=4.250s
DBG getmany L3 nw=10 wall=0.524s thr(out)1 thr(in)16 conc_peak=10 pread=4.125s
DBG getmany L4 nw=12 wall=0.467s thr(out)1 thr(in)16 conc_peak=12 pread=4.152s
DBG getmany L5 nw=7 wall=0.386s thr(out)1 thr(in)16 conc_peak=7 pread=2.025s
DBG getmany L6 nw=15 wall=0.293s thr(out)1 thr(in)16 conc_peak=15 pread=3.439s
DBG getmany L7 nw=14 wall=0.526s thr(out)1 thr(in)16 conc_peak=14 pread=6.396s
DBG getmany L8 nw=14 wall=0.474s thr(out)1 thr(in)16 conc_peak=14 pread=5.203s
DBG getmany L9 nw=12 wall=0.181s thr(out)1 thr(in)16 conc_peak=12 pread=1.283s
DBG getmany L10 nw=10 wall=0.226s thr(out)1 thr(in)16 conc_peak=10 pread=1.921s
DBG getmany L11 nw=12 wall=0.595s thr(out)1 thr(in)16 conc_peak=12 pread=4.540s
DBG getmany L12 nw=13 wall=0.500s thr(out)1 thr(in)16 conc_peak=13 pread=4.672s
DBG getmany L13 nw=13 wall=0.429s thr(out)1 thr(in)16 conc_peak=13 pread=4.080s
DBG getmany L14 nw=16 wall=0.341s thr(out)1 thr(in)16 conc_peak=16 pread=4.319s
DBG getmany L15 nw=14 wall=0.486s thr(out)1 thr(in)16 conc_peak=14 pread=5.598s
DBG getmany L16 nw=11 wall=0.323s thr(out)1 thr(in)16 conc_peak=11 pread=2.867s
DBG getmany L17 nw=13 wall=0.461s thr(out)1 thr(in)16 conc_peak=13 pread=4.604s
DBG getmany L18 nw=12 wall=0.320s thr(out)1 thr(in)16 conc_peak=12 pread=3.200s
DBG getmany L19 nw=14 wall=0.592s thr(out)1 thr(in)16 conc_peak=14 pread=5.765s
DBG getmany L20 nw=10 wall=0.314s thr(out)1 thr(in)16 conc_peak=10 pread=2.453s
DBG getmany L21 nw=13 wall=0.431s thr(out)1 thr(in)16 conc_peak=13 pread=4.420s
DBG getmany L22 nw=10 wall=0.290s thr(out)1 thr(in)16 conc_peak=10 pread=2.422s
DBG getmany L23 nw=12 wall=0.569s thr(out)1 thr(in)16 conc_peak=12 pread=4.373s
DBG getmany L24 nw=15 wall=0.586s thr(out)1 thr(in)16 conc_peak=15 pread=7.344s
DBG getmany L25 nw=13 wall=0.463s thr(out)1 thr(in)16 conc_peak=13 pread=5.184s
DBG getmany L26 nw=13 wall=0.305s thr(out)1 thr(in)16 conc_peak=13 pread=2.705s
DBG getmany L27 nw=15 wall=0.541s thr(out)1 thr(in)16 conc_peak=15 pread=5.926s
DBG getmany L28 nw=14 wall=0.386s thr(out)1 thr(in)16 conc_peak=14 pread=3.844s
DBG getmany L29 nw=14 wall=0.684s thr(out)1 thr(in)16 conc_peak=14 pread=6.880s
DBG getmany L30 nw=11 wall=0.275s thr(out)1 thr(in)16 conc_peak=11 pread=2.462s
DBG getmany L31 nw=13 wall=0.642s thr(out)1 thr(in)16 conc_peak=13 pread=6.371s
DBG getmany L32 nw=11 wall=0.410s thr(out)1 thr(in)16 conc_peak=11 pread=3.825s
DBG getmany L33 nw=14 wall=0.583s thr(out)1 thr(in)16 conc_peak=14 pread=6.718s
DBG getmany L34 nw=14 wall=0.310s thr(out)1 thr(in)16 conc_peak=14 pread=3.584s
DBG getmany L35 nw=11 wall=0.580s thr(out)1 thr(in)16 conc_peak=11 pread=4.844s
DBG getmany L36 nw=14 wall=0.510s thr(out)1 thr(in)16 conc_peak=14 pread=6.468s
DBG getmany L37 nw=15 wall=0.570s thr(out)1 thr(in)16 conc_peak=15 pread=7.921s
DBG getmany L38 nw=11 wall=0.286s thr(out)1 thr(in)16 conc_peak=11 pread=2.633s
DBG getmany L39 nw=14 wall=0.672s thr(out)1 thr(in)16 conc_peak=14 pread=7.977s
DBG getmany L40 nw=13 wall=0.546s thr(out)1 thr(in)16 conc_peak=12 pread=6.438s
DBG getmany L41 nw=9 wall=0.453s thr(out)1 thr(in)16 conc_peak=8 pread=2.694s
DBG getmany L42 nw=9 wall=0.201s thr(out)1 thr(in)16 conc_peak=9 pread=1.454s
DBG getmany L43 nw=9 wall=0.564s thr(out)1 thr(in)16 conc_peak=9 pread=3.700s
DBG getmany L44 nw=12 wall=0.453s thr(out)1 thr(in)16 conc_peak=12 pread=4.370s
DBG getmany L45 nw=11 wall=0.353s thr(out)1 thr(in)16 conc_peak=11 pread=2.987s
DBG getmany L46 nw=11 wall=0.495s thr(out)1 thr(in)16 conc_peak=11 pread=4.857s
DBG getmany L47 nw=11 wall=0.523s thr(out)1 thr(in)16 conc_peak=11 pread=5.332s
DBG getmany L48 nw=13 wall=0.442s thr(out)1 thr(in)16 conc_peak=13 pread=4.434s
DBG getmany L49 nw=15 wall=0.484s thr(out)1 thr(in)16 conc_peak=15 pread=6.074s
DBG getmany L50 nw=12 wall=0.301s thr(out)1 thr(in)16 conc_peak=12 pread=3.074s
DBG getmany L51 nw=12 wall=0.531s thr(out)1 thr(in)16 conc_peak=12 pread=5.086s
DBG getmany L52 nw=13 wall=0.485s thr(out)1 thr(in)16 conc_peak=13 pread=5.605s
DBG getmany L53 nw=12 wall=0.415s thr(out)1 thr(in)16 conc_peak=12 pread=4.121s
DBG getmany L54 nw=12 wall=0.236s thr(out)1 thr(in)16 conc_peak=12 pread=2.088s
DBG getmany L55 nw=12 wall=0.505s thr(out)1 thr(in)16 conc_peak=12 pread=4.954s
DBG getmany L56 nw=13 wall=0.484s thr(out)1 thr(in)16 conc_peak=13 pread=5.546s
DBG getmany L57 nw=15 wall=0.541s thr(out)1 thr(in)16 conc_peak=15 pread=6.002s
DBG getmany L58 nw=11 wall=0.314s thr(out)1 thr(in)16 conc_peak=11 pread=3.002s
DBG getmany L59 nw=9 wall=0.489s thr(out)1 thr(in)16 conc_peak=9 pread=3.351s
DBG getmany L60 nw=12 wall=0.460s thr(out)1 thr(in)16 conc_peak=12 pread=4.495s
DBG getmany L61 nw=13 wall=0.473s thr(out)1 thr(in)16 conc_peak=13 pread=5.321s
DBG getmany L62 nw=14 wall=0.231s thr(out)1 thr(in)16 conc_peak=14 pread=2.184s
DBG getmany L63 nw=12 wall=0.594s thr(out)1 thr(in)16 conc_peak=12 pread=5.020s
DBG getmany L64 nw=12 wall=0.499s thr(out)1 thr(in)16 conc_peak=12 pread=5.025s
DBG getmany L65 nw=11 wall=0.424s thr(out)1 thr(in)16 conc_peak=11 pread=3.416s
DBG getmany L66 nw=12 wall=0.306s thr(out)1 thr(in)16 conc_peak=11 pread=3.032s
DBG getmany L67 nw=14 wall=0.584s thr(out)1 thr(in)16 conc_peak=14 pread=7.468s
DBG getmany L68 nw=13 wall=0.461s thr(out)1 thr(in)16 conc_peak=13 pread=4.849s
DBG getmany L69 nw=12 wall=0.476s thr(out)1 thr(in)16 conc_peak=12 pread=4.103s
DBG getmany L70 nw=11 wall=0.248s thr(out)1 thr(in)16 conc_peak=11 pread=2.055s
DBG getmany L71 nw=14 wall=0.677s thr(out)1 thr(in)16 conc_peak=14 pread=8.132s
DBG getmany L72 nw=12 wall=0.416s thr(out)1 thr(in)16 conc_peak=12 pread=3.775s
DBG getmany L73 nw=13 wall=0.458s thr(out)1 thr(in)16 conc_peak=13 pread=4.781s
DBG getmany L74 nw=10 wall=0.221s thr(out)1 thr(in)16 conc_peak=7 pread=1.839s
DBG getmany L75 nw=10 wall=0.474s thr(out)1 thr(in)16 conc_peak=10 pread=3.994s
DBG getmany L76 nw=13 wall=0.408s thr(out)1 thr(in)16 conc_peak=13 pread=4.298s
DBG getmany L77 nw=11 wall=0.472s thr(out)1 thr(in)16 conc_peak=11 pread=4.734s
DBG getmany L78 nw=11 wall=0.206s thr(out)1 thr(in)16 conc_peak=11 pread=1.509s
DBG getmany L79 nw=10 wall=0.519s thr(out)1 thr(in)16 conc_peak=10 pread=3.841s
DBG getmany L80 nw=13 wall=0.471s thr(out)1 thr(in)16 conc_peak=13 pread=5.181s
DBG getmany L81 nw=14 wall=0.543s thr(out)1 thr(in)16 conc_peak=14 pread=6.176s
DBG getmany L82 nw=13 wall=0.285s thr(out)1 thr(in)16 conc_peak=13 pread=2.758s
DBG getmany L83 nw=12 wall=0.600s thr(out)1 thr(in)16 conc_peak=9 pread=6.175s
DBG getmany L84 nw=13 wall=0.518s thr(out)1 thr(in)16 conc_peak=13 pread=5.260s
DBG getmany L85 nw=13 wall=0.482s thr(out)1 thr(in)16 conc_peak=13 pread=5.023s
DBG getmany L86 nw=12 wall=0.239s thr(out)1 thr(in)16 conc_peak=12 pread=1.952s
DBG getmany L87 nw=10 wall=0.466s thr(out)1 thr(in)16 conc_peak=10 pread=4.060s
DBG getmany L88 nw=13 wall=0.371s thr(out)1 thr(in)16 conc_peak=13 pread=3.770s
DBG getmany L89 nw=10 wall=0.432s thr(out)1 thr(in)16 conc_peak=10 pread=3.022s
DBG getmany L90 nw=9 wall=0.183s thr(out)1 thr(in)16 conc_peak=9 pread=1.292s
DBG getmany L91 nw=9 wall=0.381s thr(out)1 thr(in)16 conc_peak=9 pread=2.540s
DBG getmany L92 nw=12 wall=0.166s thr(out)1 thr(in)16 conc_peak=12 pread=1.224s
6      3629       123.30       99.7       19.76      0.008
  L2   resident=6779/14589 slots hit=100.0% read=162.54GB write=0.00GB
DBG getmany L1 nw=15 wall=0.498s thr(out)1 thr(in)16 conc_peak=15 pread=6.816s
DBG getmany L2 nw=14 wall=0.315s thr(out)1 thr(in)16 conc_peak=14 pread=3.707s
DBG getmany L3 nw=10 wall=0.509s thr(out)1 thr(in)16 conc_peak=10 pread=3.559s
DBG getmany L4 nw=14 wall=0.492s thr(out)1 thr(in)16 conc_peak=14 pread=5.935s
DBG getmany L5 nw=13 wall=0.477s thr(out)1 thr(in)16 conc_peak=13 pread=5.486s
DBG getmany L6 nw=15 wall=0.260s thr(out)1 thr(in)16 conc_peak=15 pread=2.827s
DBG getmany L7 nw=15 wall=0.585s thr(out)1 thr(in)16 conc_peak=15 pread=6.188s
DBG getmany L8 nw=15 wall=0.514s thr(out)1 thr(in)16 conc_peak=15 pread=6.554s
DBG getmany L9 nw=15 wall=0.522s thr(out)1 thr(in)16 conc_peak=15 pread=5.479s
DBG getmany L10 nw=12 wall=0.259s thr(out)1 thr(in)16 conc_peak=12 pread=2.408s
DBG getmany L11 nw=13 wall=0.578s thr(out)1 thr(in)16 conc_peak=13 pread=6.775s
DBG getmany L12 nw=13 wall=0.520s thr(out)1 thr(in)16 conc_peak=13 pread=5.732s
DBG getmany L13 nw=15 wall=0.567s thr(out)1 thr(in)16 conc_peak=15 pread=6.969s
DBG getmany L14 nw=16 wall=0.347s thr(out)1 thr(in)16 conc_peak=16 pread=4.239s
DBG getmany L15 nw=15 wall=0.620s thr(out)1 thr(in)16 conc_peak=15 pread=8.028s
DBG getmany L16 nw=14 wall=0.442s thr(out)1 thr(in)16 conc_peak=14 pread=5.327s
DBG getmany L17 nw=13 wall=0.499s thr(out)1 thr(in)16 conc_peak=13 pread=5.629s
DBG getmany L18 nw=11 wall=0.220s thr(out)1 thr(in)16 conc_peak=11 pread=1.577s
DBG getmany L19 nw=15 wall=0.564s thr(out)1 thr(in)16 conc_peak=15 pread=6.916s
DBG getmany L20 nw=12 wall=0.406s thr(out)1 thr(in)16 conc_peak=12 pread=4.110s
DBG getmany L21 nw=14 wall=0.490s thr(out)1 thr(in)16 conc_peak=14 pread=5.049s
DBG getmany L22 nw=14 wall=0.309s thr(out)1 thr(in)16 conc_peak=14 pread=3.384s
DBG getmany L23 nw=14 wall=0.573s thr(out)1 thr(in)16 conc_peak=14 pread=6.757s
DBG getmany L24 nw=15 wall=0.538s thr(out)1 thr(in)16 conc_peak=15 pread=7.147s
DBG getmany L25 nw=13 wall=0.548s thr(out)1 thr(in)16 conc_peak=13 pread=6.034s
DBG getmany L26 nw=14 wall=0.333s thr(out)1 thr(in)16 conc_peak=14 pread=3.859s
DBG getmany L27 nw=16 wall=0.571s thr(out)1 thr(in)16 conc_peak=16 pread=7.602s
DBG getmany L28 nw=15 wall=0.467s thr(out)1 thr(in)16 conc_peak=15 pread=5.755s
DBG getmany L29 nw=13 wall=0.507s thr(out)1 thr(in)16 conc_peak=13 pread=6.213s
DBG getmany L30 nw=12 wall=0.327s thr(out)1 thr(in)16 conc_peak=12 pread=3.283s
DBG getmany L31 nw=15 wall=0.625s thr(out)1 thr(in)16 conc_peak=15 pread=7.708s
DBG getmany L32 nw=12 wall=0.532s thr(out)1 thr(in)16 conc_peak=12 pread=5.907s
DBG getmany L33 nw=14 wall=0.546s thr(out)1 thr(in)16 conc_peak=14 pread=6.971s
DBG getmany L34 nw=13 wall=0.339s thr(out)1 thr(in)16 conc_peak=13 pread=3.666s
DBG getmany L35 nw=13 wall=0.639s thr(out)1 thr(in)16 conc_peak=13 pread=6.605s
DBG getmany L36 nw=13 wall=0.536s thr(out)1 thr(in)16 conc_peak=13 pread=5.371s
DBG getmany L37 nw=14 wall=0.497s thr(out)1 thr(in)16 conc_peak=14 pread=5.427s
DBG getmany L38 nw=12 wall=0.275s thr(out)1 thr(in)16 conc_peak=12 pread=2.879s
DBG getmany L39 nw=13 wall=0.589s thr(out)1 thr(in)16 conc_peak=13 pread=6.042s
DBG getmany L40 nw=13 wall=0.514s thr(out)1 thr(in)16 conc_peak=13 pread=5.582s
DBG getmany L41 nw=11 wall=0.490s thr(out)1 thr(in)16 conc_peak=11 pread=4.129s
DBG getmany L42 nw=9 wall=0.242s thr(out)1 thr(in)16 conc_peak=9 pread=1.885s
DBG getmany L43 nw=10 wall=0.383s thr(out)1 thr(in)16 conc_peak=10 pread=2.875s
DBG getmany L44 nw=13 wall=0.444s thr(out)1 thr(in)16 conc_peak=13 pread=4.548s
DBG getmany L45 nw=14 wall=0.423s thr(out)1 thr(in)16 conc_peak=14 pread=4.569s
DBG getmany L46 nw=13 wall=0.582s thr(out)1 thr(in)16 conc_peak=13 pread=5.644s
DBG getmany L47 nw=13 wall=0.638s thr(out)1 thr(in)16 conc_peak=13 pread=5.093s
DBG getmany L48 nw=12 wall=0.506s thr(out)1 thr(in)16 conc_peak=12 pread=4.967s
DBG getmany L49 nw=15 wall=0.523s thr(out)1 thr(in)16 conc_peak=15 pread=7.165s
DBG getmany L50 nw=14 wall=0.353s thr(out)1 thr(in)16 conc_peak=14 pread=4.206s
DBG getmany L51 nw=12 wall=0.535s thr(out)1 thr(in)16 conc_peak=12 pread=5.458s
DBG getmany L52 nw=12 wall=0.466s thr(out)1 thr(in)16 conc_peak=12 pread=4.864s
DBG getmany L53 nw=13 wall=0.525s thr(out)1 thr(in)16 conc_peak=13 pread=5.313s
DBG getmany L54 nw=12 wall=0.293s thr(out)1 thr(in)16 conc_peak=12 pread=2.931s
DBG getmany L55 nw=15 wall=0.615s thr(out)1 thr(in)16 conc_peak=15 pread=8.026s
DBG getmany L56 nw=13 wall=0.504s thr(out)1 thr(in)16 conc_peak=13 pread=6.010s
DBG getmany L57 nw=16 wall=0.524s thr(out)1 thr(in)16 conc_peak=16 pread=6.194s
DBG getmany L58 nw=11 wall=0.320s thr(out)1 thr(in)16 conc_peak=11 pread=2.896s
DBG getmany L59 nw=11 wall=0.553s thr(out)1 thr(in)16 conc_peak=11 pread=4.994s
DBG getmany L60 nw=13 wall=0.532s thr(out)1 thr(in)16 conc_peak=13 pread=5.384s
DBG getmany L61 nw=15 wall=0.564s thr(out)1 thr(in)16 conc_peak=15 pread=7.566s
DBG getmany L62 nw=12 wall=0.270s thr(out)1 thr(in)16 conc_peak=12 pread=2.654s
DBG getmany L63 nw=13 wall=0.563s thr(out)1 thr(in)16 conc_peak=13 pread=6.423s
DBG getmany L64 nw=13 wall=0.539s thr(out)1 thr(in)16 conc_peak=13 pread=6.014s
DBG getmany L65 nw=13 wall=0.524s thr(out)1 thr(in)16 conc_peak=13 pread=5.900s
DBG getmany L66 nw=13 wall=0.327s thr(out)1 thr(in)16 conc_peak=13 pread=3.724s
DBG getmany L67 nw=13 wall=0.637s thr(out)1 thr(in)16 conc_peak=13 pread=7.366s
DBG getmany L68 nw=15 wall=0.541s thr(out)1 thr(in)16 conc_peak=15 pread=6.754s
DBG getmany L69 nw=13 wall=0.519s thr(out)1 thr(in)16 conc_peak=13 pread=5.447s
DBG getmany L70 nw=12 wall=0.327s thr(out)1 thr(in)16 conc_peak=12 pread=3.238s
DBG getmany L71 nw=13 wall=0.659s thr(out)1 thr(in)16 conc_peak=13 pread=7.450s
DBG getmany L72 nw=12 wall=0.508s thr(out)1 thr(in)16 conc_peak=12 pread=4.203s
DBG getmany L73 nw=14 wall=0.447s thr(out)1 thr(in)16 conc_peak=10 pread=4.420s
DBG getmany L74 nw=9 wall=0.243s thr(out)1 thr(in)16 conc_peak=7 pread=1.850s
DBG getmany L75 nw=11 wall=0.568s thr(out)1 thr(in)16 conc_peak=11 pread=5.438s
DBG getmany L76 nw=11 wall=0.436s thr(out)1 thr(in)16 conc_peak=11 pread=4.172s
DBG getmany L77 nw=12 wall=0.532s thr(out)1 thr(in)16 conc_peak=12 pread=5.366s
DBG getmany L78 nw=12 wall=0.299s thr(out)1 thr(in)16 conc_peak=12 pread=2.955s
DBG getmany L79 nw=10 wall=0.510s thr(out)1 thr(in)16 conc_peak=10 pread=3.968s
DBG getmany L80 nw=14 wall=0.451s thr(out)1 thr(in)16 conc_peak=14 pread=5.715s
DBG getmany L81 nw=15 wall=0.485s thr(out)1 thr(in)16 conc_peak=15 pread=5.568s
DBG getmany L82 nw=13 wall=0.335s thr(out)1 thr(in)16 conc_peak=13 pread=3.697s
DBG getmany L83 nw=11 wall=0.601s thr(out)1 thr(in)16 conc_peak=10 pread=4.875s
DBG getmany L84 nw=15 wall=0.507s thr(out)1 thr(in)16 conc_peak=15 pread=5.440s
DBG getmany L85 nw=13 wall=0.393s thr(out)1 thr(in)16 conc_peak=13 pread=3.882s
DBG getmany L86 nw=13 wall=0.317s thr(out)1 thr(in)16 conc_peak=13 pread=3.416s
DBG getmany L87 nw=11 wall=0.510s thr(out)1 thr(in)16 conc_peak=10 pread=4.814s
DBG getmany L88 nw=13 wall=0.493s thr(out)1 thr(in)16 conc_peak=13 pread=5.664s
DBG getmany L89 nw=9 wall=0.452s thr(out)1 thr(in)16 conc_peak=8 pread=3.335s
DBG getmany L90 nw=11 wall=0.328s thr(out)1 thr(in)16 conc_peak=11 pread=2.918s
DBG getmany L91 nw=11 wall=0.331s thr(out)1 thr(in)16 conc_peak=11 pread=3.287s
DBG getmany L92 nw=14 wall=0.201s thr(out)1 thr(in)16 conc_peak=14 pread=1.585s
7      1389       118.98       100.0      21.02      0.008
  L2   resident=6779/14589 slots hit=100.0% read=183.56GB write=0.00GB
--------------------------------------------------------------------
8 tokens in 970.3 s, 121.29 s/token average
PEAK RSS for the whole run: 22.77 GB   <- quote this, not the plan
layers completed: 93/93; routed expert drops: 0


[chip] simulated MXFP4 GEMV bill over 9 tokens
  11776 expert chains | 777925951488 flops | 206636580864 bytes (206.64 GB)
  per token: 1308 chains | 22.96 GB | 0.09 Gflops
  compute wall @ 4 TFLOPS : 0.19 s (21.61 ms/token)
  bandwidth wall @ 200 GB/s : 1.03 s (114.80 ms/token)
  -> bandwidth-bound; to be compute-bound at 4 TFLOPS this needs 1062 GB/s
  expert fetch (host wall, measured): 345.45 s moving 206.64 GB = 1 GB/s
  chip pool wall (measured): 324.16 s

cache [final step]
  slots        : 778 of 17.56 MB = 13.66 GB arena (778 resident, 0 pinned)
  requests     : 1472  hits 1472 (100.00%)  misses 0  evictions 1198
  of those hits : 1198 came from the batch prefetch, i.e. read from disk
                  this token; TRUE resident hit rate 18.61%
  read from disk: 21.02 GB in 42.82 s (491 MB/s while loading)
  phase2 i/o    : 21.03 GB in 42.82 s (491 MB/s)  [pure parallel disk read]
l2cache [final step]
  requests     : 10461  hits 10461 (100.00%)  misses 0
  read  from sdd7: 183.56 GB, written 0.00 GB
  hit I/O   : 183.56 GB in 323.04 s (wall) = 568 MB/s [pread 3789.62 s, 48 MB/s per-thread]
  miss I/O  : 0 misses, 0.00 GB from /model in 0.00 s (wall) = 0 MB/s
  restored from meta: 6779 slots

wrote /mnt/f/kimi-k3-in-c/reports/gateab_ab/v2_cold-20260926_150652/ctrl.json
I/O share of wall clock: 82.0%  (trunk 471.3 s + experts 324.2 s of 970.3 s)
  both figures are WHOLE-RUN totals over 8 steps
  experts, whole run: 183.68 GB read | 2086 of 11776 requests retained in RAM (17.71%) | 9690 evictions
    (retention = requests - evictions; the raw `hits` counter includes
     experts the prefetcher had just read from disk, so it is not a
     measure of avoided I/O)

trunk [final]
  pinned 1/93 layers, ring 2 slots
  binds 744, hits 7 (0.9%), reads 737
  read 436.45 GB in 471.30 s (926 MB/s pread)
  per-layer loads [L]=count: 0=1 1=8 2=8 3=8 4=8 5=8 6=8 7=8 8=8 9=8 10=8 11=8 12=8 13=8 14=8 15=8 16=8 17=8 18=8 19=8 20=8 21=8 22=8 23=8 24=8 25=8 26=8 27=8 28=8 29=8 30=8 31=8 32=8 33=8 34=8 35=8 36=8 37=8 38=8 39=8 40=8 41=8 42=8 43=8 44=8 45=8 46=8 47=8 48=8 49=8 50=8 51=8 52=8 53=8 54=8 55=8 56=8 57=8 58=8 59=8 60=8 61=8 62=8 63=8 64=8 65=8 66=8 67=8 68=8 69=8 70=8 71=8 72=8 73=8 74=8 75=8 76=8 77=8 78=8 79=8 80=8 81=8 82=8 83=8 84=8 85=8 86=8 87=8 88=8 89=8 90=8 91=8 92=8
  bind wall 6.30 s over 744 binds; read 471.30 + widen 3.57 = 474.87 s of device work,
                    of which 468.56 s (99%) overlapped compute on the reader thread
  widen breakdown: find 201 ms (19640)  copy 0 ms (9184)  deq 3348 ms (6320)  timed 4 s of widen 3.57 s
TIME_ELAPSED=1013.40
