[ab8] start 17:53:32 load=4.27 7.69 6.44 nproc=16
MemTotal:       57442452 kB
MemAvailable:   56445636 kB
[ab8] /mnt/f/kimi-k3-in-c/reports/gateab_ab/v15_nw32-20260927_175332 mode=kio (L2 group 0, no hold) + trunk 26GB resident / cache 23GB + round-robin drain + 32 workers (was 16)
EXIT=0 load=8.33 9.69 8.86
--- v15_nw32 (kio group 0, no hold, trunk 26GB resident / cache 23GB + round-robin drain + 32 workers (was 16))
trunk on disk : 110.00 GB total (STREAMED from /mnt/nvme/trunk_layers_out, not held in RAM)
  trunk (STREAMED) 26.00 GB
  expert cache     23.00 GB
trunk stream: 56.60 GB packed, 17/93 layers PINNED (23.00 GB), ring 2 x 1.30 GB
expert cache: 1310 slots x 17.56 MB = 23.00 GB (1.59% of the 1.45 TB expert pool)
8 tokens in 879.3 s, 109.91 s/token average
                  this token; TRUE resident hit rate 30.10%
  phase2 i/o    : 18.06 GB in 54.28 s (333 MB/s)  [pure parallel disk read]
I/O share of wall clock: 93.6%  (trunk 431.6 s + experts 391.5 s of 879.3 s)
  experts, whole run: 168.56 GB read | 3480 of 11776 requests retained in RAM (29.55%) | 8296 evictions
  pinned 17/93 layers, ring 2 slots
  read 370.13 GB in 431.64 s (858 MB/s pread)
  bind wall 14.92 s over 744 binds; read 431.64 + widen 2.95 = 434.59 s of device work,
TIME_ELAPSED=907.23
{"prompt_ids":[1008],"generated_ids":[220,802,24,12,2975,15,3629,1389],"full_ids":[1008,220,802,24,12,2975,15,3629,1389],"layers":93,"layers_requested":93,"layers_completed":93,"expert_drops":0,"peak_rss_bytes":42022133760,"wall_seconds":879.3061,"seconds_per_token":109.9133,"expert_bytes_read":168559017984,"trunk_bytes_read":370129936384,"stopped_at":-1,"generated_text":null}
[ab8] end 18:08:45
