[ab16] start 18:15:07 load=4.82 1.91 0.73 mem=54.8GB
[ab16] /mnt/f/kimi-k3-in-c/reports/gateab_ab/v16_oldbin-20260927_181507 binary=/root/k3_0859 (2026-09-26 08:59) trunk 6GB / cache 13.6GB (081 layout)
EXIT=0
--- v16_oldbin (2026-09-26 08:59 binary, trunk 6GB / cache 13.6GB)
trunk on disk : 110.00 GB total (STREAMED from /mnt/nvme/trunk_layers_out, not held in RAM)
  trunk (STREAMED) 6.00 GB
  expert cache     13.60 GB
trunk stream: 56.60 GB packed, 1/93 layers PINNED (3.00 GB), ring 2 x 1.30 GB
expert cache: 774 slots x 17.56 MB = 13.59 GB (0.94% of the 1.45 TB expert pool)
8 tokens in 626.9 s, 78.37 s/token average
                  this token; TRUE resident hit rate 18.61%
  phase2 i/o    : 21.03 GB in 60.26 s (349 MB/s)  [pure parallel disk read]
I/O share of wall clock: 158.1%  (trunk 503.2 s + experts 487.9 s of 626.9 s)
  experts, whole run: 183.75 GB read | 2078 of 11776 requests retained in RAM (17.65%) | 9698 evictions
  pinned 1/93 layers, ring 2 slots
  read 436.45 GB in 503.24 s (867 MB/s pread)
  bind wall 10.12 s over 744 binds; read 503.24 + widen 2.66 = 505.90 s of device work,
TIME_ELAPSED=646.53
{"prompt_ids":[1008],"generated_ids":[220,802,24,12,2975,15,3629,1389],"full_ids":[1008,220,802,24,12,2975,15,3629,1389],"layers":93,"layers_requested":93,"layers_completed":93,"expert_drops":0,"peak_rss_bytes":22701121536,"wall_seconds":626.9492,"seconds_per_token":78.3686,"expert_bytes_read":183754948608,"trunk_bytes_read":436450107392,"stopped_at":-1,"generated_text":null}
[ab16] end 18:25:58
