available: 53 GB
[v54] A_32_15_pf0_r1  14:43:44
  [A_32_15_pf0_r1] plan=52.34GB avail=53GB  3 tokens in 226.6 s, 75.53 s/token average
       trunk stream: 56.60 GB packed, 22/93 layers PINNED (29.30 GB), ring 2 x 1.30 GB
       expert cache: 854 slots x 17.56 MB = 14.99 GB (1.04% of the 1.45 TB expert pool)
                         this token; TRUE resident hit rate 3.80%
       kio tier0: 4595 reqs, 216.66 GB, device 104 MB/s | queue 54.6 s (2.6% of req time), submit-lock 1.4 s, worker-lock 0.0 s, idle 0.1 s
         read 140.16 GB in 161.55 s (868 MB/s pread)
[v54] B_24_24_pf1_r1  14:48:14
  [B_24_24_pf1_r1] plan=53.34GB avail=53GB  3 tokens in 378.6 s, 126.19 s/token average
       trunk stream: 56.60 GB packed, 15/93 layers PINNED (20.61 GB), ring 2 x 1.30 GB
       async expert prefetch: lookahead depth 1 layer(s)
       expert cache: 1367 slots x 17.56 MB = 24.00 GB (1.66% of the 1.45 TB expert pool)
                         this token; TRUE resident hit rate 0.00%
         prefetch      : issued 1235  LATE 0  survival 21.7% (319/1472 prev-token routed experts still resident)
       kio tier0: 6815 reqs, 262.93 GB, device 62 MB/s | queue 469.3 s (11.1% of req time), submit-lock 5.4 s, worker-lock 0.1 s, idle 0.2 s
         read 148.34 GB in 201.01 s (738 MB/s pread)
[v54] C_24_24_pf0_r1  14:55:06
  [C_24_24_pf0_r1] plan=53.34GB avail=53GB  3 tokens in 376.2 s, 125.39 s/token average
       trunk stream: 56.60 GB packed, 15/93 layers PINNED (20.61 GB), ring 2 x 1.30 GB
       expert cache: 1367 slots x 17.56 MB = 24.00 GB (1.66% of the 1.45 TB expert pool)
                         this token; TRUE resident hit rate 3.80%
       kio tier0: 4608 reqs, 224.83 GB, device 58 MB/s | queue 66.6 s (1.7% of req time), submit-lock 2.7 s, worker-lock 0.1 s, idle 0.1 s
         read 148.34 GB in 189.19 s (784 MB/s pread)
[v54] D_16_32_pf1_r1  15:01:58
