L2 auto: 209 GB free on /mnt/nvme -> L2 at 256 GB
k3 chip: 4 workers, 4 TFLOPS, 200 GB/s simulated wall
DBG getmany L1 nw=16 wall=0.269s thr(out)1 thr(in)16 conc_peak=16 pread=2.734s
DBG getmany L2 nw=16 wall=0.367s thr(out)1 thr(in)16 conc_peak=16 pread=4.626s
DBG getmany L3 nw=16 wall=0.318s thr(out)1 thr(in)16 conc_peak=16 pread=4.419s
DBG getmany L4 nw=16 wall=0.274s thr(out)1 thr(in)16 conc_peak=16 pread=3.534s
DBG getmany L5 nw=16 wall=0.213s thr(out)1 thr(in)16 conc_peak=16 pread=2.684s
DBG getmany L6 nw=16 wall=0.170s thr(out)1 thr(in)16 conc_peak=16 pread=1.917s
DBG getmany L7 nw=16 wall=0.312s thr(out)1 thr(in)16 conc_peak=16 pread=3.999s
DBG getmany L8 nw=16 wall=0.260s thr(out)1 thr(in)16 conc_peak=16 pread=3.605s
DBG getmany L9 nw=16 wall=0.232s thr(out)1 thr(in)16 conc_peak=16 pread=3.104s
DBG getmany L10 nw=16 wall=0.180s thr(out)1 thr(in)16 conc_peak=16 pread=1.964s
DBG getmany L11 nw=16 wall=0.313s thr(out)1 thr(in)16 conc_peak=16 pread=3.715s
DBG getmany L12 nw=16 wall=0.216s thr(out)1 thr(in)16 conc_peak=16 pread=2.422s
DBG getmany L13 nw=16 wall=0.252s thr(out)1 thr(in)16 conc_peak=16 pread=3.165s
DBG getmany L14 nw=16 wall=0.228s thr(out)1 thr(in)16 conc_peak=16 pread=2.629s
DBG getmany L15 nw=16 wall=0.374s thr(out)1 thr(in)16 conc_peak=16 pread=4.077s
DBG getmany L16 nw=16 wall=0.248s thr(out)1 thr(in)16 conc_peak=16 pread=2.965s
DBG getmany L17 nw=16 wall=0.260s thr(out)1 thr(in)16 conc_peak=16 pread=3.371s
DBG getmany L18 nw=16 wall=0.228s thr(out)1 thr(in)16 conc_peak=16 pread=2.569s
DBG getmany L19 nw=16 wall=0.331s thr(out)1 thr(in)16 conc_peak=16 pread=4.016s
DBG getmany L20 nw=16 wall=0.276s thr(out)1 thr(in)16 conc_peak=16 pread=3.865s
DBG getmany L21 nw=16 wall=0.530s thr(out)1 thr(in)16 conc_peak=16 pread=6.936s
DBG getmany L22 nw=16 wall=0.415s thr(out)1 thr(in)16 conc_peak=16 pread=5.373s
DBG getmany L23 nw=16 wall=0.326s thr(out)1 thr(in)16 conc_peak=16 pread=3.121s
DBG getmany L24 nw=16 wall=0.339s thr(out)1 thr(in)16 conc_peak=16 pread=4.098s
DBG getmany L25 nw=16 wall=0.805s thr(out)1 thr(in)16 conc_peak=16 pread=11.231s
DBG getmany L26 nw=16 wall=0.208s thr(out)1 thr(in)16 conc_peak=16 pread=2.408s
DBG getmany L27 nw=16 wall=0.774s thr(out)1 thr(in)16 conc_peak=16 pread=10.807s
DBG getmany L28 nw=16 wall=0.188s thr(out)1 thr(in)16 conc_peak=16 pread=2.075s
DBG getmany L29 nw=16 wall=0.277s thr(out)1 thr(in)16 conc_peak=16 pread=3.576s
DBG getmany L30 nw=16 wall=0.196s thr(out)1 thr(in)16 conc_peak=16 pread=2.281s
DBG getmany L31 nw=16 wall=0.336s thr(out)1 thr(in)16 conc_peak=16 pread=4.247s
DBG getmany L32 nw=16 wall=0.435s thr(out)1 thr(in)16 conc_peak=16 pread=2.956s
DBG getmany L33 nw=16 wall=0.869s thr(out)1 thr(in)16 conc_peak=16 pread=12.218s
DBG getmany L34 nw=16 wall=1.136s thr(out)1 thr(in)16 conc_peak=16 pread=17.032s
DBG getmany L35 nw=16 wall=0.477s thr(out)1 thr(in)16 conc_peak=16 pread=4.686s
DBG getmany L36 nw=16 wall=0.391s thr(out)1 thr(in)16 conc_peak=16 pread=4.125s
DBG getmany L37 nw=16 wall=0.498s thr(out)1 thr(in)16 conc_peak=16 pread=6.788s
DBG getmany L38 nw=16 wall=1.048s thr(out)1 thr(in)16 conc_peak=16 pread=15.137s
DBG getmany L39 nw=16 wall=0.308s thr(out)1 thr(in)16 conc_peak=16 pread=3.948s
DBG getmany L40 nw=16 wall=0.495s thr(out)1 thr(in)16 conc_peak=16 pread=6.517s
DBG getmany L41 nw=16 wall=0.220s thr(out)1 thr(in)16 conc_peak=16 pread=2.530s
DBG getmany L42 nw=16 wall=0.227s thr(out)1 thr(in)16 conc_peak=16 pread=2.584s
DBG getmany L43 nw=16 wall=0.226s thr(out)1 thr(in)16 conc_peak=16 pread=2.449s
DBG getmany L44 nw=16 wall=0.625s thr(out)1 thr(in)16 conc_peak=16 pread=7.782s
DBG getmany L45 nw=16 wall=1.141s thr(out)1 thr(in)16 conc_peak=16 pread=16.361s
DBG getmany L46 nw=16 wall=1.390s thr(out)1 thr(in)16 conc_peak=16 pread=20.189s
DBG getmany L47 nw=16 wall=1.291s thr(out)1 thr(in)16 conc_peak=16 pread=18.742s
DBG getmany L48 nw=16 wall=1.405s thr(out)1 thr(in)16 conc_peak=16 pread=19.671s
DBG getmany L49 nw=16 wall=1.557s thr(out)1 thr(in)16 conc_peak=16 pread=4.431s
DBG getmany L50 nw=16 wall=0.248s thr(out)1 thr(in)16 conc_peak=16 pread=2.683s
DBG getmany L51 nw=16 wall=0.433s thr(out)1 thr(in)16 conc_peak=16 pread=5.301s
DBG getmany L52 nw=16 wall=0.284s thr(out)1 thr(in)16 conc_peak=16 pread=3.364s
DBG getmany L53 nw=16 wall=0.364s thr(out)1 thr(in)16 conc_peak=16 pread=4.986s
DBG getmany L54 nw=16 wall=0.303s thr(out)1 thr(in)16 conc_peak=16 pread=2.327s
DBG getmany L55 nw=16 wall=0.386s thr(out)1 thr(in)16 conc_peak=16 pread=5.326s
DBG getmany L56 nw=16 wall=0.337s thr(out)1 thr(in)16 conc_peak=16 pread=4.637s
DBG getmany L57 nw=16 wall=0.223s thr(out)1 thr(in)16 conc_peak=16 pread=2.463s
DBG getmany L58 nw=16 wall=0.225s thr(out)1 thr(in)16 conc_peak=16 pread=2.321s
DBG getmany L59 nw=16 wall=0.511s thr(out)1 thr(in)16 conc_peak=16 pread=7.094s
DBG getmany L60 nw=16 wall=0.249s thr(out)1 thr(in)16 conc_peak=16 pread=2.549s
DBG getmany L61 nw=16 wall=0.393s thr(out)1 thr(in)16 conc_peak=16 pread=4.962s
DBG getmany L62 nw=16 wall=0.202s thr(out)1 thr(in)16 conc_peak=16 pread=1.918s
DBG getmany L63 nw=16 wall=0.374s thr(out)1 thr(in)16 conc_peak=16 pread=4.693s
DBG getmany L64 nw=16 wall=0.190s thr(out)1 thr(in)16 conc_peak=16 pread=1.877s
DBG getmany L65 nw=16 wall=0.305s thr(out)1 thr(in)16 conc_peak=16 pread=3.596s
DBG getmany L66 nw=16 wall=0.203s thr(out)1 thr(in)16 conc_peak=16 pread=1.862s
DBG getmany L67 nw=16 wall=0.465s thr(out)1 thr(in)16 conc_peak=16 pread=6.781s
DBG getmany L68 nw=16 wall=0.346s thr(out)1 thr(in)16 conc_peak=16 pread=4.927s
DBG getmany L69 nw=16 wall=0.365s thr(out)1 thr(in)16 conc_peak=16 pread=4.600s
DBG getmany L70 nw=16 wall=0.203s thr(out)1 thr(in)16 conc_peak=16 pread=2.094s
DBG getmany L71 nw=16 wall=0.316s thr(out)1 thr(in)16 conc_peak=16 pread=3.572s
DBG getmany L72 nw=16 wall=0.395s thr(out)1 thr(in)16 conc_peak=16 pread=4.811s
DBG getmany L73 nw=16 wall=0.336s thr(out)1 thr(in)16 conc_peak=16 pread=4.386s
DBG getmany L74 nw=16 wall=0.213s thr(out)1 thr(in)16 conc_peak=16 pread=1.864s
DBG getmany L75 nw=16 wall=0.459s thr(out)1 thr(in)16 conc_peak=16 pread=6.615s
DBG getmany L76 nw=16 wall=0.276s thr(out)1 thr(in)16 conc_peak=16 pread=3.750s
DBG getmany L77 nw=16 wall=0.379s thr(out)1 thr(in)16 conc_peak=16 pread=5.381s
DBG getmany L78 nw=16 wall=0.236s thr(out)1 thr(in)16 conc_peak=16 pread=2.750s
DBG getmany L79 nw=16 wall=0.430s thr(out)1 thr(in)16 conc_peak=16 pread=5.684s
DBG getmany L80 nw=16 wall=0.323s thr(out)1 thr(in)16 conc_peak=16 pread=4.474s
DBG getmany L81 nw=16 wall=0.234s thr(out)1 thr(in)16 conc_peak=16 pread=2.905s
DBG getmany L82 nw=16 wall=0.151s thr(out)1 thr(in)16 conc_peak=16 pread=1.615s
DBG getmany L83 nw=16 wall=0.427s thr(out)1 thr(in)16 conc_peak=16 pread=6.196s
DBG getmany L84 nw=16 wall=0.284s thr(out)1 thr(in)16 conc_peak=16 pread=3.708s
DBG getmany L85 nw=16 wall=0.267s thr(out)1 thr(in)16 conc_peak=16 pread=3.593s
DBG getmany L86 nw=16 wall=0.132s thr(out)1 thr(in)16 conc_peak=16 pread=1.163s
DBG getmany L87 nw=16 wall=0.430s thr(out)1 thr(in)16 conc_peak=16 pread=5.659s
DBG getmany L88 nw=16 wall=0.262s thr(out)1 thr(in)16 conc_peak=16 pread=3.458s
DBG getmany L89 nw=16 wall=0.289s thr(out)1 thr(in)16 conc_peak=16 pread=4.052s
DBG getmany L90 nw=16 wall=0.186s thr(out)1 thr(in)16 conc_peak=16 pread=2.319s
DBG getmany L91 nw=16 wall=0.227s thr(out)1 thr(in)16 conc_peak=16 pread=3.184s
DBG getmany L92 nw=16 wall=0.136s thr(out)1 thr(in)16 conc_peak=16 pread=1.387s
auto budget: 28.6 GB available, 9.0 GB reserved -> trunk 6.0 GB / expert cache 13.6 GB
config: /model/config.json (nested shape) | hidden=7168 layers=93 vocab=163840 | 24 MLA + 69 KDA | experts 896 top16 shared2 | latent=3584
  KV cache : 23.70 MB for 10 positions (2.37 MB/position)
Kimi K3, pure C, released checkpoint
  model    : /model
  prompt   : 1 tokens, generating 8

indexed 497220 tensors from 96 shards in 18.84 s
trunk on disk : 110.00 GB total (STREAMED from /mnt/nvme/trunk_layers_out, not held in RAM)

memory plan
  trunk (STREAMED) 6.00 GB
  embed + lm_head  4.70 GB
  expert cache     13.65 GB
  recurrent state  626.25 MB
  buffers          8.02 MB
  KV cache         23.65 MB
  TOTAL            25.00 GB
  available        28.63 GB

k3_trunk: trunk.bin absent - using per-layer slices (layer_%03d.bin)
trunk stream: 56.60 GB packed, 1/93 layers PINNED (3.00 GB), ring 2 x 1.30 GB
              reads use buffered I/O
              ring holds 2 slots: layers repeat over ~2 tokens, so recent ones are reused instead of re-read
trunk streaming enabled from /mnt/nvme/trunk_layers_out in 0.0 s
embedding, final norm and lm_head: 4.70 GB in 12.6 s

expert L1 eviction policy: heat
expert L2 cache enabled: 14589 slots x 17.55 MB = 256.00 GB on /mnt/nvme/experts.l2
expert L2 eviction policy: heat
peak RSS after loading weights: 4.79 GB  (the plan above is a forecast, this is measured)
expert cache: 777 slots x 17.56 MB = 13.64 GB (0.94% of the 1.45 TB expert pool)

recurrent state for 93 layers: 626.25 MB

incremental decode: KV cache 23.65 MB for 24 MLA layers at 10 positions

STEP   TOKEN      SECONDS      CACHE HIT  READ GB    TOK/S
--------------------------------------------------------------------
0      220        141.00       100.0      25.83      0.007
  L2   resident=6779/14589 slots hit=100.0% read=25.83GB write=0.00GB
DBG getmany L1 nw=16 wall=0.188s thr(out)1 thr(in)16 conc_peak=16 pread=1.967s
DBG getmany L2 nw=16 wall=0.160s thr(out)1 thr(in)16 conc_peak=16 pread=1.302s
DBG getmany L3 nw=16 wall=0.325s thr(out)1 thr(in)16 conc_peak=16 pread=3.826s
DBG getmany L4 nw=16 wall=0.182s thr(out)1 thr(in)16 conc_peak=16 pread=2.137s
DBG getmany L5 nw=16 wall=0.168s thr(out)1 thr(in)16 conc_peak=16 pread=1.882s
DBG getmany L6 nw=16 wall=0.149s thr(out)1 thr(in)16 conc_peak=16 pread=1.409s
DBG getmany L7 nw=16 wall=0.312s thr(out)1 thr(in)16 conc_peak=16 pread=4.013s
DBG getmany L8 nw=16 wall=0.173s thr(out)1 thr(in)16 conc_peak=16 pread=1.789s
DBG getmany L9 nw=16 wall=0.168s thr(out)1 thr(in)16 conc_peak=16 pread=2.002s
DBG getmany L10 nw=16 wall=0.157s thr(out)1 thr(in)16 conc_peak=16 pread=1.507s
DBG getmany L11 nw=16 wall=0.355s thr(out)1 thr(in)16 conc_peak=16 pread=4.248s
DBG getmany L12 nw=16 wall=0.220s thr(out)1 thr(in)16 conc_peak=16 pread=2.879s
DBG getmany L13 nw=16 wall=0.205s thr(out)1 thr(in)16 conc_peak=16 pread=2.415s
DBG getmany L14 nw=16 wall=0.171s thr(out)1 thr(in)16 conc_peak=16 pread=1.544s
DBG getmany L15 nw=16 wall=0.385s thr(out)1 thr(in)16 conc_peak=16 pread=5.434s
DBG getmany L16 nw=16 wall=0.226s thr(out)1 thr(in)16 conc_peak=16 pread=2.933s
DBG getmany L17 nw=16 wall=0.209s thr(out)1 thr(in)16 conc_peak=16 pread=2.404s
DBG getmany L18 nw=16 wall=0.178s thr(out)1 thr(in)16 conc_peak=16 pread=1.729s
DBG getmany L19 nw=16 wall=0.348s thr(out)1 thr(in)16 conc_peak=16 pread=4.732s
DBG getmany L20 nw=16 wall=0.157s thr(out)1 thr(in)16 conc_peak=16 pread=1.536s
DBG getmany L21 nw=16 wall=0.195s thr(out)1 thr(in)16 conc_peak=16 pread=1.700s
DBG getmany L22 nw=16 wall=0.159s thr(out)1 thr(in)16 conc_peak=16 pread=1.612s
DBG getmany L23 nw=16 wall=1.781s thr(out)1 thr(in)16 conc_peak=16 pread=25.989s
DBG getmany L24 nw=16 wall=0.335s thr(out)1 thr(in)16 conc_peak=16 pread=4.199s
DBG getmany L25 nw=16 wall=0.308s thr(out)1 thr(in)16 conc_peak=16 pread=4.191s
DBG getmany L26 nw=16 wall=0.160s thr(out)1 thr(in)16 conc_peak=16 pread=1.571s
DBG getmany L27 nw=16 wall=0.364s thr(out)1 thr(in)16 conc_peak=16 pread=4.790s
DBG getmany L28 nw=16 wall=0.212s thr(out)1 thr(in)16 conc_peak=16 pread=2.661s
DBG getmany L29 nw=16 wall=0.314s thr(out)1 thr(in)16 conc_peak=16 pread=4.378s
DBG getmany L30 nw=16 wall=0.231s thr(out)1 thr(in)16 conc_peak=16 pread=2.792s
DBG getmany L31 nw=16 wall=0.397s thr(out)1 thr(in)16 conc_peak=16 pread=5.547s
DBG getmany L32 nw=16 wall=0.336s thr(out)1 thr(in)16 conc_peak=16 pread=4.121s
DBG getmany L33 nw=16 wall=0.333s thr(out)1 thr(in)16 conc_peak=16 pread=4.812s
DBG getmany L34 nw=16 wall=0.216s thr(out)1 thr(in)16 conc_peak=16 pread=2.532s
DBG getmany L35 nw=16 wall=0.410s thr(out)1 thr(in)16 conc_peak=16 pread=5.700s
DBG getmany L36 nw=16 wall=0.278s thr(out)1 thr(in)16 conc_peak=16 pread=3.683s
DBG getmany L37 nw=16 wall=0.297s thr(out)1 thr(in)16 conc_peak=16 pread=4.018s
DBG getmany L38 nw=16 wall=0.198s thr(out)1 thr(in)16 conc_peak=16 pread=2.217s
DBG getmany L39 nw=16 wall=0.430s thr(out)1 thr(in)16 conc_peak=16 pread=6.082s
DBG getmany L40 nw=16 wall=0.314s thr(out)1 thr(in)16 conc_peak=16 pread=4.295s
DBG getmany L41 nw=16 wall=0.295s thr(out)1 thr(in)16 conc_peak=16 pread=3.900s
DBG getmany L42 nw=16 wall=0.304s thr(out)1 thr(in)16 conc_peak=16 pread=4.310s
DBG getmany L43 nw=16 wall=0.382s thr(out)1 thr(in)16 conc_peak=16 pread=4.680s
DBG getmany L44 nw=16 wall=0.326s thr(out)1 thr(in)16 conc_peak=16 pread=4.623s
DBG getmany L45 nw=16 wall=0.328s thr(out)1 thr(in)16 conc_peak=16 pread=4.754s
DBG getmany L46 nw=16 wall=0.214s thr(out)1 thr(in)16 conc_peak=16 pread=2.221s
DBG getmany L47 nw=16 wall=0.469s thr(out)1 thr(in)16 conc_peak=16 pread=6.340s
DBG getmany L48 nw=16 wall=0.336s thr(out)1 thr(in)16 conc_peak=16 pread=4.183s
DBG getmany L49 nw=16 wall=0.346s thr(out)1 thr(in)16 conc_peak=16 pread=4.524s
DBG getmany L50 nw=16 wall=0.226s thr(out)1 thr(in)16 conc_peak=16 pread=2.439s
DBG getmany L51 nw=16 wall=0.467s thr(out)1 thr(in)16 conc_peak=16 pread=6.376s
DBG getmany L52 nw=16 wall=0.315s thr(out)1 thr(in)16 conc_peak=16 pread=4.094s
DBG getmany L53 nw=16 wall=0.293s thr(out)1 thr(in)16 conc_peak=16 pread=3.852s
DBG getmany L54 nw=16 wall=0.245s thr(out)1 thr(in)16 conc_peak=16 pread=3.091s
DBG getmany L55 nw=16 wall=0.439s thr(out)1 thr(in)16 conc_peak=16 pread=5.773s
DBG getmany L56 nw=16 wall=0.296s thr(out)1 thr(in)16 conc_peak=16 pread=3.766s
DBG getmany L57 nw=16 wall=0.285s thr(out)1 thr(in)16 conc_peak=16 pread=3.799s
DBG getmany L58 nw=16 wall=0.192s thr(out)1 thr(in)16 conc_peak=16 pread=2.238s
DBG getmany L59 nw=16 wall=0.412s thr(out)1 thr(in)16 conc_peak=16 pread=5.259s
DBG getmany L60 nw=16 wall=0.307s thr(out)1 thr(in)16 conc_peak=16 pread=4.266s
DBG getmany L61 nw=16 wall=0.301s thr(out)1 thr(in)16 conc_peak=16 pread=4.068s
DBG getmany L62 nw=16 wall=12.238s thr(out)1 thr(in)16 conc_peak=16 pread=171.967s
DBG getmany L63 nw=16 wall=0.464s thr(out)1 thr(in)16 conc_peak=16 pread=5.508s
DBG getmany L64 nw=16 wall=0.375s thr(out)1 thr(in)16 conc_peak=16 pread=4.734s
DBG getmany L65 nw=16 wall=0.367s thr(out)1 thr(in)16 conc_peak=16 pread=4.759s
DBG getmany L66 nw=16 wall=0.176s thr(out)1 thr(in)16 conc_peak=16 pread=1.760s
DBG getmany L67 nw=16 wall=0.453s thr(out)1 thr(in)16 conc_peak=16 pread=6.101s
DBG getmany L68 nw=16 wall=0.365s thr(out)1 thr(in)16 conc_peak=16 pread=4.782s
DBG getmany L69 nw=16 wall=0.344s thr(out)1 thr(in)16 conc_peak=16 pread=4.703s
DBG getmany L70 nw=16 wall=0.191s thr(out)1 thr(in)16 conc_peak=16 pread=1.990s
DBG getmany L71 nw=16 wall=0.457s thr(out)1 thr(in)16 conc_peak=16 pread=5.847s
DBG getmany L72 nw=16 wall=0.405s thr(out)1 thr(in)16 conc_peak=16 pread=5.455s
DBG getmany L73 nw=16 wall=0.375s thr(out)1 thr(in)16 conc_peak=16 pread=4.770s
DBG getmany L74 nw=16 wall=0.215s thr(out)1 thr(in)16 conc_peak=16 pread=2.255s
DBG getmany L75 nw=16 wall=0.488s thr(out)1 thr(in)16 conc_peak=16 pread=6.381s
DBG getmany L76 nw=16 wall=0.317s thr(out)1 thr(in)16 conc_peak=16 pread=4.249s
DBG getmany L77 nw=16 wall=0.330s thr(out)1 thr(in)16 conc_peak=16 pread=4.307s
DBG getmany L78 nw=16 wall=0.176s thr(out)1 thr(in)16 conc_peak=16 pread=1.741s
DBG getmany L79 nw=16 wall=0.339s thr(out)1 thr(in)16 conc_peak=16 pread=4.504s
DBG getmany L80 nw=16 wall=0.325s thr(out)1 thr(in)16 conc_peak=16 pread=4.216s
DBG getmany L81 nw=16 wall=0.994s thr(out)1 thr(in)16 conc_peak=16 pread=12.539s
DBG getmany L82 nw=16 wall=0.166s thr(out)1 thr(in)16 conc_peak=16 pread=1.651s
DBG getmany L83 nw=16 wall=0.265s thr(out)1 thr(in)16 conc_peak=16 pread=3.604s
DBG getmany L84 nw=16 wall=0.377s thr(out)1 thr(in)16 conc_peak=16 pread=4.635s
DBG getmany L85 nw=16 wall=0.354s thr(out)1 thr(in)16 conc_peak=16 pread=5.030s
DBG getmany L86 nw=16 wall=0.216s thr(out)1 thr(in)16 conc_peak=16 pread=2.557s
DBG getmany L87 nw=16 wall=0.445s thr(out)1 thr(in)16 conc_peak=16 pread=5.988s
DBG getmany L88 nw=16 wall=0.335s thr(out)1 thr(in)16 conc_peak=16 pread=4.484s
DBG getmany L89 nw=16 wall=0.455s thr(out)1 thr(in)16 conc_peak=16 pread=6.425s
DBG getmany L90 nw=16 wall=0.168s thr(out)1 thr(in)16 conc_peak=16 pread=1.683s
DBG getmany L91 nw=16 wall=0.341s thr(out)1 thr(in)16 conc_peak=16 pread=4.070s
DBG getmany L92 nw=16 wall=0.162s thr(out)1 thr(in)16 conc_peak=16 pread=1.517s
1      802        122.82       100.0      25.83      0.008
  L2   resident=6779/14589 slots hit=100.0% read=51.64GB write=0.00GB
DBG getmany L1 nw=16 wall=0.263s thr(out)1 thr(in)16 conc_peak=16 pread=3.483s
DBG getmany L2 nw=15 wall=0.162s thr(out)1 thr(in)16 conc_peak=15 pread=1.592s
DBG getmany L3 nw=13 wall=0.206s thr(out)1 thr(in)16 conc_peak=13 pread=2.106s
DBG getmany L4 nw=15 wall=0.256s thr(out)1 thr(in)16 conc_peak=15 pread=3.197s
DBG getmany L5 nw=16 wall=0.273s thr(out)1 thr(in)16 conc_peak=16 pread=3.325s
DBG getmany L6 nw=15 wall=0.153s thr(out)1 thr(in)16 conc_peak=15 pread=1.454s
DBG getmany L7 nw=15 wall=0.399s thr(out)1 thr(in)16 conc_peak=15 pread=4.428s
DBG getmany L8 nw=16 wall=0.316s thr(out)1 thr(in)16 conc_peak=16 pread=4.028s
DBG getmany L9 nw=15 wall=0.293s thr(out)1 thr(in)16 conc_peak=15 pread=4.026s
DBG getmany L10 nw=15 wall=0.173s thr(out)1 thr(in)16 conc_peak=15 pread=1.765s
DBG getmany L11 nw=15 wall=0.396s thr(out)1 thr(in)16 conc_peak=15 pread=4.914s
DBG getmany L12 nw=15 wall=0.271s thr(out)1 thr(in)16 conc_peak=15 pread=3.328s
DBG getmany L13 nw=16 wall=0.275s thr(out)1 thr(in)16 conc_peak=16 pread=3.769s
DBG getmany L14 nw=15 wall=0.155s thr(out)1 thr(in)16 conc_peak=15 pread=1.320s
DBG getmany L15 nw=16 wall=0.393s thr(out)1 thr(in)16 conc_peak=16 pread=5.347s
DBG getmany L16 nw=15 wall=0.260s thr(out)1 thr(in)16 conc_peak=15 pread=2.906s
DBG getmany L17 nw=16 wall=0.368s thr(out)1 thr(in)16 conc_peak=16 pread=4.858s
DBG getmany L18 nw=16 wall=0.243s thr(out)1 thr(in)16 conc_peak=16 pread=3.202s
DBG getmany L19 nw=16 wall=0.305s thr(out)1 thr(in)16 conc_peak=16 pread=4.303s
DBG getmany L20 nw=16 wall=0.264s thr(out)1 thr(in)16 conc_peak=16 pread=3.446s
DBG getmany L21 nw=16 wall=0.307s thr(out)1 thr(in)16 conc_peak=16 pread=4.203s
DBG getmany L22 nw=16 wall=0.173s thr(out)1 thr(in)16 conc_peak=16 pread=1.701s
DBG getmany L23 nw=15 wall=0.350s thr(out)1 thr(in)16 conc_peak=15 pread=4.363s
DBG getmany L24 nw=13 wall=0.321s thr(out)1 thr(in)16 conc_peak=13 pread=3.361s
DBG getmany L25 nw=15 wall=0.359s thr(out)1 thr(in)16 conc_peak=15 pread=3.879s
DBG getmany L26 nw=15 wall=0.210s thr(out)1 thr(in)16 conc_peak=15 pread=2.212s
DBG getmany L27 nw=16 wall=0.335s thr(out)1 thr(in)16 conc_peak=16 pread=4.563s
DBG getmany L28 nw=15 wall=0.236s thr(out)1 thr(in)16 conc_peak=15 pread=2.963s
DBG getmany L29 nw=16 wall=0.333s thr(out)1 thr(in)16 conc_peak=16 pread=4.309s
DBG getmany L30 nw=16 wall=0.212s thr(out)1 thr(in)16 conc_peak=16 pread=2.429s
DBG getmany L31 nw=16 wall=0.463s thr(out)1 thr(in)16 conc_peak=16 pread=6.285s
DBG getmany L32 nw=14 wall=0.311s thr(out)1 thr(in)16 conc_peak=14 pread=3.912s
DBG getmany L33 nw=15 wall=0.338s thr(out)1 thr(in)16 conc_peak=15 pread=3.836s
DBG getmany L34 nw=16 wall=0.238s thr(out)1 thr(in)16 conc_peak=16 pread=3.266s
DBG getmany L35 nw=16 wall=0.441s thr(out)1 thr(in)16 conc_peak=16 pread=6.308s
DBG getmany L36 nw=14 wall=0.301s thr(out)1 thr(in)16 conc_peak=14 pread=3.418s
DBG getmany L37 nw=16 wall=0.328s thr(out)1 thr(in)16 conc_peak=16 pread=4.323s
DBG getmany L38 nw=16 wall=0.253s thr(out)1 thr(in)16 conc_peak=16 pread=3.422s
DBG getmany L39 nw=16 wall=0.410s thr(out)1 thr(in)16 conc_peak=16 pread=5.960s
DBG getmany L40 nw=16 wall=0.294s thr(out)1 thr(in)16 conc_peak=16 pread=3.350s
DBG getmany L41 nw=16 wall=0.468s thr(out)1 thr(in)16 conc_peak=16 pread=6.988s
DBG getmany L42 nw=16 wall=0.235s thr(out)1 thr(in)16 conc_peak=16 pread=2.971s
DBG getmany L43 nw=16 wall=0.406s thr(out)1 thr(in)16 conc_peak=16 pread=5.310s
DBG getmany L44 nw=16 wall=0.357s thr(out)1 thr(in)16 conc_peak=16 pread=4.699s
DBG getmany L45 nw=16 wall=0.368s thr(out)1 thr(in)16 conc_peak=16 pread=5.347s
DBG getmany L46 nw=15 wall=0.219s thr(out)1 thr(in)16 conc_peak=15 pread=2.389s
DBG getmany L47 nw=15 wall=0.376s thr(out)1 thr(in)16 conc_peak=15 pread=4.888s
DBG getmany L48 nw=15 wall=0.314s thr(out)1 thr(in)16 conc_peak=15 pread=3.750s
DBG getmany L49 nw=15 wall=0.344s thr(out)1 thr(in)16 conc_peak=15 pread=4.296s
DBG getmany L50 nw=16 wall=0.216s thr(out)1 thr(in)16 conc_peak=16 pread=2.755s
DBG getmany L51 nw=16 wall=0.450s thr(out)1 thr(in)16 conc_peak=16 pread=6.447s
DBG getmany L52 nw=16 wall=0.272s thr(out)1 thr(in)16 conc_peak=16 pread=3.785s
DBG getmany L53 nw=15 wall=0.338s thr(out)1 thr(in)16 conc_peak=15 pread=4.545s
DBG getmany L54 nw=16 wall=0.190s thr(out)1 thr(in)16 conc_peak=16 pread=1.960s
DBG getmany L55 nw=16 wall=0.414s thr(out)1 thr(in)16 conc_peak=16 pread=5.507s
DBG getmany L56 nw=16 wall=0.184s thr(out)1 thr(in)16 conc_peak=16 pread=1.872s
DBG getmany L57 nw=16 wall=0.282s thr(out)1 thr(in)16 conc_peak=16 pread=3.986s
DBG getmany L58 nw=16 wall=0.163s thr(out)1 thr(in)16 conc_peak=16 pread=1.627s
DBG getmany L59 nw=16 wall=0.313s thr(out)1 thr(in)16 conc_peak=16 pread=4.267s
DBG getmany L60 nw=16 wall=0.375s thr(out)1 thr(in)16 conc_peak=16 pread=5.331s
DBG getmany L61 nw=16 wall=0.284s thr(out)1 thr(in)16 conc_peak=16 pread=3.616s
DBG getmany L62 nw=16 wall=0.185s thr(out)1 thr(in)16 conc_peak=16 pread=1.972s
DBG getmany L63 nw=16 wall=0.439s thr(out)1 thr(in)16 conc_peak=16 pread=5.748s
DBG getmany L64 nw=16 wall=0.291s thr(out)1 thr(in)16 conc_peak=16 pread=4.059s
DBG getmany L65 nw=16 wall=0.348s thr(out)1 thr(in)16 conc_peak=16 pread=4.879s
DBG getmany L66 nw=16 wall=0.184s thr(out)1 thr(in)16 conc_peak=16 pread=1.787s
DBG getmany L67 nw=16 wall=0.356s thr(out)1 thr(in)16 conc_peak=16 pread=4.499s
DBG getmany L68 nw=16 wall=0.308s thr(out)1 thr(in)16 conc_peak=16 pread=3.682s
DBG getmany L69 nw=16 wall=0.326s thr(out)1 thr(in)16 conc_peak=16 pread=4.617s
DBG getmany L70 nw=16 wall=0.159s thr(out)1 thr(in)16 conc_peak=16 pread=1.578s
DBG getmany L71 nw=16 wall=0.452s thr(out)1 thr(in)16 conc_peak=16 pread=5.994s
DBG getmany L72 nw=16 wall=0.364s thr(out)1 thr(in)16 conc_peak=16 pread=5.213s
DBG getmany L73 nw=16 wall=0.329s thr(out)1 thr(in)16 conc_peak=16 pread=4.672s
DBG getmany L74 nw=16 wall=0.232s thr(out)1 thr(in)16 conc_peak=16 pread=2.734s
DBG getmany L75 nw=16 wall=0.423s thr(out)1 thr(in)16 conc_peak=16 pread=6.114s
DBG getmany L76 nw=16 wall=0.304s thr(out)1 thr(in)16 conc_peak=16 pread=4.235s
DBG getmany L77 nw=16 wall=0.325s thr(out)1 thr(in)16 conc_peak=16 pread=4.509s
DBG getmany L78 nw=16 wall=0.207s thr(out)1 thr(in)16 conc_peak=16 pread=2.281s
DBG getmany L79 nw=16 wall=0.402s thr(out)1 thr(in)16 conc_peak=16 pread=5.514s
DBG getmany L80 nw=16 wall=0.278s thr(out)1 thr(in)16 conc_peak=16 pread=3.674s
DBG getmany L81 nw=15 wall=0.295s thr(out)1 thr(in)16 conc_peak=15 pread=3.635s
DBG getmany L82 nw=16 wall=0.185s thr(out)1 thr(in)16 conc_peak=16 pread=1.874s
DBG getmany L83 nw=13 wall=0.400s thr(out)1 thr(in)16 conc_peak=13 pread=4.517s
DBG getmany L84 nw=13 wall=0.276s thr(out)1 thr(in)16 conc_peak=13 pread=2.810s
DBG getmany L85 nw=14 wall=0.254s thr(out)1 thr(in)16 conc_peak=14 pread=2.709s
DBG getmany L86 nw=16 wall=0.193s thr(out)1 thr(in)16 conc_peak=16 pread=1.996s
DBG getmany L87 nw=13 wall=0.446s thr(out)1 thr(in)16 conc_peak=13 pread=4.930s
DBG getmany L88 nw=15 wall=0.273s thr(out)1 thr(in)16 conc_peak=15 pread=3.604s
DBG getmany L89 nw=13 wall=0.309s thr(out)1 thr(in)16 conc_peak=13 pread=3.384s
DBG getmany L90 nw=12 wall=0.220s thr(out)1 thr(in)16 conc_peak=12 pread=2.390s
DBG getmany L91 nw=13 wall=0.251s thr(out)1 thr(in)16 conc_peak=13 pread=2.801s
DBG getmany L92 nw=13 wall=0.130s thr(out)1 thr(in)16 conc_peak=13 pread=1.022s
2      24         102.42       100.0      24.85      0.010
  L2   resident=6779/14589 slots hit=100.0% read=76.49GB write=0.00GB
DBG getmany L1 nw=15 wall=0.259s thr(out)1 thr(in)16 conc_peak=15 pread=3.057s
DBG getmany L2 nw=14 wall=0.186s thr(out)1 thr(in)16 conc_peak=14 pread=1.962s
DBG getmany L3 nw=12 wall=0.289s thr(out)1 thr(in)16 conc_peak=12 pread=3.029s
DBG getmany L4 nw=13 wall=0.217s thr(out)1 thr(in)16 conc_peak=13 pread=2.398s
DBG getmany L5 nw=15 wall=0.209s thr(out)1 thr(in)16 conc_peak=15 pread=2.401s
DBG getmany L6 nw=16 wall=0.164s thr(out)1 thr(in)16 conc_peak=16 pread=1.497s
DBG getmany L7 nw=15 wall=0.365s thr(out)1 thr(in)16 conc_peak=15 pread=4.794s
DBG getmany L8 nw=16 wall=0.266s thr(out)1 thr(in)16 conc_peak=16 pread=3.781s
DBG getmany L9 nw=12 wall=0.260s thr(out)1 thr(in)16 conc_peak=12 pread=2.842s
DBG getmany L10 nw=10 wall=0.119s thr(out)1 thr(in)16 conc_peak=8 pread=0.818s
DBG getmany L11 nw=13 wall=0.330s thr(out)1 thr(in)16 conc_peak=13 pread=3.521s
DBG getmany L12 nw=14 wall=0.315s thr(out)1 thr(in)16 conc_peak=14 pread=3.668s
DBG getmany L13 nw=13 wall=0.230s thr(out)1 thr(in)16 conc_peak=13 pread=2.631s
DBG getmany L14 nw=13 wall=0.151s thr(out)1 thr(in)16 conc_peak=13 pread=1.395s
DBG getmany L15 nw=14 wall=0.350s thr(out)1 thr(in)16 conc_peak=14 pread=3.895s
DBG getmany L16 nw=12 wall=0.149s thr(out)1 thr(in)16 conc_peak=12 pread=1.273s
DBG getmany L17 nw=14 wall=0.273s thr(out)1 thr(in)16 conc_peak=14 pread=3.421s
DBG getmany L18 nw=13 wall=0.162s thr(out)1 thr(in)16 conc_peak=13 pread=1.217s
DBG getmany L19 nw=13 wall=0.313s thr(out)1 thr(in)16 conc_peak=13 pread=3.025s
DBG getmany L20 nw=12 wall=0.185s thr(out)1 thr(in)16 conc_peak=12 pread=1.799s
DBG getmany L21 nw=15 wall=0.353s thr(out)1 thr(in)16 conc_peak=15 pread=4.666s
DBG getmany L22 nw=15 wall=0.152s thr(out)1 thr(in)16 conc_peak=15 pread=1.366s
DBG getmany L23 nw=12 wall=0.330s thr(out)1 thr(in)16 conc_peak=12 pread=3.557s
DBG getmany L24 nw=13 wall=0.370s thr(out)1 thr(in)16 conc_peak=13 pread=3.798s
DBG getmany L25 nw=16 wall=0.284s thr(out)1 thr(in)16 conc_peak=16 pread=3.816s
DBG getmany L26 nw=14 wall=0.190s thr(out)1 thr(in)16 conc_peak=14 pread=1.971s
DBG getmany L27 nw=16 wall=0.335s thr(out)1 thr(in)16 conc_peak=16 pread=4.648s
DBG getmany L28 nw=15 wall=0.274s thr(out)1 thr(in)16 conc_peak=15 pread=2.970s
DBG getmany L29 nw=14 wall=0.280s thr(out)1 thr(in)16 conc_peak=14 pread=3.447s
DBG getmany L30 nw=15 wall=0.189s thr(out)1 thr(in)16 conc_peak=15 pread=1.889s
DBG getmany L31 nw=15 wall=0.441s thr(out)1 thr(in)16 conc_peak=15 pread=5.248s
DBG getmany L32 nw=12 wall=0.284s thr(out)1 thr(in)16 conc_peak=12 pread=2.359s
DBG getmany L33 nw=13 wall=0.367s thr(out)1 thr(in)16 conc_peak=11 pread=3.748s
DBG getmany L34 nw=15 wall=0.214s thr(out)1 thr(in)16 conc_peak=15 pread=2.242s
DBG getmany L35 nw=14 wall=0.446s thr(out)1 thr(in)16 conc_peak=14 pread=5.398s
DBG getmany L36 nw=14 wall=0.358s thr(out)1 thr(in)16 conc_peak=14 pread=4.548s
DBG getmany L37 nw=15 wall=0.329s thr(out)1 thr(in)16 conc_peak=15 pread=4.008s
DBG getmany L38 nw=14 wall=0.183s thr(out)1 thr(in)16 conc_peak=14 pread=1.844s
DBG getmany L39 nw=14 wall=0.435s thr(out)1 thr(in)16 conc_peak=14 pread=4.881s
DBG getmany L40 nw=15 wall=0.343s thr(out)1 thr(in)16 conc_peak=15 pread=3.655s
DBG getmany L41 nw=14 wall=0.340s thr(out)1 thr(in)16 conc_peak=14 pread=4.265s
DBG getmany L42 nw=14 wall=0.157s thr(out)1 thr(in)16 conc_peak=14 pread=1.421s
DBG getmany L43 nw=16 wall=0.391s thr(out)1 thr(in)16 conc_peak=16 pread=4.843s
DBG getmany L44 nw=16 wall=0.299s thr(out)1 thr(in)16 conc_peak=16 pread=3.987s
DBG getmany L45 nw=15 wall=0.354s thr(out)1 thr(in)16 conc_peak=15 pread=4.558s
DBG getmany L46 nw=14 wall=0.202s thr(out)1 thr(in)16 conc_peak=14 pread=2.035s
DBG getmany L47 nw=14 wall=0.417s thr(out)1 thr(in)16 conc_peak=14 pread=4.188s
DBG getmany L48 nw=15 wall=0.300s thr(out)1 thr(in)16 conc_peak=15 pread=3.813s
DBG getmany L49 nw=15 wall=0.363s thr(out)1 thr(in)16 conc_peak=15 pread=4.514s
DBG getmany L50 nw=15 wall=0.222s thr(out)1 thr(in)16 conc_peak=15 pread=2.585s
DBG getmany L51 nw=14 wall=0.332s thr(out)1 thr(in)16 conc_peak=14 pread=3.862s
DBG getmany L52 nw=13 wall=0.256s thr(out)1 thr(in)16 conc_peak=13 pread=2.600s
DBG getmany L53 nw=14 wall=0.319s thr(out)1 thr(in)16 conc_peak=14 pread=3.627s
DBG getmany L54 nw=15 wall=0.182s thr(out)1 thr(in)16 conc_peak=15 pread=1.826s
DBG getmany L55 nw=13 wall=0.357s thr(out)1 thr(in)16 conc_peak=13 pread=4.229s
DBG getmany L56 nw=15 wall=0.309s thr(out)1 thr(in)16 conc_peak=15 pread=3.833s
DBG getmany L57 nw=16 wall=0.317s thr(out)1 thr(in)16 conc_peak=16 pread=4.220s
DBG getmany L58 nw=13 wall=0.187s thr(out)1 thr(in)16 conc_peak=13 pread=1.760s
DBG getmany L59 nw=13 wall=0.381s thr(out)1 thr(in)16 conc_peak=13 pread=3.757s
DBG getmany L60 nw=15 wall=0.330s thr(out)1 thr(in)16 conc_peak=15 pread=4.091s
DBG getmany L61 nw=15 wall=0.346s thr(out)1 thr(in)16 conc_peak=15 pread=3.884s
DBG getmany L62 nw=12 wall=0.156s thr(out)1 thr(in)16 conc_peak=12 pread=1.087s
DBG getmany L63 nw=13 wall=0.426s thr(out)1 thr(in)16 conc_peak=13 pread=5.222s
DBG getmany L64 nw=14 wall=0.357s thr(out)1 thr(in)16 conc_peak=14 pread=4.310s
DBG getmany L65 nw=12 wall=0.319s thr(out)1 thr(in)16 conc_peak=12 pread=3.378s
DBG getmany L66 nw=14 wall=0.218s thr(out)1 thr(in)16 conc_peak=11 pread=2.393s
DBG getmany L67 nw=14 wall=0.444s thr(out)1 thr(in)16 conc_peak=14 pread=5.599s
DBG getmany L68 nw=13 wall=0.282s thr(out)1 thr(in)16 conc_peak=13 pread=3.082s
DBG getmany L69 nw=13 wall=0.347s thr(out)1 thr(in)16 conc_peak=13 pread=4.129s
DBG getmany L70 nw=12 wall=0.176s thr(out)1 thr(in)16 conc_peak=12 pread=1.667s
DBG getmany L71 nw=14 wall=0.452s thr(out)1 thr(in)16 conc_peak=14 pread=4.502s
DBG getmany L72 nw=15 wall=0.294s thr(out)1 thr(in)16 conc_peak=15 pread=3.619s
DBG getmany L73 nw=16 wall=0.345s thr(out)1 thr(in)16 conc_peak=16 pread=4.886s
DBG getmany L74 nw=16 wall=0.212s thr(out)1 thr(in)16 conc_peak=16 pread=2.693s
DBG getmany L75 nw=16 wall=0.384s thr(out)1 thr(in)16 conc_peak=16 pread=5.326s
DBG getmany L76 nw=16 wall=0.291s thr(out)1 thr(in)16 conc_peak=16 pread=3.559s
DBG getmany L77 nw=13 wall=0.289s thr(out)1 thr(in)16 conc_peak=13 pread=3.257s
DBG getmany L78 nw=14 wall=0.191s thr(out)1 thr(in)16 conc_peak=14 pread=1.929s
DBG getmany L79 nw=14 wall=0.358s thr(out)1 thr(in)16 conc_peak=14 pread=4.494s
DBG getmany L80 nw=16 wall=0.251s thr(out)1 thr(in)16 conc_peak=16 pread=3.068s
DBG getmany L81 nw=14 wall=0.172s thr(out)1 thr(in)16 conc_peak=14 pread=1.511s
DBG getmany L82 nw=15 wall=0.174s thr(out)1 thr(in)16 conc_peak=15 pread=1.347s
DBG getmany L83 nw=13 wall=0.309s thr(out)1 thr(in)16 conc_peak=13 pread=3.188s
DBG getmany L84 nw=10 wall=0.213s thr(out)1 thr(in)16 conc_peak=10 pread=1.838s
DBG getmany L85 nw=13 wall=0.210s thr(out)1 thr(in)16 conc_peak=13 pread=2.050s
DBG getmany L86 nw=14 wall=2.053s thr(out)1 thr(in)16 conc_peak=14 pread=23.729s
DBG getmany L87 nw=13 wall=0.428s thr(out)1 thr(in)16 conc_peak=13 pread=4.665s
DBG getmany L88 nw=12 wall=0.339s thr(out)1 thr(in)16 conc_peak=12 pread=2.978s
DBG getmany L89 nw=14 wall=0.355s thr(out)1 thr(in)16 conc_peak=14 pread=4.707s
DBG getmany L90 nw=13 wall=0.217s thr(out)1 thr(in)16 conc_peak=13 pread=2.322s
DBG getmany L91 nw=12 wall=0.239s thr(out)1 thr(in)16 conc_peak=12 pread=2.474s
DBG getmany L92 nw=13 wall=0.128s thr(out)1 thr(in)16 conc_peak=13 pread=0.979s
3      12         102.69       99.9       22.51      0.010
  L2   resident=6779/14589 slots hit=100.0% read=98.98GB write=0.00GB
DBG getmany L1 nw=15 wall=0.249s thr(out)1 thr(in)16 conc_peak=15 pread=3.113s
DBG getmany L2 nw=14 wall=0.141s thr(out)1 thr(in)16 conc_peak=14 pread=1.191s
DBG getmany L3 nw=13 wall=0.350s thr(out)1 thr(in)16 conc_peak=13 pread=3.881s
DBG getmany L4 nw=13 wall=0.223s thr(out)1 thr(in)16 conc_peak=13 pread=2.318s
DBG getmany L5 nw=16 wall=0.273s thr(out)1 thr(in)16 conc_peak=16 pread=3.459s
DBG getmany L6 nw=16 wall=0.159s thr(out)1 thr(in)16 conc_peak=16 pread=1.557s
DBG getmany L7 nw=15 wall=0.326s thr(out)1 thr(in)16 conc_peak=15 pread=4.216s
DBG getmany L8 nw=16 wall=0.277s thr(out)1 thr(in)16 conc_peak=16 pread=3.562s
DBG getmany L9 nw=14 wall=0.265s thr(out)1 thr(in)16 conc_peak=14 pread=2.895s
DBG getmany L10 nw=14 wall=0.141s thr(out)1 thr(in)16 conc_peak=14 pread=1.170s
DBG getmany L11 nw=13 wall=0.323s thr(out)1 thr(in)16 conc_peak=13 pread=3.492s
DBG getmany L12 nw=15 wall=0.241s thr(out)1 thr(in)16 conc_peak=15 pread=3.034s
DBG getmany L13 nw=15 wall=0.234s thr(out)1 thr(in)16 conc_peak=15 pread=2.842s
DBG getmany L14 nw=15 wall=0.154s thr(out)1 thr(in)16 conc_peak=15 pread=1.484s
DBG getmany L15 nw=14 wall=0.330s thr(out)1 thr(in)16 conc_peak=14 pread=3.992s
DBG getmany L16 nw=14 wall=0.244s thr(out)1 thr(in)16 conc_peak=14 pread=2.642s
DBG getmany L17 nw=15 wall=0.243s thr(out)1 thr(in)16 conc_peak=15 pread=3.055s
DBG getmany L18 nw=15 wall=0.171s thr(out)1 thr(in)16 conc_peak=15 pread=1.796s
DBG getmany L19 nw=14 wall=0.304s thr(out)1 thr(in)16 conc_peak=14 pread=3.831s
DBG getmany L20 nw=14 wall=0.233s thr(out)1 thr(in)16 conc_peak=14 pread=2.884s
DBG getmany L21 nw=15 wall=0.302s thr(out)1 thr(in)16 conc_peak=15 pread=3.740s
DBG getmany L22 nw=15 wall=0.152s thr(out)1 thr(in)16 conc_peak=15 pread=1.333s
DBG getmany L23 nw=12 wall=0.324s thr(out)1 thr(in)16 conc_peak=12 pread=3.391s
DBG getmany L24 nw=13 wall=0.272s thr(out)1 thr(in)16 conc_peak=11 pread=3.187s
DBG getmany L25 nw=16 wall=0.331s thr(out)1 thr(in)16 conc_peak=16 pread=4.078s
DBG getmany L26 nw=15 wall=0.204s thr(out)1 thr(in)16 conc_peak=15 pread=2.240s
DBG getmany L27 nw=16 wall=0.333s thr(out)1 thr(in)16 conc_peak=16 pread=4.244s
DBG getmany L28 nw=15 wall=0.266s thr(out)1 thr(in)16 conc_peak=15 pread=3.445s
DBG getmany L29 nw=15 wall=0.280s thr(out)1 thr(in)16 conc_peak=15 pread=3.865s
DBG getmany L30 nw=16 wall=0.190s thr(out)1 thr(in)16 conc_peak=16 pread=2.104s
DBG getmany L31 nw=15 wall=0.493s thr(out)1 thr(in)16 conc_peak=15 pread=6.537s
DBG getmany L32 nw=14 wall=0.349s thr(out)1 thr(in)16 conc_peak=14 pread=4.571s
DBG getmany L33 nw=15 wall=1.786s thr(out)1 thr(in)16 conc_peak=15 pread=25.499s
DBG getmany L34 nw=15 wall=0.195s thr(out)1 thr(in)16 conc_peak=15 pread=2.239s
DBG getmany L35 nw=15 wall=0.373s thr(out)1 thr(in)16 conc_peak=15 pread=4.563s
DBG getmany L36 nw=15 wall=0.286s thr(out)1 thr(in)16 conc_peak=15 pread=3.206s
DBG getmany L37 nw=15 wall=0.354s thr(out)1 thr(in)16 conc_peak=15 pread=4.194s
DBG getmany L38 nw=14 wall=0.262s thr(out)1 thr(in)16 conc_peak=14 pread=3.278s
DBG getmany L39 nw=14 wall=0.426s thr(out)1 thr(in)16 conc_peak=14 pread=5.098s
DBG getmany L40 nw=15 wall=0.333s thr(out)1 thr(in)16 conc_peak=15 pread=4.206s
DBG getmany L41 nw=15 wall=0.277s thr(out)1 thr(in)16 conc_peak=15 pread=3.084s
DBG getmany L42 nw=15 wall=0.210s thr(out)1 thr(in)16 conc_peak=15 pread=2.427s
DBG getmany L43 nw=16 wall=0.390s thr(out)1 thr(in)16 conc_peak=16 pread=4.705s
DBG getmany L44 nw=16 wall=0.340s thr(out)1 thr(in)16 conc_peak=16 pread=4.985s
DBG getmany L45 nw=16 wall=0.332s thr(out)1 thr(in)16 conc_peak=16 pread=4.450s
DBG getmany L46 nw=15 wall=0.167s thr(out)1 thr(in)16 conc_peak=15 pread=1.536s
DBG getmany L47 nw=14 wall=0.424s thr(out)1 thr(in)16 conc_peak=14 pread=4.194s
DBG getmany L48 nw=15 wall=0.327s thr(out)1 thr(in)16 conc_peak=15 pread=3.877s
DBG getmany L49 nw=16 wall=0.371s thr(out)1 thr(in)16 conc_peak=16 pread=5.216s
DBG getmany L50 nw=15 wall=0.212s thr(out)1 thr(in)16 conc_peak=15 pread=2.507s
DBG getmany L51 nw=15 wall=0.410s thr(out)1 thr(in)16 conc_peak=15 pread=5.592s
DBG getmany L52 nw=13 wall=0.288s thr(out)1 thr(in)16 conc_peak=13 pread=3.004s
DBG getmany L53 nw=15 wall=0.252s thr(out)1 thr(in)16 conc_peak=15 pread=3.010s
DBG getmany L54 nw=15 wall=0.188s thr(out)1 thr(in)16 conc_peak=15 pread=1.318s
DBG getmany L55 nw=14 wall=0.413s thr(out)1 thr(in)16 conc_peak=14 pread=5.432s
DBG getmany L56 nw=15 wall=0.283s thr(out)1 thr(in)16 conc_peak=15 pread=3.576s
DBG getmany L57 nw=16 wall=0.301s thr(out)1 thr(in)16 conc_peak=16 pread=4.005s
DBG getmany L58 nw=16 wall=0.173s thr(out)1 thr(in)16 conc_peak=16 pread=1.740s
DBG getmany L59 nw=13 wall=0.315s thr(out)1 thr(in)16 conc_peak=13 pread=3.595s
DBG getmany L60 nw=16 wall=0.258s thr(out)1 thr(in)16 conc_peak=16 pread=3.169s
DBG getmany L61 nw=15 wall=0.303s thr(out)1 thr(in)16 conc_peak=15 pread=3.708s
DBG getmany L62 nw=13 wall=0.184s thr(out)1 thr(in)16 conc_peak=13 pread=1.515s
DBG getmany L63 nw=15 wall=0.359s thr(out)1 thr(in)16 conc_peak=15 pread=3.938s
DBG getmany L64 nw=14 wall=0.334s thr(out)1 thr(in)16 conc_peak=14 pread=3.611s
DBG getmany L65 nw=15 wall=0.339s thr(out)1 thr(in)16 conc_peak=15 pread=3.938s
DBG getmany L66 nw=16 wall=0.242s thr(out)1 thr(in)16 conc_peak=16 pread=2.967s
DBG getmany L67 nw=16 wall=0.438s thr(out)1 thr(in)16 conc_peak=16 pread=5.414s
DBG getmany L68 nw=14 wall=0.311s thr(out)1 thr(in)16 conc_peak=14 pread=3.541s
DBG getmany L69 nw=14 wall=0.353s thr(out)1 thr(in)16 conc_peak=14 pread=4.227s
DBG getmany L70 nw=13 wall=0.147s thr(out)1 thr(in)16 conc_peak=13 pread=1.089s
DBG getmany L71 nw=14 wall=0.421s thr(out)1 thr(in)16 conc_peak=14 pread=5.005s
DBG getmany L72 nw=16 wall=0.384s thr(out)1 thr(in)16 conc_peak=16 pread=4.969s
DBG getmany L73 nw=16 wall=0.405s thr(out)1 thr(in)16 conc_peak=16 pread=5.977s
DBG getmany L74 nw=16 wall=0.193s thr(out)1 thr(in)16 conc_peak=16 pread=2.164s
DBG getmany L75 nw=16 wall=0.446s thr(out)1 thr(in)16 conc_peak=16 pread=6.328s
DBG getmany L76 nw=16 wall=0.327s thr(out)1 thr(in)16 conc_peak=16 pread=4.717s
DBG getmany L77 nw=14 wall=0.337s thr(out)1 thr(in)16 conc_peak=14 pread=3.901s
DBG getmany L78 nw=14 wall=0.209s thr(out)1 thr(in)16 conc_peak=14 pread=2.185s
DBG getmany L79 nw=15 wall=0.390s thr(out)1 thr(in)16 conc_peak=15 pread=5.010s
DBG getmany L80 nw=16 wall=0.324s thr(out)1 thr(in)16 conc_peak=16 pread=3.869s
DBG getmany L81 nw=15 wall=0.349s thr(out)1 thr(in)16 conc_peak=15 pread=3.879s
DBG getmany L82 nw=16 wall=0.194s thr(out)1 thr(in)16 conc_peak=16 pread=1.721s
DBG getmany L83 nw=14 wall=0.456s thr(out)1 thr(in)16 conc_peak=14 pread=5.164s
DBG getmany L84 nw=13 wall=0.291s thr(out)1 thr(in)16 conc_peak=13 pread=3.431s
DBG getmany L85 nw=15 wall=0.329s thr(out)1 thr(in)16 conc_peak=15 pread=3.683s
DBG getmany L86 nw=15 wall=0.249s thr(out)1 thr(in)16 conc_peak=15 pread=2.828s
DBG getmany L87 nw=14 wall=0.346s thr(out)1 thr(in)16 conc_peak=14 pread=4.083s
DBG getmany L88 nw=13 wall=0.328s thr(out)1 thr(in)16 conc_peak=13 pread=3.433s
DBG getmany L89 nw=14 wall=0.346s thr(out)1 thr(in)16 conc_peak=14 pread=4.280s
DBG getmany L90 nw=14 wall=0.201s thr(out)1 thr(in)16 conc_peak=14 pread=2.316s
DBG getmany L91 nw=12 wall=0.307s thr(out)1 thr(in)16 conc_peak=12 pread=2.830s
DBG getmany L92 nw=15 wall=0.199s thr(out)1 thr(in)16 conc_peak=15 pread=1.748s
4      2975       102.49       100.0      23.76      0.010
  L2   resident=6779/14589 slots hit=100.0% read=122.74GB write=0.00GB
DBG getmany L1 nw=13 wall=0.251s thr(out)1 thr(in)16 conc_peak=13 pread=2.951s
DBG getmany L2 nw=12 wall=0.135s thr(out)1 thr(in)16 conc_peak=12 pread=0.998s
DBG getmany L3 nw=11 wall=0.258s thr(out)1 thr(in)16 conc_peak=11 pread=2.325s
DBG getmany L4 nw=13 wall=0.258s thr(out)1 thr(in)16 conc_peak=13 pread=2.906s
DBG getmany L5 nw=12 wall=0.210s thr(out)1 thr(in)16 conc_peak=9 pread=2.004s
DBG getmany L6 nw=16 wall=0.169s thr(out)1 thr(in)16 conc_peak=16 pread=1.748s
DBG getmany L7 nw=15 wall=0.315s thr(out)1 thr(in)16 conc_peak=15 pread=3.396s
DBG getmany L8 nw=15 wall=0.286s thr(out)1 thr(in)16 conc_peak=15 pread=3.295s
DBG getmany L9 nw=12 wall=0.283s thr(out)1 thr(in)16 conc_peak=11 pread=3.024s
DBG getmany L10 nw=11 wall=0.110s thr(out)1 thr(in)16 conc_peak=11 pread=0.723s
DBG getmany L11 nw=12 wall=0.328s thr(out)1 thr(in)16 conc_peak=12 pread=3.359s
DBG getmany L12 nw=14 wall=0.225s thr(out)1 thr(in)16 conc_peak=14 pread=2.710s
DBG getmany L13 nw=13 wall=0.221s thr(out)1 thr(in)16 conc_peak=13 pread=2.455s
DBG getmany L14 nw=14 wall=0.187s thr(out)1 thr(in)16 conc_peak=14 pread=1.552s
DBG getmany L15 nw=12 wall=0.299s thr(out)1 thr(in)16 conc_peak=12 pread=2.946s
DBG getmany L16 nw=12 wall=0.263s thr(out)1 thr(in)16 conc_peak=12 pread=2.569s
DBG getmany L17 nw=14 wall=0.185s thr(out)1 thr(in)16 conc_peak=14 pread=2.028s
DBG getmany L18 nw=13 wall=0.139s thr(out)1 thr(in)16 conc_peak=13 pread=1.070s
DBG getmany L19 nw=13 wall=0.320s thr(out)1 thr(in)16 conc_peak=13 pread=3.839s
DBG getmany L20 nw=11 wall=0.204s thr(out)1 thr(in)16 conc_peak=11 pread=1.958s
DBG getmany L21 nw=14 wall=0.311s thr(out)1 thr(in)16 conc_peak=14 pread=3.256s
DBG getmany L22 nw=13 wall=0.235s thr(out)1 thr(in)16 conc_peak=13 pread=2.576s
DBG getmany L23 nw=13 wall=0.303s thr(out)1 thr(in)16 conc_peak=13 pread=3.346s
DBG getmany L24 nw=14 wall=0.370s thr(out)1 thr(in)16 conc_peak=14 pread=4.569s
DBG getmany L25 nw=16 wall=0.384s thr(out)1 thr(in)16 conc_peak=16 pread=5.166s
DBG getmany L26 nw=11 wall=0.147s thr(out)1 thr(in)16 conc_peak=11 pread=0.999s
DBG getmany L27 nw=15 wall=0.341s thr(out)1 thr(in)16 conc_peak=15 pread=4.269s
DBG getmany L28 nw=15 wall=0.262s thr(out)1 thr(in)16 conc_peak=15 pread=3.309s
DBG getmany L29 nw=14 wall=0.305s thr(out)1 thr(in)16 conc_peak=14 pread=3.414s
DBG getmany L30 nw=14 wall=0.255s thr(out)1 thr(in)16 conc_peak=14 pread=2.742s
DBG getmany L31 nw=14 wall=0.478s thr(out)1 thr(in)16 conc_peak=14 pread=4.871s
DBG getmany L32 nw=13 wall=0.272s thr(out)1 thr(in)16 conc_peak=13 pread=2.923s
DBG getmany L33 nw=9 wall=0.298s thr(out)1 thr(in)16 conc_peak=9 pread=2.507s
DBG getmany L34 nw=15 wall=0.229s thr(out)1 thr(in)16 conc_peak=15 pread=2.525s
DBG getmany L35 nw=15 wall=0.419s thr(out)1 thr(in)16 conc_peak=15 pread=5.081s
DBG getmany L36 nw=15 wall=0.299s thr(out)1 thr(in)16 conc_peak=15 pread=3.460s
DBG getmany L37 nw=14 wall=0.308s thr(out)1 thr(in)16 conc_peak=14 pread=3.467s
DBG getmany L38 nw=11 wall=0.142s thr(out)1 thr(in)16 conc_peak=11 pread=0.944s
DBG getmany L39 nw=12 wall=0.405s thr(out)1 thr(in)16 conc_peak=11 pread=3.747s
DBG getmany L40 nw=12 wall=0.285s thr(out)1 thr(in)16 conc_peak=12 pread=2.658s
DBG getmany L41 nw=12 wall=0.254s thr(out)1 thr(in)16 conc_peak=12 pread=2.499s
DBG getmany L42 nw=9 wall=0.157s thr(out)1 thr(in)16 conc_peak=9 pread=1.209s
DBG getmany L43 nw=11 wall=0.453s thr(out)1 thr(in)16 conc_peak=11 pread=3.119s
DBG getmany L44 nw=14 wall=0.323s thr(out)1 thr(in)16 conc_peak=14 pread=3.839s
DBG getmany L45 nw=11 wall=0.246s thr(out)1 thr(in)16 conc_peak=11 pread=1.917s
DBG getmany L46 nw=11 wall=0.125s thr(out)1 thr(in)16 conc_peak=11 pread=0.800s
DBG getmany L47 nw=13 wall=0.366s thr(out)1 thr(in)16 conc_peak=13 pread=4.266s
DBG getmany L48 nw=12 wall=0.320s thr(out)1 thr(in)16 conc_peak=12 pread=2.927s
DBG getmany L49 nw=15 wall=0.270s thr(out)1 thr(in)16 conc_peak=15 pread=3.330s
DBG getmany L50 nw=13 wall=0.135s thr(out)1 thr(in)16 conc_peak=13 pread=1.092s
DBG getmany L51 nw=13 wall=0.328s thr(out)1 thr(in)16 conc_peak=13 pread=3.741s
DBG getmany L52 nw=12 wall=0.290s thr(out)1 thr(in)16 conc_peak=12 pread=2.951s
DBG getmany L53 nw=13 wall=0.322s thr(out)1 thr(in)16 conc_peak=13 pread=3.340s
DBG getmany L54 nw=14 wall=0.241s thr(out)1 thr(in)16 conc_peak=14 pread=2.844s
DBG getmany L55 nw=13 wall=0.385s thr(out)1 thr(in)16 conc_peak=13 pread=4.463s
DBG getmany L56 nw=15 wall=0.313s thr(out)1 thr(in)16 conc_peak=15 pread=3.231s
DBG getmany L57 nw=15 wall=0.341s thr(out)1 thr(in)16 conc_peak=15 pread=3.938s
DBG getmany L58 nw=10 wall=0.139s thr(out)1 thr(in)16 conc_peak=10 pread=0.949s
DBG getmany L59 nw=10 wall=0.357s thr(out)1 thr(in)16 conc_peak=10 pread=2.886s
DBG getmany L60 nw=13 wall=0.326s thr(out)1 thr(in)16 conc_peak=13 pread=3.674s
DBG getmany L61 nw=14 wall=0.304s thr(out)1 thr(in)16 conc_peak=14 pread=3.410s
DBG getmany L62 nw=10 wall=0.132s thr(out)1 thr(in)16 conc_peak=10 pread=0.759s
DBG getmany L63 nw=14 wall=0.420s thr(out)1 thr(in)16 conc_peak=14 pread=5.092s
DBG getmany L64 nw=12 wall=0.312s thr(out)1 thr(in)16 conc_peak=12 pread=2.519s
DBG getmany L65 nw=13 wall=11.159s thr(out)1 thr(in)16 conc_peak=13 pread=129.844s
DBG getmany L66 nw=13 wall=0.153s thr(out)1 thr(in)16 conc_peak=13 pread=1.077s
DBG getmany L67 nw=14 wall=10.146s thr(out)1 thr(in)16 conc_peak=14 pread=131.521s
DBG getmany L68 nw=15 wall=1.150s thr(out)1 thr(in)16 conc_peak=15 pread=16.154s
DBG getmany L69 nw=10 wall=0.253s thr(out)1 thr(in)16 conc_peak=10 pread=1.961s
DBG getmany L70 nw=8 wall=0.118s thr(out)1 thr(in)16 conc_peak=8 pread=0.693s
DBG getmany L71 nw=13 wall=0.429s thr(out)1 thr(in)16 conc_peak=13 pread=4.341s
DBG getmany L72 nw=12 wall=0.323s thr(out)1 thr(in)16 conc_peak=12 pread=3.269s
DBG getmany L73 nw=12 wall=0.323s thr(out)1 thr(in)16 conc_peak=12 pread=3.493s
DBG getmany L74 nw=9 wall=0.189s thr(out)1 thr(in)16 conc_peak=9 pread=1.445s
DBG getmany L75 nw=8 wall=0.389s thr(out)1 thr(in)16 conc_peak=8 pread=2.665s
DBG getmany L76 nw=13 wall=0.239s thr(out)1 thr(in)16 conc_peak=13 pread=2.528s
DBG getmany L77 nw=9 wall=0.331s thr(out)1 thr(in)16 conc_peak=9 pread=2.608s
DBG getmany L78 nw=10 wall=0.173s thr(out)1 thr(in)16 conc_peak=5 pread=1.212s
DBG getmany L79 nw=9 wall=0.381s thr(out)1 thr(in)16 conc_peak=9 pread=3.008s
DBG getmany L80 nw=13 wall=0.306s thr(out)1 thr(in)16 conc_peak=13 pread=3.117s
DBG getmany L81 nw=14 wall=0.363s thr(out)1 thr(in)16 conc_peak=14 pread=4.680s
DBG getmany L82 nw=13 wall=0.223s thr(out)1 thr(in)16 conc_peak=13 pread=2.452s
DBG getmany L83 nw=12 wall=0.432s thr(out)1 thr(in)16 conc_peak=12 pread=3.843s
DBG getmany L84 nw=13 wall=0.328s thr(out)1 thr(in)16 conc_peak=13 pread=3.529s
DBG getmany L85 nw=13 wall=0.255s thr(out)1 thr(in)16 conc_peak=13 pread=2.905s
DBG getmany L86 nw=12 wall=0.180s thr(out)1 thr(in)16 conc_peak=12 pread=1.315s
DBG getmany L87 nw=9 wall=0.313s thr(out)1 thr(in)16 conc_peak=8 pread=1.821s
DBG getmany L88 nw=13 wall=0.311s thr(out)1 thr(in)16 conc_peak=13 pread=3.582s
DBG getmany L89 nw=10 wall=0.304s thr(out)1 thr(in)16 conc_peak=10 pread=2.430s
DBG getmany L90 nw=10 wall=0.189s thr(out)1 thr(in)16 conc_peak=10 pread=1.609s
DBG getmany L91 nw=9 wall=0.212s thr(out)1 thr(in)16 conc_peak=9 pread=1.682s
DBG getmany L92 nw=12 wall=0.117s thr(out)1 thr(in)16 conc_peak=12 pread=0.808s
5      15         120.92       100.0      20.13      0.008
  L2   resident=6779/14589 slots hit=100.0% read=142.83GB write=0.00GB
DBG getmany L1 nw=14 wall=0.222s thr(out)1 thr(in)16 conc_peak=14 pread=2.495s
DBG getmany L2 nw=12 wall=0.125s thr(out)1 thr(in)16 conc_peak=12 pread=0.857s
DBG getmany L3 nw=10 wall=0.261s thr(out)1 thr(in)16 conc_peak=9 pread=1.805s
DBG getmany L4 nw=12 wall=0.286s thr(out)1 thr(in)16 conc_peak=12 pread=2.374s
DBG getmany L5 nw=7 wall=0.252s thr(out)1 thr(in)16 conc_peak=7 pread=1.564s
DBG getmany L6 nw=15 wall=0.202s thr(out)1 thr(in)16 conc_peak=15 pread=2.302s
DBG getmany L7 nw=14 wall=0.427s thr(out)1 thr(in)16 conc_peak=14 pread=5.301s
DBG getmany L8 nw=14 wall=0.281s thr(out)1 thr(in)16 conc_peak=14 pread=3.096s
DBG getmany L9 nw=12 wall=0.264s thr(out)1 thr(in)16 conc_peak=12 pread=2.597s
DBG getmany L10 nw=10 wall=0.103s thr(out)1 thr(in)16 conc_peak=10 pread=0.649s
DBG getmany L11 nw=12 wall=0.331s thr(out)1 thr(in)16 conc_peak=12 pread=3.270s
DBG getmany L12 nw=13 wall=0.282s thr(out)1 thr(in)16 conc_peak=13 pread=2.953s
DBG getmany L13 nw=13 wall=0.304s thr(out)1 thr(in)16 conc_peak=13 pread=3.362s
DBG getmany L14 nw=16 wall=0.184s thr(out)1 thr(in)16 conc_peak=16 pread=1.636s
DBG getmany L15 nw=14 wall=0.354s thr(out)1 thr(in)16 conc_peak=14 pread=4.328s
DBG getmany L16 nw=11 wall=0.224s thr(out)1 thr(in)16 conc_peak=11 pread=2.141s
DBG getmany L17 nw=13 wall=0.202s thr(out)1 thr(in)16 conc_peak=13 pread=2.097s
DBG getmany L18 nw=12 wall=0.231s thr(out)1 thr(in)16 conc_peak=12 pread=2.436s
DBG getmany L19 nw=14 wall=0.345s thr(out)1 thr(in)16 conc_peak=14 pread=3.953s
DBG getmany L20 nw=10 wall=0.177s thr(out)1 thr(in)16 conc_peak=10 pread=1.442s
DBG getmany L21 nw=13 wall=0.299s thr(out)1 thr(in)16 conc_peak=12 pread=3.385s
DBG getmany L22 nw=10 wall=0.143s thr(out)1 thr(in)16 conc_peak=10 pread=0.986s
DBG getmany L23 nw=12 wall=0.342s thr(out)1 thr(in)16 conc_peak=10 pread=3.837s
DBG getmany L24 nw=15 wall=0.350s thr(out)1 thr(in)16 conc_peak=15 pread=4.572s
DBG getmany L25 nw=13 wall=0.304s thr(out)1 thr(in)16 conc_peak=13 pread=2.973s
DBG getmany L26 nw=13 wall=0.175s thr(out)1 thr(in)16 conc_peak=13 pread=1.688s
DBG getmany L27 nw=15 wall=0.329s thr(out)1 thr(in)16 conc_peak=15 pread=4.493s
DBG getmany L28 nw=14 wall=0.242s thr(out)1 thr(in)16 conc_peak=14 pread=2.856s
DBG getmany L29 nw=14 wall=0.247s thr(out)1 thr(in)16 conc_peak=14 pread=3.035s
DBG getmany L30 nw=11 wall=0.191s thr(out)1 thr(in)16 conc_peak=11 pread=1.817s
DBG getmany L31 nw=13 wall=0.413s thr(out)1 thr(in)16 conc_peak=13 pread=4.810s
DBG getmany L32 nw=11 wall=0.295s thr(out)1 thr(in)16 conc_peak=11 pread=2.793s
DBG getmany L33 nw=14 wall=0.426s thr(out)1 thr(in)16 conc_peak=14 pread=4.749s
DBG getmany L34 nw=14 wall=0.158s thr(out)1 thr(in)16 conc_peak=14 pread=1.473s
DBG getmany L35 nw=11 wall=0.372s thr(out)1 thr(in)16 conc_peak=10 pread=3.075s
DBG getmany L36 nw=14 wall=0.203s thr(out)1 thr(in)16 conc_peak=14 pread=2.177s
DBG getmany L37 nw=15 wall=0.337s thr(out)1 thr(in)16 conc_peak=15 pread=4.439s
DBG getmany L38 nw=11 wall=0.230s thr(out)1 thr(in)16 conc_peak=11 pread=2.083s
DBG getmany L39 nw=14 wall=0.426s thr(out)1 thr(in)16 conc_peak=14 pread=4.649s
DBG getmany L40 nw=13 wall=0.348s thr(out)1 thr(in)16 conc_peak=13 pread=3.798s
DBG getmany L41 nw=9 wall=0.221s thr(out)1 thr(in)16 conc_peak=9 pread=1.516s
DBG getmany L42 nw=9 wall=0.136s thr(out)1 thr(in)16 conc_peak=9 pread=0.931s
DBG getmany L43 nw=9 wall=0.310s thr(out)1 thr(in)16 conc_peak=9 pread=2.643s
DBG getmany L44 nw=12 wall=0.304s thr(out)1 thr(in)16 conc_peak=12 pread=2.954s
DBG getmany L45 nw=11 wall=0.328s thr(out)1 thr(in)16 conc_peak=11 pread=3.023s
DBG getmany L46 nw=11 wall=0.159s thr(out)1 thr(in)16 conc_peak=11 pread=1.284s
DBG getmany L47 nw=11 wall=0.432s thr(out)1 thr(in)16 conc_peak=11 pread=3.336s
DBG getmany L48 nw=13 wall=0.234s thr(out)1 thr(in)16 conc_peak=13 pread=2.637s
DBG getmany L49 nw=15 wall=0.328s thr(out)1 thr(in)16 conc_peak=15 pread=4.282s
DBG getmany L50 nw=12 wall=0.178s thr(out)1 thr(in)16 conc_peak=12 pread=1.677s
DBG getmany L51 nw=12 wall=0.355s thr(out)1 thr(in)16 conc_peak=12 pread=3.489s
DBG getmany L52 nw=13 wall=0.289s thr(out)1 thr(in)16 conc_peak=13 pread=3.320s
DBG getmany L53 nw=12 wall=0.311s thr(out)1 thr(in)16 conc_peak=12 pread=3.119s
DBG getmany L54 nw=12 wall=0.194s thr(out)1 thr(in)16 conc_peak=12 pread=1.842s
DBG getmany L55 nw=12 wall=0.392s thr(out)1 thr(in)16 conc_peak=12 pread=3.830s
DBG getmany L56 nw=13 wall=0.293s thr(out)1 thr(in)16 conc_peak=13 pread=2.918s
DBG getmany L57 nw=15 wall=0.294s thr(out)1 thr(in)16 conc_peak=15 pread=3.748s
DBG getmany L58 nw=11 wall=0.131s thr(out)1 thr(in)16 conc_peak=11 pread=0.816s
DBG getmany L59 nw=9 wall=0.378s thr(out)1 thr(in)16 conc_peak=9 pread=3.193s
DBG getmany L60 nw=12 wall=0.310s thr(out)1 thr(in)16 conc_peak=12 pread=2.757s
DBG getmany L61 nw=13 wall=0.305s thr(out)1 thr(in)16 conc_peak=13 pread=3.213s
DBG getmany L62 nw=14 wall=0.177s thr(out)1 thr(in)16 conc_peak=14 pread=1.617s
DBG getmany L63 nw=12 wall=0.434s thr(out)1 thr(in)16 conc_peak=12 pread=4.702s
DBG getmany L64 nw=12 wall=0.277s thr(out)1 thr(in)16 conc_peak=12 pread=2.947s
DBG getmany L65 nw=12 wall=0.307s thr(out)1 thr(in)16 conc_peak=10 pread=3.019s
DBG getmany L66 nw=12 wall=0.185s thr(out)1 thr(in)16 conc_peak=12 pread=1.580s
DBG getmany L67 nw=14 wall=0.435s thr(out)1 thr(in)16 conc_peak=14 pread=5.121s
DBG getmany L68 nw=13 wall=0.298s thr(out)1 thr(in)16 conc_peak=13 pread=3.006s
DBG getmany L69 nw=12 wall=0.290s thr(out)1 thr(in)16 conc_peak=12 pread=2.810s
DBG getmany L70 nw=11 wall=0.195s thr(out)1 thr(in)16 conc_peak=11 pread=1.688s
DBG getmany L71 nw=14 wall=0.411s thr(out)1 thr(in)16 conc_peak=14 pread=4.485s
DBG getmany L72 nw=12 wall=0.251s thr(out)1 thr(in)16 conc_peak=12 pread=2.278s
DBG getmany L73 nw=13 wall=0.301s thr(out)1 thr(in)16 conc_peak=11 pread=3.389s
DBG getmany L74 nw=10 wall=0.147s thr(out)1 thr(in)16 conc_peak=10 pread=1.082s
DBG getmany L75 nw=10 wall=0.244s thr(out)1 thr(in)16 conc_peak=10 pread=1.930s
DBG getmany L76 nw=13 wall=0.238s thr(out)1 thr(in)16 conc_peak=13 pread=2.488s
DBG getmany L77 nw=11 wall=0.336s thr(out)1 thr(in)16 conc_peak=11 pread=3.064s
DBG getmany L78 nw=11 wall=0.205s thr(out)1 thr(in)16 conc_peak=11 pread=1.695s
DBG getmany L79 nw=10 wall=0.359s thr(out)1 thr(in)16 conc_peak=10 pread=3.106s
DBG getmany L80 nw=13 wall=0.251s thr(out)1 thr(in)16 conc_peak=13 pread=2.785s
DBG getmany L81 nw=14 wall=0.325s thr(out)1 thr(in)16 conc_peak=14 pread=3.527s
DBG getmany L82 nw=13 wall=0.216s thr(out)1 thr(in)16 conc_peak=13 pread=2.260s
DBG getmany L83 nw=12 wall=0.425s thr(out)1 thr(in)16 conc_peak=12 pread=4.725s
DBG getmany L84 nw=13 wall=0.324s thr(out)1 thr(in)16 conc_peak=13 pread=3.320s
DBG getmany L85 nw=13 wall=0.260s thr(out)1 thr(in)16 conc_peak=13 pread=2.733s
DBG getmany L86 nw=12 wall=0.190s thr(out)1 thr(in)16 conc_peak=12 pread=1.758s
DBG getmany L87 nw=10 wall=0.381s thr(out)1 thr(in)16 conc_peak=10 pread=2.976s
DBG getmany L88 nw=13 wall=0.311s thr(out)1 thr(in)16 conc_peak=13 pread=3.143s
DBG getmany L89 nw=10 wall=0.258s thr(out)1 thr(in)16 conc_peak=10 pread=2.175s
DBG getmany L90 nw=9 wall=0.103s thr(out)1 thr(in)16 conc_peak=9 pread=0.568s
DBG getmany L91 nw=9 wall=0.192s thr(out)1 thr(in)16 conc_peak=9 pread=1.455s
DBG getmany L92 nw=12 wall=0.119s thr(out)1 thr(in)16 conc_peak=12 pread=0.845s
6      3629       99.91        99.7       19.79      0.010
  L2   resident=6779/14589 slots hit=100.0% read=162.52GB write=0.00GB
DBG getmany L1 nw=15 wall=0.272s thr(out)1 thr(in)16 conc_peak=15 pread=3.451s
DBG getmany L2 nw=14 wall=0.149s thr(out)1 thr(in)16 conc_peak=14 pread=1.322s
DBG getmany L3 nw=10 wall=0.247s thr(out)1 thr(in)16 conc_peak=10 pread=1.997s
DBG getmany L4 nw=14 wall=0.294s thr(out)1 thr(in)16 conc_peak=14 pread=3.231s
DBG getmany L5 nw=13 wall=0.360s thr(out)1 thr(in)16 conc_peak=13 pread=3.712s
DBG getmany L6 nw=15 wall=0.207s thr(out)1 thr(in)16 conc_peak=15 pread=2.311s
DBG getmany L7 nw=15 wall=0.435s thr(out)1 thr(in)16 conc_peak=15 pread=4.987s
DBG getmany L8 nw=15 wall=0.275s thr(out)1 thr(in)16 conc_peak=15 pread=3.131s
DBG getmany L9 nw=15 wall=0.295s thr(out)1 thr(in)16 conc_peak=15 pread=3.204s
DBG getmany L10 nw=12 wall=0.116s thr(out)1 thr(in)16 conc_peak=12 pread=0.846s
DBG getmany L11 nw=13 wall=0.346s thr(out)1 thr(in)16 conc_peak=13 pread=4.032s
DBG getmany L12 nw=13 wall=0.230s thr(out)1 thr(in)16 conc_peak=13 pread=2.392s
DBG getmany L13 nw=15 wall=0.239s thr(out)1 thr(in)16 conc_peak=15 pread=2.478s
DBG getmany L14 nw=16 wall=0.177s thr(out)1 thr(in)16 conc_peak=16 pread=1.973s
DBG getmany L15 nw=15 wall=0.373s thr(out)1 thr(in)16 conc_peak=15 pread=4.631s
DBG getmany L16 nw=14 wall=0.159s thr(out)1 thr(in)16 conc_peak=14 pread=1.478s
DBG getmany L17 nw=13 wall=0.287s thr(out)1 thr(in)16 conc_peak=13 pread=3.235s
DBG getmany L18 nw=11 wall=0.121s thr(out)1 thr(in)16 conc_peak=11 pread=0.749s
DBG getmany L19 nw=15 wall=0.333s thr(out)1 thr(in)16 conc_peak=15 pread=4.386s
DBG getmany L20 nw=12 wall=0.231s thr(out)1 thr(in)16 conc_peak=12 pread=2.452s
DBG getmany L21 nw=14 wall=0.290s thr(out)1 thr(in)16 conc_peak=14 pread=3.391s
DBG getmany L22 nw=14 wall=0.152s thr(out)1 thr(in)16 conc_peak=14 pread=1.293s
DBG getmany L23 nw=14 wall=0.334s thr(out)1 thr(in)16 conc_peak=14 pread=3.854s
DBG getmany L24 nw=15 wall=0.360s thr(out)1 thr(in)16 conc_peak=15 pread=4.485s
DBG getmany L25 nw=13 wall=0.327s thr(out)1 thr(in)16 conc_peak=13 pread=3.172s
DBG getmany L26 nw=14 wall=0.211s thr(out)1 thr(in)16 conc_peak=14 pread=2.312s
DBG getmany L27 nw=16 wall=0.368s thr(out)1 thr(in)16 conc_peak=16 pread=4.945s
DBG getmany L28 nw=15 wall=0.224s thr(out)1 thr(in)16 conc_peak=15 pread=2.649s
DBG getmany L29 nw=13 wall=0.327s thr(out)1 thr(in)16 conc_peak=13 pread=3.123s
DBG getmany L30 nw=12 wall=0.125s thr(out)1 thr(in)16 conc_peak=12 pread=0.909s
DBG getmany L31 nw=15 wall=0.436s thr(out)1 thr(in)16 conc_peak=15 pread=5.985s
DBG getmany L32 nw=12 wall=0.301s thr(out)1 thr(in)16 conc_peak=12 pread=3.293s
DBG getmany L33 nw=14 wall=0.312s thr(out)1 thr(in)16 conc_peak=14 pread=3.694s
DBG getmany L34 nw=13 wall=0.141s thr(out)1 thr(in)16 conc_peak=13 pread=1.154s
DBG getmany L35 nw=13 wall=0.402s thr(out)1 thr(in)16 conc_peak=13 pread=4.737s
DBG getmany L36 nw=13 wall=0.352s thr(out)1 thr(in)16 conc_peak=13 pread=4.093s
DBG getmany L37 nw=14 wall=0.312s thr(out)1 thr(in)16 conc_peak=14 pread=3.688s
DBG getmany L38 nw=12 wall=0.180s thr(out)1 thr(in)16 conc_peak=11 pread=1.600s
DBG getmany L39 nw=13 wall=0.443s thr(out)1 thr(in)16 conc_peak=13 pread=4.847s
DBG getmany L40 nw=13 wall=0.298s thr(out)1 thr(in)16 conc_peak=13 pread=3.405s
DBG getmany L41 nw=11 wall=0.265s thr(out)1 thr(in)16 conc_peak=11 pread=2.303s
DBG getmany L42 nw=9 wall=0.097s thr(out)1 thr(in)16 conc_peak=9 pread=0.521s
DBG getmany L43 nw=10 wall=0.409s thr(out)1 thr(in)16 conc_peak=10 pread=2.853s
DBG getmany L44 nw=13 wall=0.246s thr(out)1 thr(in)16 conc_peak=13 pread=2.471s
DBG getmany L45 nw=14 wall=0.348s thr(out)1 thr(in)16 conc_peak=14 pread=4.003s
DBG getmany L46 nw=13 wall=0.205s thr(out)1 thr(in)16 conc_peak=13 pread=1.986s
DBG getmany L47 nw=13 wall=0.390s thr(out)1 thr(in)16 conc_peak=13 pread=3.587s
DBG getmany L48 nw=12 wall=0.260s thr(out)1 thr(in)16 conc_peak=12 pread=2.654s
DBG getmany L49 nw=15 wall=0.377s thr(out)1 thr(in)16 conc_peak=15 pread=4.486s
DBG getmany L50 nw=14 wall=0.154s thr(out)1 thr(in)16 conc_peak=14 pread=1.189s
DBG getmany L51 nw=12 wall=0.416s thr(out)1 thr(in)16 conc_peak=11 pread=4.228s
DBG getmany L52 nw=12 wall=0.252s thr(out)1 thr(in)16 conc_peak=12 pread=2.357s
DBG getmany L53 nw=13 wall=0.314s thr(out)1 thr(in)16 conc_peak=13 pread=3.264s
DBG getmany L54 nw=12 wall=0.142s thr(out)1 thr(in)16 conc_peak=12 pread=0.908s
DBG getmany L55 nw=15 wall=0.432s thr(out)1 thr(in)16 conc_peak=15 pread=5.402s
DBG getmany L56 nw=13 wall=0.324s thr(out)1 thr(in)16 conc_peak=13 pread=3.653s
DBG getmany L57 nw=16 wall=0.291s thr(out)1 thr(in)16 conc_peak=16 pread=3.665s
DBG getmany L58 nw=11 wall=0.179s thr(out)1 thr(in)16 conc_peak=11 pread=1.651s
DBG getmany L59 nw=11 wall=0.401s thr(out)1 thr(in)16 conc_peak=11 pread=3.319s
DBG getmany L60 nw=13 wall=0.272s thr(out)1 thr(in)16 conc_peak=13 pread=2.696s
DBG getmany L61 nw=15 wall=0.386s thr(out)1 thr(in)16 conc_peak=15 pread=4.555s
DBG getmany L62 nw=12 wall=0.131s thr(out)1 thr(in)16 conc_peak=12 pread=0.882s
DBG getmany L63 nw=13 wall=0.422s thr(out)1 thr(in)16 conc_peak=13 pread=4.203s
DBG getmany L64 nw=13 wall=0.372s thr(out)1 thr(in)16 conc_peak=13 pread=3.705s
DBG getmany L65 nw=13 wall=0.298s thr(out)1 thr(in)16 conc_peak=13 pread=2.799s
DBG getmany L66 nw=13 wall=0.138s thr(out)1 thr(in)16 conc_peak=13 pread=1.008s
DBG getmany L67 nw=13 wall=0.440s thr(out)1 thr(in)16 conc_peak=13 pread=3.519s
DBG getmany L68 nw=15 wall=0.346s thr(out)1 thr(in)16 conc_peak=15 pread=4.031s
DBG getmany L69 nw=13 wall=0.310s thr(out)1 thr(in)16 conc_peak=13 pread=3.555s
DBG getmany L70 nw=12 wall=0.141s thr(out)1 thr(in)16 conc_peak=12 pread=1.115s
DBG getmany L71 nw=13 wall=0.392s thr(out)1 thr(in)16 conc_peak=13 pread=4.522s
DBG getmany L72 nw=12 wall=0.333s thr(out)1 thr(in)16 conc_peak=12 pread=3.776s
DBG getmany L73 nw=14 wall=0.330s thr(out)1 thr(in)16 conc_peak=14 pread=4.302s
DBG getmany L74 nw=9 wall=0.138s thr(out)1 thr(in)16 conc_peak=9 pread=0.962s
DBG getmany L75 nw=11 wall=0.374s thr(out)1 thr(in)16 conc_peak=11 pread=3.702s
DBG getmany L76 nw=11 wall=0.289s thr(out)1 thr(in)16 conc_peak=11 pread=2.069s
DBG getmany L77 nw=12 wall=0.259s thr(out)1 thr(in)16 conc_peak=12 pread=2.364s
DBG getmany L78 nw=12 wall=0.197s thr(out)1 thr(in)16 conc_peak=12 pread=2.039s
DBG getmany L79 nw=10 wall=0.341s thr(out)1 thr(in)16 conc_peak=10 pread=2.798s
DBG getmany L80 nw=14 wall=0.235s thr(out)1 thr(in)16 conc_peak=14 pread=2.670s
DBG getmany L81 nw=15 wall=0.348s thr(out)1 thr(in)16 conc_peak=15 pread=3.445s
DBG getmany L82 nw=13 wall=0.140s thr(out)1 thr(in)16 conc_peak=13 pread=1.132s
DBG getmany L83 nw=11 wall=0.386s thr(out)1 thr(in)16 conc_peak=10 pread=3.859s
DBG getmany L84 nw=15 wall=0.295s thr(out)1 thr(in)16 conc_peak=15 pread=3.641s
DBG getmany L85 nw=13 wall=0.296s thr(out)1 thr(in)16 conc_peak=13 pread=3.191s
DBG getmany L86 nw=13 wall=0.194s thr(out)1 thr(in)16 conc_peak=13 pread=1.992s
DBG getmany L87 nw=11 wall=0.389s thr(out)1 thr(in)16 conc_peak=11 pread=3.921s
DBG getmany L88 nw=13 wall=0.350s thr(out)1 thr(in)16 conc_peak=12 pread=3.916s
DBG getmany L89 nw=9 wall=0.307s thr(out)1 thr(in)16 conc_peak=9 pread=2.182s
DBG getmany L90 nw=11 wall=0.157s thr(out)1 thr(in)16 conc_peak=11 pread=1.379s
DBG getmany L91 nw=11 wall=0.235s thr(out)1 thr(in)16 conc_peak=11 pread=2.264s
DBG getmany L92 nw=14 wall=0.137s thr(out)1 thr(in)16 conc_peak=14 pread=1.149s
7      1389       100.22       100.0      21.02      0.010
  L2   resident=6779/14589 slots hit=100.0% read=183.53GB write=0.00GB
--------------------------------------------------------------------
8 tokens in 892.5 s, 111.56 s/token average
PEAK RSS for the whole run: 22.76 GB   <- quote this, not the plan
layers completed: 93/93; routed expert drops: 0


[chip] simulated MXFP4 GEMV bill over 9 tokens
  11776 expert chains | 777925951488 flops | 206636580864 bytes (206.64 GB)
  per token: 1308 chains | 22.96 GB | 0.09 Gflops
  compute wall @ 4 TFLOPS : 0.19 s (21.61 ms/token)
  bandwidth wall @ 200 GB/s : 1.03 s (114.80 ms/token)
  -> bandwidth-bound; to be compute-bound at 4 TFLOPS this needs 1062 GB/s
  expert fetch (host wall, measured): 277.43 s moving 206.64 GB = 1 GB/s
  chip pool wall (measured): 321.90 s

cache [final step]
  slots        : 777 of 17.56 MB = 13.64 GB arena (777 resident, 0 pinned)
  requests     : 1472  hits 1472 (100.00%)  misses 0  evictions 1198
  of those hits : 1198 came from the batch prefetch, i.e. read from disk
                  this token; TRUE resident hit rate 18.61%
  read from disk: 21.02 GB in 25.92 s (811 MB/s while loading)
  phase2 i/o    : 21.03 GB in 25.92 s (811 MB/s)  [pure parallel disk read]
l2cache [final step]
  requests     : 10460  hits 10460 (100.00%)  misses 0
  read  from sdd7: 183.53 GB, written 0.00 GB
  hit I/O   : 183.53 GB in 259.23 s (wall) = 708 MB/s [pread 3040.92 s, 60 MB/s per-thread]
  miss I/O  : 0 misses, 0.00 GB from /model in 0.00 s (wall) = 0 MB/s
  restored from meta: 6779 slots

wrote /mnt/f/kimi-k3-in-c/reports/gateab_ab/v2_revert-20260926_141618/ctrl.json
I/O share of wall clock: 73.9%  (trunk 398.9 s + experts 260.3 s of 892.5 s)
  both figures are WHOLE-RUN totals over 8 steps
  experts, whole run: 183.72 GB read | 2083 of 11776 requests retained in RAM (17.69%) | 9693 evictions
    (retention = requests - evictions; the raw `hits` counter includes
     experts the prefetcher had just read from disk, so it is not a
     measure of avoided I/O)

trunk [final]
  pinned 1/93 layers, ring 2 slots
  binds 744, hits 7 (0.9%), reads 737
  read 436.45 GB in 398.93 s (1094 MB/s pread)
  per-layer loads [L]=count: 0=1 1=8 2=8 3=8 4=8 5=8 6=8 7=8 8=8 9=8 10=8 11=8 12=8 13=8 14=8 15=8 16=8 17=8 18=8 19=8 20=8 21=8 22=8 23=8 24=8 25=8 26=8 27=8 28=8 29=8 30=8 31=8 32=8 33=8 34=8 35=8 36=8 37=8 38=8 39=8 40=8 41=8 42=8 43=8 44=8 45=8 46=8 47=8 48=8 49=8 50=8 51=8 52=8 53=8 54=8 55=8 56=8 57=8 58=8 59=8 60=8 61=8 62=8 63=8 64=8 65=8 66=8 67=8 68=8 69=8 70=8 71=8 72=8 73=8 74=8 75=8 76=8 77=8 78=8 79=8 80=8 81=8 82=8 83=8 84=8 85=8 86=8 87=8 88=8 89=8 90=8 91=8 92=8
  bind wall 8.08 s over 744 binds; read 398.93 + widen 4.92 = 403.86 s of device work,
                    of which 395.77 s (98%) overlapped compute on the reader thread
  widen breakdown: find 1644 ms (19640)  copy 0 ms (9184)  deq 3261 ms (6320)  timed 5 s of widen 4.92 s
TIME_ELAPSED=931.56
