k3 chip: 4 workers, 4 TFLOPS, 200 GB/s simulated wall
DBG getmany L1 nw=16 wall=0.284s thr(out)1 thr(in)16 conc_peak=16 pread=2.931s
DBG getmany L1 nw=1 wall=0.102s thr(out)1 thr(in)16 conc_peak=1 pread=0.102s
DBG getmany L1 nw=2 wall=0.053s thr(out)1 thr(in)16 conc_peak=2 pread=0.092s
DBG getmany L2 nw=16 wall=0.205s thr(out)1 thr(in)16 conc_peak=16 pread=2.304s
DBG getmany L2 nw=6 wall=0.090s thr(out)1 thr(in)16 conc_peak=6 pread=0.394s
DBG getmany L2 nw=3 wall=0.055s thr(out)1 thr(in)16 conc_peak=3 pread=0.141s
DBG getmany L3 nw=16 wall=0.216s thr(out)1 thr(in)16 conc_peak=16 pread=2.394s
DBG getmany L3 nw=5 wall=0.088s thr(out)1 thr(in)16 conc_peak=5 pread=0.329s
DBG getmany L3 nw=5 wall=0.078s thr(out)1 thr(in)16 conc_peak=5 pread=0.302s
DBG getmany L3 nw=3 wall=0.058s thr(out)1 thr(in)16 conc_peak=3 pread=0.136s
DBG getmany L4 nw=16 wall=0.209s thr(out)1 thr(in)16 conc_peak=16 pread=2.368s
DBG getmany L4 nw=2 wall=0.051s thr(out)1 thr(in)16 conc_peak=2 pread=0.078s
DBG getmany L5 nw=16 wall=0.192s thr(out)1 thr(in)16 conc_peak=16 pread=2.125s
DBG getmany L5 nw=3 wall=0.091s thr(out)1 thr(in)16 conc_peak=3 pread=0.164s
DBG getmany L5 nw=4 wall=0.062s thr(out)1 thr(in)16 conc_peak=3 pread=0.193s
DBG getmany L6 nw=16 wall=0.192s thr(out)1 thr(in)16 conc_peak=16 pread=2.206s
DBG getmany L6 nw=4 wall=0.060s thr(out)1 thr(in)16 conc_peak=4 pread=0.186s
DBG getmany L7 nw=16 wall=0.196s thr(out)1 thr(in)16 conc_peak=16 pread=2.227s
DBG getmany L8 nw=16 wall=0.192s thr(out)1 thr(in)16 conc_peak=16 pread=2.151s
DBG getmany L8 nw=6 wall=0.083s thr(out)1 thr(in)16 conc_peak=6 pread=0.365s
DBG getmany L8 nw=5 wall=0.074s thr(out)1 thr(in)16 conc_peak=5 pread=0.288s
DBG getmany L8 nw=10 wall=0.131s thr(out)1 thr(in)16 conc_peak=10 pread=0.928s
DBG getmany L8 nw=5 wall=0.070s thr(out)1 thr(in)16 conc_peak=5 pread=0.269s
DBG getmany L8 nw=6 wall=0.082s thr(out)1 thr(in)16 conc_peak=6 pread=0.362s
DBG getmany L8 nw=8 wall=0.101s thr(out)1 thr(in)16 conc_peak=8 pread=0.590s
DBG getmany L9 nw=16 wall=0.199s thr(out)1 thr(in)16 conc_peak=16 pread=2.222s
DBG getmany L9 nw=7 wall=0.105s thr(out)1 thr(in)16 conc_peak=7 pread=0.546s
DBG getmany L9 nw=7 wall=0.091s thr(out)1 thr(in)16 conc_peak=7 pread=0.514s
DBG getmany L9 nw=12 wall=0.161s thr(out)1 thr(in)16 conc_peak=12 pread=1.272s
DBG getmany L9 nw=3 wall=0.052s thr(out)1 thr(in)16 conc_peak=3 pread=0.130s
DBG getmany L9 nw=12 wall=0.149s thr(out)1 thr(in)16 conc_peak=12 pread=1.285s
DBG getmany L9 nw=13 wall=0.168s thr(out)1 thr(in)16 conc_peak=13 pread=1.447s
DBG getmany L9 nw=4 wall=0.063s thr(out)1 thr(in)16 conc_peak=4 pread=0.193s
DBG getmany L9 nw=3 wall=0.054s thr(out)1 thr(in)16 conc_peak=2 pread=0.142s
DBG getmany L9 nw=4 wall=0.060s thr(out)1 thr(in)16 conc_peak=3 pread=0.196s
DBG getmany L9 nw=3 wall=0.051s thr(out)1 thr(in)16 conc_peak=3 pread=0.123s
DBG getmany L10 nw=16 wall=0.190s thr(out)1 thr(in)16 conc_peak=16 pread=2.060s
DBG getmany L10 nw=9 wall=0.115s thr(out)1 thr(in)16 conc_peak=9 pread=0.766s
DBG getmany L10 nw=5 wall=0.073s thr(out)1 thr(in)16 conc_peak=5 pread=0.285s
DBG getmany L10 nw=14 wall=0.184s thr(out)1 thr(in)16 conc_peak=14 pread=1.737s
DBG getmany L10 nw=7 wall=0.092s thr(out)1 thr(in)16 conc_peak=7 pread=0.486s
DBG getmany L10 nw=8 wall=0.109s thr(out)1 thr(in)16 conc_peak=8 pread=0.621s
DBG getmany L10 nw=11 wall=0.153s thr(out)1 thr(in)16 conc_peak=11 pread=1.242s
DBG getmany L10 nw=4 wall=0.061s thr(out)1 thr(in)16 conc_peak=4 pread=0.209s
DBG getmany L10 nw=3 wall=0.055s thr(out)1 thr(in)16 conc_peak=3 pread=0.140s
DBG getmany L10 nw=3 wall=0.057s thr(out)1 thr(in)16 conc_peak=3 pread=0.140s
DBG getmany L10 nw=1 wall=0.078s thr(out)1 thr(in)16 conc_peak=1 pread=0.077s
DBG getmany L10 nw=1 wall=0.089s thr(out)1 thr(in)16 conc_peak=1 pread=0.089s
DBG getmany L10 nw=1 wall=0.078s thr(out)1 thr(in)16 conc_peak=1 pread=0.077s
DBG getmany L11 nw=16 wall=0.157s thr(out)1 thr(in)16 conc_peak=16 pread=1.392s
DBG getmany L11 nw=1 wall=0.275s thr(out)1 thr(in)16 conc_peak=1 pread=0.274s
config: /model/config.json (nested shape) | hidden=7168 layers=93 vocab=163840 | 24 MLA + 69 KDA | experts 896 top16 shared2 | latent=3584
NOTE: binding only the first 12 of 93 layers. Output is NOT the full model; it is a partial stack for testing the machinery.

  KV cache : 82.95 MB for 35 positions (2.37 MB/position)
Kimi K3, pure C, released checkpoint
  model    : /model
  prompt   : 30 tokens, generating 4

indexed 497220 tensors from 96 shards in 1.36 s
trunk on disk : 15.16 GB total (STREAMED from /mnt/nvme/trunk_layers_out, not held in RAM)

memory plan
  trunk (STREAMED) 6.00 GB
  embed + lm_head  4.70 GB
  expert cache     8.00 GB
  recurrent state  80.81 MB
  buffers          24.72 MB
  KV cache         82.79 MB
  TOTAL            18.89 GB
  available        28.55 GB

k3_trunk: trunk.bin absent - using per-layer slices (layer_%03d.bin)
trunk stream: 56.60 GB packed, 1/93 layers PINNED (3.00 GB), ring 2 x 1.30 GB
              reads use buffered I/O
              ring holds 2 slots: layers repeat over ~2 tokens, so recent ones are reused instead of re-read
trunk streaming enabled from /mnt/nvme/trunk_layers_out in 0.0 s
embedding, final norm and lm_head: 4.70 GB in 22.3 s

expert L2 cache enabled: 11397 slots x 17.55 MB = 199.99 GB on /mnt/nvme/experts.l2
expert L2 eviction policy: heat
peak RSS after loading weights: 4.78 GB  (the plan above is a forecast, this is measured)
expert cache: 455 slots x 17.56 MB = 7.99 GB (0.55% of the 1.45 TB expert pool)

recurrent state for 12 layers: 80.81 MB

incremental decode: KV cache 10.35 MB for 3 MLA layers at 35 positions

STEP   TOKEN      SECONDS      CACHE HIT  READ GB    TOK/S
--------------------------------------------------------------------
0      8611       113.81       100.0      8.67       0.009
  L2   resident=6298/11397 slots hit=100.0% read=8.67GB write=0.00GB
DBG getmany L1 nw=16 wall=0.154s thr(out)1 thr(in)16 conc_peak=16 pread=1.588s
DBG getmany L1 nw=8 wall=0.080s thr(out)1 thr(in)16 conc_peak=8 pread=0.374s
DBG getmany L2 nw=16 wall=0.154s thr(out)1 thr(in)16 conc_peak=16 pread=1.399s
DBG getmany L2 nw=14 wall=0.135s thr(out)1 thr(in)16 conc_peak=14 pread=1.305s
DBG getmany L3 nw=16 wall=0.150s thr(out)1 thr(in)16 conc_peak=16 pread=1.471s
DBG getmany L3 nw=9 wall=0.087s thr(out)1 thr(in)16 conc_peak=9 pread=0.517s
DBG getmany L4 nw=15 wall=0.155s thr(out)1 thr(in)16 conc_peak=15 pread=1.470s
DBG getmany L4 nw=9 wall=0.089s thr(out)1 thr(in)16 conc_peak=9 pread=0.539s
DBG getmany L4 nw=5 wall=0.052s thr(out)1 thr(in)16 conc_peak=5 pread=0.175s
DBG getmany L5 nw=15 wall=0.144s thr(out)1 thr(in)16 conc_peak=15 pread=1.437s
DBG getmany L5 nw=10 wall=0.109s thr(out)1 thr(in)16 conc_peak=10 pread=0.614s
DBG getmany L5 nw=6 wall=0.060s thr(out)1 thr(in)16 conc_peak=6 pread=0.240s
DBG getmany L6 nw=16 wall=0.150s thr(out)1 thr(in)16 conc_peak=16 pread=1.691s
DBG getmany L6 nw=7 wall=0.068s thr(out)1 thr(in)16 conc_peak=6 pread=0.305s
DBG getmany L7 nw=16 wall=0.154s thr(out)1 thr(in)16 conc_peak=16 pread=1.701s
DBG getmany L7 nw=12 wall=0.141s thr(out)1 thr(in)16 conc_peak=12 pread=0.892s
DBG getmany L7 nw=6 wall=0.058s thr(out)1 thr(in)16 conc_peak=6 pread=0.236s
DBG getmany L8 nw=16 wall=0.159s thr(out)1 thr(in)16 conc_peak=16 pread=1.592s
DBG getmany L8 nw=9 wall=0.086s thr(out)1 thr(in)16 conc_peak=9 pread=0.478s
DBG getmany L8 nw=6 wall=0.057s thr(out)1 thr(in)16 conc_peak=6 pread=0.214s
DBG getmany L9 nw=12 wall=0.119s thr(out)1 thr(in)16 conc_peak=12 pread=0.857s
DBG getmany L10 nw=12 wall=0.119s thr(out)1 thr(in)16 conc_peak=12 pread=0.781s
DBG getmany L10 nw=8 wall=0.087s thr(out)1 thr(in)16 conc_peak=8 pread=0.411s
DBG getmany L10 nw=5 wall=0.051s thr(out)1 thr(in)16 conc_peak=5 pread=0.184s
DBG getmany L11 nw=15 wall=0.129s thr(out)1 thr(in)16 conc_peak=15 pread=1.200s
DBG getmany L11 nw=8 wall=0.069s thr(out)1 thr(in)16 conc_peak=7 pread=0.374s
1      82784      15.69        99.6       5.39       0.064
  L2   resident=6298/11397 slots hit=100.0% read=13.99GB write=0.00GB
--------------------------------------------------------------------
4 tokens in 129.5 s, 32.38 s/token average
PEAK RSS for the whole run: 16.56 GB   <- quote this, not the plan
layers completed: 12/12; routed expert drops: 0


[chip] simulated MXFP4 GEMV bill over 34 tokens
  5808 expert chains | 383678152704 flops | 101914509312 bytes (101.91 GB)
  per token: 170 chains | 3.00 GB | 0.01 Gflops
  compute wall @ 4 TFLOPS : 0.10 s (2.82 ms/token)
  bandwidth wall @ 200 GB/s : 0.51 s (14.99 ms/token)
  -> bandwidth-bound; to be compute-bound at 4 TFLOPS this needs 1062 GB/s
  expert fetch (host wall, measured): 12.37 s moving 101.91 GB = 8 GB/s
  chip pool wall (measured): 33.03 s

cache [final step]
  slots        : 455 of 17.56 MB = 7.99 GB arena (455 resident, 0 pinned)
  requests     : 528  hits 526 (99.62%)  misses 2  evictions 307
  of those hits : 305 came from the batch prefetch, i.e. read from disk
                  this token; TRUE resident hit rate 41.86%
  read from disk: 5.39 GB in 3.53 s (1527 MB/s while loading)
  phase2 i/o    : 5.35 GB in 3.03 s (1768 MB/s)  [pure parallel disk read]
l2cache [final step]
  requests     : 797  hits 797 (100.00%)  misses 0
  read  from sdd7: 13.99 GB, written 0.00 GB
  hit I/O   : 13.99 GB in 11.66 s (wall) = 1199 MB/s [pread 67.17 s, 208 MB/s per-thread]
  miss I/O  : 0 misses, 0.00 GB from /model in 0.00 s (wall) = 0 MB/s
  restored from meta: 6298 slots

wrote reports/loop_serial_20260920_113634/loop_block4.json
I/O share of wall clock: 37.0%  (trunk 35.8 s + experts 12.2 s of 129.5 s)
  both figures are WHOLE-RUN totals over 4 steps
  experts, whole run: 14.06 GB read | 5462 of 5808 requests retained in RAM (94.04%) | 346 evictions
    (retention = requests - evictions; the raw `hits` counter includes
     experts the prefetcher had just read from disk, so it is not a
     measure of avoided I/O)

trunk [final]
  pinned 1/93 layers, ring 2 slots
  binds 24, hits 1 (4.2%), reads 23
  read 15.26 GB in 35.76 s (427 MB/s pread) + 0.00 s parked on the expert gate
  per-layer loads [L]=count: 0=1 1=2 2=2 3=2 4=2 5=2 6=2 7=2 8=2 9=2 10=2 11=2 12=0 13=0 14=0 15=0 16=0 17=0 18=0 19=0 20=0 21=0 22=0 23=0 24=0 25=0 26=0 27=0 28=0 29=0 30=0 31=0 32=0 33=0 34=0 35=0 36=0 37=0 38=0 39=0 40=0 41=0 42=0 43=0 44=0 45=0 46=0 47=0 48=0 49=0 50=0 51=0 52=0 53=0 54=0 55=0 56=0 57=0 58=0 59=0 60=0 61=0 62=0 63=0 64=0 65=0 66=0 67=0 68=0 69=0 70=0 71=0 72=0 73=0 74=0 75=0 76=0 77=0 78=0 79=0 80=0 81=0 82=0 83=0 84=0 85=0 86=0 87=0 88=0 89=0 90=0 91=0 92=0
  bind wall 29.23 s over 24 binds; read 35.76 + widen 0.27 = 36.04 s of device work,
                    of which 6.80 s (19%) overlapped compute on the reader thread
  widen breakdown: find 0 ms (626)  copy 0 ms (274)  deq 273 ms (200)  timed 0 s of widen 0.27 s
