L2 auto: 209 GB free on /mnt/nvme -> L2 at 256 GB
k3 chip: 4 workers, 4 TFLOPS, 200 GB/s simulated wall
  L2 want=17547264 slot=17547264 nbytes=17547264 fd=O_DIRECT
  L2 want=17547264 slot=17547264 nbytes=17547264 fd=O_DIRECT
  L2 want=17547264 slot=17547264 nbytes=17547264 fd=O_DIRECT
  L2 want=17547264 slot=17547264 nbytes=17547264 fd=O_DIRECT
  L2 want=17547264 slot=17547264 nbytes=17547264 fd=O_DIRECT
  L2 want=17547264 slot=17547264 nbytes=17547264 fd=O_DIRECT
  L2 want=17547264 slot=17547264 nbytes=17547264 fd=O_DIRECT
  L2 want=17547264 slot=17547264 nbytes=17547264 fd=O_DIRECT
  L2 want=17547264 slot=17547264 nbytes=17547264 fd=O_DIRECT
  L2 want=17547264 slot=17547264 nbytes=17547264 fd=O_DIRECT
  L2 want=17547264 slot=17547264 nbytes=17547264 fd=O_DIRECT
  L2 want=17547264 slot=17547264 nbytes=17547264 fd=O_DIRECT
  L2 want=17547264 slot=17547264 nbytes=17547264 fd=O_DIRECT
  L2 want=17547264 slot=17547264 nbytes=17547264 fd=O_DIRECT
  L2 want=17547264 slot=17547264 nbytes=17547264 fd=O_DIRECT
  L2 want=17547264 slot=17547264 nbytes=17547264 fd=O_DIRECT
DBG getmany L1 nw=16 wall=0.242s thr(out)1 thr(in)16 conc_peak=16 pread=2.687s
DBG getmany L2 nw=16 wall=0.226s thr(out)1 thr(in)16 conc_peak=16 pread=2.314s
DBG getmany L3 nw=16 wall=0.229s thr(out)1 thr(in)16 conc_peak=16 pread=2.481s
DBG getmany L4 nw=16 wall=0.213s thr(out)1 thr(in)16 conc_peak=16 pread=2.298s
DBG getmany L5 nw=16 wall=0.210s thr(out)1 thr(in)16 conc_peak=16 pread=2.258s
DBG getmany L6 nw=16 wall=0.202s thr(out)1 thr(in)16 conc_peak=16 pread=2.102s
DBG getmany L7 nw=16 wall=0.208s thr(out)1 thr(in)16 conc_peak=16 pread=2.255s
DBG getmany L8 nw=16 wall=0.249s thr(out)1 thr(in)16 conc_peak=16 pread=2.733s
DBG getmany L9 nw=16 wall=0.217s thr(out)1 thr(in)16 conc_peak=16 pread=2.309s
DBG getmany L10 nw=16 wall=0.234s thr(out)1 thr(in)16 conc_peak=16 pread=2.693s
DBG getmany L11 nw=16 wall=0.260s thr(out)1 thr(in)16 conc_peak=16 pread=2.942s
DBG getmany L12 nw=16 wall=0.245s thr(out)1 thr(in)16 conc_peak=16 pread=2.556s
DBG getmany L13 nw=16 wall=0.232s thr(out)1 thr(in)16 conc_peak=16 pread=2.490s
DBG getmany L14 nw=16 wall=0.245s thr(out)1 thr(in)16 conc_peak=16 pread=2.749s
DBG getmany L15 nw=16 wall=0.273s thr(out)1 thr(in)16 conc_peak=16 pread=3.008s
DBG getmany L16 nw=16 wall=0.245s thr(out)1 thr(in)16 conc_peak=16 pread=2.677s
DBG getmany L17 nw=16 wall=0.248s thr(out)1 thr(in)16 conc_peak=16 pread=2.821s
DBG getmany L18 nw=16 wall=0.252s thr(out)1 thr(in)16 conc_peak=16 pread=2.835s
DBG getmany L19 nw=16 wall=0.282s thr(out)1 thr(in)16 conc_peak=16 pread=3.199s
DBG getmany L20 nw=16 wall=0.252s thr(out)1 thr(in)16 conc_peak=16 pread=2.677s
DBG getmany L21 nw=16 wall=0.262s thr(out)1 thr(in)16 conc_peak=16 pread=2.489s
DBG getmany L22 nw=16 wall=0.552s thr(out)1 thr(in)16 conc_peak=16 pread=7.179s
DBG getmany L23 nw=16 wall=0.577s thr(out)1 thr(in)16 conc_peak=16 pread=7.842s
DBG getmany L24 nw=16 wall=4.525s thr(out)1 thr(in)16 conc_peak=16 pread=66.756s
DBG getmany L25 nw=16 wall=2.213s thr(out)1 thr(in)16 conc_peak=16 pread=32.600s
DBG getmany L26 nw=16 wall=0.271s thr(out)1 thr(in)16 conc_peak=16 pread=3.355s
DBG getmany L27 nw=16 wall=0.425s thr(out)1 thr(in)16 conc_peak=16 pread=5.077s
DBG getmany L28 nw=16 wall=0.367s thr(out)1 thr(in)16 conc_peak=16 pread=4.713s
DBG getmany L29 nw=16 wall=0.412s thr(out)1 thr(in)16 conc_peak=16 pread=5.219s
DBG getmany L30 nw=16 wall=0.264s thr(out)1 thr(in)16 conc_peak=16 pread=3.301s
DBG getmany L31 nw=16 wall=0.520s thr(out)1 thr(in)16 conc_peak=16 pread=7.293s
DBG getmany L32 nw=16 wall=0.508s thr(out)1 thr(in)16 conc_peak=16 pread=6.615s
DBG getmany L33 nw=16 wall=0.640s thr(out)1 thr(in)16 conc_peak=16 pread=8.206s
DBG getmany L34 nw=16 wall=0.535s thr(out)1 thr(in)16 conc_peak=16 pread=6.777s
DBG getmany L35 nw=16 wall=0.740s thr(out)1 thr(in)16 conc_peak=16 pread=9.814s
DBG getmany L36 nw=16 wall=0.709s thr(out)1 thr(in)16 conc_peak=16 pread=10.412s
DBG getmany L37 nw=16 wall=0.723s thr(out)1 thr(in)16 conc_peak=16 pread=10.792s
DBG getmany L38 nw=16 wall=0.487s thr(out)1 thr(in)16 conc_peak=16 pread=6.759s
DBG getmany L39 nw=16 wall=0.734s thr(out)1 thr(in)16 conc_peak=16 pread=8.931s
DBG getmany L40 nw=16 wall=0.754s thr(out)1 thr(in)16 conc_peak=16 pread=9.844s
DBG getmany L41 nw=16 wall=0.686s thr(out)1 thr(in)16 conc_peak=16 pread=6.281s
DBG getmany L42 nw=16 wall=0.537s thr(out)1 thr(in)16 conc_peak=16 pread=7.311s
DBG getmany L43 nw=16 wall=0.741s thr(out)1 thr(in)16 conc_peak=16 pread=9.388s
DBG getmany L44 nw=16 wall=0.770s thr(out)1 thr(in)16 conc_peak=16 pread=10.568s
DBG getmany L45 nw=16 wall=0.750s thr(out)1 thr(in)16 conc_peak=16 pread=11.025s
DBG getmany L46 nw=16 wall=0.526s thr(out)1 thr(in)16 conc_peak=16 pread=7.117s
DBG getmany L47 nw=16 wall=0.679s thr(out)1 thr(in)16 conc_peak=16 pread=8.509s
DBG getmany L48 nw=16 wall=0.712s thr(out)1 thr(in)16 conc_peak=16 pread=10.130s
DBG getmany L49 nw=16 wall=0.762s thr(out)1 thr(in)16 conc_peak=16 pread=10.046s
DBG getmany L50 nw=16 wall=0.557s thr(out)1 thr(in)16 conc_peak=16 pread=7.880s
DBG getmany L51 nw=16 wall=0.726s thr(out)1 thr(in)16 conc_peak=16 pread=9.765s
DBG getmany L52 nw=16 wall=0.671s thr(out)1 thr(in)16 conc_peak=16 pread=9.568s
DBG getmany L53 nw=16 wall=0.691s thr(out)1 thr(in)16 conc_peak=16 pread=9.058s
DBG getmany L54 nw=16 wall=0.521s thr(out)1 thr(in)16 conc_peak=16 pread=7.207s
DBG getmany L55 nw=16 wall=0.768s thr(out)1 thr(in)16 conc_peak=16 pread=8.942s
DBG getmany L56 nw=16 wall=0.757s thr(out)1 thr(in)16 conc_peak=16 pread=10.715s
DBG getmany L57 nw=16 wall=0.736s thr(out)1 thr(in)16 conc_peak=16 pread=10.554s
DBG getmany L58 nw=16 wall=0.547s thr(out)1 thr(in)16 conc_peak=16 pread=7.633s
DBG getmany L59 nw=16 wall=0.767s thr(out)1 thr(in)16 conc_peak=16 pread=11.310s
DBG getmany L60 nw=16 wall=0.538s thr(out)1 thr(in)16 conc_peak=16 pread=7.134s
DBG getmany L61 nw=16 wall=0.678s thr(out)1 thr(in)16 conc_peak=16 pread=8.544s
DBG getmany L62 nw=16 wall=0.542s thr(out)1 thr(in)16 conc_peak=16 pread=7.828s
DBG getmany L63 nw=16 wall=0.675s thr(out)1 thr(in)16 conc_peak=16 pread=7.754s
DBG getmany L64 nw=16 wall=0.736s thr(out)1 thr(in)16 conc_peak=16 pread=10.336s
DBG getmany L65 nw=16 wall=0.699s thr(out)1 thr(in)16 conc_peak=16 pread=8.536s
DBG getmany L66 nw=16 wall=0.500s thr(out)1 thr(in)16 conc_peak=16 pread=7.020s
DBG getmany L67 nw=16 wall=0.754s thr(out)1 thr(in)16 conc_peak=16 pread=10.104s
DBG getmany L68 nw=16 wall=0.728s thr(out)1 thr(in)16 conc_peak=16 pread=10.896s
DBG getmany L69 nw=16 wall=0.739s thr(out)1 thr(in)16 conc_peak=16 pread=8.246s
DBG getmany L70 nw=16 wall=0.542s thr(out)1 thr(in)16 conc_peak=16 pread=7.200s
DBG getmany L71 nw=16 wall=0.819s thr(out)1 thr(in)16 conc_peak=16 pread=10.981s
DBG getmany L72 nw=16 wall=0.745s thr(out)1 thr(in)16 conc_peak=16 pread=9.471s
DBG getmany L73 nw=16 wall=0.747s thr(out)1 thr(in)16 conc_peak=16 pread=10.789s
DBG getmany L74 nw=16 wall=0.556s thr(out)1 thr(in)16 conc_peak=16 pread=6.089s
DBG getmany L75 nw=16 wall=0.708s thr(out)1 thr(in)16 conc_peak=16 pread=9.682s
DBG getmany L76 nw=16 wall=0.673s thr(out)1 thr(in)16 conc_peak=16 pread=9.314s
DBG getmany L77 nw=16 wall=0.735s thr(out)1 thr(in)16 conc_peak=16 pread=9.940s
DBG getmany L78 nw=16 wall=0.560s thr(out)1 thr(in)16 conc_peak=16 pread=7.143s
DBG getmany L79 nw=16 wall=0.705s thr(out)1 thr(in)16 conc_peak=16 pread=9.375s
DBG getmany L80 nw=16 wall=0.699s thr(out)1 thr(in)16 conc_peak=16 pread=9.726s
DBG getmany L81 nw=16 wall=0.719s thr(out)1 thr(in)16 conc_peak=16 pread=6.920s
DBG getmany L82 nw=16 wall=0.516s thr(out)1 thr(in)16 conc_peak=16 pread=7.384s
DBG getmany L83 nw=16 wall=0.703s thr(out)1 thr(in)16 conc_peak=16 pread=9.063s
DBG getmany L84 nw=16 wall=0.691s thr(out)1 thr(in)16 conc_peak=16 pread=7.782s
DBG getmany L85 nw=16 wall=0.662s thr(out)1 thr(in)16 conc_peak=16 pread=7.814s
DBG getmany L86 nw=16 wall=0.502s thr(out)1 thr(in)16 conc_peak=16 pread=6.948s
DBG getmany L87 nw=16 wall=0.686s thr(out)1 thr(in)16 conc_peak=16 pread=8.648s
DBG getmany L88 nw=16 wall=0.690s thr(out)1 thr(in)16 conc_peak=16 pread=9.891s
DBG getmany L89 nw=16 wall=0.727s thr(out)1 thr(in)16 conc_peak=16 pread=7.841s
DBG getmany L90 nw=16 wall=0.452s thr(out)1 thr(in)16 conc_peak=16 pread=6.179s
DBG getmany L91 nw=16 wall=0.531s thr(out)1 thr(in)16 conc_peak=16 pread=7.028s
DBG getmany L92 nw=16 wall=0.237s thr(out)1 thr(in)16 conc_peak=16 pread=2.171s
config: /model/config.json (nested shape) | hidden=7168 layers=93 vocab=163840 | 24 MLA + 69 KDA | experts 896 top16 shared2 | latent=3584
  KV cache : 11.85 MB for 5 positions (2.37 MB/position)
Kimi K3, pure C, released checkpoint
  model    : /model
  prompt   : 1 tokens, generating 3

indexed 497220 tensors from 96 shards in 0.60 s
trunk on disk : 110.00 GB total (STREAMED from /mnt/nvme/trunk_layers_out, not held in RAM)

memory plan
  trunk (STREAMED) 32.00 GB
  embed + lm_head  4.70 GB
  expert cache     8.00 GB
  recurrent state  626.25 MB
  buffers          4.68 MB
  KV cache         11.83 MB
  TOTAL            45.34 GB
  available        57.78 GB

k3_trunk: trunk.bin absent - using per-layer slices (layer_%03d.bin)
trunk stream: 56.60 GB packed, 22/93 layers PINNED (29.30 GB), ring 2 x 1.30 GB
              reads use buffered I/O
              ring holds 2 slots: layers repeat over ~2 tokens, so recent ones are reused instead of re-read
trunk streaming enabled from /mnt/nvme/trunk_layers_out in 0.0 s
embedding, final norm and lm_head: 4.70 GB in 3.8 s

expert L1 eviction policy: lru
expert L2 cache enabled: 14589 slots x 17.55 MB = 256.00 GB on /mnt/nvme/experts.l2
expert L2 exact: nslot=14589 slot_bytes=17547264 l2_slot=17547264 K3_ST_ALIGN=4096
expert L2 eviction policy: heat
peak RSS after loading weights: 4.78 GB  (the plan above is a forecast, this is measured)
expert cache: 455 slots x 17.56 MB = 7.99 GB (0.55% of the 1.45 TB expert pool)

recurrent state for 93 layers: 626.25 MB

incremental decode: KV cache 11.83 MB for 24 MLA layers at 5 positions

STEP   TOKEN      SECONDS      CACHE HIT  READ GB    TOK/S
--------------------------------------------------------------------
0      220        104.60       100.0      25.83      0.010
  L2   resident=6779/14589 slots hit=100.0% read=25.81GB write=0.00GB
DBG getmany L1 nw=16 wall=0.255s thr(out)1 thr(in)16 conc_peak=16 pread=2.352s
DBG getmany L2 nw=16 wall=0.245s thr(out)1 thr(in)16 conc_peak=16 pread=2.336s
DBG getmany L3 nw=16 wall=0.236s thr(out)1 thr(in)16 conc_peak=16 pread=2.183s
DBG getmany L4 nw=16 wall=0.233s thr(out)1 thr(in)16 conc_peak=16 pread=2.316s
DBG getmany L5 nw=16 wall=0.231s thr(out)1 thr(in)16 conc_peak=16 pread=2.294s
DBG getmany L6 nw=16 wall=0.248s thr(out)1 thr(in)16 conc_peak=16 pread=2.422s
DBG getmany L7 nw=16 wall=0.242s thr(out)1 thr(in)16 conc_peak=16 pread=2.268s
DBG getmany L8 nw=16 wall=0.236s thr(out)1 thr(in)16 conc_peak=16 pread=2.397s
DBG getmany L9 nw=16 wall=0.240s thr(out)1 thr(in)16 conc_peak=16 pread=2.294s
DBG getmany L10 nw=16 wall=0.250s thr(out)1 thr(in)16 conc_peak=16 pread=2.291s
DBG getmany L11 nw=16 wall=0.242s thr(out)1 thr(in)16 conc_peak=16 pread=2.304s
DBG getmany L12 nw=16 wall=0.238s thr(out)1 thr(in)16 conc_peak=16 pread=2.270s
DBG getmany L13 nw=16 wall=0.251s thr(out)1 thr(in)16 conc_peak=16 pread=2.431s
DBG getmany L14 nw=16 wall=0.246s thr(out)1 thr(in)16 conc_peak=16 pread=2.343s
DBG getmany L15 nw=16 wall=0.251s thr(out)1 thr(in)16 conc_peak=16 pread=2.390s
DBG getmany L16 nw=16 wall=0.246s thr(out)1 thr(in)16 conc_peak=16 pread=2.306s
DBG getmany L17 nw=16 wall=0.248s thr(out)1 thr(in)16 conc_peak=16 pread=2.378s
DBG getmany L18 nw=16 wall=0.236s thr(out)1 thr(in)16 conc_peak=16 pread=2.313s
DBG getmany L19 nw=16 wall=0.241s thr(out)1 thr(in)16 conc_peak=16 pread=2.169s
DBG getmany L20 nw=16 wall=0.248s thr(out)1 thr(in)16 conc_peak=16 pread=2.356s
DBG getmany L21 nw=16 wall=0.693s thr(out)1 thr(in)16 conc_peak=16 pread=9.543s
DBG getmany L22 nw=16 wall=0.518s thr(out)1 thr(in)16 conc_peak=16 pread=6.786s
DBG getmany L23 nw=16 wall=0.689s thr(out)1 thr(in)16 conc_peak=16 pread=10.234s
DBG getmany L24 nw=16 wall=0.775s thr(out)1 thr(in)16 conc_peak=16 pread=9.530s
DBG getmany L25 nw=16 wall=0.683s thr(out)1 thr(in)16 conc_peak=16 pread=6.459s
DBG getmany L26 nw=16 wall=0.539s thr(out)1 thr(in)16 conc_peak=16 pread=6.028s
DBG getmany L27 nw=16 wall=0.698s thr(out)1 thr(in)16 conc_peak=16 pread=8.748s
DBG getmany L28 nw=16 wall=0.602s thr(out)1 thr(in)16 conc_peak=16 pread=8.575s
DBG getmany L29 nw=16 wall=0.718s thr(out)1 thr(in)16 conc_peak=16 pread=8.691s
DBG getmany L30 nw=16 wall=0.558s thr(out)1 thr(in)16 conc_peak=16 pread=7.850s
DBG getmany L31 nw=16 wall=0.740s thr(out)1 thr(in)16 conc_peak=16 pread=10.490s
DBG getmany L32 nw=16 wall=0.717s thr(out)1 thr(in)16 conc_peak=16 pread=10.597s
DBG getmany L33 nw=16 wall=0.764s thr(out)1 thr(in)16 conc_peak=16 pread=10.424s
DBG getmany L34 nw=16 wall=0.512s thr(out)1 thr(in)16 conc_peak=16 pread=6.885s
DBG getmany L35 nw=16 wall=0.754s thr(out)1 thr(in)16 conc_peak=16 pread=9.843s
DBG getmany L36 nw=16 wall=0.711s thr(out)1 thr(in)16 conc_peak=16 pread=9.835s
DBG getmany L37 nw=16 wall=0.689s thr(out)1 thr(in)16 conc_peak=16 pread=9.247s
DBG getmany L38 nw=16 wall=0.479s thr(out)1 thr(in)16 conc_peak=16 pread=6.837s
DBG getmany L39 nw=16 wall=0.721s thr(out)1 thr(in)16 conc_peak=16 pread=9.966s
DBG getmany L40 nw=16 wall=0.795s thr(out)1 thr(in)16 conc_peak=16 pread=10.329s
DBG getmany L41 nw=16 wall=0.666s thr(out)1 thr(in)16 conc_peak=16 pread=8.240s
DBG getmany L42 nw=16 wall=0.501s thr(out)1 thr(in)16 conc_peak=16 pread=6.558s
DBG getmany L43 nw=16 wall=0.745s thr(out)1 thr(in)16 conc_peak=16 pread=9.760s
DBG getmany L44 nw=16 wall=0.700s thr(out)1 thr(in)16 conc_peak=16 pread=7.386s
DBG getmany L45 nw=16 wall=0.743s thr(out)1 thr(in)16 conc_peak=16 pread=10.271s
DBG getmany L46 nw=16 wall=0.522s thr(out)1 thr(in)16 conc_peak=16 pread=6.793s
DBG getmany L47 nw=16 wall=0.710s thr(out)1 thr(in)16 conc_peak=16 pread=10.244s
DBG getmany L48 nw=16 wall=0.679s thr(out)1 thr(in)16 conc_peak=16 pread=7.389s
DBG getmany L49 nw=16 wall=0.717s thr(out)1 thr(in)16 conc_peak=16 pread=9.968s
DBG getmany L50 nw=16 wall=0.551s thr(out)1 thr(in)16 conc_peak=16 pread=6.958s
DBG getmany L51 nw=16 wall=0.718s thr(out)1 thr(in)16 conc_peak=16 pread=9.009s
DBG getmany L52 nw=16 wall=0.689s thr(out)1 thr(in)16 conc_peak=16 pread=9.116s
DBG getmany L53 nw=16 wall=0.631s thr(out)1 thr(in)16 conc_peak=16 pread=8.271s
DBG getmany L54 nw=16 wall=0.512s thr(out)1 thr(in)16 conc_peak=16 pread=6.604s
DBG getmany L55 nw=16 wall=0.758s thr(out)1 thr(in)16 conc_peak=16 pread=9.853s
DBG getmany L56 nw=16 wall=0.691s thr(out)1 thr(in)16 conc_peak=16 pread=8.831s
DBG getmany L57 nw=16 wall=0.623s thr(out)1 thr(in)16 conc_peak=16 pread=8.256s
DBG getmany L58 nw=16 wall=0.430s thr(out)1 thr(in)16 conc_peak=16 pread=5.185s
DBG getmany L59 nw=16 wall=0.639s thr(out)1 thr(in)16 conc_peak=16 pread=7.217s
DBG getmany L60 nw=16 wall=0.586s thr(out)1 thr(in)16 conc_peak=16 pread=8.134s
DBG getmany L61 nw=16 wall=0.714s thr(out)1 thr(in)16 conc_peak=16 pread=7.998s
DBG getmany L62 nw=16 wall=0.471s thr(out)1 thr(in)16 conc_peak=16 pread=5.086s
DBG getmany L63 nw=16 wall=0.746s thr(out)1 thr(in)16 conc_peak=16 pread=8.326s
DBG getmany L64 nw=16 wall=0.720s thr(out)1 thr(in)16 conc_peak=16 pread=10.226s
DBG getmany L65 nw=16 wall=0.713s thr(out)1 thr(in)16 conc_peak=16 pread=10.754s
DBG getmany L66 nw=16 wall=0.517s thr(out)1 thr(in)16 conc_peak=16 pread=7.396s
DBG getmany L67 nw=16 wall=0.756s thr(out)1 thr(in)16 conc_peak=16 pread=10.826s
DBG getmany L68 nw=16 wall=0.679s thr(out)1 thr(in)16 conc_peak=16 pread=7.074s
DBG getmany L69 nw=16 wall=0.762s thr(out)1 thr(in)16 conc_peak=16 pread=9.632s
DBG getmany L70 nw=16 wall=0.522s thr(out)1 thr(in)16 conc_peak=16 pread=7.602s
DBG getmany L71 nw=16 wall=0.799s thr(out)1 thr(in)16 conc_peak=16 pread=9.576s
DBG getmany L72 nw=16 wall=0.722s thr(out)1 thr(in)16 conc_peak=16 pread=9.296s
DBG getmany L73 nw=16 wall=0.712s thr(out)1 thr(in)16 conc_peak=16 pread=10.581s
DBG getmany L74 nw=16 wall=0.531s thr(out)1 thr(in)16 conc_peak=16 pread=6.495s
DBG getmany L75 nw=16 wall=0.684s thr(out)1 thr(in)16 conc_peak=16 pread=8.148s
DBG getmany L76 nw=16 wall=0.675s thr(out)1 thr(in)16 conc_peak=16 pread=7.999s
DBG getmany L77 nw=16 wall=0.731s thr(out)1 thr(in)16 conc_peak=16 pread=10.463s
DBG getmany L78 nw=16 wall=0.529s thr(out)1 thr(in)16 conc_peak=16 pread=6.417s
DBG getmany L79 nw=16 wall=0.746s thr(out)1 thr(in)16 conc_peak=16 pread=10.584s
DBG getmany L80 nw=16 wall=0.676s thr(out)1 thr(in)16 conc_peak=16 pread=9.988s
DBG getmany L81 nw=16 wall=0.758s thr(out)1 thr(in)16 conc_peak=16 pread=9.683s
DBG getmany L82 nw=16 wall=0.522s thr(out)1 thr(in)16 conc_peak=16 pread=6.473s
DBG getmany L83 nw=16 wall=0.520s thr(out)1 thr(in)16 conc_peak=16 pread=6.635s
DBG getmany L84 nw=16 wall=0.715s thr(out)1 thr(in)16 conc_peak=16 pread=8.421s
DBG getmany L85 nw=16 wall=0.679s thr(out)1 thr(in)16 conc_peak=16 pread=9.385s
DBG getmany L86 nw=16 wall=0.496s thr(out)1 thr(in)16 conc_peak=16 pread=7.069s
DBG getmany L87 nw=16 wall=0.733s thr(out)1 thr(in)16 conc_peak=16 pread=10.293s
DBG getmany L88 nw=16 wall=0.728s thr(out)1 thr(in)16 conc_peak=16 pread=10.342s
DBG getmany L89 nw=16 wall=0.740s thr(out)1 thr(in)16 conc_peak=16 pread=10.518s
DBG getmany L90 nw=16 wall=0.570s thr(out)1 thr(in)16 conc_peak=16 pread=8.082s
DBG getmany L91 nw=16 wall=0.556s thr(out)1 thr(in)16 conc_peak=16 pread=7.482s
DBG getmany L92 nw=16 wall=0.253s thr(out)1 thr(in)16 conc_peak=16 pread=2.480s
1      802        75.57        100.0      25.83      0.013
  L2   resident=6779/14589 slots hit=100.0% read=51.64GB write=0.00GB
DBG getmany L1 nw=16 wall=0.264s thr(out)1 thr(in)16 conc_peak=16 pread=2.403s
DBG getmany L2 nw=16 wall=0.256s thr(out)1 thr(in)16 conc_peak=16 pread=2.422s
DBG getmany L3 nw=16 wall=0.249s thr(out)1 thr(in)16 conc_peak=16 pread=2.371s
DBG getmany L4 nw=16 wall=0.254s thr(out)1 thr(in)16 conc_peak=16 pread=2.321s
DBG getmany L5 nw=16 wall=0.251s thr(out)1 thr(in)16 conc_peak=16 pread=2.357s
DBG getmany L6 nw=16 wall=0.263s thr(out)1 thr(in)16 conc_peak=16 pread=2.558s
DBG getmany L7 nw=16 wall=0.239s thr(out)1 thr(in)16 conc_peak=16 pread=2.309s
DBG getmany L8 nw=16 wall=0.234s thr(out)1 thr(in)16 conc_peak=16 pread=2.241s
DBG getmany L9 nw=16 wall=0.239s thr(out)1 thr(in)16 conc_peak=16 pread=2.358s
DBG getmany L10 nw=16 wall=0.243s thr(out)1 thr(in)16 conc_peak=16 pread=2.305s
DBG getmany L11 nw=16 wall=0.241s thr(out)1 thr(in)16 conc_peak=16 pread=2.305s
DBG getmany L12 nw=16 wall=0.239s thr(out)1 thr(in)16 conc_peak=16 pread=2.339s
DBG getmany L13 nw=16 wall=0.257s thr(out)1 thr(in)16 conc_peak=16 pread=2.367s
DBG getmany L14 nw=16 wall=0.240s thr(out)1 thr(in)16 conc_peak=16 pread=2.153s
DBG getmany L15 nw=16 wall=0.244s thr(out)1 thr(in)16 conc_peak=16 pread=2.388s
DBG getmany L16 nw=16 wall=0.250s thr(out)1 thr(in)16 conc_peak=16 pread=2.404s
DBG getmany L17 nw=16 wall=0.247s thr(out)1 thr(in)16 conc_peak=16 pread=2.272s
DBG getmany L18 nw=16 wall=0.242s thr(out)1 thr(in)16 conc_peak=16 pread=2.356s
DBG getmany L19 nw=16 wall=0.245s thr(out)1 thr(in)16 conc_peak=16 pread=2.433s
DBG getmany L20 nw=16 wall=0.242s thr(out)1 thr(in)16 conc_peak=16 pread=2.392s
DBG getmany L21 nw=16 wall=0.677s thr(out)1 thr(in)16 conc_peak=16 pread=9.319s
DBG getmany L22 nw=16 wall=0.497s thr(out)1 thr(in)16 conc_peak=16 pread=5.725s
DBG getmany L23 nw=16 wall=0.687s thr(out)1 thr(in)16 conc_peak=16 pread=8.609s
DBG getmany L24 nw=16 wall=0.741s thr(out)1 thr(in)16 conc_peak=16 pread=9.091s
DBG getmany L25 nw=16 wall=0.694s thr(out)1 thr(in)16 conc_peak=16 pread=9.171s
DBG getmany L26 nw=16 wall=0.524s thr(out)1 thr(in)16 conc_peak=16 pread=7.567s
DBG getmany L27 nw=16 wall=0.651s thr(out)1 thr(in)16 conc_peak=16 pread=8.616s
DBG getmany L28 nw=16 wall=0.636s thr(out)1 thr(in)16 conc_peak=16 pread=8.580s
DBG getmany L29 nw=16 wall=0.656s thr(out)1 thr(in)16 conc_peak=16 pread=8.788s
DBG getmany L30 nw=16 wall=0.494s thr(out)1 thr(in)16 conc_peak=16 pread=6.836s
DBG getmany L31 nw=16 wall=0.722s thr(out)1 thr(in)16 conc_peak=16 pread=9.491s
DBG getmany L32 nw=16 wall=0.736s thr(out)1 thr(in)16 conc_peak=16 pread=9.573s
DBG getmany L33 nw=16 wall=0.745s thr(out)1 thr(in)16 conc_peak=16 pread=9.951s
DBG getmany L34 nw=16 wall=0.541s thr(out)1 thr(in)16 conc_peak=16 pread=7.579s
DBG getmany L35 nw=16 wall=0.729s thr(out)1 thr(in)16 conc_peak=16 pread=10.292s
DBG getmany L36 nw=16 wall=0.718s thr(out)1 thr(in)16 conc_peak=16 pread=9.775s
DBG getmany L37 nw=16 wall=0.707s thr(out)1 thr(in)16 conc_peak=16 pread=9.253s
DBG getmany L38 nw=16 wall=0.532s thr(out)1 thr(in)16 conc_peak=16 pread=7.311s
DBG getmany L39 nw=16 wall=0.680s thr(out)1 thr(in)16 conc_peak=16 pread=9.456s
DBG getmany L40 nw=16 wall=0.667s thr(out)1 thr(in)16 conc_peak=16 pread=9.664s
DBG getmany L41 nw=16 wall=0.690s thr(out)1 thr(in)16 conc_peak=16 pread=7.373s
DBG getmany L42 nw=16 wall=0.426s thr(out)1 thr(in)16 conc_peak=16 pread=5.417s
DBG getmany L43 nw=16 wall=0.661s thr(out)1 thr(in)16 conc_peak=16 pread=8.346s
DBG getmany L44 nw=16 wall=0.589s thr(out)1 thr(in)16 conc_peak=16 pread=8.003s
DBG getmany L45 nw=16 wall=11.701s thr(out)1 thr(in)16 conc_peak=16 pread=175.894s
DBG getmany L46 nw=16 wall=0.549s thr(out)1 thr(in)16 conc_peak=16 pread=6.893s
DBG getmany L47 nw=16 wall=0.535s thr(out)1 thr(in)16 conc_peak=16 pread=6.283s
DBG getmany L48 nw=16 wall=0.714s thr(out)1 thr(in)16 conc_peak=16 pread=9.003s
DBG getmany L49 nw=16 wall=0.745s thr(out)1 thr(in)16 conc_peak=16 pread=10.467s
DBG getmany L50 nw=16 wall=0.457s thr(out)1 thr(in)16 conc_peak=16 pread=5.532s
DBG getmany L51 nw=16 wall=0.688s thr(out)1 thr(in)16 conc_peak=16 pread=8.563s
DBG getmany L52 nw=16 wall=0.644s thr(out)1 thr(in)16 conc_peak=16 pread=9.305s
DBG getmany L53 nw=16 wall=0.698s thr(out)1 thr(in)16 conc_peak=16 pread=8.790s
DBG getmany L54 nw=16 wall=0.512s thr(out)1 thr(in)16 conc_peak=16 pread=6.386s
DBG getmany L55 nw=16 wall=0.597s thr(out)1 thr(in)16 conc_peak=16 pread=7.117s
DBG getmany L56 nw=16 wall=0.697s thr(out)1 thr(in)16 conc_peak=16 pread=10.114s
DBG getmany L57 nw=16 wall=0.710s thr(out)1 thr(in)16 conc_peak=16 pread=10.192s
DBG getmany L58 nw=16 wall=0.550s thr(out)1 thr(in)16 conc_peak=16 pread=6.693s
DBG getmany L59 nw=16 wall=0.674s thr(out)1 thr(in)16 conc_peak=16 pread=8.940s
DBG getmany L60 nw=16 wall=0.707s thr(out)1 thr(in)16 conc_peak=16 pread=9.499s
DBG getmany L61 nw=16 wall=0.688s thr(out)1 thr(in)16 conc_peak=16 pread=9.142s
DBG getmany L62 nw=16 wall=0.478s thr(out)1 thr(in)16 conc_peak=16 pread=6.701s
DBG getmany L63 nw=16 wall=0.733s thr(out)1 thr(in)16 conc_peak=16 pread=10.015s
DBG getmany L64 nw=16 wall=0.746s thr(out)1 thr(in)16 conc_peak=16 pread=11.128s
DBG getmany L65 nw=16 wall=0.688s thr(out)1 thr(in)16 conc_peak=16 pread=9.528s
DBG getmany L66 nw=16 wall=0.526s thr(out)1 thr(in)16 conc_peak=16 pread=7.000s
DBG getmany L67 nw=16 wall=0.739s thr(out)1 thr(in)16 conc_peak=16 pread=10.079s
DBG getmany L68 nw=16 wall=0.649s thr(out)1 thr(in)16 conc_peak=16 pread=8.703s
DBG getmany L69 nw=16 wall=0.730s thr(out)1 thr(in)16 conc_peak=16 pread=9.532s
DBG getmany L70 nw=16 wall=0.532s thr(out)1 thr(in)16 conc_peak=16 pread=5.589s
DBG getmany L71 nw=16 wall=0.756s thr(out)1 thr(in)16 conc_peak=16 pread=10.393s
DBG getmany L72 nw=16 wall=0.673s thr(out)1 thr(in)16 conc_peak=16 pread=9.336s
DBG getmany L73 nw=16 wall=0.732s thr(out)1 thr(in)16 conc_peak=16 pread=9.441s
DBG getmany L74 nw=16 wall=0.501s thr(out)1 thr(in)16 conc_peak=16 pread=6.412s
DBG getmany L75 nw=16 wall=0.718s thr(out)1 thr(in)16 conc_peak=16 pread=8.815s
DBG getmany L76 nw=16 wall=0.662s thr(out)1 thr(in)16 conc_peak=16 pread=9.588s
DBG getmany L77 nw=16 wall=0.682s thr(out)1 thr(in)16 conc_peak=16 pread=9.072s
DBG getmany L78 nw=16 wall=0.535s thr(out)1 thr(in)16 conc_peak=16 pread=7.479s
DBG getmany L79 nw=16 wall=0.694s thr(out)1 thr(in)16 conc_peak=16 pread=10.344s
DBG getmany L80 nw=16 wall=0.673s thr(out)1 thr(in)16 conc_peak=16 pread=9.726s
DBG getmany L81 nw=16 wall=0.638s thr(out)1 thr(in)16 conc_peak=16 pread=7.648s
DBG getmany L82 nw=16 wall=0.512s thr(out)1 thr(in)16 conc_peak=16 pread=6.623s
DBG getmany L83 nw=16 wall=0.676s thr(out)1 thr(in)16 conc_peak=16 pread=9.565s
DBG getmany L84 nw=16 wall=0.702s thr(out)1 thr(in)16 conc_peak=16 pread=8.627s
DBG getmany L85 nw=16 wall=0.682s thr(out)1 thr(in)16 conc_peak=16 pread=9.728s
DBG getmany L86 nw=16 wall=0.503s thr(out)1 thr(in)16 conc_peak=16 pread=6.528s
DBG getmany L87 nw=16 wall=0.771s thr(out)1 thr(in)16 conc_peak=16 pread=8.197s
DBG getmany L88 nw=16 wall=0.709s thr(out)1 thr(in)16 conc_peak=16 pread=8.204s
DBG getmany L89 nw=16 wall=0.718s thr(out)1 thr(in)16 conc_peak=16 pread=10.373s
DBG getmany L90 nw=16 wall=0.466s thr(out)1 thr(in)16 conc_peak=16 pread=6.710s
DBG getmany L91 nw=16 wall=0.529s thr(out)1 thr(in)16 conc_peak=16 pread=7.654s
DBG getmany L92 nw=16 wall=0.249s thr(out)1 thr(in)16 conc_peak=16 pread=2.255s
2      24         85.92        100.0      25.83      0.012
  L2   resident=6779/14589 slots hit=100.0% read=77.47GB write=0.00GB
--------------------------------------------------------------------
3 tokens in 266.1 s, 88.70 s/token average
PEAK RSS for the whole run: 30.16 GB   <- quote this, not the plan
layers completed: 93/93; routed expert drops: 0


[chip] simulated MXFP4 GEMV bill over 4 tokens
  4416 expert chains | 291722231808 flops | 77488717824 bytes (77.49 GB)
  per token: 1104 chains | 19.37 GB | 0.07 Gflops
  compute wall @ 4 TFLOPS : 0.07 s (18.23 ms/token)
  bandwidth wall @ 200 GB/s : 0.39 s (96.86 ms/token)
  -> bandwidth-bound; to be compute-bound at 4 TFLOPS this needs 1062 GB/s
  expert fetch (host wall, measured): 169.26 s moving 77.49 GB = 0 GB/s
  chip pool wall (measured): 27.72 s

cache [final step]
  slots        : 455 of 17.56 MB = 7.99 GB arena (455 resident, 0 pinned)
  requests     : 1472  hits 1472 (100.00%)  misses 0  evictions 1472
  of those hits : 1472 came from the batch prefetch, i.e. read from disk
                  this token; TRUE resident hit rate 0.00%
  read from disk: 25.83 GB in 61.81 s (418 MB/s while loading)
  phase2 i/o    : 25.84 GB in 61.81 s (418 MB/s)  [pure parallel disk read]
l2cache [final step]
  requests     : 4415  hits 4415 (100.00%)  misses 0
  read  from sdd7: 77.47 GB, written 0.00 GB
  fd split  : 3673 O_DIRECT, 0 BUFFERED (0.00% buffered)
  hit I/O   : 77.47 GB in 168.59 s (wall) = 460 MB/s [pread 2202.18 s, 35 MB/s per-thread]
  miss I/O  : 0 misses, 0.00 GB from /model in 0.00 s (wall) = 0 MB/s
  restored from meta: 6779 slots
kio tier0: 4651 reqs, 217.64 GB delivered | per-stream 94 MB/s, aggregate 818 MB/s, concurrency 8.7x | queue 77.5 s (3.3% of io), submit-lock 4.1 s, worker-lock 0.1 s, sleep 2008.1 s in 8325 waits (47% of worker-time)
      group0: 235 reqs, 140.16 GB | per-stream 731 MB/s | queue 0.2 s (0.1%)
      group1: 4416 reqs, 77.49 GB | per-stream 36 MB/s | queue 77.4 s (3.6%)

wrote reports/gateab_ab/v62_policy/lru8_r2/ctrl.json
I/O share of wall clock: 135.5%  (trunk 192.0 s + experts 168.6 s of 266.1 s)
  both figures are WHOLE-RUN totals over 3 steps
  expert phase split: phase1 SERIAL reserve 0.1 s (552 calls) vs phase2 read 168.6 s
  over 100% because trunk reads overlap compute on the reader thread;
  94.5 s of device time was hidden behind arithmetic
  experts, whole run: 77.49 GB read | 455 of 4416 requests retained in RAM (10.30%) | 3961 evictions
    (retention = requests - evictions; the raw `hits` counter includes
     experts the prefetcher had just read from disk, so it is not a
     measure of avoided I/O)

trunk [final]
  pinned 22/93 layers, ring 2 slots
  binds 279, hits 44 (15.8%), reads 235
  read 140.16 GB in 192.03 s (730 MB/s pread)
  per-layer loads [L]=count: 0=1 1=1 2=1 3=1 4=1 5=1 6=1 7=1 8=1 9=1 10=1 11=1 12=1 13=1 14=1 15=1 16=1 17=1 18=1 19=1 20=1 21=1 22=3 23=3 24=3 25=3 26=3 27=3 28=3 29=3 30=3 31=3 32=3 33=3 34=3 35=3 36=3 37=3 38=3 39=3 40=3 41=3 42=3 43=3 44=3 45=3 46=3 47=3 48=3 49=3 50=3 51=3 52=3 53=3 54=3 55=3 56=3 57=3 58=3 59=3 60=3 61=3 62=3 63=3 64=3 65=3 66=3 67=3 68=3 69=3 70=3 71=3 72=3 73=3 74=3 75=3 76=3 77=3 78=3 79=3 80=3 81=3 82=3 83=3 84=3 85=3 86=3 87=3 88=3 89=3 90=3 91=3 92=3
  bind wall 26.28 s over 279 binds; read 192.03 + widen 2.66 = 194.70 s of device work,
                    of which 168.41 s (87%) overlapped compute on the reader thread
  widen breakdown: find 5 ms (7365)  copy 0 ms (3444)  deq 2651 ms (2370)  timed 3 s of widen 2.66 s
