L2 auto: 209 GB free on /mnt/nvme -> L2 at 256 GB
k3 chip: 4 workers, 4 TFLOPS, 200 GB/s simulated wall
  L2 want=17547264 slot=17547264 nbytes=17547264 fd=O_DIRECT
  L2 want=17547264 slot=17547264 nbytes=17547264 fd=O_DIRECT
  L2 want=17547264 slot=17547264 nbytes=17547264 fd=O_DIRECT
  L2 want=17547264 slot=17547264 nbytes=17547264 fd=O_DIRECT
  L2 want=17547264 slot=17547264 nbytes=17547264 fd=O_DIRECT
  L2 want=17547264 slot=17547264 nbytes=17547264 fd=O_DIRECT
  L2 want=17547264 slot=17547264 nbytes=17547264 fd=O_DIRECT
  L2 want=17547264 slot=17547264 nbytes=17547264 fd=O_DIRECT
  L2 want=17547264 slot=17547264 nbytes=17547264 fd=O_DIRECT
  L2 want=17547264 slot=17547264 nbytes=17547264 fd=O_DIRECT
  L2 want=17547264 slot=17547264 nbytes=17547264 fd=O_DIRECT
  L2 want=17547264 slot=17547264 nbytes=17547264 fd=O_DIRECT
  L2 want=17547264 slot=17547264 nbytes=17547264 fd=O_DIRECT
  L2 want=17547264 slot=17547264 nbytes=17547264 fd=O_DIRECT
  L2 want=17547264 slot=17547264 nbytes=17547264 fd=O_DIRECT
  L2 want=17547264 slot=17547264 nbytes=17547264 fd=O_DIRECT
DBG getmany L1 nw=16 wall=0.243s thr(out)1 thr(in)16 conc_peak=16 pread=2.685s
DBG getmany L2 nw=16 wall=0.243s thr(out)1 thr(in)16 conc_peak=16 pread=2.828s
DBG getmany L3 nw=16 wall=0.227s thr(out)1 thr(in)16 conc_peak=16 pread=2.583s
DBG getmany L4 nw=16 wall=0.215s thr(out)1 thr(in)16 conc_peak=16 pread=2.460s
DBG getmany L5 nw=16 wall=0.204s thr(out)1 thr(in)16 conc_peak=16 pread=2.197s
DBG getmany L6 nw=16 wall=0.213s thr(out)1 thr(in)16 conc_peak=16 pread=2.323s
DBG getmany L7 nw=16 wall=0.205s thr(out)1 thr(in)16 conc_peak=16 pread=2.194s
DBG getmany L8 nw=16 wall=0.218s thr(out)1 thr(in)16 conc_peak=16 pread=2.468s
DBG getmany L9 nw=16 wall=0.223s thr(out)1 thr(in)16 conc_peak=16 pread=2.495s
DBG getmany L10 nw=16 wall=0.210s thr(out)1 thr(in)16 conc_peak=16 pread=2.274s
DBG getmany L11 nw=16 wall=0.222s thr(out)1 thr(in)16 conc_peak=16 pread=2.518s
DBG getmany L12 nw=16 wall=0.212s thr(out)1 thr(in)16 conc_peak=16 pread=2.311s
DBG getmany L13 nw=16 wall=0.217s thr(out)1 thr(in)16 conc_peak=16 pread=2.340s
DBG getmany L14 nw=16 wall=0.222s thr(out)1 thr(in)16 conc_peak=16 pread=2.440s
DBG getmany L15 nw=16 wall=0.236s thr(out)1 thr(in)16 conc_peak=16 pread=2.648s
DBG getmany L16 nw=16 wall=0.229s thr(out)1 thr(in)16 conc_peak=16 pread=2.669s
DBG getmany L17 nw=16 wall=0.205s thr(out)1 thr(in)16 conc_peak=16 pread=2.076s
DBG getmany L18 nw=16 wall=0.220s thr(out)1 thr(in)16 conc_peak=16 pread=2.476s
DBG getmany L19 nw=16 wall=0.229s thr(out)1 thr(in)16 conc_peak=16 pread=2.456s
DBG getmany L20 nw=16 wall=0.239s thr(out)1 thr(in)16 conc_peak=16 pread=2.648s
DBG getmany L21 nw=16 wall=0.218s thr(out)1 thr(in)16 conc_peak=16 pread=2.247s
DBG getmany L22 nw=16 wall=0.295s thr(out)1 thr(in)16 conc_peak=16 pread=2.691s
DBG getmany L23 nw=16 wall=0.437s thr(out)1 thr(in)16 conc_peak=16 pread=5.011s
DBG getmany L24 nw=16 wall=0.494s thr(out)1 thr(in)16 conc_peak=16 pread=5.807s
DBG getmany L25 nw=16 wall=0.361s thr(out)1 thr(in)16 conc_peak=16 pread=4.226s
DBG getmany L26 nw=16 wall=0.323s thr(out)1 thr(in)16 conc_peak=16 pread=4.155s
DBG getmany L27 nw=16 wall=0.470s thr(out)1 thr(in)16 conc_peak=16 pread=5.892s
DBG getmany L28 nw=16 wall=0.426s thr(out)1 thr(in)16 conc_peak=16 pread=5.519s
DBG getmany L29 nw=16 wall=0.468s thr(out)1 thr(in)16 conc_peak=16 pread=5.283s
DBG getmany L30 nw=16 wall=0.352s thr(out)1 thr(in)16 conc_peak=16 pread=4.932s
DBG getmany L31 nw=16 wall=0.541s thr(out)1 thr(in)16 conc_peak=16 pread=6.152s
DBG getmany L32 nw=16 wall=0.483s thr(out)1 thr(in)16 conc_peak=16 pread=5.613s
DBG getmany L33 nw=16 wall=0.522s thr(out)1 thr(in)16 conc_peak=16 pread=6.344s
DBG getmany L34 nw=16 wall=0.346s thr(out)1 thr(in)16 conc_peak=16 pread=4.569s
DBG getmany L35 nw=16 wall=0.526s thr(out)1 thr(in)16 conc_peak=16 pread=6.041s
DBG getmany L36 nw=16 wall=0.511s thr(out)1 thr(in)16 conc_peak=16 pread=6.231s
DBG getmany L37 nw=16 wall=0.518s thr(out)1 thr(in)16 conc_peak=16 pread=5.858s
DBG getmany L38 nw=16 wall=0.353s thr(out)1 thr(in)16 conc_peak=16 pread=4.448s
DBG getmany L39 nw=16 wall=0.540s thr(out)1 thr(in)16 conc_peak=16 pread=7.011s
DBG getmany L40 nw=16 wall=0.490s thr(out)1 thr(in)16 conc_peak=16 pread=5.703s
DBG getmany L41 nw=16 wall=0.476s thr(out)1 thr(in)16 conc_peak=16 pread=5.033s
DBG getmany L42 nw=16 wall=0.344s thr(out)1 thr(in)16 conc_peak=16 pread=4.390s
DBG getmany L43 nw=16 wall=0.532s thr(out)1 thr(in)16 conc_peak=16 pread=6.351s
DBG getmany L44 nw=16 wall=0.465s thr(out)1 thr(in)16 conc_peak=16 pread=5.174s
DBG getmany L45 nw=16 wall=0.537s thr(out)1 thr(in)16 conc_peak=16 pread=7.351s
DBG getmany L46 nw=16 wall=0.378s thr(out)1 thr(in)16 conc_peak=16 pread=4.724s
DBG getmany L47 nw=16 wall=0.553s thr(out)1 thr(in)16 conc_peak=16 pread=6.722s
DBG getmany L48 nw=16 wall=0.511s thr(out)1 thr(in)16 conc_peak=16 pread=6.227s
DBG getmany L49 nw=16 wall=0.514s thr(out)1 thr(in)16 conc_peak=16 pread=6.718s
DBG getmany L50 nw=16 wall=0.403s thr(out)1 thr(in)16 conc_peak=16 pread=5.201s
DBG getmany L51 nw=16 wall=0.515s thr(out)1 thr(in)16 conc_peak=16 pread=6.856s
DBG getmany L52 nw=16 wall=0.631s thr(out)1 thr(in)16 conc_peak=16 pread=6.358s
DBG getmany L53 nw=16 wall=0.814s thr(out)1 thr(in)16 conc_peak=16 pread=9.971s
DBG getmany L54 nw=16 wall=0.563s thr(out)1 thr(in)16 conc_peak=16 pread=6.988s
DBG getmany L55 nw=16 wall=0.766s thr(out)1 thr(in)16 conc_peak=16 pread=8.597s
DBG getmany L56 nw=16 wall=0.778s thr(out)1 thr(in)16 conc_peak=16 pread=10.858s
DBG getmany L57 nw=16 wall=0.752s thr(out)1 thr(in)16 conc_peak=16 pread=8.613s
DBG getmany L58 nw=16 wall=0.559s thr(out)1 thr(in)16 conc_peak=16 pread=7.118s
DBG getmany L59 nw=16 wall=0.752s thr(out)1 thr(in)16 conc_peak=16 pread=10.317s
DBG getmany L60 nw=16 wall=0.776s thr(out)1 thr(in)16 conc_peak=16 pread=11.320s
DBG getmany L61 nw=16 wall=0.738s thr(out)1 thr(in)16 conc_peak=16 pread=10.459s
DBG getmany L62 nw=16 wall=0.513s thr(out)1 thr(in)16 conc_peak=16 pread=7.300s
DBG getmany L63 nw=16 wall=0.745s thr(out)1 thr(in)16 conc_peak=16 pread=9.991s
DBG getmany L64 nw=16 wall=0.735s thr(out)1 thr(in)16 conc_peak=16 pread=9.499s
DBG getmany L65 nw=16 wall=0.701s thr(out)1 thr(in)16 conc_peak=16 pread=9.481s
DBG getmany L66 nw=16 wall=0.620s thr(out)1 thr(in)16 conc_peak=16 pread=8.238s
DBG getmany L67 nw=16 wall=0.691s thr(out)1 thr(in)16 conc_peak=16 pread=10.048s
DBG getmany L68 nw=16 wall=0.716s thr(out)1 thr(in)16 conc_peak=16 pread=8.012s
DBG getmany L69 nw=16 wall=0.736s thr(out)1 thr(in)16 conc_peak=16 pread=9.963s
DBG getmany L70 nw=16 wall=0.548s thr(out)1 thr(in)16 conc_peak=16 pread=7.892s
DBG getmany L71 nw=16 wall=0.811s thr(out)1 thr(in)16 conc_peak=16 pread=8.597s
DBG getmany L72 nw=16 wall=0.752s thr(out)1 thr(in)16 conc_peak=16 pread=10.913s
DBG getmany L73 nw=16 wall=0.749s thr(out)1 thr(in)16 conc_peak=16 pread=9.643s
DBG getmany L74 nw=16 wall=0.535s thr(out)1 thr(in)16 conc_peak=16 pread=7.753s
DBG getmany L75 nw=16 wall=0.715s thr(out)1 thr(in)16 conc_peak=16 pread=7.015s
DBG getmany L76 nw=16 wall=0.556s thr(out)1 thr(in)16 conc_peak=16 pread=6.628s
DBG getmany L77 nw=16 wall=0.730s thr(out)1 thr(in)16 conc_peak=16 pread=10.874s
DBG getmany L78 nw=16 wall=0.576s thr(out)1 thr(in)16 conc_peak=16 pread=8.195s
DBG getmany L79 nw=16 wall=0.758s thr(out)1 thr(in)16 conc_peak=16 pread=10.456s
DBG getmany L80 nw=16 wall=0.669s thr(out)1 thr(in)16 conc_peak=16 pread=9.818s
DBG getmany L81 nw=16 wall=0.742s thr(out)1 thr(in)16 conc_peak=16 pread=10.735s
DBG getmany L82 nw=16 wall=0.564s thr(out)1 thr(in)16 conc_peak=16 pread=8.236s
DBG getmany L83 nw=16 wall=0.761s thr(out)1 thr(in)16 conc_peak=16 pread=10.536s
DBG getmany L84 nw=16 wall=0.735s thr(out)1 thr(in)16 conc_peak=16 pread=10.842s
DBG getmany L85 nw=16 wall=0.682s thr(out)1 thr(in)16 conc_peak=16 pread=8.456s
DBG getmany L86 nw=16 wall=0.509s thr(out)1 thr(in)16 conc_peak=16 pread=7.155s
DBG getmany L87 nw=16 wall=0.692s thr(out)1 thr(in)16 conc_peak=16 pread=9.975s
DBG getmany L88 nw=16 wall=0.712s thr(out)1 thr(in)16 conc_peak=16 pread=8.886s
DBG getmany L89 nw=16 wall=0.744s thr(out)1 thr(in)16 conc_peak=16 pread=9.985s
DBG getmany L90 nw=16 wall=0.509s thr(out)1 thr(in)16 conc_peak=16 pread=7.362s
DBG getmany L91 nw=16 wall=0.551s thr(out)1 thr(in)16 conc_peak=16 pread=7.161s
DBG getmany L92 nw=16 wall=0.239s thr(out)1 thr(in)16 conc_peak=16 pread=2.194s
config: /model/config.json (nested shape) | hidden=7168 layers=93 vocab=163840 | 24 MLA + 69 KDA | experts 896 top16 shared2 | latent=3584
  KV cache : 11.85 MB for 5 positions (2.37 MB/position)
Kimi K3, pure C, released checkpoint
  model    : /model
  prompt   : 1 tokens, generating 3

indexed 497220 tensors from 96 shards in 0.69 s
trunk on disk : 110.00 GB total (STREAMED from /mnt/nvme/trunk_layers_out, not held in RAM)

memory plan
  trunk (STREAMED) 32.00 GB
  embed + lm_head  4.70 GB
  expert cache     15.00 GB
  recurrent state  626.25 MB
  buffers          4.68 MB
  KV cache         11.83 MB
  TOTAL            52.34 GB
  available        57.79 GB

k3_trunk: trunk.bin absent - using per-layer slices (layer_%03d.bin)
trunk stream: 56.60 GB packed, 22/93 layers PINNED (29.30 GB), ring 2 x 1.30 GB
              reads use buffered I/O
              ring holds 2 slots: layers repeat over ~2 tokens, so recent ones are reused instead of re-read
trunk streaming enabled from /mnt/nvme/trunk_layers_out in 0.0 s
embedding, final norm and lm_head: 4.70 GB in 4.9 s

expert L1 eviction policy: heat
expert L2 cache enabled: 14589 slots x 17.55 MB = 256.00 GB on /mnt/nvme/experts.l2
expert L2 exact: nslot=14589 slot_bytes=17547264 l2_slot=17547264 K3_ST_ALIGN=4096
expert L2 eviction policy: heat
peak RSS after loading weights: 4.78 GB  (the plan above is a forecast, this is measured)
expert cache: 854 slots x 17.56 MB = 14.99 GB (1.04% of the 1.45 TB expert pool)

recurrent state for 93 layers: 626.25 MB

incremental decode: KV cache 11.83 MB for 24 MLA layers at 5 positions

STEP   TOKEN      SECONDS      CACHE HIT  READ GB    TOK/S
--------------------------------------------------------------------
0      220        85.69        100.0      25.83      0.012
  L2   resident=6779/14589 slots hit=100.0% read=25.83GB write=0.00GB
DBG getmany L1 nw=16 wall=0.249s thr(out)1 thr(in)16 conc_peak=16 pread=2.426s
DBG getmany L2 nw=16 wall=0.241s thr(out)1 thr(in)16 conc_peak=16 pread=2.370s
DBG getmany L3 nw=16 wall=0.241s thr(out)1 thr(in)16 conc_peak=16 pread=2.330s
DBG getmany L4 nw=16 wall=0.232s thr(out)1 thr(in)16 conc_peak=16 pread=2.201s
DBG getmany L5 nw=16 wall=0.235s thr(out)1 thr(in)16 conc_peak=16 pread=2.366s
DBG getmany L6 nw=16 wall=0.249s thr(out)1 thr(in)16 conc_peak=16 pread=2.342s
DBG getmany L7 nw=16 wall=0.238s thr(out)1 thr(in)16 conc_peak=16 pread=2.365s
DBG getmany L8 nw=16 wall=0.234s thr(out)1 thr(in)16 conc_peak=16 pread=2.337s
DBG getmany L9 nw=16 wall=0.240s thr(out)1 thr(in)16 conc_peak=16 pread=2.419s
DBG getmany L10 nw=16 wall=0.249s thr(out)1 thr(in)16 conc_peak=16 pread=2.391s
DBG getmany L11 nw=16 wall=0.249s thr(out)1 thr(in)16 conc_peak=16 pread=2.237s
DBG getmany L12 nw=16 wall=0.244s thr(out)1 thr(in)16 conc_peak=16 pread=2.364s
DBG getmany L13 nw=16 wall=0.248s thr(out)1 thr(in)16 conc_peak=16 pread=2.517s
DBG getmany L14 nw=16 wall=0.244s thr(out)1 thr(in)16 conc_peak=16 pread=2.433s
DBG getmany L15 nw=16 wall=0.252s thr(out)1 thr(in)16 conc_peak=16 pread=2.422s
DBG getmany L16 nw=16 wall=0.246s thr(out)1 thr(in)16 conc_peak=16 pread=2.418s
DBG getmany L17 nw=16 wall=0.236s thr(out)1 thr(in)16 conc_peak=16 pread=2.120s
DBG getmany L18 nw=16 wall=0.239s thr(out)1 thr(in)16 conc_peak=16 pread=2.204s
DBG getmany L19 nw=16 wall=0.244s thr(out)1 thr(in)16 conc_peak=16 pread=2.608s
DBG getmany L20 nw=16 wall=0.245s thr(out)1 thr(in)16 conc_peak=16 pread=2.165s
DBG getmany L21 nw=16 wall=0.719s thr(out)1 thr(in)16 conc_peak=16 pread=8.993s
DBG getmany L22 nw=16 wall=0.525s thr(out)1 thr(in)16 conc_peak=16 pread=7.400s
DBG getmany L23 nw=16 wall=0.675s thr(out)1 thr(in)16 conc_peak=16 pread=7.747s
DBG getmany L24 nw=16 wall=0.771s thr(out)1 thr(in)16 conc_peak=16 pread=10.980s
DBG getmany L25 nw=16 wall=0.735s thr(out)1 thr(in)16 conc_peak=16 pread=11.031s
DBG getmany L26 nw=16 wall=0.519s thr(out)1 thr(in)16 conc_peak=16 pread=5.890s
DBG getmany L27 nw=16 wall=0.691s thr(out)1 thr(in)16 conc_peak=16 pread=9.839s
DBG getmany L28 nw=16 wall=0.683s thr(out)1 thr(in)16 conc_peak=16 pread=8.237s
DBG getmany L29 nw=16 wall=0.747s thr(out)1 thr(in)16 conc_peak=16 pread=10.991s
DBG getmany L30 nw=16 wall=0.545s thr(out)1 thr(in)16 conc_peak=16 pread=7.973s
DBG getmany L31 nw=16 wall=0.750s thr(out)1 thr(in)16 conc_peak=16 pread=11.125s
DBG getmany L32 nw=16 wall=0.676s thr(out)1 thr(in)16 conc_peak=16 pread=9.363s
DBG getmany L33 nw=16 wall=0.771s thr(out)1 thr(in)16 conc_peak=16 pread=11.064s
DBG getmany L34 nw=16 wall=0.523s thr(out)1 thr(in)16 conc_peak=16 pread=6.713s
DBG getmany L35 nw=16 wall=0.711s thr(out)1 thr(in)16 conc_peak=16 pread=8.453s
DBG getmany L36 nw=16 wall=0.730s thr(out)1 thr(in)16 conc_peak=16 pread=9.133s
DBG getmany L37 nw=16 wall=0.722s thr(out)1 thr(in)16 conc_peak=16 pread=10.088s
DBG getmany L38 nw=16 wall=0.433s thr(out)1 thr(in)16 conc_peak=16 pread=5.896s
DBG getmany L39 nw=16 wall=0.704s thr(out)1 thr(in)16 conc_peak=16 pread=9.902s
DBG getmany L40 nw=16 wall=0.741s thr(out)1 thr(in)16 conc_peak=16 pread=10.882s
DBG getmany L41 nw=16 wall=0.690s thr(out)1 thr(in)16 conc_peak=16 pread=9.963s
DBG getmany L42 nw=16 wall=0.530s thr(out)1 thr(in)16 conc_peak=16 pread=7.151s
DBG getmany L43 nw=16 wall=0.747s thr(out)1 thr(in)16 conc_peak=16 pread=9.132s
DBG getmany L44 nw=16 wall=0.739s thr(out)1 thr(in)16 conc_peak=16 pread=9.124s
DBG getmany L45 nw=16 wall=0.774s thr(out)1 thr(in)16 conc_peak=16 pread=11.084s
DBG getmany L46 nw=16 wall=0.552s thr(out)1 thr(in)16 conc_peak=16 pread=7.750s
DBG getmany L47 nw=16 wall=0.958s thr(out)1 thr(in)16 conc_peak=16 pread=12.876s
DBG getmany L48 nw=16 wall=0.724s thr(out)1 thr(in)16 conc_peak=16 pread=8.317s
DBG getmany L49 nw=16 wall=0.777s thr(out)1 thr(in)16 conc_peak=16 pread=8.264s
DBG getmany L50 nw=16 wall=0.563s thr(out)1 thr(in)16 conc_peak=16 pread=7.780s
DBG getmany L51 nw=16 wall=0.703s thr(out)1 thr(in)16 conc_peak=16 pread=10.530s
DBG getmany L52 nw=16 wall=0.691s thr(out)1 thr(in)16 conc_peak=16 pread=8.799s
DBG getmany L53 nw=16 wall=0.770s thr(out)1 thr(in)16 conc_peak=16 pread=11.436s
DBG getmany L54 nw=16 wall=0.514s thr(out)1 thr(in)16 conc_peak=16 pread=7.464s
DBG getmany L55 nw=16 wall=0.731s thr(out)1 thr(in)16 conc_peak=16 pread=10.033s
DBG getmany L56 nw=16 wall=0.701s thr(out)1 thr(in)16 conc_peak=16 pread=10.466s
DBG getmany L57 nw=16 wall=0.754s thr(out)1 thr(in)16 conc_peak=16 pread=10.393s
DBG getmany L58 nw=16 wall=0.545s thr(out)1 thr(in)16 conc_peak=16 pread=7.751s
DBG getmany L59 nw=16 wall=0.752s thr(out)1 thr(in)16 conc_peak=16 pread=10.160s
DBG getmany L60 nw=16 wall=0.710s thr(out)1 thr(in)16 conc_peak=16 pread=9.872s
DBG getmany L61 nw=16 wall=0.709s thr(out)1 thr(in)16 conc_peak=16 pread=10.448s
DBG getmany L62 nw=16 wall=0.505s thr(out)1 thr(in)16 conc_peak=16 pread=7.036s
DBG getmany L63 nw=16 wall=0.759s thr(out)1 thr(in)16 conc_peak=16 pread=9.811s
DBG getmany L64 nw=16 wall=0.759s thr(out)1 thr(in)16 conc_peak=16 pread=10.161s
DBG getmany L65 nw=16 wall=0.725s thr(out)1 thr(in)16 conc_peak=16 pread=8.901s
DBG getmany L66 nw=16 wall=0.521s thr(out)1 thr(in)16 conc_peak=16 pread=7.557s
DBG getmany L67 nw=16 wall=0.768s thr(out)1 thr(in)16 conc_peak=16 pread=10.301s
DBG getmany L68 nw=16 wall=0.750s thr(out)1 thr(in)16 conc_peak=16 pread=11.236s
DBG getmany L69 nw=16 wall=0.722s thr(out)1 thr(in)16 conc_peak=16 pread=10.057s
DBG getmany L70 nw=16 wall=0.487s thr(out)1 thr(in)16 conc_peak=16 pread=6.677s
DBG getmany L71 nw=16 wall=0.809s thr(out)1 thr(in)16 conc_peak=16 pread=9.924s
DBG getmany L72 nw=16 wall=0.728s thr(out)1 thr(in)16 conc_peak=16 pread=10.302s
DBG getmany L73 nw=16 wall=0.743s thr(out)1 thr(in)16 conc_peak=16 pread=8.591s
DBG getmany L74 nw=16 wall=0.537s thr(out)1 thr(in)16 conc_peak=16 pread=6.079s
DBG getmany L75 nw=16 wall=0.744s thr(out)1 thr(in)16 conc_peak=16 pread=9.175s
DBG getmany L76 nw=16 wall=0.633s thr(out)1 thr(in)16 conc_peak=16 pread=8.523s
DBG getmany L77 nw=16 wall=0.740s thr(out)1 thr(in)16 conc_peak=16 pread=10.043s
DBG getmany L78 nw=16 wall=0.512s thr(out)1 thr(in)16 conc_peak=16 pread=6.902s
DBG getmany L79 nw=16 wall=0.739s thr(out)1 thr(in)16 conc_peak=16 pread=10.813s
DBG getmany L80 nw=16 wall=0.722s thr(out)1 thr(in)16 conc_peak=16 pread=9.191s
DBG getmany L81 nw=16 wall=0.754s thr(out)1 thr(in)16 conc_peak=16 pread=10.376s
DBG getmany L82 nw=16 wall=0.581s thr(out)1 thr(in)16 conc_peak=16 pread=7.721s
DBG getmany L83 nw=16 wall=0.727s thr(out)1 thr(in)16 conc_peak=16 pread=9.764s
DBG getmany L84 nw=16 wall=0.729s thr(out)1 thr(in)16 conc_peak=16 pread=9.765s
DBG getmany L85 nw=16 wall=0.641s thr(out)1 thr(in)16 conc_peak=16 pread=7.330s
DBG getmany L86 nw=16 wall=0.503s thr(out)1 thr(in)16 conc_peak=16 pread=7.189s
DBG getmany L87 nw=16 wall=0.735s thr(out)1 thr(in)16 conc_peak=16 pread=10.060s
DBG getmany L88 nw=16 wall=0.726s thr(out)1 thr(in)16 conc_peak=16 pread=9.604s
DBG getmany L89 nw=16 wall=0.669s thr(out)1 thr(in)16 conc_peak=16 pread=8.384s
DBG getmany L90 nw=16 wall=0.521s thr(out)1 thr(in)16 conc_peak=16 pread=7.347s
DBG getmany L91 nw=16 wall=0.542s thr(out)1 thr(in)16 conc_peak=16 pread=7.570s
DBG getmany L92 nw=16 wall=0.252s thr(out)1 thr(in)16 conc_peak=16 pread=2.455s
1      802        74.23        100.0      25.83      0.013
  L2   resident=6779/14589 slots hit=100.0% read=51.66GB write=0.00GB
DBG getmany L1 nw=16 wall=0.254s thr(out)1 thr(in)16 conc_peak=16 pread=2.347s
DBG getmany L2 nw=15 wall=0.244s thr(out)1 thr(in)16 conc_peak=15 pread=2.186s
DBG getmany L3 nw=13 wall=0.206s thr(out)1 thr(in)16 conc_peak=13 pread=1.567s
DBG getmany L4 nw=15 wall=0.241s thr(out)1 thr(in)16 conc_peak=15 pread=2.139s
DBG getmany L5 nw=16 wall=0.255s thr(out)1 thr(in)16 conc_peak=16 pread=2.275s
DBG getmany L6 nw=15 wall=0.247s thr(out)1 thr(in)16 conc_peak=15 pread=2.261s
DBG getmany L7 nw=15 wall=0.219s thr(out)1 thr(in)16 conc_peak=15 pread=1.967s
DBG getmany L8 nw=16 wall=0.235s thr(out)1 thr(in)16 conc_peak=16 pread=2.106s
DBG getmany L9 nw=15 wall=0.217s thr(out)1 thr(in)16 conc_peak=15 pread=2.059s
DBG getmany L10 nw=15 wall=0.222s thr(out)1 thr(in)16 conc_peak=15 pread=1.966s
DBG getmany L11 nw=15 wall=0.227s thr(out)1 thr(in)16 conc_peak=15 pread=2.012s
DBG getmany L12 nw=15 wall=0.225s thr(out)1 thr(in)16 conc_peak=15 pread=2.067s
DBG getmany L13 nw=16 wall=0.245s thr(out)1 thr(in)16 conc_peak=16 pread=2.476s
DBG getmany L14 nw=15 wall=0.226s thr(out)1 thr(in)16 conc_peak=15 pread=2.034s
DBG getmany L15 nw=16 wall=0.247s thr(out)1 thr(in)16 conc_peak=16 pread=2.350s
DBG getmany L16 nw=15 wall=0.231s thr(out)1 thr(in)16 conc_peak=15 pread=2.224s
DBG getmany L17 nw=16 wall=0.243s thr(out)1 thr(in)16 conc_peak=16 pread=2.383s
DBG getmany L18 nw=16 wall=0.248s thr(out)1 thr(in)16 conc_peak=16 pread=2.409s
DBG getmany L19 nw=16 wall=0.246s thr(out)1 thr(in)16 conc_peak=16 pread=2.431s
DBG getmany L20 nw=16 wall=0.239s thr(out)1 thr(in)16 conc_peak=16 pread=2.406s
DBG getmany L21 nw=16 wall=0.707s thr(out)1 thr(in)16 conc_peak=16 pread=7.597s
DBG getmany L22 nw=16 wall=0.526s thr(out)1 thr(in)16 conc_peak=16 pread=7.050s
DBG getmany L23 nw=15 wall=0.687s thr(out)1 thr(in)16 conc_peak=15 pread=7.492s
DBG getmany L24 nw=13 wall=0.748s thr(out)1 thr(in)16 conc_peak=13 pread=8.702s
DBG getmany L25 nw=15 wall=0.682s thr(out)1 thr(in)16 conc_peak=15 pread=8.228s
DBG getmany L26 nw=15 wall=0.527s thr(out)1 thr(in)16 conc_peak=15 pread=7.135s
DBG getmany L27 nw=16 wall=0.708s thr(out)1 thr(in)16 conc_peak=16 pread=8.676s
DBG getmany L28 nw=15 wall=0.608s thr(out)1 thr(in)16 conc_peak=15 pread=8.122s
DBG getmany L29 nw=16 wall=0.553s thr(out)1 thr(in)16 conc_peak=16 pread=7.012s
DBG getmany L30 nw=16 wall=0.539s thr(out)1 thr(in)16 conc_peak=16 pread=7.542s
DBG getmany L31 nw=16 wall=0.716s thr(out)1 thr(in)16 conc_peak=16 pread=8.685s
DBG getmany L32 nw=14 wall=0.729s thr(out)1 thr(in)16 conc_peak=14 pread=8.601s
DBG getmany L33 nw=15 wall=0.770s thr(out)1 thr(in)16 conc_peak=15 pread=10.055s
DBG getmany L34 nw=16 wall=0.505s thr(out)1 thr(in)16 conc_peak=16 pread=6.236s
DBG getmany L35 nw=16 wall=0.731s thr(out)1 thr(in)16 conc_peak=16 pread=8.855s
DBG getmany L36 nw=14 wall=0.706s thr(out)1 thr(in)16 conc_peak=14 pread=8.308s
DBG getmany L37 nw=16 wall=0.746s thr(out)1 thr(in)16 conc_peak=16 pread=11.034s
DBG getmany L38 nw=16 wall=0.521s thr(out)1 thr(in)16 conc_peak=16 pread=7.037s
DBG getmany L39 nw=16 wall=0.704s thr(out)1 thr(in)16 conc_peak=16 pread=9.806s
DBG getmany L40 nw=16 wall=0.729s thr(out)1 thr(in)16 conc_peak=16 pread=10.329s
DBG getmany L41 nw=16 wall=0.708s thr(out)1 thr(in)16 conc_peak=16 pread=6.762s
DBG getmany L42 nw=16 wall=0.539s thr(out)1 thr(in)16 conc_peak=16 pread=7.798s
DBG getmany L43 nw=16 wall=0.764s thr(out)1 thr(in)16 conc_peak=16 pread=11.380s
DBG getmany L44 nw=16 wall=0.719s thr(out)1 thr(in)16 conc_peak=16 pread=9.072s
DBG getmany L45 nw=16 wall=0.778s thr(out)1 thr(in)16 conc_peak=16 pread=9.502s
DBG getmany L46 nw=15 wall=0.526s thr(out)1 thr(in)16 conc_peak=15 pread=6.531s
DBG getmany L47 nw=15 wall=0.734s thr(out)1 thr(in)16 conc_peak=15 pread=8.906s
DBG getmany L48 nw=15 wall=0.691s thr(out)1 thr(in)16 conc_peak=15 pread=9.696s
DBG getmany L49 nw=15 wall=0.751s thr(out)1 thr(in)16 conc_peak=15 pread=8.749s
DBG getmany L50 nw=16 wall=0.530s thr(out)1 thr(in)16 conc_peak=16 pread=6.766s
DBG getmany L51 nw=16 wall=0.719s thr(out)1 thr(in)16 conc_peak=16 pread=9.018s
DBG getmany L52 nw=16 wall=0.671s thr(out)1 thr(in)16 conc_peak=16 pread=9.964s
DBG getmany L53 nw=15 wall=0.698s thr(out)1 thr(in)16 conc_peak=15 pread=8.215s
DBG getmany L54 nw=16 wall=0.484s thr(out)1 thr(in)16 conc_peak=16 pread=6.845s
DBG getmany L55 nw=16 wall=0.704s thr(out)1 thr(in)16 conc_peak=16 pread=9.728s
DBG getmany L56 nw=16 wall=0.716s thr(out)1 thr(in)16 conc_peak=16 pread=9.338s
DBG getmany L57 nw=16 wall=0.743s thr(out)1 thr(in)16 conc_peak=16 pread=9.689s
DBG getmany L58 nw=16 wall=0.536s thr(out)1 thr(in)16 conc_peak=16 pread=7.874s
DBG getmany L59 nw=16 wall=0.744s thr(out)1 thr(in)16 conc_peak=16 pread=10.605s
DBG getmany L60 nw=16 wall=0.728s thr(out)1 thr(in)16 conc_peak=16 pread=10.708s
DBG getmany L61 nw=16 wall=0.728s thr(out)1 thr(in)16 conc_peak=16 pread=8.850s
DBG getmany L62 nw=16 wall=0.511s thr(out)1 thr(in)16 conc_peak=16 pread=6.120s
DBG getmany L63 nw=16 wall=0.735s thr(out)1 thr(in)16 conc_peak=16 pread=10.187s
DBG getmany L64 nw=16 wall=0.752s thr(out)1 thr(in)16 conc_peak=16 pread=10.137s
DBG getmany L65 nw=16 wall=0.746s thr(out)1 thr(in)16 conc_peak=16 pread=10.443s
DBG getmany L66 nw=16 wall=0.539s thr(out)1 thr(in)16 conc_peak=16 pread=7.058s
DBG getmany L67 nw=16 wall=0.752s thr(out)1 thr(in)16 conc_peak=16 pread=11.014s
DBG getmany L68 nw=16 wall=0.684s thr(out)1 thr(in)16 conc_peak=16 pread=9.049s
DBG getmany L69 nw=16 wall=0.755s thr(out)1 thr(in)16 conc_peak=16 pread=8.527s
DBG getmany L70 nw=16 wall=0.519s thr(out)1 thr(in)16 conc_peak=16 pread=7.242s
DBG getmany L71 nw=16 wall=0.787s thr(out)1 thr(in)16 conc_peak=16 pread=11.730s
DBG getmany L72 nw=16 wall=0.728s thr(out)1 thr(in)16 conc_peak=16 pread=10.765s
DBG getmany L73 nw=16 wall=0.739s thr(out)1 thr(in)16 conc_peak=16 pread=10.601s
DBG getmany L74 nw=16 wall=0.529s thr(out)1 thr(in)16 conc_peak=16 pread=6.392s
DBG getmany L75 nw=16 wall=0.728s thr(out)1 thr(in)16 conc_peak=16 pread=7.989s
DBG getmany L76 nw=16 wall=0.686s thr(out)1 thr(in)16 conc_peak=16 pread=9.906s
DBG getmany L77 nw=16 wall=0.714s thr(out)1 thr(in)16 conc_peak=16 pread=9.732s
DBG getmany L78 nw=16 wall=0.546s thr(out)1 thr(in)16 conc_peak=16 pread=7.365s
DBG getmany L79 nw=16 wall=0.710s thr(out)1 thr(in)16 conc_peak=16 pread=9.132s
DBG getmany L80 nw=16 wall=0.685s thr(out)1 thr(in)16 conc_peak=16 pread=8.442s
DBG getmany L81 nw=15 wall=0.733s thr(out)1 thr(in)16 conc_peak=15 pread=10.375s
DBG getmany L82 nw=16 wall=0.551s thr(out)1 thr(in)16 conc_peak=16 pread=7.506s
DBG getmany L83 nw=13 wall=0.678s thr(out)1 thr(in)16 conc_peak=13 pread=6.836s
DBG getmany L84 nw=13 wall=0.672s thr(out)1 thr(in)16 conc_peak=13 pread=7.155s
DBG getmany L85 nw=14 wall=0.699s thr(out)1 thr(in)16 conc_peak=14 pread=8.617s
DBG getmany L86 nw=16 wall=0.509s thr(out)1 thr(in)16 conc_peak=16 pread=7.451s
DBG getmany L87 nw=13 wall=0.659s thr(out)1 thr(in)16 conc_peak=13 pread=7.522s
DBG getmany L88 nw=15 wall=0.678s thr(out)1 thr(in)16 conc_peak=15 pread=8.161s
DBG getmany L89 nw=13 wall=0.699s thr(out)1 thr(in)16 conc_peak=13 pread=7.989s
DBG getmany L90 nw=12 wall=0.441s thr(out)1 thr(in)16 conc_peak=12 pread=4.253s
DBG getmany L91 nw=13 wall=0.484s thr(out)1 thr(in)16 conc_peak=13 pread=5.192s
DBG getmany L92 nw=13 wall=0.200s thr(out)1 thr(in)16 conc_peak=13 pread=1.481s
2      24         72.69        100.0      24.85      0.014
  L2   resident=6779/14589 slots hit=100.0% read=76.51GB write=0.00GB
--------------------------------------------------------------------
3 tokens in 232.6 s, 77.54 s/token average
PEAK RSS for the whole run: 37.16 GB   <- quote this, not the plan
layers completed: 93/93; routed expert drops: 0


[chip] simulated MXFP4 GEMV bill over 4 tokens
  4416 expert chains | 291722231808 flops | 77488717824 bytes (77.49 GB)
  per token: 1104 chains | 19.37 GB | 0.07 Gflops
  compute wall @ 4 TFLOPS : 0.07 s (18.23 ms/token)
  bandwidth wall @ 200 GB/s : 0.39 s (96.86 ms/token)
  -> bandwidth-bound; to be compute-bound at 4 TFLOPS this needs 1062 GB/s
  expert fetch (host wall, measured): 151.35 s moving 77.49 GB = 1 GB/s
  chip pool wall (measured): 24.29 s

cache [final step]
  slots        : 854 of 17.56 MB = 14.99 GB arena (854 resident, 0 pinned)
  requests     : 1472  hits 1472 (100.00%)  misses 0  evictions 1416
  of those hits : 1416 came from the batch prefetch, i.e. read from disk
                  this token; TRUE resident hit rate 3.80%
  read from disk: 24.85 GB in 51.91 s (479 MB/s while loading)
  phase2 i/o    : 24.86 GB in 51.91 s (479 MB/s)  [pure parallel disk read]
l2cache [final step]
  requests     : 4360  hits 4360 (100.00%)  misses 0
  read  from sdd7: 76.51 GB, written 0.00 GB
  fd split  : 3327 O_DIRECT, 0 BUFFERED (0.00% buffered)
  hit I/O   : 76.51 GB in 150.82 s (wall) = 507 MB/s [pread 1926.92 s, 40 MB/s per-thread]
  miss I/O  : 0 misses, 0.00 GB from /model in 0.00 s (wall) = 0 MB/s
  restored from meta: 6779 slots
kio tier0: 4595 reqs, 216.66 GB delivered | per-stream 107 MB/s, aggregate 931 MB/s, concurrency 8.7x | queue 67.7 s (3.3% of io), submit-lock 3.5 s, worker-lock 0.1 s, sleep 1783.6 s in 8288 waits (48% of worker-time)
      group0: 235 reqs, 140.16 GB | per-stream 823 MB/s | queue 0.1 s (0.1%)
      group1: 4360 reqs, 76.51 GB | per-stream 41 MB/s | queue 67.6 s (3.6%)

wrote reports/gateab_ab/v61_burst/burst_p5/ctrl.json
I/O share of wall clock: 138.1%  (trunk 170.4 s + experts 150.8 s of 232.6 s)
  both figures are WHOLE-RUN totals over 3 steps
  expert phase split: phase1 SERIAL reserve 0.2 s (552 calls) vs phase2 read 150.8 s
  over 100% because trunk reads overlap compute on the reader thread;
  88.6 s of device time was hidden behind arithmetic
  experts, whole run: 76.51 GB read | 910 of 4416 requests retained in RAM (20.61%) | 3506 evictions
    (retention = requests - evictions; the raw `hits` counter includes
     experts the prefetcher had just read from disk, so it is not a
     measure of avoided I/O)

trunk [final]
  pinned 22/93 layers, ring 2 slots
  binds 279, hits 44 (15.8%), reads 235
  read 140.16 GB in 170.41 s (822 MB/s pread)
  per-layer loads [L]=count: 0=1 1=1 2=1 3=1 4=1 5=1 6=1 7=1 8=1 9=1 10=1 11=1 12=1 13=1 14=1 15=1 16=1 17=1 18=1 19=1 20=1 21=1 22=3 23=3 24=3 25=3 26=3 27=3 28=3 29=3 30=3 31=3 32=3 33=3 34=3 35=3 36=3 37=3 38=3 39=3 40=3 41=3 42=3 43=3 44=3 45=3 46=3 47=3 48=3 49=3 50=3 51=3 52=3 53=3 54=3 55=3 56=3 57=3 58=3 59=3 60=3 61=3 62=3 63=3 64=3 65=3 66=3 67=3 68=3 69=3 70=3 71=3 72=3 73=3 74=3 75=3 76=3 77=3 78=3 79=3 80=3 81=3 82=3 83=3 84=3 85=3 86=3 87=3 88=3 89=3 90=3 91=3 92=3
  bind wall 20.52 s over 279 binds; read 170.41 + widen 1.72 = 172.14 s of device work,
                    of which 151.62 s (88%) overlapped compute on the reader thread
  widen breakdown: find 4 ms (7365)  copy 0 ms (3444)  deq 1712 ms (2370)  timed 2 s of widen 1.72 s
