k3 chip: 4 workers, 4 TFLOPS, 200 GB/s simulated wall
DBG getmany L1 nw=16 wall=0.948s thr(out)1 thr(in)16 conc_peak=16 pread=12.747s
DBG getmany L2 nw=16 wall=0.437s thr(out)1 thr(in)16 conc_peak=16 pread=5.868s
DBG getmany L3 nw=16 wall=0.436s thr(out)1 thr(in)16 conc_peak=16 pread=5.054s
DBG getmany L4 nw=16 wall=0.373s thr(out)1 thr(in)16 conc_peak=16 pread=4.899s
DBG getmany L5 nw=16 wall=0.412s thr(out)1 thr(in)16 conc_peak=16 pread=5.345s
DBG getmany L6 nw=16 wall=0.267s thr(out)1 thr(in)16 conc_peak=16 pread=3.312s
DBG getmany L7 nw=16 wall=0.478s thr(out)1 thr(in)16 conc_peak=16 pread=6.020s
DBG getmany L8 nw=16 wall=0.676s thr(out)1 thr(in)16 conc_peak=16 pread=6.994s
DBG getmany L9 nw=16 wall=0.558s thr(out)1 thr(in)16 conc_peak=16 pread=5.517s
DBG getmany L10 nw=16 wall=0.412s thr(out)1 thr(in)16 conc_peak=16 pread=5.250s
DBG getmany L11 nw=16 wall=0.478s thr(out)1 thr(in)16 conc_peak=16 pread=6.659s
DBG getmany L12 nw=16 wall=0.423s thr(out)1 thr(in)16 conc_peak=16 pread=5.276s
DBG getmany L13 nw=16 wall=0.364s thr(out)1 thr(in)16 conc_peak=16 pread=4.850s
DBG getmany L14 nw=16 wall=0.341s thr(out)1 thr(in)16 conc_peak=16 pread=4.232s
DBG getmany L15 nw=16 wall=0.401s thr(out)1 thr(in)16 conc_peak=16 pread=5.204s
DBG getmany L16 nw=16 wall=0.425s thr(out)1 thr(in)16 conc_peak=16 pread=5.244s
DBG getmany L17 nw=16 wall=0.420s thr(out)1 thr(in)16 conc_peak=16 pread=5.650s
DBG getmany L18 nw=16 wall=0.296s thr(out)1 thr(in)16 conc_peak=16 pread=3.808s
DBG getmany L19 nw=16 wall=0.454s thr(out)1 thr(in)16 conc_peak=16 pread=5.548s
DBG getmany L20 nw=16 wall=0.424s thr(out)1 thr(in)16 conc_peak=16 pread=5.346s
DBG getmany L21 nw=16 wall=0.449s thr(out)1 thr(in)16 conc_peak=16 pread=5.579s
DBG getmany L22 nw=16 wall=0.292s thr(out)1 thr(in)16 conc_peak=16 pread=3.771s
DBG getmany L23 nw=16 wall=0.470s thr(out)1 thr(in)16 conc_peak=16 pread=5.006s
DBG getmany L24 nw=16 wall=0.460s thr(out)1 thr(in)16 conc_peak=16 pread=5.749s
DBG getmany L25 nw=16 wall=0.479s thr(out)1 thr(in)16 conc_peak=16 pread=6.137s
DBG getmany L26 nw=16 wall=0.364s thr(out)1 thr(in)16 conc_peak=16 pread=3.551s
DBG getmany L27 nw=16 wall=0.410s thr(out)1 thr(in)16 conc_peak=16 pread=5.333s
DBG getmany L28 nw=16 wall=0.372s thr(out)1 thr(in)16 conc_peak=16 pread=4.666s
DBG getmany L29 nw=16 wall=1.357s thr(out)1 thr(in)16 conc_peak=16 pread=19.934s
DBG getmany L30 nw=16 wall=1.561s thr(out)1 thr(in)16 conc_peak=16 pread=23.787s
DBG getmany L31 nw=16 wall=1.457s thr(out)1 thr(in)16 conc_peak=16 pread=21.942s
DBG getmany L32 nw=16 wall=0.541s thr(out)1 thr(in)16 conc_peak=16 pread=7.495s
DBG getmany L33 nw=16 wall=0.529s thr(out)1 thr(in)16 conc_peak=16 pread=6.482s
DBG getmany L34 nw=16 wall=0.308s thr(out)1 thr(in)16 conc_peak=16 pread=4.241s
DBG getmany L35 nw=16 wall=0.496s thr(out)1 thr(in)16 conc_peak=16 pread=6.374s
DBG getmany L36 nw=16 wall=0.557s thr(out)1 thr(in)16 conc_peak=16 pread=7.724s
DBG getmany L37 nw=16 wall=1.611s thr(out)1 thr(in)16 conc_peak=16 pread=15.769s
DBG getmany L38 nw=16 wall=0.568s thr(out)1 thr(in)16 conc_peak=16 pread=7.908s
DBG getmany L39 nw=16 wall=0.427s thr(out)1 thr(in)16 conc_peak=16 pread=5.683s
DBG getmany L40 nw=16 wall=0.437s thr(out)1 thr(in)16 conc_peak=16 pread=4.853s
DBG getmany L41 nw=16 wall=0.432s thr(out)1 thr(in)16 conc_peak=16 pread=5.288s
DBG getmany L42 nw=16 wall=0.483s thr(out)1 thr(in)16 conc_peak=16 pread=6.198s
DBG getmany L43 nw=16 wall=0.603s thr(out)1 thr(in)16 conc_peak=16 pread=7.422s
DBG getmany L44 nw=16 wall=0.801s thr(out)1 thr(in)16 conc_peak=16 pread=9.618s
DBG getmany L45 nw=16 wall=0.761s thr(out)1 thr(in)16 conc_peak=16 pread=9.923s
DBG getmany L46 nw=16 wall=0.534s thr(out)1 thr(in)16 conc_peak=16 pread=7.428s
DBG getmany L47 nw=16 wall=0.497s thr(out)1 thr(in)16 conc_peak=16 pread=6.110s
DBG getmany L48 nw=16 wall=0.817s thr(out)1 thr(in)16 conc_peak=16 pread=11.581s
DBG getmany L49 nw=16 wall=0.284s thr(out)1 thr(in)16 conc_peak=16 pread=3.397s
DBG getmany L50 nw=16 wall=0.215s thr(out)1 thr(in)16 conc_peak=16 pread=2.280s
DBG getmany L51 nw=16 wall=0.327s thr(out)1 thr(in)16 conc_peak=16 pread=4.186s
DBG getmany L52 nw=16 wall=0.317s thr(out)1 thr(in)16 conc_peak=16 pread=3.936s
DBG getmany L53 nw=16 wall=0.488s thr(out)1 thr(in)16 conc_peak=16 pread=6.280s
DBG getmany L54 nw=16 wall=0.367s thr(out)1 thr(in)16 conc_peak=16 pread=4.816s
DBG getmany L55 nw=16 wall=0.558s thr(out)1 thr(in)16 conc_peak=16 pread=7.276s
DBG getmany L56 nw=16 wall=0.191s thr(out)1 thr(in)16 conc_peak=16 pread=1.883s
DBG getmany L57 nw=16 wall=0.450s thr(out)1 thr(in)16 conc_peak=16 pread=6.257s
DBG getmany L58 nw=16 wall=0.350s thr(out)1 thr(in)16 conc_peak=16 pread=4.139s
DBG getmany L59 nw=16 wall=0.524s thr(out)1 thr(in)16 conc_peak=16 pread=7.315s
DBG getmany L60 nw=16 wall=0.485s thr(out)1 thr(in)16 conc_peak=16 pread=6.230s
DBG getmany L61 nw=16 wall=0.507s thr(out)1 thr(in)16 conc_peak=16 pread=6.077s
DBG getmany L62 nw=16 wall=0.330s thr(out)1 thr(in)16 conc_peak=16 pread=4.461s
DBG getmany L63 nw=16 wall=0.453s thr(out)1 thr(in)16 conc_peak=16 pread=6.394s
DBG getmany L64 nw=16 wall=0.427s thr(out)1 thr(in)16 conc_peak=16 pread=6.044s
DBG getmany L65 nw=16 wall=0.477s thr(out)1 thr(in)16 conc_peak=16 pread=5.969s
DBG getmany L66 nw=16 wall=0.354s thr(out)1 thr(in)16 conc_peak=16 pread=4.523s
DBG getmany L67 nw=16 wall=0.590s thr(out)1 thr(in)16 conc_peak=16 pread=8.466s
DBG getmany L68 nw=16 wall=0.453s thr(out)1 thr(in)16 conc_peak=16 pread=5.915s
DBG getmany L69 nw=16 wall=0.449s thr(out)1 thr(in)16 conc_peak=16 pread=6.268s
DBG getmany L70 nw=16 wall=0.246s thr(out)1 thr(in)16 conc_peak=16 pread=2.990s
DBG getmany L71 nw=16 wall=0.567s thr(out)1 thr(in)16 conc_peak=16 pread=8.117s
DBG getmany L72 nw=16 wall=0.477s thr(out)1 thr(in)16 conc_peak=16 pread=6.901s
DBG getmany L73 nw=16 wall=0.387s thr(out)1 thr(in)16 conc_peak=16 pread=4.928s
DBG getmany L74 nw=16 wall=0.267s thr(out)1 thr(in)16 conc_peak=16 pread=3.299s
DBG getmany L75 nw=16 wall=0.518s thr(out)1 thr(in)16 conc_peak=16 pread=6.786s
DBG getmany L76 nw=16 wall=0.435s thr(out)1 thr(in)16 conc_peak=16 pread=5.548s
DBG getmany L77 nw=16 wall=0.444s thr(out)1 thr(in)16 conc_peak=16 pread=5.756s
DBG getmany L78 nw=16 wall=0.346s thr(out)1 thr(in)16 conc_peak=16 pread=4.437s
DBG getmany L79 nw=16 wall=0.496s thr(out)1 thr(in)16 conc_peak=16 pread=6.194s
DBG getmany L80 nw=16 wall=0.384s thr(out)1 thr(in)16 conc_peak=16 pread=4.763s
DBG getmany L81 nw=16 wall=0.494s thr(out)1 thr(in)16 conc_peak=16 pread=6.539s
DBG getmany L82 nw=16 wall=0.299s thr(out)1 thr(in)16 conc_peak=16 pread=3.605s
DBG getmany L83 nw=16 wall=0.519s thr(out)1 thr(in)16 conc_peak=16 pread=6.905s
DBG getmany L84 nw=16 wall=0.319s thr(out)1 thr(in)16 conc_peak=16 pread=4.283s
DBG getmany L85 nw=16 wall=0.400s thr(out)1 thr(in)16 conc_peak=16 pread=5.422s
DBG getmany L86 nw=16 wall=0.335s thr(out)1 thr(in)16 conc_peak=16 pread=4.342s
DBG getmany L87 nw=16 wall=0.457s thr(out)1 thr(in)16 conc_peak=16 pread=5.966s
DBG getmany L88 nw=16 wall=0.429s thr(out)1 thr(in)16 conc_peak=16 pread=4.498s
DBG getmany L89 nw=16 wall=0.466s thr(out)1 thr(in)16 conc_peak=16 pread=6.632s
DBG getmany L90 nw=16 wall=0.330s thr(out)1 thr(in)16 conc_peak=16 pread=4.686s
DBG getmany L91 nw=16 wall=0.324s thr(out)1 thr(in)16 conc_peak=16 pread=4.447s
DBG getmany L92 nw=16 wall=0.168s thr(out)1 thr(in)16 conc_peak=16 pread=1.645s
auto budget: 28.7 GB available, 9.0 GB reserved -> trunk 6.0 GB / expert cache 13.7 GB
config: /model/config.json (nested shape) | hidden=7168 layers=93 vocab=163840 | 24 MLA + 69 KDA | experts 896 top16 shared2 | latent=3584
  KV cache : 9.48 MB for 4 positions (2.37 MB/position)
Kimi K3, pure C, released checkpoint
  model    : /model
  prompt   : 1 tokens, generating 2

indexed 497220 tensors from 96 shards in 3.94 s
trunk on disk : 110.00 GB total (STREAMED from /mnt/nvme/trunk_layers_out, not held in RAM)

memory plan
  trunk (STREAMED) 6.00 GB
  embed + lm_head  4.70 GB
  expert cache     13.72 GB
  recurrent state  626.25 MB
  buffers          4.01 MB
  KV cache         9.46 MB
  TOTAL            25.06 GB
  available        28.48 GB

k3_trunk: trunk.bin absent - using per-layer slices (layer_%03d.bin)
trunk stream: 56.60 GB packed, 1/93 layers PINNED (3.00 GB), ring 2 x 1.30 GB
              reads use buffered I/O
              ring holds 2 slots: layers repeat over ~2 tokens, so recent ones are reused instead of re-read
trunk streaming enabled from /mnt/nvme/trunk_layers_out in 0.0 s
embedding, final norm and lm_head: 4.70 GB in 96.0 s

expert L1 eviction policy: heat
expert L2 cache enabled: 17096 slots x 17.55 MB = 299.99 GB on /mnt/nvme/experts.l2
expert L2 eviction policy: heat
peak RSS after loading weights: 4.79 GB  (the plan above is a forecast, this is measured)
expert cache: 781 slots x 17.56 MB = 13.71 GB (0.95% of the 1.45 TB expert pool)

recurrent state for 93 layers: 626.25 MB

incremental decode: KV cache 9.46 MB for 24 MLA layers at 4 positions

STEP   TOKEN      SECONDS      CACHE HIT  READ GB    TOK/S
--------------------------------------------------------------------
0      220        121.54       100.0      25.83      0.008
  L2   resident=6510/17096 slots hit=100.0% read=25.81GB write=0.00GB
DBG getmany L1 nw=16 wall=0.409s thr(out)1 thr(in)16 conc_peak=16 pread=4.213s
DBG getmany L2 nw=16 wall=0.288s thr(out)1 thr(in)16 conc_peak=16 pread=3.945s
DBG getmany L3 nw=16 wall=0.455s thr(out)1 thr(in)16 conc_peak=16 pread=5.979s
DBG getmany L4 nw=16 wall=0.440s thr(out)1 thr(in)16 conc_peak=16 pread=6.522s
DBG getmany L5 nw=16 wall=0.392s thr(out)1 thr(in)16 conc_peak=16 pread=5.253s
DBG getmany L6 nw=16 wall=0.260s thr(out)1 thr(in)16 conc_peak=16 pread=3.644s
DBG getmany L7 nw=16 wall=0.468s thr(out)1 thr(in)16 conc_peak=16 pread=5.797s
DBG getmany L8 nw=16 wall=0.430s thr(out)1 thr(in)16 conc_peak=16 pread=6.031s
DBG getmany L9 nw=16 wall=0.446s thr(out)1 thr(in)16 conc_peak=16 pread=5.236s
DBG getmany L10 nw=16 wall=0.324s thr(out)1 thr(in)16 conc_peak=16 pread=4.556s
DBG getmany L11 nw=16 wall=0.456s thr(out)1 thr(in)16 conc_peak=16 pread=6.314s
DBG getmany L12 nw=16 wall=0.303s thr(out)1 thr(in)16 conc_peak=16 pread=4.221s
DBG getmany L13 nw=16 wall=0.426s thr(out)1 thr(in)16 conc_peak=16 pread=6.172s
DBG getmany L14 nw=16 wall=0.293s thr(out)1 thr(in)16 conc_peak=16 pread=3.610s
DBG getmany L15 nw=16 wall=0.438s thr(out)1 thr(in)16 conc_peak=16 pread=4.706s
DBG getmany L16 nw=16 wall=0.258s thr(out)1 thr(in)16 conc_peak=16 pread=3.564s
DBG getmany L17 nw=16 wall=0.376s thr(out)1 thr(in)16 conc_peak=16 pread=5.354s
DBG getmany L18 nw=16 wall=0.290s thr(out)1 thr(in)16 conc_peak=16 pread=3.724s
DBG getmany L19 nw=16 wall=0.427s thr(out)1 thr(in)16 conc_peak=16 pread=5.382s
DBG getmany L20 nw=16 wall=0.391s thr(out)1 thr(in)16 conc_peak=16 pread=4.702s
DBG getmany L21 nw=16 wall=0.438s thr(out)1 thr(in)16 conc_peak=16 pread=6.405s
DBG getmany L22 nw=16 wall=0.314s thr(out)1 thr(in)16 conc_peak=16 pread=4.184s
DBG getmany L23 nw=16 wall=0.438s thr(out)1 thr(in)16 conc_peak=16 pread=6.353s
DBG getmany L24 nw=16 wall=0.415s thr(out)1 thr(in)16 conc_peak=16 pread=5.768s
DBG getmany L25 nw=16 wall=0.504s thr(out)1 thr(in)16 conc_peak=16 pread=6.547s
DBG getmany L26 nw=16 wall=0.238s thr(out)1 thr(in)16 conc_peak=16 pread=2.742s
DBG getmany L27 nw=16 wall=0.412s thr(out)1 thr(in)16 conc_peak=16 pread=5.451s
DBG getmany L28 nw=16 wall=0.412s thr(out)1 thr(in)16 conc_peak=16 pread=5.915s
DBG getmany L29 nw=16 wall=0.447s thr(out)1 thr(in)16 conc_peak=16 pread=5.584s
DBG getmany L30 nw=16 wall=0.370s thr(out)1 thr(in)16 conc_peak=16 pread=4.944s
DBG getmany L31 nw=16 wall=0.498s thr(out)1 thr(in)16 conc_peak=16 pread=7.161s
DBG getmany L32 nw=16 wall=0.519s thr(out)1 thr(in)16 conc_peak=16 pread=7.532s
DBG getmany L33 nw=16 wall=0.453s thr(out)1 thr(in)16 conc_peak=16 pread=6.121s
DBG getmany L34 nw=16 wall=0.330s thr(out)1 thr(in)16 conc_peak=16 pread=4.616s
DBG getmany L35 nw=16 wall=0.532s thr(out)1 thr(in)16 conc_peak=16 pread=7.469s
DBG getmany L36 nw=16 wall=0.542s thr(out)1 thr(in)16 conc_peak=16 pread=7.467s
DBG getmany L37 nw=16 wall=0.473s thr(out)1 thr(in)16 conc_peak=16 pread=6.312s
DBG getmany L38 nw=16 wall=0.371s thr(out)1 thr(in)16 conc_peak=16 pread=4.901s
DBG getmany L39 nw=16 wall=0.491s thr(out)1 thr(in)16 conc_peak=16 pread=6.636s
DBG getmany L40 nw=16 wall=0.426s thr(out)1 thr(in)16 conc_peak=16 pread=5.489s
DBG getmany L41 nw=16 wall=0.311s thr(out)1 thr(in)16 conc_peak=16 pread=4.266s
DBG getmany L42 nw=16 wall=0.346s thr(out)1 thr(in)16 conc_peak=16 pread=5.009s
DBG getmany L43 nw=16 wall=0.502s thr(out)1 thr(in)16 conc_peak=16 pread=6.742s
DBG getmany L44 nw=16 wall=0.441s thr(out)1 thr(in)16 conc_peak=16 pread=5.947s
DBG getmany L45 nw=16 wall=0.503s thr(out)1 thr(in)16 conc_peak=16 pread=7.284s
DBG getmany L46 nw=16 wall=0.383s thr(out)1 thr(in)16 conc_peak=16 pread=4.928s
DBG getmany L47 nw=16 wall=0.573s thr(out)1 thr(in)16 conc_peak=16 pread=6.364s
DBG getmany L48 nw=16 wall=0.668s thr(out)1 thr(in)16 conc_peak=16 pread=9.912s
DBG getmany L49 nw=16 wall=0.715s thr(out)1 thr(in)16 conc_peak=16 pread=9.310s
DBG getmany L50 nw=16 wall=0.326s thr(out)1 thr(in)16 conc_peak=16 pread=3.751s
DBG getmany L51 nw=16 wall=0.714s thr(out)1 thr(in)16 conc_peak=16 pread=9.569s
DBG getmany L52 nw=16 wall=0.694s thr(out)1 thr(in)16 conc_peak=16 pread=8.843s
DBG getmany L53 nw=16 wall=0.620s thr(out)1 thr(in)16 conc_peak=16 pread=8.754s
DBG getmany L54 nw=16 wall=0.249s thr(out)1 thr(in)16 conc_peak=16 pread=2.267s
DBG getmany L55 nw=16 wall=0.241s thr(out)1 thr(in)16 conc_peak=16 pread=2.113s
DBG getmany L56 nw=16 wall=0.610s thr(out)1 thr(in)16 conc_peak=16 pread=6.503s
DBG getmany L57 nw=16 wall=0.694s thr(out)1 thr(in)16 conc_peak=16 pread=10.336s
DBG getmany L58 nw=16 wall=0.527s thr(out)1 thr(in)16 conc_peak=16 pread=7.780s
DBG getmany L59 nw=16 wall=0.724s thr(out)1 thr(in)16 conc_peak=16 pread=10.115s
DBG getmany L60 nw=16 wall=0.701s thr(out)1 thr(in)16 conc_peak=16 pread=6.934s
DBG getmany L61 nw=16 wall=0.642s thr(out)1 thr(in)16 conc_peak=16 pread=9.250s
DBG getmany L62 nw=16 wall=0.506s thr(out)1 thr(in)16 conc_peak=16 pread=7.177s
DBG getmany L63 nw=16 wall=0.721s thr(out)1 thr(in)16 conc_peak=16 pread=9.676s
DBG getmany L64 nw=16 wall=0.615s thr(out)1 thr(in)16 conc_peak=16 pread=8.571s
DBG getmany L65 nw=16 wall=0.675s thr(out)1 thr(in)16 conc_peak=16 pread=5.778s
DBG getmany L66 nw=16 wall=0.477s thr(out)1 thr(in)16 conc_peak=16 pread=5.910s
DBG getmany L67 nw=16 wall=0.717s thr(out)1 thr(in)16 conc_peak=16 pread=9.376s
DBG getmany L68 nw=16 wall=0.676s thr(out)1 thr(in)16 conc_peak=16 pread=8.517s
DBG getmany L69 nw=16 wall=0.709s thr(out)1 thr(in)16 conc_peak=16 pread=9.699s
DBG getmany L70 nw=16 wall=0.529s thr(out)1 thr(in)16 conc_peak=16 pread=6.358s
DBG getmany L71 nw=16 wall=0.742s thr(out)1 thr(in)16 conc_peak=16 pread=11.053s
DBG getmany L72 nw=16 wall=0.682s thr(out)1 thr(in)16 conc_peak=16 pread=9.360s
DBG getmany L73 nw=16 wall=0.686s thr(out)1 thr(in)16 conc_peak=16 pread=9.753s
DBG getmany L74 nw=16 wall=0.512s thr(out)1 thr(in)16 conc_peak=16 pread=7.403s
DBG getmany L75 nw=16 wall=0.741s thr(out)1 thr(in)16 conc_peak=16 pread=10.602s
DBG getmany L76 nw=16 wall=0.658s thr(out)1 thr(in)16 conc_peak=16 pread=8.646s
DBG getmany L77 nw=16 wall=0.692s thr(out)1 thr(in)16 conc_peak=16 pread=9.964s
DBG getmany L78 nw=16 wall=0.519s thr(out)1 thr(in)16 conc_peak=16 pread=7.211s
DBG getmany L79 nw=16 wall=0.677s thr(out)1 thr(in)16 conc_peak=16 pread=9.606s
DBG getmany L80 nw=16 wall=0.641s thr(out)1 thr(in)16 conc_peak=16 pread=9.079s
DBG getmany L81 nw=16 wall=0.670s thr(out)1 thr(in)16 conc_peak=16 pread=9.713s
DBG getmany L82 nw=16 wall=0.510s thr(out)1 thr(in)16 conc_peak=16 pread=7.315s
DBG getmany L83 nw=16 wall=0.703s thr(out)1 thr(in)16 conc_peak=16 pread=9.520s
DBG getmany L84 nw=16 wall=0.617s thr(out)1 thr(in)16 conc_peak=16 pread=8.233s
DBG getmany L85 nw=16 wall=0.649s thr(out)1 thr(in)16 conc_peak=16 pread=8.418s
DBG getmany L86 nw=16 wall=0.493s thr(out)1 thr(in)16 conc_peak=16 pread=6.648s
DBG getmany L87 nw=16 wall=0.653s thr(out)1 thr(in)16 conc_peak=16 pread=8.295s
DBG getmany L88 nw=16 wall=0.643s thr(out)1 thr(in)16 conc_peak=16 pread=9.459s
DBG getmany L89 nw=16 wall=0.642s thr(out)1 thr(in)16 conc_peak=16 pread=8.993s
DBG getmany L90 nw=16 wall=0.519s thr(out)1 thr(in)16 conc_peak=16 pread=7.128s
DBG getmany L91 nw=16 wall=0.531s thr(out)1 thr(in)16 conc_peak=16 pread=7.471s
DBG getmany L92 nw=16 wall=0.235s thr(out)1 thr(in)16 conc_peak=16 pread=2.417s
1      802        74.50        100.0      25.83      0.013
  L2   resident=6510/17096 slots hit=100.0% read=51.61GB write=0.00GB
--------------------------------------------------------------------
2 tokens in 196.0 s, 98.02 s/token average
PEAK RSS for the whole run: 22.81 GB   <- quote this, not the plan
layers completed: 93/93; routed expert drops: 0


[chip] simulated MXFP4 GEMV bill over 3 tokens
  2944 expert chains | 194481487872 flops | 51659145216 bytes (51.66 GB)
  per token: 981 chains | 17.22 GB | 0.06 Gflops
  compute wall @ 4 TFLOPS : 0.05 s (16.21 ms/token)
  bandwidth wall @ 200 GB/s : 0.26 s (86.10 ms/token)
  -> bandwidth-bound; to be compute-bound at 4 TFLOPS this needs 1062 GB/s
  expert fetch (host wall, measured): 103.27 s moving 51.66 GB = 1 GB/s
  chip pool wall (measured): 15.96 s

cache [final step]
  slots        : 781 of 17.56 MB = 13.71 GB arena (781 resident, 0 pinned)
  requests     : 1472  hits 1472 (100.00%)  misses 0  evictions 1472
  of those hits : 1472 came from the batch prefetch, i.e. read from disk
                  this token; TRUE resident hit rate 0.00%
  read from disk: 25.83 GB in 46.41 s (556 MB/s while loading)
  phase2 i/o    : 25.84 GB in 46.41 s (557 MB/s)  [pure parallel disk read]
l2cache [final step]
  requests     : 2941  hits 2941 (100.00%)  misses 0
  read  from sdd7: 51.61 GB, written 0.00 GB
  hit I/O   : 51.61 GB in 91.21 s (wall) = 566 MB/s [pread 1199.03 s, 43 MB/s per-thread]
  miss I/O  : 0 misses, 0.00 GB from /model in 0.00 s (wall) = 0 MB/s
  restored from meta: 6510 slots

wrote /mnt/f/kimi-k3-in-c/reports/lb_verify_20260924_080133/a.json
I/O share of wall clock: 116.7%  (trunk 137.6 s + experts 91.2 s of 196.0 s)
  both figures are WHOLE-RUN totals over 2 steps
  over 100% because trunk reads overlap compute on the reader thread;
  32.8 s of device time was hidden behind arithmetic
  experts, whole run: 51.66 GB read | 781 of 2944 requests retained in RAM (26.53%) | 2163 evictions
    (retention = requests - evictions; the raw `hits` counter includes
     experts the prefetcher had just read from disk, so it is not a
     measure of avoided I/O)

trunk [final]
  pinned 1/93 layers, ring 2 slots
  binds 186, hits 1 (0.5%), reads 185
  read 110.87 GB in 137.61 s (806 MB/s pread)
  per-layer loads [L]=count: 0=1 1=2 2=2 3=2 4=2 5=2 6=2 7=2 8=2 9=2 10=2 11=2 12=2 13=2 14=2 15=2 16=2 17=2 18=2 19=2 20=2 21=2 22=2 23=2 24=2 25=2 26=2 27=2 28=2 29=2 30=2 31=2 32=2 33=2 34=2 35=2 36=2 37=2 38=2 39=2 40=2 41=2 42=2 43=2 44=2 45=2 46=2 47=2 48=2 49=2 50=2 51=2 52=2 53=2 54=2 55=2 56=2 57=2 58=2 59=2 60=2 61=2 62=2 63=2 64=2 65=2 66=2 67=2 68=2 69=2 70=2 71=2 72=2 73=2 74=2 75=2 76=2 77=2 78=2 79=2 80=2 81=2 82=2 83=2 84=2 85=2 86=2 87=2 88=2 89=2 90=2 91=2 92=2
  bind wall 35.68 s over 186 binds; read 137.61 + widen 1.76 = 139.37 s of device work,
                    of which 103.69 s (74%) overlapped compute on the reader thread
  widen breakdown: find 449 ms (4910)  copy 0 ms (2296)  deq 1309 ms (1580)  timed 2 s of widen 1.76 s
TIME_ELAPSED=313.37
