L2 auto: 209 GB free on /mnt/nvme -> L2 at 256 GB
k3 chip: 4 workers, 4 TFLOPS, 200 GB/s simulated wall
DBG getmany L1 nw=16 wall=0.822s thr(out)1 thr(in)16 conc_peak=16 pread=11.821s
DBG getmany L2 nw=16 wall=1.121s thr(out)1 thr(in)16 conc_peak=16 pread=16.062s
DBG getmany L3 nw=16 wall=0.787s thr(out)1 thr(in)16 conc_peak=16 pread=11.521s
DBG getmany L4 nw=16 wall=0.754s thr(out)1 thr(in)16 conc_peak=16 pread=11.309s
DBG getmany L5 nw=16 wall=0.778s thr(out)1 thr(in)16 conc_peak=16 pread=11.590s
DBG getmany L6 nw=16 wall=0.749s thr(out)1 thr(in)16 conc_peak=16 pread=11.185s
DBG getmany L7 nw=16 wall=0.791s thr(out)1 thr(in)16 conc_peak=16 pread=11.911s
DBG getmany L8 nw=16 wall=0.852s thr(out)1 thr(in)16 conc_peak=16 pread=12.736s
DBG getmany L9 nw=16 wall=0.835s thr(out)1 thr(in)16 conc_peak=16 pread=11.122s
DBG getmany L10 nw=16 wall=0.600s thr(out)1 thr(in)16 conc_peak=16 pread=8.704s
DBG getmany L11 nw=16 wall=0.179s thr(out)1 thr(in)16 conc_peak=16 pread=1.960s
DBG getmany L12 nw=16 wall=0.203s thr(out)1 thr(in)16 conc_peak=16 pread=2.205s
DBG getmany L13 nw=16 wall=0.208s thr(out)1 thr(in)16 conc_peak=16 pread=2.389s
DBG getmany L14 nw=16 wall=0.222s thr(out)1 thr(in)16 conc_peak=16 pread=2.378s
DBG getmany L15 nw=16 wall=0.210s thr(out)1 thr(in)16 conc_peak=16 pread=2.403s
DBG getmany L16 nw=16 wall=0.235s thr(out)1 thr(in)16 conc_peak=16 pread=2.540s
DBG getmany L17 nw=16 wall=0.209s thr(out)1 thr(in)16 conc_peak=16 pread=2.364s
DBG getmany L18 nw=16 wall=5.976s thr(out)1 thr(in)16 conc_peak=16 pread=58.603s
DBG getmany L19 nw=16 wall=0.217s thr(out)1 thr(in)16 conc_peak=16 pread=2.374s
DBG getmany L20 nw=16 wall=0.204s thr(out)1 thr(in)16 conc_peak=16 pread=2.257s
DBG getmany L21 nw=16 wall=0.212s thr(out)1 thr(in)16 conc_peak=16 pread=2.324s
DBG getmany L22 nw=16 wall=0.224s thr(out)1 thr(in)16 conc_peak=16 pread=2.617s
DBG getmany L23 nw=16 wall=0.228s thr(out)1 thr(in)16 conc_peak=16 pread=2.662s
DBG getmany L24 nw=16 wall=0.600s thr(out)1 thr(in)16 conc_peak=16 pread=8.633s
DBG getmany L25 nw=16 wall=0.204s thr(out)1 thr(in)16 conc_peak=16 pread=2.496s
DBG getmany L26 nw=16 wall=0.291s thr(out)1 thr(in)16 conc_peak=16 pread=3.375s
DBG getmany L27 nw=16 wall=1.138s thr(out)1 thr(in)16 conc_peak=16 pread=16.860s
DBG getmany L28 nw=16 wall=1.021s thr(out)1 thr(in)16 conc_peak=16 pread=15.257s
DBG getmany L29 nw=16 wall=0.197s thr(out)1 thr(in)16 conc_peak=16 pread=2.282s
DBG getmany L30 nw=16 wall=0.253s thr(out)1 thr(in)16 conc_peak=16 pread=3.059s
DBG getmany L31 nw=16 wall=0.210s thr(out)1 thr(in)16 conc_peak=16 pread=2.399s
DBG getmany L32 nw=16 wall=0.208s thr(out)1 thr(in)16 conc_peak=16 pread=2.391s
DBG getmany L33 nw=16 wall=0.224s thr(out)1 thr(in)16 conc_peak=16 pread=2.486s
DBG getmany L34 nw=16 wall=0.193s thr(out)1 thr(in)16 conc_peak=16 pread=2.283s
DBG getmany L35 nw=16 wall=0.207s thr(out)1 thr(in)16 conc_peak=16 pread=2.443s
DBG getmany L36 nw=16 wall=0.552s thr(out)1 thr(in)16 conc_peak=16 pread=7.747s
DBG getmany L37 nw=16 wall=0.870s thr(out)1 thr(in)16 conc_peak=16 pread=12.653s
DBG getmany L38 nw=16 wall=1.290s thr(out)1 thr(in)16 conc_peak=16 pread=19.280s
DBG getmany L39 nw=16 wall=2.012s thr(out)1 thr(in)16 conc_peak=16 pread=30.733s
DBG getmany L40 nw=16 wall=0.478s thr(out)1 thr(in)16 conc_peak=16 pread=6.547s
DBG getmany L41 nw=16 wall=0.290s thr(out)1 thr(in)16 conc_peak=16 pread=3.858s
DBG getmany L42 nw=16 wall=0.210s thr(out)1 thr(in)16 conc_peak=16 pread=2.458s
DBG getmany L43 nw=16 wall=0.230s thr(out)1 thr(in)16 conc_peak=16 pread=2.766s
DBG getmany L44 nw=16 wall=0.413s thr(out)1 thr(in)16 conc_peak=16 pread=5.503s
DBG getmany L45 nw=16 wall=0.279s thr(out)1 thr(in)16 conc_peak=16 pread=3.448s
DBG getmany L46 nw=16 wall=0.277s thr(out)1 thr(in)16 conc_peak=16 pread=3.158s
DBG getmany L47 nw=16 wall=0.813s thr(out)1 thr(in)16 conc_peak=16 pread=8.330s
DBG getmany L48 nw=16 wall=1.810s thr(out)1 thr(in)16 conc_peak=16 pread=26.931s
DBG getmany L49 nw=16 wall=0.590s thr(out)1 thr(in)16 conc_peak=16 pread=7.918s
DBG getmany L50 nw=16 wall=2.488s thr(out)1 thr(in)16 conc_peak=16 pread=37.891s
DBG getmany L51 nw=16 wall=0.258s thr(out)1 thr(in)16 conc_peak=16 pread=2.529s
DBG getmany L52 nw=16 wall=0.211s thr(out)1 thr(in)16 conc_peak=16 pread=2.202s
DBG getmany L53 nw=16 wall=0.207s thr(out)1 thr(in)16 conc_peak=16 pread=2.144s
DBG getmany L54 nw=16 wall=0.212s thr(out)1 thr(in)16 conc_peak=16 pread=2.134s
DBG getmany L55 nw=16 wall=0.219s thr(out)1 thr(in)16 conc_peak=16 pread=2.183s
DBG getmany L56 nw=16 wall=0.187s thr(out)1 thr(in)16 conc_peak=16 pread=1.768s
DBG getmany L57 nw=16 wall=0.187s thr(out)1 thr(in)16 conc_peak=16 pread=1.891s
DBG getmany L58 nw=16 wall=0.190s thr(out)1 thr(in)16 conc_peak=16 pread=1.867s
DBG getmany L59 nw=16 wall=0.376s thr(out)1 thr(in)16 conc_peak=16 pread=4.556s
DBG getmany L60 nw=16 wall=0.230s thr(out)1 thr(in)16 conc_peak=16 pread=2.411s
DBG getmany L61 nw=16 wall=0.210s thr(out)1 thr(in)16 conc_peak=16 pread=2.061s
DBG getmany L62 nw=16 wall=0.229s thr(out)1 thr(in)16 conc_peak=16 pread=2.022s
DBG getmany L63 nw=16 wall=0.196s thr(out)1 thr(in)16 conc_peak=16 pread=2.074s
DBG getmany L64 nw=16 wall=0.196s thr(out)1 thr(in)16 conc_peak=16 pread=1.986s
DBG getmany L65 nw=16 wall=0.220s thr(out)1 thr(in)16 conc_peak=16 pread=2.002s
DBG getmany L66 nw=16 wall=0.200s thr(out)1 thr(in)16 conc_peak=16 pread=1.978s
DBG getmany L67 nw=16 wall=0.189s thr(out)1 thr(in)16 conc_peak=16 pread=1.813s
DBG getmany L68 nw=16 wall=0.204s thr(out)1 thr(in)16 conc_peak=16 pread=2.062s
DBG getmany L69 nw=16 wall=0.210s thr(out)1 thr(in)16 conc_peak=16 pread=2.050s
DBG getmany L70 nw=16 wall=0.210s thr(out)1 thr(in)16 conc_peak=16 pread=2.075s
DBG getmany L71 nw=16 wall=0.281s thr(out)1 thr(in)16 conc_peak=16 pread=3.311s
DBG getmany L72 nw=16 wall=0.209s thr(out)1 thr(in)16 conc_peak=16 pread=2.116s
DBG getmany L73 nw=16 wall=0.215s thr(out)1 thr(in)16 conc_peak=16 pread=2.453s
DBG getmany L74 nw=16 wall=0.224s thr(out)1 thr(in)16 conc_peak=16 pread=2.433s
DBG getmany L75 nw=16 wall=0.215s thr(out)1 thr(in)16 conc_peak=16 pread=2.386s
DBG getmany L76 nw=16 wall=0.195s thr(out)1 thr(in)16 conc_peak=16 pread=2.055s
DBG getmany L77 nw=16 wall=0.221s thr(out)1 thr(in)16 conc_peak=16 pread=2.354s
DBG getmany L78 nw=16 wall=0.209s thr(out)1 thr(in)16 conc_peak=16 pread=2.326s
DBG getmany L79 nw=16 wall=0.216s thr(out)1 thr(in)16 conc_peak=16 pread=2.032s
DBG getmany L80 nw=16 wall=0.184s thr(out)1 thr(in)16 conc_peak=16 pread=1.827s
DBG getmany L81 nw=16 wall=0.167s thr(out)1 thr(in)16 conc_peak=16 pread=1.643s
DBG getmany L82 nw=16 wall=0.151s thr(out)1 thr(in)16 conc_peak=16 pread=1.486s
DBG getmany L83 nw=16 wall=0.159s thr(out)1 thr(in)16 conc_peak=16 pread=1.725s
DBG getmany L84 nw=16 wall=0.156s thr(out)1 thr(in)16 conc_peak=16 pread=1.663s
DBG getmany L85 nw=16 wall=0.135s thr(out)1 thr(in)16 conc_peak=16 pread=1.448s
DBG getmany L86 nw=16 wall=0.163s thr(out)1 thr(in)16 conc_peak=16 pread=1.543s
DBG getmany L87 nw=16 wall=0.155s thr(out)1 thr(in)16 conc_peak=16 pread=1.614s
DBG getmany L88 nw=16 wall=0.171s thr(out)1 thr(in)16 conc_peak=16 pread=1.609s
DBG getmany L89 nw=16 wall=0.154s thr(out)1 thr(in)16 conc_peak=16 pread=1.551s
DBG getmany L90 nw=16 wall=0.152s thr(out)1 thr(in)16 conc_peak=16 pread=1.649s
DBG getmany L91 nw=16 wall=0.145s thr(out)1 thr(in)16 conc_peak=16 pread=1.629s
DBG getmany L92 nw=16 wall=0.128s thr(out)1 thr(in)16 conc_peak=15 pread=1.198s
auto budget: 28.8 GB available, 9.0 GB reserved -> trunk 6.0 GB / expert cache 13.8 GB
config: /model/config.json (nested shape) | hidden=7168 layers=93 vocab=163840 | 24 MLA + 69 KDA | experts 896 top16 shared2 | latent=3584
  KV cache : 23.70 MB for 10 positions (2.37 MB/position)
Kimi K3, pure C, released checkpoint
  model    : /model
  prompt   : 1 tokens, generating 8

indexed 497220 tensors from 96 shards in 12.76 s
trunk on disk : 110.00 GB total (STREAMED from /mnt/nvme/trunk_layers_out, not held in RAM)

memory plan
  trunk (STREAMED) 6.00 GB
  embed + lm_head  4.70 GB
  expert cache     13.78 GB
  recurrent state  626.25 MB
  buffers          8.02 MB
  KV cache         23.65 MB
  TOTAL            25.13 GB
  available        28.64 GB

k3_trunk: trunk.bin absent - using per-layer slices (layer_%03d.bin)
trunk stream: 56.60 GB packed, 1/93 layers PINNED (3.00 GB), ring 2 x 1.30 GB
              reads use buffered I/O
              ring holds 2 slots: layers repeat over ~2 tokens, so recent ones are reused instead of re-read
trunk streaming enabled from /mnt/nvme/trunk_layers_out in 0.0 s
embedding, final norm and lm_head: 4.70 GB in 88.9 s

expert L1 eviction policy: heat
expert L2 cache enabled: 14589 slots x 17.55 MB = 256.00 GB on /mnt/nvme/experts.l2
expert L2 eviction policy: heat
peak RSS after loading weights: 4.79 GB  (the plan above is a forecast, this is measured)
expert cache: 784 slots x 17.56 MB = 13.76 GB (0.95% of the 1.45 TB expert pool)

recurrent state for 93 layers: 626.25 MB

incremental decode: KV cache 23.65 MB for 24 MLA layers at 10 positions

STEP   TOKEN      SECONDS      CACHE HIT  READ GB    TOK/S
--------------------------------------------------------------------
0      220        183.81       100.0      25.83      0.005
  L2   resident=6778/14589 slots hit=100.0% read=25.76GB write=0.00GB
DBG getmany L1 nw=16 wall=0.179s thr(out)1 thr(in)16 conc_peak=16 pread=1.938s
DBG getmany L2 nw=16 wall=0.157s thr(out)1 thr(in)16 conc_peak=16 pread=1.539s
DBG getmany L3 nw=16 wall=0.140s thr(out)1 thr(in)16 conc_peak=16 pread=1.487s
DBG getmany L4 nw=16 wall=0.139s thr(out)1 thr(in)16 conc_peak=16 pread=1.492s
DBG getmany L5 nw=16 wall=0.133s thr(out)1 thr(in)16 conc_peak=16 pread=1.296s
DBG getmany L6 nw=16 wall=0.144s thr(out)1 thr(in)16 conc_peak=16 pread=1.487s
DBG getmany L7 nw=16 wall=0.163s thr(out)1 thr(in)16 conc_peak=16 pread=1.601s
DBG getmany L8 nw=16 wall=0.156s thr(out)1 thr(in)16 conc_peak=16 pread=1.431s
DBG getmany L9 nw=16 wall=0.153s thr(out)1 thr(in)16 conc_peak=16 pread=1.592s
DBG getmany L10 nw=16 wall=0.156s thr(out)1 thr(in)16 conc_peak=16 pread=1.472s
DBG getmany L11 nw=16 wall=0.164s thr(out)1 thr(in)16 conc_peak=16 pread=1.645s
DBG getmany L12 nw=16 wall=0.175s thr(out)1 thr(in)16 conc_peak=16 pread=1.822s
DBG getmany L13 nw=16 wall=0.169s thr(out)1 thr(in)16 conc_peak=16 pread=1.687s
DBG getmany L14 nw=16 wall=0.185s thr(out)1 thr(in)16 conc_peak=16 pread=1.820s
DBG getmany L15 nw=16 wall=0.164s thr(out)1 thr(in)16 conc_peak=16 pread=1.585s
DBG getmany L16 nw=16 wall=0.157s thr(out)1 thr(in)16 conc_peak=16 pread=1.708s
DBG getmany L17 nw=16 wall=0.164s thr(out)1 thr(in)16 conc_peak=16 pread=1.628s
DBG getmany L18 nw=16 wall=0.186s thr(out)1 thr(in)16 conc_peak=16 pread=2.012s
DBG getmany L19 nw=16 wall=0.163s thr(out)1 thr(in)16 conc_peak=16 pread=1.595s
DBG getmany L20 nw=16 wall=0.154s thr(out)1 thr(in)16 conc_peak=16 pread=1.628s
DBG getmany L21 nw=16 wall=0.172s thr(out)1 thr(in)16 conc_peak=16 pread=1.691s
DBG getmany L22 nw=16 wall=0.165s thr(out)1 thr(in)16 conc_peak=16 pread=1.795s
DBG getmany L23 nw=16 wall=0.168s thr(out)1 thr(in)16 conc_peak=16 pread=1.700s
DBG getmany L24 nw=16 wall=0.178s thr(out)1 thr(in)16 conc_peak=16 pread=1.804s
DBG getmany L25 nw=16 wall=0.190s thr(out)1 thr(in)16 conc_peak=16 pread=1.717s
DBG getmany L26 nw=16 wall=0.180s thr(out)1 thr(in)16 conc_peak=16 pread=1.999s
DBG getmany L27 nw=16 wall=0.160s thr(out)1 thr(in)16 conc_peak=16 pread=1.581s
DBG getmany L28 nw=16 wall=0.161s thr(out)1 thr(in)16 conc_peak=16 pread=1.670s
DBG getmany L29 nw=16 wall=0.170s thr(out)1 thr(in)16 conc_peak=16 pread=1.778s
DBG getmany L30 nw=16 wall=0.193s thr(out)1 thr(in)16 conc_peak=16 pread=2.137s
DBG getmany L31 nw=16 wall=0.164s thr(out)1 thr(in)16 conc_peak=16 pread=1.753s
DBG getmany L32 nw=16 wall=0.200s thr(out)1 thr(in)16 conc_peak=16 pread=1.954s
DBG getmany L33 nw=16 wall=0.173s thr(out)1 thr(in)16 conc_peak=16 pread=1.827s
DBG getmany L34 nw=16 wall=0.169s thr(out)1 thr(in)16 conc_peak=16 pread=1.445s
DBG getmany L35 nw=16 wall=0.182s thr(out)1 thr(in)16 conc_peak=16 pread=1.965s
DBG getmany L36 nw=16 wall=0.158s thr(out)1 thr(in)16 conc_peak=16 pread=1.612s
DBG getmany L37 nw=16 wall=0.162s thr(out)1 thr(in)16 conc_peak=16 pread=1.501s
DBG getmany L38 nw=16 wall=0.162s thr(out)1 thr(in)16 conc_peak=16 pread=1.761s
DBG getmany L39 nw=16 wall=0.184s thr(out)1 thr(in)16 conc_peak=16 pread=1.772s
DBG getmany L40 nw=16 wall=0.168s thr(out)1 thr(in)16 conc_peak=16 pread=1.545s
DBG getmany L41 nw=16 wall=0.166s thr(out)1 thr(in)16 conc_peak=16 pread=1.568s
DBG getmany L42 nw=16 wall=0.188s thr(out)1 thr(in)16 conc_peak=16 pread=1.827s
DBG getmany L43 nw=16 wall=0.161s thr(out)1 thr(in)16 conc_peak=16 pread=1.583s
DBG getmany L44 nw=16 wall=0.158s thr(out)1 thr(in)16 conc_peak=16 pread=1.454s
DBG getmany L45 nw=16 wall=0.174s thr(out)1 thr(in)16 conc_peak=16 pread=1.721s
DBG getmany L46 nw=16 wall=0.181s thr(out)1 thr(in)16 conc_peak=16 pread=1.974s
DBG getmany L47 nw=16 wall=0.208s thr(out)1 thr(in)16 conc_peak=16 pread=2.002s
DBG getmany L48 nw=16 wall=0.180s thr(out)1 thr(in)16 conc_peak=16 pread=1.738s
DBG getmany L49 nw=16 wall=0.202s thr(out)1 thr(in)16 conc_peak=16 pread=2.056s
DBG getmany L50 nw=16 wall=0.190s thr(out)1 thr(in)16 conc_peak=16 pread=1.961s
DBG getmany L51 nw=16 wall=0.181s thr(out)1 thr(in)16 conc_peak=16 pread=1.805s
DBG getmany L52 nw=16 wall=0.173s thr(out)1 thr(in)16 conc_peak=16 pread=1.779s
DBG getmany L53 nw=16 wall=0.204s thr(out)1 thr(in)16 conc_peak=16 pread=2.133s
DBG getmany L54 nw=16 wall=0.199s thr(out)1 thr(in)16 conc_peak=16 pread=2.166s
DBG getmany L55 nw=16 wall=0.188s thr(out)1 thr(in)16 conc_peak=16 pread=1.973s
DBG getmany L56 nw=16 wall=0.159s thr(out)1 thr(in)16 conc_peak=16 pread=1.579s
DBG getmany L57 nw=16 wall=0.161s thr(out)1 thr(in)16 conc_peak=16 pread=1.533s
DBG getmany L58 nw=16 wall=0.178s thr(out)1 thr(in)16 conc_peak=16 pread=1.967s
DBG getmany L59 nw=16 wall=0.171s thr(out)1 thr(in)16 conc_peak=16 pread=1.774s
DBG getmany L60 nw=16 wall=0.210s thr(out)1 thr(in)16 conc_peak=16 pread=2.112s
DBG getmany L61 nw=16 wall=0.176s thr(out)1 thr(in)16 conc_peak=16 pread=1.827s
DBG getmany L62 nw=16 wall=0.194s thr(out)1 thr(in)16 conc_peak=16 pread=1.913s
DBG getmany L63 nw=16 wall=0.188s thr(out)1 thr(in)16 conc_peak=16 pread=1.966s
DBG getmany L64 nw=16 wall=0.173s thr(out)1 thr(in)16 conc_peak=16 pread=1.739s
DBG getmany L65 nw=16 wall=0.181s thr(out)1 thr(in)16 conc_peak=16 pread=1.892s
DBG getmany L66 nw=16 wall=0.176s thr(out)1 thr(in)16 conc_peak=16 pread=1.758s
DBG getmany L67 nw=16 wall=0.197s thr(out)1 thr(in)16 conc_peak=16 pread=2.136s
DBG getmany L68 nw=16 wall=0.301s thr(out)1 thr(in)16 conc_peak=16 pread=2.638s
DBG getmany L69 nw=16 wall=0.180s thr(out)1 thr(in)16 conc_peak=16 pread=1.878s
DBG getmany L70 nw=16 wall=0.179s thr(out)1 thr(in)16 conc_peak=16 pread=1.830s
DBG getmany L71 nw=16 wall=0.178s thr(out)1 thr(in)16 conc_peak=16 pread=1.754s
DBG getmany L72 nw=16 wall=0.221s thr(out)1 thr(in)16 conc_peak=16 pread=2.325s
DBG getmany L73 nw=16 wall=0.177s thr(out)1 thr(in)16 conc_peak=16 pread=1.855s
DBG getmany L74 nw=16 wall=0.191s thr(out)1 thr(in)16 conc_peak=16 pread=1.906s
DBG getmany L75 nw=16 wall=0.205s thr(out)1 thr(in)16 conc_peak=16 pread=2.026s
DBG getmany L76 nw=16 wall=0.201s thr(out)1 thr(in)16 conc_peak=16 pread=2.050s
DBG getmany L77 nw=16 wall=0.193s thr(out)1 thr(in)16 conc_peak=16 pread=1.577s
DBG getmany L78 nw=16 wall=0.180s thr(out)1 thr(in)16 conc_peak=16 pread=1.819s
DBG getmany L79 nw=16 wall=0.184s thr(out)1 thr(in)16 conc_peak=16 pread=1.834s
DBG getmany L80 nw=16 wall=0.199s thr(out)1 thr(in)16 conc_peak=16 pread=2.118s
DBG getmany L81 nw=16 wall=0.168s thr(out)1 thr(in)16 conc_peak=16 pread=1.537s
DBG getmany L82 nw=16 wall=0.174s thr(out)1 thr(in)16 conc_peak=16 pread=1.756s
DBG getmany L83 nw=16 wall=0.171s thr(out)1 thr(in)16 conc_peak=16 pread=1.786s
DBG getmany L84 nw=16 wall=0.161s thr(out)1 thr(in)16 conc_peak=16 pread=1.807s
DBG getmany L85 nw=16 wall=0.173s thr(out)1 thr(in)16 conc_peak=16 pread=1.815s
DBG getmany L86 nw=16 wall=0.171s thr(out)1 thr(in)16 conc_peak=16 pread=1.808s
DBG getmany L87 nw=16 wall=0.173s thr(out)1 thr(in)16 conc_peak=16 pread=1.802s
DBG getmany L88 nw=16 wall=0.159s thr(out)1 thr(in)16 conc_peak=16 pread=1.656s
DBG getmany L89 nw=16 wall=0.176s thr(out)1 thr(in)16 conc_peak=16 pread=1.935s
DBG getmany L90 nw=16 wall=0.174s thr(out)1 thr(in)16 conc_peak=16 pread=1.797s
DBG getmany L91 nw=16 wall=0.182s thr(out)1 thr(in)16 conc_peak=16 pread=1.877s
DBG getmany L92 nw=16 wall=0.166s thr(out)1 thr(in)16 conc_peak=16 pread=1.523s
1      802        92.00        100.0      25.83      0.011
  L2   resident=6778/14589 slots hit=100.0% read=51.55GB write=0.00GB
DBG getmany L1 nw=16 wall=0.172s thr(out)1 thr(in)16 conc_peak=16 pread=1.781s
DBG getmany L2 nw=15 wall=0.165s thr(out)1 thr(in)16 conc_peak=15 pread=1.694s
DBG getmany L3 nw=13 wall=0.141s thr(out)1 thr(in)16 conc_peak=13 pread=1.173s
DBG getmany L4 nw=15 wall=0.147s thr(out)1 thr(in)16 conc_peak=15 pread=1.499s
DBG getmany L5 nw=16 wall=0.157s thr(out)1 thr(in)16 conc_peak=16 pread=1.663s
DBG getmany L6 nw=15 wall=0.151s thr(out)1 thr(in)16 conc_peak=15 pread=1.489s
DBG getmany L7 nw=15 wall=0.148s thr(out)1 thr(in)16 conc_peak=15 pread=1.335s
DBG getmany L8 nw=16 wall=0.169s thr(out)1 thr(in)16 conc_peak=16 pread=1.842s
DBG getmany L9 nw=15 wall=0.156s thr(out)1 thr(in)16 conc_peak=15 pread=1.610s
DBG getmany L10 nw=15 wall=0.157s thr(out)1 thr(in)16 conc_peak=15 pread=1.523s
DBG getmany L11 nw=15 wall=0.168s thr(out)1 thr(in)16 conc_peak=15 pread=1.782s
DBG getmany L12 nw=15 wall=0.148s thr(out)1 thr(in)16 conc_peak=15 pread=1.477s
DBG getmany L13 nw=16 wall=0.178s thr(out)1 thr(in)16 conc_peak=16 pread=2.036s
DBG getmany L14 nw=15 wall=0.156s thr(out)1 thr(in)16 conc_peak=15 pread=1.431s
DBG getmany L15 nw=16 wall=0.174s thr(out)1 thr(in)16 conc_peak=16 pread=1.794s
DBG getmany L16 nw=15 wall=0.156s thr(out)1 thr(in)16 conc_peak=15 pread=1.561s
DBG getmany L17 nw=16 wall=0.169s thr(out)1 thr(in)16 conc_peak=16 pread=1.451s
DBG getmany L18 nw=16 wall=0.175s thr(out)1 thr(in)16 conc_peak=16 pread=1.874s
DBG getmany L19 nw=16 wall=0.164s thr(out)1 thr(in)16 conc_peak=16 pread=1.658s
DBG getmany L20 nw=16 wall=0.155s thr(out)1 thr(in)16 conc_peak=16 pread=1.612s
DBG getmany L21 nw=16 wall=0.157s thr(out)1 thr(in)16 conc_peak=16 pread=1.682s
DBG getmany L22 nw=16 wall=0.168s thr(out)1 thr(in)16 conc_peak=16 pread=1.744s
DBG getmany L23 nw=15 wall=0.163s thr(out)1 thr(in)16 conc_peak=15 pread=1.655s
DBG getmany L24 nw=13 wall=0.131s thr(out)1 thr(in)16 conc_peak=13 pread=1.049s
DBG getmany L25 nw=15 wall=0.150s thr(out)1 thr(in)16 conc_peak=15 pread=1.395s
DBG getmany L26 nw=15 wall=0.167s thr(out)1 thr(in)16 conc_peak=15 pread=1.410s
DBG getmany L27 nw=16 wall=0.181s thr(out)1 thr(in)16 conc_peak=16 pread=1.975s
DBG getmany L28 nw=15 wall=0.150s thr(out)1 thr(in)16 conc_peak=15 pread=1.423s
DBG getmany L29 nw=16 wall=0.175s thr(out)1 thr(in)16 conc_peak=16 pread=1.812s
DBG getmany L30 nw=16 wall=0.160s thr(out)1 thr(in)16 conc_peak=16 pread=1.776s
DBG getmany L31 nw=16 wall=0.172s thr(out)1 thr(in)16 conc_peak=16 pread=1.693s
DBG getmany L32 nw=14 wall=0.144s thr(out)1 thr(in)16 conc_peak=14 pread=1.345s
DBG getmany L33 nw=15 wall=0.149s thr(out)1 thr(in)16 conc_peak=15 pread=1.392s
DBG getmany L34 nw=16 wall=0.176s thr(out)1 thr(in)16 conc_peak=16 pread=1.818s
DBG getmany L35 nw=16 wall=0.195s thr(out)1 thr(in)16 conc_peak=16 pread=1.984s
DBG getmany L36 nw=14 wall=0.156s thr(out)1 thr(in)16 conc_peak=14 pread=1.433s
DBG getmany L37 nw=16 wall=0.170s thr(out)1 thr(in)16 conc_peak=16 pread=1.873s
DBG getmany L38 nw=16 wall=0.169s thr(out)1 thr(in)16 conc_peak=16 pread=1.668s
DBG getmany L39 nw=16 wall=0.191s thr(out)1 thr(in)16 conc_peak=16 pread=1.954s
DBG getmany L40 nw=16 wall=0.170s thr(out)1 thr(in)16 conc_peak=16 pread=1.755s
DBG getmany L41 nw=16 wall=0.167s thr(out)1 thr(in)16 conc_peak=16 pread=1.557s
DBG getmany L42 nw=16 wall=0.167s thr(out)1 thr(in)16 conc_peak=16 pread=1.640s
DBG getmany L43 nw=16 wall=0.162s thr(out)1 thr(in)16 conc_peak=16 pread=1.609s
DBG getmany L44 nw=16 wall=0.167s thr(out)1 thr(in)16 conc_peak=16 pread=1.431s
DBG getmany L45 nw=16 wall=0.160s thr(out)1 thr(in)16 conc_peak=16 pread=1.667s
DBG getmany L46 nw=15 wall=0.154s thr(out)1 thr(in)16 conc_peak=15 pread=1.476s
DBG getmany L47 nw=15 wall=0.155s thr(out)1 thr(in)16 conc_peak=15 pread=1.559s
DBG getmany L48 nw=15 wall=0.180s thr(out)1 thr(in)16 conc_peak=15 pread=1.687s
DBG getmany L49 nw=15 wall=0.152s thr(out)1 thr(in)16 conc_peak=15 pread=1.359s
DBG getmany L50 nw=16 wall=0.187s thr(out)1 thr(in)16 conc_peak=16 pread=1.975s
DBG getmany L51 nw=16 wall=0.174s thr(out)1 thr(in)16 conc_peak=16 pread=1.808s
DBG getmany L52 nw=16 wall=0.182s thr(out)1 thr(in)16 conc_peak=16 pread=2.018s
DBG getmany L53 nw=15 wall=0.155s thr(out)1 thr(in)16 conc_peak=15 pread=1.505s
DBG getmany L54 nw=16 wall=0.180s thr(out)1 thr(in)16 conc_peak=16 pread=1.936s
DBG getmany L55 nw=16 wall=0.175s thr(out)1 thr(in)16 conc_peak=16 pread=1.882s
DBG getmany L56 nw=16 wall=0.160s thr(out)1 thr(in)16 conc_peak=16 pread=1.653s
DBG getmany L57 nw=16 wall=0.185s thr(out)1 thr(in)16 conc_peak=16 pread=1.946s
DBG getmany L58 nw=16 wall=0.169s thr(out)1 thr(in)16 conc_peak=16 pread=1.763s
DBG getmany L59 nw=16 wall=0.180s thr(out)1 thr(in)16 conc_peak=16 pread=1.705s
DBG getmany L60 nw=16 wall=0.178s thr(out)1 thr(in)16 conc_peak=16 pread=1.852s
DBG getmany L61 nw=16 wall=0.170s thr(out)1 thr(in)16 conc_peak=16 pread=1.685s
DBG getmany L62 nw=16 wall=0.184s thr(out)1 thr(in)16 conc_peak=16 pread=1.797s
DBG getmany L63 nw=16 wall=0.212s thr(out)1 thr(in)16 conc_peak=16 pread=2.022s
DBG getmany L64 nw=16 wall=0.172s thr(out)1 thr(in)16 conc_peak=16 pread=1.777s
DBG getmany L65 nw=16 wall=0.177s thr(out)1 thr(in)16 conc_peak=16 pread=1.766s
DBG getmany L66 nw=16 wall=0.170s thr(out)1 thr(in)16 conc_peak=16 pread=1.732s
DBG getmany L67 nw=16 wall=0.172s thr(out)1 thr(in)16 conc_peak=16 pread=1.913s
DBG getmany L68 nw=16 wall=0.170s thr(out)1 thr(in)16 conc_peak=16 pread=1.657s
DBG getmany L69 nw=16 wall=0.171s thr(out)1 thr(in)16 conc_peak=16 pread=1.650s
DBG getmany L70 nw=16 wall=0.180s thr(out)1 thr(in)16 conc_peak=16 pread=1.806s
DBG getmany L71 nw=16 wall=0.168s thr(out)1 thr(in)16 conc_peak=16 pread=1.676s
DBG getmany L72 nw=16 wall=0.193s thr(out)1 thr(in)16 conc_peak=16 pread=1.804s
DBG getmany L73 nw=16 wall=0.182s thr(out)1 thr(in)16 conc_peak=16 pread=1.886s
DBG getmany L74 nw=16 wall=0.187s thr(out)1 thr(in)16 conc_peak=16 pread=2.119s
DBG getmany L75 nw=16 wall=0.165s thr(out)1 thr(in)16 conc_peak=16 pread=1.541s
DBG getmany L76 nw=16 wall=0.170s thr(out)1 thr(in)16 conc_peak=16 pread=1.590s
DBG getmany L77 nw=16 wall=0.162s thr(out)1 thr(in)16 conc_peak=16 pread=1.686s
DBG getmany L78 nw=16 wall=0.175s thr(out)1 thr(in)16 conc_peak=16 pread=1.937s
DBG getmany L79 nw=16 wall=0.188s thr(out)1 thr(in)16 conc_peak=16 pread=2.009s
DBG getmany L80 nw=16 wall=0.178s thr(out)1 thr(in)16 conc_peak=16 pread=1.960s
DBG getmany L81 nw=15 wall=0.155s thr(out)1 thr(in)16 conc_peak=15 pread=1.562s
DBG getmany L82 nw=16 wall=0.184s thr(out)1 thr(in)16 conc_peak=16 pread=1.863s
DBG getmany L83 nw=13 wall=0.141s thr(out)1 thr(in)16 conc_peak=13 pread=1.073s
DBG getmany L84 nw=13 wall=0.135s thr(out)1 thr(in)16 conc_peak=13 pread=1.029s
DBG getmany L85 nw=14 wall=0.150s thr(out)1 thr(in)16 conc_peak=14 pread=1.294s
DBG getmany L86 nw=16 wall=0.173s thr(out)1 thr(in)16 conc_peak=16 pread=1.803s
DBG getmany L87 nw=13 wall=0.136s thr(out)1 thr(in)16 conc_peak=13 pread=1.103s
DBG getmany L88 nw=15 wall=0.162s thr(out)1 thr(in)16 conc_peak=15 pread=1.443s
DBG getmany L89 nw=13 wall=0.156s thr(out)1 thr(in)16 conc_peak=13 pread=1.428s
DBG getmany L90 nw=12 wall=0.129s thr(out)1 thr(in)16 conc_peak=12 pread=0.995s
DBG getmany L91 nw=13 wall=0.151s thr(out)1 thr(in)16 conc_peak=13 pread=1.292s
DBG getmany L92 nw=13 wall=0.128s thr(out)1 thr(in)16 conc_peak=13 pread=1.084s
2      24         89.06        100.0      24.85      0.011
  L2   resident=6778/14589 slots hit=100.0% read=76.33GB write=0.00GB
DBG getmany L1 nw=15 wall=0.162s thr(out)1 thr(in)16 conc_peak=15 pread=1.546s
DBG getmany L2 nw=14 wall=0.152s thr(out)1 thr(in)16 conc_peak=14 pread=1.148s
DBG getmany L3 nw=12 wall=0.130s thr(out)1 thr(in)16 conc_peak=12 pread=0.982s
DBG getmany L4 nw=13 wall=0.142s thr(out)1 thr(in)16 conc_peak=13 pread=1.148s
DBG getmany L5 nw=15 wall=0.175s thr(out)1 thr(in)16 conc_peak=15 pread=1.696s
DBG getmany L6 nw=16 wall=0.158s thr(out)1 thr(in)16 conc_peak=16 pread=1.619s
DBG getmany L7 nw=15 wall=0.152s thr(out)1 thr(in)16 conc_peak=15 pread=1.427s
DBG getmany L8 nw=16 wall=0.171s thr(out)1 thr(in)16 conc_peak=16 pread=1.702s
DBG getmany L9 nw=12 wall=0.124s thr(out)1 thr(in)16 conc_peak=9 pread=1.032s
DBG getmany L10 nw=10 wall=0.105s thr(out)1 thr(in)16 conc_peak=10 pread=0.717s
DBG getmany L11 nw=13 wall=0.143s thr(out)1 thr(in)16 conc_peak=13 pread=1.222s
DBG getmany L12 nw=14 wall=0.151s thr(out)1 thr(in)16 conc_peak=14 pread=1.457s
DBG getmany L13 nw=13 wall=0.143s thr(out)1 thr(in)16 conc_peak=13 pread=1.109s
DBG getmany L14 nw=13 wall=0.135s thr(out)1 thr(in)16 conc_peak=13 pread=1.174s
DBG getmany L15 nw=14 wall=0.163s thr(out)1 thr(in)16 conc_peak=14 pread=1.435s
DBG getmany L16 nw=12 wall=0.120s thr(out)1 thr(in)16 conc_peak=12 pread=0.869s
DBG getmany L17 nw=14 wall=0.143s thr(out)1 thr(in)16 conc_peak=14 pread=1.249s
DBG getmany L18 nw=13 wall=0.142s thr(out)1 thr(in)16 conc_peak=13 pread=1.191s
DBG getmany L19 nw=13 wall=0.144s thr(out)1 thr(in)16 conc_peak=12 pread=1.226s
DBG getmany L20 nw=12 wall=0.128s thr(out)1 thr(in)16 conc_peak=12 pread=1.041s
DBG getmany L21 nw=15 wall=0.153s thr(out)1 thr(in)16 conc_peak=15 pread=1.390s
DBG getmany L22 nw=15 wall=0.156s thr(out)1 thr(in)16 conc_peak=15 pread=1.280s
DBG getmany L23 nw=12 wall=0.146s thr(out)1 thr(in)16 conc_peak=12 pread=1.136s
DBG getmany L24 nw=13 wall=0.135s thr(out)1 thr(in)16 conc_peak=11 pread=1.260s
DBG getmany L25 nw=16 wall=0.167s thr(out)1 thr(in)16 conc_peak=16 pread=1.704s
DBG getmany L26 nw=14 wall=0.149s thr(out)1 thr(in)16 conc_peak=14 pread=1.413s
DBG getmany L27 nw=16 wall=0.158s thr(out)1 thr(in)16 conc_peak=16 pread=1.791s
DBG getmany L28 nw=15 wall=0.153s thr(out)1 thr(in)16 conc_peak=15 pread=1.505s
DBG getmany L29 nw=14 wall=0.162s thr(out)1 thr(in)16 conc_peak=14 pread=1.475s
DBG getmany L30 nw=15 wall=0.168s thr(out)1 thr(in)16 conc_peak=15 pread=1.621s
DBG getmany L31 nw=15 wall=0.167s thr(out)1 thr(in)16 conc_peak=15 pread=1.672s
DBG getmany L32 nw=12 wall=0.127s thr(out)1 thr(in)16 conc_peak=11 pread=0.917s
DBG getmany L33 nw=13 wall=0.155s thr(out)1 thr(in)16 conc_peak=13 pread=1.359s
DBG getmany L34 nw=15 wall=0.172s thr(out)1 thr(in)16 conc_peak=15 pread=1.773s
DBG getmany L35 nw=14 wall=0.140s thr(out)1 thr(in)16 conc_peak=14 pread=1.177s
DBG getmany L36 nw=14 wall=0.152s thr(out)1 thr(in)16 conc_peak=14 pread=1.457s
DBG getmany L37 nw=15 wall=0.172s thr(out)1 thr(in)16 conc_peak=15 pread=2.009s
DBG getmany L38 nw=14 wall=0.175s thr(out)1 thr(in)16 conc_peak=14 pread=1.643s
DBG getmany L39 nw=14 wall=0.172s thr(out)1 thr(in)16 conc_peak=14 pread=1.745s
DBG getmany L40 nw=15 wall=0.152s thr(out)1 thr(in)16 conc_peak=15 pread=1.528s
DBG getmany L41 nw=14 wall=0.152s thr(out)1 thr(in)16 conc_peak=14 pread=1.436s
DBG getmany L42 nw=14 wall=0.150s thr(out)1 thr(in)16 conc_peak=14 pread=1.339s
DBG getmany L43 nw=16 wall=0.157s thr(out)1 thr(in)16 conc_peak=16 pread=1.612s
DBG getmany L44 nw=16 wall=0.168s thr(out)1 thr(in)16 conc_peak=16 pread=1.469s
DBG getmany L45 nw=15 wall=0.163s thr(out)1 thr(in)16 conc_peak=15 pread=1.465s
DBG getmany L46 nw=14 wall=0.140s thr(out)1 thr(in)16 conc_peak=14 pread=1.229s
DBG getmany L47 nw=14 wall=0.143s thr(out)1 thr(in)16 conc_peak=14 pread=1.257s
DBG getmany L48 nw=15 wall=0.151s thr(out)1 thr(in)16 conc_peak=15 pread=1.471s
DBG getmany L49 nw=15 wall=0.160s thr(out)1 thr(in)16 conc_peak=15 pread=1.571s
DBG getmany L50 nw=15 wall=0.151s thr(out)1 thr(in)16 conc_peak=15 pread=1.553s
DBG getmany L51 nw=14 wall=0.168s thr(out)1 thr(in)16 conc_peak=14 pread=1.572s
DBG getmany L52 nw=13 wall=0.149s thr(out)1 thr(in)16 conc_peak=13 pread=1.071s
DBG getmany L53 nw=14 wall=0.150s thr(out)1 thr(in)16 conc_peak=14 pread=1.359s
DBG getmany L54 nw=15 wall=0.152s thr(out)1 thr(in)16 conc_peak=15 pread=1.374s
DBG getmany L55 nw=13 wall=0.143s thr(out)1 thr(in)16 conc_peak=13 pread=1.139s
DBG getmany L56 nw=15 wall=0.165s thr(out)1 thr(in)16 conc_peak=15 pread=1.737s
DBG getmany L57 nw=16 wall=0.166s thr(out)1 thr(in)16 conc_peak=16 pread=1.750s
DBG getmany L58 nw=13 wall=0.135s thr(out)1 thr(in)16 conc_peak=13 pread=1.103s
DBG getmany L59 nw=13 wall=0.132s thr(out)1 thr(in)16 conc_peak=13 pread=1.165s
DBG getmany L60 nw=15 wall=0.167s thr(out)1 thr(in)16 conc_peak=15 pread=1.410s
DBG getmany L61 nw=15 wall=0.164s thr(out)1 thr(in)16 conc_peak=15 pread=1.753s
DBG getmany L62 nw=12 wall=0.132s thr(out)1 thr(in)16 conc_peak=12 pread=0.934s
DBG getmany L63 nw=13 wall=0.132s thr(out)1 thr(in)16 conc_peak=13 pread=1.107s
DBG getmany L64 nw=14 wall=0.145s thr(out)1 thr(in)16 conc_peak=14 pread=1.372s
DBG getmany L65 nw=12 wall=0.141s thr(out)1 thr(in)16 conc_peak=12 pread=1.165s
DBG getmany L66 nw=14 wall=0.137s thr(out)1 thr(in)16 conc_peak=13 pread=1.269s
DBG getmany L67 nw=14 wall=0.141s thr(out)1 thr(in)16 conc_peak=14 pread=1.231s
DBG getmany L68 nw=13 wall=0.130s thr(out)1 thr(in)16 conc_peak=13 pread=1.065s
DBG getmany L69 nw=13 wall=0.145s thr(out)1 thr(in)16 conc_peak=13 pread=1.195s
DBG getmany L70 nw=12 wall=0.138s thr(out)1 thr(in)16 conc_peak=11 pread=1.090s
DBG getmany L71 nw=14 wall=0.138s thr(out)1 thr(in)16 conc_peak=14 pread=1.392s
DBG getmany L72 nw=15 wall=0.163s thr(out)1 thr(in)16 conc_peak=15 pread=1.542s
DBG getmany L73 nw=16 wall=0.185s thr(out)1 thr(in)16 conc_peak=16 pread=2.052s
DBG getmany L74 nw=16 wall=0.165s thr(out)1 thr(in)16 conc_peak=16 pread=2.016s
DBG getmany L75 nw=16 wall=0.159s thr(out)1 thr(in)16 conc_peak=16 pread=1.749s
DBG getmany L76 nw=16 wall=0.190s thr(out)1 thr(in)16 conc_peak=16 pread=1.746s
DBG getmany L77 nw=13 wall=0.136s thr(out)1 thr(in)16 conc_peak=13 pread=1.181s
DBG getmany L78 nw=14 wall=0.150s thr(out)1 thr(in)16 conc_peak=14 pread=1.410s
DBG getmany L79 nw=14 wall=0.160s thr(out)1 thr(in)16 conc_peak=14 pread=1.502s
DBG getmany L80 nw=16 wall=0.185s thr(out)1 thr(in)16 conc_peak=16 pread=1.944s
DBG getmany L81 nw=14 wall=0.137s thr(out)1 thr(in)16 conc_peak=14 pread=1.259s
DBG getmany L82 nw=15 wall=0.182s thr(out)1 thr(in)16 conc_peak=15 pread=1.662s
DBG getmany L83 nw=13 wall=0.142s thr(out)1 thr(in)16 conc_peak=13 pread=1.025s
DBG getmany L84 nw=10 wall=0.118s thr(out)1 thr(in)16 conc_peak=10 pread=0.863s
DBG getmany L85 nw=13 wall=0.143s thr(out)1 thr(in)16 conc_peak=13 pread=1.306s
DBG getmany L86 nw=14 wall=0.137s thr(out)1 thr(in)16 conc_peak=14 pread=1.177s
DBG getmany L87 nw=13 wall=0.161s thr(out)1 thr(in)16 conc_peak=13 pread=1.490s
DBG getmany L88 nw=12 wall=0.135s thr(out)1 thr(in)16 conc_peak=12 pread=1.034s
DBG getmany L89 nw=14 wall=0.148s thr(out)1 thr(in)16 conc_peak=14 pread=1.373s
DBG getmany L90 nw=13 wall=0.154s thr(out)1 thr(in)16 conc_peak=13 pread=1.310s
DBG getmany L91 nw=12 wall=0.134s thr(out)1 thr(in)16 conc_peak=12 pread=1.175s
DBG getmany L92 nw=13 wall=0.126s thr(out)1 thr(in)16 conc_peak=13 pread=1.026s
3      12         86.25        100.0      22.50      0.012
  L2   resident=6778/14589 slots hit=100.0% read=98.76GB write=0.00GB
DBG getmany L1 nw=15 wall=0.147s thr(out)1 thr(in)16 conc_peak=15 pread=1.375s
DBG getmany L2 nw=14 wall=0.145s thr(out)1 thr(in)16 conc_peak=14 pread=1.220s
DBG getmany L3 nw=13 wall=0.141s thr(out)1 thr(in)16 conc_peak=13 pread=0.964s
DBG getmany L4 nw=13 wall=0.125s thr(out)1 thr(in)16 conc_peak=13 pread=0.991s
DBG getmany L5 nw=16 wall=0.168s thr(out)1 thr(in)16 conc_peak=16 pread=1.541s
DBG getmany L6 nw=16 wall=0.153s thr(out)1 thr(in)16 conc_peak=16 pread=1.460s
DBG getmany L7 nw=15 wall=0.152s thr(out)1 thr(in)16 conc_peak=15 pread=1.235s
DBG getmany L8 nw=16 wall=0.160s thr(out)1 thr(in)16 conc_peak=16 pread=1.658s
DBG getmany L9 nw=14 wall=0.143s thr(out)1 thr(in)16 conc_peak=14 pread=1.135s
DBG getmany L10 nw=14 wall=0.155s thr(out)1 thr(in)16 conc_peak=14 pread=1.434s
DBG getmany L11 nw=13 wall=0.148s thr(out)1 thr(in)16 conc_peak=13 pread=1.169s
DBG getmany L12 nw=15 wall=0.161s thr(out)1 thr(in)16 conc_peak=15 pread=1.697s
DBG getmany L13 nw=15 wall=0.163s thr(out)1 thr(in)16 conc_peak=15 pread=1.751s
DBG getmany L14 nw=15 wall=0.153s thr(out)1 thr(in)16 conc_peak=15 pread=1.407s
DBG getmany L15 nw=14 wall=0.140s thr(out)1 thr(in)16 conc_peak=14 pread=1.200s
DBG getmany L16 nw=14 wall=0.154s thr(out)1 thr(in)16 conc_peak=14 pread=1.660s
DBG getmany L17 nw=15 wall=0.146s thr(out)1 thr(in)16 conc_peak=15 pread=1.358s
DBG getmany L18 nw=15 wall=0.175s thr(out)1 thr(in)16 conc_peak=15 pread=1.694s
DBG getmany L19 nw=14 wall=0.163s thr(out)1 thr(in)16 conc_peak=14 pread=1.519s
DBG getmany L20 nw=14 wall=0.142s thr(out)1 thr(in)16 conc_peak=14 pread=1.238s
DBG getmany L21 nw=15 wall=0.160s thr(out)1 thr(in)16 conc_peak=15 pread=1.560s
DBG getmany L22 nw=15 wall=0.161s thr(out)1 thr(in)16 conc_peak=15 pread=1.545s
DBG getmany L23 nw=12 wall=0.129s thr(out)1 thr(in)16 conc_peak=12 pread=0.976s
DBG getmany L24 nw=13 wall=0.145s thr(out)1 thr(in)16 conc_peak=13 pread=1.223s
DBG getmany L25 nw=16 wall=0.169s thr(out)1 thr(in)16 conc_peak=16 pread=1.825s
DBG getmany L26 nw=15 wall=0.171s thr(out)1 thr(in)16 conc_peak=15 pread=1.809s
DBG getmany L27 nw=16 wall=0.172s thr(out)1 thr(in)16 conc_peak=16 pread=1.779s
DBG getmany L28 nw=15 wall=0.152s thr(out)1 thr(in)16 conc_peak=15 pread=1.473s
DBG getmany L29 nw=15 wall=0.152s thr(out)1 thr(in)16 conc_peak=15 pread=1.488s
DBG getmany L30 nw=16 wall=0.171s thr(out)1 thr(in)16 conc_peak=16 pread=1.726s
DBG getmany L31 nw=15 wall=0.173s thr(out)1 thr(in)16 conc_peak=15 pread=1.491s
DBG getmany L32 nw=14 wall=0.156s thr(out)1 thr(in)16 conc_peak=14 pread=1.519s
DBG getmany L33 nw=15 wall=0.158s thr(out)1 thr(in)16 conc_peak=15 pread=1.573s
DBG getmany L34 nw=15 wall=0.160s thr(out)1 thr(in)16 conc_peak=15 pread=1.555s
DBG getmany L35 nw=15 wall=0.171s thr(out)1 thr(in)16 conc_peak=15 pread=1.445s
DBG getmany L36 nw=15 wall=0.158s thr(out)1 thr(in)16 conc_peak=15 pread=1.616s
DBG getmany L37 nw=15 wall=0.172s thr(out)1 thr(in)16 conc_peak=15 pread=1.669s
DBG getmany L38 nw=14 wall=0.141s thr(out)1 thr(in)16 conc_peak=14 pread=1.267s
DBG getmany L39 nw=14 wall=0.140s thr(out)1 thr(in)16 conc_peak=14 pread=1.276s
DBG getmany L40 nw=15 wall=0.158s thr(out)1 thr(in)16 conc_peak=15 pread=1.687s
DBG getmany L41 nw=15 wall=0.147s thr(out)1 thr(in)16 conc_peak=15 pread=1.382s
DBG getmany L42 nw=15 wall=0.154s thr(out)1 thr(in)16 conc_peak=15 pread=1.545s
DBG getmany L43 nw=16 wall=0.165s thr(out)1 thr(in)16 conc_peak=16 pread=1.725s
DBG getmany L44 nw=16 wall=0.172s thr(out)1 thr(in)16 conc_peak=16 pread=1.756s
DBG getmany L45 nw=16 wall=0.175s thr(out)1 thr(in)16 conc_peak=16 pread=1.688s
DBG getmany L46 nw=15 wall=0.157s thr(out)1 thr(in)16 conc_peak=15 pread=1.432s
DBG getmany L47 nw=14 wall=0.156s thr(out)1 thr(in)16 conc_peak=14 pread=1.455s
DBG getmany L48 nw=15 wall=0.169s thr(out)1 thr(in)16 conc_peak=15 pread=1.600s
DBG getmany L49 nw=16 wall=0.161s thr(out)1 thr(in)16 conc_peak=16 pread=1.597s
DBG getmany L50 nw=15 wall=0.147s thr(out)1 thr(in)16 conc_peak=15 pread=1.479s
DBG getmany L51 nw=15 wall=0.174s thr(out)1 thr(in)16 conc_peak=15 pread=1.515s
DBG getmany L52 nw=13 wall=0.144s thr(out)1 thr(in)16 conc_peak=13 pread=1.103s
DBG getmany L53 nw=15 wall=0.159s thr(out)1 thr(in)16 conc_peak=15 pread=1.656s
DBG getmany L54 nw=15 wall=0.167s thr(out)1 thr(in)16 conc_peak=15 pread=1.738s
DBG getmany L55 nw=14 wall=0.145s thr(out)1 thr(in)16 conc_peak=14 pread=1.210s
DBG getmany L56 nw=15 wall=0.175s thr(out)1 thr(in)16 conc_peak=15 pread=1.754s
DBG getmany L57 nw=16 wall=0.166s thr(out)1 thr(in)16 conc_peak=16 pread=1.611s
DBG getmany L58 nw=16 wall=0.174s thr(out)1 thr(in)16 conc_peak=16 pread=1.649s
DBG getmany L59 nw=13 wall=0.153s thr(out)1 thr(in)16 conc_peak=13 pread=1.231s
DBG getmany L60 nw=16 wall=0.180s thr(out)1 thr(in)16 conc_peak=16 pread=1.877s
DBG getmany L61 nw=15 wall=0.163s thr(out)1 thr(in)16 conc_peak=15 pread=1.632s
DBG getmany L62 nw=13 wall=0.150s thr(out)1 thr(in)16 conc_peak=12 pread=1.231s
DBG getmany L63 nw=15 wall=0.190s thr(out)1 thr(in)16 conc_peak=15 pread=1.878s
DBG getmany L64 nw=14 wall=0.157s thr(out)1 thr(in)16 conc_peak=14 pread=1.466s
DBG getmany L65 nw=15 wall=0.177s thr(out)1 thr(in)16 conc_peak=15 pread=1.818s
DBG getmany L66 nw=16 wall=0.190s thr(out)1 thr(in)16 conc_peak=16 pread=2.243s
DBG getmany L67 nw=16 wall=0.190s thr(out)1 thr(in)16 conc_peak=16 pread=1.888s
DBG getmany L68 nw=14 wall=0.170s thr(out)1 thr(in)16 conc_peak=14 pread=1.600s
DBG getmany L69 nw=14 wall=0.188s thr(out)1 thr(in)16 conc_peak=14 pread=1.598s
DBG getmany L70 nw=13 wall=0.153s thr(out)1 thr(in)16 conc_peak=13 pread=1.341s
DBG getmany L71 nw=14 wall=0.163s thr(out)1 thr(in)16 conc_peak=14 pread=1.622s
DBG getmany L72 nw=16 wall=0.189s thr(out)1 thr(in)16 conc_peak=16 pread=2.127s
DBG getmany L73 nw=16 wall=0.174s thr(out)1 thr(in)16 conc_peak=16 pread=2.017s
DBG getmany L74 nw=16 wall=0.171s thr(out)1 thr(in)16 conc_peak=16 pread=1.925s
DBG getmany L75 nw=16 wall=0.171s thr(out)1 thr(in)16 conc_peak=16 pread=1.583s
DBG getmany L76 nw=16 wall=0.198s thr(out)1 thr(in)16 conc_peak=16 pread=2.181s
DBG getmany L77 nw=14 wall=0.174s thr(out)1 thr(in)16 conc_peak=14 pread=1.851s
DBG getmany L78 nw=14 wall=0.171s thr(out)1 thr(in)16 conc_peak=14 pread=1.410s
DBG getmany L79 nw=15 wall=0.176s thr(out)1 thr(in)16 conc_peak=15 pread=1.637s
DBG getmany L80 nw=16 wall=0.190s thr(out)1 thr(in)16 conc_peak=16 pread=2.030s
DBG getmany L81 nw=15 wall=0.184s thr(out)1 thr(in)16 conc_peak=15 pread=1.713s
DBG getmany L82 nw=16 wall=0.177s thr(out)1 thr(in)16 conc_peak=16 pread=1.794s
DBG getmany L83 nw=14 wall=0.144s thr(out)1 thr(in)16 conc_peak=14 pread=1.407s
DBG getmany L84 nw=13 wall=0.161s thr(out)1 thr(in)16 conc_peak=13 pread=1.248s
DBG getmany L85 nw=15 wall=0.172s thr(out)1 thr(in)16 conc_peak=15 pread=1.729s
DBG getmany L86 nw=15 wall=0.203s thr(out)1 thr(in)16 conc_peak=15 pread=1.972s
DBG getmany L87 nw=14 wall=0.159s thr(out)1 thr(in)16 conc_peak=14 pread=1.397s
DBG getmany L88 nw=13 wall=0.151s thr(out)1 thr(in)16 conc_peak=13 pread=1.328s
DBG getmany L89 nw=14 wall=0.153s thr(out)1 thr(in)16 conc_peak=14 pread=1.428s
DBG getmany L90 nw=14 wall=0.164s thr(out)1 thr(in)16 conc_peak=14 pread=1.275s
DBG getmany L91 nw=12 wall=0.139s thr(out)1 thr(in)16 conc_peak=11 pread=1.106s
DBG getmany L92 nw=15 wall=0.190s thr(out)1 thr(in)16 conc_peak=15 pread=1.692s
4      2975       88.76        100.0      23.76      0.011
  L2   resident=6778/14589 slots hit=100.0% read=122.39GB write=0.00GB
DBG getmany L1 nw=13 wall=0.166s thr(out)1 thr(in)16 conc_peak=13 pread=1.531s
DBG getmany L2 nw=12 wall=0.137s thr(out)1 thr(in)16 conc_peak=12 pread=0.947s
DBG getmany L3 nw=11 wall=0.126s thr(out)1 thr(in)16 conc_peak=11 pread=0.971s
DBG getmany L4 nw=13 wall=0.159s thr(out)1 thr(in)16 conc_peak=13 pread=1.381s
DBG getmany L5 nw=12 wall=0.128s thr(out)1 thr(in)16 conc_peak=12 pread=0.968s
DBG getmany L6 nw=16 wall=0.180s thr(out)1 thr(in)16 conc_peak=16 pread=2.014s
DBG getmany L7 nw=15 wall=0.162s thr(out)1 thr(in)16 conc_peak=14 pread=1.728s
DBG getmany L8 nw=15 wall=0.157s thr(out)1 thr(in)16 conc_peak=15 pread=1.489s
DBG getmany L9 nw=12 wall=0.129s thr(out)1 thr(in)16 conc_peak=12 pread=1.000s
DBG getmany L10 nw=11 wall=0.125s thr(out)1 thr(in)16 conc_peak=11 pread=0.957s
DBG getmany L11 nw=12 wall=0.154s thr(out)1 thr(in)16 conc_peak=12 pread=1.159s
DBG getmany L12 nw=14 wall=0.149s thr(out)1 thr(in)16 conc_peak=14 pread=1.277s
DBG getmany L13 nw=13 wall=0.157s thr(out)1 thr(in)16 conc_peak=13 pread=1.478s
DBG getmany L14 nw=14 wall=0.164s thr(out)1 thr(in)16 conc_peak=14 pread=1.610s
DBG getmany L15 nw=12 wall=0.140s thr(out)1 thr(in)16 conc_peak=12 pread=1.060s
DBG getmany L16 nw=12 wall=0.140s thr(out)1 thr(in)16 conc_peak=12 pread=1.089s
DBG getmany L17 nw=14 wall=0.161s thr(out)1 thr(in)16 conc_peak=14 pread=1.864s
DBG getmany L18 nw=13 wall=0.141s thr(out)1 thr(in)16 conc_peak=13 pread=1.209s
DBG getmany L19 nw=13 wall=0.167s thr(out)1 thr(in)16 conc_peak=13 pread=1.389s
DBG getmany L20 nw=11 wall=0.131s thr(out)1 thr(in)16 conc_peak=11 pread=0.999s
DBG getmany L21 nw=14 wall=0.144s thr(out)1 thr(in)16 conc_peak=14 pread=1.233s
DBG getmany L22 nw=13 wall=0.150s thr(out)1 thr(in)16 conc_peak=13 pread=1.324s
DBG getmany L23 nw=13 wall=0.145s thr(out)1 thr(in)16 conc_peak=13 pread=1.202s
DBG getmany L24 nw=14 wall=0.174s thr(out)1 thr(in)16 conc_peak=14 pread=1.630s
DBG getmany L25 nw=16 wall=0.185s thr(out)1 thr(in)16 conc_peak=16 pread=2.011s
DBG getmany L26 nw=11 wall=0.146s thr(out)1 thr(in)16 conc_peak=11 pread=1.131s
DBG getmany L27 nw=15 wall=0.190s thr(out)1 thr(in)16 conc_peak=15 pread=1.497s
DBG getmany L28 nw=15 wall=0.182s thr(out)1 thr(in)16 conc_peak=15 pread=1.810s
DBG getmany L29 nw=14 wall=0.162s thr(out)1 thr(in)16 conc_peak=14 pread=1.444s
DBG getmany L30 nw=14 wall=0.149s thr(out)1 thr(in)16 conc_peak=14 pread=1.405s
DBG getmany L31 nw=14 wall=0.154s thr(out)1 thr(in)16 conc_peak=14 pread=1.464s
DBG getmany L32 nw=13 wall=0.151s thr(out)1 thr(in)16 conc_peak=13 pread=1.263s
DBG getmany L33 nw=9 wall=0.106s thr(out)1 thr(in)16 conc_peak=9 pread=0.599s
DBG getmany L34 nw=15 wall=0.177s thr(out)1 thr(in)16 conc_peak=15 pread=1.611s
DBG getmany L35 nw=15 wall=0.166s thr(out)1 thr(in)16 conc_peak=15 pread=1.437s
DBG getmany L36 nw=15 wall=0.175s thr(out)1 thr(in)16 conc_peak=15 pread=1.918s
DBG getmany L37 nw=14 wall=0.157s thr(out)1 thr(in)16 conc_peak=14 pread=1.461s
DBG getmany L38 nw=11 wall=0.123s thr(out)1 thr(in)16 conc_peak=11 pread=0.929s
DBG getmany L39 nw=12 wall=0.145s thr(out)1 thr(in)16 conc_peak=12 pread=1.189s
DBG getmany L40 nw=12 wall=0.142s thr(out)1 thr(in)16 conc_peak=12 pread=0.870s
DBG getmany L41 nw=12 wall=0.138s thr(out)1 thr(in)16 conc_peak=12 pread=1.205s
DBG getmany L42 nw=9 wall=0.115s thr(out)1 thr(in)16 conc_peak=9 pread=0.728s
DBG getmany L43 nw=11 wall=0.143s thr(out)1 thr(in)16 conc_peak=11 pread=1.008s
DBG getmany L44 nw=14 wall=0.164s thr(out)1 thr(in)16 conc_peak=14 pread=1.189s
DBG getmany L45 nw=11 wall=0.134s thr(out)1 thr(in)16 conc_peak=11 pread=0.985s
DBG getmany L46 nw=11 wall=0.134s thr(out)1 thr(in)16 conc_peak=11 pread=0.790s
DBG getmany L47 nw=13 wall=0.162s thr(out)1 thr(in)16 conc_peak=13 pread=1.340s
DBG getmany L48 nw=12 wall=0.154s thr(out)1 thr(in)16 conc_peak=12 pread=1.184s
DBG getmany L49 nw=15 wall=0.179s thr(out)1 thr(in)16 conc_peak=15 pread=1.742s
DBG getmany L50 nw=13 wall=0.151s thr(out)1 thr(in)16 conc_peak=13 pread=1.396s
DBG getmany L51 nw=13 wall=0.142s thr(out)1 thr(in)16 conc_peak=12 pread=1.182s
DBG getmany L52 nw=12 wall=0.151s thr(out)1 thr(in)16 conc_peak=12 pread=1.242s
DBG getmany L53 nw=13 wall=0.155s thr(out)1 thr(in)16 conc_peak=13 pread=1.308s
DBG getmany L54 nw=14 wall=0.167s thr(out)1 thr(in)16 conc_peak=14 pread=1.307s
DBG getmany L55 nw=13 wall=0.166s thr(out)1 thr(in)16 conc_peak=13 pread=1.314s
DBG getmany L56 nw=15 wall=0.159s thr(out)1 thr(in)16 conc_peak=15 pread=1.492s
DBG getmany L57 nw=15 wall=0.169s thr(out)1 thr(in)16 conc_peak=15 pread=1.470s
DBG getmany L58 nw=10 wall=0.114s thr(out)1 thr(in)16 conc_peak=10 pread=0.752s
DBG getmany L59 nw=10 wall=0.131s thr(out)1 thr(in)16 conc_peak=10 pread=0.664s
DBG getmany L60 nw=13 wall=0.161s thr(out)1 thr(in)16 conc_peak=13 pread=1.478s
DBG getmany L61 nw=14 wall=0.156s thr(out)1 thr(in)16 conc_peak=14 pread=1.353s
DBG getmany L62 nw=10 wall=0.141s thr(out)1 thr(in)16 conc_peak=10 pread=0.982s
DBG getmany L63 nw=14 wall=0.177s thr(out)1 thr(in)16 conc_peak=14 pread=1.652s
DBG getmany L64 nw=12 wall=0.153s thr(out)1 thr(in)16 conc_peak=10 pread=1.229s
DBG getmany L65 nw=13 wall=0.170s thr(out)1 thr(in)16 conc_peak=13 pread=1.497s
DBG getmany L66 nw=13 wall=0.141s thr(out)1 thr(in)16 conc_peak=13 pread=1.182s
DBG getmany L67 nw=14 wall=0.153s thr(out)1 thr(in)16 conc_peak=14 pread=1.379s
DBG getmany L68 nw=15 wall=0.198s thr(out)1 thr(in)16 conc_peak=15 pread=1.806s
DBG getmany L69 nw=10 wall=0.114s thr(out)1 thr(in)16 conc_peak=10 pread=0.717s
DBG getmany L70 nw=8 wall=0.087s thr(out)1 thr(in)16 conc_peak=7 pread=0.470s
DBG getmany L71 nw=13 wall=0.149s thr(out)1 thr(in)16 conc_peak=13 pread=1.255s
DBG getmany L72 nw=12 wall=0.138s thr(out)1 thr(in)16 conc_peak=12 pread=1.303s
DBG getmany L73 nw=12 wall=0.153s thr(out)1 thr(in)16 conc_peak=12 pread=1.273s
DBG getmany L74 nw=9 wall=0.097s thr(out)1 thr(in)16 conc_peak=9 pread=0.546s
DBG getmany L75 nw=8 wall=0.122s thr(out)1 thr(in)16 conc_peak=8 pread=0.632s
DBG getmany L76 nw=13 wall=0.164s thr(out)1 thr(in)16 conc_peak=13 pread=1.573s
DBG getmany L77 nw=9 wall=0.124s thr(out)1 thr(in)16 conc_peak=9 pread=0.852s
DBG getmany L78 nw=10 wall=0.136s thr(out)1 thr(in)16 conc_peak=10 pread=0.930s
DBG getmany L79 nw=9 wall=0.118s thr(out)1 thr(in)16 conc_peak=9 pread=0.753s
DBG getmany L80 nw=13 wall=0.152s thr(out)1 thr(in)16 conc_peak=13 pread=1.274s
DBG getmany L81 nw=14 wall=0.170s thr(out)1 thr(in)16 conc_peak=14 pread=1.432s
DBG getmany L82 nw=13 wall=0.162s thr(out)1 thr(in)16 conc_peak=13 pread=1.369s
DBG getmany L83 nw=12 wall=0.154s thr(out)1 thr(in)16 conc_peak=12 pread=1.338s
DBG getmany L84 nw=13 wall=0.155s thr(out)1 thr(in)16 conc_peak=13 pread=1.268s
DBG getmany L85 nw=13 wall=0.146s thr(out)1 thr(in)16 conc_peak=13 pread=1.212s
DBG getmany L86 nw=12 wall=0.155s thr(out)1 thr(in)16 conc_peak=12 pread=1.252s
DBG getmany L87 nw=9 wall=0.136s thr(out)1 thr(in)16 conc_peak=9 pread=0.723s
DBG getmany L88 nw=13 wall=0.347s thr(out)1 thr(in)16 conc_peak=13 pread=2.654s
DBG getmany L89 nw=10 wall=0.141s thr(out)1 thr(in)16 conc_peak=10 pread=0.931s
DBG getmany L90 nw=10 wall=0.722s thr(out)1 thr(in)16 conc_peak=10 pread=4.394s
DBG getmany L91 nw=9 wall=1.357s thr(out)1 thr(in)16 conc_peak=9 pread=4.285s
DBG getmany L92 nw=12 wall=0.121s thr(out)1 thr(in)16 conc_peak=12 pread=0.851s
5      15         91.17        100.0      20.13      0.011
  L2   resident=6778/14589 slots hit=100.0% read=142.40GB write=0.00GB
DBG getmany L1 nw=14 wall=0.151s thr(out)1 thr(in)16 conc_peak=14 pread=1.442s
DBG getmany L2 nw=12 wall=0.132s thr(out)1 thr(in)16 conc_peak=12 pread=1.010s
DBG getmany L3 nw=10 wall=0.104s thr(out)1 thr(in)16 conc_peak=10 pread=0.648s
DBG getmany L4 nw=12 wall=0.136s thr(out)1 thr(in)16 conc_peak=12 pread=1.009s
DBG getmany L5 nw=7 wall=0.081s thr(out)1 thr(in)16 conc_peak=7 pread=0.366s
DBG getmany L6 nw=15 wall=0.158s thr(out)1 thr(in)16 conc_peak=15 pread=1.304s
DBG getmany L7 nw=14 wall=0.151s thr(out)1 thr(in)16 conc_peak=14 pread=1.446s
DBG getmany L8 nw=14 wall=0.169s thr(out)1 thr(in)16 conc_peak=14 pread=1.574s
DBG getmany L9 nw=12 wall=0.141s thr(out)1 thr(in)16 conc_peak=12 pread=1.205s
DBG getmany L10 nw=10 wall=0.116s thr(out)1 thr(in)16 conc_peak=10 pread=0.772s
DBG getmany L11 nw=12 wall=0.143s thr(out)1 thr(in)16 conc_peak=12 pread=1.043s
DBG getmany L12 nw=13 wall=0.141s thr(out)1 thr(in)16 conc_peak=13 pread=1.137s
DBG getmany L13 nw=13 wall=0.161s thr(out)1 thr(in)16 conc_peak=13 pread=1.234s
DBG getmany L14 nw=16 wall=0.192s thr(out)1 thr(in)16 conc_peak=16 pread=1.866s
DBG getmany L15 nw=14 wall=0.166s thr(out)1 thr(in)16 conc_peak=14 pread=1.498s
DBG getmany L16 nw=11 wall=0.127s thr(out)1 thr(in)16 conc_peak=11 pread=0.861s
DBG getmany L17 nw=13 wall=0.152s thr(out)1 thr(in)16 conc_peak=13 pread=1.148s
DBG getmany L18 nw=12 wall=0.146s thr(out)1 thr(in)16 conc_peak=12 pread=1.126s
DBG getmany L19 nw=14 wall=0.158s thr(out)1 thr(in)16 conc_peak=14 pread=1.576s
DBG getmany L20 nw=10 wall=0.120s thr(out)1 thr(in)16 conc_peak=10 pread=0.802s
DBG getmany L21 nw=13 wall=0.129s thr(out)1 thr(in)16 conc_peak=13 pread=1.228s
DBG getmany L22 nw=10 wall=0.111s thr(out)1 thr(in)16 conc_peak=10 pread=0.696s
DBG getmany L23 nw=12 wall=0.139s thr(out)1 thr(in)16 conc_peak=12 pread=1.002s
DBG getmany L24 nw=15 wall=0.155s thr(out)1 thr(in)16 conc_peak=15 pread=1.559s
DBG getmany L25 nw=13 wall=0.132s thr(out)1 thr(in)16 conc_peak=13 pread=1.015s
DBG getmany L26 nw=13 wall=0.146s thr(out)1 thr(in)16 conc_peak=13 pread=1.309s
DBG getmany L27 nw=15 wall=0.156s thr(out)1 thr(in)16 conc_peak=15 pread=1.558s
DBG getmany L28 nw=14 wall=0.141s thr(out)1 thr(in)16 conc_peak=10 pread=1.205s
DBG getmany L29 nw=14 wall=0.145s thr(out)1 thr(in)16 conc_peak=14 pread=1.308s
DBG getmany L30 nw=11 wall=0.133s thr(out)1 thr(in)16 conc_peak=11 pread=0.869s
DBG getmany L31 nw=13 wall=0.156s thr(out)1 thr(in)16 conc_peak=13 pread=1.219s
DBG getmany L32 nw=11 wall=0.118s thr(out)1 thr(in)16 conc_peak=11 pread=0.774s
DBG getmany L33 nw=14 wall=0.163s thr(out)1 thr(in)16 conc_peak=14 pread=1.466s
DBG getmany L34 nw=14 wall=0.141s thr(out)1 thr(in)16 conc_peak=14 pread=1.249s
DBG getmany L35 nw=11 wall=0.114s thr(out)1 thr(in)16 conc_peak=11 pread=0.823s
DBG getmany L36 nw=14 wall=0.153s thr(out)1 thr(in)16 conc_peak=14 pread=1.056s
DBG getmany L37 nw=15 wall=0.153s thr(out)1 thr(in)16 conc_peak=15 pread=1.480s
DBG getmany L38 nw=11 wall=0.119s thr(out)1 thr(in)16 conc_peak=11 pread=0.775s
DBG getmany L39 nw=14 wall=0.416s thr(out)1 thr(in)16 conc_peak=14 pread=2.102s
DBG getmany L40 nw=13 wall=0.143s thr(out)1 thr(in)16 conc_peak=13 pread=1.247s
DBG getmany L41 nw=9 wall=0.102s thr(out)1 thr(in)16 conc_peak=9 pread=0.608s
DBG getmany L42 nw=9 wall=0.117s thr(out)1 thr(in)16 conc_peak=9 pread=0.679s
DBG getmany L43 nw=9 wall=0.102s thr(out)1 thr(in)16 conc_peak=9 pread=0.579s
DBG getmany L44 nw=12 wall=0.130s thr(out)1 thr(in)16 conc_peak=12 pread=1.002s
DBG getmany L45 nw=11 wall=0.139s thr(out)1 thr(in)16 conc_peak=11 pread=0.992s
DBG getmany L46 nw=11 wall=0.139s thr(out)1 thr(in)16 conc_peak=11 pread=0.968s
DBG getmany L47 nw=11 wall=0.145s thr(out)1 thr(in)16 conc_peak=11 pread=0.991s
DBG getmany L48 nw=13 wall=0.167s thr(out)1 thr(in)16 conc_peak=13 pread=1.264s
DBG getmany L49 nw=15 wall=0.196s thr(out)1 thr(in)16 conc_peak=15 pread=1.859s
DBG getmany L50 nw=12 wall=0.135s thr(out)1 thr(in)16 conc_peak=12 pread=0.915s
DBG getmany L51 nw=12 wall=0.134s thr(out)1 thr(in)16 conc_peak=12 pread=1.059s
DBG getmany L52 nw=13 wall=0.145s thr(out)1 thr(in)16 conc_peak=13 pread=1.343s
DBG getmany L53 nw=12 wall=0.142s thr(out)1 thr(in)16 conc_peak=12 pread=1.155s
DBG getmany L54 nw=12 wall=0.128s thr(out)1 thr(in)16 conc_peak=12 pread=1.004s
DBG getmany L55 nw=12 wall=0.128s thr(out)1 thr(in)16 conc_peak=12 pread=0.946s
DBG getmany L56 nw=13 wall=0.165s thr(out)1 thr(in)16 conc_peak=13 pread=1.522s
DBG getmany L57 nw=15 wall=0.153s thr(out)1 thr(in)16 conc_peak=15 pread=1.436s
DBG getmany L58 nw=11 wall=0.129s thr(out)1 thr(in)16 conc_peak=11 pread=0.761s
DBG getmany L59 nw=9 wall=0.125s thr(out)1 thr(in)16 conc_peak=9 pread=0.766s
DBG getmany L60 nw=12 wall=0.162s thr(out)1 thr(in)16 conc_peak=12 pread=1.341s
DBG getmany L61 nw=13 wall=0.144s thr(out)1 thr(in)16 conc_peak=13 pread=1.172s
DBG getmany L62 nw=14 wall=0.152s thr(out)1 thr(in)16 conc_peak=14 pread=1.302s
DBG getmany L63 nw=12 wall=0.149s thr(out)1 thr(in)16 conc_peak=12 pread=1.208s
DBG getmany L64 nw=12 wall=0.132s thr(out)1 thr(in)16 conc_peak=12 pread=1.004s
DBG getmany L65 nw=11 wall=0.129s thr(out)1 thr(in)16 conc_peak=11 pread=0.922s
DBG getmany L66 nw=11 wall=0.119s thr(out)1 thr(in)16 conc_peak=11 pread=0.845s
DBG getmany L67 nw=13 wall=0.132s thr(out)1 thr(in)16 conc_peak=13 pread=1.045s
DBG getmany L68 nw=13 wall=0.147s thr(out)1 thr(in)16 conc_peak=13 pread=1.318s
DBG getmany L69 nw=12 wall=0.148s thr(out)1 thr(in)16 conc_peak=12 pread=1.225s
DBG getmany L70 nw=11 wall=0.116s thr(out)1 thr(in)16 conc_peak=9 pread=0.787s
DBG getmany L71 nw=14 wall=0.164s thr(out)1 thr(in)16 conc_peak=14 pread=1.418s
DBG getmany L72 nw=12 wall=0.158s thr(out)1 thr(in)16 conc_peak=12 pread=1.275s
DBG getmany L73 nw=13 wall=0.145s thr(out)1 thr(in)16 conc_peak=13 pread=1.221s
DBG getmany L74 nw=10 wall=0.128s thr(out)1 thr(in)16 conc_peak=8 pread=0.917s
DBG getmany L75 nw=10 wall=0.130s thr(out)1 thr(in)16 conc_peak=10 pread=0.867s
DBG getmany L76 nw=13 wall=0.141s thr(out)1 thr(in)16 conc_peak=13 pread=1.142s
DBG getmany L77 nw=11 wall=0.147s thr(out)1 thr(in)16 conc_peak=11 pread=1.199s
DBG getmany L78 nw=11 wall=0.128s thr(out)1 thr(in)16 conc_peak=11 pread=0.922s
DBG getmany L79 nw=10 wall=0.141s thr(out)1 thr(in)16 conc_peak=10 pread=0.858s
DBG getmany L80 nw=13 wall=0.150s thr(out)1 thr(in)16 conc_peak=13 pread=1.310s
DBG getmany L81 nw=14 wall=0.234s thr(out)1 thr(in)16 conc_peak=14 pread=1.322s
DBG getmany L82 nw=13 wall=0.143s thr(out)1 thr(in)16 conc_peak=13 pread=1.292s
DBG getmany L83 nw=12 wall=0.153s thr(out)1 thr(in)16 conc_peak=12 pread=1.196s
DBG getmany L84 nw=13 wall=0.177s thr(out)1 thr(in)16 conc_peak=13 pread=1.456s
DBG getmany L85 nw=13 wall=0.142s thr(out)1 thr(in)16 conc_peak=13 pread=1.229s
DBG getmany L86 nw=12 wall=0.153s thr(out)1 thr(in)16 conc_peak=12 pread=1.179s
DBG getmany L87 nw=10 wall=0.137s thr(out)1 thr(in)16 conc_peak=10 pread=0.867s
DBG getmany L88 nw=13 wall=0.157s thr(out)1 thr(in)16 conc_peak=13 pread=1.349s
DBG getmany L89 nw=10 wall=0.139s thr(out)1 thr(in)16 conc_peak=9 pread=0.952s
DBG getmany L90 nw=9 wall=0.112s thr(out)1 thr(in)16 conc_peak=9 pread=0.660s
DBG getmany L91 nw=9 wall=0.109s thr(out)1 thr(in)16 conc_peak=9 pread=0.660s
DBG getmany L92 nw=12 wall=0.124s thr(out)1 thr(in)16 conc_peak=12 pread=0.859s
6      3629       90.07        99.8       19.71      0.011
  L2   resident=6778/14589 slots hit=100.0% read=161.94GB write=0.00GB
DBG getmany L1 nw=15 wall=0.147s thr(out)1 thr(in)16 conc_peak=15 pread=1.460s
DBG getmany L2 nw=14 wall=0.150s thr(out)1 thr(in)16 conc_peak=14 pread=1.276s
DBG getmany L3 nw=10 wall=0.111s thr(out)1 thr(in)16 conc_peak=10 pread=0.771s
DBG getmany L4 nw=14 wall=0.154s thr(out)1 thr(in)16 conc_peak=14 pread=1.267s
DBG getmany L5 nw=13 wall=0.139s thr(out)1 thr(in)16 conc_peak=13 pread=1.013s
DBG getmany L6 nw=15 wall=0.170s thr(out)1 thr(in)16 conc_peak=15 pread=1.584s
DBG getmany L7 nw=15 wall=0.144s thr(out)1 thr(in)16 conc_peak=15 pread=1.328s
DBG getmany L8 nw=15 wall=0.168s thr(out)1 thr(in)16 conc_peak=15 pread=1.514s
DBG getmany L9 nw=15 wall=0.167s thr(out)1 thr(in)16 conc_peak=15 pread=1.340s
DBG getmany L10 nw=12 wall=0.132s thr(out)1 thr(in)16 conc_peak=12 pread=1.116s
DBG getmany L11 nw=13 wall=0.229s thr(out)1 thr(in)16 conc_peak=13 pread=2.049s
DBG getmany L12 nw=13 wall=0.146s thr(out)1 thr(in)16 conc_peak=13 pread=1.165s
DBG getmany L13 nw=15 wall=0.183s thr(out)1 thr(in)16 conc_peak=15 pread=1.594s
DBG getmany L14 nw=16 wall=0.168s thr(out)1 thr(in)16 conc_peak=16 pread=1.656s
DBG getmany L15 nw=15 wall=0.150s thr(out)1 thr(in)16 conc_peak=15 pread=1.395s
DBG getmany L16 nw=14 wall=0.165s thr(out)1 thr(in)16 conc_peak=14 pread=1.302s
DBG getmany L17 nw=13 wall=0.154s thr(out)1 thr(in)16 conc_peak=13 pread=1.465s
DBG getmany L18 nw=11 wall=0.132s thr(out)1 thr(in)16 conc_peak=11 pread=0.860s
DBG getmany L19 nw=15 wall=0.160s thr(out)1 thr(in)16 conc_peak=15 pread=1.485s
DBG getmany L20 nw=12 wall=0.122s thr(out)1 thr(in)16 conc_peak=12 pread=0.863s
DBG getmany L21 nw=14 wall=0.161s thr(out)1 thr(in)16 conc_peak=14 pread=1.655s
DBG getmany L22 nw=14 wall=0.147s thr(out)1 thr(in)16 conc_peak=14 pread=1.303s
DBG getmany L23 nw=14 wall=0.152s thr(out)1 thr(in)16 conc_peak=14 pread=1.204s
DBG getmany L24 nw=15 wall=0.171s thr(out)1 thr(in)16 conc_peak=15 pread=1.763s
DBG getmany L25 nw=13 wall=0.165s thr(out)1 thr(in)16 conc_peak=13 pread=1.352s
DBG getmany L26 nw=14 wall=0.162s thr(out)1 thr(in)16 conc_peak=14 pread=1.352s
DBG getmany L27 nw=16 wall=0.165s thr(out)1 thr(in)16 conc_peak=16 pread=1.625s
DBG getmany L28 nw=15 wall=0.153s thr(out)1 thr(in)16 conc_peak=15 pread=1.417s
DBG getmany L29 nw=13 wall=0.134s thr(out)1 thr(in)16 conc_peak=13 pread=1.086s
DBG getmany L30 nw=12 wall=0.153s thr(out)1 thr(in)16 conc_peak=12 pread=1.259s
DBG getmany L31 nw=15 wall=0.171s thr(out)1 thr(in)16 conc_peak=15 pread=1.854s
DBG getmany L32 nw=12 wall=0.125s thr(out)1 thr(in)16 conc_peak=12 pread=0.964s
DBG getmany L33 nw=14 wall=0.153s thr(out)1 thr(in)16 conc_peak=14 pread=1.537s
DBG getmany L34 nw=13 wall=0.154s thr(out)1 thr(in)16 conc_peak=13 pread=1.319s
DBG getmany L35 nw=13 wall=0.143s thr(out)1 thr(in)16 conc_peak=13 pread=1.233s
DBG getmany L36 nw=13 wall=0.125s thr(out)1 thr(in)16 conc_peak=13 pread=1.114s
DBG getmany L37 nw=14 wall=0.138s thr(out)1 thr(in)16 conc_peak=14 pread=1.166s
DBG getmany L38 nw=12 wall=0.122s thr(out)1 thr(in)16 conc_peak=12 pread=0.941s
DBG getmany L39 nw=13 wall=0.138s thr(out)1 thr(in)16 conc_peak=13 pread=1.169s
DBG getmany L40 nw=13 wall=0.146s thr(out)1 thr(in)16 conc_peak=13 pread=1.240s
DBG getmany L41 nw=11 wall=0.122s thr(out)1 thr(in)16 conc_peak=11 pread=0.828s
DBG getmany L42 nw=9 wall=0.090s thr(out)1 thr(in)16 conc_peak=9 pread=0.493s
DBG getmany L43 nw=10 wall=0.129s thr(out)1 thr(in)16 conc_peak=10 pread=0.889s
DBG getmany L44 nw=13 wall=0.140s thr(out)1 thr(in)16 conc_peak=9 pread=1.123s
DBG getmany L45 nw=14 wall=0.149s thr(out)1 thr(in)16 conc_peak=14 pread=1.404s
DBG getmany L46 nw=13 wall=0.147s thr(out)1 thr(in)16 conc_peak=13 pread=1.109s
DBG getmany L47 nw=13 wall=0.138s thr(out)1 thr(in)16 conc_peak=13 pread=1.208s
DBG getmany L48 nw=12 wall=0.144s thr(out)1 thr(in)16 conc_peak=12 pread=1.140s
DBG getmany L49 nw=15 wall=0.197s thr(out)1 thr(in)16 conc_peak=15 pread=1.853s
DBG getmany L50 nw=14 wall=0.165s thr(out)1 thr(in)16 conc_peak=14 pread=1.511s
DBG getmany L51 nw=12 wall=0.159s thr(out)1 thr(in)16 conc_peak=11 pread=1.218s
DBG getmany L52 nw=12 wall=0.141s thr(out)1 thr(in)16 conc_peak=12 pread=1.153s
DBG getmany L53 nw=13 wall=0.157s thr(out)1 thr(in)16 conc_peak=13 pread=1.278s
DBG getmany L54 nw=12 wall=0.142s thr(out)1 thr(in)16 conc_peak=12 pread=1.013s
DBG getmany L55 nw=15 wall=0.173s thr(out)1 thr(in)16 conc_peak=15 pread=1.790s
DBG getmany L56 nw=13 wall=0.158s thr(out)1 thr(in)16 conc_peak=13 pread=1.293s
DBG getmany L57 nw=16 wall=0.172s thr(out)1 thr(in)16 conc_peak=16 pread=1.735s
DBG getmany L58 nw=11 wall=0.150s thr(out)1 thr(in)16 conc_peak=11 pread=1.013s
DBG getmany L59 nw=11 wall=0.131s thr(out)1 thr(in)16 conc_peak=11 pread=0.791s
DBG getmany L60 nw=13 wall=0.150s thr(out)1 thr(in)16 conc_peak=13 pread=1.301s
DBG getmany L61 nw=15 wall=0.150s thr(out)1 thr(in)16 conc_peak=15 pread=1.361s
DBG getmany L62 nw=12 wall=0.143s thr(out)1 thr(in)16 conc_peak=12 pread=1.215s
DBG getmany L63 nw=13 wall=0.157s thr(out)1 thr(in)16 conc_peak=13 pread=1.245s
DBG getmany L64 nw=13 wall=0.157s thr(out)1 thr(in)16 conc_peak=13 pread=1.362s
DBG getmany L65 nw=13 wall=0.157s thr(out)1 thr(in)16 conc_peak=13 pread=1.377s
DBG getmany L66 nw=13 wall=0.130s thr(out)1 thr(in)16 conc_peak=13 pread=1.101s
DBG getmany L67 nw=13 wall=0.241s thr(out)1 thr(in)16 conc_peak=13 pread=0.933s
DBG getmany L68 nw=15 wall=0.261s thr(out)1 thr(in)16 conc_peak=15 pread=1.360s
DBG getmany L69 nw=13 wall=0.235s thr(out)1 thr(in)16 conc_peak=13 pread=1.037s
DBG getmany L70 nw=12 wall=0.505s thr(out)1 thr(in)16 conc_peak=12 pread=0.901s
DBG getmany L71 nw=13 wall=0.222s thr(out)1 thr(in)16 conc_peak=13 pread=1.146s
DBG getmany L72 nw=12 wall=0.470s thr(out)1 thr(in)16 conc_peak=12 pread=0.903s
DBG getmany L73 nw=14 wall=0.400s thr(out)1 thr(in)16 conc_peak=14 pread=1.141s
DBG getmany L74 nw=9 wall=0.349s thr(out)1 thr(in)16 conc_peak=9 pread=0.423s
DBG getmany L75 nw=11 wall=0.454s thr(out)1 thr(in)16 conc_peak=11 pread=0.691s
DBG getmany L76 nw=11 wall=0.334s thr(out)1 thr(in)16 conc_peak=11 pread=0.930s
DBG getmany L77 nw=12 wall=0.328s thr(out)1 thr(in)16 conc_peak=12 pread=1.040s
DBG getmany L78 nw=12 wall=0.259s thr(out)1 thr(in)16 conc_peak=12 pread=0.883s
DBG getmany L79 nw=10 wall=0.247s thr(out)1 thr(in)16 conc_peak=10 pread=0.643s
DBG getmany L80 nw=14 wall=0.485s thr(out)1 thr(in)16 conc_peak=14 pread=1.274s
DBG getmany L81 nw=15 wall=0.436s thr(out)1 thr(in)16 conc_peak=15 pread=1.425s
DBG getmany L82 nw=13 wall=0.346s thr(out)1 thr(in)16 conc_peak=13 pread=0.979s
DBG getmany L83 nw=11 wall=0.209s thr(out)1 thr(in)16 conc_peak=11 pread=0.669s
DBG getmany L84 nw=15 wall=0.552s thr(out)1 thr(in)16 conc_peak=15 pread=1.285s
DBG getmany L85 nw=13 wall=0.309s thr(out)1 thr(in)16 conc_peak=13 pread=0.967s
DBG getmany L86 nw=13 wall=0.680s thr(out)1 thr(in)16 conc_peak=13 pread=1.016s
DBG getmany L87 nw=11 wall=0.413s thr(out)1 thr(in)16 conc_peak=11 pread=0.741s
DBG getmany L88 nw=13 wall=0.314s thr(out)1 thr(in)16 conc_peak=13 pread=1.117s
DBG getmany L89 nw=9 wall=0.246s thr(out)1 thr(in)16 conc_peak=9 pread=0.435s
DBG getmany L90 nw=11 wall=0.243s thr(out)1 thr(in)16 conc_peak=11 pread=0.829s
DBG getmany L91 nw=11 wall=0.219s thr(out)1 thr(in)16 conc_peak=11 pread=0.829s
DBG getmany L92 nw=14 wall=0.289s thr(out)1 thr(in)16 conc_peak=14 pread=0.968s
7      1389       95.23        100.0      21.02      0.011
  L2   resident=6779/14589 slots hit=99.8% read=182.47GB write=0.46GB
--------------------------------------------------------------------
8 tokens in 816.3 s, 102.04 s/token average
PEAK RSS for the whole run: 22.88 GB   <- quote this, not the plan
layers completed: 93/93; routed expert drops: 0


[chip] simulated MXFP4 GEMV bill over 9 tokens
  11776 expert chains | 777925951488 flops | 206636580864 bytes (206.64 GB)
  per token: 1308 chains | 22.96 GB | 0.09 Gflops
  compute wall @ 4 TFLOPS : 0.19 s (21.61 ms/token)
  bandwidth wall @ 200 GB/s : 1.03 s (114.80 ms/token)
  -> bandwidth-bound; to be compute-bound at 4 TFLOPS this needs 1062 GB/s
  expert fetch (host wall, measured): 162.90 s moving 206.64 GB = 1 GB/s
  chip pool wall (measured): 319.46 s

cache [final step]
  slots        : 784 of 17.56 MB = 13.76 GB arena (784 resident, 0 pinned)
  requests     : 1472  hits 1472 (100.00%)  misses 0  evictions 1198
  of those hits : 1198 came from the batch prefetch, i.e. read from disk
                  this token; TRUE resident hit rate 18.61%
  read from disk: 21.02 GB in 18.97 s (1108 MB/s while loading)
  phase2 i/o    : 21.03 GB in 18.97 s (1109 MB/s)  [pure parallel disk read]
l2cache [final step]
  requests     : 10426  hits 10400 (99.75%)  misses 26
  read  from sdd7: 182.47 GB, written 0.46 GB
  hit I/O   : 182.47 GB in 147.85 s (wall) = 1234 MB/s [pread 1452.33 s, 126 MB/s per-thread]
  miss I/O  : 26 misses, 0.46 GB from /model in 2.61 s (wall) = 175 MB/s
  restored from meta: 6778 slots

wrote /mnt/f/kimi-k3-in-c/reports/gateab_ab/v1_nokio-20260926_134011/ctrl.json
I/O share of wall clock: 91.5%  (trunk 596.1 s + experts 151.1 s of 816.3 s)
  both figures are WHOLE-RUN totals over 8 steps
  experts, whole run: 183.61 GB read | 2096 of 11776 requests retained in RAM (17.80%) | 9680 evictions
    (retention = requests - evictions; the raw `hits` counter includes
     experts the prefetcher had just read from disk, so it is not a
     measure of avoided I/O)

trunk [final]
  pinned 1/93 layers, ring 2 slots
  binds 744, hits 7 (0.9%), reads 737
  read 436.45 GB in 470.58 s (927 MB/s pread) + 125.49 s parked on the expert gate
  per-layer loads [L]=count: 0=1 1=8 2=8 3=8 4=8 5=8 6=8 7=8 8=8 9=8 10=8 11=8 12=8 13=8 14=8 15=8 16=8 17=8 18=8 19=8 20=8 21=8 22=8 23=8 24=8 25=8 26=8 27=8 28=8 29=8 30=8 31=8 32=8 33=8 34=8 35=8 36=8 37=8 38=8 39=8 40=8 41=8 42=8 43=8 44=8 45=8 46=8 47=8 48=8 49=8 50=8 51=8 52=8 53=8 54=8 55=8 56=8 57=8 58=8 59=8 60=8 61=8 62=8 63=8 64=8 65=8 66=8 67=8 68=8 69=8 70=8 71=8 72=8 73=8 74=8 75=8 76=8 77=8 78=8 79=8 80=8 81=8 82=8 83=8 84=8 85=8 86=8 87=8 88=8 89=8 90=8 91=8 92=8
  bind wall 56.33 s over 744 binds; read 470.58 + widen 4.23 = 474.81 s of device work,
                    of which 418.48 s (88%) overlapped compute on the reader thread
  widen breakdown: find 419 ms (19640)  copy 0 ms (9184)  deq 3790 ms (6320)  timed 4 s of widen 4.23 s
TIME_ELAPSED=943.09
