k3 chip: 4 workers, 4 TFLOPS, 200 GB/s simulated wall
DBG fwd prefill g=0 T=6 base=0 nT0=6 cached=0
DBG getmany L1 nw=16 wall=0.871s thr(out)1 thr(in)16 conc_peak=16 pread=3.876s
DBG getmany L2 nw=16 wall=0.209s thr(out)1 thr(in)16 conc_peak=16 pread=2.401s
DBG getmany L3 nw=16 wall=0.229s thr(out)1 thr(in)16 conc_peak=16 pread=2.471s
DBG getmany L1 nw=14 wall=0.191s thr(out)1 thr(in)16 conc_peak=14 pread=1.898s
DBG getmany L2 nw=16 wall=0.215s thr(out)1 thr(in)16 conc_peak=16 pread=2.498s
DBG getmany L3 nw=13 wall=0.184s thr(out)1 thr(in)16 conc_peak=13 pread=1.692s
DBG getmany L1 nw=15 wall=0.253s thr(out)1 thr(in)16 conc_peak=15 pread=1.951s
DBG getmany L2 nw=13 wall=0.171s thr(out)1 thr(in)16 conc_peak=13 pread=1.563s
DBG getmany L3 nw=13 wall=0.175s thr(out)1 thr(in)16 conc_peak=13 pread=1.609s
DBG getmany L1 nw=16 wall=0.396s thr(out)1 thr(in)16 conc_peak=16 pread=2.151s
DBG getmany L2 nw=13 wall=0.174s thr(out)1 thr(in)16 conc_peak=13 pread=1.586s
DBG getmany L3 nw=8 wall=0.117s thr(out)1 thr(in)16 conc_peak=8 pread=0.692s
DBG getmany L1 nw=11 wall=2.775s thr(out)1 thr(in)16 conc_peak=11 pread=0.132s
DBG getmany L2 nw=12 wall=1.771s thr(out)1 thr(in)16 conc_peak=12 pread=0.404s
DBG getmany L3 nw=7 wall=0.546s thr(out)1 thr(in)16 conc_peak=7 pread=0.415s
DBG getmany L1 nw=15 wall=4.594s thr(out)1 thr(in)16 conc_peak=15 pread=0.000s
DBG getmany L2 nw=12 wall=2.762s thr(out)1 thr(in)16 conc_peak=12 pread=0.076s
DBG getmany L3 nw=4 wall=0.555s thr(out)1 thr(in)16 conc_peak=4 pread=0.153s
DBG getmany L4 nw=16 wall=2.716s thr(out)1 thr(in)16 conc_peak=16 pread=1.589s
DBG getmany L5 nw=16 wall=2.988s thr(out)1 thr(in)16 conc_peak=16 pread=1.043s
DBG getmany L6 nw=16 wall=7.273s thr(out)1 thr(in)16 conc_peak=16 pread=1.175s
DBG getmany L7 nw=16 wall=5.642s thr(out)1 thr(in)16 conc_peak=16 pread=1.283s
DBG getmany L4 nw=14 wall=0.846s thr(out)1 thr(in)16 conc_peak=14 pread=1.639s
DBG getmany L5 nw=15 wall=1.086s thr(out)1 thr(in)16 conc_peak=15 pread=1.915s
DBG getmany L6 nw=16 wall=13.793s thr(out)1 thr(in)16 conc_peak=16 pread=6.944s
DBG getmany L7 nw=15 wall=1.127s thr(out)1 thr(in)16 conc_peak=15 pread=1.701s
DBG getmany L4 nw=9 wall=0.697s thr(out)1 thr(in)16 conc_peak=9 pread=0.923s
DBG getmany L5 nw=14 wall=2.564s thr(out)1 thr(in)16 conc_peak=14 pread=0.907s
DBG getmany L6 nw=14 wall=4.950s thr(out)1 thr(in)16 conc_peak=14 pread=1.143s
DBG getmany L7 nw=12 wall=1.043s thr(out)1 thr(in)16 conc_peak=12 pread=1.051s
DBG getmany L4 nw=6 wall=0.292s thr(out)1 thr(in)16 conc_peak=6 pread=0.342s
DBG getmany L5 nw=11 wall=1.173s thr(out)1 thr(in)16 conc_peak=11 pread=1.283s
DBG getmany L6 nw=11 wall=3.489s thr(out)1 thr(in)16 conc_peak=11 pread=1.663s
DBG getmany L7 nw=9 wall=1.142s thr(out)1 thr(in)16 conc_peak=9 pread=0.593s
DBG getmany L5 nw=5 wall=1.888s thr(out)1 thr(in)16 conc_peak=5 pread=0.060s
DBG getmany L6 nw=6 wall=3.543s thr(out)1 thr(in)16 conc_peak=5 pread=0.000s
DBG getmany L7 nw=7 wall=1.704s thr(out)1 thr(in)16 conc_peak=7 pread=0.094s
DBG getmany L4 nw=3 wall=0.542s thr(out)1 thr(in)16 conc_peak=3 pread=0.089s
DBG getmany L5 nw=6 wall=2.318s thr(out)1 thr(in)16 conc_peak=6 pread=0.000s
DBG getmany L6 nw=2 wall=0.806s thr(out)1 thr(in)16 conc_peak=2 pread=0.000s
DBG getmany L7 nw=5 wall=0.918s thr(out)1 thr(in)16 conc_peak=5 pread=0.040s
DBG getmany L8 nw=16 wall=5.238s thr(out)1 thr(in)16 conc_peak=16 pread=0.140s
DBG getmany L9 nw=1 wall=0.537s thr(out)1 thr(in)16 conc_peak=1 pread=0.000s
DBG getmany L10 nw=1 wall=0.649s thr(out)1 thr(in)16 conc_peak=1 pread=0.000s
DBG getmany L11 nw=1 wall=0.657s thr(out)1 thr(in)16 conc_peak=1 pread=0.000s
DBG getmany L8 nw=16 wall=6.030s thr(out)1 thr(in)16 conc_peak=16 pread=0.069s
DBG getmany L8 nw=12 wall=4.843s thr(out)1 thr(in)16 conc_peak=12 pread=0.018s
DBG getmany L8 nw=10 wall=4.004s thr(out)1 thr(in)16 conc_peak=10 pread=0.031s
DBG getmany L8 nw=7 wall=1.960s thr(out)1 thr(in)16 conc_peak=4 pread=0.250s
DBG getmany L8 nw=4 wall=5.276s thr(out)1 thr(in)16 conc_peak=4 pread=0.000s
config: /model/config.json (nested shape) | hidden=7168 layers=93 vocab=163840 | 24 MLA + 69 KDA | experts 896 top16 shared2 | latent=3584
NOTE: binding only the first 12 of 93 layers. Output is NOT the full model; it is a partial stack for testing the machinery.

  KV cache : 21.33 MB for 9 positions (2.37 MB/position)
Kimi K3, pure C, released checkpoint
  model    : /model
  prompt   : 6 tokens, generating 2

indexed 497220 tensors from 96 shards in 8.00 s
trunk on disk : 15.16 GB total (STREAMED from /mnt/nvme/trunk_layers_out, not held in RAM)

memory plan
  trunk (STREAMED) 12.00 GB
  embed + lm_head  4.70 GB
  expert cache     8.00 GB
  recurrent state  80.81 MB
  buffers          7.35 MB
  KV cache         21.29 MB
  TOTAL            24.81 GB
  available        28.53 GB

k3_trunk: trunk.bin absent - using per-layer slices (layer_%03d.bin)
trunk stream: 56.60 GB packed, 6/93 layers PINNED (9.30 GB), ring 2 x 1.30 GB
              reads use buffered I/O
              ring holds 2 slots: layers repeat over ~2 tokens, so recent ones are reused instead of re-read
trunk streaming enabled from /mnt/nvme/trunk_layers_out in 0.0 s
embedding, final norm and lm_head: 4.70 GB in 97.5 s

expert L2 cache enabled: 11397 slots x 17.55 MB = 199.99 GB on /mnt/nvme/experts.l2
expert L2 eviction policy: heat
peak RSS after loading weights: 4.78 GB  (the plan above is a forecast, this is measured)
expert cache: 455 slots x 17.56 MB = 7.99 GB (0.55% of the 1.45 TB expert pool)

recurrent state for 12 layers: 80.81 MB

incremental decode: KV cache 2.66 MB for 3 MLA layers at 9 positions

STEP   TOKEN      SECONDS      CACHE HIT  READ GB    TOK/S
--------------------------------------------------------------------
0      0          164.02       100.0      9.53       0.006
  L2   resident=6298/11397 slots hit=64.8% read=5.88GB write=3.65GB
DBG fwd gen g=1 T=6 base=6 cached=6 loop=1
DBG fwd loop g=1 T=6 base=6 remaining=2
DBG getmany L1 nw=13 wall=7.364s thr(out)1 thr(in)16 conc_peak=13 pread=4.000s
DBG getmany L2 nw=10 wall=2.670s thr(out)1 thr(in)16 conc_peak=10 pread=1.473s
DBG getmany L3 nw=4 wall=1.242s thr(out)1 thr(in)16 conc_peak=4 pread=0.307s
DBG getmany L1 nw=5 wall=2.814s thr(out)1 thr(in)16 conc_peak=5 pread=0.265s
DBG getmany L2 nw=4 wall=2.362s thr(out)1 thr(in)16 conc_peak=4 pread=0.000s
DBG getmany L3 nw=1 wall=0.473s thr(out)1 thr(in)16 conc_peak=1 pread=0.470s
DBG getmany L4 nw=2 wall=0.685s thr(out)1 thr(in)16 conc_peak=2 pread=0.091s
DBG getmany L5 nw=3 wall=1.795s thr(out)1 thr(in)16 conc_peak=3 pread=0.000s
DBG getmany L6 nw=7 wall=4.371s thr(out)1 thr(in)16 conc_peak=7 pread=1.619s
DBG getmany L7 nw=5 wall=2.571s thr(out)1 thr(in)16 conc_peak=5 pread=0.204s
DBG getmany L4 nw=2 wall=0.776s thr(out)1 thr(in)16 conc_peak=2 pread=0.293s
DBG getmany L5 nw=6 wall=2.100s thr(out)1 thr(in)16 conc_peak=6 pread=0.735s
DBG getmany L7 nw=5 wall=1.460s thr(out)1 thr(in)16 conc_peak=3 pread=1.185s
DBG getmany L8 nw=4 wall=1.640s thr(out)1 thr(in)16 conc_peak=4 pread=0.119s
DBG getmany L8 nw=4 wall=0.698s thr(out)1 thr(in)16 conc_peak=4 pread=0.896s
1      0          52.95        100.0      1.32       0.019
  L2   resident=6298/11397 slots hit=60.5% read=6.25GB write=4.60GB
--------------------------------------------------------------------
2 tokens in 217.0 s, 108.49 s/token average
PEAK RSS for the whole run: 19.69 GB   <- quote this, not the plan
layers completed: 12/12; routed expert drops: 0


[chip] simulated MXFP4 GEMV bill over 8 tokens
  1408 expert chains | 93012885504 flops | 24706547712 bytes (24.71 GB)
  per token: 176 chains | 3.09 GB | 0.01 Gflops
  compute wall @ 4 TFLOPS : 0.02 s (2.91 ms/token)
  bandwidth wall @ 200 GB/s : 0.12 s (15.44 ms/token)
  -> bandwidth-bound; to be compute-bound at 4 TFLOPS this needs 1062 GB/s
  expert fetch (host wall, measured): 141.39 s moving 24.71 GB = 0 GB/s
  chip pool wall (measured): 10.61 s

cache [final step]
  slots        : 455 of 17.56 MB = 7.99 GB arena (455 resident, 0 pinned)
  requests     : 352  hits 352 (100.00%)  misses 0  evictions 75
  of those hits : 75 came from the batch prefetch, i.e. read from disk
                  this token; TRUE resident hit rate 78.69%
  read from disk: 1.32 GB in 33.02 s (40 MB/s while loading)
  phase2 i/o    : 1.32 GB in 33.02 s (40 MB/s)  [pure parallel disk read]
l2cache [final step]
  requests     : 588  hits 356 (60.54%)  misses 232
  read  from sdd7: 6.25 GB, written 4.60 GB
  hit I/O   : 6.25 GB in 12.52 s (wall) = 499 MB/s [pread 63.23 s, 99 MB/s per-thread]
  miss I/O  : 232 misses, 4.07 GB from /model in 128.44 s (wall) = 32 MB/s
  restored from meta: 6298 slots

wrote reports/loop_root_182331/b.json
I/O share of wall clock: 76.9%  (trunk 26.0 s + experts 141.0 s of 217.0 s)
  both figures are WHOLE-RUN totals over 2 steps
  experts, whole run: 10.84 GB read | 1245 of 1408 requests retained in RAM (88.42%) | 163 evictions
    (retention = requests - evictions; the raw `hits` counter includes
     experts the prefetcher had just read from disk, so it is not a
     measure of avoided I/O)

trunk [final]
  pinned 6/93 layers, ring 2 slots
  binds 24, hits 6 (25.0%), reads 18
  read 12.25 GB in 25.98 s (472 MB/s pread) + 0.00 s parked on the expert gate
  per-layer loads [L]=count: 0=1 1=1 2=1 3=1 4=1 5=1 6=2 7=2 8=2 9=2 10=2 11=2 12=0 13=0 14=0 15=0 16=0 17=0 18=0 19=0 20=0 21=0 22=0 23=0 24=0 25=0 26=0 27=0 28=0 29=0 30=0 31=0 32=0 33=0 34=0 35=0 36=0 37=0 38=0 39=0 40=0 41=0 42=0 43=0 44=0 45=0 46=0 47=0 48=0 49=0 50=0 51=0 52=0 53=0 54=0 55=0 56=0 57=0 58=0 59=0 60=0 61=0 62=0 63=0 64=0 65=0 66=0 67=0 68=0 69=0 70=0 71=0 72=0 73=0 74=0 75=0 76=0 77=0 78=0 79=0 80=0 81=0 82=0 83=0 84=0 85=0 86=0 87=0 88=0 89=0 90=0 91=0 92=0
  bind wall 27.85 s over 24 binds  =  read 25.98 + widen 1.88 + other 0.00
                    shares:      read 93%  widen 7%  other 0%
  widen breakdown: find 1 ms (626)  copy 0 ms (274)  deq 1875 ms (200)  timed 2 s of widen 1.88 s
