k3 chip: 4 workers, 4 TFLOPS, 200 GB/s simulated wall
DBG fwd_inner loop_outer=1 loop_serial=1 T=6
DBG getmany L1 nw=64 wall=0.611s thr(out)1 thr(in)16 conc_peak=16 pread=8.883s
config: /model/config.json (nested shape) | hidden=7168 layers=93 vocab=163840 | 24 MLA + 69 KDA | experts 896 top16 shared2 | latent=3584
NOTE: binding only the first 2 of 93 layers. Output is NOT the full model; it is a partial stack for testing the machinery.

  KV cache : 18.96 MB for 8 positions (2.37 MB/position)
Kimi K3, pure C, released checkpoint
  model    : /model
  prompt   : 6 tokens, generating 1

indexed 497220 tensors from 96 shards in 0.52 s
trunk on disk : 3.62 GB total (STREAMED from /mnt/nvme/trunk_layers_out, not held in RAM)

memory plan
  trunk (STREAMED) 12.00 GB
  embed + lm_head  4.70 GB
  expert cache     8.00 GB
  recurrent state  13.47 MB
  buffers          6.68 MB
  KV cache         18.92 MB
  TOTAL            24.74 GB
  available        28.62 GB

k3_trunk: trunk.bin absent - using per-layer slices (layer_%03d.bin)
trunk stream: 56.60 GB packed, 4/93 layers PINNED (6.70 GB), ring 4 x 1.30 GB
              reads use buffered I/O
              ring holds 4 slots: layers repeat over ~4 tokens, so recent ones are reused instead of re-read
trunk streaming enabled from /mnt/nvme/trunk_layers_out in 0.0 s
embedding, final norm and lm_head: 4.70 GB in 3.2 s

expert L2 cache enabled: 11397 slots x 17.55 MB = 199.99 GB on /mnt/nvme/experts.l2
expert L2 eviction policy: heat
peak RSS after loading weights: 4.78 GB  (the plan above is a forecast, this is measured)
expert cache: 455 slots x 17.56 MB = 7.99 GB (0.55% of the 1.45 TB expert pool)

recurrent state for 2 layers: 13.47 MB

incremental decode: KV cache 0.00 B for 0 MLA layers at 8 positions

STEP   TOKEN      SECONDS      CACHE HIT  READ GB    TOK/S
--------------------------------------------------------------------
0      0          11.23        73.6       1.53       0.089
  L2   resident=6298/11397 slots hit=100.0% read=1.12GB write=0.00GB
DBG fwd_inner loop_outer=1 loop_serial=1 T=1
DBG std2 L=0 hnorm_last=0.602
DBG getmany L1 nw=10 wall=3.562s thr(out)1 thr(in)16 conc_peak=10 pread=24.681s
DBG std2 L=1 hnorm_last=1.374
1      101828     4.00         100.0      0.18       0.250
  L2   resident=6298/11397 slots hit=100.0% read=1.30GB write=0.00GB
--------------------------------------------------------------------
1 tokens in 15.2 s, 15.24 s/token average
PEAK RSS for the whole run: 9.52 GB   <- quote this, not the plan
layers completed: 2/2; routed expert drops: 0


[chip] simulated MXFP4 GEMV bill over 7 tokens
  112 expert chains | 7398752256 flops | 1965293568 bytes (1.97 GB)
  per token: 16 chains | 0.28 GB | 0.00 Gflops
  compute wall @ 4 TFLOPS : 0.00 s (0.26 ms/token)
  bandwidth wall @ 200 GB/s : 0.01 s (1.40 ms/token)
  -> bandwidth-bound; to be compute-bound at 4 TFLOPS this needs 1062 GB/s
  expert fetch (host wall, measured): 8.34 s moving 1.81 GB = 0 GB/s
  chip pool wall (measured): 1.93 s

cache [final step]
  slots        : 455 of 17.56 MB = 7.99 GB arena (97 resident, 0 pinned)
  requests     : 16  hits 16 (100.00%)  misses 0  evictions 0
  of those hits : 10 came from the batch prefetch, i.e. read from disk
                  this token; TRUE resident hit rate 37.50%
  read from disk: 0.18 GB in 3.56 s (49 MB/s while loading)
  phase2 i/o    : 0.18 GB in 3.56 s (49 MB/s)  [pure parallel disk read]
l2cache [final step]
  requests     : 74  hits 74 (100.00%)  misses 0
  read  from sdd7: 1.30 GB, written 0.00 GB
  hit I/O   : 1.30 GB in 4.17 s (wall) = 311 MB/s [pread 33.56 s, 39 MB/s per-thread]
  miss I/O  : 0 misses, 0.00 GB from /model in 0.00 s (wall) = 0 MB/s
  restored from meta: 6298 slots

wrote reports/loop_ptr_220321/b.json
I/O share of wall clock: 74.9%  (trunk 3.1 s + experts 8.3 s of 15.2 s)
  both figures are WHOLE-RUN totals over 1 steps
  experts, whole run: 1.70 GB read | 103 of 103 requests retained in RAM (100.00%) | 0 evictions
    (retention = requests - evictions; the raw `hits` counter includes
     experts the prefetcher had just read from disk, so it is not a
     measure of avoided I/O)

trunk [final]
  pinned 4/93 layers, ring 4 slots
  binds 4, hits 2 (50.0%), reads 2
  read 2.99 GB in 3.08 s (971 MB/s pread) + 0.00 s parked on the expert gate
  per-layer loads [L]=count: 0=1 1=1 2=0 3=0 4=0 5=0 6=0 7=0 8=0 9=0 10=0 11=0 12=0 13=0 14=0 15=0 16=0 17=0 18=0 19=0 20=0 21=0 22=0 23=0 24=0 25=0 26=0 27=0 28=0 29=0 30=0 31=0 32=0 33=0 34=0 35=0 36=0 37=0 38=0 39=0 40=0 41=0 42=0 43=0 44=0 45=0 46=0 47=0 48=0 49=0 50=0 51=0 52=0 53=0 54=0 55=0 56=0 57=0 58=0 59=0 60=0 61=0 62=0 63=0 64=0 65=0 66=0 67=0 68=0 69=0 70=0 71=0 72=0 73=0 74=0 75=0 76=0 77=0 78=0 79=0 80=0 81=0 82=0 83=0 84=0 85=0 86=0 87=0 88=0 89=0 90=0 91=0 92=0
  bind wall 3.11 s over 4 binds  =  read 3.08 + widen 0.03 + other 0.00
                    shares:      read 99%  widen 1%  other 0%
  widen breakdown: find 0 ms (102)  copy 0 ms (26)  deq 30 ms (28)  timed 0 s of widen 0.03 s
