k3 chip: 4 workers, 4 TFLOPS, 200 GB/s simulated wall
DBG getmany L1 nw=16 wall=0.212s thr(out)1 thr(in)16 conc_peak=16 pread=2.345s
DBG getmany L1 nw=1 wall=0.051s thr(out)1 thr(in)16 conc_peak=1 pread=0.051s
DBG getmany L1 nw=1 wall=0.051s thr(out)1 thr(in)16 conc_peak=1 pread=0.051s
DBG getmany L2 nw=16 wall=0.215s thr(out)1 thr(in)16 conc_peak=16 pread=2.469s
DBG getmany L2 nw=6 wall=0.093s thr(out)1 thr(in)16 conc_peak=6 pread=0.396s
DBG getmany L2 nw=3 wall=0.052s thr(out)1 thr(in)16 conc_peak=3 pread=0.137s
DBG getmany L3 nw=16 wall=0.209s thr(out)1 thr(in)16 conc_peak=16 pread=2.308s
DBG getmany L3 nw=5 wall=0.089s thr(out)1 thr(in)16 conc_peak=3 pread=0.311s
DBG getmany L3 nw=5 wall=0.075s thr(out)1 thr(in)16 conc_peak=5 pread=0.295s
DBG getmany L3 nw=3 wall=0.059s thr(out)1 thr(in)16 conc_peak=3 pread=0.148s
DBG getmany L3 nw=1 wall=0.061s thr(out)1 thr(in)16 conc_peak=1 pread=0.060s
DBG getmany L4 nw=16 wall=0.212s thr(out)1 thr(in)16 conc_peak=16 pread=2.322s
DBG getmany L5 nw=16 wall=0.239s thr(out)1 thr(in)16 conc_peak=16 pread=2.386s
DBG getmany L5 nw=3 wall=0.053s thr(out)1 thr(in)16 conc_peak=3 pread=0.139s
DBG getmany L5 nw=4 wall=0.064s thr(out)1 thr(in)16 conc_peak=4 pread=0.223s
DBG getmany L6 nw=16 wall=0.215s thr(out)1 thr(in)16 conc_peak=16 pread=2.484s
DBG getmany L6 nw=4 wall=0.067s thr(out)1 thr(in)16 conc_peak=4 pread=0.207s
DBG getmany L7 nw=16 wall=0.215s thr(out)1 thr(in)16 conc_peak=16 pread=2.362s
DBG getmany L7 nw=3 wall=0.067s thr(out)1 thr(in)16 conc_peak=3 pread=0.143s
DBG getmany L8 nw=16 wall=0.209s thr(out)1 thr(in)16 conc_peak=16 pread=2.288s
DBG getmany L8 nw=6 wall=0.087s thr(out)1 thr(in)16 conc_peak=5 pread=0.387s
DBG getmany L8 nw=5 wall=0.077s thr(out)1 thr(in)16 conc_peak=5 pread=0.298s
DBG getmany L8 nw=10 wall=0.137s thr(out)1 thr(in)16 conc_peak=10 pread=0.977s
DBG getmany L8 nw=5 wall=0.078s thr(out)1 thr(in)16 conc_peak=5 pread=0.316s
DBG getmany L8 nw=6 wall=0.088s thr(out)1 thr(in)16 conc_peak=5 pread=0.381s
DBG getmany L8 nw=8 wall=1.826s thr(out)1 thr(in)16 conc_peak=8 pread=12.581s
DBG getmany L8 nw=1 wall=1.125s thr(out)1 thr(in)16 conc_peak=1 pread=1.125s
DBG getmany L9 nw=16 wall=5.000s thr(out)1 thr(in)16 conc_peak=16 pread=77.178s
DBG getmany L9 nw=7 wall=2.029s thr(out)1 thr(in)16 conc_peak=7 pread=12.939s
DBG getmany L9 nw=7 wall=1.870s thr(out)1 thr(in)16 conc_peak=6 pread=12.346s
DBG getmany L9 nw=12 wall=3.161s thr(out)1 thr(in)16 conc_peak=12 pread=32.454s
DBG getmany L9 nw=3 wall=1.421s thr(out)1 thr(in)16 conc_peak=3 pread=4.045s
DBG getmany L9 nw=12 wall=3.313s thr(out)1 thr(in)16 conc_peak=12 pread=38.203s
DBG getmany L9 nw=13 wall=7.121s thr(out)1 thr(in)16 conc_peak=13 pread=91.873s
DBG getmany L9 nw=4 wall=0.217s thr(out)1 thr(in)16 conc_peak=4 pread=0.828s
DBG getmany L9 nw=3 wall=0.056s thr(out)1 thr(in)16 conc_peak=3 pread=0.138s
DBG getmany L9 nw=4 wall=0.068s thr(out)1 thr(in)16 conc_peak=4 pread=0.214s
DBG getmany L9 nw=3 wall=0.061s thr(out)1 thr(in)16 conc_peak=3 pread=0.149s
DBG getmany L9 nw=2 wall=0.051s thr(out)1 thr(in)16 conc_peak=2 pread=0.091s
DBG getmany L10 nw=16 wall=0.229s thr(out)1 thr(in)16 conc_peak=16 pread=2.645s
DBG getmany L10 nw=9 wall=0.128s thr(out)1 thr(in)16 conc_peak=9 pread=0.803s
DBG getmany L10 nw=5 wall=0.088s thr(out)1 thr(in)16 conc_peak=5 pread=0.365s
DBG getmany L10 nw=14 wall=0.822s thr(out)1 thr(in)16 conc_peak=14 pread=10.230s
DBG getmany L10 nw=7 wall=0.474s thr(out)1 thr(in)16 conc_peak=7 pread=3.088s
DBG getmany L10 nw=8 wall=0.548s thr(out)1 thr(in)16 conc_peak=8 pread=3.872s
DBG getmany L10 nw=11 wall=0.817s thr(out)1 thr(in)16 conc_peak=11 pread=8.403s
DBG getmany L10 nw=4 wall=0.218s thr(out)1 thr(in)16 conc_peak=4 pread=0.793s
DBG getmany L10 nw=3 wall=2.036s thr(out)1 thr(in)16 conc_peak=3 pread=2.276s
DBG getmany L10 nw=3 wall=0.066s thr(out)1 thr(in)16 conc_peak=3 pread=0.165s
DBG getmany L11 nw=16 wall=0.390s thr(out)1 thr(in)16 conc_peak=16 pread=4.563s
DBG getmany L11 nw=4 wall=0.205s thr(out)1 thr(in)16 conc_peak=4 pread=0.674s
DBG getmany L11 nw=2 wall=0.125s thr(out)1 thr(in)16 conc_peak=2 pread=0.161s
DBG getmany L11 nw=3 wall=0.296s thr(out)1 thr(in)16 conc_peak=3 pread=0.862s
DBG getmany L11 nw=2 wall=0.196s thr(out)1 thr(in)16 conc_peak=2 pread=0.311s
DBG getmany L11 nw=4 wall=0.075s thr(out)1 thr(in)16 conc_peak=4 pread=0.249s
DBG getmany L11 nw=1 wall=0.052s thr(out)1 thr(in)16 conc_peak=1 pread=0.051s
DBG getmany L11 nw=1 wall=0.111s thr(out)1 thr(in)16 conc_peak=1 pread=0.111s
config: /model/config.json (nested shape) | hidden=7168 layers=93 vocab=163840 | 24 MLA + 69 KDA | experts 896 top16 shared2 | latent=3584
NOTE: binding only the first 12 of 93 layers. Output is NOT the full model; it is a partial stack for testing the machinery.

  KV cache : 75.84 MB for 32 positions (2.37 MB/position)
Kimi K3, pure C, released checkpoint
  model    : /model
  prompt   : 30 tokens, generating 1

indexed 497220 tensors from 96 shards in 16.19 s
trunk on disk : 15.16 GB total (STREAMED from /mnt/nvme/trunk_layers_out, not held in RAM)

memory plan
  trunk (STREAMED) 6.00 GB
  embed + lm_head  4.70 GB
  expert cache     8.00 GB
  recurrent state  80.81 MB
  buffers          22.72 MB
  KV cache         75.69 MB
  TOTAL            18.88 GB
  available        28.62 GB

k3_trunk: trunk.bin absent - using per-layer slices (layer_%03d.bin)
trunk stream: 56.60 GB packed, 1/93 layers PINNED (3.00 GB), ring 2 x 1.30 GB
              reads use buffered I/O
              ring holds 2 slots: layers repeat over ~2 tokens, so recent ones are reused instead of re-read
trunk streaming enabled from /mnt/nvme/trunk_layers_out in 0.0 s
embedding, final norm and lm_head: 4.70 GB in 62.3 s

expert L2 cache enabled: 11397 slots x 17.55 MB = 199.99 GB on /mnt/nvme/experts.l2
expert L2 eviction policy: heat
peak RSS after loading weights: 4.78 GB  (the plan above is a forecast, this is measured)
expert cache: 455 slots x 17.56 MB = 7.99 GB (0.55% of the 1.45 TB expert pool)

recurrent state for 12 layers: 80.81 MB

incremental decode: KV cache 9.46 MB for 3 MLA layers at 32 positions

STEP   TOKEN      SECONDS      CACHE HIT  READ GB    TOK/S
--------------------------------------------------------------------
0      20492      129.35       100.0      8.67       0.008
  L2   resident=6298/11397 slots hit=100.0% read=8.63GB write=0.00GB
--------------------------------------------------------------------
1 tokens in 129.3 s, 129.35 s/token average
PEAK RSS for the whole run: 16.56 GB   <- quote this, not the plan
layers completed: 12/12; routed expert drops: 0


[chip] simulated MXFP4 GEMV bill over 31 tokens
  5280 expert chains | 348798320640 flops | 92649553920 bytes (92.65 GB)
  per token: 170 chains | 2.99 GB | 0.01 Gflops
  compute wall @ 4 TFLOPS : 0.09 s (2.81 ms/token)
  bandwidth wall @ 200 GB/s : 0.46 s (14.94 ms/token)
  -> bandwidth-bound; to be compute-bound at 4 TFLOPS this needs 1062 GB/s
  expert fetch (host wall, measured): 40.44 s moving 92.65 GB = 2 GB/s
  chip pool wall (measured): 30.76 s

cache [final step]
  slots        : 455 of 17.56 MB = 7.99 GB arena (455 resident, 0 pinned)
  requests     : 5280  hits 5280 (100.00%)  misses 0  evictions 39
  of those hits : 494 came from the batch prefetch, i.e. read from disk
                  this token; TRUE resident hit rate 90.64%
  read from disk: 8.67 GB in 39.80 s (218 MB/s while loading)
  phase2 i/o    : 8.67 GB in 39.80 s (218 MB/s)  [pure parallel disk read]
l2cache [final step]
  requests     : 492  hits 492 (100.00%)  misses 0
  read  from sdd7: 8.63 GB, written 0.00 GB
  hit I/O   : 8.63 GB in 39.80 s (wall) = 217 MB/s [pread 350.40 s, 25 MB/s per-thread]
  miss I/O  : 0 misses, 0.00 GB from /model in 0.00 s (wall) = 0 MB/s
  restored from meta: 6298 slots

wrote reports/loop_serial_20260920_104712/standard_warm.json
I/O share of wall clock: 38.5%  (trunk 10.0 s + experts 39.8 s of 129.3 s)
  both figures are WHOLE-RUN totals over 1 steps
  experts, whole run: 8.67 GB read | 5241 of 5280 requests retained in RAM (99.26%) | 39 evictions
    (retention = requests - evictions; the raw `hits` counter includes
     experts the prefetcher had just read from disk, so it is not a
     measure of avoided I/O)

trunk [final]
  pinned 1/93 layers, ring 2 slots
  binds 12, hits 0 (0.0%), reads 12
  read 8.80 GB in 9.96 s (884 MB/s pread) + 0.00 s parked on the expert gate
  per-layer loads [L]=count: 0=1 1=1 2=1 3=1 4=1 5=1 6=1 7=1 8=1 9=1 10=1 11=1 12=0 13=0 14=0 15=0 16=0 17=0 18=0 19=0 20=0 21=0 22=0 23=0 24=0 25=0 26=0 27=0 28=0 29=0 30=0 31=0 32=0 33=0 34=0 35=0 36=0 37=0 38=0 39=0 40=0 41=0 42=0 43=0 44=0 45=0 46=0 47=0 48=0 49=0 50=0 51=0 52=0 53=0 54=0 55=0 56=0 57=0 58=0 59=0 60=0 61=0 62=0 63=0 64=0 65=0 66=0 67=0 68=0 69=0 70=0 71=0 72=0 73=0 74=0 75=0 76=0 77=0 78=0 79=0 80=0 81=0 82=0 83=0 84=0 85=0 86=0 87=0 88=0 89=0 90=0 91=0 92=0
  bind wall 8.30 s over 12 binds; read 9.96 + widen 0.09 = 10.05 s of device work,
                    of which 1.76 s (17%) overlapped compute on the reader thread
  widen breakdown: find 0 ms (313)  copy 0 ms (137)  deq 93 ms (100)  timed 0 s of widen 0.09 s
