L2 auto: 209 GB free on /mnt/nvme -> L2 at 256 GB
k3 chip: 4 workers, 4 TFLOPS, 200 GB/s simulated wall
  L2 want=17547264 slot=17547264 nbytes=17547264 fd=O_DIRECT
  L2 want=17547264 slot=17547264 nbytes=17547264 fd=O_DIRECT
  L2 want=17547264 slot=17547264 nbytes=17547264 fd=O_DIRECT
  L2 want=17547264 slot=17547264 nbytes=17547264 fd=O_DIRECT
  L2 want=17547264 slot=17547264 nbytes=17547264 fd=O_DIRECT
  L2 want=17547264 slot=17547264 nbytes=17547264 fd=O_DIRECT
  L2 want=17547264 slot=17547264 nbytes=17547264 fd=O_DIRECT
  L2 want=17547264 slot=17547264 nbytes=17547264 fd=O_DIRECT
  L2 want=17547264 slot=17547264 nbytes=17547264 fd=O_DIRECT
  L2 want=17547264 slot=17547264 nbytes=17547264 fd=O_DIRECT
  L2 want=17547264 slot=17547264 nbytes=17547264 fd=O_DIRECT
  L2 want=17547264 slot=17547264 nbytes=17547264 fd=O_DIRECT
  L2 want=17547264 slot=17547264 nbytes=17547264 fd=O_DIRECT
  L2 want=17547264 slot=17547264 nbytes=17547264 fd=O_DIRECT
  L2 want=17547264 slot=17547264 nbytes=17547264 fd=O_DIRECT
  L2 want=17547264 slot=17547264 nbytes=17547264 fd=O_DIRECT
DBG getmany L1 nw=16 wall=0.249s thr(out)1 thr(in)16 conc_peak=16 pread=2.638s
DBG getmany L2 nw=16 wall=0.229s thr(out)1 thr(in)16 conc_peak=16 pread=2.481s
DBG getmany L3 nw=16 wall=0.235s thr(out)1 thr(in)16 conc_peak=16 pread=2.571s
DBG getmany L4 nw=16 wall=0.202s thr(out)1 thr(in)16 conc_peak=16 pread=2.149s
DBG getmany L5 nw=16 wall=0.209s thr(out)1 thr(in)16 conc_peak=16 pread=2.251s
DBG getmany L6 nw=16 wall=0.229s thr(out)1 thr(in)16 conc_peak=16 pread=2.530s
DBG getmany L7 nw=16 wall=0.221s thr(out)1 thr(in)16 conc_peak=16 pread=2.440s
DBG getmany L8 nw=16 wall=0.231s thr(out)1 thr(in)16 conc_peak=16 pread=2.612s
DBG getmany L9 nw=16 wall=0.222s thr(out)1 thr(in)16 conc_peak=16 pread=2.448s
DBG getmany L10 nw=16 wall=0.233s thr(out)1 thr(in)16 conc_peak=16 pread=2.594s
DBG getmany L11 nw=16 wall=0.219s thr(out)1 thr(in)16 conc_peak=16 pread=2.459s
DBG getmany L12 nw=16 wall=0.230s thr(out)1 thr(in)16 conc_peak=16 pread=2.554s
DBG getmany L13 nw=16 wall=0.249s thr(out)1 thr(in)16 conc_peak=16 pread=2.700s
DBG getmany L14 nw=16 wall=0.232s thr(out)1 thr(in)16 conc_peak=16 pread=2.551s
DBG getmany L15 nw=16 wall=0.262s thr(out)1 thr(in)16 conc_peak=16 pread=2.922s
DBG getmany L16 nw=16 wall=0.253s thr(out)1 thr(in)16 conc_peak=16 pread=2.896s
DBG getmany L17 nw=16 wall=0.253s thr(out)1 thr(in)16 conc_peak=16 pread=2.889s
DBG getmany L18 nw=16 wall=0.248s thr(out)1 thr(in)16 conc_peak=16 pread=2.784s
DBG getmany L19 nw=16 wall=0.254s thr(out)1 thr(in)16 conc_peak=16 pread=2.817s
DBG getmany L20 nw=16 wall=0.234s thr(out)1 thr(in)16 conc_peak=16 pread=2.561s
DBG getmany L21 nw=16 wall=0.233s thr(out)1 thr(in)16 conc_peak=16 pread=2.576s
DBG getmany L22 nw=16 wall=0.249s thr(out)1 thr(in)16 conc_peak=16 pread=2.580s
DBG getmany L23 nw=16 wall=0.414s thr(out)1 thr(in)16 conc_peak=16 pread=5.312s
DBG getmany L24 nw=16 wall=0.644s thr(out)1 thr(in)16 conc_peak=16 pread=7.068s
DBG getmany L25 nw=16 wall=0.422s thr(out)1 thr(in)16 conc_peak=16 pread=4.974s
DBG getmany L26 nw=16 wall=0.345s thr(out)1 thr(in)16 conc_peak=16 pread=4.617s
DBG getmany L27 nw=16 wall=0.455s thr(out)1 thr(in)16 conc_peak=16 pread=5.725s
DBG getmany L28 nw=16 wall=0.401s thr(out)1 thr(in)16 conc_peak=16 pread=5.623s
DBG getmany L29 nw=16 wall=0.447s thr(out)1 thr(in)16 conc_peak=16 pread=5.295s
DBG getmany L30 nw=16 wall=0.336s thr(out)1 thr(in)16 conc_peak=16 pread=4.120s
DBG getmany L31 nw=16 wall=0.464s thr(out)1 thr(in)16 conc_peak=16 pread=5.857s
DBG getmany L32 nw=16 wall=0.497s thr(out)1 thr(in)16 conc_peak=16 pread=6.202s
DBG getmany L33 nw=16 wall=0.504s thr(out)1 thr(in)16 conc_peak=16 pread=5.833s
DBG getmany L34 nw=16 wall=0.364s thr(out)1 thr(in)16 conc_peak=16 pread=4.975s
DBG getmany L35 nw=16 wall=0.516s thr(out)1 thr(in)16 conc_peak=16 pread=6.996s
DBG getmany L36 nw=16 wall=0.484s thr(out)1 thr(in)16 conc_peak=16 pread=5.593s
DBG getmany L37 nw=16 wall=0.483s thr(out)1 thr(in)16 conc_peak=16 pread=6.407s
DBG getmany L38 nw=16 wall=0.335s thr(out)1 thr(in)16 conc_peak=16 pread=4.355s
DBG getmany L39 nw=16 wall=0.505s thr(out)1 thr(in)16 conc_peak=16 pread=5.900s
DBG getmany L40 nw=16 wall=0.456s thr(out)1 thr(in)16 conc_peak=16 pread=5.764s
DBG getmany L41 nw=16 wall=0.438s thr(out)1 thr(in)16 conc_peak=16 pread=5.232s
DBG getmany L42 nw=16 wall=0.341s thr(out)1 thr(in)16 conc_peak=16 pread=4.429s
DBG getmany L43 nw=16 wall=0.515s thr(out)1 thr(in)16 conc_peak=16 pread=6.730s
DBG getmany L44 nw=16 wall=0.516s thr(out)1 thr(in)16 conc_peak=16 pread=6.882s
DBG getmany L45 nw=16 wall=0.400s thr(out)1 thr(in)16 conc_peak=16 pread=5.340s
DBG getmany L46 nw=16 wall=0.360s thr(out)1 thr(in)16 conc_peak=16 pread=4.600s
DBG getmany L47 nw=16 wall=0.500s thr(out)1 thr(in)16 conc_peak=16 pread=5.935s
DBG getmany L48 nw=16 wall=0.496s thr(out)1 thr(in)16 conc_peak=16 pread=5.446s
DBG getmany L49 nw=16 wall=0.496s thr(out)1 thr(in)16 conc_peak=16 pread=5.957s
DBG getmany L50 nw=16 wall=0.368s thr(out)1 thr(in)16 conc_peak=16 pread=4.936s
DBG getmany L51 nw=16 wall=6.520s thr(out)1 thr(in)16 conc_peak=16 pread=88.342s
DBG getmany L52 nw=16 wall=9.231s thr(out)1 thr(in)16 conc_peak=16 pread=139.715s
DBG getmany L53 nw=16 wall=8.892s thr(out)1 thr(in)16 conc_peak=16 pread=136.033s
DBG getmany L54 nw=16 wall=3.552s thr(out)1 thr(in)16 conc_peak=16 pread=22.852s
DBG getmany L55 nw=16 wall=0.509s thr(out)1 thr(in)16 conc_peak=16 pread=7.379s
DBG getmany L56 nw=16 wall=0.561s thr(out)1 thr(in)16 conc_peak=16 pread=6.305s
DBG getmany L57 nw=16 wall=0.500s thr(out)1 thr(in)16 conc_peak=16 pread=5.985s
DBG getmany L58 nw=16 wall=0.345s thr(out)1 thr(in)16 conc_peak=16 pread=4.410s
DBG getmany L59 nw=16 wall=0.506s thr(out)1 thr(in)16 conc_peak=16 pread=5.306s
DBG getmany L60 nw=16 wall=0.424s thr(out)1 thr(in)16 conc_peak=16 pread=5.151s
DBG getmany L61 nw=16 wall=0.486s thr(out)1 thr(in)16 conc_peak=16 pread=7.007s
DBG getmany L62 nw=16 wall=0.330s thr(out)1 thr(in)16 conc_peak=16 pread=4.484s
DBG getmany L63 nw=16 wall=0.507s thr(out)1 thr(in)16 conc_peak=16 pread=5.953s
DBG getmany L64 nw=16 wall=0.453s thr(out)1 thr(in)16 conc_peak=16 pread=6.035s
DBG getmany L65 nw=16 wall=0.525s thr(out)1 thr(in)16 conc_peak=16 pread=7.107s
DBG getmany L66 nw=16 wall=0.361s thr(out)1 thr(in)16 conc_peak=16 pread=5.092s
DBG getmany L67 nw=16 wall=0.540s thr(out)1 thr(in)16 conc_peak=16 pread=7.116s
DBG getmany L68 nw=16 wall=0.432s thr(out)1 thr(in)16 conc_peak=16 pread=5.315s
DBG getmany L69 nw=16 wall=0.450s thr(out)1 thr(in)16 conc_peak=16 pread=6.080s
DBG getmany L70 nw=16 wall=0.348s thr(out)1 thr(in)16 conc_peak=16 pread=4.936s
DBG getmany L71 nw=16 wall=0.532s thr(out)1 thr(in)16 conc_peak=16 pread=6.948s
DBG getmany L72 nw=16 wall=0.474s thr(out)1 thr(in)16 conc_peak=16 pread=6.292s
DBG getmany L73 nw=16 wall=0.492s thr(out)1 thr(in)16 conc_peak=16 pread=6.634s
DBG getmany L74 nw=16 wall=0.353s thr(out)1 thr(in)16 conc_peak=16 pread=4.912s
DBG getmany L75 nw=16 wall=0.486s thr(out)1 thr(in)16 conc_peak=16 pread=7.030s
DBG getmany L76 nw=16 wall=0.445s thr(out)1 thr(in)16 conc_peak=16 pread=6.572s
DBG getmany L77 nw=16 wall=0.557s thr(out)1 thr(in)16 conc_peak=16 pread=8.210s
DBG getmany L78 nw=16 wall=0.375s thr(out)1 thr(in)16 conc_peak=16 pread=5.240s
DBG getmany L79 nw=16 wall=0.514s thr(out)1 thr(in)16 conc_peak=16 pread=6.913s
DBG getmany L80 nw=16 wall=0.474s thr(out)1 thr(in)16 conc_peak=16 pread=5.837s
DBG getmany L81 nw=16 wall=0.463s thr(out)1 thr(in)16 conc_peak=16 pread=6.393s
DBG getmany L82 nw=16 wall=0.305s thr(out)1 thr(in)16 conc_peak=16 pread=4.028s
DBG getmany L83 nw=16 wall=0.494s thr(out)1 thr(in)16 conc_peak=16 pread=5.743s
DBG getmany L84 nw=16 wall=0.347s thr(out)1 thr(in)16 conc_peak=16 pread=4.034s
DBG getmany L85 nw=16 wall=0.476s thr(out)1 thr(in)16 conc_peak=16 pread=6.199s
DBG getmany L86 nw=16 wall=0.326s thr(out)1 thr(in)16 conc_peak=16 pread=4.735s
DBG getmany L87 nw=16 wall=0.448s thr(out)1 thr(in)16 conc_peak=16 pread=5.553s
DBG getmany L88 nw=16 wall=0.458s thr(out)1 thr(in)16 conc_peak=16 pread=6.652s
DBG getmany L89 nw=16 wall=0.520s thr(out)1 thr(in)16 conc_peak=16 pread=6.720s
DBG getmany L90 nw=16 wall=0.320s thr(out)1 thr(in)16 conc_peak=16 pread=4.346s
DBG getmany L91 nw=16 wall=0.363s thr(out)1 thr(in)16 conc_peak=16 pread=4.549s
DBG getmany L92 nw=16 wall=0.168s thr(out)1 thr(in)16 conc_peak=16 pread=1.607s
config: /model/config.json (nested shape) | hidden=7168 layers=93 vocab=163840 | 24 MLA + 69 KDA | experts 896 top16 shared2 | latent=3584
  KV cache : 11.85 MB for 5 positions (2.37 MB/position)
Kimi K3, pure C, released checkpoint
  model    : /model
  prompt   : 1 tokens, generating 3

indexed 497220 tensors from 96 shards in 0.51 s
trunk on disk : 110.00 GB total (STREAMED from /mnt/nvme/trunk_layers_out, not held in RAM)

memory plan
  trunk (STREAMED) 32.00 GB
  embed + lm_head  4.70 GB
  expert cache     15.00 GB
  recurrent state  626.25 MB
  buffers          4.68 MB
  KV cache         11.83 MB
  TOTAL            52.34 GB
  available        57.78 GB

k3_trunk: trunk.bin absent - using per-layer slices (layer_%03d.bin)
trunk stream: 56.60 GB packed, 22/93 layers PINNED (29.30 GB), ring 2 x 1.30 GB
              reads use buffered I/O
              ring holds 2 slots: layers repeat over ~2 tokens, so recent ones are reused instead of re-read
trunk streaming enabled from /mnt/nvme/trunk_layers_out in 0.0 s
embedding, final norm and lm_head: 4.70 GB in 5.8 s

expert L1 eviction policy: heat
expert L2 cache enabled: 14589 slots x 17.55 MB = 256.00 GB on /mnt/nvme/experts.l2
expert L2 exact: nslot=14589 slot_bytes=17547264 l2_slot=17547264 K3_ST_ALIGN=4096
expert L2 eviction policy: heat
peak RSS after loading weights: 4.78 GB  (the plan above is a forecast, this is measured)
expert cache: 854 slots x 17.56 MB = 14.99 GB (1.04% of the 1.45 TB expert pool)

recurrent state for 93 layers: 626.25 MB

incremental decode: KV cache 11.83 MB for 24 MLA layers at 5 positions

STEP   TOKEN      SECONDS      CACHE HIT  READ GB    TOK/S
--------------------------------------------------------------------
0      220        106.17       100.0      25.83      0.009
  L2   resident=6779/14589 slots hit=100.0% read=25.83GB write=0.00GB
DBG getmany L1 nw=16 wall=0.182s thr(out)1 thr(in)16 conc_peak=16 pread=1.782s
DBG getmany L2 nw=16 wall=0.166s thr(out)1 thr(in)16 conc_peak=16 pread=1.589s
DBG getmany L3 nw=16 wall=0.170s thr(out)1 thr(in)16 conc_peak=16 pread=1.682s
DBG getmany L4 nw=16 wall=0.162s thr(out)1 thr(in)16 conc_peak=16 pread=1.617s
DBG getmany L5 nw=16 wall=0.165s thr(out)1 thr(in)16 conc_peak=16 pread=1.565s
DBG getmany L6 nw=16 wall=0.171s thr(out)1 thr(in)16 conc_peak=16 pread=1.606s
DBG getmany L7 nw=16 wall=0.166s thr(out)1 thr(in)16 conc_peak=16 pread=1.671s
DBG getmany L8 nw=16 wall=0.159s thr(out)1 thr(in)16 conc_peak=16 pread=1.546s
DBG getmany L9 nw=16 wall=0.163s thr(out)1 thr(in)16 conc_peak=16 pread=1.565s
DBG getmany L10 nw=16 wall=0.169s thr(out)1 thr(in)16 conc_peak=16 pread=1.643s
DBG getmany L11 nw=16 wall=0.173s thr(out)1 thr(in)16 conc_peak=16 pread=1.628s
DBG getmany L12 nw=16 wall=0.175s thr(out)1 thr(in)16 conc_peak=16 pread=1.667s
DBG getmany L13 nw=16 wall=0.175s thr(out)1 thr(in)16 conc_peak=16 pread=1.732s
DBG getmany L14 nw=16 wall=0.171s thr(out)1 thr(in)16 conc_peak=16 pread=1.663s
DBG getmany L15 nw=16 wall=0.170s thr(out)1 thr(in)16 conc_peak=16 pread=1.697s
DBG getmany L16 nw=16 wall=0.167s thr(out)1 thr(in)16 conc_peak=16 pread=1.535s
DBG getmany L17 nw=16 wall=0.170s thr(out)1 thr(in)16 conc_peak=16 pread=1.757s
DBG getmany L18 nw=16 wall=0.166s thr(out)1 thr(in)16 conc_peak=16 pread=1.520s
DBG getmany L19 nw=16 wall=0.168s thr(out)1 thr(in)16 conc_peak=16 pread=1.582s
DBG getmany L20 nw=16 wall=0.166s thr(out)1 thr(in)16 conc_peak=16 pread=1.625s
DBG getmany L21 nw=16 wall=0.428s thr(out)1 thr(in)16 conc_peak=16 pread=5.705s
DBG getmany L22 nw=16 wall=0.300s thr(out)1 thr(in)16 conc_peak=16 pread=3.963s
DBG getmany L23 nw=16 wall=0.409s thr(out)1 thr(in)16 conc_peak=16 pread=5.077s
DBG getmany L24 nw=16 wall=0.633s thr(out)1 thr(in)16 conc_peak=16 pread=8.867s
DBG getmany L25 nw=16 wall=0.451s thr(out)1 thr(in)16 conc_peak=16 pread=5.049s
DBG getmany L26 nw=16 wall=0.309s thr(out)1 thr(in)16 conc_peak=16 pread=4.385s
DBG getmany L27 nw=16 wall=0.395s thr(out)1 thr(in)16 conc_peak=16 pread=3.905s
DBG getmany L28 nw=16 wall=0.387s thr(out)1 thr(in)16 conc_peak=16 pread=5.118s
DBG getmany L29 nw=16 wall=0.446s thr(out)1 thr(in)16 conc_peak=16 pread=5.342s
DBG getmany L30 nw=16 wall=0.332s thr(out)1 thr(in)16 conc_peak=16 pread=4.368s
DBG getmany L31 nw=16 wall=0.482s thr(out)1 thr(in)16 conc_peak=16 pread=6.653s
DBG getmany L32 nw=16 wall=0.528s thr(out)1 thr(in)16 conc_peak=16 pread=7.468s
DBG getmany L33 nw=16 wall=0.514s thr(out)1 thr(in)16 conc_peak=16 pread=6.938s
DBG getmany L34 nw=16 wall=0.340s thr(out)1 thr(in)16 conc_peak=16 pread=4.473s
DBG getmany L35 nw=16 wall=0.535s thr(out)1 thr(in)16 conc_peak=16 pread=5.626s
DBG getmany L36 nw=16 wall=0.512s thr(out)1 thr(in)16 conc_peak=16 pread=6.752s
DBG getmany L37 nw=16 wall=0.717s thr(out)1 thr(in)16 conc_peak=16 pread=9.886s
DBG getmany L38 nw=16 wall=0.484s thr(out)1 thr(in)16 conc_peak=16 pread=6.656s
DBG getmany L39 nw=16 wall=0.746s thr(out)1 thr(in)16 conc_peak=16 pread=9.300s
DBG getmany L40 nw=16 wall=0.723s thr(out)1 thr(in)16 conc_peak=16 pread=9.664s
DBG getmany L41 nw=16 wall=0.682s thr(out)1 thr(in)16 conc_peak=16 pread=9.523s
DBG getmany L42 nw=16 wall=0.527s thr(out)1 thr(in)16 conc_peak=16 pread=7.363s
DBG getmany L43 nw=16 wall=0.765s thr(out)1 thr(in)16 conc_peak=16 pread=10.151s
DBG getmany L44 nw=16 wall=0.680s thr(out)1 thr(in)16 conc_peak=16 pread=8.379s
DBG getmany L45 nw=16 wall=0.725s thr(out)1 thr(in)16 conc_peak=16 pread=10.321s
DBG getmany L46 nw=16 wall=0.547s thr(out)1 thr(in)16 conc_peak=16 pread=7.631s
DBG getmany L47 nw=16 wall=0.706s thr(out)1 thr(in)16 conc_peak=16 pread=9.019s
DBG getmany L48 nw=16 wall=0.668s thr(out)1 thr(in)16 conc_peak=16 pread=8.512s
DBG getmany L49 nw=16 wall=0.757s thr(out)1 thr(in)16 conc_peak=16 pread=10.532s
DBG getmany L50 nw=16 wall=0.491s thr(out)1 thr(in)16 conc_peak=16 pread=6.629s
DBG getmany L51 nw=16 wall=0.662s thr(out)1 thr(in)16 conc_peak=16 pread=5.088s
DBG getmany L52 nw=16 wall=0.658s thr(out)1 thr(in)16 conc_peak=16 pread=8.987s
DBG getmany L53 nw=16 wall=0.512s thr(out)1 thr(in)16 conc_peak=16 pread=6.881s
DBG getmany L54 nw=16 wall=0.524s thr(out)1 thr(in)16 conc_peak=16 pread=6.137s
DBG getmany L55 nw=16 wall=0.732s thr(out)1 thr(in)16 conc_peak=16 pread=10.599s
DBG getmany L56 nw=16 wall=0.670s thr(out)1 thr(in)16 conc_peak=16 pread=9.467s
DBG getmany L57 nw=16 wall=12.174s thr(out)1 thr(in)16 conc_peak=16 pread=181.145s
DBG getmany L58 nw=16 wall=0.556s thr(out)1 thr(in)16 conc_peak=16 pread=7.366s
DBG getmany L59 nw=16 wall=0.758s thr(out)1 thr(in)16 conc_peak=16 pread=11.161s
DBG getmany L60 nw=16 wall=0.759s thr(out)1 thr(in)16 conc_peak=16 pread=10.022s
DBG getmany L61 nw=16 wall=0.694s thr(out)1 thr(in)16 conc_peak=16 pread=7.069s
DBG getmany L62 nw=16 wall=0.491s thr(out)1 thr(in)16 conc_peak=16 pread=6.430s
DBG getmany L63 nw=16 wall=0.709s thr(out)1 thr(in)16 conc_peak=16 pread=10.114s
DBG getmany L64 nw=16 wall=0.671s thr(out)1 thr(in)16 conc_peak=16 pread=7.520s
DBG getmany L65 nw=16 wall=0.704s thr(out)1 thr(in)16 conc_peak=16 pread=8.710s
DBG getmany L66 nw=16 wall=0.510s thr(out)1 thr(in)16 conc_peak=16 pread=7.266s
DBG getmany L67 nw=16 wall=0.743s thr(out)1 thr(in)16 conc_peak=16 pread=9.247s
DBG getmany L68 nw=16 wall=0.715s thr(out)1 thr(in)16 conc_peak=16 pread=7.550s
DBG getmany L69 nw=16 wall=0.682s thr(out)1 thr(in)16 conc_peak=16 pread=10.006s
DBG getmany L70 nw=16 wall=0.509s thr(out)1 thr(in)16 conc_peak=16 pread=6.344s
DBG getmany L71 nw=16 wall=0.806s thr(out)1 thr(in)16 conc_peak=16 pread=9.073s
DBG getmany L72 nw=16 wall=0.764s thr(out)1 thr(in)16 conc_peak=16 pread=10.382s
DBG getmany L73 nw=16 wall=0.715s thr(out)1 thr(in)16 conc_peak=16 pread=9.759s
DBG getmany L74 nw=16 wall=0.497s thr(out)1 thr(in)16 conc_peak=16 pread=7.126s
DBG getmany L75 nw=16 wall=0.719s thr(out)1 thr(in)16 conc_peak=16 pread=9.151s
DBG getmany L76 nw=16 wall=0.685s thr(out)1 thr(in)16 conc_peak=16 pread=8.609s
DBG getmany L77 nw=16 wall=0.725s thr(out)1 thr(in)16 conc_peak=16 pread=8.747s
DBG getmany L78 nw=16 wall=0.553s thr(out)1 thr(in)16 conc_peak=16 pread=7.795s
DBG getmany L79 nw=16 wall=0.548s thr(out)1 thr(in)16 conc_peak=16 pread=6.435s
DBG getmany L80 nw=16 wall=0.794s thr(out)1 thr(in)16 conc_peak=16 pread=7.406s
DBG getmany L81 nw=16 wall=0.721s thr(out)1 thr(in)16 conc_peak=16 pread=10.099s
DBG getmany L82 nw=16 wall=0.485s thr(out)1 thr(in)16 conc_peak=16 pread=6.548s
DBG getmany L83 nw=16 wall=0.726s thr(out)1 thr(in)16 conc_peak=16 pread=8.519s
DBG getmany L84 nw=16 wall=0.682s thr(out)1 thr(in)16 conc_peak=16 pread=8.561s
DBG getmany L85 nw=16 wall=0.671s thr(out)1 thr(in)16 conc_peak=16 pread=8.791s
DBG getmany L86 nw=16 wall=0.483s thr(out)1 thr(in)16 conc_peak=16 pread=6.913s
DBG getmany L87 nw=16 wall=0.687s thr(out)1 thr(in)16 conc_peak=16 pread=10.326s
DBG getmany L88 nw=16 wall=0.705s thr(out)1 thr(in)16 conc_peak=16 pread=8.364s
DBG getmany L89 nw=16 wall=0.744s thr(out)1 thr(in)16 conc_peak=16 pread=10.916s
DBG getmany L90 nw=16 wall=0.490s thr(out)1 thr(in)16 conc_peak=16 pread=6.456s
DBG getmany L91 nw=16 wall=0.469s thr(out)1 thr(in)16 conc_peak=16 pread=6.224s
DBG getmany L92 nw=16 wall=0.251s thr(out)1 thr(in)16 conc_peak=16 pread=2.365s
1      802        81.47        100.0      25.83      0.012
  L2   resident=6779/14589 slots hit=100.0% read=51.66GB write=0.00GB
DBG getmany L1 nw=16 wall=0.253s thr(out)1 thr(in)16 conc_peak=16 pread=2.468s
DBG getmany L2 nw=15 wall=0.241s thr(out)1 thr(in)16 conc_peak=15 pread=2.132s
DBG getmany L3 nw=13 wall=0.208s thr(out)1 thr(in)16 conc_peak=13 pread=1.647s
DBG getmany L4 nw=15 wall=0.239s thr(out)1 thr(in)16 conc_peak=15 pread=1.968s
DBG getmany L5 nw=16 wall=0.254s thr(out)1 thr(in)16 conc_peak=16 pread=2.424s
DBG getmany L6 nw=15 wall=0.247s thr(out)1 thr(in)16 conc_peak=15 pread=2.344s
DBG getmany L7 nw=15 wall=0.223s thr(out)1 thr(in)16 conc_peak=15 pread=2.065s
DBG getmany L8 nw=16 wall=0.234s thr(out)1 thr(in)16 conc_peak=16 pread=2.190s
DBG getmany L9 nw=15 wall=0.221s thr(out)1 thr(in)16 conc_peak=15 pread=1.969s
DBG getmany L10 nw=15 wall=0.220s thr(out)1 thr(in)16 conc_peak=15 pread=1.911s
DBG getmany L11 nw=15 wall=0.220s thr(out)1 thr(in)16 conc_peak=15 pread=1.810s
DBG getmany L12 nw=15 wall=0.228s thr(out)1 thr(in)16 conc_peak=15 pread=2.079s
DBG getmany L13 nw=16 wall=0.248s thr(out)1 thr(in)16 conc_peak=16 pread=2.186s
DBG getmany L14 nw=15 wall=0.225s thr(out)1 thr(in)16 conc_peak=15 pread=1.853s
DBG getmany L15 nw=16 wall=0.243s thr(out)1 thr(in)16 conc_peak=16 pread=2.226s
DBG getmany L16 nw=15 wall=0.231s thr(out)1 thr(in)16 conc_peak=15 pread=2.048s
DBG getmany L17 nw=16 wall=0.239s thr(out)1 thr(in)16 conc_peak=16 pread=2.131s
DBG getmany L18 nw=16 wall=0.242s thr(out)1 thr(in)16 conc_peak=16 pread=2.254s
DBG getmany L19 nw=16 wall=0.252s thr(out)1 thr(in)16 conc_peak=16 pread=2.364s
DBG getmany L20 nw=16 wall=0.242s thr(out)1 thr(in)16 conc_peak=16 pread=2.299s
DBG getmany L21 nw=16 wall=0.694s thr(out)1 thr(in)16 conc_peak=16 pread=10.395s
DBG getmany L22 nw=16 wall=0.500s thr(out)1 thr(in)16 conc_peak=16 pread=6.522s
DBG getmany L23 nw=15 wall=0.697s thr(out)1 thr(in)16 conc_peak=15 pread=7.850s
DBG getmany L24 nw=13 wall=9.713s thr(out)1 thr(in)16 conc_peak=13 pread=97.675s
DBG getmany L25 nw=15 wall=0.708s thr(out)1 thr(in)16 conc_peak=15 pread=8.908s
DBG getmany L26 nw=15 wall=0.501s thr(out)1 thr(in)16 conc_peak=15 pread=6.747s
DBG getmany L27 nw=16 wall=0.632s thr(out)1 thr(in)16 conc_peak=16 pread=8.015s
DBG getmany L28 nw=15 wall=0.630s thr(out)1 thr(in)16 conc_peak=15 pread=7.894s
DBG getmany L29 nw=16 wall=0.511s thr(out)1 thr(in)16 conc_peak=16 pread=6.159s
DBG getmany L30 nw=16 wall=0.529s thr(out)1 thr(in)16 conc_peak=16 pread=5.669s
DBG getmany L31 nw=16 wall=0.753s thr(out)1 thr(in)16 conc_peak=16 pread=9.014s
DBG getmany L32 nw=14 wall=0.646s thr(out)1 thr(in)16 conc_peak=14 pread=8.058s
DBG getmany L33 nw=15 wall=0.739s thr(out)1 thr(in)16 conc_peak=15 pread=9.618s
DBG getmany L34 nw=16 wall=0.544s thr(out)1 thr(in)16 conc_peak=16 pread=7.796s
DBG getmany L35 nw=16 wall=0.754s thr(out)1 thr(in)16 conc_peak=16 pread=11.212s
DBG getmany L36 nw=14 wall=0.673s thr(out)1 thr(in)16 conc_peak=14 pread=7.624s
DBG getmany L37 nw=16 wall=0.713s thr(out)1 thr(in)16 conc_peak=16 pread=9.691s
DBG getmany L38 nw=16 wall=0.484s thr(out)1 thr(in)16 conc_peak=16 pread=6.432s
DBG getmany L39 nw=16 wall=0.708s thr(out)1 thr(in)16 conc_peak=16 pread=10.578s
DBG getmany L40 nw=16 wall=0.713s thr(out)1 thr(in)16 conc_peak=16 pread=10.403s
DBG getmany L41 nw=16 wall=0.591s thr(out)1 thr(in)16 conc_peak=16 pread=8.367s
DBG getmany L42 nw=16 wall=0.521s thr(out)1 thr(in)16 conc_peak=16 pread=7.502s
DBG getmany L43 nw=16 wall=0.770s thr(out)1 thr(in)16 conc_peak=16 pread=11.198s
DBG getmany L44 nw=16 wall=0.713s thr(out)1 thr(in)16 conc_peak=16 pread=10.431s
DBG getmany L45 nw=16 wall=0.752s thr(out)1 thr(in)16 conc_peak=16 pread=9.118s
DBG getmany L46 nw=15 wall=0.483s thr(out)1 thr(in)16 conc_peak=15 pread=5.968s
DBG getmany L47 nw=15 wall=0.712s thr(out)1 thr(in)16 conc_peak=15 pread=9.279s
DBG getmany L48 nw=15 wall=0.722s thr(out)1 thr(in)16 conc_peak=15 pread=10.252s
DBG getmany L49 nw=15 wall=0.747s thr(out)1 thr(in)16 conc_peak=15 pread=10.554s
DBG getmany L50 nw=16 wall=0.504s thr(out)1 thr(in)16 conc_peak=16 pread=7.220s
DBG getmany L51 nw=16 wall=0.677s thr(out)1 thr(in)16 conc_peak=16 pread=9.107s
DBG getmany L52 nw=16 wall=0.548s thr(out)1 thr(in)16 conc_peak=16 pread=7.702s
DBG getmany L53 nw=15 wall=0.713s thr(out)1 thr(in)16 conc_peak=15 pread=7.957s
DBG getmany L54 nw=16 wall=0.468s thr(out)1 thr(in)16 conc_peak=16 pread=6.294s
DBG getmany L55 nw=16 wall=0.676s thr(out)1 thr(in)16 conc_peak=16 pread=8.519s
DBG getmany L56 nw=16 wall=0.707s thr(out)1 thr(in)16 conc_peak=16 pread=9.145s
DBG getmany L57 nw=16 wall=0.693s thr(out)1 thr(in)16 conc_peak=16 pread=8.885s
DBG getmany L58 nw=16 wall=0.531s thr(out)1 thr(in)16 conc_peak=16 pread=7.330s
DBG getmany L59 nw=16 wall=0.678s thr(out)1 thr(in)16 conc_peak=16 pread=9.366s
DBG getmany L60 nw=16 wall=0.701s thr(out)1 thr(in)16 conc_peak=16 pread=10.151s
DBG getmany L61 nw=16 wall=0.726s thr(out)1 thr(in)16 conc_peak=16 pread=9.882s
DBG getmany L62 nw=16 wall=0.491s thr(out)1 thr(in)16 conc_peak=16 pread=6.095s
DBG getmany L63 nw=16 wall=0.684s thr(out)1 thr(in)16 conc_peak=16 pread=9.327s
DBG getmany L64 nw=16 wall=0.747s thr(out)1 thr(in)16 conc_peak=16 pread=9.689s
DBG getmany L65 nw=16 wall=0.693s thr(out)1 thr(in)16 conc_peak=16 pread=7.849s
DBG getmany L66 nw=16 wall=0.542s thr(out)1 thr(in)16 conc_peak=16 pread=6.837s
DBG getmany L67 nw=16 wall=0.634s thr(out)1 thr(in)16 conc_peak=16 pread=4.212s
DBG getmany L68 nw=16 wall=0.701s thr(out)1 thr(in)16 conc_peak=16 pread=9.586s
DBG getmany L69 nw=16 wall=0.738s thr(out)1 thr(in)16 conc_peak=16 pread=10.591s
DBG getmany L70 nw=16 wall=0.510s thr(out)1 thr(in)16 conc_peak=16 pread=6.698s
DBG getmany L71 nw=16 wall=0.789s thr(out)1 thr(in)16 conc_peak=16 pread=11.908s
DBG getmany L72 nw=16 wall=0.772s thr(out)1 thr(in)16 conc_peak=16 pread=10.188s
DBG getmany L73 nw=16 wall=0.745s thr(out)1 thr(in)16 conc_peak=16 pread=9.533s
DBG getmany L74 nw=16 wall=0.552s thr(out)1 thr(in)16 conc_peak=16 pread=6.919s
DBG getmany L75 nw=16 wall=0.456s thr(out)1 thr(in)16 conc_peak=16 pread=3.997s
DBG getmany L76 nw=16 wall=0.651s thr(out)1 thr(in)16 conc_peak=16 pread=8.837s
DBG getmany L77 nw=16 wall=0.751s thr(out)1 thr(in)16 conc_peak=16 pread=10.608s
DBG getmany L78 nw=16 wall=0.499s thr(out)1 thr(in)16 conc_peak=16 pread=6.033s
DBG getmany L79 nw=16 wall=0.737s thr(out)1 thr(in)16 conc_peak=16 pread=10.914s
DBG getmany L80 nw=16 wall=0.667s thr(out)1 thr(in)16 conc_peak=16 pread=8.775s
DBG getmany L81 nw=15 wall=0.997s thr(out)1 thr(in)16 conc_peak=15 pread=8.654s
DBG getmany L82 nw=16 wall=0.491s thr(out)1 thr(in)16 conc_peak=16 pread=6.847s
DBG getmany L83 nw=13 wall=0.615s thr(out)1 thr(in)16 conc_peak=13 pread=4.241s
DBG getmany L84 nw=13 wall=0.602s thr(out)1 thr(in)16 conc_peak=13 pread=6.509s
DBG getmany L85 nw=14 wall=0.619s thr(out)1 thr(in)16 conc_peak=14 pread=7.800s
DBG getmany L86 nw=16 wall=0.527s thr(out)1 thr(in)16 conc_peak=16 pread=6.185s
DBG getmany L87 nw=13 wall=0.649s thr(out)1 thr(in)16 conc_peak=13 pread=8.017s
DBG getmany L88 nw=15 wall=0.667s thr(out)1 thr(in)16 conc_peak=15 pread=8.534s
DBG getmany L89 nw=13 wall=0.672s thr(out)1 thr(in)16 conc_peak=13 pread=8.337s
DBG getmany L90 nw=12 wall=0.434s thr(out)1 thr(in)16 conc_peak=12 pread=4.297s
DBG getmany L91 nw=13 wall=0.476s thr(out)1 thr(in)16 conc_peak=13 pread=5.002s
DBG getmany L92 nw=13 wall=0.205s thr(out)1 thr(in)16 conc_peak=13 pread=1.562s
2      24         85.87        100.0      24.85      0.012
  L2   resident=6779/14589 slots hit=100.0% read=76.51GB write=0.00GB
--------------------------------------------------------------------
3 tokens in 273.5 s, 91.17 s/token average
PEAK RSS for the whole run: 37.16 GB   <- quote this, not the plan
layers completed: 93/93; routed expert drops: 0


[chip] simulated MXFP4 GEMV bill over 4 tokens
  4416 expert chains | 291722231808 flops | 77488717824 bytes (77.49 GB)
  per token: 1104 chains | 19.37 GB | 0.07 Gflops
  compute wall @ 4 TFLOPS : 0.07 s (18.23 ms/token)
  bandwidth wall @ 200 GB/s : 0.39 s (96.86 ms/token)
  -> bandwidth-bound; to be compute-bound at 4 TFLOPS this needs 1062 GB/s
  expert fetch (host wall, measured): 180.96 s moving 77.49 GB = 0 GB/s
  chip pool wall (measured): 25.97 s

cache [final step]
  slots        : 854 of 17.56 MB = 14.99 GB arena (854 resident, 0 pinned)
  requests     : 1472  hits 1472 (100.00%)  misses 0  evictions 1416
  of those hits : 1416 came from the batch prefetch, i.e. read from disk
                  this token; TRUE resident hit rate 3.80%
  read from disk: 24.85 GB in 59.49 s (418 MB/s while loading)
  phase2 i/o    : 24.86 GB in 59.49 s (418 MB/s)  [pure parallel disk read]
l2cache [final step]
  requests     : 4360  hits 4360 (100.00%)  misses 0
  read  from sdd7: 76.51 GB, written 0.00 GB
  fd split  : 3478 O_DIRECT, 0 BUFFERED (0.00% buffered)
  hit I/O   : 76.51 GB in 179.99 s (wall) = 425 MB/s [pread 2297.89 s, 33 MB/s per-thread]
  miss I/O  : 0 misses, 0.00 GB from /model in 0.00 s (wall) = 0 MB/s
  restored from meta: 6779 slots
kio tier0: 4595 reqs, 216.66 GB delivered | per-stream 90 MB/s, aggregate 792 MB/s, concurrency 8.8x | queue 65.8 s (2.7% of io), submit-lock 4.3 s, worker-lock 0.1 s, sleep 2067.0 s in 8232 waits (47% of worker-time)
      group0: 235 reqs, 140.16 GB | per-stream 762 MB/s | queue 0.1 s (0.1%)
      group1: 4360 reqs, 76.51 GB | per-stream 34 MB/s | queue 65.7 s (2.9%)

wrote reports/gateab_ab/v61_burst/burst_p1/ctrl.json
I/O share of wall clock: 133.1%  (trunk 184.2 s + experts 180.0 s of 273.5 s)
  both figures are WHOLE-RUN totals over 3 steps
  expert phase split: phase1 SERIAL reserve 0.2 s (552 calls) vs phase2 read 180.0 s
  over 100% because trunk reads overlap compute on the reader thread;
  90.6 s of device time was hidden behind arithmetic
  experts, whole run: 76.51 GB read | 910 of 4416 requests retained in RAM (20.61%) | 3506 evictions
    (retention = requests - evictions; the raw `hits` counter includes
     experts the prefetcher had just read from disk, so it is not a
     measure of avoided I/O)

trunk [final]
  pinned 22/93 layers, ring 2 slots
  binds 279, hits 44 (15.8%), reads 235
  read 140.16 GB in 184.17 s (761 MB/s pread)
  per-layer loads [L]=count: 0=1 1=1 2=1 3=1 4=1 5=1 6=1 7=1 8=1 9=1 10=1 11=1 12=1 13=1 14=1 15=1 16=1 17=1 18=1 19=1 20=1 21=1 22=3 23=3 24=3 25=3 26=3 27=3 28=3 29=3 30=3 31=3 32=3 33=3 34=3 35=3 36=3 37=3 38=3 39=3 40=3 41=3 42=3 43=3 44=3 45=3 46=3 47=3 48=3 49=3 50=3 51=3 52=3 53=3 54=3 55=3 56=3 57=3 58=3 59=3 60=3 61=3 62=3 63=3 64=3 65=3 66=3 67=3 68=3 69=3 70=3 71=3 72=3 73=3 74=3 75=3 76=3 77=3 78=3 79=3 80=3 81=3 82=3 83=3 84=3 85=3 86=3 87=3 88=3 89=3 90=3 91=3 92=3
  bind wall 24.12 s over 279 binds; read 184.17 + widen 1.85 = 186.02 s of device work,
                    of which 161.90 s (87%) overlapped compute on the reader thread
  widen breakdown: find 4 ms (7365)  copy 0 ms (3444)  deq 1837 ms (2370)  timed 2 s of widen 1.85 s
