L2 auto: 209 GB free on /mnt/nvme -> L2 at 256 GB
k3 chip: 4 workers, 4 TFLOPS, 200 GB/s simulated wall
  L2 want=17547264 slot=17547264 nbytes=17547264 fd=O_DIRECT
  L2 want=17547264 slot=17547264 nbytes=17547264 fd=O_DIRECT
  L2 want=17547264 slot=17547264 nbytes=17547264 fd=O_DIRECT
  L2 want=17547264 slot=17547264 nbytes=17547264 fd=O_DIRECT
  L2 want=17547264 slot=17547264 nbytes=17547264 fd=O_DIRECT
  L2 want=17547264 slot=17547264 nbytes=17547264 fd=O_DIRECT
  L2 want=17547264 slot=17547264 nbytes=17547264 fd=O_DIRECT
  L2 want=17547264 slot=17547264 nbytes=17547264 fd=O_DIRECT
  L2 want=17547264 slot=17547264 nbytes=17547264 fd=O_DIRECT
  L2 want=17547264 slot=17547264 nbytes=17547264 fd=O_DIRECT
  L2 want=17547264 slot=17547264 nbytes=17547264 fd=O_DIRECT
  L2 want=17547264 slot=17547264 nbytes=17547264 fd=O_DIRECT
  L2 want=17547264 slot=17547264 nbytes=17547264 fd=O_DIRECT
  L2 want=17547264 slot=17547264 nbytes=17547264 fd=O_DIRECT
  L2 want=17547264 slot=17547264 nbytes=17547264 fd=O_DIRECT
  L2 want=17547264 slot=17547264 nbytes=17547264 fd=O_DIRECT
DBG getmany L1 nw=16 wall=0.228s thr(out)1 thr(in)16 conc_peak=16 pread=2.181s
DBG getmany L2 nw=16 wall=0.230s thr(out)1 thr(in)16 conc_peak=16 pread=2.519s
DBG getmany L3 nw=16 wall=0.208s thr(out)1 thr(in)16 conc_peak=16 pread=2.229s
DBG getmany L4 nw=16 wall=0.243s thr(out)1 thr(in)16 conc_peak=16 pread=2.737s
DBG getmany L5 nw=16 wall=0.229s thr(out)1 thr(in)16 conc_peak=16 pread=2.558s
DBG getmany L6 nw=16 wall=0.225s thr(out)1 thr(in)16 conc_peak=16 pread=2.517s
DBG getmany L7 nw=16 wall=0.219s thr(out)1 thr(in)16 conc_peak=16 pread=2.406s
DBG getmany L8 nw=16 wall=0.237s thr(out)1 thr(in)16 conc_peak=16 pread=2.683s
DBG getmany L9 nw=16 wall=0.219s thr(out)1 thr(in)16 conc_peak=16 pread=2.393s
DBG getmany L10 nw=16 wall=0.227s thr(out)1 thr(in)16 conc_peak=16 pread=2.541s
DBG getmany L11 nw=16 wall=0.218s thr(out)1 thr(in)16 conc_peak=16 pread=2.391s
DBG getmany L12 nw=16 wall=0.228s thr(out)1 thr(in)16 conc_peak=16 pread=2.530s
DBG getmany L13 nw=16 wall=0.230s thr(out)1 thr(in)16 conc_peak=16 pread=2.562s
DBG getmany L14 nw=16 wall=0.233s thr(out)1 thr(in)16 conc_peak=16 pread=2.675s
DBG getmany L15 nw=16 wall=0.241s thr(out)1 thr(in)16 conc_peak=16 pread=2.734s
DBG getmany L16 nw=16 wall=0.228s thr(out)1 thr(in)16 conc_peak=16 pread=2.536s
DBG getmany L17 nw=16 wall=0.240s thr(out)1 thr(in)16 conc_peak=16 pread=2.664s
DBG getmany L18 nw=16 wall=0.233s thr(out)1 thr(in)16 conc_peak=16 pread=2.572s
DBG getmany L19 nw=16 wall=0.244s thr(out)1 thr(in)16 conc_peak=16 pread=2.651s
DBG getmany L20 nw=16 wall=0.246s thr(out)1 thr(in)16 conc_peak=16 pread=2.795s
DBG getmany L21 nw=16 wall=0.243s thr(out)1 thr(in)16 conc_peak=16 pread=2.630s
DBG getmany L22 nw=16 wall=0.312s thr(out)1 thr(in)16 conc_peak=16 pread=3.137s
DBG getmany L23 nw=16 wall=0.411s thr(out)1 thr(in)16 conc_peak=16 pread=4.900s
DBG getmany L24 nw=16 wall=0.591s thr(out)1 thr(in)16 conc_peak=16 pread=7.129s
DBG getmany L25 nw=16 wall=0.509s thr(out)1 thr(in)16 conc_peak=16 pread=6.362s
DBG getmany L26 nw=16 wall=0.308s thr(out)1 thr(in)16 conc_peak=16 pread=3.974s
DBG getmany L27 nw=16 wall=0.396s thr(out)1 thr(in)16 conc_peak=16 pread=5.027s
DBG getmany L28 nw=16 wall=0.381s thr(out)1 thr(in)16 conc_peak=16 pread=5.163s
DBG getmany L29 nw=16 wall=0.627s thr(out)1 thr(in)16 conc_peak=16 pread=7.102s
DBG getmany L30 nw=16 wall=0.503s thr(out)1 thr(in)16 conc_peak=16 pread=7.230s
DBG getmany L31 nw=16 wall=0.721s thr(out)1 thr(in)16 conc_peak=16 pread=10.281s
DBG getmany L32 nw=16 wall=0.732s thr(out)1 thr(in)16 conc_peak=16 pread=10.096s
DBG getmany L33 nw=16 wall=0.535s thr(out)1 thr(in)16 conc_peak=16 pread=7.287s
DBG getmany L34 nw=16 wall=0.534s thr(out)1 thr(in)16 conc_peak=16 pread=7.585s
DBG getmany L35 nw=16 wall=0.739s thr(out)1 thr(in)16 conc_peak=16 pread=9.118s
DBG getmany L36 nw=16 wall=0.743s thr(out)1 thr(in)16 conc_peak=16 pread=10.079s
DBG getmany L37 nw=16 wall=10.425s thr(out)1 thr(in)16 conc_peak=16 pread=133.560s
DBG getmany L38 nw=16 wall=1.858s thr(out)1 thr(in)16 conc_peak=16 pread=27.606s
DBG getmany L39 nw=16 wall=0.731s thr(out)1 thr(in)16 conc_peak=16 pread=10.176s
DBG getmany L40 nw=16 wall=0.632s thr(out)1 thr(in)16 conc_peak=16 pread=8.643s
DBG getmany L41 nw=16 wall=0.512s thr(out)1 thr(in)16 conc_peak=16 pread=7.072s
DBG getmany L42 nw=16 wall=0.454s thr(out)1 thr(in)16 conc_peak=16 pread=6.329s
DBG getmany L43 nw=16 wall=0.476s thr(out)1 thr(in)16 conc_peak=16 pread=5.326s
DBG getmany L44 nw=16 wall=0.715s thr(out)1 thr(in)16 conc_peak=16 pread=9.898s
DBG getmany L45 nw=16 wall=0.680s thr(out)1 thr(in)16 conc_peak=16 pread=7.517s
DBG getmany L46 nw=16 wall=0.518s thr(out)1 thr(in)16 conc_peak=16 pread=6.761s
DBG getmany L47 nw=16 wall=0.714s thr(out)1 thr(in)16 conc_peak=16 pread=9.052s
DBG getmany L48 nw=16 wall=0.712s thr(out)1 thr(in)16 conc_peak=16 pread=9.109s
DBG getmany L49 nw=16 wall=0.755s thr(out)1 thr(in)16 conc_peak=16 pread=9.302s
DBG getmany L50 nw=16 wall=0.512s thr(out)1 thr(in)16 conc_peak=16 pread=5.281s
DBG getmany L51 nw=16 wall=0.624s thr(out)1 thr(in)16 conc_peak=16 pread=6.427s
DBG getmany L52 nw=16 wall=0.695s thr(out)1 thr(in)16 conc_peak=16 pread=7.961s
DBG getmany L53 nw=16 wall=0.751s thr(out)1 thr(in)16 conc_peak=16 pread=10.289s
DBG getmany L54 nw=16 wall=0.511s thr(out)1 thr(in)16 conc_peak=16 pread=6.949s
DBG getmany L55 nw=16 wall=0.748s thr(out)1 thr(in)16 conc_peak=16 pread=11.144s
DBG getmany L56 nw=16 wall=0.712s thr(out)1 thr(in)16 conc_peak=16 pread=9.852s
DBG getmany L57 nw=16 wall=0.662s thr(out)1 thr(in)16 conc_peak=16 pread=8.389s
DBG getmany L58 nw=16 wall=0.496s thr(out)1 thr(in)16 conc_peak=16 pread=6.559s
DBG getmany L59 nw=16 wall=0.679s thr(out)1 thr(in)16 conc_peak=16 pread=9.316s
DBG getmany L60 nw=16 wall=0.767s thr(out)1 thr(in)16 conc_peak=16 pread=10.289s
DBG getmany L61 nw=16 wall=0.736s thr(out)1 thr(in)16 conc_peak=16 pread=11.030s
DBG getmany L62 nw=16 wall=0.512s thr(out)1 thr(in)16 conc_peak=16 pread=6.914s
DBG getmany L63 nw=16 wall=0.726s thr(out)1 thr(in)16 conc_peak=16 pread=9.315s
DBG getmany L64 nw=16 wall=0.666s thr(out)1 thr(in)16 conc_peak=16 pread=7.516s
DBG getmany L65 nw=16 wall=0.635s thr(out)1 thr(in)16 conc_peak=16 pread=7.879s
DBG getmany L66 nw=16 wall=0.406s thr(out)1 thr(in)16 conc_peak=16 pread=5.043s
DBG getmany L67 nw=16 wall=0.639s thr(out)1 thr(in)16 conc_peak=16 pread=7.946s
DBG getmany L68 nw=16 wall=0.682s thr(out)1 thr(in)16 conc_peak=16 pread=7.989s
DBG getmany L69 nw=16 wall=0.573s thr(out)1 thr(in)16 conc_peak=16 pread=7.460s
DBG getmany L70 nw=16 wall=0.390s thr(out)1 thr(in)16 conc_peak=16 pread=4.981s
DBG getmany L71 nw=16 wall=0.815s thr(out)1 thr(in)16 conc_peak=16 pread=11.242s
DBG getmany L72 nw=16 wall=0.620s thr(out)1 thr(in)16 conc_peak=16 pread=7.876s
DBG getmany L73 nw=16 wall=0.707s thr(out)1 thr(in)16 conc_peak=16 pread=8.425s
DBG getmany L74 nw=16 wall=0.546s thr(out)1 thr(in)16 conc_peak=16 pread=7.568s
DBG getmany L75 nw=16 wall=0.675s thr(out)1 thr(in)16 conc_peak=16 pread=7.961s
DBG getmany L76 nw=16 wall=0.594s thr(out)1 thr(in)16 conc_peak=16 pread=6.941s
DBG getmany L77 nw=16 wall=0.713s thr(out)1 thr(in)16 conc_peak=16 pread=9.894s
DBG getmany L78 nw=16 wall=0.519s thr(out)1 thr(in)16 conc_peak=16 pread=7.356s
DBG getmany L79 nw=16 wall=0.735s thr(out)1 thr(in)16 conc_peak=16 pread=9.895s
DBG getmany L80 nw=16 wall=0.586s thr(out)1 thr(in)16 conc_peak=16 pread=7.733s
DBG getmany L81 nw=16 wall=0.580s thr(out)1 thr(in)16 conc_peak=16 pread=6.394s
DBG getmany L82 nw=16 wall=0.481s thr(out)1 thr(in)16 conc_peak=16 pread=6.653s
DBG getmany L83 nw=16 wall=0.702s thr(out)1 thr(in)16 conc_peak=16 pread=8.105s
DBG getmany L84 nw=16 wall=0.715s thr(out)1 thr(in)16 conc_peak=16 pread=10.225s
DBG getmany L85 nw=16 wall=0.715s thr(out)1 thr(in)16 conc_peak=16 pread=7.866s
DBG getmany L86 nw=16 wall=0.478s thr(out)1 thr(in)16 conc_peak=16 pread=6.279s
DBG getmany L87 nw=16 wall=0.717s thr(out)1 thr(in)16 conc_peak=16 pread=10.284s
DBG getmany L88 nw=16 wall=0.665s thr(out)1 thr(in)16 conc_peak=16 pread=8.927s
DBG getmany L89 nw=16 wall=0.712s thr(out)1 thr(in)16 conc_peak=16 pread=9.076s
DBG getmany L90 nw=16 wall=0.499s thr(out)1 thr(in)16 conc_peak=16 pread=6.915s
DBG getmany L91 nw=16 wall=0.515s thr(out)1 thr(in)16 conc_peak=16 pread=6.501s
DBG getmany L92 nw=16 wall=0.241s thr(out)1 thr(in)16 conc_peak=16 pread=2.345s
config: /model/config.json (nested shape) | hidden=7168 layers=93 vocab=163840 | 24 MLA + 69 KDA | experts 896 top16 shared2 | latent=3584
  KV cache : 11.85 MB for 5 positions (2.37 MB/position)
Kimi K3, pure C, released checkpoint
  model    : /model
  prompt   : 1 tokens, generating 3

indexed 497220 tensors from 96 shards in 1.05 s
trunk on disk : 110.00 GB total (STREAMED from /mnt/nvme/trunk_layers_out, not held in RAM)

memory plan
  trunk (STREAMED) 32.00 GB
  embed + lm_head  4.70 GB
  expert cache     8.00 GB
  recurrent state  626.25 MB
  buffers          4.68 MB
  KV cache         11.83 MB
  TOTAL            45.34 GB
  available        57.65 GB

k3_trunk: trunk.bin absent - using per-layer slices (layer_%03d.bin)
trunk stream: 56.60 GB packed, 22/93 layers PINNED (29.30 GB), ring 2 x 1.30 GB
              reads use buffered I/O
              ring holds 2 slots: layers repeat over ~2 tokens, so recent ones are reused instead of re-read
trunk streaming enabled from /mnt/nvme/trunk_layers_out in 0.0 s
embedding, final norm and lm_head: 4.70 GB in 6.5 s

expert L1 eviction policy: heat
expert L2 cache enabled: 14589 slots x 17.55 MB = 256.00 GB on /mnt/nvme/experts.l2
expert L2 exact: nslot=14589 slot_bytes=17547264 l2_slot=17547264 K3_ST_ALIGN=4096
expert L2 eviction policy: heat
peak RSS after loading weights: 4.78 GB  (the plan above is a forecast, this is measured)
expert cache: 455 slots x 17.56 MB = 7.99 GB (0.55% of the 1.45 TB expert pool)

recurrent state for 93 layers: 626.25 MB

incremental decode: KV cache 11.83 MB for 24 MLA layers at 5 positions

STEP   TOKEN      SECONDS      CACHE HIT  READ GB    TOK/S
--------------------------------------------------------------------
0      220        108.37       100.0      25.83      0.009
  L2   resident=6779/14589 slots hit=100.0% read=25.83GB write=0.00GB
DBG getmany L1 nw=16 wall=0.254s thr(out)1 thr(in)16 conc_peak=16 pread=2.487s
DBG getmany L2 nw=16 wall=0.244s thr(out)1 thr(in)16 conc_peak=16 pread=2.367s
DBG getmany L3 nw=16 wall=0.244s thr(out)1 thr(in)16 conc_peak=16 pread=2.249s
DBG getmany L4 nw=16 wall=0.239s thr(out)1 thr(in)16 conc_peak=16 pread=2.230s
DBG getmany L5 nw=16 wall=0.237s thr(out)1 thr(in)16 conc_peak=16 pread=2.176s
DBG getmany L6 nw=16 wall=0.248s thr(out)1 thr(in)16 conc_peak=16 pread=2.345s
DBG getmany L7 nw=16 wall=0.237s thr(out)1 thr(in)16 conc_peak=16 pread=2.273s
DBG getmany L8 nw=16 wall=0.236s thr(out)1 thr(in)16 conc_peak=16 pread=2.147s
DBG getmany L9 nw=16 wall=0.245s thr(out)1 thr(in)16 conc_peak=16 pread=2.362s
DBG getmany L10 nw=16 wall=0.248s thr(out)1 thr(in)16 conc_peak=16 pread=2.257s
DBG getmany L11 nw=16 wall=0.244s thr(out)1 thr(in)16 conc_peak=16 pread=2.263s
DBG getmany L12 nw=16 wall=0.242s thr(out)1 thr(in)16 conc_peak=16 pread=2.262s
DBG getmany L13 nw=16 wall=0.245s thr(out)1 thr(in)16 conc_peak=16 pread=2.510s
DBG getmany L14 nw=16 wall=0.248s thr(out)1 thr(in)16 conc_peak=16 pread=2.331s
DBG getmany L15 nw=16 wall=0.248s thr(out)1 thr(in)16 conc_peak=16 pread=2.263s
DBG getmany L16 nw=16 wall=0.242s thr(out)1 thr(in)16 conc_peak=16 pread=2.192s
DBG getmany L17 nw=16 wall=0.241s thr(out)1 thr(in)16 conc_peak=16 pread=2.282s
DBG getmany L18 nw=16 wall=0.236s thr(out)1 thr(in)16 conc_peak=16 pread=2.270s
DBG getmany L19 nw=16 wall=0.247s thr(out)1 thr(in)16 conc_peak=16 pread=2.357s
DBG getmany L20 nw=16 wall=0.245s thr(out)1 thr(in)16 conc_peak=16 pread=2.417s
DBG getmany L21 nw=16 wall=0.707s thr(out)1 thr(in)16 conc_peak=16 pread=8.901s
DBG getmany L22 nw=16 wall=0.496s thr(out)1 thr(in)16 conc_peak=16 pread=6.157s
DBG getmany L23 nw=16 wall=0.662s thr(out)1 thr(in)16 conc_peak=16 pread=9.602s
DBG getmany L24 nw=16 wall=0.777s thr(out)1 thr(in)16 conc_peak=16 pread=10.293s
DBG getmany L25 nw=16 wall=0.630s thr(out)1 thr(in)16 conc_peak=16 pread=8.875s
DBG getmany L26 nw=16 wall=0.502s thr(out)1 thr(in)16 conc_peak=16 pread=6.133s
DBG getmany L27 nw=16 wall=0.702s thr(out)1 thr(in)16 conc_peak=16 pread=10.433s
DBG getmany L28 nw=16 wall=0.653s thr(out)1 thr(in)16 conc_peak=16 pread=8.787s
DBG getmany L29 nw=16 wall=0.694s thr(out)1 thr(in)16 conc_peak=16 pread=9.495s
DBG getmany L30 nw=16 wall=0.538s thr(out)1 thr(in)16 conc_peak=16 pread=7.161s
DBG getmany L31 nw=16 wall=0.675s thr(out)1 thr(in)16 conc_peak=16 pread=10.037s
DBG getmany L32 nw=16 wall=0.720s thr(out)1 thr(in)16 conc_peak=16 pread=9.094s
DBG getmany L33 nw=16 wall=0.729s thr(out)1 thr(in)16 conc_peak=16 pread=10.384s
DBG getmany L34 nw=16 wall=0.541s thr(out)1 thr(in)16 conc_peak=16 pread=7.487s
DBG getmany L35 nw=16 wall=0.740s thr(out)1 thr(in)16 conc_peak=16 pread=10.155s
DBG getmany L36 nw=16 wall=0.597s thr(out)1 thr(in)16 conc_peak=16 pread=7.771s
DBG getmany L37 nw=16 wall=0.708s thr(out)1 thr(in)16 conc_peak=16 pread=9.373s
DBG getmany L38 nw=16 wall=0.492s thr(out)1 thr(in)16 conc_peak=16 pread=5.708s
DBG getmany L39 nw=16 wall=0.760s thr(out)1 thr(in)16 conc_peak=16 pread=11.450s
DBG getmany L40 nw=16 wall=0.751s thr(out)1 thr(in)16 conc_peak=16 pread=11.281s
DBG getmany L41 nw=16 wall=0.675s thr(out)1 thr(in)16 conc_peak=16 pread=9.266s
DBG getmany L42 nw=16 wall=0.598s thr(out)1 thr(in)16 conc_peak=16 pread=8.871s
DBG getmany L43 nw=16 wall=0.714s thr(out)1 thr(in)16 conc_peak=16 pread=10.492s
DBG getmany L44 nw=16 wall=0.692s thr(out)1 thr(in)16 conc_peak=16 pread=9.000s
DBG getmany L45 nw=16 wall=0.736s thr(out)1 thr(in)16 conc_peak=16 pread=9.390s
DBG getmany L46 nw=16 wall=0.458s thr(out)1 thr(in)16 conc_peak=16 pread=5.779s
DBG getmany L47 nw=16 wall=0.744s thr(out)1 thr(in)16 conc_peak=16 pread=10.477s
DBG getmany L48 nw=16 wall=0.709s thr(out)1 thr(in)16 conc_peak=16 pread=10.541s
DBG getmany L49 nw=16 wall=0.713s thr(out)1 thr(in)16 conc_peak=16 pread=9.643s
DBG getmany L50 nw=16 wall=0.530s thr(out)1 thr(in)16 conc_peak=16 pread=7.545s
DBG getmany L51 nw=16 wall=0.720s thr(out)1 thr(in)16 conc_peak=16 pread=7.807s
DBG getmany L52 nw=16 wall=0.668s thr(out)1 thr(in)16 conc_peak=16 pread=8.512s
DBG getmany L53 nw=16 wall=0.722s thr(out)1 thr(in)16 conc_peak=16 pread=9.503s
DBG getmany L54 nw=16 wall=0.528s thr(out)1 thr(in)16 conc_peak=16 pread=7.655s
DBG getmany L55 nw=16 wall=0.726s thr(out)1 thr(in)16 conc_peak=16 pread=7.994s
DBG getmany L56 nw=16 wall=0.628s thr(out)1 thr(in)16 conc_peak=16 pread=9.002s
DBG getmany L57 nw=16 wall=0.733s thr(out)1 thr(in)16 conc_peak=16 pread=10.030s
DBG getmany L58 nw=16 wall=0.475s thr(out)1 thr(in)16 conc_peak=16 pread=6.501s
DBG getmany L59 nw=16 wall=0.688s thr(out)1 thr(in)16 conc_peak=16 pread=7.459s
DBG getmany L60 nw=16 wall=0.655s thr(out)1 thr(in)16 conc_peak=16 pread=9.423s
DBG getmany L61 nw=16 wall=0.659s thr(out)1 thr(in)16 conc_peak=16 pread=8.531s
DBG getmany L62 nw=16 wall=0.501s thr(out)1 thr(in)16 conc_peak=16 pread=6.972s
DBG getmany L63 nw=16 wall=0.717s thr(out)1 thr(in)16 conc_peak=16 pread=9.583s
DBG getmany L64 nw=16 wall=0.729s thr(out)1 thr(in)16 conc_peak=16 pread=10.544s
DBG getmany L65 nw=16 wall=0.709s thr(out)1 thr(in)16 conc_peak=16 pread=9.378s
DBG getmany L66 nw=16 wall=0.500s thr(out)1 thr(in)16 conc_peak=16 pread=7.103s
DBG getmany L67 nw=16 wall=0.734s thr(out)1 thr(in)16 conc_peak=16 pread=10.460s
DBG getmany L68 nw=16 wall=0.674s thr(out)1 thr(in)16 conc_peak=16 pread=9.201s
DBG getmany L69 nw=16 wall=0.642s thr(out)1 thr(in)16 conc_peak=16 pread=7.562s
DBG getmany L70 nw=16 wall=0.535s thr(out)1 thr(in)16 conc_peak=16 pread=6.935s
DBG getmany L71 nw=16 wall=0.812s thr(out)1 thr(in)16 conc_peak=16 pread=11.180s
DBG getmany L72 nw=16 wall=0.726s thr(out)1 thr(in)16 conc_peak=16 pread=10.848s
DBG getmany L73 nw=16 wall=0.704s thr(out)1 thr(in)16 conc_peak=16 pread=9.708s
DBG getmany L74 nw=16 wall=0.538s thr(out)1 thr(in)16 conc_peak=16 pread=7.806s
DBG getmany L75 nw=16 wall=0.756s thr(out)1 thr(in)16 conc_peak=16 pread=10.489s
DBG getmany L76 nw=16 wall=0.680s thr(out)1 thr(in)16 conc_peak=16 pread=8.715s
DBG getmany L77 nw=16 wall=0.715s thr(out)1 thr(in)16 conc_peak=16 pread=9.902s
DBG getmany L78 nw=16 wall=0.539s thr(out)1 thr(in)16 conc_peak=16 pread=6.960s
DBG getmany L79 nw=16 wall=0.669s thr(out)1 thr(in)16 conc_peak=16 pread=9.251s
DBG getmany L80 nw=16 wall=0.689s thr(out)1 thr(in)16 conc_peak=16 pread=9.835s
DBG getmany L81 nw=16 wall=0.719s thr(out)1 thr(in)16 conc_peak=16 pread=9.606s
DBG getmany L82 nw=16 wall=0.527s thr(out)1 thr(in)16 conc_peak=16 pread=6.820s
DBG getmany L83 nw=16 wall=0.737s thr(out)1 thr(in)16 conc_peak=16 pread=10.233s
DBG getmany L84 nw=16 wall=0.680s thr(out)1 thr(in)16 conc_peak=16 pread=9.825s
DBG getmany L85 nw=16 wall=0.712s thr(out)1 thr(in)16 conc_peak=16 pread=10.368s
DBG getmany L86 nw=16 wall=0.482s thr(out)1 thr(in)16 conc_peak=16 pread=6.650s
DBG getmany L87 nw=16 wall=12.185s thr(out)1 thr(in)16 conc_peak=16 pread=144.471s
DBG getmany L88 nw=16 wall=0.691s thr(out)1 thr(in)16 conc_peak=16 pread=7.695s
DBG getmany L89 nw=16 wall=0.687s thr(out)1 thr(in)16 conc_peak=16 pread=8.998s
DBG getmany L90 nw=16 wall=0.465s thr(out)1 thr(in)16 conc_peak=16 pread=6.218s
DBG getmany L91 nw=16 wall=0.508s thr(out)1 thr(in)16 conc_peak=16 pread=7.239s
DBG getmany L92 nw=16 wall=0.255s thr(out)1 thr(in)16 conc_peak=16 pread=2.398s
1      802        87.88        100.0      25.83      0.011
  L2   resident=6779/14589 slots hit=100.0% read=51.66GB write=0.00GB
DBG getmany L1 nw=16 wall=0.257s thr(out)1 thr(in)16 conc_peak=16 pread=2.405s
DBG getmany L2 nw=15 wall=0.238s thr(out)1 thr(in)16 conc_peak=15 pread=2.118s
DBG getmany L3 nw=13 wall=0.217s thr(out)1 thr(in)16 conc_peak=13 pread=1.565s
DBG getmany L4 nw=15 wall=0.241s thr(out)1 thr(in)16 conc_peak=15 pread=2.041s
DBG getmany L5 nw=16 wall=0.255s thr(out)1 thr(in)16 conc_peak=16 pread=2.347s
DBG getmany L6 nw=15 wall=0.253s thr(out)1 thr(in)16 conc_peak=15 pread=2.353s
DBG getmany L7 nw=15 wall=0.224s thr(out)1 thr(in)16 conc_peak=15 pread=2.104s
DBG getmany L8 nw=16 wall=0.234s thr(out)1 thr(in)16 conc_peak=16 pread=2.283s
DBG getmany L9 nw=15 wall=0.220s thr(out)1 thr(in)16 conc_peak=15 pread=1.875s
DBG getmany L10 nw=15 wall=0.224s thr(out)1 thr(in)16 conc_peak=15 pread=1.921s
DBG getmany L11 nw=15 wall=0.226s thr(out)1 thr(in)16 conc_peak=15 pread=2.109s
DBG getmany L12 nw=15 wall=0.226s thr(out)1 thr(in)16 conc_peak=15 pread=1.980s
DBG getmany L13 nw=16 wall=0.246s thr(out)1 thr(in)16 conc_peak=16 pread=2.544s
DBG getmany L14 nw=15 wall=0.229s thr(out)1 thr(in)16 conc_peak=15 pread=2.051s
DBG getmany L15 nw=16 wall=0.250s thr(out)1 thr(in)16 conc_peak=16 pread=2.337s
DBG getmany L16 nw=15 wall=0.235s thr(out)1 thr(in)16 conc_peak=15 pread=2.207s
DBG getmany L17 nw=16 wall=0.242s thr(out)1 thr(in)16 conc_peak=16 pread=2.355s
DBG getmany L18 nw=16 wall=0.247s thr(out)1 thr(in)16 conc_peak=16 pread=2.388s
DBG getmany L19 nw=16 wall=0.246s thr(out)1 thr(in)16 conc_peak=16 pread=2.425s
DBG getmany L20 nw=16 wall=0.241s thr(out)1 thr(in)16 conc_peak=16 pread=2.165s
DBG getmany L21 nw=16 wall=0.676s thr(out)1 thr(in)16 conc_peak=16 pread=8.731s
DBG getmany L22 nw=16 wall=0.462s thr(out)1 thr(in)16 conc_peak=16 pread=5.788s
DBG getmany L23 nw=15 wall=0.649s thr(out)1 thr(in)16 conc_peak=15 pread=8.112s
DBG getmany L24 nw=13 wall=0.730s thr(out)1 thr(in)16 conc_peak=13 pread=8.495s
DBG getmany L25 nw=15 wall=0.690s thr(out)1 thr(in)16 conc_peak=15 pread=9.312s
DBG getmany L26 nw=15 wall=0.496s thr(out)1 thr(in)16 conc_peak=15 pread=6.141s
DBG getmany L27 nw=16 wall=0.685s thr(out)1 thr(in)16 conc_peak=16 pread=10.093s
DBG getmany L28 nw=15 wall=12.231s thr(out)1 thr(in)16 conc_peak=15 pread=143.103s
DBG getmany L29 nw=16 wall=0.733s thr(out)1 thr(in)16 conc_peak=16 pread=7.525s
DBG getmany L30 nw=16 wall=0.517s thr(out)1 thr(in)16 conc_peak=16 pread=6.914s
DBG getmany L31 nw=16 wall=0.763s thr(out)1 thr(in)16 conc_peak=16 pread=9.961s
DBG getmany L32 nw=14 wall=0.693s thr(out)1 thr(in)16 conc_peak=14 pread=8.202s
DBG getmany L33 nw=15 wall=0.793s thr(out)1 thr(in)16 conc_peak=15 pread=9.437s
DBG getmany L34 nw=16 wall=0.554s thr(out)1 thr(in)16 conc_peak=16 pread=8.138s
DBG getmany L35 nw=16 wall=0.751s thr(out)1 thr(in)16 conc_peak=16 pread=10.413s
DBG getmany L36 nw=14 wall=0.687s thr(out)1 thr(in)16 conc_peak=14 pread=8.669s
DBG getmany L37 nw=16 wall=0.769s thr(out)1 thr(in)16 conc_peak=16 pread=10.692s
DBG getmany L38 nw=16 wall=0.466s thr(out)1 thr(in)16 conc_peak=16 pread=6.317s
DBG getmany L39 nw=16 wall=0.742s thr(out)1 thr(in)16 conc_peak=16 pread=9.965s
DBG getmany L40 nw=16 wall=0.748s thr(out)1 thr(in)16 conc_peak=16 pread=10.338s
DBG getmany L41 nw=16 wall=0.694s thr(out)1 thr(in)16 conc_peak=16 pread=9.397s
DBG getmany L42 nw=16 wall=0.505s thr(out)1 thr(in)16 conc_peak=16 pread=6.885s
DBG getmany L43 nw=16 wall=0.723s thr(out)1 thr(in)16 conc_peak=16 pread=9.912s
DBG getmany L44 nw=16 wall=0.723s thr(out)1 thr(in)16 conc_peak=16 pread=10.405s
DBG getmany L45 nw=16 wall=0.691s thr(out)1 thr(in)16 conc_peak=16 pread=7.749s
DBG getmany L46 nw=15 wall=0.449s thr(out)1 thr(in)16 conc_peak=15 pread=5.465s
DBG getmany L47 nw=15 wall=0.714s thr(out)1 thr(in)16 conc_peak=15 pread=8.742s
DBG getmany L48 nw=15 wall=0.692s thr(out)1 thr(in)16 conc_peak=15 pread=8.958s
DBG getmany L49 nw=15 wall=0.750s thr(out)1 thr(in)16 conc_peak=15 pread=9.420s
DBG getmany L50 nw=16 wall=0.527s thr(out)1 thr(in)16 conc_peak=16 pread=6.887s
DBG getmany L51 nw=16 wall=0.588s thr(out)1 thr(in)16 conc_peak=16 pread=7.486s
DBG getmany L52 nw=16 wall=0.682s thr(out)1 thr(in)16 conc_peak=16 pread=8.641s
DBG getmany L53 nw=15 wall=0.720s thr(out)1 thr(in)16 conc_peak=15 pread=8.524s
DBG getmany L54 nw=16 wall=0.494s thr(out)1 thr(in)16 conc_peak=16 pread=5.658s
DBG getmany L55 nw=16 wall=0.708s thr(out)1 thr(in)16 conc_peak=16 pread=9.627s
DBG getmany L56 nw=16 wall=0.459s thr(out)1 thr(in)16 conc_peak=16 pread=5.165s
DBG getmany L57 nw=16 wall=0.706s thr(out)1 thr(in)16 conc_peak=16 pread=10.204s
DBG getmany L58 nw=16 wall=0.534s thr(out)1 thr(in)16 conc_peak=16 pread=7.390s
DBG getmany L59 nw=16 wall=0.740s thr(out)1 thr(in)16 conc_peak=16 pread=7.463s
DBG getmany L60 nw=16 wall=0.766s thr(out)1 thr(in)16 conc_peak=16 pread=11.321s
DBG getmany L61 nw=16 wall=0.663s thr(out)1 thr(in)16 conc_peak=16 pread=8.914s
DBG getmany L62 nw=16 wall=0.477s thr(out)1 thr(in)16 conc_peak=16 pread=6.546s
DBG getmany L63 nw=16 wall=0.743s thr(out)1 thr(in)16 conc_peak=16 pread=9.155s
DBG getmany L64 nw=16 wall=0.754s thr(out)1 thr(in)16 conc_peak=16 pread=9.421s
DBG getmany L65 nw=16 wall=0.697s thr(out)1 thr(in)16 conc_peak=16 pread=8.921s
DBG getmany L66 nw=16 wall=0.434s thr(out)1 thr(in)16 conc_peak=16 pread=5.574s
DBG getmany L67 nw=16 wall=0.733s thr(out)1 thr(in)16 conc_peak=16 pread=9.859s
DBG getmany L68 nw=16 wall=0.662s thr(out)1 thr(in)16 conc_peak=16 pread=9.809s
DBG getmany L69 nw=16 wall=0.759s thr(out)1 thr(in)16 conc_peak=16 pread=11.147s
DBG getmany L70 nw=16 wall=0.501s thr(out)1 thr(in)16 conc_peak=16 pread=5.976s
DBG getmany L71 nw=16 wall=0.777s thr(out)1 thr(in)16 conc_peak=16 pread=11.543s
DBG getmany L72 nw=16 wall=0.759s thr(out)1 thr(in)16 conc_peak=16 pread=10.691s
DBG getmany L73 nw=16 wall=0.599s thr(out)1 thr(in)16 conc_peak=16 pread=8.102s
DBG getmany L74 nw=16 wall=0.496s thr(out)1 thr(in)16 conc_peak=16 pread=6.405s
DBG getmany L75 nw=16 wall=0.741s thr(out)1 thr(in)16 conc_peak=16 pread=9.061s
DBG getmany L76 nw=16 wall=0.642s thr(out)1 thr(in)16 conc_peak=16 pread=8.247s
DBG getmany L77 nw=16 wall=0.602s thr(out)1 thr(in)16 conc_peak=16 pread=7.292s
DBG getmany L78 nw=16 wall=0.527s thr(out)1 thr(in)16 conc_peak=16 pread=7.369s
DBG getmany L79 nw=16 wall=0.658s thr(out)1 thr(in)16 conc_peak=16 pread=9.200s
DBG getmany L80 nw=16 wall=0.701s thr(out)1 thr(in)16 conc_peak=16 pread=10.121s
DBG getmany L81 nw=15 wall=0.752s thr(out)1 thr(in)16 conc_peak=15 pread=10.087s
DBG getmany L82 nw=16 wall=0.518s thr(out)1 thr(in)16 conc_peak=16 pread=6.694s
DBG getmany L83 nw=13 wall=0.677s thr(out)1 thr(in)16 conc_peak=13 pread=7.694s
DBG getmany L84 nw=13 wall=0.680s thr(out)1 thr(in)16 conc_peak=13 pread=7.127s
DBG getmany L85 nw=14 wall=0.664s thr(out)1 thr(in)16 conc_peak=14 pread=8.642s
DBG getmany L86 nw=16 wall=0.483s thr(out)1 thr(in)16 conc_peak=16 pread=5.959s
DBG getmany L87 nw=13 wall=0.681s thr(out)1 thr(in)16 conc_peak=13 pread=7.919s
DBG getmany L88 nw=15 wall=0.654s thr(out)1 thr(in)16 conc_peak=15 pread=8.788s
DBG getmany L89 nw=13 wall=0.740s thr(out)1 thr(in)16 conc_peak=13 pread=7.881s
DBG getmany L90 nw=12 wall=0.436s thr(out)1 thr(in)16 conc_peak=12 pread=4.065s
DBG getmany L91 nw=13 wall=0.483s thr(out)1 thr(in)16 conc_peak=13 pread=5.854s
DBG getmany L92 nw=13 wall=0.198s thr(out)1 thr(in)16 conc_peak=13 pread=1.522s
2      24         88.56        100.0      24.85      0.011
  L2   resident=6779/14589 slots hit=100.0% read=76.51GB write=0.00GB
--------------------------------------------------------------------
3 tokens in 284.8 s, 94.94 s/token average
PEAK RSS for the whole run: 30.16 GB   <- quote this, not the plan
layers completed: 93/93; routed expert drops: 0


[chip] simulated MXFP4 GEMV bill over 4 tokens
  4416 expert chains | 291722231808 flops | 77488717824 bytes (77.49 GB)
  per token: 1104 chains | 19.37 GB | 0.07 Gflops
  compute wall @ 4 TFLOPS : 0.07 s (18.23 ms/token)
  bandwidth wall @ 200 GB/s : 0.39 s (96.86 ms/token)
  -> bandwidth-bound; to be compute-bound at 4 TFLOPS this needs 1062 GB/s
  expert fetch (host wall, measured): 185.30 s moving 77.49 GB = 0 GB/s
  chip pool wall (measured): 28.47 s

cache [final step]
  slots        : 455 of 17.56 MB = 7.99 GB arena (455 resident, 0 pinned)
  requests     : 1472  hits 1472 (100.00%)  misses 0  evictions 1416
  of those hits : 1416 came from the batch prefetch, i.e. read from disk
                  this token; TRUE resident hit rate 3.80%
  read from disk: 24.85 GB in 62.34 s (399 MB/s while loading)
  phase2 i/o    : 24.86 GB in 62.34 s (399 MB/s)  [pure parallel disk read]
l2cache [final step]
  requests     : 4360  hits 4360 (100.00%)  misses 0
  read  from sdd7: 76.51 GB, written 0.00 GB
  fd split  : 3645 O_DIRECT, 0 BUFFERED (0.00% buffered)
  hit I/O   : 76.51 GB in 184.00 s (wall) = 416 MB/s [pread 2333.10 s, 33 MB/s per-thread]
  miss I/O  : 0 misses, 0.00 GB from /model in 0.00 s (wall) = 0 MB/s
  restored from meta: 6779 slots
kio tier0: 4595 reqs, 216.66 GB delivered | per-stream 87 MB/s, aggregate 761 MB/s, concurrency 8.7x | queue 67.3 s (2.7% of io), submit-lock 3.8 s, worker-lock 0.1 s, sleep 2196.7 s in 8336 waits (48% of worker-time)
      group0: 235 reqs, 140.16 GB | per-stream 659 MB/s | queue 0.2 s (0.1%)
      group1: 4360 reqs, 76.51 GB | per-stream 34 MB/s | queue 67.1 s (3.0%)

wrote reports/gateab_ab/v62_policy/heat8_r3/ctrl.json
I/O share of wall clock: 139.4%  (trunk 213.1 s + experts 184.0 s of 284.8 s)
  both figures are WHOLE-RUN totals over 3 steps
  expert phase split: phase1 SERIAL reserve 0.2 s (552 calls) vs phase2 read 184.0 s
  over 100% because trunk reads overlap compute on the reader thread;
  112.3 s of device time was hidden behind arithmetic
  experts, whole run: 76.51 GB read | 511 of 4416 requests retained in RAM (11.57%) | 3905 evictions
    (retention = requests - evictions; the raw `hits` counter includes
     experts the prefetcher had just read from disk, so it is not a
     measure of avoided I/O)

trunk [final]
  pinned 22/93 layers, ring 2 slots
  binds 279, hits 44 (15.8%), reads 235
  read 140.16 GB in 213.10 s (658 MB/s pread)
  per-layer loads [L]=count: 0=1 1=1 2=1 3=1 4=1 5=1 6=1 7=1 8=1 9=1 10=1 11=1 12=1 13=1 14=1 15=1 16=1 17=1 18=1 19=1 20=1 21=1 22=3 23=3 24=3 25=3 26=3 27=3 28=3 29=3 30=3 31=3 32=3 33=3 34=3 35=3 36=3 37=3 38=3 39=3 40=3 41=3 42=3 43=3 44=3 45=3 46=3 47=3 48=3 49=3 50=3 51=3 52=3 53=3 54=3 55=3 56=3 57=3 58=3 59=3 60=3 61=3 62=3 63=3 64=3 65=3 66=3 67=3 68=3 69=3 70=3 71=3 72=3 73=3 74=3 75=3 76=3 77=3 78=3 79=3 80=3 81=3 82=3 83=3 84=3 85=3 86=3 87=3 88=3 89=3 90=3 91=3 92=3
  bind wall 24.52 s over 279 binds; read 213.10 + widen 2.14 = 215.24 s of device work,
                    of which 190.72 s (89%) overlapped compute on the reader thread
  widen breakdown: find 5 ms (7365)  copy 0 ms (3444)  deq 2133 ms (2370)  timed 2 s of widen 2.14 s
