k3 chip: 4 workers, 4 TFLOPS, 200 GB/s simulated wall
DBG getmany L1 nw=64 wall=2.872s thr(out)1 thr(in)16 conc_peak=16 pread=44.368s
DBG getmany L2 nw=64 wall=0.660s thr(out)1 thr(in)16 conc_peak=16 pread=9.665s
DBG getmany L3 nw=61 wall=11.172s thr(out)1 thr(in)16 conc_peak=16 pread=177.761s
DBG getmany L4 nw=48 wall=0.625s thr(out)1 thr(in)16 conc_peak=16 pread=7.665s
DBG getmany L5 nw=64 wall=2.210s thr(out)1 thr(in)16 conc_peak=16 pread=30.954s
DBG getmany L6 nw=64 wall=6.409s thr(out)1 thr(in)16 conc_peak=16 pread=92.270s
DBG getmany L7 nw=64 wall=1.515s thr(out)1 thr(in)16 conc_peak=16 pread=21.409s
DBG getmany L8 nw=64 wall=0.613s thr(out)1 thr(in)16 conc_peak=16 pread=8.872s
DBG getmany L9 nw=64 wall=0.620s thr(out)1 thr(in)16 conc_peak=16 pread=8.978s
DBG getmany L10 nw=59 wall=0.569s thr(out)1 thr(in)16 conc_peak=16 pread=8.097s
DBG getmany L11 nw=64 wall=0.626s thr(out)1 thr(in)16 conc_peak=16 pread=9.106s
config: /model/config.json (nested shape) | hidden=7168 layers=93 vocab=163840 | 24 MLA + 69 KDA | experts 896 top16 shared2 | latent=3584
NOTE: binding only the first 12 of 93 layers. Output is NOT the full model; it is a partial stack for testing the machinery.

  KV cache : 23.70 MB for 10 positions (2.37 MB/position)
Kimi K3, pure C, released checkpoint
  model    : /model
  prompt   : 6 tokens, generating 3

indexed 497220 tensors from 96 shards in 4.06 s
trunk on disk : 15.16 GB total (STREAMED from /mnt/nvme/trunk_layers_out, not held in RAM)

memory plan
  trunk (STREAMED) 12.00 GB
  embed + lm_head  4.70 GB
  expert cache     8.00 GB
  recurrent state  80.81 MB
  buffers          8.02 MB
  KV cache         23.65 MB
  TOTAL            24.81 GB
  available        28.59 GB

k3_trunk: trunk.bin absent - using per-layer slices (layer_%03d.bin)
trunk stream: 56.60 GB packed, 4/93 layers PINNED (6.70 GB), ring 4 x 1.30 GB
              reads use buffered I/O
              ring holds 4 slots: layers repeat over ~4 tokens, so recent ones are reused instead of re-read
trunk streaming enabled from /mnt/nvme/trunk_layers_out in 0.0 s
embedding, final norm and lm_head: 4.70 GB in 111.7 s

expert L2 cache enabled: 11397 slots x 17.55 MB = 199.99 GB on /mnt/nvme/experts.l2
expert L2 eviction policy: heat
peak RSS after loading weights: 4.78 GB  (the plan above is a forecast, this is measured)
expert cache: 455 slots x 17.56 MB = 7.99 GB (0.55% of the 1.45 TB expert pool)

recurrent state for 12 layers: 80.81 MB

incremental decode: KV cache 2.96 MB for 3 MLA layers at 10 positions

STEP   TOKEN      SECONDS      CACHE HIT  READ GB    TOK/S
--------------------------------------------------------------------
0      58283      127.59       88.4       13.49      0.008
  L2   resident=6298/11397 slots hit=100.0% read=11.90GB write=0.00GB
DBG getmany L1 nw=31 wall=2.746s thr(out)1 thr(in)16 conc_peak=16 pread=2.031s
DBG getmany L2 nw=30 wall=2.701s thr(out)1 thr(in)16 conc_peak=16 pread=2.378s
DBG getmany L3 nw=28 wall=3.180s thr(out)1 thr(in)16 conc_peak=16 pread=1.750s
DBG getmany L4 nw=23 wall=2.376s thr(out)1 thr(in)16 conc_peak=16 pread=1.430s
DBG getmany L5 nw=24 wall=2.719s thr(out)1 thr(in)16 conc_peak=16 pread=1.081s
DBG getmany L6 nw=26 wall=2.118s thr(out)1 thr(in)16 conc_peak=16 pread=1.452s
DBG getmany L7 nw=23 wall=1.676s thr(out)1 thr(in)16 conc_peak=16 pread=1.673s
DBG getmany L8 nw=19 wall=2.515s thr(out)1 thr(in)16 conc_peak=16 pread=0.849s
DBG getmany L9 nw=16 wall=2.085s thr(out)1 thr(in)16 conc_peak=16 pread=0.824s
DBG getmany L10 nw=15 wall=1.919s thr(out)1 thr(in)16 conc_peak=15 pread=0.638s
DBG getmany L11 nw=17 wall=1.768s thr(out)1 thr(in)16 conc_peak=16 pread=1.033s
1      138598     36.81        99.3       4.46       0.027
  L2   resident=6298/11397 slots hit=92.7% read=15.06GB write=1.26GB
--------------------------------------------------------------------
3 tokens in 164.4 s, 54.80 s/token average
PEAK RSS for the whole run: 19.70 GB   <- quote this, not the plan
layers completed: 12/12; routed expert drops: 0


[chip] simulated MXFP4 GEMV bill over 9 tokens
  1408 expert chains | 93012885504 flops | 24706547712 bytes (24.71 GB)
  per token: 156 chains | 2.75 GB | 0.01 Gflops
  compute wall @ 4 TFLOPS : 0.02 s (2.58 ms/token)
  bandwidth wall @ 200 GB/s : 0.12 s (13.73 ms/token)
  -> bandwidth-bound; to be compute-bound at 4 TFLOPS this needs 1062 GB/s
  expert fetch (host wall, measured): 80.23 s moving 18.51 GB = 0 GB/s
  chip pool wall (measured): 27.20 s

cache [final step]
  slots        : 455 of 17.56 MB = 7.99 GB arena (455 resident, 0 pinned)
  requests     : 286  hits 284 (99.30%)  misses 2  evictions 254
  of those hits : 252 came from the batch prefetch, i.e. read from disk
                  this token; TRUE resident hit rate 11.19%
  read from disk: 4.46 GB in 26.26 s (170 MB/s while loading)
  phase2 i/o    : 4.42 GB in 25.80 s (171 MB/s)  [pure parallel disk read]
l2cache [final step]
  requests     : 926  hits 858 (92.66%)  misses 68
  read  from sdd7: 15.06 GB, written 1.26 GB
  hit I/O   : 15.06 GB in 30.88 s (wall) = 488 MB/s [pread 434.28 s, 35 MB/s per-thread]
  miss I/O  : 68 misses, 1.19 GB from /model in 22.81 s (wall) = 52 MB/s
  restored from meta: 6298 slots

wrote reports/loop_v7_001002/b.json
I/O share of wall clock: 98.9%  (trunk 86.3 s + experts 76.4 s of 164.4 s)
  both figures are WHOLE-RUN totals over 3 steps
  experts, whole run: 17.95 GB read | 487 of 1055 requests retained in RAM (46.16%) | 568 evictions
    (retention = requests - evictions; the raw `hits` counter includes
     experts the prefetcher had just read from disk, so it is not a
     measure of avoided I/O)

trunk [final]
  pinned 4/93 layers, ring 4 slots
  binds 24, hits 5 (20.8%), reads 19
  read 12.89 GB in 54.27 s (238 MB/s pread) + 32.01 s parked on the expert gate
  per-layer loads [L]=count: 0=1 1=1 2=1 3=1 4=2 5=2 6=2 7=2 8=1 9=2 10=2 11=2 12=0 13=0 14=0 15=0 16=0 17=0 18=0 19=0 20=0 21=0 22=0 23=0 24=0 25=0 26=0 27=0 28=0 29=0 30=0 31=0 32=0 33=0 34=0 35=0 36=0 37=0 38=0 39=0 40=0 41=0 42=0 43=0 44=0 45=0 46=0 47=0 48=0 49=0 50=0 51=0 52=0 53=0 54=0 55=0 56=0 57=0 58=0 59=0 60=0 61=0 62=0 63=0 64=0 65=0 66=0 67=0 68=0 69=0 70=0 71=0 72=0 73=0 74=0 75=0 76=0 77=0 78=0 79=0 80=0 81=0 82=0 83=0 84=0 85=0 86=0 87=0 88=0 89=0 90=0 91=0 92=0
  bind wall 42.09 s over 24 binds; read 54.27 + widen 1.13 = 55.40 s of device work,
                    of which 13.31 s (24%) overlapped compute on the reader thread
  widen breakdown: find 338 ms (626)  copy 0 ms (274)  deq 789 ms (200)  timed 1 s of widen 1.13 s
