L2 auto: 209 GB free on /mnt/nvme -> L2 at 256 GB
k3 chip: 4 workers, 4 TFLOPS, 200 GB/s simulated wall
DBG getmany L1 nw=16 wall=0.196s thr(out)1 thr(in)16 conc_peak=16 pread=2.210s
DBG getmany L2 nw=16 wall=0.192s thr(out)1 thr(in)16 conc_peak=16 pread=2.051s
DBG getmany L3 nw=16 wall=0.202s thr(out)1 thr(in)16 conc_peak=16 pread=2.129s
DBG getmany L4 nw=16 wall=0.193s thr(out)1 thr(in)16 conc_peak=16 pread=2.083s
DBG getmany L5 nw=16 wall=0.192s thr(out)1 thr(in)16 conc_peak=16 pread=2.051s
DBG getmany L6 nw=16 wall=0.195s thr(out)1 thr(in)16 conc_peak=16 pread=2.085s
DBG getmany L7 nw=16 wall=0.187s thr(out)1 thr(in)16 conc_peak=16 pread=1.836s
DBG getmany L8 nw=16 wall=0.186s thr(out)1 thr(in)16 conc_peak=16 pread=1.910s
DBG getmany L9 nw=16 wall=0.199s thr(out)1 thr(in)16 conc_peak=16 pread=2.157s
DBG getmany L10 nw=16 wall=0.203s thr(out)1 thr(in)16 conc_peak=16 pread=2.161s
DBG getmany L11 nw=16 wall=0.201s thr(out)1 thr(in)16 conc_peak=16 pread=2.130s
DBG getmany L12 nw=16 wall=0.201s thr(out)1 thr(in)16 conc_peak=16 pread=2.184s
DBG getmany L13 nw=16 wall=0.206s thr(out)1 thr(in)16 conc_peak=16 pread=2.186s
DBG getmany L14 nw=16 wall=0.199s thr(out)1 thr(in)16 conc_peak=16 pread=2.150s
DBG getmany L15 nw=16 wall=0.208s thr(out)1 thr(in)16 conc_peak=16 pread=2.241s
DBG getmany L16 nw=16 wall=1.393s thr(out)1 thr(in)16 conc_peak=16 pread=19.732s
DBG getmany L17 nw=16 wall=0.203s thr(out)1 thr(in)16 conc_peak=16 pread=2.151s
DBG getmany L18 nw=16 wall=0.202s thr(out)1 thr(in)16 conc_peak=16 pread=2.078s
DBG getmany L19 nw=16 wall=0.215s thr(out)1 thr(in)16 conc_peak=16 pread=2.307s
DBG getmany L20 nw=16 wall=0.200s thr(out)1 thr(in)16 conc_peak=16 pread=2.082s
DBG getmany L21 nw=16 wall=0.238s thr(out)1 thr(in)16 conc_peak=16 pread=2.143s
DBG getmany L22 nw=16 wall=0.292s thr(out)1 thr(in)16 conc_peak=16 pread=2.222s
DBG getmany L23 nw=16 wall=0.504s thr(out)1 thr(in)16 conc_peak=16 pread=5.556s
DBG getmany L24 nw=16 wall=0.461s thr(out)1 thr(in)16 conc_peak=16 pread=5.055s
DBG getmany L25 nw=16 wall=0.551s thr(out)1 thr(in)16 conc_peak=16 pread=6.038s
DBG getmany L26 nw=16 wall=0.386s thr(out)1 thr(in)16 conc_peak=16 pread=5.103s
DBG getmany L27 nw=16 wall=0.514s thr(out)1 thr(in)16 conc_peak=15 pread=7.350s
DBG getmany L28 nw=16 wall=0.479s thr(out)1 thr(in)16 conc_peak=16 pread=5.931s
DBG getmany L29 nw=16 wall=0.526s thr(out)1 thr(in)16 conc_peak=16 pread=7.189s
DBG getmany L30 nw=16 wall=0.404s thr(out)1 thr(in)16 conc_peak=16 pread=5.548s
DBG getmany L31 nw=16 wall=0.579s thr(out)1 thr(in)16 conc_peak=16 pread=8.632s
DBG getmany L32 nw=16 wall=0.554s thr(out)1 thr(in)16 conc_peak=16 pread=7.599s
DBG getmany L33 nw=16 wall=0.600s thr(out)1 thr(in)16 conc_peak=16 pread=8.524s
DBG getmany L34 nw=16 wall=0.421s thr(out)1 thr(in)16 conc_peak=16 pread=5.425s
DBG getmany L35 nw=16 wall=0.563s thr(out)1 thr(in)16 conc_peak=16 pread=7.689s
DBG getmany L36 nw=16 wall=0.560s thr(out)1 thr(in)16 conc_peak=16 pread=6.927s
DBG getmany L37 nw=16 wall=0.554s thr(out)1 thr(in)16 conc_peak=16 pread=7.972s
DBG getmany L38 nw=16 wall=0.395s thr(out)1 thr(in)16 conc_peak=16 pread=5.533s
DBG getmany L39 nw=16 wall=0.575s thr(out)1 thr(in)16 conc_peak=16 pread=8.432s
DBG getmany L40 nw=16 wall=0.552s thr(out)1 thr(in)16 conc_peak=16 pread=6.681s
DBG getmany L41 nw=16 wall=0.508s thr(out)1 thr(in)16 conc_peak=16 pread=6.499s
DBG getmany L42 nw=16 wall=0.398s thr(out)1 thr(in)16 conc_peak=15 pread=5.612s
DBG getmany L43 nw=16 wall=0.582s thr(out)1 thr(in)16 conc_peak=16 pread=8.016s
DBG getmany L44 nw=16 wall=0.558s thr(out)1 thr(in)16 conc_peak=16 pread=7.317s
DBG getmany L45 nw=16 wall=0.564s thr(out)1 thr(in)16 conc_peak=16 pread=7.530s
DBG getmany L46 nw=16 wall=0.354s thr(out)1 thr(in)16 conc_peak=16 pread=4.845s
DBG getmany L47 nw=16 wall=0.546s thr(out)1 thr(in)16 conc_peak=16 pread=6.093s
DBG getmany L48 nw=16 wall=0.577s thr(out)1 thr(in)16 conc_peak=16 pread=7.168s
DBG getmany L49 nw=16 wall=0.584s thr(out)1 thr(in)16 conc_peak=16 pread=6.992s
DBG getmany L50 nw=16 wall=0.439s thr(out)1 thr(in)16 conc_peak=16 pread=5.705s
DBG getmany L51 nw=16 wall=0.572s thr(out)1 thr(in)16 conc_peak=16 pread=7.696s
DBG getmany L52 nw=16 wall=0.511s thr(out)1 thr(in)16 conc_peak=16 pread=6.148s
DBG getmany L53 nw=16 wall=0.572s thr(out)1 thr(in)16 conc_peak=16 pread=7.139s
DBG getmany L54 nw=16 wall=0.454s thr(out)1 thr(in)16 conc_peak=16 pread=6.047s
DBG getmany L55 nw=16 wall=0.605s thr(out)1 thr(in)16 conc_peak=16 pread=8.917s
DBG getmany L56 nw=16 wall=0.199s thr(out)1 thr(in)16 conc_peak=16 pread=1.762s
DBG getmany L57 nw=16 wall=0.595s thr(out)1 thr(in)16 conc_peak=16 pread=7.341s
DBG getmany L58 nw=16 wall=0.414s thr(out)1 thr(in)16 conc_peak=16 pread=5.444s
DBG getmany L59 nw=16 wall=0.568s thr(out)1 thr(in)16 conc_peak=16 pread=8.223s
DBG getmany L60 nw=16 wall=0.573s thr(out)1 thr(in)16 conc_peak=16 pread=8.521s
DBG getmany L61 nw=16 wall=0.596s thr(out)1 thr(in)16 conc_peak=16 pread=8.983s
DBG getmany L62 nw=16 wall=0.427s thr(out)1 thr(in)16 conc_peak=16 pread=5.759s
DBG getmany L63 nw=16 wall=0.618s thr(out)1 thr(in)16 conc_peak=16 pread=8.879s
DBG getmany L64 nw=16 wall=0.576s thr(out)1 thr(in)16 conc_peak=16 pread=8.091s
DBG getmany L65 nw=16 wall=0.572s thr(out)1 thr(in)16 conc_peak=16 pread=8.180s
DBG getmany L66 nw=16 wall=0.448s thr(out)1 thr(in)16 conc_peak=16 pread=6.130s
DBG getmany L67 nw=16 wall=0.597s thr(out)1 thr(in)16 conc_peak=16 pread=8.914s
DBG getmany L68 nw=16 wall=0.570s thr(out)1 thr(in)16 conc_peak=16 pread=8.566s
DBG getmany L69 nw=16 wall=0.562s thr(out)1 thr(in)16 conc_peak=16 pread=7.610s
DBG getmany L70 nw=16 wall=0.439s thr(out)1 thr(in)16 conc_peak=16 pread=6.329s
DBG getmany L71 nw=16 wall=0.601s thr(out)1 thr(in)16 conc_peak=16 pread=8.492s
DBG getmany L72 nw=16 wall=0.580s thr(out)1 thr(in)16 conc_peak=16 pread=7.803s
DBG getmany L73 nw=16 wall=0.603s thr(out)1 thr(in)16 conc_peak=16 pread=8.104s
DBG getmany L74 nw=16 wall=0.426s thr(out)1 thr(in)16 conc_peak=16 pread=5.679s
DBG getmany L75 nw=16 wall=0.570s thr(out)1 thr(in)16 conc_peak=16 pread=7.735s
DBG getmany L76 nw=16 wall=0.562s thr(out)1 thr(in)16 conc_peak=16 pread=7.879s
DBG getmany L77 nw=16 wall=0.625s thr(out)1 thr(in)16 conc_peak=16 pread=7.380s
DBG getmany L78 nw=16 wall=0.447s thr(out)1 thr(in)16 conc_peak=16 pread=5.184s
DBG getmany L79 nw=16 wall=0.582s thr(out)1 thr(in)16 conc_peak=16 pread=8.308s
DBG getmany L80 nw=16 wall=0.573s thr(out)1 thr(in)16 conc_peak=16 pread=7.717s
DBG getmany L81 nw=16 wall=0.581s thr(out)1 thr(in)16 conc_peak=16 pread=8.130s
DBG getmany L82 nw=16 wall=0.416s thr(out)1 thr(in)16 conc_peak=16 pread=5.772s
DBG getmany L83 nw=16 wall=0.589s thr(out)1 thr(in)16 conc_peak=16 pread=8.589s
DBG getmany L84 nw=16 wall=0.586s thr(out)1 thr(in)16 conc_peak=16 pread=8.866s
DBG getmany L85 nw=16 wall=0.564s thr(out)1 thr(in)16 conc_peak=16 pread=8.247s
DBG getmany L86 nw=16 wall=0.404s thr(out)1 thr(in)16 conc_peak=16 pread=5.562s
DBG getmany L87 nw=16 wall=0.551s thr(out)1 thr(in)16 conc_peak=16 pread=8.345s
DBG getmany L88 nw=16 wall=0.578s thr(out)1 thr(in)16 conc_peak=16 pread=8.140s
DBG getmany L89 nw=16 wall=0.575s thr(out)1 thr(in)16 conc_peak=16 pread=7.680s
DBG getmany L90 nw=16 wall=0.410s thr(out)1 thr(in)16 conc_peak=16 pread=5.094s
DBG getmany L91 nw=16 wall=0.416s thr(out)1 thr(in)16 conc_peak=16 pread=5.876s
DBG getmany L92 nw=16 wall=0.160s thr(out)1 thr(in)16 conc_peak=16 pread=1.460s
config: /model/config.json (nested shape) | hidden=7168 layers=93 vocab=163840 | 24 MLA + 69 KDA | experts 896 top16 shared2 | latent=3584
  KV cache : 11.85 MB for 5 positions (2.37 MB/position)
Kimi K3, pure C, released checkpoint
  model    : /model
  prompt   : 1 tokens, generating 3

indexed 497220 tensors from 96 shards in 3.90 s
trunk on disk : 110.00 GB total (STREAMED from /mnt/nvme/trunk_layers_out, not held in RAM)

memory plan
  trunk (STREAMED) 32.00 GB
  embed + lm_head  4.70 GB
  expert cache     15.00 GB
  recurrent state  626.25 MB
  buffers          4.68 MB
  KV cache         11.83 MB
  TOTAL            52.34 GB
  available        57.80 GB

k3_trunk: trunk.bin absent - using per-layer slices (layer_%03d.bin)
trunk stream: 56.60 GB packed, 22/93 layers PINNED (29.30 GB), ring 2 x 1.30 GB
              reads use buffered I/O
              ring holds 2 slots: layers repeat over ~2 tokens, so recent ones are reused instead of re-read
trunk streaming enabled from /mnt/nvme/trunk_layers_out in 0.0 s
embedding, final norm and lm_head: 4.70 GB in 10.2 s

expert L1 eviction policy: heat
expert L2 cache enabled: 14589 slots x 17.55 MB = 256.00 GB on /mnt/nvme/experts.l2
expert L2 exact: nslot=14589 slot_bytes=17547264 l2_slot=17547264 K3_ST_ALIGN=4096
expert L2 eviction policy: heat
peak RSS after loading weights: 4.78 GB  (the plan above is a forecast, this is measured)
expert cache: 854 slots x 17.56 MB = 14.99 GB (1.04% of the 1.45 TB expert pool)

recurrent state for 93 layers: 626.25 MB

incremental decode: KV cache 11.83 MB for 24 MLA layers at 5 positions

STEP   TOKEN      SECONDS      CACHE HIT  READ GB    TOK/S
--------------------------------------------------------------------
0      220        83.26        100.0      25.83      0.012
  L2   resident=6779/14589 slots hit=100.0% read=25.83GB write=0.00GB
DBG getmany L1 nw=16 wall=0.190s thr(out)1 thr(in)16 conc_peak=16 pread=1.703s
DBG getmany L2 nw=16 wall=0.172s thr(out)1 thr(in)16 conc_peak=16 pread=1.578s
DBG getmany L3 nw=16 wall=0.168s thr(out)1 thr(in)16 conc_peak=16 pread=1.530s
DBG getmany L4 nw=16 wall=0.159s thr(out)1 thr(in)16 conc_peak=16 pread=1.487s
DBG getmany L5 nw=16 wall=0.162s thr(out)1 thr(in)16 conc_peak=16 pread=1.647s
DBG getmany L6 nw=16 wall=0.179s thr(out)1 thr(in)16 conc_peak=16 pread=1.697s
DBG getmany L7 nw=16 wall=0.157s thr(out)1 thr(in)16 conc_peak=16 pread=1.514s
DBG getmany L8 nw=16 wall=0.158s thr(out)1 thr(in)16 conc_peak=16 pread=1.442s
DBG getmany L9 nw=16 wall=0.161s thr(out)1 thr(in)16 conc_peak=16 pread=1.578s
DBG getmany L10 nw=16 wall=0.162s thr(out)1 thr(in)16 conc_peak=16 pread=1.486s
DBG getmany L11 nw=16 wall=0.162s thr(out)1 thr(in)16 conc_peak=16 pread=1.583s
DBG getmany L12 nw=16 wall=0.171s thr(out)1 thr(in)16 conc_peak=16 pread=1.544s
DBG getmany L13 nw=16 wall=0.170s thr(out)1 thr(in)16 conc_peak=16 pread=1.586s
DBG getmany L14 nw=16 wall=0.165s thr(out)1 thr(in)16 conc_peak=16 pread=1.629s
DBG getmany L15 nw=16 wall=0.164s thr(out)1 thr(in)16 conc_peak=11 pread=1.633s
DBG getmany L16 nw=16 wall=0.166s thr(out)1 thr(in)16 conc_peak=16 pread=1.602s
DBG getmany L17 nw=16 wall=0.171s thr(out)1 thr(in)16 conc_peak=16 pread=1.579s
DBG getmany L18 nw=16 wall=0.163s thr(out)1 thr(in)16 conc_peak=16 pread=1.581s
DBG getmany L19 nw=16 wall=0.158s thr(out)1 thr(in)16 conc_peak=16 pread=1.545s
DBG getmany L20 nw=16 wall=0.161s thr(out)1 thr(in)16 conc_peak=16 pread=1.511s
DBG getmany L21 nw=16 wall=0.509s thr(out)1 thr(in)16 conc_peak=16 pread=7.057s
DBG getmany L22 nw=16 wall=0.384s thr(out)1 thr(in)16 conc_peak=16 pread=5.200s
DBG getmany L23 nw=16 wall=0.492s thr(out)1 thr(in)16 conc_peak=16 pread=7.391s
DBG getmany L24 nw=16 wall=0.565s thr(out)1 thr(in)16 conc_peak=16 pread=6.506s
DBG getmany L25 nw=16 wall=0.540s thr(out)1 thr(in)16 conc_peak=16 pread=8.084s
DBG getmany L26 nw=16 wall=0.414s thr(out)1 thr(in)16 conc_peak=16 pread=5.741s
DBG getmany L27 nw=16 wall=0.488s thr(out)1 thr(in)16 conc_peak=16 pread=6.662s
DBG getmany L28 nw=16 wall=0.479s thr(out)1 thr(in)16 conc_peak=16 pread=6.743s
DBG getmany L29 nw=16 wall=0.524s thr(out)1 thr(in)16 conc_peak=16 pread=6.840s
DBG getmany L30 nw=16 wall=0.409s thr(out)1 thr(in)16 conc_peak=16 pread=5.772s
DBG getmany L31 nw=16 wall=0.503s thr(out)1 thr(in)16 conc_peak=16 pread=6.479s
DBG getmany L32 nw=16 wall=0.547s thr(out)1 thr(in)16 conc_peak=16 pread=8.075s
DBG getmany L33 nw=16 wall=0.561s thr(out)1 thr(in)16 conc_peak=16 pread=7.626s
DBG getmany L34 nw=16 wall=0.415s thr(out)1 thr(in)16 conc_peak=16 pread=6.041s
DBG getmany L35 nw=16 wall=0.586s thr(out)1 thr(in)16 conc_peak=16 pread=8.462s
DBG getmany L36 nw=16 wall=0.555s thr(out)1 thr(in)16 conc_peak=16 pread=8.273s
DBG getmany L37 nw=16 wall=0.556s thr(out)1 thr(in)16 conc_peak=16 pread=6.158s
DBG getmany L38 nw=16 wall=0.398s thr(out)1 thr(in)16 conc_peak=16 pread=5.383s
DBG getmany L39 nw=16 wall=0.560s thr(out)1 thr(in)16 conc_peak=16 pread=8.125s
DBG getmany L40 nw=16 wall=0.560s thr(out)1 thr(in)16 conc_peak=16 pread=8.480s
DBG getmany L41 nw=16 wall=0.518s thr(out)1 thr(in)16 conc_peak=16 pread=5.458s
DBG getmany L42 nw=16 wall=0.402s thr(out)1 thr(in)16 conc_peak=16 pread=4.633s
DBG getmany L43 nw=16 wall=0.587s thr(out)1 thr(in)16 conc_peak=16 pread=8.827s
DBG getmany L44 nw=16 wall=0.552s thr(out)1 thr(in)16 conc_peak=16 pread=8.352s
DBG getmany L45 nw=16 wall=0.563s thr(out)1 thr(in)16 conc_peak=16 pread=7.033s
DBG getmany L46 nw=16 wall=0.455s thr(out)1 thr(in)16 conc_peak=16 pread=6.545s
DBG getmany L47 nw=16 wall=0.608s thr(out)1 thr(in)16 conc_peak=16 pread=9.008s
DBG getmany L48 nw=16 wall=0.571s thr(out)1 thr(in)16 conc_peak=16 pread=7.415s
DBG getmany L49 nw=16 wall=0.570s thr(out)1 thr(in)16 conc_peak=16 pread=8.393s
DBG getmany L50 nw=16 wall=0.448s thr(out)1 thr(in)16 conc_peak=16 pread=5.748s
DBG getmany L51 nw=16 wall=0.575s thr(out)1 thr(in)16 conc_peak=16 pread=7.693s
DBG getmany L52 nw=16 wall=0.540s thr(out)1 thr(in)16 conc_peak=16 pread=7.235s
DBG getmany L53 nw=16 wall=0.569s thr(out)1 thr(in)16 conc_peak=16 pread=8.340s
DBG getmany L54 nw=16 wall=0.435s thr(out)1 thr(in)16 conc_peak=16 pread=6.302s
DBG getmany L55 nw=16 wall=0.569s thr(out)1 thr(in)16 conc_peak=16 pread=7.827s
DBG getmany L56 nw=16 wall=0.496s thr(out)1 thr(in)16 conc_peak=16 pread=5.871s
DBG getmany L57 nw=16 wall=0.540s thr(out)1 thr(in)16 conc_peak=16 pread=7.161s
DBG getmany L58 nw=16 wall=0.410s thr(out)1 thr(in)16 conc_peak=16 pread=5.791s
DBG getmany L59 nw=16 wall=0.552s thr(out)1 thr(in)16 conc_peak=16 pread=6.866s
DBG getmany L60 nw=16 wall=0.548s thr(out)1 thr(in)16 conc_peak=16 pread=8.148s
DBG getmany L61 nw=16 wall=0.550s thr(out)1 thr(in)16 conc_peak=16 pread=8.078s
DBG getmany L62 nw=16 wall=0.400s thr(out)1 thr(in)16 conc_peak=16 pread=5.042s
DBG getmany L63 nw=16 wall=0.603s thr(out)1 thr(in)16 conc_peak=16 pread=8.469s
DBG getmany L64 nw=16 wall=0.548s thr(out)1 thr(in)16 conc_peak=16 pread=7.063s
DBG getmany L65 nw=16 wall=0.553s thr(out)1 thr(in)16 conc_peak=16 pread=7.657s
DBG getmany L66 nw=16 wall=0.426s thr(out)1 thr(in)16 conc_peak=16 pread=6.241s
DBG getmany L67 nw=16 wall=0.578s thr(out)1 thr(in)16 conc_peak=16 pread=8.249s
DBG getmany L68 nw=16 wall=0.534s thr(out)1 thr(in)16 conc_peak=16 pread=7.184s
DBG getmany L69 nw=16 wall=0.555s thr(out)1 thr(in)16 conc_peak=16 pread=7.935s
DBG getmany L70 nw=16 wall=0.407s thr(out)1 thr(in)16 conc_peak=16 pread=5.536s
DBG getmany L71 nw=16 wall=0.589s thr(out)1 thr(in)16 conc_peak=16 pread=8.062s
DBG getmany L72 nw=16 wall=0.574s thr(out)1 thr(in)16 conc_peak=16 pread=8.644s
DBG getmany L73 nw=16 wall=0.591s thr(out)1 thr(in)16 conc_peak=16 pread=8.678s
DBG getmany L74 nw=16 wall=0.431s thr(out)1 thr(in)16 conc_peak=16 pread=6.247s
DBG getmany L75 nw=16 wall=0.592s thr(out)1 thr(in)16 conc_peak=16 pread=8.148s
DBG getmany L76 nw=16 wall=0.549s thr(out)1 thr(in)16 conc_peak=16 pread=8.232s
DBG getmany L77 nw=16 wall=0.609s thr(out)1 thr(in)16 conc_peak=16 pread=9.170s
DBG getmany L78 nw=16 wall=0.427s thr(out)1 thr(in)16 conc_peak=16 pread=5.581s
DBG getmany L79 nw=16 wall=0.560s thr(out)1 thr(in)16 conc_peak=16 pread=7.810s
DBG getmany L80 nw=16 wall=0.553s thr(out)1 thr(in)16 conc_peak=16 pread=8.171s
DBG getmany L81 nw=16 wall=0.573s thr(out)1 thr(in)16 conc_peak=16 pread=8.705s
DBG getmany L82 nw=16 wall=0.419s thr(out)1 thr(in)16 conc_peak=16 pread=6.151s
DBG getmany L83 nw=16 wall=0.561s thr(out)1 thr(in)16 conc_peak=16 pread=8.449s
DBG getmany L84 nw=16 wall=0.574s thr(out)1 thr(in)16 conc_peak=16 pread=8.544s
DBG getmany L85 nw=16 wall=0.556s thr(out)1 thr(in)16 conc_peak=16 pread=8.139s
DBG getmany L86 nw=16 wall=0.428s thr(out)1 thr(in)16 conc_peak=16 pread=5.703s
DBG getmany L87 nw=16 wall=0.568s thr(out)1 thr(in)16 conc_peak=16 pread=8.157s
DBG getmany L88 nw=16 wall=0.562s thr(out)1 thr(in)16 conc_peak=16 pread=8.539s
DBG getmany L89 nw=16 wall=0.553s thr(out)1 thr(in)16 conc_peak=16 pread=7.550s
DBG getmany L90 nw=16 wall=0.419s thr(out)1 thr(in)16 conc_peak=16 pread=5.629s
DBG getmany L91 nw=16 wall=0.429s thr(out)1 thr(in)16 conc_peak=16 pread=5.446s
DBG getmany L92 nw=16 wall=0.172s thr(out)1 thr(in)16 conc_peak=16 pread=1.643s
1      802        55.28        100.0      25.83      0.018
  L2   resident=6779/14589 slots hit=100.0% read=51.66GB write=0.00GB
DBG getmany L1 nw=16 wall=0.174s thr(out)1 thr(in)16 conc_peak=16 pread=1.574s
DBG getmany L2 nw=15 wall=0.167s thr(out)1 thr(in)16 conc_peak=15 pread=1.449s
DBG getmany L3 nw=13 wall=0.140s thr(out)1 thr(in)16 conc_peak=13 pread=1.059s
DBG getmany L4 nw=15 wall=0.158s thr(out)1 thr(in)16 conc_peak=15 pread=1.481s
DBG getmany L5 nw=16 wall=0.168s thr(out)1 thr(in)16 conc_peak=16 pread=1.510s
DBG getmany L6 nw=15 wall=0.159s thr(out)1 thr(in)16 conc_peak=15 pread=1.509s
DBG getmany L7 nw=15 wall=0.152s thr(out)1 thr(in)16 conc_peak=15 pread=1.320s
DBG getmany L8 nw=16 wall=0.164s thr(out)1 thr(in)16 conc_peak=16 pread=1.467s
DBG getmany L9 nw=15 wall=0.153s thr(out)1 thr(in)16 conc_peak=15 pread=1.326s
DBG getmany L10 nw=15 wall=0.156s thr(out)1 thr(in)16 conc_peak=15 pread=1.480s
DBG getmany L11 nw=15 wall=0.156s thr(out)1 thr(in)16 conc_peak=13 pread=1.335s
DBG getmany L12 nw=15 wall=0.152s thr(out)1 thr(in)16 conc_peak=14 pread=1.312s
DBG getmany L13 nw=16 wall=0.173s thr(out)1 thr(in)16 conc_peak=16 pread=1.762s
DBG getmany L14 nw=15 wall=0.151s thr(out)1 thr(in)16 conc_peak=15 pread=1.351s
DBG getmany L15 nw=16 wall=0.162s thr(out)1 thr(in)16 conc_peak=16 pread=1.576s
DBG getmany L16 nw=15 wall=0.155s thr(out)1 thr(in)16 conc_peak=15 pread=1.362s
DBG getmany L17 nw=16 wall=0.164s thr(out)1 thr(in)16 conc_peak=16 pread=1.480s
DBG getmany L18 nw=16 wall=0.170s thr(out)1 thr(in)16 conc_peak=16 pread=1.605s
DBG getmany L19 nw=16 wall=0.168s thr(out)1 thr(in)16 conc_peak=16 pread=1.776s
DBG getmany L20 nw=16 wall=0.158s thr(out)1 thr(in)16 conc_peak=16 pread=1.431s
DBG getmany L21 nw=16 wall=0.504s thr(out)1 thr(in)16 conc_peak=16 pread=6.781s
DBG getmany L22 nw=16 wall=0.393s thr(out)1 thr(in)16 conc_peak=16 pread=5.711s
DBG getmany L23 nw=15 wall=0.493s thr(out)1 thr(in)16 conc_peak=15 pread=7.080s
DBG getmany L24 nw=13 wall=0.551s thr(out)1 thr(in)16 conc_peak=13 pread=6.899s
DBG getmany L25 nw=15 wall=0.548s thr(out)1 thr(in)16 conc_peak=15 pread=6.994s
DBG getmany L26 nw=15 wall=0.394s thr(out)1 thr(in)16 conc_peak=15 pread=5.116s
DBG getmany L27 nw=16 wall=0.492s thr(out)1 thr(in)16 conc_peak=16 pread=6.711s
DBG getmany L28 nw=15 wall=0.465s thr(out)1 thr(in)16 conc_peak=15 pread=6.370s
DBG getmany L29 nw=16 wall=0.522s thr(out)1 thr(in)16 conc_peak=16 pread=6.606s
DBG getmany L30 nw=16 wall=0.409s thr(out)1 thr(in)16 conc_peak=16 pread=5.597s
DBG getmany L31 nw=16 wall=0.572s thr(out)1 thr(in)16 conc_peak=16 pread=8.471s
DBG getmany L32 nw=14 wall=0.527s thr(out)1 thr(in)16 conc_peak=12 pread=6.480s
DBG getmany L33 nw=15 wall=0.567s thr(out)1 thr(in)16 conc_peak=15 pread=7.992s
DBG getmany L34 nw=16 wall=0.426s thr(out)1 thr(in)16 conc_peak=16 pread=6.265s
DBG getmany L35 nw=16 wall=0.585s thr(out)1 thr(in)16 conc_peak=16 pread=8.331s
DBG getmany L36 nw=14 wall=0.541s thr(out)1 thr(in)16 conc_peak=13 pread=6.823s
DBG getmany L37 nw=16 wall=0.551s thr(out)1 thr(in)16 conc_peak=16 pread=7.987s
DBG getmany L38 nw=16 wall=0.409s thr(out)1 thr(in)16 conc_peak=16 pread=5.846s
DBG getmany L39 nw=16 wall=0.556s thr(out)1 thr(in)16 conc_peak=16 pread=8.330s
DBG getmany L40 nw=16 wall=0.565s thr(out)1 thr(in)16 conc_peak=16 pread=8.076s
DBG getmany L41 nw=16 wall=0.525s thr(out)1 thr(in)16 conc_peak=16 pread=7.593s
DBG getmany L42 nw=16 wall=0.406s thr(out)1 thr(in)16 conc_peak=16 pread=5.495s
DBG getmany L43 nw=16 wall=0.579s thr(out)1 thr(in)16 conc_peak=16 pread=8.415s
DBG getmany L44 nw=16 wall=0.531s thr(out)1 thr(in)16 conc_peak=16 pread=7.497s
DBG getmany L45 nw=16 wall=0.548s thr(out)1 thr(in)16 conc_peak=16 pread=7.656s
DBG getmany L46 nw=15 wall=0.416s thr(out)1 thr(in)16 conc_peak=15 pread=5.233s
DBG getmany L47 nw=15 wall=0.550s thr(out)1 thr(in)16 conc_peak=15 pread=7.385s
DBG getmany L48 nw=15 wall=0.551s thr(out)1 thr(in)16 conc_peak=15 pread=7.575s
DBG getmany L49 nw=15 wall=0.562s thr(out)1 thr(in)16 conc_peak=15 pread=8.061s
DBG getmany L50 nw=16 wall=0.437s thr(out)1 thr(in)16 conc_peak=16 pread=6.249s
DBG getmany L51 nw=16 wall=0.578s thr(out)1 thr(in)16 conc_peak=16 pread=8.065s
DBG getmany L52 nw=16 wall=0.538s thr(out)1 thr(in)16 conc_peak=16 pread=7.822s
DBG getmany L53 nw=15 wall=0.538s thr(out)1 thr(in)16 conc_peak=15 pread=6.972s
DBG getmany L54 nw=16 wall=0.442s thr(out)1 thr(in)16 conc_peak=16 pread=6.450s
DBG getmany L55 nw=16 wall=0.560s thr(out)1 thr(in)16 conc_peak=16 pread=8.179s
DBG getmany L56 nw=16 wall=0.526s thr(out)1 thr(in)16 conc_peak=16 pread=7.909s
DBG getmany L57 nw=16 wall=0.542s thr(out)1 thr(in)16 conc_peak=15 pread=8.126s
DBG getmany L58 nw=16 wall=0.401s thr(out)1 thr(in)16 conc_peak=16 pread=5.605s
DBG getmany L59 nw=16 wall=0.701s thr(out)1 thr(in)16 conc_peak=16 pread=10.399s
DBG getmany L60 nw=16 wall=0.788s thr(out)1 thr(in)16 conc_peak=16 pread=11.368s
DBG getmany L61 nw=16 wall=0.757s thr(out)1 thr(in)16 conc_peak=16 pread=10.925s
DBG getmany L62 nw=16 wall=0.575s thr(out)1 thr(in)16 conc_peak=16 pread=7.384s
DBG getmany L63 nw=16 wall=0.741s thr(out)1 thr(in)16 conc_peak=16 pread=10.161s
DBG getmany L64 nw=16 wall=0.792s thr(out)1 thr(in)16 conc_peak=16 pread=9.504s
DBG getmany L65 nw=16 wall=0.667s thr(out)1 thr(in)16 conc_peak=16 pread=6.932s
DBG getmany L66 nw=16 wall=0.597s thr(out)1 thr(in)16 conc_peak=16 pread=8.217s
DBG getmany L67 nw=16 wall=0.810s thr(out)1 thr(in)16 conc_peak=16 pread=11.219s
DBG getmany L68 nw=16 wall=0.759s thr(out)1 thr(in)16 conc_peak=16 pread=8.738s
DBG getmany L69 nw=16 wall=0.816s thr(out)1 thr(in)16 conc_peak=16 pread=11.858s
DBG getmany L70 nw=16 wall=0.580s thr(out)1 thr(in)16 conc_peak=16 pread=8.226s
DBG getmany L71 nw=16 wall=0.851s thr(out)1 thr(in)16 conc_peak=16 pread=12.648s
DBG getmany L72 nw=16 wall=0.785s thr(out)1 thr(in)16 conc_peak=16 pread=10.442s
DBG getmany L73 nw=16 wall=0.792s thr(out)1 thr(in)16 conc_peak=16 pread=10.179s
DBG getmany L74 nw=16 wall=0.602s thr(out)1 thr(in)16 conc_peak=16 pread=8.789s
DBG getmany L75 nw=16 wall=0.775s thr(out)1 thr(in)16 conc_peak=16 pread=11.240s
DBG getmany L76 nw=16 wall=0.754s thr(out)1 thr(in)16 conc_peak=16 pread=11.362s
DBG getmany L77 nw=16 wall=0.788s thr(out)1 thr(in)16 conc_peak=16 pread=11.043s
DBG getmany L78 nw=16 wall=0.588s thr(out)1 thr(in)16 conc_peak=16 pread=8.353s
DBG getmany L79 nw=16 wall=0.793s thr(out)1 thr(in)16 conc_peak=16 pread=9.708s
DBG getmany L80 nw=16 wall=0.763s thr(out)1 thr(in)16 conc_peak=16 pread=10.141s
DBG getmany L81 nw=15 wall=0.798s thr(out)1 thr(in)16 conc_peak=15 pread=11.238s
DBG getmany L82 nw=16 wall=0.700s thr(out)1 thr(in)16 conc_peak=16 pread=9.359s
DBG getmany L83 nw=13 wall=0.747s thr(out)1 thr(in)16 conc_peak=13 pread=9.040s
DBG getmany L84 nw=13 wall=0.730s thr(out)1 thr(in)16 conc_peak=13 pread=6.498s
DBG getmany L85 nw=14 wall=0.739s thr(out)1 thr(in)16 conc_peak=14 pread=9.700s
DBG getmany L86 nw=16 wall=0.571s thr(out)1 thr(in)16 conc_peak=16 pread=6.662s
DBG getmany L87 nw=13 wall=0.728s thr(out)1 thr(in)16 conc_peak=13 pread=6.918s
DBG getmany L88 nw=15 wall=0.761s thr(out)1 thr(in)16 conc_peak=13 pread=10.098s
DBG getmany L89 nw=13 wall=0.759s thr(out)1 thr(in)16 conc_peak=11 pread=9.110s
DBG getmany L90 nw=12 wall=0.530s thr(out)1 thr(in)16 conc_peak=12 pread=6.041s
DBG getmany L91 nw=13 wall=0.530s thr(out)1 thr(in)16 conc_peak=13 pread=5.754s
DBG getmany L92 nw=13 wall=0.187s thr(out)1 thr(in)16 conc_peak=13 pread=1.386s
2      24         61.29        100.0      24.85      0.016
  L2   resident=6779/14589 slots hit=100.0% read=76.51GB write=0.00GB
--------------------------------------------------------------------
3 tokens in 199.8 s, 66.61 s/token average
PEAK RSS for the whole run: 37.16 GB   <- quote this, not the plan
layers completed: 93/93; routed expert drops: 0


[chip] simulated MXFP4 GEMV bill over 4 tokens
  4416 expert chains | 291722231808 flops | 77488717824 bytes (77.49 GB)
  per token: 1104 chains | 19.37 GB | 0.07 Gflops
  compute wall @ 4 TFLOPS : 0.07 s (18.23 ms/token)
  bandwidth wall @ 200 GB/s : 0.39 s (96.86 ms/token)
  -> bandwidth-bound; to be compute-bound at 4 TFLOPS this needs 1062 GB/s
  expert fetch (host wall, measured): 129.16 s moving 77.49 GB = 1 GB/s
  chip pool wall (measured): 21.82 s

cache [final step]
  slots        : 854 of 17.56 MB = 14.99 GB arena (854 resident, 0 pinned)
  requests     : 1472  hits 1472 (100.00%)  misses 0  evictions 1416
  of those hits : 1416 came from the batch prefetch, i.e. read from disk
                  this token; TRUE resident hit rate 3.80%
  read from disk: 24.85 GB in 46.35 s (536 MB/s while loading)
  phase2 i/o    : 24.86 GB in 46.35 s (536 MB/s)  [pure parallel disk read]
l2cache [final step]
  requests     : 4360  hits 4360 (100.00%)  misses 0
  read  from sdd7: 76.51 GB, written 0.00 GB
  hit I/O   : 76.51 GB in 128.53 s (wall) = 595 MB/s [pread 1706.57 s, 45 MB/s per-thread]
  miss I/O  : 0 misses, 0.00 GB from /model in 0.00 s (wall) = 0 MB/s
  restored from meta: 6779 slots

wrote reports/gateab_ab/v50_prefetch/pf0_r1-20260930_115418/ctrl.json
I/O share of wall clock: 135.9%  (trunk 143.0 s + experts 128.5 s of 199.8 s)
  both figures are WHOLE-RUN totals over 3 steps
  expert phase split: phase1 SERIAL reserve 0.1 s (552 calls) vs phase2 read 128.5 s
  over 100% because trunk reads overlap compute on the reader thread;
  71.7 s of device time was hidden behind arithmetic
  experts, whole run: 76.51 GB read | 910 of 4416 requests retained in RAM (20.61%) | 3506 evictions
    (retention = requests - evictions; the raw `hits` counter includes
     experts the prefetcher had just read from disk, so it is not a
     measure of avoided I/O)

trunk [final]
  pinned 22/93 layers, ring 2 slots
  binds 279, hits 44 (15.8%), reads 235
  read 140.16 GB in 142.97 s (980 MB/s pread)
  per-layer loads [L]=count: 0=1 1=1 2=1 3=1 4=1 5=1 6=1 7=1 8=1 9=1 10=1 11=1 12=1 13=1 14=1 15=1 16=1 17=1 18=1 19=1 20=1 21=1 22=3 23=3 24=3 25=3 26=3 27=3 28=3 29=3 30=3 31=3 32=3 33=3 34=3 35=3 36=3 37=3 38=3 39=3 40=3 41=3 42=3 43=3 44=3 45=3 46=3 47=3 48=3 49=3 50=3 51=3 52=3 53=3 54=3 55=3 56=3 57=3 58=3 59=3 60=3 61=3 62=3 63=3 64=3 65=3 66=3 67=3 68=3 69=3 70=3 71=3 72=3 73=3 74=3 75=3 76=3 77=3 78=3 79=3 80=3 81=3 82=3 83=3 84=3 85=3 86=3 87=3 88=3 89=3 90=3 91=3 92=3
  bind wall 27.36 s over 279 binds; read 142.97 + widen 1.40 = 144.38 s of device work,
                    of which 117.02 s (81%) overlapped compute on the reader thread
  widen breakdown: find 3 ms (7365)  copy 0 ms (3444)  deq 1395 ms (2370)  timed 1 s of widen 1.40 s
