L2 auto: 209 GB free on /mnt/nvme -> L2 at 256 GB
k3 chip: 4 workers, 4 TFLOPS, 200 GB/s simulated wall
  L2 want=17547264 slot=17547264 nbytes=17547264 fd=O_DIRECT
  L2 want=17547264 slot=17547264 nbytes=17547264 fd=O_DIRECT
  L2 want=17547264 slot=17547264 nbytes=17547264 fd=O_DIRECT
  L2 want=17547264 slot=17547264 nbytes=17547264 fd=O_DIRECT
  L2 want=17547264 slot=17547264 nbytes=17547264 fd=O_DIRECT
  L2 want=17547264 slot=17547264 nbytes=17547264 fd=O_DIRECT
  L2 want=17547264 slot=17547264 nbytes=17547264 fd=O_DIRECT
  L2 want=17547264 slot=17547264 nbytes=17547264 fd=O_DIRECT
  L2 want=17547264 slot=17547264 nbytes=17547264 fd=O_DIRECT
  L2 want=17547264 slot=17547264 nbytes=17547264 fd=O_DIRECT
  L2 want=17547264 slot=17547264 nbytes=17547264 fd=O_DIRECT
  L2 want=17547264 slot=17547264 nbytes=17547264 fd=O_DIRECT
  L2 want=17547264 slot=17547264 nbytes=17547264 fd=O_DIRECT
  L2 want=17547264 slot=17547264 nbytes=17547264 fd=O_DIRECT
  L2 want=17547264 slot=17547264 nbytes=17547264 fd=O_DIRECT
  L2 want=17547264 slot=17547264 nbytes=17547264 fd=O_DIRECT
DBG getmany L1 nw=16 wall=0.241s thr(out)1 thr(in)16 conc_peak=16 pread=2.583s
DBG getmany L2 nw=16 wall=0.224s thr(out)1 thr(in)16 conc_peak=16 pread=2.503s
DBG getmany L3 nw=16 wall=0.223s thr(out)1 thr(in)16 conc_peak=16 pread=2.473s
DBG getmany L4 nw=16 wall=0.216s thr(out)1 thr(in)16 conc_peak=16 pread=2.445s
DBG getmany L5 nw=16 wall=0.198s thr(out)1 thr(in)16 conc_peak=16 pread=2.070s
DBG getmany L6 nw=16 wall=0.198s thr(out)1 thr(in)16 conc_peak=16 pread=2.058s
DBG getmany L7 nw=16 wall=0.207s thr(out)1 thr(in)16 conc_peak=16 pread=2.294s
DBG getmany L8 nw=16 wall=0.217s thr(out)1 thr(in)16 conc_peak=16 pread=2.366s
DBG getmany L9 nw=16 wall=0.221s thr(out)1 thr(in)16 conc_peak=16 pread=2.434s
DBG getmany L10 nw=16 wall=0.224s thr(out)1 thr(in)16 conc_peak=16 pread=2.493s
DBG getmany L11 nw=16 wall=0.219s thr(out)1 thr(in)16 conc_peak=16 pread=2.395s
DBG getmany L12 nw=16 wall=0.204s thr(out)1 thr(in)16 conc_peak=16 pread=2.090s
DBG getmany L13 nw=16 wall=0.208s thr(out)1 thr(in)16 conc_peak=16 pread=2.212s
DBG getmany L14 nw=16 wall=0.228s thr(out)1 thr(in)16 conc_peak=16 pread=2.500s
DBG getmany L15 nw=16 wall=0.239s thr(out)1 thr(in)16 conc_peak=16 pread=2.607s
DBG getmany L16 nw=16 wall=0.221s thr(out)1 thr(in)16 conc_peak=16 pread=2.455s
DBG getmany L17 nw=16 wall=0.234s thr(out)1 thr(in)16 conc_peak=16 pread=2.718s
DBG getmany L18 nw=16 wall=0.224s thr(out)1 thr(in)16 conc_peak=16 pread=2.384s
DBG getmany L19 nw=16 wall=0.237s thr(out)1 thr(in)16 conc_peak=16 pread=2.651s
DBG getmany L20 nw=16 wall=0.221s thr(out)1 thr(in)16 conc_peak=16 pread=2.434s
DBG getmany L21 nw=16 wall=0.234s thr(out)1 thr(in)16 conc_peak=16 pread=2.672s
DBG getmany L22 nw=16 wall=0.263s thr(out)1 thr(in)16 conc_peak=16 pread=2.744s
DBG getmany L23 nw=16 wall=0.480s thr(out)1 thr(in)16 conc_peak=16 pread=5.910s
DBG getmany L24 nw=16 wall=0.592s thr(out)1 thr(in)16 conc_peak=16 pread=7.934s
DBG getmany L25 nw=16 wall=0.514s thr(out)1 thr(in)16 conc_peak=16 pread=4.982s
DBG getmany L26 nw=16 wall=0.371s thr(out)1 thr(in)16 conc_peak=16 pread=4.454s
DBG getmany L27 nw=16 wall=0.472s thr(out)1 thr(in)16 conc_peak=16 pread=6.125s
DBG getmany L28 nw=16 wall=0.460s thr(out)1 thr(in)16 conc_peak=16 pread=5.487s
DBG getmany L29 nw=16 wall=0.523s thr(out)1 thr(in)16 conc_peak=16 pread=6.656s
DBG getmany L30 nw=16 wall=0.375s thr(out)1 thr(in)16 conc_peak=16 pread=4.918s
DBG getmany L31 nw=16 wall=0.560s thr(out)1 thr(in)16 conc_peak=16 pread=7.234s
DBG getmany L32 nw=16 wall=0.484s thr(out)1 thr(in)16 conc_peak=16 pread=5.964s
DBG getmany L33 nw=16 wall=0.571s thr(out)1 thr(in)16 conc_peak=16 pread=6.590s
DBG getmany L34 nw=16 wall=0.383s thr(out)1 thr(in)16 conc_peak=16 pread=4.653s
DBG getmany L35 nw=16 wall=0.587s thr(out)1 thr(in)16 conc_peak=16 pread=4.287s
DBG getmany L36 nw=16 wall=0.561s thr(out)1 thr(in)16 conc_peak=16 pread=6.848s
DBG getmany L37 nw=16 wall=0.521s thr(out)1 thr(in)16 conc_peak=16 pread=6.508s
DBG getmany L38 nw=16 wall=0.393s thr(out)1 thr(in)16 conc_peak=16 pread=4.629s
DBG getmany L39 nw=16 wall=0.560s thr(out)1 thr(in)16 conc_peak=16 pread=7.767s
DBG getmany L40 nw=16 wall=0.528s thr(out)1 thr(in)16 conc_peak=16 pread=7.061s
DBG getmany L41 nw=16 wall=0.465s thr(out)1 thr(in)16 conc_peak=16 pread=5.768s
DBG getmany L42 nw=16 wall=0.344s thr(out)1 thr(in)16 conc_peak=16 pread=4.378s
DBG getmany L43 nw=16 wall=0.558s thr(out)1 thr(in)16 conc_peak=16 pread=6.618s
DBG getmany L44 nw=16 wall=0.506s thr(out)1 thr(in)16 conc_peak=16 pread=6.678s
DBG getmany L45 nw=16 wall=0.516s thr(out)1 thr(in)16 conc_peak=16 pread=6.202s
DBG getmany L46 nw=16 wall=0.406s thr(out)1 thr(in)16 conc_peak=16 pread=5.517s
DBG getmany L47 nw=16 wall=0.578s thr(out)1 thr(in)16 conc_peak=16 pread=7.337s
DBG getmany L48 nw=16 wall=0.544s thr(out)1 thr(in)16 conc_peak=16 pread=5.962s
DBG getmany L49 nw=16 wall=0.554s thr(out)1 thr(in)16 conc_peak=16 pread=6.983s
DBG getmany L50 nw=16 wall=0.424s thr(out)1 thr(in)16 conc_peak=16 pread=5.653s
DBG getmany L51 nw=16 wall=0.575s thr(out)1 thr(in)16 conc_peak=16 pread=7.109s
DBG getmany L52 nw=16 wall=0.626s thr(out)1 thr(in)16 conc_peak=16 pread=7.965s
DBG getmany L53 nw=16 wall=0.553s thr(out)1 thr(in)16 conc_peak=16 pread=8.056s
DBG getmany L54 nw=16 wall=0.431s thr(out)1 thr(in)16 conc_peak=16 pread=5.092s
DBG getmany L55 nw=16 wall=0.570s thr(out)1 thr(in)16 conc_peak=16 pread=6.695s
DBG getmany L56 nw=16 wall=0.615s thr(out)1 thr(in)16 conc_peak=16 pread=5.446s
DBG getmany L57 nw=16 wall=0.515s thr(out)1 thr(in)16 conc_peak=16 pread=6.768s
DBG getmany L58 nw=16 wall=0.493s thr(out)1 thr(in)16 conc_peak=16 pread=3.519s
DBG getmany L59 nw=16 wall=0.627s thr(out)1 thr(in)16 conc_peak=16 pread=8.575s
DBG getmany L60 nw=16 wall=0.806s thr(out)1 thr(in)16 conc_peak=16 pread=11.269s
DBG getmany L61 nw=16 wall=0.738s thr(out)1 thr(in)16 conc_peak=16 pread=9.946s
DBG getmany L62 nw=16 wall=0.557s thr(out)1 thr(in)16 conc_peak=16 pread=7.308s
DBG getmany L63 nw=16 wall=0.781s thr(out)1 thr(in)16 conc_peak=16 pread=10.384s
DBG getmany L64 nw=16 wall=0.774s thr(out)1 thr(in)16 conc_peak=16 pread=10.589s
DBG getmany L65 nw=16 wall=0.746s thr(out)1 thr(in)16 conc_peak=16 pread=10.199s
DBG getmany L66 nw=16 wall=0.532s thr(out)1 thr(in)16 conc_peak=16 pread=5.887s
DBG getmany L67 nw=16 wall=0.682s thr(out)1 thr(in)16 conc_peak=16 pread=7.662s
DBG getmany L68 nw=16 wall=0.749s thr(out)1 thr(in)16 conc_peak=16 pread=10.476s
DBG getmany L69 nw=16 wall=0.759s thr(out)1 thr(in)16 conc_peak=16 pread=10.403s
DBG getmany L70 nw=16 wall=0.576s thr(out)1 thr(in)16 conc_peak=16 pread=8.148s
DBG getmany L71 nw=16 wall=0.846s thr(out)1 thr(in)16 conc_peak=16 pread=10.781s
DBG getmany L72 nw=16 wall=0.773s thr(out)1 thr(in)16 conc_peak=16 pread=11.248s
DBG getmany L73 nw=16 wall=0.765s thr(out)1 thr(in)16 conc_peak=16 pread=10.965s
DBG getmany L74 nw=16 wall=0.571s thr(out)1 thr(in)16 conc_peak=16 pread=7.748s
DBG getmany L75 nw=16 wall=0.803s thr(out)1 thr(in)16 conc_peak=16 pread=8.777s
DBG getmany L76 nw=16 wall=0.632s thr(out)1 thr(in)16 conc_peak=16 pread=8.599s
DBG getmany L77 nw=16 wall=0.612s thr(out)1 thr(in)16 conc_peak=16 pread=7.217s
DBG getmany L78 nw=16 wall=0.545s thr(out)1 thr(in)16 conc_peak=16 pread=7.538s
DBG getmany L79 nw=16 wall=0.779s thr(out)1 thr(in)16 conc_peak=16 pread=11.033s
DBG getmany L80 nw=16 wall=0.740s thr(out)1 thr(in)16 conc_peak=16 pread=9.991s
DBG getmany L81 nw=16 wall=0.777s thr(out)1 thr(in)16 conc_peak=16 pread=10.143s
DBG getmany L82 nw=16 wall=0.536s thr(out)1 thr(in)16 conc_peak=16 pread=6.889s
DBG getmany L83 nw=16 wall=0.777s thr(out)1 thr(in)16 conc_peak=16 pread=10.711s
DBG getmany L84 nw=16 wall=0.730s thr(out)1 thr(in)16 conc_peak=16 pread=9.105s
DBG getmany L85 nw=16 wall=0.718s thr(out)1 thr(in)16 conc_peak=16 pread=10.698s
DBG getmany L86 nw=16 wall=0.494s thr(out)1 thr(in)16 conc_peak=16 pread=6.873s
DBG getmany L87 nw=16 wall=0.753s thr(out)1 thr(in)16 conc_peak=16 pread=11.280s
DBG getmany L88 nw=16 wall=0.749s thr(out)1 thr(in)16 conc_peak=16 pread=11.095s
DBG getmany L89 nw=16 wall=0.802s thr(out)1 thr(in)16 conc_peak=16 pread=10.452s
DBG getmany L90 nw=16 wall=0.511s thr(out)1 thr(in)16 conc_peak=16 pread=6.803s
DBG getmany L91 nw=16 wall=0.553s thr(out)1 thr(in)16 conc_peak=16 pread=7.294s
DBG getmany L92 nw=16 wall=0.239s thr(out)1 thr(in)16 conc_peak=16 pread=2.244s
config: /model/config.json (nested shape) | hidden=7168 layers=93 vocab=163840 | 24 MLA + 69 KDA | experts 896 top16 shared2 | latent=3584
  KV cache : 11.85 MB for 5 positions (2.37 MB/position)
Kimi K3, pure C, released checkpoint
  model    : /model
  prompt   : 1 tokens, generating 3

indexed 497220 tensors from 96 shards in 0.57 s
trunk on disk : 110.00 GB total (STREAMED from /mnt/nvme/trunk_layers_out, not held in RAM)

memory plan
  trunk (STREAMED) 32.00 GB
  embed + lm_head  4.70 GB
  expert cache     15.00 GB
  recurrent state  626.25 MB
  buffers          4.68 MB
  KV cache         11.83 MB
  TOTAL            52.34 GB
  available        57.78 GB

k3_trunk: trunk.bin absent - using per-layer slices (layer_%03d.bin)
trunk stream: 56.60 GB packed, 22/93 layers PINNED (29.30 GB), ring 2 x 1.30 GB
              reads use buffered I/O
              ring holds 2 slots: layers repeat over ~2 tokens, so recent ones are reused instead of re-read
trunk streaming enabled from /mnt/nvme/trunk_layers_out in 0.0 s
embedding, final norm and lm_head: 4.70 GB in 6.5 s

expert L1 eviction policy: heat
expert L2 cache enabled: 14589 slots x 17.55 MB = 256.00 GB on /mnt/nvme/experts.l2
expert L2 exact: nslot=14589 slot_bytes=17547264 l2_slot=17547264 K3_ST_ALIGN=4096
expert L2 eviction policy: heat
peak RSS after loading weights: 4.78 GB  (the plan above is a forecast, this is measured)
expert cache: 854 slots x 17.56 MB = 14.99 GB (1.04% of the 1.45 TB expert pool)

recurrent state for 93 layers: 626.25 MB

incremental decode: KV cache 11.83 MB for 24 MLA layers at 5 positions

STEP   TOKEN      SECONDS      CACHE HIT  READ GB    TOK/S
--------------------------------------------------------------------
0      220        86.73        100.0      25.83      0.012
  L2   resident=6779/14589 slots hit=100.0% read=25.83GB write=0.00GB
DBG getmany L1 nw=16 wall=0.250s thr(out)1 thr(in)16 conc_peak=16 pread=2.507s
DBG getmany L2 nw=16 wall=0.242s thr(out)1 thr(in)16 conc_peak=16 pread=2.450s
DBG getmany L3 nw=16 wall=0.239s thr(out)1 thr(in)16 conc_peak=16 pread=2.263s
DBG getmany L4 nw=16 wall=0.232s thr(out)1 thr(in)16 conc_peak=16 pread=2.155s
DBG getmany L5 nw=16 wall=0.236s thr(out)1 thr(in)16 conc_peak=16 pread=2.093s
DBG getmany L6 nw=16 wall=0.250s thr(out)1 thr(in)16 conc_peak=16 pread=2.433s
DBG getmany L7 nw=16 wall=0.237s thr(out)1 thr(in)16 conc_peak=16 pread=2.290s
DBG getmany L8 nw=16 wall=0.232s thr(out)1 thr(in)16 conc_peak=16 pread=2.379s
DBG getmany L9 nw=16 wall=0.245s thr(out)1 thr(in)16 conc_peak=16 pread=2.363s
DBG getmany L10 nw=16 wall=0.246s thr(out)1 thr(in)16 conc_peak=16 pread=2.451s
DBG getmany L11 nw=16 wall=0.245s thr(out)1 thr(in)16 conc_peak=16 pread=2.349s
DBG getmany L12 nw=16 wall=0.244s thr(out)1 thr(in)16 conc_peak=16 pread=2.267s
DBG getmany L13 nw=16 wall=0.251s thr(out)1 thr(in)16 conc_peak=16 pread=2.443s
DBG getmany L14 nw=16 wall=0.244s thr(out)1 thr(in)16 conc_peak=16 pread=2.458s
DBG getmany L15 nw=16 wall=0.248s thr(out)1 thr(in)16 conc_peak=16 pread=2.170s
DBG getmany L16 nw=16 wall=0.244s thr(out)1 thr(in)16 conc_peak=16 pread=2.384s
DBG getmany L17 nw=16 wall=0.244s thr(out)1 thr(in)16 conc_peak=16 pread=2.308s
DBG getmany L18 nw=16 wall=0.237s thr(out)1 thr(in)16 conc_peak=16 pread=2.359s
DBG getmany L19 nw=16 wall=0.245s thr(out)1 thr(in)16 conc_peak=16 pread=2.347s
DBG getmany L20 nw=16 wall=0.242s thr(out)1 thr(in)16 conc_peak=16 pread=2.309s
DBG getmany L21 nw=16 wall=0.731s thr(out)1 thr(in)16 conc_peak=16 pread=10.451s
DBG getmany L22 nw=16 wall=0.556s thr(out)1 thr(in)16 conc_peak=16 pread=7.622s
DBG getmany L23 nw=16 wall=0.737s thr(out)1 thr(in)16 conc_peak=16 pread=10.502s
DBG getmany L24 nw=16 wall=0.801s thr(out)1 thr(in)16 conc_peak=16 pread=11.535s
DBG getmany L25 nw=16 wall=0.782s thr(out)1 thr(in)16 conc_peak=16 pread=6.869s
DBG getmany L26 nw=16 wall=0.569s thr(out)1 thr(in)16 conc_peak=16 pread=7.366s
DBG getmany L27 nw=16 wall=0.704s thr(out)1 thr(in)16 conc_peak=16 pread=7.701s
DBG getmany L28 nw=16 wall=0.722s thr(out)1 thr(in)16 conc_peak=16 pread=10.450s
DBG getmany L29 nw=16 wall=0.771s thr(out)1 thr(in)16 conc_peak=16 pread=11.000s
DBG getmany L30 nw=16 wall=0.567s thr(out)1 thr(in)16 conc_peak=16 pread=7.673s
DBG getmany L31 nw=16 wall=0.758s thr(out)1 thr(in)16 conc_peak=16 pread=10.316s
DBG getmany L32 nw=16 wall=0.755s thr(out)1 thr(in)16 conc_peak=16 pread=10.959s
DBG getmany L33 nw=16 wall=0.769s thr(out)1 thr(in)16 conc_peak=16 pread=9.783s
DBG getmany L34 nw=16 wall=0.550s thr(out)1 thr(in)16 conc_peak=16 pread=7.788s
DBG getmany L35 nw=16 wall=0.777s thr(out)1 thr(in)16 conc_peak=16 pread=10.852s
DBG getmany L36 nw=16 wall=0.851s thr(out)1 thr(in)16 conc_peak=16 pread=4.505s
DBG getmany L37 nw=16 wall=0.762s thr(out)1 thr(in)16 conc_peak=16 pread=9.968s
DBG getmany L38 nw=16 wall=0.513s thr(out)1 thr(in)16 conc_peak=16 pread=7.233s
DBG getmany L39 nw=16 wall=0.775s thr(out)1 thr(in)16 conc_peak=16 pread=9.225s
DBG getmany L40 nw=16 wall=0.736s thr(out)1 thr(in)16 conc_peak=16 pread=10.983s
DBG getmany L41 nw=16 wall=0.720s thr(out)1 thr(in)16 conc_peak=16 pread=10.237s
DBG getmany L42 nw=16 wall=0.490s thr(out)1 thr(in)16 conc_peak=16 pread=6.577s
DBG getmany L43 nw=16 wall=0.801s thr(out)1 thr(in)16 conc_peak=16 pread=7.931s
DBG getmany L44 nw=16 wall=0.760s thr(out)1 thr(in)16 conc_peak=16 pread=8.850s
DBG getmany L45 nw=16 wall=0.777s thr(out)1 thr(in)16 conc_peak=16 pread=9.891s
DBG getmany L46 nw=16 wall=0.578s thr(out)1 thr(in)16 conc_peak=16 pread=6.647s
DBG getmany L47 nw=16 wall=0.754s thr(out)1 thr(in)16 conc_peak=16 pread=7.850s
DBG getmany L48 nw=16 wall=0.710s thr(out)1 thr(in)16 conc_peak=16 pread=10.543s
DBG getmany L49 nw=16 wall=0.792s thr(out)1 thr(in)16 conc_peak=16 pread=11.880s
DBG getmany L50 nw=16 wall=0.576s thr(out)1 thr(in)16 conc_peak=16 pread=7.740s
DBG getmany L51 nw=16 wall=0.740s thr(out)1 thr(in)16 conc_peak=16 pread=9.587s
DBG getmany L52 nw=16 wall=0.707s thr(out)1 thr(in)16 conc_peak=16 pread=7.255s
DBG getmany L53 nw=16 wall=0.775s thr(out)1 thr(in)16 conc_peak=16 pread=8.455s
DBG getmany L54 nw=16 wall=0.561s thr(out)1 thr(in)16 conc_peak=16 pread=7.819s
DBG getmany L55 nw=16 wall=0.768s thr(out)1 thr(in)16 conc_peak=16 pread=11.326s
DBG getmany L56 nw=16 wall=0.751s thr(out)1 thr(in)16 conc_peak=16 pread=8.638s
DBG getmany L57 nw=16 wall=0.764s thr(out)1 thr(in)16 conc_peak=16 pread=9.805s
DBG getmany L58 nw=16 wall=0.581s thr(out)1 thr(in)16 conc_peak=16 pread=7.596s
DBG getmany L59 nw=16 wall=0.777s thr(out)1 thr(in)16 conc_peak=16 pread=8.832s
DBG getmany L60 nw=16 wall=0.757s thr(out)1 thr(in)16 conc_peak=16 pread=10.968s
DBG getmany L61 nw=16 wall=0.721s thr(out)1 thr(in)16 conc_peak=16 pread=10.156s
DBG getmany L62 nw=16 wall=0.553s thr(out)1 thr(in)16 conc_peak=16 pread=7.970s
DBG getmany L63 nw=16 wall=0.771s thr(out)1 thr(in)16 conc_peak=16 pread=9.287s
DBG getmany L64 nw=16 wall=0.814s thr(out)1 thr(in)16 conc_peak=16 pread=8.500s
DBG getmany L65 nw=16 wall=0.716s thr(out)1 thr(in)16 conc_peak=16 pread=9.568s
DBG getmany L66 nw=16 wall=0.559s thr(out)1 thr(in)16 conc_peak=16 pread=7.120s
DBG getmany L67 nw=16 wall=0.807s thr(out)1 thr(in)16 conc_peak=16 pread=10.802s
DBG getmany L68 nw=16 wall=0.728s thr(out)1 thr(in)16 conc_peak=16 pread=9.894s
DBG getmany L69 nw=16 wall=0.769s thr(out)1 thr(in)16 conc_peak=16 pread=11.073s
DBG getmany L70 nw=16 wall=0.566s thr(out)1 thr(in)16 conc_peak=16 pread=7.193s
DBG getmany L71 nw=16 wall=0.844s thr(out)1 thr(in)16 conc_peak=16 pread=12.322s
DBG getmany L72 nw=16 wall=0.782s thr(out)1 thr(in)16 conc_peak=16 pread=10.033s
DBG getmany L73 nw=16 wall=0.785s thr(out)1 thr(in)16 conc_peak=16 pread=10.438s
DBG getmany L74 nw=16 wall=0.557s thr(out)1 thr(in)16 conc_peak=16 pread=7.525s
DBG getmany L75 nw=16 wall=0.726s thr(out)1 thr(in)16 conc_peak=16 pread=8.850s
DBG getmany L76 nw=16 wall=0.735s thr(out)1 thr(in)16 conc_peak=16 pread=9.399s
DBG getmany L77 nw=16 wall=0.768s thr(out)1 thr(in)16 conc_peak=16 pread=9.664s
DBG getmany L78 nw=16 wall=0.558s thr(out)1 thr(in)16 conc_peak=16 pread=7.027s
DBG getmany L79 nw=16 wall=0.769s thr(out)1 thr(in)16 conc_peak=16 pread=10.480s
DBG getmany L80 nw=16 wall=0.738s thr(out)1 thr(in)16 conc_peak=16 pread=9.340s
DBG getmany L81 nw=16 wall=0.780s thr(out)1 thr(in)16 conc_peak=16 pread=10.776s
DBG getmany L82 nw=16 wall=0.544s thr(out)1 thr(in)16 conc_peak=16 pread=6.809s
DBG getmany L83 nw=16 wall=0.765s thr(out)1 thr(in)16 conc_peak=16 pread=9.853s
DBG getmany L84 nw=16 wall=0.762s thr(out)1 thr(in)16 conc_peak=16 pread=10.433s
DBG getmany L85 nw=16 wall=0.740s thr(out)1 thr(in)16 conc_peak=16 pread=10.276s
DBG getmany L86 nw=16 wall=0.550s thr(out)1 thr(in)16 conc_peak=16 pread=7.494s
DBG getmany L87 nw=16 wall=0.758s thr(out)1 thr(in)16 conc_peak=16 pread=11.193s
DBG getmany L88 nw=16 wall=0.732s thr(out)1 thr(in)16 conc_peak=16 pread=10.020s
DBG getmany L89 nw=16 wall=0.778s thr(out)1 thr(in)16 conc_peak=16 pread=11.229s
DBG getmany L90 nw=16 wall=0.555s thr(out)1 thr(in)16 conc_peak=16 pread=7.807s
DBG getmany L91 nw=16 wall=0.594s thr(out)1 thr(in)16 conc_peak=16 pread=6.198s
DBG getmany L92 nw=16 wall=0.256s thr(out)1 thr(in)16 conc_peak=16 pread=2.652s
1      802        76.73        100.0      25.83      0.013
  L2   resident=6779/14589 slots hit=100.0% read=51.66GB write=0.00GB
DBG getmany L1 nw=16 wall=0.252s thr(out)1 thr(in)16 conc_peak=16 pread=2.304s
DBG getmany L2 nw=15 wall=0.243s thr(out)1 thr(in)16 conc_peak=15 pread=2.162s
DBG getmany L3 nw=13 wall=0.205s thr(out)1 thr(in)16 conc_peak=13 pread=1.485s
DBG getmany L4 nw=15 wall=0.240s thr(out)1 thr(in)16 conc_peak=15 pread=2.178s
DBG getmany L5 nw=16 wall=0.254s thr(out)1 thr(in)16 conc_peak=16 pread=2.347s
DBG getmany L6 nw=15 wall=0.247s thr(out)1 thr(in)16 conc_peak=15 pread=2.158s
DBG getmany L7 nw=15 wall=0.222s thr(out)1 thr(in)16 conc_peak=15 pread=2.090s
DBG getmany L8 nw=16 wall=0.232s thr(out)1 thr(in)16 conc_peak=16 pread=2.222s
DBG getmany L9 nw=15 wall=0.220s thr(out)1 thr(in)16 conc_peak=15 pread=1.917s
DBG getmany L10 nw=15 wall=0.222s thr(out)1 thr(in)16 conc_peak=15 pread=2.020s
DBG getmany L11 nw=15 wall=0.223s thr(out)1 thr(in)16 conc_peak=15 pread=2.044s
DBG getmany L12 nw=15 wall=0.226s thr(out)1 thr(in)16 conc_peak=15 pread=2.117s
DBG getmany L13 nw=16 wall=0.244s thr(out)1 thr(in)16 conc_peak=16 pread=2.314s
DBG getmany L14 nw=15 wall=0.228s thr(out)1 thr(in)16 conc_peak=15 pread=2.040s
DBG getmany L15 nw=16 wall=0.247s thr(out)1 thr(in)16 conc_peak=16 pread=2.390s
DBG getmany L16 nw=15 wall=0.231s thr(out)1 thr(in)16 conc_peak=15 pread=2.055s
DBG getmany L17 nw=16 wall=0.245s thr(out)1 thr(in)16 conc_peak=16 pread=2.401s
DBG getmany L18 nw=16 wall=0.245s thr(out)1 thr(in)16 conc_peak=16 pread=2.601s
DBG getmany L19 nw=16 wall=0.246s thr(out)1 thr(in)16 conc_peak=16 pread=2.324s
DBG getmany L20 nw=16 wall=0.238s thr(out)1 thr(in)16 conc_peak=16 pread=2.126s
DBG getmany L21 nw=16 wall=0.745s thr(out)1 thr(in)16 conc_peak=16 pread=8.767s
DBG getmany L22 nw=16 wall=0.565s thr(out)1 thr(in)16 conc_peak=16 pread=7.909s
DBG getmany L23 nw=15 wall=0.713s thr(out)1 thr(in)16 conc_peak=15 pread=9.470s
DBG getmany L24 nw=13 wall=0.768s thr(out)1 thr(in)16 conc_peak=13 pread=6.426s
DBG getmany L25 nw=15 wall=0.741s thr(out)1 thr(in)16 conc_peak=15 pread=10.334s
DBG getmany L26 nw=15 wall=0.533s thr(out)1 thr(in)16 conc_peak=15 pread=5.692s
DBG getmany L27 nw=16 wall=0.724s thr(out)1 thr(in)16 conc_peak=16 pread=10.736s
DBG getmany L28 nw=15 wall=0.659s thr(out)1 thr(in)16 conc_peak=15 pread=7.682s
DBG getmany L29 nw=16 wall=0.774s thr(out)1 thr(in)16 conc_peak=16 pread=10.247s
DBG getmany L30 nw=16 wall=0.544s thr(out)1 thr(in)16 conc_peak=16 pread=7.754s
DBG getmany L31 nw=16 wall=0.741s thr(out)1 thr(in)16 conc_peak=16 pread=7.975s
DBG getmany L32 nw=14 wall=0.705s thr(out)1 thr(in)16 conc_peak=14 pread=8.010s
DBG getmany L33 nw=15 wall=0.788s thr(out)1 thr(in)16 conc_peak=15 pread=9.530s
DBG getmany L34 nw=16 wall=0.560s thr(out)1 thr(in)16 conc_peak=16 pread=7.689s
DBG getmany L35 nw=16 wall=0.700s thr(out)1 thr(in)16 conc_peak=16 pread=8.557s
DBG getmany L36 nw=14 wall=0.767s thr(out)1 thr(in)16 conc_peak=14 pread=9.190s
DBG getmany L37 nw=16 wall=0.772s thr(out)1 thr(in)16 conc_peak=16 pread=10.250s
DBG getmany L38 nw=16 wall=0.542s thr(out)1 thr(in)16 conc_peak=16 pread=6.611s
DBG getmany L39 nw=16 wall=0.758s thr(out)1 thr(in)16 conc_peak=16 pread=9.106s
DBG getmany L40 nw=16 wall=0.747s thr(out)1 thr(in)16 conc_peak=16 pread=10.171s
DBG getmany L41 nw=16 wall=0.725s thr(out)1 thr(in)16 conc_peak=16 pread=8.892s
DBG getmany L42 nw=16 wall=0.521s thr(out)1 thr(in)16 conc_peak=16 pread=6.047s
DBG getmany L43 nw=16 wall=0.794s thr(out)1 thr(in)16 conc_peak=16 pread=11.517s
DBG getmany L44 nw=16 wall=0.759s thr(out)1 thr(in)16 conc_peak=16 pread=10.922s
DBG getmany L45 nw=16 wall=0.826s thr(out)1 thr(in)16 conc_peak=16 pread=8.484s
DBG getmany L46 nw=15 wall=0.542s thr(out)1 thr(in)16 conc_peak=15 pread=6.320s
DBG getmany L47 nw=15 wall=0.521s thr(out)1 thr(in)16 conc_peak=15 pread=6.623s
DBG getmany L48 nw=15 wall=0.745s thr(out)1 thr(in)16 conc_peak=15 pread=7.901s
DBG getmany L49 nw=15 wall=0.779s thr(out)1 thr(in)16 conc_peak=15 pread=10.338s
DBG getmany L50 nw=16 wall=0.576s thr(out)1 thr(in)16 conc_peak=16 pread=8.141s
DBG getmany L51 nw=16 wall=0.751s thr(out)1 thr(in)16 conc_peak=16 pread=10.567s
DBG getmany L52 nw=16 wall=0.702s thr(out)1 thr(in)16 conc_peak=16 pread=9.847s
DBG getmany L53 nw=15 wall=0.735s thr(out)1 thr(in)16 conc_peak=15 pread=9.653s
DBG getmany L54 nw=16 wall=0.554s thr(out)1 thr(in)16 conc_peak=16 pread=7.285s
DBG getmany L55 nw=16 wall=0.772s thr(out)1 thr(in)16 conc_peak=16 pread=10.062s
DBG getmany L56 nw=16 wall=0.769s thr(out)1 thr(in)16 conc_peak=16 pread=9.313s
DBG getmany L57 nw=16 wall=0.778s thr(out)1 thr(in)16 conc_peak=16 pread=9.728s
DBG getmany L58 nw=16 wall=0.566s thr(out)1 thr(in)16 conc_peak=16 pread=7.471s
DBG getmany L59 nw=16 wall=0.797s thr(out)1 thr(in)16 conc_peak=16 pread=11.693s
DBG getmany L60 nw=16 wall=0.757s thr(out)1 thr(in)16 conc_peak=16 pread=7.867s
DBG getmany L61 nw=16 wall=0.728s thr(out)1 thr(in)16 conc_peak=16 pread=9.194s
DBG getmany L62 nw=16 wall=0.537s thr(out)1 thr(in)16 conc_peak=16 pread=6.219s
DBG getmany L63 nw=16 wall=0.772s thr(out)1 thr(in)16 conc_peak=16 pread=9.972s
DBG getmany L64 nw=16 wall=0.782s thr(out)1 thr(in)16 conc_peak=16 pread=11.790s
DBG getmany L65 nw=16 wall=0.783s thr(out)1 thr(in)16 conc_peak=16 pread=10.062s
DBG getmany L66 nw=16 wall=0.536s thr(out)1 thr(in)16 conc_peak=16 pread=7.346s
DBG getmany L67 nw=16 wall=0.803s thr(out)1 thr(in)16 conc_peak=16 pread=11.173s
DBG getmany L68 nw=16 wall=0.734s thr(out)1 thr(in)16 conc_peak=16 pread=9.158s
DBG getmany L69 nw=16 wall=0.782s thr(out)1 thr(in)16 conc_peak=16 pread=9.813s
DBG getmany L70 nw=16 wall=0.566s thr(out)1 thr(in)16 conc_peak=16 pread=7.557s
DBG getmany L71 nw=16 wall=0.822s thr(out)1 thr(in)16 conc_peak=16 pread=12.393s
DBG getmany L72 nw=16 wall=0.710s thr(out)1 thr(in)16 conc_peak=16 pread=10.192s
DBG getmany L73 nw=16 wall=0.761s thr(out)1 thr(in)16 conc_peak=16 pread=11.327s
DBG getmany L74 nw=16 wall=0.565s thr(out)1 thr(in)16 conc_peak=16 pread=6.801s
DBG getmany L75 nw=16 wall=0.784s thr(out)1 thr(in)16 conc_peak=16 pread=7.384s
DBG getmany L76 nw=16 wall=0.710s thr(out)1 thr(in)16 conc_peak=16 pread=10.527s
DBG getmany L77 nw=16 wall=0.780s thr(out)1 thr(in)16 conc_peak=16 pread=11.130s
DBG getmany L78 nw=16 wall=0.539s thr(out)1 thr(in)16 conc_peak=16 pread=7.305s
DBG getmany L79 nw=16 wall=0.790s thr(out)1 thr(in)16 conc_peak=16 pread=8.962s
DBG getmany L80 nw=16 wall=0.753s thr(out)1 thr(in)16 conc_peak=16 pread=9.446s
DBG getmany L81 nw=15 wall=0.753s thr(out)1 thr(in)16 conc_peak=15 pread=9.533s
DBG getmany L82 nw=16 wall=0.564s thr(out)1 thr(in)16 conc_peak=16 pread=8.207s
DBG getmany L83 nw=13 wall=0.720s thr(out)1 thr(in)16 conc_peak=13 pread=7.003s
DBG getmany L84 nw=13 wall=0.716s thr(out)1 thr(in)16 conc_peak=13 pread=6.716s
DBG getmany L85 nw=14 wall=0.713s thr(out)1 thr(in)16 conc_peak=14 pread=7.798s
DBG getmany L86 nw=16 wall=0.519s thr(out)1 thr(in)16 conc_peak=16 pread=6.452s
DBG getmany L87 nw=13 wall=0.682s thr(out)1 thr(in)16 conc_peak=13 pread=7.399s
DBG getmany L88 nw=15 wall=0.726s thr(out)1 thr(in)16 conc_peak=15 pread=10.069s
DBG getmany L89 nw=13 wall=0.736s thr(out)1 thr(in)16 conc_peak=13 pread=9.173s
DBG getmany L90 nw=12 wall=0.491s thr(out)1 thr(in)16 conc_peak=12 pread=5.432s
DBG getmany L91 nw=13 wall=0.479s thr(out)1 thr(in)16 conc_peak=13 pread=5.265s
DBG getmany L92 nw=13 wall=0.202s thr(out)1 thr(in)16 conc_peak=13 pread=1.532s
2      24         75.07        100.0      24.85      0.013
  L2   resident=6779/14589 slots hit=100.0% read=76.51GB write=0.00GB
--------------------------------------------------------------------
3 tokens in 238.5 s, 79.51 s/token average
PEAK RSS for the whole run: 37.16 GB   <- quote this, not the plan
layers completed: 93/93; routed expert drops: 0


[chip] simulated MXFP4 GEMV bill over 4 tokens
  4416 expert chains | 291722231808 flops | 77488717824 bytes (77.49 GB)
  per token: 1104 chains | 19.37 GB | 0.07 Gflops
  compute wall @ 4 TFLOPS : 0.07 s (18.23 ms/token)
  bandwidth wall @ 200 GB/s : 0.39 s (96.86 ms/token)
  -> bandwidth-bound; to be compute-bound at 4 TFLOPS this needs 1062 GB/s
  expert fetch (host wall, measured): 156.01 s moving 77.49 GB = 0 GB/s
  chip pool wall (measured): 24.66 s

cache [final step]
  slots        : 854 of 17.56 MB = 14.99 GB arena (854 resident, 0 pinned)
  requests     : 1472  hits 1472 (100.00%)  misses 0  evictions 1416
  of those hits : 1416 came from the batch prefetch, i.e. read from disk
                  this token; TRUE resident hit rate 3.80%
  read from disk: 24.85 GB in 54.06 s (460 MB/s while loading)
  phase2 i/o    : 24.86 GB in 54.06 s (460 MB/s)  [pure parallel disk read]
l2cache [final step]
  requests     : 4360  hits 4360 (100.00%)  misses 0
  read  from sdd7: 76.51 GB, written 0.00 GB
  fd split  : 3367 O_DIRECT, 0 BUFFERED (0.00% buffered)
  hit I/O   : 76.51 GB in 155.46 s (wall) = 492 MB/s [pread 1947.44 s, 39 MB/s per-thread]
  miss I/O  : 0 misses, 0.00 GB from /model in 0.00 s (wall) = 0 MB/s
  restored from meta: 6779 slots
kio tier0: 4595 reqs, 216.66 GB delivered | per-stream 106 MB/s, aggregate 908 MB/s, concurrency 8.6x | queue 64.8 s (3.2% of io), submit-lock 3.6 s, worker-lock 0.1 s, sleep 1881.4 s in 8254 waits (49% of worker-time)
      group0: 235 reqs, 140.16 GB | per-stream 824 MB/s | queue 0.1 s (0.1%)
      group1: 4360 reqs, 76.51 GB | per-stream 41 MB/s | queue 64.7 s (3.4%)

wrote reports/gateab_ab/v61_burst/noburst_p4/ctrl.json
I/O share of wall clock: 136.6%  (trunk 170.3 s + experts 155.5 s of 238.5 s)
  both figures are WHOLE-RUN totals over 3 steps
  expert phase split: phase1 SERIAL reserve 0.2 s (552 calls) vs phase2 read 155.5 s
  over 100% because trunk reads overlap compute on the reader thread;
  87.3 s of device time was hidden behind arithmetic
  experts, whole run: 76.51 GB read | 910 of 4416 requests retained in RAM (20.61%) | 3506 evictions
    (retention = requests - evictions; the raw `hits` counter includes
     experts the prefetcher had just read from disk, so it is not a
     measure of avoided I/O)

trunk [final]
  pinned 22/93 layers, ring 2 slots
  binds 279, hits 44 (15.8%), reads 235
  read 140.16 GB in 170.34 s (823 MB/s pread)
  per-layer loads [L]=count: 0=1 1=1 2=1 3=1 4=1 5=1 6=1 7=1 8=1 9=1 10=1 11=1 12=1 13=1 14=1 15=1 16=1 17=1 18=1 19=1 20=1 21=1 22=3 23=3 24=3 25=3 26=3 27=3 28=3 29=3 30=3 31=3 32=3 33=3 34=3 35=3 36=3 37=3 38=3 39=3 40=3 41=3 42=3 43=3 44=3 45=3 46=3 47=3 48=3 49=3 50=3 51=3 52=3 53=3 54=3 55=3 56=3 57=3 58=3 59=3 60=3 61=3 62=3 63=3 64=3 65=3 66=3 67=3 68=3 69=3 70=3 71=3 72=3 73=3 74=3 75=3 76=3 77=3 78=3 79=3 80=3 81=3 82=3 83=3 84=3 85=3 86=3 87=3 88=3 89=3 90=3 91=3 92=3
  bind wall 20.57 s over 279 binds; read 170.34 + widen 1.77 = 172.11 s of device work,
                    of which 151.54 s (88%) overlapped compute on the reader thread
  widen breakdown: find 4 ms (7365)  copy 0 ms (3444)  deq 1758 ms (2370)  timed 2 s of widen 1.77 s
