L2 auto: 209 GB free on /mnt/nvme -> L2 at 256 GB
k3 chip: 4 workers, 4 TFLOPS, 200 GB/s simulated wall
DBG getmany L1 nw=16 wall=0.218s thr(out)1 thr(in)16 conc_peak=16 pread=2.229s
DBG getmany L2 nw=16 wall=0.358s thr(out)1 thr(in)16 conc_peak=16 pread=4.337s
DBG getmany L3 nw=16 wall=0.499s thr(out)1 thr(in)16 conc_peak=16 pread=5.841s
DBG getmany L4 nw=16 wall=0.465s thr(out)1 thr(in)16 conc_peak=16 pread=5.340s
DBG getmany L5 nw=16 wall=0.416s thr(out)1 thr(in)16 conc_peak=16 pread=5.624s
DBG getmany L6 nw=16 wall=0.345s thr(out)1 thr(in)16 conc_peak=16 pread=4.276s
DBG getmany L7 nw=16 wall=0.482s thr(out)1 thr(in)16 conc_peak=16 pread=5.536s
DBG getmany L8 nw=16 wall=0.491s thr(out)1 thr(in)16 conc_peak=16 pread=4.361s
DBG getmany L9 nw=16 wall=0.494s thr(out)1 thr(in)16 conc_peak=16 pread=6.858s
DBG getmany L10 nw=16 wall=0.370s thr(out)1 thr(in)16 conc_peak=16 pread=4.605s
DBG getmany L11 nw=16 wall=0.501s thr(out)1 thr(in)16 conc_peak=16 pread=5.861s
DBG getmany L12 nw=16 wall=12.140s thr(out)1 thr(in)16 conc_peak=16 pread=183.301s
DBG getmany L13 nw=16 wall=0.514s thr(out)1 thr(in)16 conc_peak=16 pread=5.038s
DBG getmany L14 nw=16 wall=0.369s thr(out)1 thr(in)16 conc_peak=16 pread=5.044s
DBG getmany L15 nw=16 wall=0.538s thr(out)1 thr(in)16 conc_peak=16 pread=6.446s
DBG getmany L16 nw=16 wall=0.493s thr(out)1 thr(in)16 conc_peak=16 pread=6.432s
DBG getmany L17 nw=16 wall=0.498s thr(out)1 thr(in)16 conc_peak=16 pread=6.040s
DBG getmany L18 nw=16 wall=0.358s thr(out)1 thr(in)16 conc_peak=16 pread=3.985s
DBG getmany L19 nw=16 wall=0.492s thr(out)1 thr(in)16 conc_peak=16 pread=6.210s
DBG getmany L20 nw=16 wall=0.490s thr(out)1 thr(in)16 conc_peak=16 pread=5.961s
DBG getmany L21 nw=16 wall=0.501s thr(out)1 thr(in)16 conc_peak=16 pread=6.432s
DBG getmany L22 nw=16 wall=0.378s thr(out)1 thr(in)16 conc_peak=16 pread=5.212s
DBG getmany L23 nw=16 wall=0.492s thr(out)1 thr(in)16 conc_peak=16 pread=5.679s
DBG getmany L24 nw=16 wall=0.587s thr(out)1 thr(in)16 conc_peak=16 pread=7.917s
DBG getmany L25 nw=16 wall=0.564s thr(out)1 thr(in)16 conc_peak=16 pread=7.217s
DBG getmany L26 nw=16 wall=0.409s thr(out)1 thr(in)16 conc_peak=16 pread=5.438s
DBG getmany L27 nw=16 wall=0.444s thr(out)1 thr(in)16 conc_peak=16 pread=5.975s
DBG getmany L28 nw=16 wall=0.473s thr(out)1 thr(in)16 conc_peak=16 pread=6.247s
DBG getmany L29 nw=16 wall=0.502s thr(out)1 thr(in)16 conc_peak=16 pread=5.892s
DBG getmany L30 nw=16 wall=0.400s thr(out)1 thr(in)16 conc_peak=16 pread=4.722s
DBG getmany L31 nw=16 wall=0.576s thr(out)1 thr(in)16 conc_peak=16 pread=7.817s
DBG getmany L32 nw=16 wall=0.577s thr(out)1 thr(in)16 conc_peak=16 pread=5.987s
DBG getmany L33 nw=16 wall=0.589s thr(out)1 thr(in)16 conc_peak=16 pread=7.619s
DBG getmany L34 nw=16 wall=0.395s thr(out)1 thr(in)16 conc_peak=16 pread=5.227s
DBG getmany L35 nw=16 wall=0.597s thr(out)1 thr(in)16 conc_peak=16 pread=5.759s
DBG getmany L36 nw=16 wall=0.589s thr(out)1 thr(in)16 conc_peak=16 pread=6.539s
DBG getmany L37 nw=16 wall=0.521s thr(out)1 thr(in)16 conc_peak=16 pread=5.902s
DBG getmany L38 nw=16 wall=0.398s thr(out)1 thr(in)16 conc_peak=16 pread=5.108s
DBG getmany L39 nw=16 wall=0.600s thr(out)1 thr(in)16 conc_peak=16 pread=8.670s
DBG getmany L40 nw=16 wall=0.505s thr(out)1 thr(in)16 conc_peak=16 pread=6.744s
DBG getmany L41 nw=16 wall=0.522s thr(out)1 thr(in)16 conc_peak=16 pread=6.135s
DBG getmany L42 nw=16 wall=0.395s thr(out)1 thr(in)16 conc_peak=16 pread=4.817s
DBG getmany L43 nw=16 wall=0.692s thr(out)1 thr(in)16 conc_peak=16 pread=4.534s
DBG getmany L44 nw=16 wall=0.555s thr(out)1 thr(in)16 conc_peak=16 pread=6.872s
DBG getmany L45 nw=16 wall=0.570s thr(out)1 thr(in)16 conc_peak=16 pread=6.049s
DBG getmany L46 nw=16 wall=0.439s thr(out)1 thr(in)16 conc_peak=16 pread=5.425s
DBG getmany L47 nw=16 wall=0.596s thr(out)1 thr(in)16 conc_peak=16 pread=6.335s
DBG getmany L48 nw=16 wall=0.564s thr(out)1 thr(in)16 conc_peak=16 pread=5.953s
DBG getmany L49 nw=16 wall=0.608s thr(out)1 thr(in)16 conc_peak=16 pread=7.088s
DBG getmany L50 nw=16 wall=0.483s thr(out)1 thr(in)16 conc_peak=16 pread=6.182s
DBG getmany L51 nw=16 wall=0.603s thr(out)1 thr(in)16 conc_peak=16 pread=7.335s
DBG getmany L52 nw=16 wall=0.572s thr(out)1 thr(in)16 conc_peak=16 pread=6.261s
DBG getmany L53 nw=16 wall=0.594s thr(out)1 thr(in)16 conc_peak=16 pread=7.122s
DBG getmany L54 nw=16 wall=0.480s thr(out)1 thr(in)16 conc_peak=16 pread=6.007s
DBG getmany L55 nw=16 wall=0.597s thr(out)1 thr(in)16 conc_peak=16 pread=7.265s
DBG getmany L56 nw=16 wall=0.618s thr(out)1 thr(in)16 conc_peak=16 pread=6.481s
DBG getmany L57 nw=16 wall=0.588s thr(out)1 thr(in)16 conc_peak=16 pread=8.109s
DBG getmany L58 nw=16 wall=0.447s thr(out)1 thr(in)16 conc_peak=16 pread=5.816s
DBG getmany L59 nw=16 wall=0.577s thr(out)1 thr(in)16 conc_peak=16 pread=7.664s
DBG getmany L60 nw=16 wall=0.566s thr(out)1 thr(in)16 conc_peak=16 pread=5.959s
DBG getmany L61 nw=16 wall=0.578s thr(out)1 thr(in)16 conc_peak=16 pread=7.209s
DBG getmany L62 nw=16 wall=0.432s thr(out)1 thr(in)16 conc_peak=16 pread=5.540s
DBG getmany L63 nw=16 wall=0.617s thr(out)1 thr(in)16 conc_peak=16 pread=6.983s
DBG getmany L64 nw=16 wall=0.584s thr(out)1 thr(in)16 conc_peak=16 pread=6.197s
DBG getmany L65 nw=16 wall=0.510s thr(out)1 thr(in)16 conc_peak=16 pread=5.569s
DBG getmany L66 nw=16 wall=0.429s thr(out)1 thr(in)16 conc_peak=16 pread=5.327s
DBG getmany L67 nw=16 wall=0.619s thr(out)1 thr(in)16 conc_peak=16 pread=8.681s
DBG getmany L68 nw=16 wall=0.593s thr(out)1 thr(in)16 conc_peak=16 pread=7.815s
DBG getmany L69 nw=16 wall=0.576s thr(out)1 thr(in)16 conc_peak=16 pread=7.279s
DBG getmany L70 nw=16 wall=0.434s thr(out)1 thr(in)16 conc_peak=16 pread=4.888s
DBG getmany L71 nw=16 wall=0.641s thr(out)1 thr(in)16 conc_peak=16 pread=7.462s
DBG getmany L72 nw=16 wall=0.613s thr(out)1 thr(in)16 conc_peak=16 pread=5.558s
DBG getmany L73 nw=16 wall=0.643s thr(out)1 thr(in)16 conc_peak=16 pread=8.771s
DBG getmany L74 nw=16 wall=0.452s thr(out)1 thr(in)16 conc_peak=16 pread=5.242s
DBG getmany L75 nw=16 wall=0.801s thr(out)1 thr(in)16 conc_peak=16 pread=7.674s
DBG getmany L76 nw=16 wall=0.751s thr(out)1 thr(in)16 conc_peak=16 pread=8.235s
DBG getmany L77 nw=16 wall=0.747s thr(out)1 thr(in)16 conc_peak=16 pread=8.883s
DBG getmany L78 nw=16 wall=0.574s thr(out)1 thr(in)16 conc_peak=16 pread=7.263s
DBG getmany L79 nw=16 wall=0.772s thr(out)1 thr(in)16 conc_peak=16 pread=8.606s
DBG getmany L80 nw=16 wall=0.765s thr(out)1 thr(in)16 conc_peak=16 pread=8.460s
DBG getmany L81 nw=16 wall=0.762s thr(out)1 thr(in)16 conc_peak=16 pread=10.514s
DBG getmany L82 nw=16 wall=0.541s thr(out)1 thr(in)16 conc_peak=16 pread=6.415s
DBG getmany L83 nw=16 wall=0.776s thr(out)1 thr(in)16 conc_peak=16 pread=9.101s
DBG getmany L84 nw=16 wall=0.768s thr(out)1 thr(in)16 conc_peak=16 pread=8.126s
DBG getmany L85 nw=16 wall=0.761s thr(out)1 thr(in)16 conc_peak=16 pread=9.013s
DBG getmany L86 nw=16 wall=0.558s thr(out)1 thr(in)16 conc_peak=16 pread=6.799s
DBG getmany L87 nw=16 wall=0.744s thr(out)1 thr(in)16 conc_peak=16 pread=7.861s
DBG getmany L88 nw=16 wall=0.781s thr(out)1 thr(in)16 conc_peak=16 pread=9.799s
DBG getmany L89 nw=16 wall=0.801s thr(out)1 thr(in)16 conc_peak=16 pread=10.422s
DBG getmany L90 nw=16 wall=0.581s thr(out)1 thr(in)16 conc_peak=16 pread=8.057s
DBG getmany L91 nw=16 wall=0.568s thr(out)1 thr(in)16 conc_peak=16 pread=7.421s
DBG getmany L92 nw=16 wall=0.240s thr(out)1 thr(in)16 conc_peak=16 pread=2.396s
config: /model/config.json (nested shape) | hidden=7168 layers=93 vocab=163840 | 24 MLA + 69 KDA | experts 896 top16 shared2 | latent=3584
  KV cache : 23.70 MB for 10 positions (2.37 MB/position)
Kimi K3, pure C, released checkpoint
  model    : /model
  prompt   : 1 tokens, generating 8

indexed 497220 tensors from 96 shards in 14.44 s
trunk on disk : 110.00 GB total (STREAMED from /mnt/nvme/trunk_layers_out, not held in RAM)

memory plan
  trunk (STREAMED) 6.00 GB
  embed + lm_head  4.70 GB
  expert cache     40.00 GB
  recurrent state  626.25 MB
  buffers          8.02 MB
  KV cache         23.65 MB
  TOTAL            51.36 GB
  available        57.81 GB

k3_trunk: trunk.bin absent - using per-layer slices (layer_%03d.bin)
trunk stream: 56.60 GB packed, 1/93 layers PINNED (3.00 GB), ring 2 x 1.30 GB
              reads use buffered I/O
              ring holds 2 slots: layers repeat over ~2 tokens, so recent ones are reused instead of re-read
trunk streaming enabled from /mnt/nvme/trunk_layers_out in 0.0 s
embedding, final norm and lm_head: 4.70 GB in 10.4 s

expert L1 eviction policy: heat
expert L2 cache enabled: 14589 slots x 17.55 MB = 256.00 GB on /mnt/nvme/experts.l2
expert L2 eviction policy: heat
peak RSS after loading weights: 4.78 GB  (the plan above is a forecast, this is measured)
expert cache: 2278 slots x 17.56 MB = 39.99 GB (2.76% of the 1.45 TB expert pool)

recurrent state for 93 layers: 626.25 MB

incremental decode: KV cache 23.65 MB for 24 MLA layers at 10 positions

STEP   TOKEN      SECONDS      CACHE HIT  READ GB    TOK/S
--------------------------------------------------------------------
0      220        82.10        100.0      25.83      0.012
  L2   resident=6779/14589 slots hit=100.0% read=25.83GB write=0.00GB
DBG getmany L1 nw=16 wall=0.660s thr(out)1 thr(in)16 conc_peak=16 pread=8.491s
DBG getmany L2 nw=15 wall=0.534s thr(out)1 thr(in)16 conc_peak=15 pread=5.988s
DBG getmany L3 nw=11 wall=0.644s thr(out)1 thr(in)16 conc_peak=11 pread=4.006s
DBG getmany L4 nw=15 wall=0.714s thr(out)1 thr(in)16 conc_peak=15 pread=7.977s
DBG getmany L5 nw=15 wall=0.741s thr(out)1 thr(in)16 conc_peak=15 pread=8.241s
DBG getmany L6 nw=14 wall=0.635s thr(out)1 thr(in)16 conc_peak=14 pread=4.739s
DBG getmany L7 nw=14 wall=0.712s thr(out)1 thr(in)16 conc_peak=14 pread=6.911s
DBG getmany L8 nw=16 wall=0.797s thr(out)1 thr(in)16 conc_peak=16 pread=10.713s
DBG getmany L9 nw=13 wall=0.736s thr(out)1 thr(in)16 conc_peak=13 pread=7.665s
DBG getmany L10 nw=14 wall=0.569s thr(out)1 thr(in)16 conc_peak=14 pread=5.822s
DBG getmany L11 nw=15 wall=0.766s thr(out)1 thr(in)16 conc_peak=15 pread=8.287s
DBG getmany L12 nw=13 wall=0.708s thr(out)1 thr(in)16 conc_peak=13 pread=7.333s
DBG getmany L13 nw=14 wall=0.712s thr(out)1 thr(in)16 conc_peak=14 pread=7.166s
DBG getmany L14 nw=15 wall=0.579s thr(out)1 thr(in)16 conc_peak=15 pread=7.394s
DBG getmany L15 nw=15 wall=0.759s thr(out)1 thr(in)16 conc_peak=15 pread=8.288s
DBG getmany L16 nw=15 wall=0.665s thr(out)1 thr(in)16 conc_peak=15 pread=6.262s
DBG getmany L17 nw=16 wall=0.746s thr(out)1 thr(in)16 conc_peak=16 pread=11.210s
DBG getmany L18 nw=15 wall=0.573s thr(out)1 thr(in)16 conc_peak=15 pread=6.498s
DBG getmany L19 nw=14 wall=0.679s thr(out)1 thr(in)16 conc_peak=14 pread=7.480s
DBG getmany L20 nw=15 wall=0.653s thr(out)1 thr(in)16 conc_peak=15 pread=6.960s
DBG getmany L21 nw=14 wall=0.679s thr(out)1 thr(in)16 conc_peak=14 pread=8.109s
DBG getmany L22 nw=15 wall=0.557s thr(out)1 thr(in)16 conc_peak=14 pread=6.994s
DBG getmany L23 nw=12 wall=0.668s thr(out)1 thr(in)16 conc_peak=12 pread=6.227s
DBG getmany L24 nw=11 wall=0.739s thr(out)1 thr(in)16 conc_peak=11 pread=6.367s
DBG getmany L25 nw=14 wall=0.729s thr(out)1 thr(in)16 conc_peak=14 pread=7.261s
DBG getmany L26 nw=11 wall=0.503s thr(out)1 thr(in)16 conc_peak=11 pread=4.191s
DBG getmany L27 nw=13 wall=0.818s thr(out)1 thr(in)16 conc_peak=13 pread=7.746s
DBG getmany L28 nw=15 wall=1.211s thr(out)1 thr(in)16 conc_peak=15 pread=15.336s
DBG getmany L29 nw=14 wall=0.738s thr(out)1 thr(in)16 conc_peak=14 pread=9.509s
DBG getmany L30 nw=14 wall=0.564s thr(out)1 thr(in)16 conc_peak=14 pread=6.516s
DBG getmany L31 nw=16 wall=0.781s thr(out)1 thr(in)16 conc_peak=16 pread=9.285s
DBG getmany L32 nw=14 wall=0.752s thr(out)1 thr(in)16 conc_peak=14 pread=7.283s
DBG getmany L33 nw=14 wall=0.787s thr(out)1 thr(in)16 conc_peak=14 pread=8.029s
DBG getmany L34 nw=16 wall=0.544s thr(out)1 thr(in)16 conc_peak=16 pread=7.113s
DBG getmany L35 nw=16 wall=0.787s thr(out)1 thr(in)16 conc_peak=16 pread=8.909s
DBG getmany L36 nw=11 wall=0.702s thr(out)1 thr(in)16 conc_peak=11 pread=6.997s
DBG getmany L37 nw=13 wall=0.730s thr(out)1 thr(in)16 conc_peak=12 pread=6.442s
DBG getmany L38 nw=14 wall=0.511s thr(out)1 thr(in)16 conc_peak=14 pread=5.776s
DBG getmany L39 nw=15 wall=0.751s thr(out)1 thr(in)16 conc_peak=15 pread=8.698s
DBG getmany L40 nw=13 wall=0.716s thr(out)1 thr(in)16 conc_peak=13 pread=6.815s
DBG getmany L41 nw=13 wall=0.771s thr(out)1 thr(in)16 conc_peak=13 pread=8.970s
DBG getmany L42 nw=8 wall=0.391s thr(out)1 thr(in)16 conc_peak=8 pread=2.540s
DBG getmany L43 nw=13 wall=0.722s thr(out)1 thr(in)16 conc_peak=13 pread=6.121s
DBG getmany L44 nw=13 wall=0.728s thr(out)1 thr(in)16 conc_peak=13 pread=7.816s
DBG getmany L45 nw=10 wall=0.680s thr(out)1 thr(in)16 conc_peak=10 pread=5.205s
DBG getmany L46 nw=8 wall=0.452s thr(out)1 thr(in)16 conc_peak=8 pread=2.973s
DBG getmany L47 nw=11 wall=0.718s thr(out)1 thr(in)16 conc_peak=11 pread=7.177s
DBG getmany L48 nw=13 wall=0.640s thr(out)1 thr(in)16 conc_peak=13 pread=6.527s
DBG getmany L49 nw=9 wall=0.620s thr(out)1 thr(in)16 conc_peak=9 pread=4.620s
DBG getmany L50 nw=12 wall=0.520s thr(out)1 thr(in)16 conc_peak=12 pread=4.798s
DBG getmany L51 nw=12 wall=0.682s thr(out)1 thr(in)16 conc_peak=12 pread=7.558s
DBG getmany L52 nw=15 wall=3.104s thr(out)1 thr(in)16 conc_peak=15 pread=41.650s
DBG getmany L53 nw=10 wall=2.541s thr(out)1 thr(in)16 conc_peak=10 pread=23.790s
DBG getmany L54 nw=12 wall=0.983s thr(out)1 thr(in)16 conc_peak=11 pread=9.578s
DBG getmany L55 nw=14 wall=1.014s thr(out)1 thr(in)16 conc_peak=14 pread=12.956s
DBG getmany L56 nw=16 wall=5.661s thr(out)1 thr(in)16 conc_peak=16 pread=23.573s
DBG getmany L57 nw=16 wall=0.488s thr(out)1 thr(in)16 conc_peak=16 pread=5.997s
DBG getmany L58 nw=14 wall=0.342s thr(out)1 thr(in)16 conc_peak=14 pread=3.510s
DBG getmany L59 nw=15 wall=0.520s thr(out)1 thr(in)16 conc_peak=15 pread=6.175s
DBG getmany L60 nw=16 wall=0.505s thr(out)1 thr(in)16 conc_peak=16 pread=6.633s
DBG getmany L61 nw=16 wall=0.518s thr(out)1 thr(in)16 conc_peak=16 pread=7.095s
DBG getmany L62 nw=15 wall=0.328s thr(out)1 thr(in)16 conc_peak=15 pread=4.396s
DBG getmany L63 nw=15 wall=0.512s thr(out)1 thr(in)16 conc_peak=15 pread=6.976s
DBG getmany L64 nw=16 wall=0.536s thr(out)1 thr(in)16 conc_peak=16 pread=7.534s
DBG getmany L65 nw=15 wall=0.517s thr(out)1 thr(in)16 conc_peak=15 pread=6.940s
DBG getmany L66 nw=15 wall=0.377s thr(out)1 thr(in)16 conc_peak=15 pread=5.234s
DBG getmany L67 nw=16 wall=0.544s thr(out)1 thr(in)16 conc_peak=16 pread=7.719s
DBG getmany L68 nw=14 wall=0.508s thr(out)1 thr(in)16 conc_peak=14 pread=6.366s
DBG getmany L69 nw=16 wall=0.507s thr(out)1 thr(in)16 conc_peak=16 pread=6.716s
DBG getmany L70 nw=16 wall=0.396s thr(out)1 thr(in)16 conc_peak=16 pread=5.552s
DBG getmany L71 nw=16 wall=0.544s thr(out)1 thr(in)16 conc_peak=16 pread=8.146s
DBG getmany L72 nw=16 wall=0.570s thr(out)1 thr(in)16 conc_peak=16 pread=8.520s
DBG getmany L73 nw=15 wall=0.423s thr(out)1 thr(in)16 conc_peak=15 pread=4.845s
DBG getmany L74 nw=13 wall=0.385s thr(out)1 thr(in)16 conc_peak=13 pread=3.681s
DBG getmany L75 nw=11 wall=0.525s thr(out)1 thr(in)16 conc_peak=11 pread=4.561s
DBG getmany L76 nw=14 wall=0.589s thr(out)1 thr(in)16 conc_peak=14 pread=7.123s
DBG getmany L77 nw=16 wall=0.728s thr(out)1 thr(in)16 conc_peak=16 pread=9.347s
DBG getmany L78 nw=15 wall=0.524s thr(out)1 thr(in)16 conc_peak=15 pread=6.515s
DBG getmany L79 nw=15 wall=3.548s thr(out)1 thr(in)16 conc_peak=15 pread=37.806s
DBG getmany L80 nw=14 wall=8.650s thr(out)1 thr(in)16 conc_peak=14 pread=108.900s
DBG getmany L81 nw=14 wall=0.578s thr(out)1 thr(in)16 conc_peak=14 pread=5.315s
DBG getmany L82 nw=14 wall=0.519s thr(out)1 thr(in)16 conc_peak=14 pread=6.362s
DBG getmany L83 nw=5 wall=0.449s thr(out)1 thr(in)16 conc_peak=5 pread=1.878s
DBG getmany L84 nw=11 wall=0.656s thr(out)1 thr(in)16 conc_peak=11 pread=6.114s
DBG getmany L85 nw=11 wall=0.681s thr(out)1 thr(in)16 conc_peak=11 pread=6.075s
DBG getmany L86 nw=11 wall=0.482s thr(out)1 thr(in)16 conc_peak=11 pread=4.483s
DBG getmany L87 nw=10 wall=0.661s thr(out)1 thr(in)16 conc_peak=10 pread=5.578s
DBG getmany L88 nw=8 wall=0.526s thr(out)1 thr(in)16 conc_peak=8 pread=3.407s
DBG getmany L89 nw=8 wall=0.676s thr(out)1 thr(in)16 conc_peak=8 pread=2.747s
DBG getmany L90 nw=9 wall=0.440s thr(out)1 thr(in)16 conc_peak=9 pread=3.552s
DBG getmany L91 nw=11 wall=0.474s thr(out)1 thr(in)16 conc_peak=11 pread=4.347s
DBG getmany L92 nw=9 wall=0.146s thr(out)1 thr(in)16 conc_peak=9 pread=0.780s
1      802        102.00       100.0      21.67      0.010
  L2   resident=6779/14589 slots hit=100.0% read=47.50GB write=0.00GB
DBG getmany L1 nw=12 wall=0.588s thr(out)1 thr(in)16 conc_peak=12 pread=5.892s
DBG getmany L2 nw=11 wall=0.493s thr(out)1 thr(in)16 conc_peak=11 pread=4.928s
DBG getmany L3 nw=11 wall=0.680s thr(out)1 thr(in)16 conc_peak=11 pread=7.088s
DBG getmany L4 nw=12 wall=0.660s thr(out)1 thr(in)16 conc_peak=12 pread=6.999s
DBG getmany L5 nw=10 wall=0.645s thr(out)1 thr(in)16 conc_peak=10 pread=4.954s
DBG getmany L6 nw=14 wall=0.510s thr(out)1 thr(in)16 conc_peak=14 pread=5.856s
DBG getmany L7 nw=12 wall=0.685s thr(out)1 thr(in)16 conc_peak=12 pread=7.649s
DBG getmany L8 nw=12 wall=0.712s thr(out)1 thr(in)16 conc_peak=12 pread=6.681s
DBG getmany L9 nw=11 wall=0.699s thr(out)1 thr(in)16 conc_peak=11 pread=4.741s
DBG getmany L10 nw=8 wall=0.470s thr(out)1 thr(in)16 conc_peak=8 pread=3.581s
DBG getmany L11 nw=11 wall=0.712s thr(out)1 thr(in)16 conc_peak=11 pread=7.421s
DBG getmany L12 nw=12 wall=0.682s thr(out)1 thr(in)16 conc_peak=12 pread=6.271s
DBG getmany L13 nw=11 wall=0.657s thr(out)1 thr(in)16 conc_peak=11 pread=4.781s
DBG getmany L14 nw=9 wall=0.460s thr(out)1 thr(in)16 conc_peak=9 pread=3.485s
DBG getmany L15 nw=11 wall=0.697s thr(out)1 thr(in)16 conc_peak=11 pread=6.298s
DBG getmany L16 nw=11 wall=0.604s thr(out)1 thr(in)16 conc_peak=11 pread=5.047s
DBG getmany L17 nw=12 wall=0.673s thr(out)1 thr(in)16 conc_peak=12 pread=6.281s
DBG getmany L18 nw=12 wall=0.535s thr(out)1 thr(in)16 conc_peak=12 pread=6.037s
DBG getmany L19 nw=11 wall=0.639s thr(out)1 thr(in)16 conc_peak=11 pread=6.371s
DBG getmany L20 nw=11 wall=0.548s thr(out)1 thr(in)16 conc_peak=11 pread=4.234s
DBG getmany L21 nw=13 wall=0.716s thr(out)1 thr(in)16 conc_peak=13 pread=6.852s
DBG getmany L22 nw=14 wall=0.525s thr(out)1 thr(in)16 conc_peak=14 pread=6.128s
DBG getmany L23 nw=12 wall=0.646s thr(out)1 thr(in)16 conc_peak=12 pread=5.900s
DBG getmany L24 nw=11 wall=0.739s thr(out)1 thr(in)16 conc_peak=11 pread=5.760s
DBG getmany L25 nw=14 wall=0.727s thr(out)1 thr(in)16 conc_peak=14 pread=9.612s
DBG getmany L26 nw=12 wall=0.507s thr(out)1 thr(in)16 conc_peak=12 pread=4.839s
DBG getmany L27 nw=14 wall=0.696s thr(out)1 thr(in)16 conc_peak=14 pread=8.683s
DBG getmany L28 nw=12 wall=0.576s thr(out)1 thr(in)16 conc_peak=12 pread=5.471s
DBG getmany L29 nw=12 wall=0.703s thr(out)1 thr(in)16 conc_peak=12 pread=7.914s
DBG getmany L30 nw=15 wall=0.561s thr(out)1 thr(in)16 conc_peak=15 pread=6.448s
DBG getmany L31 nw=12 wall=0.712s thr(out)1 thr(in)16 conc_peak=12 pread=7.136s
DBG getmany L32 nw=11 wall=0.695s thr(out)1 thr(in)16 conc_peak=10 pread=7.202s
DBG getmany L33 nw=11 wall=0.621s thr(out)1 thr(in)16 conc_peak=11 pread=4.041s
DBG getmany L34 nw=13 wall=0.519s thr(out)1 thr(in)16 conc_peak=13 pread=5.836s
DBG getmany L35 nw=13 wall=0.749s thr(out)1 thr(in)16 conc_peak=13 pread=7.471s
DBG getmany L36 nw=11 wall=0.577s thr(out)1 thr(in)16 conc_peak=11 pread=5.118s
DBG getmany L37 nw=13 wall=0.709s thr(out)1 thr(in)16 conc_peak=13 pread=6.786s
DBG getmany L38 nw=13 wall=0.503s thr(out)1 thr(in)16 conc_peak=13 pread=4.883s
DBG getmany L39 nw=14 wall=0.737s thr(out)1 thr(in)16 conc_peak=14 pread=9.372s
DBG getmany L40 nw=14 wall=0.732s thr(out)1 thr(in)16 conc_peak=14 pread=9.363s
DBG getmany L41 nw=14 wall=0.701s thr(out)1 thr(in)16 conc_peak=14 pread=9.160s
DBG getmany L42 nw=14 wall=0.539s thr(out)1 thr(in)16 conc_peak=14 pread=6.526s
DBG getmany L43 nw=15 wall=0.794s thr(out)1 thr(in)16 conc_peak=15 pread=10.850s
DBG getmany L44 nw=14 wall=0.712s thr(out)1 thr(in)16 conc_peak=14 pread=8.860s
DBG getmany L45 nw=15 wall=0.765s thr(out)1 thr(in)16 conc_peak=15 pread=10.646s
DBG getmany L46 nw=13 wall=0.532s thr(out)1 thr(in)16 conc_peak=13 pread=6.243s
DBG getmany L47 nw=15 wall=0.735s thr(out)1 thr(in)16 conc_peak=15 pread=9.696s
DBG getmany L48 nw=14 wall=0.702s thr(out)1 thr(in)16 conc_peak=14 pread=8.738s
DBG getmany L49 nw=15 wall=0.755s thr(out)1 thr(in)16 conc_peak=15 pread=10.373s
DBG getmany L50 nw=15 wall=0.562s thr(out)1 thr(in)16 conc_peak=15 pread=7.387s
DBG getmany L51 nw=13 wall=0.716s thr(out)1 thr(in)16 conc_peak=13 pread=6.792s
DBG getmany L52 nw=12 wall=0.653s thr(out)1 thr(in)16 conc_peak=12 pread=7.374s
DBG getmany L53 nw=14 wall=0.708s thr(out)1 thr(in)16 conc_peak=14 pread=7.339s
DBG getmany L54 nw=14 wall=0.521s thr(out)1 thr(in)16 conc_peak=13 pread=5.876s
DBG getmany L55 nw=13 wall=0.713s thr(out)1 thr(in)16 conc_peak=13 pread=8.703s
DBG getmany L56 nw=9 wall=0.620s thr(out)1 thr(in)16 conc_peak=8 pread=3.731s
DBG getmany L57 nw=14 wall=0.695s thr(out)1 thr(in)16 conc_peak=14 pread=7.237s
DBG getmany L58 nw=11 wall=0.468s thr(out)1 thr(in)16 conc_peak=10 pread=4.114s
DBG getmany L59 nw=10 wall=0.686s thr(out)1 thr(in)16 conc_peak=10 pread=6.024s
DBG getmany L60 nw=13 wall=0.708s thr(out)1 thr(in)16 conc_peak=13 pread=6.097s
DBG getmany L61 nw=15 wall=0.726s thr(out)1 thr(in)16 conc_peak=15 pread=9.471s
DBG getmany L62 nw=11 wall=0.490s thr(out)1 thr(in)16 conc_peak=11 pread=4.804s
DBG getmany L63 nw=12 wall=0.714s thr(out)1 thr(in)16 conc_peak=12 pread=6.178s
DBG getmany L64 nw=13 wall=0.714s thr(out)1 thr(in)16 conc_peak=13 pread=8.591s
DBG getmany L65 nw=10 wall=0.646s thr(out)1 thr(in)16 conc_peak=10 pread=5.340s
DBG getmany L66 nw=13 wall=0.517s thr(out)1 thr(in)16 conc_peak=13 pread=5.836s
DBG getmany L67 nw=13 wall=0.680s thr(out)1 thr(in)16 conc_peak=13 pread=6.664s
DBG getmany L68 nw=11 wall=0.657s thr(out)1 thr(in)16 conc_peak=11 pread=6.423s
DBG getmany L69 nw=11 wall=0.648s thr(out)1 thr(in)16 conc_peak=11 pread=5.278s
DBG getmany L70 nw=11 wall=0.479s thr(out)1 thr(in)16 conc_peak=11 pread=4.342s
DBG getmany L71 nw=10 wall=0.735s thr(out)1 thr(in)16 conc_peak=10 pread=6.427s
DBG getmany L72 nw=15 wall=0.763s thr(out)1 thr(in)16 conc_peak=15 pread=10.101s
DBG getmany L73 nw=16 wall=0.761s thr(out)1 thr(in)16 conc_peak=16 pread=9.699s
DBG getmany L74 nw=16 wall=0.566s thr(out)1 thr(in)16 conc_peak=16 pread=8.121s
DBG getmany L75 nw=16 wall=0.765s thr(out)1 thr(in)16 conc_peak=16 pread=10.913s
DBG getmany L76 nw=16 wall=0.751s thr(out)1 thr(in)16 conc_peak=16 pread=8.557s
DBG getmany L77 nw=13 wall=0.895s thr(out)1 thr(in)16 conc_peak=13 pread=10.781s
DBG getmany L78 nw=15 wall=0.540s thr(out)1 thr(in)16 conc_peak=15 pread=6.603s
DBG getmany L79 nw=14 wall=0.717s thr(out)1 thr(in)16 conc_peak=14 pread=9.254s
DBG getmany L80 nw=16 wall=0.716s thr(out)1 thr(in)16 conc_peak=16 pread=8.927s
DBG getmany L81 nw=13 wall=0.704s thr(out)1 thr(in)16 conc_peak=13 pread=8.717s
DBG getmany L82 nw=14 wall=0.528s thr(out)1 thr(in)16 conc_peak=14 pread=6.888s
DBG getmany L83 nw=12 wall=0.703s thr(out)1 thr(in)16 conc_peak=11 pread=7.085s
DBG getmany L84 nw=10 wall=0.647s thr(out)1 thr(in)16 conc_peak=10 pread=5.310s
DBG getmany L85 nw=9 wall=0.646s thr(out)1 thr(in)16 conc_peak=9 pread=4.518s
DBG getmany L86 nw=12 wall=0.484s thr(out)1 thr(in)16 conc_peak=12 pread=5.013s
DBG getmany L87 nw=11 wall=0.664s thr(out)1 thr(in)16 conc_peak=11 pread=5.826s
DBG getmany L88 nw=12 wall=0.694s thr(out)1 thr(in)16 conc_peak=12 pread=6.558s
DBG getmany L89 nw=12 wall=0.641s thr(out)1 thr(in)16 conc_peak=12 pread=6.220s
DBG getmany L90 nw=12 wall=0.499s thr(out)1 thr(in)16 conc_peak=12 pread=5.428s
DBG getmany L91 nw=12 wall=0.497s thr(out)1 thr(in)16 conc_peak=12 pread=4.917s
DBG getmany L92 nw=12 wall=0.170s thr(out)1 thr(in)16 conc_peak=12 pread=1.203s
2      24         77.69        100.0      20.23      0.013
  L2   resident=6779/14589 slots hit=100.0% read=67.73GB write=0.00GB
DBG getmany L1 nw=11 wall=0.656s thr(out)1 thr(in)16 conc_peak=11 pread=5.464s
DBG getmany L2 nw=9 wall=0.464s thr(out)1 thr(in)16 conc_peak=9 pread=3.211s
DBG getmany L3 nw=7 wall=0.628s thr(out)1 thr(in)16 conc_peak=7 pread=3.180s
DBG getmany L4 nw=7 wall=0.596s thr(out)1 thr(in)16 conc_peak=7 pread=2.469s
DBG getmany L5 nw=10 wall=0.650s thr(out)1 thr(in)16 conc_peak=10 pread=5.844s
DBG getmany L6 nw=15 wall=0.516s thr(out)1 thr(in)16 conc_peak=15 pread=6.868s
DBG getmany L7 nw=13 wall=0.699s thr(out)1 thr(in)16 conc_peak=13 pread=8.368s
DBG getmany L8 nw=11 wall=0.681s thr(out)1 thr(in)16 conc_peak=11 pread=3.790s
DBG getmany L9 nw=5 wall=0.623s thr(out)1 thr(in)16 conc_peak=5 pread=2.613s
DBG getmany L10 nw=5 wall=0.440s thr(out)1 thr(in)16 conc_peak=5 pread=1.933s
DBG getmany L11 nw=7 wall=0.661s thr(out)1 thr(in)16 conc_peak=7 pread=3.653s
DBG getmany L12 nw=10 wall=0.656s thr(out)1 thr(in)16 conc_peak=10 pread=3.837s
DBG getmany L13 nw=11 wall=0.655s thr(out)1 thr(in)16 conc_peak=10 pread=6.961s
DBG getmany L14 nw=9 wall=0.459s thr(out)1 thr(in)16 conc_peak=9 pread=3.730s
DBG getmany L15 nw=9 wall=0.658s thr(out)1 thr(in)16 conc_peak=9 pread=3.434s
DBG getmany L16 nw=7 wall=0.551s thr(out)1 thr(in)16 conc_peak=7 pread=3.436s
DBG getmany L17 nw=7 wall=0.517s thr(out)1 thr(in)16 conc_peak=7 pread=2.822s
DBG getmany L18 nw=5 wall=0.433s thr(out)1 thr(in)16 conc_peak=5 pread=1.974s
DBG getmany L19 nw=6 wall=0.559s thr(out)1 thr(in)16 conc_peak=6 pread=2.042s
DBG getmany L20 nw=6 wall=0.547s thr(out)1 thr(in)16 conc_peak=5 pread=2.899s
DBG getmany L21 nw=11 wall=0.686s thr(out)1 thr(in)16 conc_peak=11 pread=7.050s
DBG getmany L22 nw=7 wall=0.441s thr(out)1 thr(in)16 conc_peak=7 pread=2.529s
DBG getmany L23 nw=6 wall=0.574s thr(out)1 thr(in)16 conc_peak=6 pread=3.049s
DBG getmany L24 nw=11 wall=0.734s thr(out)1 thr(in)16 conc_peak=11 pread=6.946s
DBG getmany L25 nw=12 wall=0.680s thr(out)1 thr(in)16 conc_peak=12 pread=7.511s
DBG getmany L26 nw=9 wall=0.468s thr(out)1 thr(in)16 conc_peak=9 pread=3.662s
DBG getmany L27 nw=14 wall=0.699s thr(out)1 thr(in)16 conc_peak=14 pread=8.100s
DBG getmany L28 nw=15 wall=0.678s thr(out)1 thr(in)16 conc_peak=15 pread=9.328s
DBG getmany L29 nw=10 wall=0.672s thr(out)1 thr(in)16 conc_peak=10 pread=5.876s
DBG getmany L30 nw=10 wall=0.482s thr(out)1 thr(in)16 conc_peak=10 pread=3.965s
DBG getmany L31 nw=14 wall=0.748s thr(out)1 thr(in)16 conc_peak=14 pread=8.694s
DBG getmany L32 nw=9 wall=0.550s thr(out)1 thr(in)16 conc_peak=9 pread=3.657s
DBG getmany L33 nw=9 wall=0.708s thr(out)1 thr(in)16 conc_peak=9 pread=4.851s
DBG getmany L34 nw=13 wall=0.531s thr(out)1 thr(in)16 conc_peak=13 pread=5.479s
DBG getmany L35 nw=9 wall=0.688s thr(out)1 thr(in)16 conc_peak=9 pread=4.347s
DBG getmany L36 nw=11 wall=0.638s thr(out)1 thr(in)16 conc_peak=11 pread=6.003s
DBG getmany L37 nw=11 wall=0.669s thr(out)1 thr(in)16 conc_peak=11 pread=6.850s
DBG getmany L38 nw=8 wall=0.389s thr(out)1 thr(in)16 conc_peak=8 pread=2.688s
DBG getmany L39 nw=8 wall=0.655s thr(out)1 thr(in)16 conc_peak=7 pread=4.723s
DBG getmany L40 nw=9 wall=0.669s thr(out)1 thr(in)16 conc_peak=9 pread=5.011s
DBG getmany L41 nw=7 wall=0.615s thr(out)1 thr(in)16 conc_peak=7 pread=3.494s
DBG getmany L42 nw=4 wall=0.395s thr(out)1 thr(in)16 conc_peak=4 pread=1.346s
DBG getmany L43 nw=10 wall=0.709s thr(out)1 thr(in)16 conc_peak=10 pread=6.311s
DBG getmany L44 nw=10 wall=0.667s thr(out)1 thr(in)16 conc_peak=10 pread=4.962s
DBG getmany L45 nw=6 wall=0.633s thr(out)1 thr(in)16 conc_peak=6 pread=3.112s
DBG getmany L46 nw=7 wall=0.335s thr(out)1 thr(in)16 conc_peak=7 pread=1.974s
DBG getmany L47 nw=8 wall=0.612s thr(out)1 thr(in)16 conc_peak=8 pread=4.159s
DBG getmany L48 nw=10 wall=0.550s thr(out)1 thr(in)16 conc_peak=10 pread=3.333s
DBG getmany L49 nw=11 wall=0.697s thr(out)1 thr(in)16 conc_peak=10 pread=6.351s
DBG getmany L50 nw=11 wall=0.417s thr(out)1 thr(in)16 conc_peak=10 pread=3.590s
DBG getmany L51 nw=7 wall=0.617s thr(out)1 thr(in)16 conc_peak=7 pread=3.102s
DBG getmany L52 nw=9 wall=0.449s thr(out)1 thr(in)16 conc_peak=9 pread=3.211s
DBG getmany L53 nw=8 wall=0.638s thr(out)1 thr(in)16 conc_peak=8 pread=3.763s
DBG getmany L54 nw=9 wall=0.463s thr(out)1 thr(in)16 conc_peak=9 pread=3.081s
DBG getmany L55 nw=7 wall=0.637s thr(out)1 thr(in)16 conc_peak=7 pread=3.123s
DBG getmany L56 nw=12 wall=0.686s thr(out)1 thr(in)16 conc_peak=12 pread=7.163s
DBG getmany L57 nw=10 wall=0.675s thr(out)1 thr(in)16 conc_peak=10 pread=5.244s
DBG getmany L58 nw=6 wall=0.428s thr(out)1 thr(in)16 conc_peak=6 pread=1.924s
DBG getmany L59 nw=8 wall=0.659s thr(out)1 thr(in)16 conc_peak=8 pread=4.903s
DBG getmany L60 nw=7 wall=0.505s thr(out)1 thr(in)16 conc_peak=7 pread=2.304s
DBG getmany L61 nw=10 wall=0.675s thr(out)1 thr(in)16 conc_peak=10 pread=6.008s
DBG getmany L62 nw=7 wall=0.401s thr(out)1 thr(in)16 conc_peak=7 pread=2.149s
DBG getmany L63 nw=6 wall=0.619s thr(out)1 thr(in)16 conc_peak=6 pread=3.135s
DBG getmany L64 nw=6 wall=0.580s thr(out)1 thr(in)16 conc_peak=6 pread=3.055s
DBG getmany L65 nw=5 wall=0.587s thr(out)1 thr(in)16 conc_peak=5 pread=2.375s
DBG getmany L66 nw=8 wall=0.455s thr(out)1 thr(in)16 conc_peak=8 pread=3.274s
DBG getmany L67 nw=7 wall=0.655s thr(out)1 thr(in)16 conc_peak=7 pread=4.151s
DBG getmany L68 nw=9 wall=0.652s thr(out)1 thr(in)16 conc_peak=9 pread=4.020s
DBG getmany L69 nw=8 wall=0.642s thr(out)1 thr(in)16 conc_peak=8 pread=4.832s
DBG getmany L70 nw=7 wall=0.417s thr(out)1 thr(in)16 conc_peak=7 pread=2.015s
DBG getmany L71 nw=9 wall=0.710s thr(out)1 thr(in)16 conc_peak=8 pread=4.558s
DBG getmany L72 nw=8 wall=0.661s thr(out)1 thr(in)16 conc_peak=8 pread=3.503s
DBG getmany L73 nw=7 wall=0.648s thr(out)1 thr(in)16 conc_peak=7 pread=4.367s
DBG getmany L74 nw=5 wall=0.423s thr(out)1 thr(in)16 conc_peak=2 pread=1.445s
DBG getmany L75 nw=6 wall=0.602s thr(out)1 thr(in)16 conc_peak=6 pread=2.754s
DBG getmany L76 nw=7 wall=0.611s thr(out)1 thr(in)16 conc_peak=7 pread=2.593s
DBG getmany L77 nw=5 wall=0.699s thr(out)1 thr(in)16 conc_peak=5 pread=3.016s
DBG getmany L78 nw=5 wall=0.416s thr(out)1 thr(in)16 conc_peak=2 pread=1.624s
DBG getmany L79 nw=4 wall=0.562s thr(out)1 thr(in)16 conc_peak=4 pread=2.137s
DBG getmany L80 nw=6 wall=0.588s thr(out)1 thr(in)16 conc_peak=6 pread=3.070s
DBG getmany L81 nw=9 wall=0.650s thr(out)1 thr(in)16 conc_peak=9 pread=5.688s
DBG getmany L82 nw=9 wall=0.451s thr(out)1 thr(in)16 conc_peak=9 pread=3.272s
DBG getmany L83 nw=7 wall=0.642s thr(out)1 thr(in)16 conc_peak=7 pread=4.130s
DBG getmany L84 nw=2 wall=0.286s thr(out)1 thr(in)16 conc_peak=2 pread=0.495s
DBG getmany L85 nw=6 wall=0.597s thr(out)1 thr(in)16 conc_peak=6 pread=3.480s
DBG getmany L86 nw=5 wall=0.401s thr(out)1 thr(in)16 conc_peak=5 pread=1.611s
DBG getmany L87 nw=6 wall=0.540s thr(out)1 thr(in)16 conc_peak=6 pread=2.561s
DBG getmany L88 nw=2 wall=0.469s thr(out)1 thr(in)16 conc_peak=2 pread=0.666s
DBG getmany L89 nw=4 wall=0.272s thr(out)1 thr(in)16 conc_peak=4 pread=0.848s
DBG getmany L90 nw=4 wall=0.387s thr(out)1 thr(in)16 conc_peak=4 pread=1.512s
DBG getmany L91 nw=4 wall=0.387s thr(out)1 thr(in)16 conc_peak=3 pread=1.319s
DBG getmany L92 nw=8 wall=0.113s thr(out)1 thr(in)16 conc_peak=8 pread=0.550s
3      12         69.49        100.0      13.06      0.014
  L2   resident=6779/14589 slots hit=100.0% read=80.79GB write=0.00GB
DBG getmany L1 nw=13 wall=0.591s thr(out)1 thr(in)16 conc_peak=9 pread=5.919s
DBG getmany L2 nw=9 wall=0.453s thr(out)1 thr(in)16 conc_peak=9 pread=3.719s
DBG getmany L3 nw=10 wall=0.664s thr(out)1 thr(in)16 conc_peak=10 pread=4.392s
DBG getmany L4 nw=7 wall=0.607s thr(out)1 thr(in)16 conc_peak=7 pread=2.576s
DBG getmany L5 nw=9 wall=0.631s thr(out)1 thr(in)16 conc_peak=9 pread=4.707s
DBG getmany L6 nw=14 wall=0.492s thr(out)1 thr(in)16 conc_peak=14 pread=5.594s
DBG getmany L7 nw=14 wall=0.707s thr(out)1 thr(in)16 conc_peak=14 pread=7.075s
DBG getmany L8 nw=11 wall=0.723s thr(out)1 thr(in)16 conc_peak=11 pread=7.350s
DBG getmany L9 nw=10 wall=0.689s thr(out)1 thr(in)16 conc_peak=10 pread=5.779s
DBG getmany L10 nw=8 wall=0.480s thr(out)1 thr(in)16 conc_peak=8 pread=3.317s
DBG getmany L11 nw=6 wall=0.645s thr(out)1 thr(in)16 conc_peak=6 pread=3.646s
DBG getmany L12 nw=11 wall=0.684s thr(out)1 thr(in)16 conc_peak=11 pread=5.495s
DBG getmany L13 nw=9 wall=0.621s thr(out)1 thr(in)16 conc_peak=9 pread=5.057s
DBG getmany L14 nw=13 wall=0.513s thr(out)1 thr(in)16 conc_peak=13 pread=5.765s
DBG getmany L15 nw=10 wall=0.680s thr(out)1 thr(in)16 conc_peak=10 pread=4.430s
DBG getmany L16 nw=10 wall=0.418s thr(out)1 thr(in)16 conc_peak=10 pread=3.130s
DBG getmany L17 nw=10 wall=0.644s thr(out)1 thr(in)16 conc_peak=10 pread=6.218s
DBG getmany L18 nw=11 wall=0.518s thr(out)1 thr(in)16 conc_peak=11 pread=4.899s
DBG getmany L19 nw=10 wall=0.614s thr(out)1 thr(in)16 conc_peak=10 pread=3.613s
DBG getmany L20 nw=10 wall=0.618s thr(out)1 thr(in)16 conc_peak=8 pread=5.661s
DBG getmany L21 nw=11 wall=0.696s thr(out)1 thr(in)16 conc_peak=8 pread=7.305s
DBG getmany L22 nw=10 wall=0.463s thr(out)1 thr(in)16 conc_peak=9 pread=3.660s
DBG getmany L23 nw=9 wall=0.616s thr(out)1 thr(in)16 conc_peak=9 pread=5.252s
DBG getmany L24 nw=9 wall=0.701s thr(out)1 thr(in)16 conc_peak=9 pread=5.975s
DBG getmany L25 nw=11 wall=0.691s thr(out)1 thr(in)16 conc_peak=11 pread=6.325s
DBG getmany L26 nw=12 wall=0.506s thr(out)1 thr(in)16 conc_peak=12 pread=4.374s
DBG getmany L27 nw=12 wall=0.662s thr(out)1 thr(in)16 conc_peak=12 pread=5.331s
DBG getmany L28 nw=12 wall=0.627s thr(out)1 thr(in)16 conc_peak=12 pread=6.179s
DBG getmany L29 nw=12 wall=0.704s thr(out)1 thr(in)16 conc_peak=12 pread=5.788s
DBG getmany L30 nw=9 wall=0.477s thr(out)1 thr(in)16 conc_peak=9 pread=3.971s
DBG getmany L31 nw=9 wall=0.679s thr(out)1 thr(in)16 conc_peak=9 pread=4.794s
DBG getmany L32 nw=11 wall=0.688s thr(out)1 thr(in)16 conc_peak=11 pread=6.911s
DBG getmany L33 nw=10 wall=0.703s thr(out)1 thr(in)16 conc_peak=10 pread=3.944s
DBG getmany L34 nw=10 wall=0.497s thr(out)1 thr(in)16 conc_peak=9 pread=4.331s
DBG getmany L35 nw=10 wall=0.689s thr(out)1 thr(in)16 conc_peak=10 pread=5.370s
DBG getmany L36 nw=11 wall=0.690s thr(out)1 thr(in)16 conc_peak=10 pread=6.256s
DBG getmany L37 nw=11 wall=0.665s thr(out)1 thr(in)16 conc_peak=11 pread=6.687s
DBG getmany L38 nw=8 wall=0.441s thr(out)1 thr(in)16 conc_peak=8 pread=3.059s
DBG getmany L39 nw=9 wall=0.682s thr(out)1 thr(in)16 conc_peak=9 pread=5.361s
DBG getmany L40 nw=11 wall=0.690s thr(out)1 thr(in)16 conc_peak=9 pread=6.844s
DBG getmany L41 nw=8 wall=0.631s thr(out)1 thr(in)16 conc_peak=8 pread=4.770s
DBG getmany L42 nw=7 wall=0.442s thr(out)1 thr(in)16 conc_peak=7 pread=2.807s
DBG getmany L43 nw=6 wall=0.664s thr(out)1 thr(in)16 conc_peak=6 pread=3.024s
DBG getmany L44 nw=10 wall=0.592s thr(out)1 thr(in)16 conc_peak=10 pread=4.427s
DBG getmany L45 nw=7 wall=0.656s thr(out)1 thr(in)16 conc_peak=6 pread=4.508s
DBG getmany L46 nw=9 wall=0.474s thr(out)1 thr(in)16 conc_peak=9 pread=3.067s
DBG getmany L47 nw=9 wall=0.649s thr(out)1 thr(in)16 conc_peak=9 pread=4.770s
DBG getmany L48 nw=9 wall=0.646s thr(out)1 thr(in)16 conc_peak=9 pread=4.861s
DBG getmany L49 nw=11 wall=0.704s thr(out)1 thr(in)16 conc_peak=11 pread=5.644s
DBG getmany L50 nw=7 wall=0.447s thr(out)1 thr(in)16 conc_peak=7 pread=2.488s
DBG getmany L51 nw=9 wall=0.650s thr(out)1 thr(in)16 conc_peak=9 pread=4.193s
DBG getmany L52 nw=10 wall=0.638s thr(out)1 thr(in)16 conc_peak=9 pread=4.720s
DBG getmany L53 nw=9 wall=0.648s thr(out)1 thr(in)16 conc_peak=9 pread=4.078s
DBG getmany L54 nw=8 wall=0.457s thr(out)1 thr(in)16 conc_peak=8 pread=2.725s
DBG getmany L55 nw=6 wall=0.384s thr(out)1 thr(in)16 conc_peak=6 pread=1.598s
DBG getmany L56 nw=8 wall=0.638s thr(out)1 thr(in)16 conc_peak=8 pread=3.410s
DBG getmany L57 nw=9 wall=0.669s thr(out)1 thr(in)16 conc_peak=9 pread=5.561s
DBG getmany L58 nw=9 wall=0.474s thr(out)1 thr(in)16 conc_peak=9 pread=3.429s
DBG getmany L59 nw=7 wall=0.649s thr(out)1 thr(in)16 conc_peak=7 pread=4.037s
DBG getmany L60 nw=11 wall=0.660s thr(out)1 thr(in)16 conc_peak=11 pread=5.725s
DBG getmany L61 nw=8 wall=0.639s thr(out)1 thr(in)16 conc_peak=8 pread=3.301s
DBG getmany L62 nw=8 wall=0.377s thr(out)1 thr(in)16 conc_peak=8 pread=2.443s
DBG getmany L63 nw=11 wall=0.699s thr(out)1 thr(in)16 conc_peak=11 pread=6.921s
DBG getmany L64 nw=10 wall=0.673s thr(out)1 thr(in)16 conc_peak=10 pread=5.258s
DBG getmany L65 nw=9 wall=0.447s thr(out)1 thr(in)16 conc_peak=9 pread=2.709s
DBG getmany L66 nw=7 wall=0.443s thr(out)1 thr(in)16 conc_peak=7 pread=2.623s
DBG getmany L67 nw=6 wall=0.615s thr(out)1 thr(in)16 conc_peak=6 pread=2.832s
DBG getmany L68 nw=8 wall=0.632s thr(out)1 thr(in)16 conc_peak=8 pread=4.825s
DBG getmany L69 nw=7 wall=0.630s thr(out)1 thr(in)16 conc_peak=7 pread=4.197s
DBG getmany L70 nw=7 wall=0.446s thr(out)1 thr(in)16 conc_peak=7 pread=2.609s
DBG getmany L71 nw=8 wall=0.701s thr(out)1 thr(in)16 conc_peak=8 pread=4.479s
DBG getmany L72 nw=10 wall=0.682s thr(out)1 thr(in)16 conc_peak=10 pread=6.623s
DBG getmany L73 nw=10 wall=0.711s thr(out)1 thr(in)16 conc_peak=10 pread=6.719s
DBG getmany L74 nw=6 wall=0.415s thr(out)1 thr(in)16 conc_peak=6 pread=2.284s
DBG getmany L75 nw=4 wall=0.379s thr(out)1 thr(in)16 conc_peak=4 pread=1.207s
DBG getmany L76 nw=9 wall=0.648s thr(out)1 thr(in)16 conc_peak=9 pread=4.344s
DBG getmany L77 nw=6 wall=0.754s thr(out)1 thr(in)16 conc_peak=6 pread=3.689s
DBG getmany L78 nw=8 wall=0.449s thr(out)1 thr(in)16 conc_peak=8 pread=3.254s
DBG getmany L79 nw=7 wall=0.640s thr(out)1 thr(in)16 conc_peak=7 pread=4.257s
DBG getmany L80 nw=8 wall=0.601s thr(out)1 thr(in)16 conc_peak=8 pread=3.337s
DBG getmany L81 nw=10 wall=0.682s thr(out)1 thr(in)16 conc_peak=10 pread=6.075s
DBG getmany L82 nw=8 wall=0.468s thr(out)1 thr(in)16 conc_peak=8 pread=3.040s
DBG getmany L83 nw=10 wall=0.686s thr(out)1 thr(in)16 conc_peak=10 pread=5.848s
DBG getmany L84 nw=10 wall=0.647s thr(out)1 thr(in)16 conc_peak=10 pread=5.507s
DBG getmany L85 nw=10 wall=0.668s thr(out)1 thr(in)16 conc_peak=10 pread=5.642s
DBG getmany L86 nw=11 wall=0.480s thr(out)1 thr(in)16 conc_peak=11 pread=4.744s
DBG getmany L87 nw=7 wall=0.615s thr(out)1 thr(in)16 conc_peak=7 pread=3.758s
DBG getmany L88 nw=9 wall=0.654s thr(out)1 thr(in)16 conc_peak=9 pread=4.969s
DBG getmany L89 nw=5 wall=5.677s thr(out)1 thr(in)16 conc_peak=5 pread=17.014s
DBG getmany L90 nw=7 wall=6.161s thr(out)1 thr(in)16 conc_peak=7 pread=39.702s
DBG getmany L91 nw=9 wall=0.499s thr(out)1 thr(in)16 conc_peak=9 pread=4.129s
DBG getmany L92 nw=14 wall=0.236s thr(out)1 thr(in)16 conc_peak=14 pread=1.988s
4      2975       82.53        100.0      14.88      0.012
  L2   resident=6779/14589 slots hit=100.0% read=95.67GB write=0.00GB
DBG getmany L1 nw=7 wall=0.433s thr(out)1 thr(in)16 conc_peak=7 pread=2.335s
DBG getmany L2 nw=9 wall=0.493s thr(out)1 thr(in)16 conc_peak=9 pread=3.794s
DBG getmany L3 nw=4 wall=0.728s thr(out)1 thr(in)16 conc_peak=4 pread=1.882s
DBG getmany L4 nw=9 wall=0.723s thr(out)1 thr(in)16 conc_peak=9 pread=4.596s
DBG getmany L5 nw=6 wall=0.562s thr(out)1 thr(in)16 conc_peak=6 pread=2.452s
DBG getmany L6 nw=13 wall=0.541s thr(out)1 thr(in)16 conc_peak=13 pread=4.524s
DBG getmany L7 nw=9 wall=0.390s thr(out)1 thr(in)16 conc_peak=9 pread=2.625s
DBG getmany L8 nw=9 wall=0.695s thr(out)1 thr(in)16 conc_peak=9 pread=4.815s
DBG getmany L9 nw=8 wall=0.664s thr(out)1 thr(in)16 conc_peak=8 pread=3.967s
DBG getmany L10 nw=4 wall=0.427s thr(out)1 thr(in)16 conc_peak=3 pread=1.258s
DBG getmany L11 nw=6 wall=0.650s thr(out)1 thr(in)16 conc_peak=6 pread=2.627s
DBG getmany L12 nw=5 wall=0.601s thr(out)1 thr(in)16 conc_peak=4 pread=1.817s
DBG getmany L13 nw=9 wall=0.641s thr(out)1 thr(in)16 conc_peak=8 pread=4.971s
DBG getmany L14 nw=9 wall=0.463s thr(out)1 thr(in)16 conc_peak=9 pread=3.466s
DBG getmany L15 nw=9 wall=0.675s thr(out)1 thr(in)16 conc_peak=9 pread=4.293s
DBG getmany L16 nw=9 wall=0.587s thr(out)1 thr(in)16 conc_peak=9 pread=4.178s
DBG getmany L17 nw=8 wall=0.625s thr(out)1 thr(in)16 conc_peak=8 pread=4.011s
DBG getmany L18 nw=6 wall=0.456s thr(out)1 thr(in)16 conc_peak=6 pread=2.297s
DBG getmany L19 nw=8 wall=0.606s thr(out)1 thr(in)16 conc_peak=8 pread=4.029s
DBG getmany L20 nw=5 wall=0.345s thr(out)1 thr(in)16 conc_peak=5 pread=1.229s
DBG getmany L21 nw=6 wall=0.615s thr(out)1 thr(in)16 conc_peak=6 pread=2.790s
DBG getmany L22 nw=7 wall=0.447s thr(out)1 thr(in)16 conc_peak=7 pread=2.557s
DBG getmany L23 nw=3 wall=0.524s thr(out)1 thr(in)16 conc_peak=3 pread=1.196s
DBG getmany L24 nw=13 wall=0.767s thr(out)1 thr(in)16 conc_peak=13 pread=8.461s
DBG getmany L25 nw=12 wall=0.710s thr(out)1 thr(in)16 conc_peak=12 pread=4.794s
DBG getmany L26 nw=7 wall=0.452s thr(out)1 thr(in)16 conc_peak=7 pread=2.523s
DBG getmany L27 nw=11 wall=0.666s thr(out)1 thr(in)16 conc_peak=11 pread=6.304s
DBG getmany L28 nw=13 wall=0.661s thr(out)1 thr(in)16 conc_peak=13 pread=7.023s
DBG getmany L29 nw=10 wall=0.673s thr(out)1 thr(in)16 conc_peak=10 pread=5.400s
DBG getmany L30 nw=9 wall=0.489s thr(out)1 thr(in)16 conc_peak=9 pread=3.724s
DBG getmany L31 nw=6 wall=0.647s thr(out)1 thr(in)16 conc_peak=6 pread=3.122s
DBG getmany L32 nw=7 wall=0.627s thr(out)1 thr(in)16 conc_peak=7 pread=3.423s
DBG getmany L33 nw=4 wall=0.531s thr(out)1 thr(in)16 conc_peak=4 pread=1.423s
DBG getmany L34 nw=9 wall=0.487s thr(out)1 thr(in)16 conc_peak=9 pread=3.314s
DBG getmany L35 nw=6 wall=0.344s thr(out)1 thr(in)16 conc_peak=6 pread=1.577s
DBG getmany L36 nw=9 wall=0.659s thr(out)1 thr(in)16 conc_peak=9 pread=4.900s
DBG getmany L37 nw=8 wall=0.657s thr(out)1 thr(in)16 conc_peak=8 pread=4.268s
DBG getmany L38 nw=7 wall=0.441s thr(out)1 thr(in)16 conc_peak=7 pread=2.553s
DBG getmany L39 nw=9 wall=0.670s thr(out)1 thr(in)16 conc_peak=9 pread=5.265s
DBG getmany L40 nw=7 wall=0.636s thr(out)1 thr(in)16 conc_peak=7 pread=3.370s
DBG getmany L41 nw=6 wall=0.605s thr(out)1 thr(in)16 conc_peak=6 pread=2.779s
DBG getmany L42 nw=6 wall=0.382s thr(out)1 thr(in)16 conc_peak=6 pread=1.745s
DBG getmany L43 nw=7 wall=0.677s thr(out)1 thr(in)16 conc_peak=7 pread=4.219s
DBG getmany L44 nw=9 wall=0.650s thr(out)1 thr(in)16 conc_peak=8 pread=4.932s
DBG getmany L45 nw=7 wall=0.644s thr(out)1 thr(in)16 conc_peak=7 pread=4.236s
DBG getmany L46 nw=5 wall=0.372s thr(out)1 thr(in)16 conc_peak=5 pread=1.305s
DBG getmany L47 nw=8 wall=0.608s thr(out)1 thr(in)16 conc_peak=8 pread=4.323s
DBG getmany L48 nw=10 wall=0.675s thr(out)1 thr(in)16 conc_peak=10 pread=4.885s
DBG getmany L49 nw=12 wall=0.735s thr(out)1 thr(in)16 conc_peak=12 pread=8.129s
DBG getmany L50 nw=9 wall=0.478s thr(out)1 thr(in)16 conc_peak=9 pread=3.444s
DBG getmany L51 nw=12 wall=0.695s thr(out)1 thr(in)16 conc_peak=12 pread=7.389s
DBG getmany L52 nw=7 wall=0.406s thr(out)1 thr(in)16 conc_peak=7 pread=2.016s
DBG getmany L53 nw=12 wall=0.683s thr(out)1 thr(in)16 conc_peak=12 pread=7.825s
DBG getmany L54 nw=10 wall=0.467s thr(out)1 thr(in)16 conc_peak=10 pread=4.176s
DBG getmany L55 nw=12 wall=0.713s thr(out)1 thr(in)16 conc_peak=12 pread=8.159s
DBG getmany L56 nw=11 wall=0.688s thr(out)1 thr(in)16 conc_peak=11 pread=6.519s
DBG getmany L57 nw=15 wall=0.760s thr(out)1 thr(in)16 conc_peak=15 pread=9.904s
DBG getmany L58 nw=9 wall=0.475s thr(out)1 thr(in)16 conc_peak=8 pread=3.400s
DBG getmany L59 nw=6 wall=0.641s thr(out)1 thr(in)16 conc_peak=6 pread=3.459s
DBG getmany L60 nw=11 wall=0.691s thr(out)1 thr(in)16 conc_peak=11 pread=6.907s
DBG getmany L61 nw=12 wall=0.687s thr(out)1 thr(in)16 conc_peak=12 pread=5.426s
DBG getmany L62 nw=10 wall=0.465s thr(out)1 thr(in)16 conc_peak=10 pread=4.141s
DBG getmany L63 nw=12 wall=0.718s thr(out)1 thr(in)16 conc_peak=12 pread=8.182s
DBG getmany L64 nw=9 wall=0.658s thr(out)1 thr(in)16 conc_peak=9 pread=4.805s
DBG getmany L65 nw=10 wall=0.652s thr(out)1 thr(in)16 conc_peak=10 pread=4.872s
DBG getmany L66 nw=7 wall=0.429s thr(out)1 thr(in)16 conc_peak=7 pread=2.670s
DBG getmany L67 nw=12 wall=0.725s thr(out)1 thr(in)16 conc_peak=12 pread=7.788s
DBG getmany L68 nw=14 wall=0.700s thr(out)1 thr(in)16 conc_peak=14 pread=8.823s
DBG getmany L69 nw=9 wall=0.657s thr(out)1 thr(in)16 conc_peak=9 pread=5.088s
DBG getmany L70 nw=7 wall=0.423s thr(out)1 thr(in)16 conc_peak=7 pread=2.522s
DBG getmany L71 nw=8 wall=0.706s thr(out)1 thr(in)16 conc_peak=8 pread=5.008s
DBG getmany L72 nw=9 wall=0.673s thr(out)1 thr(in)16 conc_peak=9 pread=5.336s
DBG getmany L73 nw=10 wall=0.668s thr(out)1 thr(in)16 conc_peak=10 pread=5.229s
DBG getmany L74 nw=5 wall=0.327s thr(out)1 thr(in)16 conc_peak=5 pread=1.373s
DBG getmany L75 nw=6 wall=0.638s thr(out)1 thr(in)16 conc_peak=6 pread=2.827s
DBG getmany L76 nw=8 wall=0.612s thr(out)1 thr(in)16 conc_peak=8 pread=2.398s
DBG getmany L77 nw=7 wall=0.639s thr(out)1 thr(in)16 conc_peak=7 pread=2.985s
DBG getmany L78 nw=10 wall=0.498s thr(out)1 thr(in)16 conc_peak=10 pread=4.319s
DBG getmany L79 nw=7 wall=0.639s thr(out)1 thr(in)16 conc_peak=6 pread=3.253s
DBG getmany L80 nw=9 wall=0.629s thr(out)1 thr(in)16 conc_peak=9 pread=4.792s
DBG getmany L81 nw=10 wall=3.932s thr(out)1 thr(in)16 conc_peak=10 pread=17.840s
DBG getmany L82 nw=10 wall=8.237s thr(out)1 thr(in)16 conc_peak=10 pread=75.997s
DBG getmany L83 nw=10 wall=0.693s thr(out)1 thr(in)16 conc_peak=10 pread=5.609s
DBG getmany L84 nw=11 wall=0.697s thr(out)1 thr(in)16 conc_peak=11 pread=6.983s
DBG getmany L85 nw=8 wall=0.381s thr(out)1 thr(in)16 conc_peak=8 pread=2.388s
DBG getmany L86 nw=10 wall=0.464s thr(out)1 thr(in)16 conc_peak=10 pread=3.588s
DBG getmany L87 nw=8 wall=0.475s thr(out)1 thr(in)16 conc_peak=8 pread=3.061s
DBG getmany L88 nw=10 wall=0.683s thr(out)1 thr(in)16 conc_peak=10 pread=5.771s
DBG getmany L89 nw=7 wall=0.668s thr(out)1 thr(in)16 conc_peak=6 pread=3.107s
DBG getmany L90 nw=8 wall=0.448s thr(out)1 thr(in)16 conc_peak=8 pread=2.241s
DBG getmany L91 nw=7 wall=0.449s thr(out)1 thr(in)16 conc_peak=7 pread=2.388s
DBG getmany L92 nw=10 wall=0.143s thr(out)1 thr(in)16 conc_peak=10 pread=0.836s
5      15         82.29        99.9       13.88      0.012
  L2   resident=6779/14589 slots hit=100.0% read=109.51GB write=0.00GB
DBG getmany L1 nw=12 wall=0.648s thr(out)1 thr(in)16 conc_peak=12 pread=5.468s
DBG getmany L2 nw=10 wall=0.485s thr(out)1 thr(in)16 conc_peak=10 pread=4.139s
DBG getmany L3 nw=7 wall=0.600s thr(out)1 thr(in)16 conc_peak=5 pread=3.046s
DBG getmany L4 nw=9 wall=0.641s thr(out)1 thr(in)16 conc_peak=9 pread=4.689s
DBG getmany L5 nw=5 wall=0.587s thr(out)1 thr(in)16 conc_peak=5 pread=2.692s
DBG getmany L6 nw=13 wall=0.499s thr(out)1 thr(in)16 conc_peak=13 pread=6.002s
DBG getmany L7 nw=11 wall=0.681s thr(out)1 thr(in)16 conc_peak=11 pread=5.745s
DBG getmany L8 nw=9 wall=0.694s thr(out)1 thr(in)16 conc_peak=9 pread=4.449s
DBG getmany L9 nw=8 wall=0.678s thr(out)1 thr(in)16 conc_peak=8 pread=3.749s
DBG getmany L10 nw=7 wall=0.471s thr(out)1 thr(in)16 conc_peak=7 pread=2.551s
DBG getmany L11 nw=9 wall=0.725s thr(out)1 thr(in)16 conc_peak=9 pread=5.522s
DBG getmany L12 nw=11 wall=0.687s thr(out)1 thr(in)16 conc_peak=7 pread=6.960s
DBG getmany L13 nw=11 wall=0.470s thr(out)1 thr(in)16 conc_peak=11 pread=3.783s
DBG getmany L14 nw=13 wall=0.529s thr(out)1 thr(in)16 conc_peak=13 pread=6.006s
DBG getmany L15 nw=11 wall=0.707s thr(out)1 thr(in)16 conc_peak=11 pread=6.643s
DBG getmany L16 nw=9 wall=0.481s thr(out)1 thr(in)16 conc_peak=9 pread=3.024s
DBG getmany L17 nw=8 wall=0.620s thr(out)1 thr(in)16 conc_peak=8 pread=3.805s
DBG getmany L18 nw=9 wall=0.490s thr(out)1 thr(in)16 conc_peak=9 pread=3.617s
DBG getmany L19 nw=11 wall=0.637s thr(out)1 thr(in)16 conc_peak=11 pread=5.254s
DBG getmany L20 nw=9 wall=0.606s thr(out)1 thr(in)16 conc_peak=9 pread=3.795s
DBG getmany L21 nw=9 wall=0.666s thr(out)1 thr(in)16 conc_peak=9 pread=5.134s
DBG getmany L22 nw=8 wall=0.451s thr(out)1 thr(in)16 conc_peak=8 pread=2.918s
DBG getmany L23 nw=5 wall=0.399s thr(out)1 thr(in)16 conc_peak=5 pread=1.418s
DBG getmany L24 nw=13 wall=0.783s thr(out)1 thr(in)16 conc_peak=13 pread=8.744s
DBG getmany L25 nw=10 wall=0.680s thr(out)1 thr(in)16 conc_peak=10 pread=4.407s
DBG getmany L26 nw=9 wall=0.468s thr(out)1 thr(in)16 conc_peak=9 pread=2.828s
DBG getmany L27 nw=11 wall=0.651s thr(out)1 thr(in)16 conc_peak=11 pread=6.246s
DBG getmany L28 nw=11 wall=0.624s thr(out)1 thr(in)16 conc_peak=11 pread=6.459s
DBG getmany L29 nw=11 wall=0.684s thr(out)1 thr(in)16 conc_peak=11 pread=5.388s
DBG getmany L30 nw=8 wall=0.477s thr(out)1 thr(in)16 conc_peak=8 pread=2.970s
DBG getmany L31 nw=9 wall=0.679s thr(out)1 thr(in)16 conc_peak=9 pread=3.552s
DBG getmany L32 nw=7 wall=0.626s thr(out)1 thr(in)16 conc_peak=7 pread=3.132s
DBG getmany L33 nw=8 wall=0.557s thr(out)1 thr(in)16 conc_peak=8 pread=2.685s
DBG getmany L34 nw=9 wall=0.486s thr(out)1 thr(in)16 conc_peak=9 pread=3.736s
DBG getmany L35 nw=7 wall=0.666s thr(out)1 thr(in)16 conc_peak=7 pread=3.808s
DBG getmany L36 nw=10 wall=0.660s thr(out)1 thr(in)16 conc_peak=10 pread=4.998s
DBG getmany L37 nw=8 wall=0.643s thr(out)1 thr(in)16 conc_peak=8 pread=4.291s
DBG getmany L38 nw=10 wall=0.467s thr(out)1 thr(in)16 conc_peak=10 pread=3.340s
DBG getmany L39 nw=9 wall=0.677s thr(out)1 thr(in)16 conc_peak=9 pread=4.634s
DBG getmany L40 nw=7 wall=0.640s thr(out)1 thr(in)16 conc_peak=7 pread=3.568s
DBG getmany L41 nw=6 wall=0.608s thr(out)1 thr(in)16 conc_peak=6 pread=2.933s
DBG getmany L42 nw=8 wall=0.459s thr(out)1 thr(in)16 conc_peak=8 pread=2.847s
DBG getmany L43 nw=7 wall=0.679s thr(out)1 thr(in)16 conc_peak=7 pread=3.406s
DBG getmany L44 nw=6 wall=0.599s thr(out)1 thr(in)16 conc_peak=6 pread=2.030s
DBG getmany L45 nw=6 wall=0.576s thr(out)1 thr(in)16 conc_peak=6 pread=2.942s
DBG getmany L46 nw=7 wall=0.374s thr(out)1 thr(in)16 conc_peak=7 pread=2.190s
DBG getmany L47 nw=9 wall=0.615s thr(out)1 thr(in)16 conc_peak=8 pread=5.075s
DBG getmany L48 nw=7 wall=0.639s thr(out)1 thr(in)16 conc_peak=7 pread=3.783s
DBG getmany L49 nw=10 wall=0.683s thr(out)1 thr(in)16 conc_peak=10 pread=5.483s
DBG getmany L50 nw=7 wall=0.445s thr(out)1 thr(in)16 conc_peak=7 pread=2.908s
DBG getmany L51 nw=8 wall=0.637s thr(out)1 thr(in)16 conc_peak=8 pread=4.003s
DBG getmany L52 nw=11 wall=0.647s thr(out)1 thr(in)16 conc_peak=11 pread=6.743s
DBG getmany L53 nw=11 wall=0.653s thr(out)1 thr(in)16 conc_peak=11 pread=6.699s
DBG getmany L54 nw=9 wall=0.428s thr(out)1 thr(in)16 conc_peak=9 pread=3.019s
DBG getmany L55 nw=4 wall=0.563s thr(out)1 thr(in)16 conc_peak=4 pread=2.035s
DBG getmany L56 nw=8 wall=0.588s thr(out)1 thr(in)16 conc_peak=8 pread=2.961s
DBG getmany L57 nw=9 wall=0.683s thr(out)1 thr(in)16 conc_peak=9 pread=4.478s
DBG getmany L58 nw=7 wall=0.446s thr(out)1 thr(in)16 conc_peak=6 pread=2.097s
DBG getmany L59 nw=6 wall=0.349s thr(out)1 thr(in)16 conc_peak=6 pread=1.652s
DBG getmany L60 nw=8 wall=0.649s thr(out)1 thr(in)16 conc_peak=8 pread=4.462s
DBG getmany L61 nw=6 wall=0.610s thr(out)1 thr(in)16 conc_peak=6 pread=3.539s
DBG getmany L62 nw=8 wall=0.437s thr(out)1 thr(in)16 conc_peak=8 pread=3.225s
DBG getmany L63 nw=4 wall=0.552s thr(out)1 thr(in)16 conc_peak=4 pread=1.768s
DBG getmany L64 nw=10 wall=0.651s thr(out)1 thr(in)16 conc_peak=9 pread=5.624s
DBG getmany L65 nw=7 wall=0.627s thr(out)1 thr(in)16 conc_peak=7 pread=2.822s
DBG getmany L66 nw=4 wall=0.392s thr(out)1 thr(in)16 conc_peak=4 pread=1.234s
DBG getmany L67 nw=7 wall=0.637s thr(out)1 thr(in)16 conc_peak=7 pread=3.978s
DBG getmany L68 nw=10 wall=0.664s thr(out)1 thr(in)16 conc_peak=10 pread=6.308s
DBG getmany L69 nw=9 wall=0.660s thr(out)1 thr(in)16 conc_peak=9 pread=5.014s
DBG getmany L70 nw=7 wall=0.432s thr(out)1 thr(in)16 conc_peak=7 pread=2.852s
DBG getmany L71 nw=5 wall=0.752s thr(out)1 thr(in)16 conc_peak=5 pread=2.389s
DBG getmany L72 nw=7 wall=8.948s thr(out)1 thr(in)16 conc_peak=7 pread=51.421s
DBG getmany L73 nw=12 wall=0.718s thr(out)1 thr(in)16 conc_peak=12 pread=7.111s
DBG getmany L74 nw=6 wall=0.369s thr(out)1 thr(in)16 conc_peak=6 pread=1.947s
DBG getmany L75 nw=5 wall=0.602s thr(out)1 thr(in)16 conc_peak=5 pread=2.117s
DBG getmany L76 nw=7 wall=0.596s thr(out)1 thr(in)16 conc_peak=7 pread=3.171s
DBG getmany L77 nw=6 wall=0.465s thr(out)1 thr(in)16 conc_peak=6 pread=1.909s
DBG getmany L78 nw=6 wall=0.428s thr(out)1 thr(in)16 conc_peak=6 pread=2.102s
DBG getmany L79 nw=7 wall=0.579s thr(out)1 thr(in)16 conc_peak=7 pread=3.708s
DBG getmany L80 nw=6 wall=0.431s thr(out)1 thr(in)16 conc_peak=6 pread=1.933s
DBG getmany L81 nw=7 wall=0.426s thr(out)1 thr(in)16 conc_peak=7 pread=2.266s
DBG getmany L82 nw=5 wall=0.402s thr(out)1 thr(in)16 conc_peak=5 pread=1.484s
DBG getmany L83 nw=7 wall=0.622s thr(out)1 thr(in)16 conc_peak=7 pread=3.178s
DBG getmany L84 nw=6 wall=0.608s thr(out)1 thr(in)16 conc_peak=6 pread=3.343s
DBG getmany L85 nw=4 wall=0.506s thr(out)1 thr(in)16 conc_peak=3 pread=1.174s
DBG getmany L86 nw=4 wall=0.329s thr(out)1 thr(in)16 conc_peak=4 pread=0.998s
DBG getmany L87 nw=7 wall=0.599s thr(out)1 thr(in)16 conc_peak=7 pread=3.559s
DBG getmany L88 nw=4 wall=0.581s thr(out)1 thr(in)16 conc_peak=4 pread=1.209s
DBG getmany L89 nw=4 wall=0.621s thr(out)1 thr(in)16 conc_peak=4 pread=2.090s
DBG getmany L90 nw=3 wall=0.387s thr(out)1 thr(in)16 conc_peak=2 pread=1.117s
DBG getmany L91 nw=4 wall=0.397s thr(out)1 thr(in)16 conc_peak=4 pread=1.189s
DBG getmany L92 nw=7 wall=0.099s thr(out)1 thr(in)16 conc_peak=7 pread=0.424s
6      3629       80.31        100.0      12.74      0.012
  L2   resident=6779/14589 slots hit=100.0% read=122.25GB write=0.00GB
DBG getmany L1 nw=12 wall=0.588s thr(out)1 thr(in)16 conc_peak=12 pread=4.825s
DBG getmany L2 nw=13 wall=0.529s thr(out)1 thr(in)16 conc_peak=13 pread=5.940s
DBG getmany L3 nw=7 wall=0.630s thr(out)1 thr(in)16 conc_peak=5 pread=3.401s
DBG getmany L4 nw=11 wall=0.607s thr(out)1 thr(in)16 conc_peak=11 pread=5.205s
DBG getmany L5 nw=13 wall=0.675s thr(out)1 thr(in)16 conc_peak=13 pread=7.501s
DBG getmany L6 nw=14 wall=0.509s thr(out)1 thr(in)16 conc_peak=14 pread=5.324s
DBG getmany L7 nw=9 wall=0.653s thr(out)1 thr(in)16 conc_peak=9 pread=5.387s
DBG getmany L8 nw=12 wall=0.736s thr(out)1 thr(in)16 conc_peak=12 pread=7.944s
DBG getmany L9 nw=12 wall=0.729s thr(out)1 thr(in)16 conc_peak=12 pread=8.401s
DBG getmany L10 nw=8 wall=0.475s thr(out)1 thr(in)16 conc_peak=8 pread=3.263s
DBG getmany L11 nw=9 wall=0.693s thr(out)1 thr(in)16 conc_peak=9 pread=5.787s
DBG getmany L12 nw=9 wall=0.637s thr(out)1 thr(in)16 conc_peak=9 pread=5.030s
DBG getmany L13 nw=10 wall=0.611s thr(out)1 thr(in)16 conc_peak=10 pread=4.760s
DBG getmany L14 nw=11 wall=0.465s thr(out)1 thr(in)16 conc_peak=11 pread=3.936s
DBG getmany L15 nw=13 wall=0.729s thr(out)1 thr(in)16 conc_peak=13 pread=6.791s
DBG getmany L16 nw=7 wall=0.553s thr(out)1 thr(in)16 conc_peak=7 pread=2.564s
DBG getmany L17 nw=8 wall=0.616s thr(out)1 thr(in)16 conc_peak=8 pread=4.467s
DBG getmany L18 nw=6 wall=0.445s thr(out)1 thr(in)16 conc_peak=6 pread=2.258s
DBG getmany L19 nw=8 wall=0.577s thr(out)1 thr(in)16 conc_peak=8 pread=3.321s
DBG getmany L20 nw=8 wall=0.572s thr(out)1 thr(in)16 conc_peak=8 pread=3.876s
DBG getmany L21 nw=12 wall=0.535s thr(out)1 thr(in)16 conc_peak=12 pread=4.889s
DBG getmany L22 nw=10 wall=0.432s thr(out)1 thr(in)16 conc_peak=10 pread=3.283s
DBG getmany L23 nw=9 wall=0.619s thr(out)1 thr(in)16 conc_peak=9 pread=5.035s
DBG getmany L24 nw=14 wall=0.779s thr(out)1 thr(in)16 conc_peak=13 pread=8.682s
DBG getmany L25 nw=10 wall=0.597s thr(out)1 thr(in)16 conc_peak=10 pread=4.424s
DBG getmany L26 nw=12 wall=0.500s thr(out)1 thr(in)16 conc_peak=12 pread=4.956s
DBG getmany L27 nw=12 wall=0.664s thr(out)1 thr(in)16 conc_peak=12 pread=6.100s
DBG getmany L28 nw=11 wall=0.569s thr(out)1 thr(in)16 conc_peak=11 pread=5.217s
DBG getmany L29 nw=10 wall=0.622s thr(out)1 thr(in)16 conc_peak=10 pread=4.753s
DBG getmany L30 nw=9 wall=0.438s thr(out)1 thr(in)16 conc_peak=9 pread=3.467s
DBG getmany L31 nw=10 wall=0.685s thr(out)1 thr(in)16 conc_peak=10 pread=5.624s
DBG getmany L32 nw=8 wall=0.651s thr(out)1 thr(in)16 conc_peak=8 pread=4.848s
DBG getmany L33 nw=10 wall=0.709s thr(out)1 thr(in)16 conc_peak=10 pread=5.912s
DBG getmany L34 nw=11 wall=0.514s thr(out)1 thr(in)16 conc_peak=11 pread=4.950s
DBG getmany L35 nw=8 wall=0.650s thr(out)1 thr(in)16 conc_peak=8 pread=4.998s
DBG getmany L36 nw=9 wall=0.662s thr(out)1 thr(in)16 conc_peak=9 pread=5.687s
DBG getmany L37 nw=11 wall=0.705s thr(out)1 thr(in)16 conc_peak=11 pread=6.658s
DBG getmany L38 nw=6 wall=0.411s thr(out)1 thr(in)16 conc_peak=6 pread=2.262s
DBG getmany L39 nw=6 wall=0.622s thr(out)1 thr(in)16 conc_peak=6 pread=3.208s
DBG getmany L40 nw=6 wall=0.641s thr(out)1 thr(in)16 conc_peak=6 pread=2.666s
DBG getmany L41 nw=3 wall=0.535s thr(out)1 thr(in)16 conc_peak=3 pread=1.417s
DBG getmany L42 nw=6 wall=0.431s thr(out)1 thr(in)16 conc_peak=6 pread=2.283s
DBG getmany L43 nw=4 wall=0.640s thr(out)1 thr(in)16 conc_peak=4 pread=1.676s
DBG getmany L44 nw=6 wall=0.625s thr(out)1 thr(in)16 conc_peak=6 pread=2.505s
DBG getmany L45 nw=8 wall=0.427s thr(out)1 thr(in)16 conc_peak=7 pread=2.537s
DBG getmany L46 nw=8 wall=0.459s thr(out)1 thr(in)16 conc_peak=8 pread=2.708s
DBG getmany L47 nw=5 wall=0.590s thr(out)1 thr(in)16 conc_peak=4 pread=2.389s
DBG getmany L48 nw=8 wall=0.616s thr(out)1 thr(in)16 conc_peak=8 pread=4.510s
DBG getmany L49 nw=13 wall=0.735s thr(out)1 thr(in)16 conc_peak=13 pread=8.395s
DBG getmany L50 nw=8 wall=0.451s thr(out)1 thr(in)16 conc_peak=8 pread=2.659s
DBG getmany L51 nw=7 wall=0.618s thr(out)1 thr(in)16 conc_peak=7 pread=4.012s
DBG getmany L52 nw=9 wall=0.628s thr(out)1 thr(in)16 conc_peak=9 pread=3.444s
DBG getmany L53 nw=10 wall=0.644s thr(out)1 thr(in)16 conc_peak=10 pread=5.994s
DBG getmany L54 nw=11 wall=0.491s thr(out)1 thr(in)16 conc_peak=11 pread=4.634s
DBG getmany L55 nw=7 wall=0.634s thr(out)1 thr(in)16 conc_peak=7 pread=3.949s
DBG getmany L56 nw=8 wall=0.442s thr(out)1 thr(in)16 conc_peak=8 pread=2.663s
DBG getmany L57 nw=9 wall=0.677s thr(out)1 thr(in)16 conc_peak=9 pread=5.476s
DBG getmany L58 nw=6 wall=0.434s thr(out)1 thr(in)16 conc_peak=6 pread=2.111s
DBG getmany L59 nw=5 wall=0.555s thr(out)1 thr(in)16 conc_peak=5 pread=2.132s
DBG getmany L60 nw=10 wall=0.657s thr(out)1 thr(in)16 conc_peak=10 pread=6.026s
DBG getmany L61 nw=13 wall=0.543s thr(out)1 thr(in)16 conc_peak=13 pread=4.519s
DBG getmany L62 nw=7 wall=0.419s thr(out)1 thr(in)16 conc_peak=7 pread=2.257s
DBG getmany L63 nw=9 wall=0.646s thr(out)1 thr(in)16 conc_peak=9 pread=4.623s
DBG getmany L64 nw=13 wall=0.543s thr(out)1 thr(in)16 conc_peak=13 pread=5.621s
DBG getmany L65 nw=7 wall=0.614s thr(out)1 thr(in)16 conc_peak=7 pread=3.812s
DBG getmany L66 nw=10 wall=0.465s thr(out)1 thr(in)16 conc_peak=10 pread=3.910s
DBG getmany L67 nw=8 wall=0.659s thr(out)1 thr(in)16 conc_peak=8 pread=3.608s
DBG getmany L68 nw=11 wall=0.673s thr(out)1 thr(in)16 conc_peak=11 pread=7.187s
DBG getmany L69 nw=11 wall=0.649s thr(out)1 thr(in)16 conc_peak=5 pread=5.703s
DBG getmany L70 nw=9 wall=0.451s thr(out)1 thr(in)16 conc_peak=9 pread=3.526s
DBG getmany L71 nw=8 wall=0.704s thr(out)1 thr(in)16 conc_peak=8 pread=4.230s
DBG getmany L72 nw=6 wall=0.641s thr(out)1 thr(in)16 conc_peak=6 pread=2.302s
DBG getmany L73 nw=11 wall=0.677s thr(out)1 thr(in)16 conc_peak=11 pread=6.104s
DBG getmany L74 nw=8 wall=0.446s thr(out)1 thr(in)16 conc_peak=8 pread=3.147s
DBG getmany L75 nw=9 wall=0.629s thr(out)1 thr(in)16 conc_peak=9 pread=4.034s
DBG getmany L76 nw=10 wall=0.617s thr(out)1 thr(in)16 conc_peak=10 pread=5.720s
DBG getmany L77 nw=7 wall=0.628s thr(out)1 thr(in)16 conc_peak=7 pread=3.576s
DBG getmany L78 nw=7 wall=0.392s thr(out)1 thr(in)16 conc_peak=7 pread=1.882s
DBG getmany L79 nw=8 wall=0.637s thr(out)1 thr(in)16 conc_peak=8 pread=4.405s
DBG getmany L80 nw=13 wall=0.665s thr(out)1 thr(in)16 conc_peak=13 pread=6.969s
DBG getmany L81 nw=9 wall=0.656s thr(out)1 thr(in)16 conc_peak=8 pread=4.239s
DBG getmany L82 nw=11 wall=0.485s thr(out)1 thr(in)16 conc_peak=11 pread=4.563s
DBG getmany L83 nw=9 wall=0.631s thr(out)1 thr(in)16 conc_peak=9 pread=4.397s
DBG getmany L84 nw=11 wall=0.585s thr(out)1 thr(in)16 conc_peak=11 pread=5.660s
DBG getmany L85 nw=10 wall=0.670s thr(out)1 thr(in)16 conc_peak=10 pread=6.258s
DBG getmany L86 nw=9 wall=0.456s thr(out)1 thr(in)16 conc_peak=9 pread=3.347s
DBG getmany L87 nw=8 wall=0.636s thr(out)1 thr(in)16 conc_peak=8 pread=3.679s
DBG getmany L88 nw=6 wall=0.610s thr(out)1 thr(in)16 conc_peak=6 pread=1.908s
DBG getmany L89 nw=6 wall=0.654s thr(out)1 thr(in)16 conc_peak=5 pread=3.301s
DBG getmany L90 nw=8 wall=0.451s thr(out)1 thr(in)16 conc_peak=8 pread=2.896s
DBG getmany L91 nw=10 wall=0.485s thr(out)1 thr(in)16 conc_peak=10 pread=3.619s
DBG getmany L92 nw=12 wall=0.174s thr(out)1 thr(in)16 conc_peak=12 pread=1.200s
7      1389       71.04        100.0      14.72      0.014
  L2   resident=6779/14589 slots hit=100.0% read=136.97GB write=0.00GB
--------------------------------------------------------------------
8 tokens in 647.5 s, 80.93 s/token average
PEAK RSS for the whole run: 49.09 GB   <- quote this, not the plan
layers completed: 93/93; routed expert drops: 0


[chip] simulated MXFP4 GEMV bill over 9 tokens
  11776 expert chains | 777925951488 flops | 206636580864 bytes (206.64 GB)
  per token: 1308 chains | 22.96 GB | 0.09 Gflops
  compute wall @ 4 TFLOPS : 0.19 s (21.61 ms/token)
  bandwidth wall @ 200 GB/s : 1.03 s (114.80 ms/token)
  -> bandwidth-bound; to be compute-bound at 4 TFLOPS this needs 1062 GB/s
  expert fetch (host wall, measured): 498.16 s moving 206.64 GB = 0 GB/s
  chip pool wall (measured): 67.42 s

cache [final step]
  slots        : 2278 of 17.56 MB = 39.99 GB arena (2278 resident, 0 pinned)
  requests     : 1472  hits 1472 (100.00%)  misses 0  evictions 839
  of those hits : 839 came from the batch prefetch, i.e. read from disk
                  this token; TRUE resident hit rate 43.00%
  read from disk: 14.72 GB in 53.51 s (275 MB/s while loading)
  phase2 i/o    : 14.73 GB in 53.51 s (275 MB/s)  [pure parallel disk read]
l2cache [final step]
  requests     : 7806  hits 7806 (100.00%)  misses 0
  read  from sdd7: 136.97 GB, written 0.00 GB
  hit I/O   : 136.97 GB in 494.03 s (wall) = 277 MB/s [pread 4280.13 s, 32 MB/s per-thread]
  miss I/O  : 0 misses, 0.00 GB from /model in 0.00 s (wall) = 0 MB/s
  restored from meta: 6779 slots

wrote /mnt/f/kimi-k3-in-c/reports/gateab_ab/v18_bigcache-20260927_184715/ctrl.json
I/O share of wall clock: 157.2%  (trunk 523.1 s + experts 494.4 s of 647.5 s)
  both figures are WHOLE-RUN totals over 8 steps
  over 100% because trunk reads overlap compute on the reader thread;
  370.1 s of device time was hidden behind arithmetic
  experts, whole run: 137.01 GB read | 6246 of 11776 requests retained in RAM (53.04%) | 5530 evictions
    (retention = requests - evictions; the raw `hits` counter includes
     experts the prefetcher had just read from disk, so it is not a
     measure of avoided I/O)

trunk [final]
  pinned 1/93 layers, ring 2 slots
  binds 744, hits 7 (0.9%), reads 737
  read 436.45 GB in 523.11 s (834 MB/s pread)
  per-layer loads [L]=count: 0=1 1=8 2=8 3=8 4=8 5=8 6=8 7=8 8=8 9=8 10=8 11=8 12=8 13=8 14=8 15=8 16=8 17=8 18=8 19=8 20=8 21=8 22=8 23=8 24=8 25=8 26=8 27=8 28=8 29=8 30=8 31=8 32=8 33=8 34=8 35=8 36=8 37=8 38=8 39=8 40=8 41=8 42=8 43=8 44=8 45=8 46=8 47=8 48=8 49=8 50=8 51=8 52=8 53=8 54=8 55=8 56=8 57=8 58=8 59=8 60=8 61=8 62=8 63=8 64=8 65=8 66=8 67=8 68=8 69=8 70=8 71=8 72=8 73=8 74=8 75=8 76=8 77=8 78=8 79=8 80=8 81=8 82=8 83=8 84=8 85=8 86=8 87=8 88=8 89=8 90=8 91=8 92=8
  bind wall 14.17 s over 744 binds; read 523.11 + widen 2.88 = 525.99 s of device work,
                    of which 511.82 s (97%) overlapped compute on the reader thread
  widen breakdown: find 180 ms (19640)  copy 0 ms (9184)  deq 2689 ms (6320)  timed 3 s of widen 2.88 s
TIME_ELAPSED=680.48
