L2 auto: 209 GB free on /mnt/nvme -> L2 at 256 GB
k3 chip: 4 workers, 4 TFLOPS, 200 GB/s simulated wall
DBG getmany L1 nw=16 wall=0.242s thr(out)1 thr(in)16 conc_peak=16 pread=2.834s
DBG getmany L2 nw=16 wall=0.367s thr(out)1 thr(in)16 conc_peak=16 pread=4.551s
DBG getmany L3 nw=16 wall=0.501s thr(out)1 thr(in)16 conc_peak=16 pread=6.095s
DBG getmany L4 nw=16 wall=0.489s thr(out)1 thr(in)16 conc_peak=16 pread=6.629s
DBG getmany L5 nw=16 wall=0.477s thr(out)1 thr(in)16 conc_peak=16 pread=5.847s
DBG getmany L6 nw=16 wall=0.365s thr(out)1 thr(in)16 conc_peak=16 pread=4.427s
DBG getmany L7 nw=16 wall=0.497s thr(out)1 thr(in)16 conc_peak=16 pread=6.569s
DBG getmany L8 nw=16 wall=0.509s thr(out)1 thr(in)16 conc_peak=16 pread=6.466s
DBG getmany L9 nw=16 wall=0.503s thr(out)1 thr(in)16 conc_peak=16 pread=6.284s
DBG getmany L10 nw=16 wall=0.389s thr(out)1 thr(in)16 conc_peak=16 pread=5.446s
DBG getmany L11 nw=16 wall=0.518s thr(out)1 thr(in)16 conc_peak=16 pread=7.035s
DBG getmany L12 nw=16 wall=0.480s thr(out)1 thr(in)16 conc_peak=16 pread=5.655s
DBG getmany L13 nw=16 wall=0.446s thr(out)1 thr(in)16 conc_peak=16 pread=4.537s
DBG getmany L14 nw=16 wall=0.380s thr(out)1 thr(in)16 conc_peak=16 pread=4.547s
DBG getmany L15 nw=16 wall=0.512s thr(out)1 thr(in)16 conc_peak=16 pread=6.138s
DBG getmany L16 nw=16 wall=0.416s thr(out)1 thr(in)16 conc_peak=16 pread=5.015s
DBG getmany L17 nw=16 wall=0.488s thr(out)1 thr(in)16 conc_peak=16 pread=7.127s
DBG getmany L18 nw=16 wall=0.395s thr(out)1 thr(in)16 conc_peak=16 pread=5.571s
DBG getmany L19 nw=16 wall=0.490s thr(out)1 thr(in)16 conc_peak=16 pread=6.398s
DBG getmany L20 nw=16 wall=0.479s thr(out)1 thr(in)16 conc_peak=16 pread=6.027s
DBG getmany L21 nw=16 wall=0.514s thr(out)1 thr(in)16 conc_peak=16 pread=6.875s
DBG getmany L22 nw=16 wall=0.389s thr(out)1 thr(in)16 conc_peak=16 pread=5.359s
DBG getmany L23 nw=16 wall=0.497s thr(out)1 thr(in)16 conc_peak=16 pread=5.305s
DBG getmany L24 nw=16 wall=0.549s thr(out)1 thr(in)16 conc_peak=16 pread=6.662s
DBG getmany L25 nw=16 wall=0.538s thr(out)1 thr(in)16 conc_peak=16 pread=6.676s
DBG getmany L26 nw=16 wall=0.402s thr(out)1 thr(in)16 conc_peak=16 pread=5.236s
DBG getmany L27 nw=16 wall=0.497s thr(out)1 thr(in)16 conc_peak=16 pread=6.120s
DBG getmany L28 nw=16 wall=0.488s thr(out)1 thr(in)16 conc_peak=16 pread=5.806s
DBG getmany L29 nw=16 wall=0.520s thr(out)1 thr(in)16 conc_peak=16 pread=5.858s
DBG getmany L30 nw=16 wall=0.406s thr(out)1 thr(in)16 conc_peak=16 pread=5.090s
DBG getmany L31 nw=16 wall=0.564s thr(out)1 thr(in)16 conc_peak=16 pread=7.072s
DBG getmany L32 nw=16 wall=0.547s thr(out)1 thr(in)16 conc_peak=16 pread=7.332s
DBG getmany L33 nw=16 wall=0.581s thr(out)1 thr(in)16 conc_peak=16 pread=8.417s
DBG getmany L34 nw=16 wall=0.405s thr(out)1 thr(in)16 conc_peak=16 pread=5.394s
DBG getmany L35 nw=16 wall=0.580s thr(out)1 thr(in)16 conc_peak=16 pread=6.621s
DBG getmany L36 nw=16 wall=0.574s thr(out)1 thr(in)16 conc_peak=16 pread=7.878s
DBG getmany L37 nw=16 wall=0.565s thr(out)1 thr(in)16 conc_peak=16 pread=6.494s
DBG getmany L38 nw=16 wall=0.400s thr(out)1 thr(in)16 conc_peak=16 pread=5.410s
DBG getmany L39 nw=16 wall=0.558s thr(out)1 thr(in)16 conc_peak=16 pread=7.679s
DBG getmany L40 nw=16 wall=0.545s thr(out)1 thr(in)16 conc_peak=16 pread=6.967s
DBG getmany L41 nw=16 wall=0.519s thr(out)1 thr(in)16 conc_peak=16 pread=6.538s
DBG getmany L42 nw=16 wall=0.416s thr(out)1 thr(in)16 conc_peak=16 pread=4.789s
DBG getmany L43 nw=16 wall=0.591s thr(out)1 thr(in)16 conc_peak=16 pread=7.800s
DBG getmany L44 nw=16 wall=0.549s thr(out)1 thr(in)16 conc_peak=16 pread=7.568s
DBG getmany L45 nw=16 wall=0.550s thr(out)1 thr(in)16 conc_peak=16 pread=7.735s
DBG getmany L46 nw=16 wall=0.428s thr(out)1 thr(in)16 conc_peak=16 pread=5.193s
DBG getmany L47 nw=16 wall=0.578s thr(out)1 thr(in)16 conc_peak=16 pread=6.218s
DBG getmany L48 nw=16 wall=0.565s thr(out)1 thr(in)16 conc_peak=16 pread=6.663s
DBG getmany L49 nw=16 wall=0.598s thr(out)1 thr(in)16 conc_peak=16 pread=8.253s
DBG getmany L50 nw=16 wall=0.436s thr(out)1 thr(in)16 conc_peak=16 pread=6.325s
DBG getmany L51 nw=16 wall=0.580s thr(out)1 thr(in)16 conc_peak=16 pread=6.705s
DBG getmany L52 nw=16 wall=0.560s thr(out)1 thr(in)16 conc_peak=16 pread=6.138s
DBG getmany L53 nw=16 wall=0.581s thr(out)1 thr(in)16 conc_peak=16 pread=7.512s
DBG getmany L54 nw=16 wall=0.452s thr(out)1 thr(in)16 conc_peak=16 pread=6.401s
DBG getmany L55 nw=16 wall=0.597s thr(out)1 thr(in)16 conc_peak=16 pread=6.847s
DBG getmany L56 nw=16 wall=0.590s thr(out)1 thr(in)16 conc_peak=16 pread=6.557s
DBG getmany L57 nw=16 wall=0.570s thr(out)1 thr(in)16 conc_peak=16 pread=6.475s
DBG getmany L58 nw=16 wall=0.413s thr(out)1 thr(in)16 conc_peak=16 pread=5.811s
DBG getmany L59 nw=16 wall=0.585s thr(out)1 thr(in)16 conc_peak=16 pread=7.462s
DBG getmany L60 nw=16 wall=0.570s thr(out)1 thr(in)16 conc_peak=16 pread=6.119s
DBG getmany L61 nw=16 wall=0.587s thr(out)1 thr(in)16 conc_peak=16 pread=7.932s
DBG getmany L62 nw=16 wall=0.441s thr(out)1 thr(in)16 conc_peak=16 pread=6.036s
DBG getmany L63 nw=16 wall=0.615s thr(out)1 thr(in)16 conc_peak=16 pread=7.379s
DBG getmany L64 nw=16 wall=0.580s thr(out)1 thr(in)16 conc_peak=16 pread=7.787s
DBG getmany L65 nw=16 wall=0.591s thr(out)1 thr(in)16 conc_peak=16 pread=7.131s
DBG getmany L66 nw=16 wall=0.431s thr(out)1 thr(in)16 conc_peak=16 pread=5.336s
DBG getmany L67 nw=16 wall=0.605s thr(out)1 thr(in)16 conc_peak=16 pread=7.195s
DBG getmany L68 nw=16 wall=0.542s thr(out)1 thr(in)16 conc_peak=16 pread=7.050s
DBG getmany L69 nw=16 wall=0.546s thr(out)1 thr(in)16 conc_peak=16 pread=7.767s
DBG getmany L70 nw=16 wall=0.427s thr(out)1 thr(in)16 conc_peak=16 pread=5.447s
DBG getmany L71 nw=16 wall=0.614s thr(out)1 thr(in)16 conc_peak=16 pread=7.825s
DBG getmany L72 nw=16 wall=0.582s thr(out)1 thr(in)16 conc_peak=16 pread=7.251s
DBG getmany L73 nw=16 wall=0.585s thr(out)1 thr(in)16 conc_peak=16 pread=7.204s
DBG getmany L74 nw=16 wall=0.435s thr(out)1 thr(in)16 conc_peak=16 pread=5.333s
DBG getmany L75 nw=16 wall=0.596s thr(out)1 thr(in)16 conc_peak=16 pread=7.564s
DBG getmany L76 nw=16 wall=0.521s thr(out)1 thr(in)16 conc_peak=16 pread=7.097s
DBG getmany L77 nw=16 wall=0.593s thr(out)1 thr(in)16 conc_peak=16 pread=5.940s
DBG getmany L78 nw=16 wall=0.422s thr(out)1 thr(in)16 conc_peak=16 pread=4.959s
DBG getmany L79 nw=16 wall=0.573s thr(out)1 thr(in)16 conc_peak=16 pread=6.774s
DBG getmany L80 nw=16 wall=0.553s thr(out)1 thr(in)16 conc_peak=16 pread=7.361s
DBG getmany L81 nw=16 wall=0.571s thr(out)1 thr(in)16 conc_peak=16 pread=5.221s
DBG getmany L82 nw=16 wall=0.398s thr(out)1 thr(in)16 conc_peak=16 pread=4.916s
DBG getmany L83 nw=16 wall=0.555s thr(out)1 thr(in)16 conc_peak=16 pread=7.761s
DBG getmany L84 nw=16 wall=0.557s thr(out)1 thr(in)16 conc_peak=16 pread=7.093s
DBG getmany L85 nw=16 wall=0.558s thr(out)1 thr(in)16 conc_peak=16 pread=7.926s
DBG getmany L86 nw=16 wall=0.364s thr(out)1 thr(in)16 conc_peak=16 pread=4.496s
DBG getmany L87 nw=16 wall=0.547s thr(out)1 thr(in)16 conc_peak=16 pread=6.326s
DBG getmany L88 nw=16 wall=0.560s thr(out)1 thr(in)16 conc_peak=16 pread=6.578s
DBG getmany L89 nw=16 wall=0.576s thr(out)1 thr(in)16 conc_peak=16 pread=8.412s
DBG getmany L90 nw=16 wall=0.398s thr(out)1 thr(in)16 conc_peak=16 pread=5.389s
DBG getmany L91 nw=16 wall=0.418s thr(out)1 thr(in)16 conc_peak=16 pread=6.053s
DBG getmany L92 nw=16 wall=0.189s thr(out)1 thr(in)16 conc_peak=16 pread=2.069s
config: /model/config.json (nested shape) | hidden=7168 layers=93 vocab=163840 | 24 MLA + 69 KDA | experts 896 top16 shared2 | latent=3584
  KV cache : 23.70 MB for 10 positions (2.37 MB/position)
Kimi K3, pure C, released checkpoint
  model    : /model
  prompt   : 1 tokens, generating 8

indexed 497220 tensors from 96 shards in 4.02 s
trunk on disk : 110.00 GB total (STREAMED from /mnt/nvme/trunk_layers_out, not held in RAM)

memory plan
  trunk (STREAMED) 6.00 GB
  embed + lm_head  4.70 GB
  expert cache     40.00 GB
  recurrent state  626.25 MB
  buffers          8.02 MB
  KV cache         23.65 MB
  TOTAL            51.36 GB
  available        57.81 GB

k3_trunk: trunk.bin absent - using per-layer slices (layer_%03d.bin)
trunk stream: 56.60 GB packed, 1/93 layers PINNED (3.00 GB), ring 2 x 1.30 GB
              reads use buffered I/O
              ring holds 2 slots: layers repeat over ~2 tokens, so recent ones are reused instead of re-read
trunk streaming enabled from /mnt/nvme/trunk_layers_out in 0.0 s
embedding, final norm and lm_head: 4.70 GB in 9.1 s

expert L1 eviction policy: heat
expert L2 cache enabled: 14589 slots x 17.55 MB = 256.00 GB on /mnt/nvme/experts.l2
expert L2 eviction policy: heat
peak RSS after loading weights: 4.78 GB  (the plan above is a forecast, this is measured)
expert cache: 2278 slots x 17.56 MB = 39.99 GB (2.76% of the 1.45 TB expert pool)

recurrent state for 93 layers: 626.25 MB

incremental decode: KV cache 23.65 MB for 24 MLA layers at 10 positions

STEP   TOKEN      SECONDS      CACHE HIT  READ GB    TOK/S
--------------------------------------------------------------------
0      220        64.81        100.0      25.83      0.015
  L2   resident=6779/14589 slots hit=100.0% read=25.83GB write=0.00GB
DBG getmany L1 nw=16 wall=0.500s thr(out)1 thr(in)16 conc_peak=16 pread=6.457s
DBG getmany L2 nw=15 wall=0.371s thr(out)1 thr(in)16 conc_peak=15 pread=4.509s
DBG getmany L3 nw=11 wall=0.447s thr(out)1 thr(in)16 conc_peak=11 pread=3.586s
DBG getmany L4 nw=15 wall=0.468s thr(out)1 thr(in)16 conc_peak=15 pread=4.854s
DBG getmany L5 nw=15 wall=0.476s thr(out)1 thr(in)16 conc_peak=15 pread=5.945s
DBG getmany L6 nw=14 wall=0.353s thr(out)1 thr(in)16 conc_peak=14 pread=4.149s
DBG getmany L7 nw=14 wall=0.479s thr(out)1 thr(in)16 conc_peak=11 pread=5.819s
DBG getmany L8 nw=16 wall=0.506s thr(out)1 thr(in)16 conc_peak=16 pread=6.892s
DBG getmany L9 nw=13 wall=0.514s thr(out)1 thr(in)16 conc_peak=13 pread=5.538s
DBG getmany L10 nw=14 wall=0.588s thr(out)1 thr(in)16 conc_peak=14 pread=5.919s
DBG getmany L11 nw=15 wall=0.791s thr(out)1 thr(in)16 conc_peak=15 pread=9.076s
DBG getmany L12 nw=13 wall=0.730s thr(out)1 thr(in)16 conc_peak=13 pread=8.454s
DBG getmany L13 nw=14 wall=0.719s thr(out)1 thr(in)16 conc_peak=14 pread=8.909s
DBG getmany L14 nw=15 wall=0.564s thr(out)1 thr(in)16 conc_peak=15 pread=6.920s
DBG getmany L15 nw=15 wall=0.766s thr(out)1 thr(in)16 conc_peak=15 pread=9.210s
DBG getmany L16 nw=15 wall=0.679s thr(out)1 thr(in)16 conc_peak=15 pread=8.425s
DBG getmany L17 nw=16 wall=0.748s thr(out)1 thr(in)16 conc_peak=16 pread=9.655s
DBG getmany L18 nw=15 wall=0.603s thr(out)1 thr(in)16 conc_peak=15 pread=7.389s
DBG getmany L19 nw=14 wall=0.689s thr(out)1 thr(in)16 conc_peak=14 pread=7.865s
DBG getmany L20 nw=15 wall=0.696s thr(out)1 thr(in)16 conc_peak=14 pread=9.501s
DBG getmany L21 nw=14 wall=0.757s thr(out)1 thr(in)16 conc_peak=14 pread=9.294s
DBG getmany L22 nw=15 wall=0.591s thr(out)1 thr(in)16 conc_peak=15 pread=8.042s
DBG getmany L23 nw=12 wall=0.689s thr(out)1 thr(in)16 conc_peak=12 pread=6.465s
DBG getmany L24 nw=11 wall=0.769s thr(out)1 thr(in)16 conc_peak=11 pread=6.358s
DBG getmany L25 nw=14 wall=0.750s thr(out)1 thr(in)16 conc_peak=14 pread=6.137s
DBG getmany L26 nw=11 wall=0.512s thr(out)1 thr(in)16 conc_peak=11 pread=4.248s
DBG getmany L27 nw=13 wall=0.695s thr(out)1 thr(in)16 conc_peak=13 pread=6.832s
DBG getmany L28 nw=15 wall=0.715s thr(out)1 thr(in)16 conc_peak=15 pread=9.718s
DBG getmany L29 nw=14 wall=0.755s thr(out)1 thr(in)16 conc_peak=14 pread=8.759s
DBG getmany L30 nw=14 wall=0.579s thr(out)1 thr(in)16 conc_peak=14 pread=7.231s
DBG getmany L31 nw=16 wall=0.789s thr(out)1 thr(in)16 conc_peak=16 pread=10.451s
DBG getmany L32 nw=14 wall=0.764s thr(out)1 thr(in)16 conc_peak=14 pread=9.693s
DBG getmany L33 nw=14 wall=0.803s thr(out)1 thr(in)16 conc_peak=13 pread=8.578s
DBG getmany L34 nw=16 wall=0.595s thr(out)1 thr(in)16 conc_peak=16 pread=8.057s
DBG getmany L35 nw=16 wall=2.912s thr(out)1 thr(in)16 conc_peak=16 pread=13.978s
DBG getmany L36 nw=11 wall=4.995s thr(out)1 thr(in)16 conc_peak=9 pread=52.126s
DBG getmany L37 nw=13 wall=7.529s thr(out)1 thr(in)16 conc_peak=13 pread=95.152s
DBG getmany L38 nw=14 wall=7.278s thr(out)1 thr(in)16 conc_peak=14 pread=97.574s
DBG getmany L39 nw=15 wall=10.487s thr(out)1 thr(in)16 conc_peak=15 pread=151.705s
DBG getmany L40 nw=13 wall=7.343s thr(out)1 thr(in)16 conc_peak=13 pread=91.995s
DBG getmany L41 nw=13 wall=5.438s thr(out)1 thr(in)16 conc_peak=13 pread=67.036s
DBG getmany L42 nw=8 wall=4.748s thr(out)1 thr(in)16 conc_peak=8 pread=35.621s
DBG getmany L43 nw=13 wall=9.348s thr(out)1 thr(in)16 conc_peak=13 pread=95.398s
DBG getmany L44 nw=13 wall=7.189s thr(out)1 thr(in)16 conc_peak=13 pread=89.757s
DBG getmany L45 nw=10 wall=4.517s thr(out)1 thr(in)16 conc_peak=10 pread=42.049s
DBG getmany L46 nw=8 wall=14.083s thr(out)1 thr(in)16 conc_peak=8 pread=112.340s
DBG getmany L47 nw=11 wall=0.797s thr(out)1 thr(in)16 conc_peak=11 pread=7.065s
DBG getmany L48 nw=13 wall=0.718s thr(out)1 thr(in)16 conc_peak=13 pread=8.519s
DBG getmany L49 nw=9 wall=0.472s thr(out)1 thr(in)16 conc_peak=9 pread=3.639s
DBG getmany L50 nw=12 wall=0.311s thr(out)1 thr(in)16 conc_peak=12 pread=3.361s
DBG getmany L51 nw=12 wall=0.521s thr(out)1 thr(in)16 conc_peak=12 pread=5.081s
DBG getmany L52 nw=15 wall=0.687s thr(out)1 thr(in)16 conc_peak=15 pread=6.011s
DBG getmany L53 nw=10 wall=0.502s thr(out)1 thr(in)16 conc_peak=10 pread=3.696s
DBG getmany L54 nw=12 wall=0.400s thr(out)1 thr(in)16 conc_peak=12 pread=3.725s
DBG getmany L55 nw=14 wall=0.540s thr(out)1 thr(in)16 conc_peak=14 pread=5.656s
DBG getmany L56 nw=16 wall=0.497s thr(out)1 thr(in)16 conc_peak=16 pread=6.067s
DBG getmany L57 nw=16 wall=0.545s thr(out)1 thr(in)16 conc_peak=16 pread=5.367s
DBG getmany L58 nw=14 wall=0.487s thr(out)1 thr(in)16 conc_peak=14 pread=5.623s
DBG getmany L59 nw=15 wall=0.503s thr(out)1 thr(in)16 conc_peak=15 pread=6.065s
DBG getmany L60 nw=16 wall=0.675s thr(out)1 thr(in)16 conc_peak=16 pread=7.490s
DBG getmany L61 nw=16 wall=0.528s thr(out)1 thr(in)16 conc_peak=16 pread=7.160s
DBG getmany L62 nw=15 wall=0.403s thr(out)1 thr(in)16 conc_peak=15 pread=5.361s
DBG getmany L63 nw=15 wall=0.580s thr(out)1 thr(in)16 conc_peak=15 pread=7.547s
DBG getmany L64 nw=16 wall=0.561s thr(out)1 thr(in)16 conc_peak=16 pread=8.153s
DBG getmany L65 nw=15 wall=0.727s thr(out)1 thr(in)16 conc_peak=15 pread=8.547s
DBG getmany L66 nw=15 wall=0.413s thr(out)1 thr(in)16 conc_peak=15 pread=5.662s
DBG getmany L67 nw=16 wall=0.543s thr(out)1 thr(in)16 conc_peak=16 pread=7.158s
DBG getmany L68 nw=14 wall=0.497s thr(out)1 thr(in)16 conc_peak=14 pread=5.821s
DBG getmany L69 nw=16 wall=0.528s thr(out)1 thr(in)16 conc_peak=16 pread=7.345s
DBG getmany L70 nw=16 wall=0.409s thr(out)1 thr(in)16 conc_peak=16 pread=4.561s
DBG getmany L71 nw=16 wall=0.554s thr(out)1 thr(in)16 conc_peak=16 pread=7.783s
DBG getmany L72 nw=16 wall=0.571s thr(out)1 thr(in)16 conc_peak=16 pread=8.149s
DBG getmany L73 nw=15 wall=0.563s thr(out)1 thr(in)16 conc_peak=15 pread=5.490s
DBG getmany L74 nw=13 wall=0.400s thr(out)1 thr(in)16 conc_peak=13 pread=3.901s
DBG getmany L75 nw=11 wall=0.551s thr(out)1 thr(in)16 conc_peak=11 pread=5.459s
DBG getmany L76 nw=14 wall=0.517s thr(out)1 thr(in)16 conc_peak=14 pread=6.291s
DBG getmany L77 nw=16 wall=0.591s thr(out)1 thr(in)16 conc_peak=15 pread=8.812s
DBG getmany L78 nw=15 wall=0.427s thr(out)1 thr(in)16 conc_peak=15 pread=5.314s
DBG getmany L79 nw=15 wall=0.522s thr(out)1 thr(in)16 conc_peak=15 pread=7.189s
DBG getmany L80 nw=14 wall=0.534s thr(out)1 thr(in)16 conc_peak=14 pread=6.378s
DBG getmany L81 nw=14 wall=0.423s thr(out)1 thr(in)16 conc_peak=14 pread=4.831s
DBG getmany L82 nw=14 wall=0.384s thr(out)1 thr(in)16 conc_peak=14 pread=4.826s
DBG getmany L83 nw=5 wall=0.464s thr(out)1 thr(in)16 conc_peak=5 pread=1.980s
DBG getmany L84 nw=11 wall=0.496s thr(out)1 thr(in)16 conc_peak=11 pread=4.798s
DBG getmany L85 nw=11 wall=0.824s thr(out)1 thr(in)16 conc_peak=11 pread=7.491s
DBG getmany L86 nw=11 wall=0.484s thr(out)1 thr(in)16 conc_peak=11 pread=4.388s
DBG getmany L87 nw=10 wall=0.783s thr(out)1 thr(in)16 conc_peak=10 pread=7.041s
DBG getmany L88 nw=8 wall=0.480s thr(out)1 thr(in)16 conc_peak=8 pread=3.264s
DBG getmany L89 nw=8 wall=0.480s thr(out)1 thr(in)16 conc_peak=8 pread=3.580s
DBG getmany L90 nw=9 wall=0.876s thr(out)1 thr(in)16 conc_peak=9 pread=6.328s
DBG getmany L91 nw=11 wall=0.438s thr(out)1 thr(in)16 conc_peak=8 pread=4.047s
DBG getmany L92 nw=9 wall=0.302s thr(out)1 thr(in)16 conc_peak=9 pread=1.954s
1      802        150.24       100.0      21.67      0.007
  L2   resident=6779/14589 slots hit=100.0% read=47.50GB write=0.00GB
DBG getmany L1 nw=12 wall=0.455s thr(out)1 thr(in)16 conc_peak=12 pread=4.991s
DBG getmany L2 nw=11 wall=0.365s thr(out)1 thr(in)16 conc_peak=11 pread=3.235s
DBG getmany L3 nw=11 wall=0.449s thr(out)1 thr(in)16 conc_peak=11 pread=4.584s
DBG getmany L4 nw=12 wall=0.424s thr(out)1 thr(in)16 conc_peak=12 pread=3.898s
DBG getmany L5 nw=10 wall=0.343s thr(out)1 thr(in)16 conc_peak=10 pread=2.639s
DBG getmany L6 nw=14 wall=0.345s thr(out)1 thr(in)16 conc_peak=14 pread=4.346s
DBG getmany L7 nw=12 wall=0.451s thr(out)1 thr(in)16 conc_peak=12 pread=4.059s
DBG getmany L8 nw=12 wall=0.455s thr(out)1 thr(in)16 conc_peak=12 pread=5.034s
DBG getmany L9 nw=11 wall=0.459s thr(out)1 thr(in)16 conc_peak=11 pread=4.881s
DBG getmany L10 nw=8 wall=0.308s thr(out)1 thr(in)16 conc_peak=8 pread=2.091s
DBG getmany L11 nw=11 wall=0.471s thr(out)1 thr(in)16 conc_peak=11 pread=4.562s
DBG getmany L12 nw=12 wall=0.456s thr(out)1 thr(in)16 conc_peak=11 pread=4.779s
DBG getmany L13 nw=11 wall=0.427s thr(out)1 thr(in)16 conc_peak=11 pread=4.250s
DBG getmany L14 nw=9 wall=0.294s thr(out)1 thr(in)16 conc_peak=9 pread=2.285s
DBG getmany L15 nw=11 wall=0.397s thr(out)1 thr(in)16 conc_peak=11 pread=3.974s
DBG getmany L16 nw=11 wall=0.408s thr(out)1 thr(in)16 conc_peak=11 pread=3.813s
DBG getmany L17 nw=12 wall=0.447s thr(out)1 thr(in)16 conc_peak=12 pread=5.048s
DBG getmany L18 nw=12 wall=0.339s thr(out)1 thr(in)16 conc_peak=12 pread=3.720s
DBG getmany L19 nw=11 wall=0.434s thr(out)1 thr(in)16 conc_peak=11 pread=4.558s
DBG getmany L20 nw=11 wall=0.397s thr(out)1 thr(in)16 conc_peak=10 pread=3.619s
DBG getmany L21 nw=13 wall=0.466s thr(out)1 thr(in)16 conc_peak=13 pread=5.017s
DBG getmany L22 nw=14 wall=0.410s thr(out)1 thr(in)16 conc_peak=14 pread=4.558s
DBG getmany L23 nw=12 wall=0.814s thr(out)1 thr(in)16 conc_peak=12 pread=7.926s
DBG getmany L24 nw=11 wall=0.471s thr(out)1 thr(in)16 conc_peak=11 pread=4.448s
DBG getmany L25 nw=14 wall=0.516s thr(out)1 thr(in)16 conc_peak=14 pread=6.078s
DBG getmany L26 nw=12 wall=0.374s thr(out)1 thr(in)16 conc_peak=12 pread=4.042s
DBG getmany L27 nw=14 wall=0.448s thr(out)1 thr(in)16 conc_peak=14 pread=4.967s
DBG getmany L28 nw=12 wall=0.422s thr(out)1 thr(in)16 conc_peak=12 pread=4.461s
DBG getmany L29 nw=12 wall=0.482s thr(out)1 thr(in)16 conc_peak=12 pread=5.163s
DBG getmany L30 nw=15 wall=1.551s thr(out)1 thr(in)16 conc_peak=15 pread=18.155s
DBG getmany L31 nw=12 wall=1.126s thr(out)1 thr(in)16 conc_peak=12 pread=10.360s
DBG getmany L32 nw=11 wall=1.202s thr(out)1 thr(in)16 conc_peak=11 pread=8.171s
DBG getmany L33 nw=11 wall=0.925s thr(out)1 thr(in)16 conc_peak=10 pread=7.843s
DBG getmany L34 nw=13 wall=0.377s thr(out)1 thr(in)16 conc_peak=13 pread=4.290s
DBG getmany L35 nw=13 wall=0.481s thr(out)1 thr(in)16 conc_peak=13 pread=5.139s
DBG getmany L36 nw=11 wall=0.491s thr(out)1 thr(in)16 conc_peak=11 pread=4.234s
DBG getmany L37 nw=13 wall=0.484s thr(out)1 thr(in)16 conc_peak=13 pread=5.649s
DBG getmany L38 nw=13 wall=0.432s thr(out)1 thr(in)16 conc_peak=13 pread=4.407s
DBG getmany L39 nw=14 wall=0.501s thr(out)1 thr(in)16 conc_peak=14 pread=6.515s
DBG getmany L40 nw=14 wall=0.514s thr(out)1 thr(in)16 conc_peak=14 pread=6.537s
DBG getmany L41 nw=14 wall=0.504s thr(out)1 thr(in)16 conc_peak=14 pread=5.711s
DBG getmany L42 nw=14 wall=0.388s thr(out)1 thr(in)16 conc_peak=14 pread=5.015s
DBG getmany L43 nw=15 wall=1.430s thr(out)1 thr(in)16 conc_peak=15 pread=17.081s
DBG getmany L44 nw=14 wall=0.709s thr(out)1 thr(in)16 conc_peak=14 pread=8.182s
DBG getmany L45 nw=15 wall=0.547s thr(out)1 thr(in)16 conc_peak=15 pread=7.230s
DBG getmany L46 nw=13 wall=0.389s thr(out)1 thr(in)16 conc_peak=13 pread=4.472s
DBG getmany L47 nw=15 wall=0.560s thr(out)1 thr(in)16 conc_peak=15 pread=7.310s
DBG getmany L48 nw=14 wall=0.543s thr(out)1 thr(in)16 conc_peak=14 pread=6.890s
DBG getmany L49 nw=15 wall=0.549s thr(out)1 thr(in)16 conc_peak=15 pread=7.735s
DBG getmany L50 nw=15 wall=0.816s thr(out)1 thr(in)16 conc_peak=14 pread=10.449s
DBG getmany L51 nw=13 wall=0.766s thr(out)1 thr(in)16 conc_peak=13 pread=7.044s
DBG getmany L52 nw=12 wall=0.457s thr(out)1 thr(in)16 conc_peak=12 pread=4.357s
DBG getmany L53 nw=14 wall=0.539s thr(out)1 thr(in)16 conc_peak=14 pread=6.121s
DBG getmany L54 nw=14 wall=0.400s thr(out)1 thr(in)16 conc_peak=14 pread=4.766s
DBG getmany L55 nw=13 wall=0.515s thr(out)1 thr(in)16 conc_peak=13 pread=5.590s
DBG getmany L56 nw=9 wall=0.442s thr(out)1 thr(in)16 conc_peak=9 pread=3.226s
DBG getmany L57 nw=14 wall=0.490s thr(out)1 thr(in)16 conc_peak=14 pread=5.393s
DBG getmany L58 nw=11 wall=0.352s thr(out)1 thr(in)16 conc_peak=11 pread=3.464s
DBG getmany L59 nw=10 wall=0.505s thr(out)1 thr(in)16 conc_peak=10 pread=4.338s
DBG getmany L60 nw=13 wall=0.532s thr(out)1 thr(in)16 conc_peak=13 pread=5.994s
DBG getmany L61 nw=15 wall=0.609s thr(out)1 thr(in)16 conc_peak=15 pread=5.716s
DBG getmany L62 nw=11 wall=0.963s thr(out)1 thr(in)16 conc_peak=10 pread=7.830s
DBG getmany L63 nw=12 wall=1.524s thr(out)1 thr(in)16 conc_peak=11 pread=13.792s
DBG getmany L64 nw=13 wall=0.744s thr(out)1 thr(in)16 conc_peak=13 pread=7.200s
DBG getmany L65 nw=10 wall=0.662s thr(out)1 thr(in)16 conc_peak=10 pread=6.068s
DBG getmany L66 nw=13 wall=0.556s thr(out)1 thr(in)16 conc_peak=13 pread=6.761s
DBG getmany L67 nw=13 wall=0.738s thr(out)1 thr(in)16 conc_peak=13 pread=9.005s
DBG getmany L68 nw=11 wall=0.791s thr(out)1 thr(in)16 conc_peak=11 pread=7.776s
DBG getmany L69 nw=11 wall=0.720s thr(out)1 thr(in)16 conc_peak=11 pread=6.403s
DBG getmany L70 nw=11 wall=0.501s thr(out)1 thr(in)16 conc_peak=11 pread=4.845s
DBG getmany L71 nw=10 wall=0.745s thr(out)1 thr(in)16 conc_peak=10 pread=5.402s
DBG getmany L72 nw=15 wall=0.771s thr(out)1 thr(in)16 conc_peak=15 pread=9.839s
DBG getmany L73 nw=16 wall=0.782s thr(out)1 thr(in)16 conc_peak=16 pread=11.750s
DBG getmany L74 nw=16 wall=1.079s thr(out)1 thr(in)16 conc_peak=16 pread=13.177s
DBG getmany L75 nw=16 wall=0.769s thr(out)1 thr(in)16 conc_peak=16 pread=11.643s
DBG getmany L76 nw=16 wall=0.713s thr(out)1 thr(in)16 conc_peak=16 pread=9.894s
DBG getmany L77 nw=13 wall=0.710s thr(out)1 thr(in)16 conc_peak=13 pread=7.903s
DBG getmany L78 nw=15 wall=0.575s thr(out)1 thr(in)16 conc_peak=15 pread=7.316s
DBG getmany L79 nw=14 wall=0.719s thr(out)1 thr(in)16 conc_peak=10 pread=9.567s
DBG getmany L80 nw=16 wall=0.750s thr(out)1 thr(in)16 conc_peak=16 pread=11.215s
DBG getmany L81 nw=13 wall=0.749s thr(out)1 thr(in)16 conc_peak=13 pread=7.870s
DBG getmany L82 nw=14 wall=0.550s thr(out)1 thr(in)16 conc_peak=14 pread=6.509s
DBG getmany L83 nw=12 wall=0.722s thr(out)1 thr(in)16 conc_peak=11 pread=7.308s
DBG getmany L84 nw=10 wall=0.666s thr(out)1 thr(in)16 conc_peak=10 pread=6.171s
DBG getmany L85 nw=9 wall=0.594s thr(out)1 thr(in)16 conc_peak=9 pread=4.394s
DBG getmany L86 nw=12 wall=0.506s thr(out)1 thr(in)16 conc_peak=12 pread=5.408s
DBG getmany L87 nw=11 wall=0.594s thr(out)1 thr(in)16 conc_peak=11 pread=5.630s
DBG getmany L88 nw=12 wall=0.714s thr(out)1 thr(in)16 conc_peak=12 pread=6.017s
DBG getmany L89 nw=12 wall=0.750s thr(out)1 thr(in)16 conc_peak=12 pread=7.097s
DBG getmany L90 nw=12 wall=0.814s thr(out)1 thr(in)16 conc_peak=12 pread=7.449s
DBG getmany L91 nw=12 wall=1.676s thr(out)1 thr(in)16 conc_peak=12 pread=14.543s
DBG getmany L92 nw=12 wall=0.741s thr(out)1 thr(in)16 conc_peak=12 pread=5.543s
2      24         77.99        100.0      20.23      0.013
  L2   resident=6779/14589 slots hit=100.0% read=67.73GB write=0.00GB
DBG getmany L1 nw=11 wall=0.642s thr(out)1 thr(in)16 conc_peak=11 pread=5.926s
DBG getmany L2 nw=9 wall=0.469s thr(out)1 thr(in)16 conc_peak=9 pread=3.886s
DBG getmany L3 nw=7 wall=0.635s thr(out)1 thr(in)16 conc_peak=6 pread=3.558s
DBG getmany L4 nw=7 wall=0.814s thr(out)1 thr(in)16 conc_peak=7 pread=4.420s
DBG getmany L5 nw=10 wall=0.769s thr(out)1 thr(in)16 conc_peak=9 pread=6.265s
DBG getmany L6 nw=15 wall=0.757s thr(out)1 thr(in)16 conc_peak=15 pread=8.366s
DBG getmany L7 nw=13 wall=0.719s thr(out)1 thr(in)16 conc_peak=13 pread=8.495s
DBG getmany L8 nw=11 wall=0.724s thr(out)1 thr(in)16 conc_peak=11 pread=7.518s
DBG getmany L9 nw=5 wall=0.455s thr(out)1 thr(in)16 conc_peak=5 pread=1.721s
DBG getmany L10 nw=5 wall=0.455s thr(out)1 thr(in)16 conc_peak=5 pread=2.022s
DBG getmany L11 nw=7 wall=0.646s thr(out)1 thr(in)16 conc_peak=7 pread=3.524s
DBG getmany L12 nw=10 wall=0.670s thr(out)1 thr(in)16 conc_peak=10 pread=5.600s
DBG getmany L13 nw=11 wall=0.650s thr(out)1 thr(in)16 conc_peak=11 pread=5.915s
DBG getmany L14 nw=9 wall=0.439s thr(out)1 thr(in)16 conc_peak=8 pread=3.413s
DBG getmany L15 nw=9 wall=0.662s thr(out)1 thr(in)16 conc_peak=7 pread=5.126s
DBG getmany L16 nw=7 wall=0.554s thr(out)1 thr(in)16 conc_peak=7 pread=2.407s
DBG getmany L17 nw=7 wall=0.605s thr(out)1 thr(in)16 conc_peak=7 pread=3.131s
DBG getmany L18 nw=5 wall=0.464s thr(out)1 thr(in)16 conc_peak=5 pread=2.091s
DBG getmany L19 nw=6 wall=0.474s thr(out)1 thr(in)16 conc_peak=6 pread=2.150s
DBG getmany L20 nw=6 wall=0.554s thr(out)1 thr(in)16 conc_peak=6 pread=2.872s
DBG getmany L21 nw=11 wall=0.692s thr(out)1 thr(in)16 conc_peak=11 pread=5.849s
DBG getmany L22 nw=7 wall=0.463s thr(out)1 thr(in)16 conc_peak=7 pread=2.848s
DBG getmany L23 nw=6 wall=0.582s thr(out)1 thr(in)16 conc_peak=6 pread=2.799s
DBG getmany L24 nw=11 wall=0.756s thr(out)1 thr(in)16 conc_peak=11 pread=7.342s
DBG getmany L25 nw=12 wall=0.705s thr(out)1 thr(in)16 conc_peak=12 pread=7.575s
DBG getmany L26 nw=9 wall=0.465s thr(out)1 thr(in)16 conc_peak=9 pread=3.655s
DBG getmany L27 nw=14 wall=0.702s thr(out)1 thr(in)16 conc_peak=14 pread=8.563s
DBG getmany L28 nw=15 wall=0.711s thr(out)1 thr(in)16 conc_peak=15 pread=9.519s
DBG getmany L29 nw=10 wall=0.694s thr(out)1 thr(in)16 conc_peak=9 pread=5.600s
DBG getmany L30 nw=10 wall=0.508s thr(out)1 thr(in)16 conc_peak=10 pread=4.415s
DBG getmany L31 nw=14 wall=0.729s thr(out)1 thr(in)16 conc_peak=11 pread=7.944s
DBG getmany L32 nw=9 wall=0.670s thr(out)1 thr(in)16 conc_peak=9 pread=5.718s
DBG getmany L33 nw=9 wall=0.718s thr(out)1 thr(in)16 conc_peak=9 pread=5.535s
DBG getmany L34 nw=13 wall=0.557s thr(out)1 thr(in)16 conc_peak=13 pread=6.627s
DBG getmany L35 nw=9 wall=0.687s thr(out)1 thr(in)16 conc_peak=8 pread=5.103s
DBG getmany L36 nw=11 wall=0.705s thr(out)1 thr(in)16 conc_peak=11 pread=6.597s
DBG getmany L37 nw=11 wall=0.700s thr(out)1 thr(in)16 conc_peak=11 pread=5.198s
DBG getmany L38 nw=8 wall=0.441s thr(out)1 thr(in)16 conc_peak=8 pread=2.847s
DBG getmany L39 nw=8 wall=0.653s thr(out)1 thr(in)16 conc_peak=8 pread=3.333s
DBG getmany L40 nw=9 wall=0.679s thr(out)1 thr(in)16 conc_peak=9 pread=4.990s
DBG getmany L41 nw=7 wall=0.543s thr(out)1 thr(in)16 conc_peak=7 pread=2.482s
DBG getmany L42 nw=4 wall=0.421s thr(out)1 thr(in)16 conc_peak=4 pread=1.201s
DBG getmany L43 nw=10 wall=0.717s thr(out)1 thr(in)16 conc_peak=10 pread=6.717s
DBG getmany L44 nw=10 wall=0.690s thr(out)1 thr(in)16 conc_peak=10 pread=4.946s
DBG getmany L45 nw=6 wall=0.646s thr(out)1 thr(in)16 conc_peak=6 pread=2.454s
DBG getmany L46 nw=7 wall=0.425s thr(out)1 thr(in)16 conc_peak=7 pread=2.757s
DBG getmany L47 nw=8 wall=0.605s thr(out)1 thr(in)16 conc_peak=8 pread=3.921s
DBG getmany L48 nw=10 wall=0.643s thr(out)1 thr(in)16 conc_peak=8 pread=5.674s
DBG getmany L49 nw=11 wall=0.715s thr(out)1 thr(in)16 conc_peak=9 pread=5.945s
DBG getmany L50 nw=11 wall=0.507s thr(out)1 thr(in)16 conc_peak=8 pread=4.870s
DBG getmany L51 nw=7 wall=0.606s thr(out)1 thr(in)16 conc_peak=7 pread=3.208s
DBG getmany L52 nw=9 wall=0.638s thr(out)1 thr(in)16 conc_peak=9 pread=4.016s
DBG getmany L53 nw=8 wall=0.649s thr(out)1 thr(in)16 conc_peak=8 pread=4.479s
DBG getmany L54 nw=9 wall=0.482s thr(out)1 thr(in)16 conc_peak=9 pread=3.741s
DBG getmany L55 nw=7 wall=0.639s thr(out)1 thr(in)16 conc_peak=7 pread=3.572s
DBG getmany L56 nw=12 wall=0.722s thr(out)1 thr(in)16 conc_peak=12 pread=7.521s
DBG getmany L57 nw=10 wall=0.691s thr(out)1 thr(in)16 conc_peak=10 pread=5.613s
DBG getmany L58 nw=6 wall=0.424s thr(out)1 thr(in)16 conc_peak=6 pread=1.892s
DBG getmany L59 nw=8 wall=0.670s thr(out)1 thr(in)16 conc_peak=8 pread=4.991s
DBG getmany L60 nw=7 wall=0.661s thr(out)1 thr(in)16 conc_peak=7 pread=2.588s
DBG getmany L61 nw=10 wall=0.674s thr(out)1 thr(in)16 conc_peak=10 pread=5.761s
DBG getmany L62 nw=7 wall=0.420s thr(out)1 thr(in)16 conc_peak=7 pread=2.327s
DBG getmany L63 nw=6 wall=0.623s thr(out)1 thr(in)16 conc_peak=5 pread=3.084s
DBG getmany L64 nw=6 wall=6.678s thr(out)1 thr(in)16 conc_peak=6 pread=14.940s
DBG getmany L65 nw=5 wall=4.170s thr(out)1 thr(in)16 conc_peak=5 pread=20.487s
DBG getmany L66 nw=8 wall=0.535s thr(out)1 thr(in)16 conc_peak=8 pread=3.555s
DBG getmany L67 nw=7 wall=0.563s thr(out)1 thr(in)16 conc_peak=7 pread=2.725s
DBG getmany L68 nw=9 wall=0.665s thr(out)1 thr(in)16 conc_peak=9 pread=4.353s
DBG getmany L69 nw=8 wall=0.526s thr(out)1 thr(in)16 conc_peak=8 pread=3.313s
DBG getmany L70 nw=7 wall=0.382s thr(out)1 thr(in)16 conc_peak=6 pread=2.292s
DBG getmany L71 nw=9 wall=0.521s thr(out)1 thr(in)16 conc_peak=8 pread=4.378s
DBG getmany L72 nw=8 wall=0.471s thr(out)1 thr(in)16 conc_peak=8 pread=3.516s
DBG getmany L73 nw=7 wall=0.434s thr(out)1 thr(in)16 conc_peak=7 pread=2.563s
DBG getmany L74 nw=5 wall=0.254s thr(out)1 thr(in)16 conc_peak=5 pread=1.096s
DBG getmany L75 nw=6 wall=0.464s thr(out)1 thr(in)16 conc_peak=6 pread=1.736s
DBG getmany L76 nw=7 wall=0.433s thr(out)1 thr(in)16 conc_peak=6 pread=1.950s
DBG getmany L77 nw=5 wall=0.424s thr(out)1 thr(in)16 conc_peak=5 pread=1.983s
DBG getmany L78 nw=5 wall=0.314s thr(out)1 thr(in)16 conc_peak=5 pread=1.395s
DBG getmany L79 nw=4 wall=0.445s thr(out)1 thr(in)16 conc_peak=4 pread=1.730s
DBG getmany L80 nw=6 wall=0.383s thr(out)1 thr(in)16 conc_peak=6 pread=1.817s
DBG getmany L81 nw=9 wall=0.459s thr(out)1 thr(in)16 conc_peak=9 pread=3.476s
DBG getmany L82 nw=9 wall=0.346s thr(out)1 thr(in)16 conc_peak=9 pread=2.470s
DBG getmany L83 nw=7 wall=0.432s thr(out)1 thr(in)16 conc_peak=7 pread=2.523s
DBG getmany L84 nw=2 wall=0.422s thr(out)1 thr(in)16 conc_peak=2 pread=0.834s
DBG getmany L85 nw=6 wall=0.426s thr(out)1 thr(in)16 conc_peak=6 pread=2.216s
DBG getmany L86 nw=5 wall=0.281s thr(out)1 thr(in)16 conc_peak=4 pread=1.226s
DBG getmany L87 nw=6 wall=0.457s thr(out)1 thr(in)16 conc_peak=6 pread=2.055s
DBG getmany L88 nw=2 wall=0.369s thr(out)1 thr(in)16 conc_peak=2 pread=0.528s
DBG getmany L89 nw=4 wall=0.433s thr(out)1 thr(in)16 conc_peak=4 pread=1.688s
DBG getmany L90 nw=4 wall=0.299s thr(out)1 thr(in)16 conc_peak=4 pread=1.012s
DBG getmany L91 nw=4 wall=0.300s thr(out)1 thr(in)16 conc_peak=4 pread=1.021s
DBG getmany L92 nw=8 wall=0.078s thr(out)1 thr(in)16 conc_peak=8 pread=0.360s
3      12         86.04        100.0      13.06      0.012
  L2   resident=6779/14589 slots hit=100.0% read=80.79GB write=0.00GB
DBG getmany L1 nw=13 wall=0.434s thr(out)1 thr(in)16 conc_peak=13 pread=4.385s
DBG getmany L2 nw=9 wall=0.293s thr(out)1 thr(in)16 conc_peak=9 pread=2.239s
DBG getmany L3 nw=10 wall=0.432s thr(out)1 thr(in)16 conc_peak=10 pread=3.466s
DBG getmany L4 nw=7 wall=0.405s thr(out)1 thr(in)16 conc_peak=7 pread=2.471s
DBG getmany L5 nw=9 wall=0.406s thr(out)1 thr(in)16 conc_peak=9 pread=3.498s
DBG getmany L6 nw=14 wall=0.333s thr(out)1 thr(in)16 conc_peak=14 pread=3.712s
DBG getmany L7 nw=14 wall=0.462s thr(out)1 thr(in)16 conc_peak=14 pread=5.934s
DBG getmany L8 nw=11 wall=0.444s thr(out)1 thr(in)16 conc_peak=11 pread=2.485s
DBG getmany L9 nw=10 wall=0.436s thr(out)1 thr(in)16 conc_peak=9 pread=3.826s
DBG getmany L10 nw=8 wall=0.313s thr(out)1 thr(in)16 conc_peak=8 pread=2.192s
DBG getmany L11 nw=6 wall=0.544s thr(out)1 thr(in)16 conc_peak=6 pread=2.615s
DBG getmany L12 nw=11 wall=0.434s thr(out)1 thr(in)16 conc_peak=11 pread=3.678s
DBG getmany L13 nw=9 wall=0.419s thr(out)1 thr(in)16 conc_peak=9 pread=3.125s
DBG getmany L14 nw=13 wall=0.285s thr(out)1 thr(in)16 conc_peak=12 pread=3.346s
DBG getmany L15 nw=10 wall=0.442s thr(out)1 thr(in)16 conc_peak=10 pread=4.187s
DBG getmany L16 nw=10 wall=0.403s thr(out)1 thr(in)16 conc_peak=10 pread=3.649s
DBG getmany L17 nw=10 wall=0.409s thr(out)1 thr(in)16 conc_peak=10 pread=3.431s
DBG getmany L18 nw=11 wall=0.341s thr(out)1 thr(in)16 conc_peak=11 pread=3.036s
DBG getmany L19 nw=10 wall=0.778s thr(out)1 thr(in)16 conc_peak=10 pread=6.199s
DBG getmany L20 nw=10 wall=0.463s thr(out)1 thr(in)16 conc_peak=10 pread=3.395s
DBG getmany L21 nw=11 wall=0.441s thr(out)1 thr(in)16 conc_peak=11 pread=4.008s
DBG getmany L22 nw=10 wall=0.630s thr(out)1 thr(in)16 conc_peak=10 pread=4.044s
DBG getmany L23 nw=9 wall=0.410s thr(out)1 thr(in)16 conc_peak=9 pread=2.874s
DBG getmany L24 nw=9 wall=0.486s thr(out)1 thr(in)16 conc_peak=9 pread=3.931s
DBG getmany L25 nw=11 wall=0.759s thr(out)1 thr(in)16 conc_peak=11 pread=6.600s
DBG getmany L26 nw=12 wall=0.354s thr(out)1 thr(in)16 conc_peak=12 pread=3.573s
DBG getmany L27 nw=12 wall=0.435s thr(out)1 thr(in)16 conc_peak=12 pread=4.576s
DBG getmany L28 nw=12 wall=0.424s thr(out)1 thr(in)16 conc_peak=12 pread=4.026s
DBG getmany L29 nw=12 wall=0.503s thr(out)1 thr(in)16 conc_peak=12 pread=4.652s
DBG getmany L30 nw=9 wall=0.483s thr(out)1 thr(in)16 conc_peak=9 pread=3.511s
DBG getmany L31 nw=9 wall=0.650s thr(out)1 thr(in)16 conc_peak=9 pread=3.967s
DBG getmany L32 nw=11 wall=0.668s thr(out)1 thr(in)16 conc_peak=10 pread=5.458s
DBG getmany L33 nw=10 wall=0.732s thr(out)1 thr(in)16 conc_peak=10 pread=6.135s
DBG getmany L34 nw=10 wall=0.502s thr(out)1 thr(in)16 conc_peak=10 pread=3.824s
DBG getmany L35 nw=10 wall=0.690s thr(out)1 thr(in)16 conc_peak=10 pread=6.129s
DBG getmany L36 nw=11 wall=0.703s thr(out)1 thr(in)16 conc_peak=11 pread=6.353s
DBG getmany L37 nw=11 wall=0.680s thr(out)1 thr(in)16 conc_peak=11 pread=6.779s
DBG getmany L38 nw=8 wall=0.432s thr(out)1 thr(in)16 conc_peak=8 pread=2.428s
DBG getmany L39 nw=9 wall=0.676s thr(out)1 thr(in)16 conc_peak=6 pread=5.551s
DBG getmany L40 nw=11 wall=0.604s thr(out)1 thr(in)16 conc_peak=11 pread=5.303s
DBG getmany L41 nw=8 wall=0.634s thr(out)1 thr(in)16 conc_peak=8 pread=4.457s
DBG getmany L42 nw=7 wall=0.442s thr(out)1 thr(in)16 conc_peak=7 pread=2.504s
DBG getmany L43 nw=6 wall=0.619s thr(out)1 thr(in)16 conc_peak=6 pread=2.202s
DBG getmany L44 nw=10 wall=0.707s thr(out)1 thr(in)16 conc_peak=9 pread=6.153s
DBG getmany L45 nw=7 wall=0.646s thr(out)1 thr(in)16 conc_peak=7 pread=3.732s
DBG getmany L46 nw=9 wall=0.383s thr(out)1 thr(in)16 conc_peak=9 pread=2.669s
DBG getmany L47 nw=9 wall=0.646s thr(out)1 thr(in)16 conc_peak=9 pread=5.491s
DBG getmany L48 nw=9 wall=1.869s thr(out)1 thr(in)16 conc_peak=9 pread=9.363s
DBG getmany L49 nw=11 wall=0.674s thr(out)1 thr(in)16 conc_peak=11 pread=6.612s
DBG getmany L50 nw=7 wall=0.460s thr(out)1 thr(in)16 conc_peak=7 pread=2.864s
DBG getmany L51 nw=9 wall=0.543s thr(out)1 thr(in)16 conc_peak=9 pread=4.022s
DBG getmany L52 nw=10 wall=0.663s thr(out)1 thr(in)16 conc_peak=9 pread=5.364s
DBG getmany L53 nw=9 wall=0.671s thr(out)1 thr(in)16 conc_peak=9 pread=4.978s
DBG getmany L54 nw=8 wall=0.427s thr(out)1 thr(in)16 conc_peak=8 pread=3.029s
DBG getmany L55 nw=6 wall=0.634s thr(out)1 thr(in)16 conc_peak=6 pread=3.425s
DBG getmany L56 nw=8 wall=0.663s thr(out)1 thr(in)16 conc_peak=7 pread=4.187s
DBG getmany L57 nw=9 wall=0.675s thr(out)1 thr(in)16 conc_peak=9 pread=4.619s
DBG getmany L58 nw=9 wall=0.505s thr(out)1 thr(in)16 conc_peak=9 pread=4.036s
DBG getmany L59 nw=7 wall=0.651s thr(out)1 thr(in)16 conc_peak=7 pread=4.270s
DBG getmany L60 nw=11 wall=0.719s thr(out)1 thr(in)16 conc_peak=11 pread=6.064s
DBG getmany L61 nw=8 wall=0.596s thr(out)1 thr(in)16 conc_peak=8 pread=3.934s
DBG getmany L62 nw=8 wall=0.465s thr(out)1 thr(in)16 conc_peak=8 pread=2.462s
DBG getmany L63 nw=11 wall=0.669s thr(out)1 thr(in)16 conc_peak=11 pread=6.687s
DBG getmany L64 nw=10 wall=0.695s thr(out)1 thr(in)16 conc_peak=9 pread=4.380s
DBG getmany L65 nw=9 wall=0.665s thr(out)1 thr(in)16 conc_peak=9 pread=4.438s
DBG getmany L66 nw=7 wall=0.472s thr(out)1 thr(in)16 conc_peak=7 pread=2.712s
DBG getmany L67 nw=6 wall=0.599s thr(out)1 thr(in)16 conc_peak=4 pread=2.064s
DBG getmany L68 nw=8 wall=0.660s thr(out)1 thr(in)16 conc_peak=8 pread=4.253s
DBG getmany L69 nw=7 wall=0.640s thr(out)1 thr(in)16 conc_peak=7 pread=4.205s
DBG getmany L70 nw=7 wall=0.307s thr(out)1 thr(in)16 conc_peak=7 pread=1.720s
DBG getmany L71 nw=8 wall=0.588s thr(out)1 thr(in)16 conc_peak=8 pread=3.415s
DBG getmany L72 nw=10 wall=0.700s thr(out)1 thr(in)16 conc_peak=10 pread=5.789s
DBG getmany L73 nw=10 wall=0.703s thr(out)1 thr(in)16 conc_peak=10 pread=5.851s
DBG getmany L74 nw=6 wall=0.445s thr(out)1 thr(in)16 conc_peak=3 pread=1.788s
DBG getmany L75 nw=4 wall=0.418s thr(out)1 thr(in)16 conc_peak=4 pread=1.147s
DBG getmany L76 nw=9 wall=0.622s thr(out)1 thr(in)16 conc_peak=9 pread=3.660s
DBG getmany L77 nw=6 wall=0.540s thr(out)1 thr(in)16 conc_peak=6 pread=2.436s
DBG getmany L78 nw=8 wall=0.473s thr(out)1 thr(in)16 conc_peak=8 pread=3.110s
DBG getmany L79 nw=7 wall=0.625s thr(out)1 thr(in)16 conc_peak=7 pread=3.867s
DBG getmany L80 nw=8 wall=0.519s thr(out)1 thr(in)16 conc_peak=8 pread=2.833s
DBG getmany L81 nw=10 wall=0.708s thr(out)1 thr(in)16 conc_peak=10 pread=6.696s
DBG getmany L82 nw=8 wall=0.464s thr(out)1 thr(in)16 conc_peak=8 pread=2.976s
DBG getmany L83 nw=10 wall=0.689s thr(out)1 thr(in)16 conc_peak=9 pread=4.451s
DBG getmany L84 nw=10 wall=0.708s thr(out)1 thr(in)16 conc_peak=10 pread=5.452s
DBG getmany L85 nw=10 wall=0.693s thr(out)1 thr(in)16 conc_peak=10 pread=5.335s
DBG getmany L86 nw=11 wall=0.515s thr(out)1 thr(in)16 conc_peak=11 pread=4.321s
DBG getmany L87 nw=7 wall=0.356s thr(out)1 thr(in)16 conc_peak=7 pread=1.923s
DBG getmany L88 nw=9 wall=0.633s thr(out)1 thr(in)16 conc_peak=9 pread=4.076s
DBG getmany L89 nw=5 wall=0.291s thr(out)1 thr(in)16 conc_peak=5 pread=1.287s
DBG getmany L90 nw=7 wall=0.400s thr(out)1 thr(in)16 conc_peak=7 pread=2.295s
DBG getmany L91 nw=9 wall=0.469s thr(out)1 thr(in)16 conc_peak=9 pread=3.605s
DBG getmany L92 nw=14 wall=0.225s thr(out)1 thr(in)16 conc_peak=14 pread=1.970s
4      2975       72.63        100.0      14.88      0.014
  L2   resident=6779/14589 slots hit=100.0% read=95.67GB write=0.00GB
DBG getmany L1 nw=7 wall=0.597s thr(out)1 thr(in)16 conc_peak=7 pread=2.854s
DBG getmany L2 nw=9 wall=0.470s thr(out)1 thr(in)16 conc_peak=9 pread=3.271s
DBG getmany L3 nw=4 wall=0.484s thr(out)1 thr(in)16 conc_peak=4 pread=1.282s
DBG getmany L4 nw=9 wall=1.048s thr(out)1 thr(in)16 conc_peak=9 pread=7.163s
DBG getmany L5 nw=6 wall=0.680s thr(out)1 thr(in)16 conc_peak=6 pread=3.385s
DBG getmany L6 nw=13 wall=0.623s thr(out)1 thr(in)16 conc_peak=13 pread=6.270s
DBG getmany L7 nw=9 wall=0.657s thr(out)1 thr(in)16 conc_peak=9 pread=5.312s
DBG getmany L8 nw=9 wall=0.707s thr(out)1 thr(in)16 conc_peak=9 pread=4.806s
DBG getmany L9 nw=8 wall=0.696s thr(out)1 thr(in)16 conc_peak=8 pread=4.995s
DBG getmany L10 nw=4 wall=0.320s thr(out)1 thr(in)16 conc_peak=4 pread=1.077s
DBG getmany L11 nw=6 wall=0.653s thr(out)1 thr(in)16 conc_peak=6 pread=3.222s
DBG getmany L12 nw=5 wall=0.458s thr(out)1 thr(in)16 conc_peak=5 pread=1.669s
DBG getmany L13 nw=9 wall=0.652s thr(out)1 thr(in)16 conc_peak=9 pread=5.186s
DBG getmany L14 nw=9 wall=0.528s thr(out)1 thr(in)16 conc_peak=9 pread=3.497s
DBG getmany L15 nw=9 wall=0.677s thr(out)1 thr(in)16 conc_peak=8 pread=5.542s
DBG getmany L16 nw=9 wall=0.601s thr(out)1 thr(in)16 conc_peak=9 pread=4.514s
DBG getmany L17 nw=8 wall=0.624s thr(out)1 thr(in)16 conc_peak=8 pread=3.972s
DBG getmany L18 nw=6 wall=0.419s thr(out)1 thr(in)16 conc_peak=6 pread=1.943s
DBG getmany L19 nw=8 wall=0.579s thr(out)1 thr(in)16 conc_peak=8 pread=2.873s
DBG getmany L20 nw=5 wall=0.522s thr(out)1 thr(in)16 conc_peak=5 pread=2.027s
DBG getmany L21 nw=6 wall=0.460s thr(out)1 thr(in)16 conc_peak=6 pread=2.130s
DBG getmany L22 nw=7 wall=0.472s thr(out)1 thr(in)16 conc_peak=7 pread=2.802s
DBG getmany L23 nw=3 wall=0.231s thr(out)1 thr(in)16 conc_peak=3 pread=0.576s
DBG getmany L24 nw=13 wall=0.793s thr(out)1 thr(in)16 conc_peak=13 pread=7.671s
DBG getmany L25 nw=12 wall=0.725s thr(out)1 thr(in)16 conc_peak=12 pread=7.334s
DBG getmany L26 nw=7 wall=0.457s thr(out)1 thr(in)16 conc_peak=6 pread=2.811s
DBG getmany L27 nw=11 wall=0.651s thr(out)1 thr(in)16 conc_peak=11 pread=5.699s
DBG getmany L28 nw=13 wall=0.668s thr(out)1 thr(in)16 conc_peak=13 pread=7.609s
DBG getmany L29 nw=10 wall=0.693s thr(out)1 thr(in)16 conc_peak=10 pread=6.147s
DBG getmany L30 nw=9 wall=0.497s thr(out)1 thr(in)16 conc_peak=7 pread=4.019s
DBG getmany L31 nw=6 wall=0.629s thr(out)1 thr(in)16 conc_peak=4 pread=3.128s
DBG getmany L32 nw=7 wall=0.630s thr(out)1 thr(in)16 conc_peak=7 pread=3.783s
DBG getmany L33 nw=4 wall=0.646s thr(out)1 thr(in)16 conc_peak=4 pread=1.697s
DBG getmany L34 nw=9 wall=0.428s thr(out)1 thr(in)16 conc_peak=9 pread=3.155s
DBG getmany L35 nw=6 wall=0.242s thr(out)1 thr(in)16 conc_peak=6 pread=1.051s
DBG getmany L36 nw=9 wall=0.677s thr(out)1 thr(in)16 conc_peak=7 pread=4.532s
DBG getmany L37 nw=8 wall=1.022s thr(out)1 thr(in)16 conc_peak=8 pread=5.775s
DBG getmany L38 nw=7 wall=0.443s thr(out)1 thr(in)16 conc_peak=7 pread=2.283s
DBG getmany L39 nw=9 wall=0.665s thr(out)1 thr(in)16 conc_peak=9 pread=5.323s
DBG getmany L40 nw=7 wall=0.556s thr(out)1 thr(in)16 conc_peak=7 pread=2.768s
DBG getmany L41 nw=6 wall=0.604s thr(out)1 thr(in)16 conc_peak=6 pread=3.505s
DBG getmany L42 nw=6 wall=0.443s thr(out)1 thr(in)16 conc_peak=6 pread=2.123s
DBG getmany L43 nw=7 wall=0.424s thr(out)1 thr(in)16 conc_peak=7 pread=2.212s
DBG getmany L44 nw=9 wall=0.687s thr(out)1 thr(in)16 conc_peak=9 pread=4.903s
DBG getmany L45 nw=7 wall=0.668s thr(out)1 thr(in)16 conc_peak=2 pread=3.956s
DBG getmany L46 nw=5 wall=0.428s thr(out)1 thr(in)16 conc_peak=5 pread=1.437s
DBG getmany L47 nw=8 wall=0.516s thr(out)1 thr(in)16 conc_peak=8 pread=3.273s
DBG getmany L48 nw=10 wall=0.608s thr(out)1 thr(in)16 conc_peak=10 pread=5.162s
DBG getmany L49 nw=12 wall=0.593s thr(out)1 thr(in)16 conc_peak=12 pread=4.974s
DBG getmany L50 nw=9 wall=0.484s thr(out)1 thr(in)16 conc_peak=9 pread=3.432s
DBG getmany L51 nw=12 wall=0.679s thr(out)1 thr(in)16 conc_peak=12 pread=5.656s
DBG getmany L52 nw=7 wall=0.635s thr(out)1 thr(in)16 conc_peak=6 pread=3.943s
DBG getmany L53 nw=12 wall=0.667s thr(out)1 thr(in)16 conc_peak=12 pread=6.778s
DBG getmany L54 nw=10 wall=0.498s thr(out)1 thr(in)16 conc_peak=10 pread=3.997s
DBG getmany L55 nw=12 wall=0.696s thr(out)1 thr(in)16 conc_peak=11 pread=6.790s
DBG getmany L56 nw=11 wall=0.680s thr(out)1 thr(in)16 conc_peak=11 pread=6.273s
DBG getmany L57 nw=15 wall=0.740s thr(out)1 thr(in)16 conc_peak=15 pread=9.644s
DBG getmany L58 nw=9 wall=0.504s thr(out)1 thr(in)16 conc_peak=9 pread=3.863s
DBG getmany L59 nw=6 wall=0.635s thr(out)1 thr(in)16 conc_peak=6 pread=3.358s
DBG getmany L60 nw=11 wall=0.494s thr(out)1 thr(in)16 conc_peak=11 pread=4.301s
DBG getmany L61 nw=12 wall=0.699s thr(out)1 thr(in)16 conc_peak=12 pread=6.094s
DBG getmany L62 nw=10 wall=0.489s thr(out)1 thr(in)16 conc_peak=10 pread=4.043s
DBG getmany L63 nw=12 wall=0.693s thr(out)1 thr(in)16 conc_peak=12 pread=6.933s
DBG getmany L64 nw=9 wall=0.568s thr(out)1 thr(in)16 conc_peak=9 pread=3.855s
DBG getmany L65 nw=10 wall=0.678s thr(out)1 thr(in)16 conc_peak=10 pread=4.929s
DBG getmany L66 nw=7 wall=0.468s thr(out)1 thr(in)16 conc_peak=7 pread=2.713s
DBG getmany L67 nw=12 wall=0.514s thr(out)1 thr(in)16 conc_peak=12 pread=4.938s
DBG getmany L68 nw=14 wall=1.665s thr(out)1 thr(in)16 conc_peak=14 pread=12.102s
DBG getmany L69 nw=9 wall=0.594s thr(out)1 thr(in)16 conc_peak=9 pread=3.230s
DBG getmany L70 nw=7 wall=0.443s thr(out)1 thr(in)16 conc_peak=7 pread=2.453s
DBG getmany L71 nw=8 wall=0.710s thr(out)1 thr(in)16 conc_peak=8 pread=5.401s
DBG getmany L72 nw=9 wall=0.673s thr(out)1 thr(in)16 conc_peak=9 pread=5.064s
DBG getmany L73 nw=10 wall=0.707s thr(out)1 thr(in)16 conc_peak=10 pread=5.833s
DBG getmany L74 nw=5 wall=0.318s thr(out)1 thr(in)16 conc_peak=3 pread=1.409s
DBG getmany L75 nw=6 wall=0.639s thr(out)1 thr(in)16 conc_peak=6 pread=3.018s
DBG getmany L76 nw=8 wall=0.613s thr(out)1 thr(in)16 conc_peak=8 pread=4.448s
DBG getmany L77 nw=7 wall=0.654s thr(out)1 thr(in)16 conc_peak=7 pread=3.519s
DBG getmany L78 nw=10 wall=0.492s thr(out)1 thr(in)16 conc_peak=10 pread=4.004s
DBG getmany L79 nw=7 wall=0.568s thr(out)1 thr(in)16 conc_peak=7 pread=2.681s
DBG getmany L80 nw=9 wall=0.654s thr(out)1 thr(in)16 conc_peak=9 pread=4.248s
DBG getmany L81 nw=10 wall=0.709s thr(out)1 thr(in)16 conc_peak=9 pread=6.269s
DBG getmany L82 nw=10 wall=0.460s thr(out)1 thr(in)16 conc_peak=10 pread=3.840s
DBG getmany L83 nw=10 wall=0.659s thr(out)1 thr(in)16 conc_peak=7 pread=5.384s
DBG getmany L84 nw=11 wall=0.690s thr(out)1 thr(in)16 conc_peak=11 pread=7.068s
DBG getmany L85 nw=8 wall=0.627s thr(out)1 thr(in)16 conc_peak=8 pread=3.880s
DBG getmany L86 nw=10 wall=0.513s thr(out)1 thr(in)16 conc_peak=10 pread=4.620s
DBG getmany L87 nw=8 wall=0.654s thr(out)1 thr(in)16 conc_peak=7 pread=3.710s
DBG getmany L88 nw=10 wall=0.676s thr(out)1 thr(in)16 conc_peak=8 pread=6.248s
DBG getmany L89 nw=7 wall=0.669s thr(out)1 thr(in)16 conc_peak=7 pread=4.141s
DBG getmany L90 nw=8 wall=0.394s thr(out)1 thr(in)16 conc_peak=8 pread=2.707s
DBG getmany L91 nw=7 wall=0.405s thr(out)1 thr(in)16 conc_peak=7 pread=2.599s
DBG getmany L92 nw=10 wall=0.176s thr(out)1 thr(in)16 conc_peak=10 pread=0.996s
5      15         83.90        99.9       13.88      0.012
  L2   resident=6779/14589 slots hit=100.0% read=109.51GB write=0.00GB
DBG getmany L1 nw=12 wall=0.595s thr(out)1 thr(in)16 conc_peak=12 pread=6.311s
DBG getmany L2 nw=10 wall=0.484s thr(out)1 thr(in)16 conc_peak=10 pread=3.708s
DBG getmany L3 nw=7 wall=0.624s thr(out)1 thr(in)16 conc_peak=7 pread=3.882s
DBG getmany L4 nw=9 wall=0.652s thr(out)1 thr(in)16 conc_peak=9 pread=4.731s
DBG getmany L5 nw=5 wall=0.420s thr(out)1 thr(in)16 conc_peak=5 pread=1.578s
DBG getmany L6 nw=13 wall=11.627s thr(out)1 thr(in)16 conc_peak=13 pread=122.860s
DBG getmany L7 nw=11 wall=0.665s thr(out)1 thr(in)16 conc_peak=11 pread=6.285s
DBG getmany L8 nw=9 wall=0.706s thr(out)1 thr(in)16 conc_peak=9 pread=4.921s
DBG getmany L9 nw=8 wall=0.756s thr(out)1 thr(in)16 conc_peak=8 pread=5.436s
DBG getmany L10 nw=7 wall=0.485s thr(out)1 thr(in)16 conc_peak=7 pread=2.952s
DBG getmany L11 nw=9 wall=0.677s thr(out)1 thr(in)16 conc_peak=9 pread=5.613s
DBG getmany L12 nw=11 wall=0.699s thr(out)1 thr(in)16 conc_peak=11 pread=6.240s
DBG getmany L13 nw=11 wall=0.655s thr(out)1 thr(in)16 conc_peak=11 pread=6.109s
DBG getmany L14 nw=13 wall=0.525s thr(out)1 thr(in)16 conc_peak=13 pread=5.948s
DBG getmany L15 nw=11 wall=0.702s thr(out)1 thr(in)16 conc_peak=11 pread=6.915s
DBG getmany L16 nw=9 wall=11.617s thr(out)1 thr(in)16 conc_peak=9 pread=81.055s
DBG getmany L17 nw=8 wall=0.639s thr(out)1 thr(in)16 conc_peak=8 pread=4.277s
DBG getmany L18 nw=9 wall=0.523s thr(out)1 thr(in)16 conc_peak=7 pread=4.022s
DBG getmany L19 nw=11 wall=0.553s thr(out)1 thr(in)16 conc_peak=11 pread=4.480s
DBG getmany L20 nw=9 wall=0.626s thr(out)1 thr(in)16 conc_peak=9 pread=3.981s
DBG getmany L21 nw=9 wall=0.685s thr(out)1 thr(in)16 conc_peak=9 pread=5.964s
DBG getmany L22 nw=8 wall=0.484s thr(out)1 thr(in)16 conc_peak=8 pread=3.039s
DBG getmany L23 nw=5 wall=0.549s thr(out)1 thr(in)16 conc_peak=5 pread=2.460s
DBG getmany L24 nw=13 wall=0.744s thr(out)1 thr(in)16 conc_peak=11 pread=8.695s
DBG getmany L25 nw=10 wall=0.674s thr(out)1 thr(in)16 conc_peak=10 pread=4.622s
DBG getmany L26 nw=9 wall=0.480s thr(out)1 thr(in)16 conc_peak=9 pread=3.636s
DBG getmany L27 nw=11 wall=0.648s thr(out)1 thr(in)16 conc_peak=11 pread=5.498s
DBG getmany L28 nw=11 wall=0.624s thr(out)1 thr(in)16 conc_peak=11 pread=6.396s
DBG getmany L29 nw=11 wall=0.707s thr(out)1 thr(in)16 conc_peak=11 pread=6.483s
DBG getmany L30 nw=8 wall=0.463s thr(out)1 thr(in)16 conc_peak=4 pread=3.332s
DBG getmany L31 nw=9 wall=0.680s thr(out)1 thr(in)16 conc_peak=8 pread=5.046s
DBG getmany L32 nw=7 wall=0.649s thr(out)1 thr(in)16 conc_peak=7 pread=3.237s
DBG getmany L33 nw=8 wall=0.567s thr(out)1 thr(in)16 conc_peak=7 pread=3.121s
DBG getmany L34 nw=9 wall=0.489s thr(out)1 thr(in)16 conc_peak=9 pread=3.577s
DBG getmany L35 nw=7 wall=0.676s thr(out)1 thr(in)16 conc_peak=4 pread=4.225s
DBG getmany L36 nw=10 wall=0.704s thr(out)1 thr(in)16 conc_peak=9 pread=6.342s
DBG getmany L37 nw=8 wall=0.655s thr(out)1 thr(in)16 conc_peak=8 pread=3.591s
DBG getmany L38 nw=10 wall=0.363s thr(out)1 thr(in)16 conc_peak=10 pread=2.868s
DBG getmany L39 nw=9 wall=0.688s thr(out)1 thr(in)16 conc_peak=9 pread=4.750s
DBG getmany L40 nw=7 wall=0.656s thr(out)1 thr(in)16 conc_peak=7 pread=3.938s
DBG getmany L41 nw=6 wall=0.619s thr(out)1 thr(in)16 conc_peak=6 pread=3.571s
DBG getmany L42 nw=8 wall=0.475s thr(out)1 thr(in)16 conc_peak=8 pread=3.367s
DBG getmany L43 nw=7 wall=0.672s thr(out)1 thr(in)16 conc_peak=7 pread=4.088s
DBG getmany L44 nw=6 wall=0.638s thr(out)1 thr(in)16 conc_peak=5 pread=2.607s
DBG getmany L45 nw=6 wall=0.555s thr(out)1 thr(in)16 conc_peak=6 pread=2.577s
DBG getmany L46 nw=7 wall=0.456s thr(out)1 thr(in)16 conc_peak=7 pread=2.421s
DBG getmany L47 nw=9 wall=0.654s thr(out)1 thr(in)16 conc_peak=9 pread=4.332s
DBG getmany L48 nw=7 wall=0.611s thr(out)1 thr(in)16 conc_peak=7 pread=4.020s
DBG getmany L49 nw=10 wall=0.709s thr(out)1 thr(in)16 conc_peak=10 pread=6.808s
DBG getmany L50 nw=7 wall=0.464s thr(out)1 thr(in)16 conc_peak=7 pread=2.863s
DBG getmany L51 nw=8 wall=0.643s thr(out)1 thr(in)16 conc_peak=7 pread=4.344s
DBG getmany L52 nw=11 wall=0.670s thr(out)1 thr(in)16 conc_peak=11 pread=6.618s
DBG getmany L53 nw=11 wall=0.646s thr(out)1 thr(in)16 conc_peak=11 pread=5.337s
DBG getmany L54 nw=9 wall=0.480s thr(out)1 thr(in)16 conc_peak=9 pread=2.853s
DBG getmany L55 nw=4 wall=0.584s thr(out)1 thr(in)16 conc_peak=3 pread=2.000s
DBG getmany L56 nw=8 wall=0.650s thr(out)1 thr(in)16 conc_peak=8 pread=4.478s
DBG getmany L57 nw=9 wall=0.683s thr(out)1 thr(in)16 conc_peak=9 pread=4.486s
DBG getmany L58 nw=7 wall=0.465s thr(out)1 thr(in)16 conc_peak=6 pread=2.930s
DBG getmany L59 nw=6 wall=0.638s thr(out)1 thr(in)16 conc_peak=5 pread=3.485s
DBG getmany L60 nw=8 wall=0.399s thr(out)1 thr(in)16 conc_peak=8 pread=2.363s
DBG getmany L61 nw=6 wall=0.614s thr(out)1 thr(in)16 conc_peak=5 pread=2.695s
DBG getmany L62 nw=8 wall=0.361s thr(out)1 thr(in)16 conc_peak=8 pread=2.232s
DBG getmany L63 nw=4 wall=0.598s thr(out)1 thr(in)16 conc_peak=4 pread=2.077s
DBG getmany L64 nw=10 wall=0.704s thr(out)1 thr(in)16 conc_peak=10 pread=4.657s
DBG getmany L65 nw=7 wall=0.622s thr(out)1 thr(in)16 conc_peak=7 pread=3.380s
DBG getmany L66 nw=4 wall=0.418s thr(out)1 thr(in)16 conc_peak=2 pread=1.359s
DBG getmany L67 nw=7 wall=0.346s thr(out)1 thr(in)16 conc_peak=7 pread=1.855s
DBG getmany L68 nw=10 wall=0.486s thr(out)1 thr(in)16 conc_peak=10 pread=4.105s
DBG getmany L69 nw=9 wall=0.484s thr(out)1 thr(in)16 conc_peak=9 pread=3.695s
DBG getmany L70 nw=7 wall=0.277s thr(out)1 thr(in)16 conc_peak=7 pread=1.651s
DBG getmany L71 nw=5 wall=0.451s thr(out)1 thr(in)16 conc_peak=5 pread=1.975s
DBG getmany L72 nw=7 wall=0.474s thr(out)1 thr(in)16 conc_peak=7 pread=2.318s
DBG getmany L73 nw=12 wall=0.542s thr(out)1 thr(in)16 conc_peak=12 pread=5.963s
DBG getmany L74 nw=6 wall=0.315s thr(out)1 thr(in)16 conc_peak=6 pread=1.593s
DBG getmany L75 nw=5 wall=0.472s thr(out)1 thr(in)16 conc_peak=5 pread=1.946s
DBG getmany L76 nw=7 wall=0.424s thr(out)1 thr(in)16 conc_peak=7 pread=2.578s
DBG getmany L77 nw=6 wall=0.487s thr(out)1 thr(in)16 conc_peak=6 pread=2.765s
DBG getmany L78 nw=6 wall=0.339s thr(out)1 thr(in)16 conc_peak=6 pread=1.524s
DBG getmany L79 nw=7 wall=0.464s thr(out)1 thr(in)16 conc_peak=7 pread=2.142s
DBG getmany L80 nw=6 wall=0.446s thr(out)1 thr(in)16 conc_peak=6 pread=2.327s
DBG getmany L81 nw=7 wall=0.306s thr(out)1 thr(in)16 conc_peak=7 pread=1.463s
DBG getmany L82 nw=5 wall=0.214s thr(out)1 thr(in)16 conc_peak=5 pread=0.862s
DBG getmany L83 nw=7 wall=0.474s thr(out)1 thr(in)16 conc_peak=7 pread=3.106s
DBG getmany L84 nw=6 wall=0.268s thr(out)1 thr(in)16 conc_peak=4 pread=1.130s
DBG getmany L85 nw=4 wall=0.402s thr(out)1 thr(in)16 conc_peak=4 pread=1.345s
DBG getmany L86 nw=4 wall=0.295s thr(out)1 thr(in)16 conc_peak=4 pread=0.883s
DBG getmany L87 nw=7 wall=0.494s thr(out)1 thr(in)16 conc_peak=7 pread=3.140s
DBG getmany L88 nw=4 wall=0.443s thr(out)1 thr(in)16 conc_peak=3 pread=0.909s
DBG getmany L89 nw=4 wall=0.380s thr(out)1 thr(in)16 conc_peak=4 pread=1.234s
DBG getmany L90 nw=3 wall=0.212s thr(out)1 thr(in)16 conc_peak=3 pread=0.545s
DBG getmany L91 nw=4 wall=0.273s thr(out)1 thr(in)16 conc_peak=4 pread=0.904s
DBG getmany L92 nw=7 wall=0.070s thr(out)1 thr(in)16 conc_peak=7 pread=0.320s
6      3629       102.45       100.0      12.74      0.010
  L2   resident=6779/14589 slots hit=100.0% read=122.25GB write=0.00GB
DBG getmany L1 nw=12 wall=0.403s thr(out)1 thr(in)16 conc_peak=12 pread=4.445s
DBG getmany L2 nw=13 wall=0.298s thr(out)1 thr(in)16 conc_peak=13 pread=3.400s
DBG getmany L3 nw=7 wall=0.185s thr(out)1 thr(in)16 conc_peak=6 pread=1.056s
DBG getmany L4 nw=11 wall=0.357s thr(out)1 thr(in)16 conc_peak=11 pread=3.620s
DBG getmany L5 nw=13 wall=0.453s thr(out)1 thr(in)16 conc_peak=13 pread=3.306s
DBG getmany L6 nw=14 wall=0.340s thr(out)1 thr(in)16 conc_peak=14 pread=4.069s
DBG getmany L7 nw=9 wall=0.431s thr(out)1 thr(in)16 conc_peak=7 pread=3.253s
DBG getmany L8 nw=12 wall=0.467s thr(out)1 thr(in)16 conc_peak=12 pread=4.840s
DBG getmany L9 nw=12 wall=0.169s thr(out)1 thr(in)16 conc_peak=12 pread=1.214s
DBG getmany L10 nw=8 wall=0.312s thr(out)1 thr(in)16 conc_peak=8 pread=1.567s
DBG getmany L11 nw=9 wall=0.151s thr(out)1 thr(in)16 conc_peak=9 pread=1.093s
DBG getmany L12 nw=9 wall=0.418s thr(out)1 thr(in)16 conc_peak=9 pread=2.560s
DBG getmany L13 nw=10 wall=0.420s thr(out)1 thr(in)16 conc_peak=10 pread=3.268s
DBG getmany L14 nw=11 wall=0.237s thr(out)1 thr(in)16 conc_peak=8 pread=1.927s
DBG getmany L15 nw=13 wall=0.480s thr(out)1 thr(in)16 conc_peak=13 pread=5.415s
DBG getmany L16 nw=7 wall=0.375s thr(out)1 thr(in)16 conc_peak=7 pread=1.982s
DBG getmany L17 nw=8 wall=0.403s thr(out)1 thr(in)16 conc_peak=8 pread=2.890s
DBG getmany L18 nw=6 wall=0.274s thr(out)1 thr(in)16 conc_peak=6 pread=1.276s
DBG getmany L19 nw=8 wall=0.350s thr(out)1 thr(in)16 conc_peak=8 pread=1.747s
DBG getmany L20 nw=8 wall=0.317s thr(out)1 thr(in)16 conc_peak=8 pread=2.261s
DBG getmany L21 nw=12 wall=0.465s thr(out)1 thr(in)16 conc_peak=12 pread=4.174s
DBG getmany L22 nw=10 wall=0.323s thr(out)1 thr(in)16 conc_peak=9 pread=2.706s
DBG getmany L23 nw=9 wall=0.242s thr(out)1 thr(in)16 conc_peak=9 pread=1.713s
DBG getmany L24 nw=14 wall=0.537s thr(out)1 thr(in)16 conc_peak=14 pread=6.192s
DBG getmany L25 nw=10 wall=0.440s thr(out)1 thr(in)16 conc_peak=10 pread=3.188s
DBG getmany L26 nw=12 wall=0.335s thr(out)1 thr(in)16 conc_peak=12 pread=3.002s
DBG getmany L27 nw=12 wall=0.371s thr(out)1 thr(in)16 conc_peak=12 pread=3.878s
DBG getmany L28 nw=11 wall=0.389s thr(out)1 thr(in)16 conc_peak=11 pread=3.881s
DBG getmany L29 nw=10 wall=0.450s thr(out)1 thr(in)16 conc_peak=10 pread=4.057s
DBG getmany L30 nw=9 wall=0.334s thr(out)1 thr(in)16 conc_peak=9 pread=2.275s
DBG getmany L31 nw=10 wall=0.414s thr(out)1 thr(in)16 conc_peak=10 pread=3.284s
DBG getmany L32 nw=8 wall=0.223s thr(out)1 thr(in)16 conc_peak=8 pread=1.444s
DBG getmany L33 nw=10 wall=0.395s thr(out)1 thr(in)16 conc_peak=10 pread=3.237s
DBG getmany L34 nw=11 wall=0.296s thr(out)1 thr(in)16 conc_peak=11 pread=2.381s
DBG getmany L35 nw=8 wall=0.436s thr(out)1 thr(in)16 conc_peak=8 pread=3.134s
DBG getmany L36 nw=9 wall=0.492s thr(out)1 thr(in)16 conc_peak=7 pread=3.692s
DBG getmany L37 nw=11 wall=0.487s thr(out)1 thr(in)16 conc_peak=11 pread=4.272s
DBG getmany L38 nw=6 wall=0.306s thr(out)1 thr(in)16 conc_peak=6 pread=1.293s
DBG getmany L39 nw=6 wall=0.433s thr(out)1 thr(in)16 conc_peak=4 pread=2.073s
DBG getmany L40 nw=6 wall=0.453s thr(out)1 thr(in)16 conc_peak=6 pread=2.347s
DBG getmany L41 nw=3 wall=0.368s thr(out)1 thr(in)16 conc_peak=3 pread=1.010s
DBG getmany L42 nw=6 wall=0.189s thr(out)1 thr(in)16 conc_peak=4 pread=0.911s
DBG getmany L43 nw=4 wall=0.425s thr(out)1 thr(in)16 conc_peak=4 pread=1.443s
DBG getmany L44 nw=6 wall=0.442s thr(out)1 thr(in)16 conc_peak=6 pread=2.149s
DBG getmany L45 nw=8 wall=0.471s thr(out)1 thr(in)16 conc_peak=8 pread=2.584s
DBG getmany L46 nw=8 wall=4.867s thr(out)1 thr(in)16 conc_peak=8 pread=15.986s
DBG getmany L47 nw=5 wall=4.048s thr(out)1 thr(in)16 conc_peak=3 pread=13.045s
DBG getmany L48 nw=8 wall=0.753s thr(out)1 thr(in)16 conc_peak=8 pread=3.184s
DBG getmany L49 nw=13 wall=3.640s thr(out)1 thr(in)16 conc_peak=13 pread=30.498s
DBG getmany L50 nw=8 wall=7.021s thr(out)1 thr(in)16 conc_peak=8 pread=22.668s
DBG getmany L51 nw=7 wall=0.476s thr(out)1 thr(in)16 conc_peak=6 pread=2.784s
DBG getmany L52 nw=9 wall=0.481s thr(out)1 thr(in)16 conc_peak=9 pread=3.819s
DBG getmany L53 nw=10 wall=0.971s thr(out)1 thr(in)16 conc_peak=10 pread=6.069s
DBG getmany L54 nw=11 wall=0.387s thr(out)1 thr(in)16 conc_peak=10 pread=3.802s
DBG getmany L55 nw=7 wall=0.476s thr(out)1 thr(in)16 conc_peak=7 pread=2.688s
DBG getmany L56 nw=8 wall=0.457s thr(out)1 thr(in)16 conc_peak=6 pread=2.867s
DBG getmany L57 nw=9 wall=0.450s thr(out)1 thr(in)16 conc_peak=8 pread=3.233s
DBG getmany L58 nw=6 wall=0.322s thr(out)1 thr(in)16 conc_peak=3 pread=1.610s
DBG getmany L59 nw=5 wall=0.405s thr(out)1 thr(in)16 conc_peak=5 pread=1.698s
DBG getmany L60 nw=10 wall=0.478s thr(out)1 thr(in)16 conc_peak=10 pread=3.377s
DBG getmany L61 nw=13 wall=0.451s thr(out)1 thr(in)16 conc_peak=13 pread=4.942s
DBG getmany L62 nw=7 wall=0.323s thr(out)1 thr(in)16 conc_peak=7 pread=2.115s
DBG getmany L63 nw=9 wall=0.483s thr(out)1 thr(in)16 conc_peak=9 pread=3.715s
DBG getmany L64 nw=13 wall=0.531s thr(out)1 thr(in)16 conc_peak=13 pread=6.232s
DBG getmany L65 nw=7 wall=0.297s thr(out)1 thr(in)16 conc_peak=7 pread=1.382s
DBG getmany L66 nw=10 wall=0.366s thr(out)1 thr(in)16 conc_peak=10 pread=3.038s
DBG getmany L67 nw=8 wall=0.445s thr(out)1 thr(in)16 conc_peak=8 pread=3.198s
DBG getmany L68 nw=11 wall=0.581s thr(out)1 thr(in)16 conc_peak=11 pread=5.810s
DBG getmany L69 nw=11 wall=0.490s thr(out)1 thr(in)16 conc_peak=11 pread=5.157s
DBG getmany L70 nw=9 wall=0.333s thr(out)1 thr(in)16 conc_peak=8 pread=2.517s
DBG getmany L71 nw=8 wall=0.475s thr(out)1 thr(in)16 conc_peak=8 pread=3.519s
DBG getmany L72 nw=6 wall=0.419s thr(out)1 thr(in)16 conc_peak=6 pread=2.323s
DBG getmany L73 nw=11 wall=0.502s thr(out)1 thr(in)16 conc_peak=11 pread=4.933s
DBG getmany L74 nw=8 wall=0.339s thr(out)1 thr(in)16 conc_peak=8 pread=2.151s
DBG getmany L75 nw=9 wall=0.494s thr(out)1 thr(in)16 conc_peak=9 pread=3.797s
DBG getmany L76 nw=10 wall=0.476s thr(out)1 thr(in)16 conc_peak=10 pread=3.608s
DBG getmany L77 nw=7 wall=0.490s thr(out)1 thr(in)16 conc_peak=7 pread=3.214s
DBG getmany L78 nw=7 wall=0.321s thr(out)1 thr(in)16 conc_peak=6 pread=2.011s
DBG getmany L79 nw=8 wall=0.314s thr(out)1 thr(in)16 conc_peak=8 pread=2.020s
DBG getmany L80 nw=13 wall=0.524s thr(out)1 thr(in)16 conc_peak=13 pread=5.126s
DBG getmany L81 nw=9 wall=0.487s thr(out)1 thr(in)16 conc_peak=9 pread=4.266s
DBG getmany L82 nw=11 wall=0.341s thr(out)1 thr(in)16 conc_peak=11 pread=3.049s
DBG getmany L83 nw=9 wall=0.417s thr(out)1 thr(in)16 conc_peak=9 pread=3.176s
DBG getmany L84 nw=11 wall=0.492s thr(out)1 thr(in)16 conc_peak=9 pread=5.057s
DBG getmany L85 nw=10 wall=0.507s thr(out)1 thr(in)16 conc_peak=10 pread=4.875s
DBG getmany L86 nw=9 wall=0.347s thr(out)1 thr(in)16 conc_peak=9 pread=2.947s
DBG getmany L87 nw=8 wall=0.430s thr(out)1 thr(in)16 conc_peak=8 pread=2.723s
DBG getmany L88 nw=6 wall=0.444s thr(out)1 thr(in)16 conc_peak=6 pread=1.531s
DBG getmany L89 nw=6 wall=0.462s thr(out)1 thr(in)16 conc_peak=6 pread=2.602s
DBG getmany L90 nw=8 wall=0.335s thr(out)1 thr(in)16 conc_peak=8 pread=2.445s
DBG getmany L91 nw=10 wall=0.363s thr(out)1 thr(in)16 conc_peak=10 pread=3.151s
DBG getmany L92 nw=12 wall=0.221s thr(out)1 thr(in)16 conc_peak=12 pread=1.459s
7      1389       119.27       100.0      14.72      0.008
  L2   resident=6779/14589 slots hit=100.0% read=136.97GB write=0.00GB
--------------------------------------------------------------------
8 tokens in 757.3 s, 94.67 s/token average
PEAK RSS for the whole run: 49.09 GB   <- quote this, not the plan
layers completed: 93/93; routed expert drops: 0


[chip] simulated MXFP4 GEMV bill over 9 tokens
  11776 expert chains | 777925951488 flops | 206636580864 bytes (206.64 GB)
  per token: 1308 chains | 22.96 GB | 0.09 Gflops
  compute wall @ 4 TFLOPS : 0.19 s (21.61 ms/token)
  bandwidth wall @ 200 GB/s : 1.03 s (114.80 ms/token)
  -> bandwidth-bound; to be compute-bound at 4 TFLOPS this needs 1062 GB/s
  expert fetch (host wall, measured): 531.07 s moving 206.64 GB = 0 GB/s
  chip pool wall (measured): 149.61 s

cache [final step]
  slots        : 2278 of 17.56 MB = 39.99 GB arena (2278 resident, 0 pinned)
  requests     : 1472  hits 1472 (100.00%)  misses 0  evictions 839
  of those hits : 839 came from the batch prefetch, i.e. read from disk
                  this token; TRUE resident hit rate 43.00%
  read from disk: 14.72 GB in 55.29 s (266 MB/s while loading)
  phase2 i/o    : 14.73 GB in 55.29 s (266 MB/s)  [pure parallel disk read]
l2cache [final step]
  requests     : 7806  hits 7806 (100.00%)  misses 0
  read  from sdd7: 136.97 GB, written 0.00 GB
  hit I/O   : 136.97 GB in 527.25 s (wall) = 260 MB/s [pread 4658.17 s, 29 MB/s per-thread]
  miss I/O  : 0 misses, 0.00 GB from /model in 0.00 s (wall) = 0 MB/s
  restored from meta: 6779 slots

wrote /mnt/f/kimi-k3-in-c/reports/gateab_ab/v34_ab/t6c40_r3-20260929_112845/ctrl.json
I/O share of wall clock: 128.3%  (trunk 443.6 s + experts 527.9 s of 757.3 s)
  both figures are WHOLE-RUN totals over 8 steps
  over 100% because trunk reads overlap compute on the reader thread;
  214.2 s of device time was hidden behind arithmetic
  experts, whole run: 137.01 GB read | 6246 of 11776 requests retained in RAM (53.04%) | 5530 evictions
    (retention = requests - evictions; the raw `hits` counter includes
     experts the prefetcher had just read from disk, so it is not a
     measure of avoided I/O)

trunk [final]
  pinned 1/93 layers, ring 2 slots
  binds 744, hits 7 (0.9%), reads 737
  read 436.45 GB in 443.62 s (984 MB/s pread)
  per-layer loads [L]=count: 0=1 1=8 2=8 3=8 4=8 5=8 6=8 7=8 8=8 9=8 10=8 11=8 12=8 13=8 14=8 15=8 16=8 17=8 18=8 19=8 20=8 21=8 22=8 23=8 24=8 25=8 26=8 27=8 28=8 29=8 30=8 31=8 32=8 33=8 34=8 35=8 36=8 37=8 38=8 39=8 40=8 41=8 42=8 43=8 44=8 45=8 46=8 47=8 48=8 49=8 50=8 51=8 52=8 53=8 54=8 55=8 56=8 57=8 58=8 59=8 60=8 61=8 62=8 63=8 64=8 65=8 66=8 67=8 68=8 69=8 70=8 71=8 72=8 73=8 74=8 75=8 76=8 77=8 78=8 79=8 80=8 81=8 82=8 83=8 84=8 85=8 86=8 87=8 88=8 89=8 90=8 91=8 92=8
  bind wall 9.43 s over 744 binds; read 443.62 + widen 2.63 = 446.25 s of device work,
                    of which 436.82 s (98%) overlapped compute on the reader thread
  widen breakdown: find 9 ms (19640)  copy 0 ms (9184)  deq 2605 ms (6320)  timed 3 s of widen 2.63 s
