k3 chip: 4 workers, 4 TFLOPS, 200 GB/s simulated wall
DBG getmany L1 nw=48 wall=0.504s thr(out)1 thr(in)16 conc_peak=16 pread=7.174s
DBG getmany L2 nw=57 wall=3.483s thr(out)1 thr(in)16 conc_peak=16 pread=52.869s
DBG getmany L3 nw=53 wall=3.260s thr(out)1 thr(in)16 conc_peak=16 pread=49.793s
DBG getmany L4 nw=52 wall=11.842s thr(out)1 thr(in)16 conc_peak=16 pread=96.880s
DBG getmany L5 nw=61 wall=7.102s thr(out)1 thr(in)16 conc_peak=16 pread=105.617s
DBG getmany L6 nw=63 wall=11.686s thr(out)1 thr(in)16 conc_peak=16 pread=172.755s
DBG getmany L7 nw=59 wall=8.867s thr(out)1 thr(in)16 conc_peak=16 pread=131.242s
DBG getmany L8 nw=48 wall=6.227s thr(out)1 thr(in)16 conc_peak=16 pread=87.814s
DBG getmany L9 nw=55 wall=0.833s thr(out)1 thr(in)16 conc_peak=16 pread=9.533s
DBG getmany L10 nw=50 wall=0.480s thr(out)1 thr(in)16 conc_peak=16 pread=6.691s
DBG getmany L11 nw=55 wall=0.534s thr(out)1 thr(in)16 conc_peak=16 pread=7.605s
config: /model/config.json (nested shape) | hidden=7168 layers=93 vocab=163840 | 24 MLA + 69 KDA | experts 896 top16 shared2 | latent=3584
NOTE: binding only the first 12 of 93 layers. Output is NOT the full model; it is a partial stack for testing the machinery.

  KV cache : 40.29 MB for 17 positions (2.37 MB/position)
Kimi K3, pure C, released checkpoint
  model    : /model
  prompt   : 8 tokens, generating 8

indexed 497220 tensors from 96 shards in 7.48 s
trunk on disk : 15.16 GB total (STREAMED from /mnt/nvme/trunk_layers_out, not held in RAM)

memory plan
  trunk (STREAMED) 12.00 GB
  embed + lm_head  4.70 GB
  expert cache     8.00 GB
  recurrent state  80.81 MB
  buffers          12.70 MB
  KV cache         40.21 MB
  TOTAL            24.83 GB
  available        28.52 GB

k3_trunk: trunk.bin absent - using per-layer slices (layer_%03d.bin)
trunk stream: 56.60 GB packed, 4/93 layers PINNED (6.70 GB), ring 4 x 1.30 GB
              reads use buffered I/O
              ring holds 4 slots: layers repeat over ~4 tokens, so recent ones are reused instead of re-read
trunk streaming enabled from /mnt/nvme/trunk_layers_out in 0.1 s
embedding, final norm and lm_head: 4.70 GB in 111.7 s

expert L2 cache enabled: 11397 slots x 17.55 MB = 199.99 GB on /mnt/nvme/experts.l2
expert L2 eviction policy: heat
peak RSS after loading weights: 4.78 GB  (the plan above is a forecast, this is measured)
expert cache: 455 slots x 17.56 MB = 7.99 GB (0.55% of the 1.45 TB expert pool)

recurrent state for 12 layers: 80.81 MB

incremental decode: KV cache 5.03 MB for 3 MLA layers at 17 positions

speculative decode: up to 4 drafted tokens per sweep, n-gram lookup, verified batched

STEP   TOKEN      SECONDS      CACHE HIT  READ GB    TOK/S
--------------------------------------------------------------------
0      2483       137.42       100.0      10.55      0.007
  L2   resident=6298/11397 slots hit=100.0% read=10.55GB write=0.00GB
DBG getmany L1 nw=16 wall=0.158s thr(out)1 thr(in)16 conc_peak=16 pread=1.543s
DBG getmany L2 nw=16 wall=0.154s thr(out)1 thr(in)16 conc_peak=16 pread=1.594s
DBG getmany L3 nw=16 wall=0.164s thr(out)1 thr(in)16 conc_peak=16 pread=1.569s
DBG getmany L4 nw=13 wall=0.133s thr(out)1 thr(in)16 conc_peak=13 pread=1.130s
DBG getmany L5 nw=9 wall=0.091s thr(out)1 thr(in)16 conc_peak=9 pread=0.556s
DBG getmany L6 nw=12 wall=0.139s thr(out)1 thr(in)16 conc_peak=12 pread=1.062s
DBG getmany L7 nw=12 wall=0.127s thr(out)1 thr(in)16 conc_peak=12 pread=1.011s
DBG getmany L8 nw=11 wall=0.133s thr(out)1 thr(in)16 conc_peak=11 pread=1.050s
DBG getmany L9 nw=9 wall=0.100s thr(out)1 thr(in)16 conc_peak=7 pread=0.576s
DBG getmany L10 nw=12 wall=0.125s thr(out)1 thr(in)16 conc_peak=12 pread=1.041s
DBG getmany L11 nw=10 wall=0.104s thr(out)1 thr(in)16 conc_peak=9 pread=0.695s
1      37063      6.09         98.3       2.44       0.164
  L2   resident=6298/11397 slots hit=100.0% read=12.93GB write=0.00GB
DBG getmany L1 nw=16 wall=0.159s thr(out)1 thr(in)16 conc_peak=16 pread=1.484s
DBG getmany L2 nw=13 wall=0.138s thr(out)1 thr(in)16 conc_peak=13 pread=1.129s
DBG getmany L3 nw=12 wall=0.136s thr(out)1 thr(in)16 conc_peak=12 pread=0.987s
DBG getmany L4 nw=7 wall=0.083s thr(out)1 thr(in)16 conc_peak=7 pread=0.401s
DBG getmany L5 nw=15 wall=0.161s thr(out)1 thr(in)16 conc_peak=15 pread=1.658s
DBG getmany L6 nw=15 wall=0.154s thr(out)1 thr(in)16 conc_peak=15 pread=1.475s
DBG getmany L7 nw=15 wall=0.148s thr(out)1 thr(in)16 conc_peak=15 pread=1.425s
DBG getmany L8 nw=12 wall=0.132s thr(out)1 thr(in)16 conc_peak=11 pread=1.075s
DBG getmany L9 nw=14 wall=0.147s thr(out)1 thr(in)16 conc_peak=14 pread=1.420s
DBG getmany L10 nw=14 wall=0.141s thr(out)1 thr(in)16 conc_peak=14 pread=1.321s
DBG getmany L11 nw=10 wall=0.115s thr(out)1 thr(in)16 conc_peak=10 pread=0.784s
2      37063      5.38         99.4       2.53       0.186
  L2   resident=6298/11397 slots hit=100.0% read=15.44GB write=0.00GB
DBG getmany L1 nw=13 wall=0.126s thr(out)1 thr(in)16 conc_peak=13 pread=1.016s
DBG getmany L2 nw=12 wall=0.120s thr(out)1 thr(in)16 conc_peak=12 pread=0.936s
DBG getmany L3 nw=9 wall=0.089s thr(out)1 thr(in)16 conc_peak=8 pread=0.469s
DBG getmany L4 nw=11 wall=0.155s thr(out)1 thr(in)16 conc_peak=11 pread=1.235s
DBG getmany L5 nw=9 wall=0.096s thr(out)1 thr(in)16 conc_peak=9 pread=0.563s
DBG getmany L6 nw=13 wall=0.144s thr(out)1 thr(in)16 conc_peak=13 pread=0.958s
DBG getmany L7 nw=14 wall=0.134s thr(out)1 thr(in)16 conc_peak=14 pread=1.179s
DBG getmany L8 nw=8 wall=0.094s thr(out)1 thr(in)16 conc_peak=8 pread=0.544s
DBG getmany L9 nw=6 wall=0.091s thr(out)1 thr(in)16 conc_peak=6 pread=0.338s
DBG getmany L10 nw=11 wall=0.118s thr(out)1 thr(in)16 conc_peak=11 pread=0.801s
DBG getmany L11 nw=10 wall=0.113s thr(out)1 thr(in)16 conc_peak=9 pread=0.715s
3      38626      5.63         99.4       2.05       0.178
  L2   resident=6298/11397 slots hit=100.0% read=17.46GB write=0.00GB
DBG getmany L1 nw=9 wall=0.089s thr(out)1 thr(in)16 conc_peak=9 pread=0.546s
DBG getmany L2 nw=7 wall=0.070s thr(out)1 thr(in)16 conc_peak=7 pread=0.301s
DBG getmany L3 nw=5 wall=0.064s thr(out)1 thr(in)16 conc_peak=5 pread=0.250s
DBG getmany L4 nw=7 wall=0.085s thr(out)1 thr(in)16 conc_peak=7 pread=0.385s
DBG getmany L5 nw=9 wall=0.090s thr(out)1 thr(in)16 conc_peak=9 pread=0.495s
DBG getmany L6 nw=15 wall=0.146s thr(out)1 thr(in)16 conc_peak=15 pread=1.462s
DBG getmany L7 nw=10 wall=0.110s thr(out)1 thr(in)16 conc_peak=10 pread=0.767s
DBG getmany L8 nw=8 wall=0.084s thr(out)1 thr(in)16 conc_peak=8 pread=0.422s
DBG getmany L9 nw=13 wall=0.133s thr(out)1 thr(in)16 conc_peak=13 pread=1.138s
DBG getmany L10 nw=7 wall=0.082s thr(out)1 thr(in)16 conc_peak=7 pread=0.383s
DBG getmany L11 nw=8 wall=0.081s thr(out)1 thr(in)16 conc_peak=8 pread=0.476s
4      37595      5.14         100.0      1.72       0.195
  L2   resident=6298/11397 slots hit=100.0% read=19.18GB write=0.00GB
DBG getmany L1 nw=13 wall=0.124s thr(out)1 thr(in)16 conc_peak=13 pread=0.979s
DBG getmany L2 nw=10 wall=0.100s thr(out)1 thr(in)16 conc_peak=10 pread=0.648s
DBG getmany L3 nw=9 wall=0.094s thr(out)1 thr(in)16 conc_peak=9 pread=0.548s
DBG getmany L4 nw=6 wall=0.072s thr(out)1 thr(in)16 conc_peak=6 pread=0.311s
DBG getmany L5 nw=10 wall=0.109s thr(out)1 thr(in)16 conc_peak=10 pread=0.728s
DBG getmany L6 nw=15 wall=0.176s thr(out)1 thr(in)16 conc_peak=15 pread=1.767s
DBG getmany L7 nw=10 wall=0.102s thr(out)1 thr(in)16 conc_peak=10 pread=0.627s
DBG getmany L8 nw=12 wall=0.120s thr(out)1 thr(in)16 conc_peak=12 pread=0.942s
DBG getmany L9 nw=9 wall=0.115s thr(out)1 thr(in)16 conc_peak=9 pread=0.630s
DBG getmany L10 nw=8 wall=0.083s thr(out)1 thr(in)16 conc_peak=8 pread=0.433s
DBG getmany L11 nw=13 wall=0.143s thr(out)1 thr(in)16 conc_peak=13 pread=1.272s
5      93367      5.12         100.0      2.02       0.195
  L2   resident=6298/11397 slots hit=100.0% read=21.20GB write=0.00GB
DBG getmany L1 nw=15 wall=0.149s thr(out)1 thr(in)16 conc_peak=15 pread=1.448s
DBG getmany L2 nw=15 wall=0.150s thr(out)1 thr(in)16 conc_peak=15 pread=1.602s
DBG getmany L3 nw=8 wall=0.090s thr(out)1 thr(in)16 conc_peak=7 pread=0.490s
DBG getmany L4 nw=7 wall=0.071s thr(out)1 thr(in)16 conc_peak=7 pread=0.330s
DBG getmany L5 nw=8 wall=0.084s thr(out)1 thr(in)16 conc_peak=8 pread=0.458s
DBG getmany L6 nw=12 wall=0.182s thr(out)1 thr(in)16 conc_peak=12 pread=1.496s
DBG getmany L7 nw=11 wall=0.167s thr(out)1 thr(in)16 conc_peak=11 pread=1.224s
DBG getmany L8 nw=11 wall=0.178s thr(out)1 thr(in)16 conc_peak=11 pread=1.345s
DBG getmany L9 nw=12 wall=0.170s thr(out)1 thr(in)16 conc_peak=12 pread=1.239s
DBG getmany L10 nw=7 wall=0.108s thr(out)1 thr(in)16 conc_peak=7 pread=0.486s
DBG getmany L11 nw=7 wall=0.106s thr(out)1 thr(in)16 conc_peak=7 pread=0.489s
6      89849      6.29         100.0      1.98       0.159
  L2   resident=6298/11397 slots hit=100.0% read=23.16GB write=0.00GB
DBG getmany L1 nw=13 wall=0.183s thr(out)1 thr(in)16 conc_peak=13 pread=1.504s
DBG getmany L2 nw=11 wall=0.164s thr(out)1 thr(in)16 conc_peak=11 pread=1.037s
DBG getmany L3 nw=8 wall=0.141s thr(out)1 thr(in)16 conc_peak=8 pread=0.719s
DBG getmany L4 nw=6 wall=0.086s thr(out)1 thr(in)16 conc_peak=6 pread=0.332s
DBG getmany L5 nw=9 wall=0.154s thr(out)1 thr(in)16 conc_peak=9 pread=0.849s
DBG getmany L6 nw=14 wall=0.204s thr(out)1 thr(in)16 conc_peak=14 pread=1.838s
DBG getmany L7 nw=10 wall=0.169s thr(out)1 thr(in)16 conc_peak=9 pread=1.114s
DBG getmany L8 nw=9 wall=0.146s thr(out)1 thr(in)16 conc_peak=9 pread=0.720s
DBG getmany L9 nw=8 wall=0.137s thr(out)1 thr(in)16 conc_peak=8 pread=0.713s
DBG getmany L10 nw=10 wall=0.139s thr(out)1 thr(in)16 conc_peak=8 pread=0.874s
DBG getmany L11 nw=13 wall=0.191s thr(out)1 thr(in)16 conc_peak=13 pread=1.655s
7      13068      7.00         100.0      1.95       0.143
  L2   resident=6298/11397 slots hit=100.0% read=25.11GB write=0.00GB
--------------------------------------------------------------------
8 tokens in 178.1 s, 22.26 s/token average
PEAK RSS for the whole run: 18.35 GB   <- quote this, not the plan
layers completed: 12/12; routed expert drops: 0


[chip] simulated MXFP4 GEMV bill over 16 tokens
  2640 expert chains | 174399160320 flops | 46324776960 bytes (46.32 GB)
  per token: 165 chains | 2.90 GB | 0.01 Gflops
  compute wall @ 4 TFLOPS : 0.04 s (2.72 ms/token)
  bandwidth wall @ 200 GB/s : 0.23 s (14.48 ms/token)
  -> bandwidth-bound; to be compute-bound at 4 TFLOPS this needs 1062 GB/s
  expert fetch (host wall, measured): 66.15 s moving 32.16 GB = 0 GB/s
  chip pool wall (measured): 30.67 s

cache [final step]
  slots        : 455 of 17.56 MB = 7.99 GB arena (455 resident, 0 pinned)
  requests     : 176  hits 176 (100.00%)  misses 0  evictions 111
  of those hits : 111 came from the batch prefetch, i.e. read from disk
                  this token; TRUE resident hit rate 36.93%
  read from disk: 1.95 GB in 1.71 s (1137 MB/s while loading)
  phase2 i/o    : 1.95 GB in 1.71 s (1138 MB/s)  [pure parallel disk read]
l2cache [final step]
  requests     : 1431  hits 1431 (100.00%)  misses 0
  read  from sdd7: 25.11 GB, written 0.00 GB
  hit I/O   : 25.11 GB in 64.48 s (wall) = 389 MB/s [pread 799.18 s, 31 MB/s per-thread]
  miss I/O  : 0 misses, 0.00 GB from /model in 0.00 s (wall) = 0 MB/s
  restored from meta: 6298 slots

wrote reports/spec_fix_092446/spec.json
I/O share of wall clock: 94.4%  (trunk 102.4 s + experts 65.7 s of 178.1 s)
  both figures are WHOLE-RUN totals over 8 steps
  experts, whole run: 25.23 GB read | 850 of 1833 requests retained in RAM (46.37%) | 983 evictions
    (retention = requests - evictions; the raw `hits` counter includes
     experts the prefetcher had just read from disk, so it is not a
     measure of avoided I/O)

trunk [final]
  pinned 4/93 layers, ring 4 slots
  binds 96, hits 28 (29.2%), reads 68
  read 46.48 GB in 83.16 s (559 MB/s pread) + 19.19 s parked on the expert gate
  per-layer loads [L]=count: 0=1 1=1 2=1 3=1 4=8 5=8 6=8 7=8 8=8 9=8 10=8 11=8 12=7 13=0 14=0 15=0 16=0 17=0 18=0 19=0 20=0 21=0 22=0 23=0 24=0 25=0 26=0 27=0 28=0 29=0 30=0 31=0 32=0 33=0 34=0 35=0 36=0 37=0 38=0 39=0 40=0 41=0 42=0 43=0 44=0 45=0 46=0 47=0 48=0 49=0 50=0 51=0 52=0 53=0 54=0 55=0 56=0 57=0 58=0 59=0 60=0 61=0 62=0 63=0 64=0 65=0 66=0 67=0 68=0 69=0 70=0 71=0 72=0 73=0 74=0 75=0 76=0 77=0 78=0 79=0 80=0 81=0 82=0 83=0 84=0 85=0 86=0 87=0 88=0 89=0 90=0 91=0 92=0
  bind wall 54.83 s over 96 binds; read 83.16 + widen 1.06 = 84.22 s of device work,
                    of which 29.39 s (35%) overlapped compute on the reader thread
  widen breakdown: find 100 ms (2504)  copy 0 ms (1096)  deq 961 ms (800)  timed 1 s of widen 1.06 s
