k3 chip: 4 workers, 4 TFLOPS, 200 GB/s simulated wall
DBG fwd_inner loop_outer=0 loop_serial=0 T=6 trunk=0x5637431de240 n_bound=12
DBG std2 L=0 hnorm_last=0.821
DBG getmany L1 nw=64 wall=0.660s thr(out)1 thr(in)16 conc_peak=16 pread=9.632s
DBG std2 L=1 hnorm_last=1.547
DBG getmany L2 nw=64 wall=0.676s thr(out)1 thr(in)16 conc_peak=16 pread=9.844s
DBG std2 L=2 hnorm_last=2.792
DBG getmany L3 nw=61 wall=0.656s thr(out)1 thr(in)16 conc_peak=16 pread=9.562s
DBG stdMLA L=3 hnorm_after=3.367 cached=0
DBG getmany L4 nw=48 wall=4.540s thr(out)1 thr(in)16 conc_peak=16 pread=65.004s
DBG std2 L=4 hnorm_last=6.382
DBG getmany L5 nw=64 wall=22.138s thr(out)1 thr(in)16 conc_peak=16 pread=332.871s
DBG std2 L=5 hnorm_last=12.308
DBG getmany L6 nw=64 wall=0.671s thr(out)1 thr(in)16 conc_peak=16 pread=9.651s
DBG std2 L=6 hnorm_last=23.774
DBG getmany L7 nw=64 wall=1.258s thr(out)1 thr(in)16 conc_peak=16 pread=17.423s
DBG stdMLA L=7 hnorm_after=33.275 cached=0
DBG getmany L8 nw=64 wall=0.973s thr(out)1 thr(in)16 conc_peak=16 pread=10.679s
DBG std2 L=8 hnorm_last=46.124
DBG getmany L9 nw=64 wall=0.613s thr(out)1 thr(in)16 conc_peak=16 pread=9.003s
DBG std2 L=9 hnorm_last=56.282
DBG getmany L10 nw=59 wall=0.563s thr(out)1 thr(in)16 conc_peak=16 pread=8.071s
DBG std2 L=10 hnorm_last=67.622
DBG getmany L11 nw=64 wall=0.602s thr(out)1 thr(in)16 conc_peak=16 pread=8.752s
DBG stdMLA L=11 hnorm_after=89.988 cached=0
config: /model/config.json (nested shape) | hidden=7168 layers=93 vocab=163840 | 24 MLA + 69 KDA | experts 896 top16 shared2 | latent=3584
NOTE: binding only the first 12 of 93 layers. Output is NOT the full model; it is a partial stack for testing the machinery.

  KV cache : 18.96 MB for 8 positions (2.37 MB/position)
Kimi K3, pure C, released checkpoint
  model    : /model
  prompt   : 6 tokens, generating 1

indexed 497220 tensors from 96 shards in 4.35 s
trunk on disk : 15.16 GB total (STREAMED from /mnt/nvme/trunk_layers_out, not held in RAM)

memory plan
  trunk (STREAMED) 12.00 GB
  embed + lm_head  4.70 GB
  expert cache     8.00 GB
  recurrent state  80.81 MB
  buffers          6.68 MB
  KV cache         18.92 MB
  TOTAL            24.80 GB
  available        28.64 GB

k3_trunk: trunk.bin absent - using per-layer slices (layer_%03d.bin)
trunk stream: 56.60 GB packed, 4/93 layers PINNED (6.70 GB), ring 4 x 1.30 GB
              reads use buffered I/O
              ring holds 4 slots: layers repeat over ~4 tokens, so recent ones are reused instead of re-read
trunk streaming enabled from /mnt/nvme/trunk_layers_out in 0.0 s
embedding, final norm and lm_head: 4.70 GB in 61.1 s

expert L2 cache enabled: 11397 slots x 17.55 MB = 199.99 GB on /mnt/nvme/experts.l2
expert L2 eviction policy: heat
peak RSS after loading weights: 4.78 GB  (the plan above is a forecast, this is measured)
expert cache: 455 slots x 17.56 MB = 7.99 GB (0.55% of the 1.45 TB expert pool)

recurrent state for 12 layers: 80.81 MB

incremental decode: KV cache 2.37 MB for 3 MLA layers at 8 positions

STEP   TOKEN      SECONDS      CACHE HIT  READ GB    TOK/S
--------------------------------------------------------------------
0      58283      119.82       88.4       13.49      0.008
  L2   resident=6298/11397 slots hit=100.0% read=11.91GB write=0.00GB
--------------------------------------------------------------------
1 tokens in 119.8 s, 119.82 s/token average
PEAK RSS for the whole run: 18.35 GB   <- quote this, not the plan
layers completed: 12/12; routed expert drops: 0


[chip] simulated MXFP4 GEMV bill over 7 tokens
  1056 expert chains | 69759664128 flops | 18529910784 bytes (18.53 GB)
  per token: 150 chains | 2.65 GB | 0.01 Gflops
  compute wall @ 4 TFLOPS : 0.02 s (2.49 ms/token)
  bandwidth wall @ 200 GB/s : 0.09 s (13.24 ms/token)
  -> bandwidth-bound; to be compute-bound at 4 TFLOPS this needs 1062 GB/s
  expert fetch (host wall, measured): 54.22 s moving 13.49 GB = 0 GB/s
  chip pool wall (measured): 19.96 s

cache [final step]
  slots        : 455 of 17.56 MB = 7.99 GB arena (455 resident, 0 pinned)
  requests     : 769  hits 680 (88.43%)  misses 89  evictions 314
  of those hits : 680 came from the batch prefetch, i.e. read from disk
                  this token; TRUE resident hit rate 0.00%
  read from disk: 13.49 GB in 52.24 s (258 MB/s while loading)
  phase2 i/o    : 11.94 GB in 33.35 s (358 MB/s)  [pure parallel disk read]
l2cache [final step]
  requests     : 679  hits 679 (100.00%)  misses 0
  read  from sdd7: 11.91 GB, written 0.00 GB
  hit I/O   : 11.91 GB in 33.35 s (wall) = 357 MB/s [pread 490.49 s, 24 MB/s per-thread]
  miss I/O  : 0 misses, 0.00 GB from /model in 0.00 s (wall) = 0 MB/s
  restored from meta: 6298 slots

wrote reports/loop_mla_231128/s.json
I/O share of wall clock: 83.6%  (trunk 47.9 s + experts 52.2 s of 119.8 s)
  both figures are WHOLE-RUN totals over 1 steps
  experts, whole run: 13.49 GB read | 455 of 769 requests retained in RAM (59.17%) | 314 evictions
    (retention = requests - evictions; the raw `hits` counter includes
     experts the prefetcher had just read from disk, so it is not a
     measure of avoided I/O)

trunk [final]
  pinned 4/93 layers, ring 4 slots
  binds 12, hits 0 (0.0%), reads 12
  read 9.45 GB in 40.92 s (231 MB/s pread) + 6.98 s parked on the expert gate
  per-layer loads [L]=count: 0=1 1=1 2=1 3=1 4=1 5=1 6=1 7=1 8=1 9=1 10=1 11=1 12=1 13=0 14=0 15=0 16=0 17=0 18=0 19=0 20=0 21=0 22=0 23=0 24=0 25=0 26=0 27=0 28=0 29=0 30=0 31=0 32=0 33=0 34=0 35=0 36=0 37=0 38=0 39=0 40=0 41=0 42=0 43=0 44=0 45=0 46=0 47=0 48=0 49=0 50=0 51=0 52=0 53=0 54=0 55=0 56=0 57=0 58=0 59=0 60=0 61=0 62=0 63=0 64=0 65=0 66=0 67=0 68=0 69=0 70=0 71=0 72=0 73=0 74=0 75=0 76=0 77=0 78=0 79=0 80=0 81=0 82=0 83=0 84=0 85=0 86=0 87=0 88=0 89=0 90=0 91=0 92=0
  bind wall 35.66 s over 12 binds; read 40.92 + widen 2.03 = 42.94 s of device work,
                    of which 7.29 s (17%) overlapped compute on the reader thread
  widen breakdown: find 126 ms (313)  copy 0 ms (137)  deq 1901 ms (100)  timed 2 s of widen 2.03 s
