L2 auto: 209 GB free on /mnt/nvme -> L2 at 256 GB
k3 chip: 4 workers, 4 TFLOPS, 200 GB/s simulated wall
  L2 want=17547264 slot=17547264 nbytes=17547264 fd=O_DIRECT
  L2 want=17547264 slot=17547264 nbytes=17547264 fd=O_DIRECT
  L2 want=17547264 slot=17547264 nbytes=17547264 fd=O_DIRECT
  L2 want=17547264 slot=17547264 nbytes=17547264 fd=O_DIRECT
  L2 want=17547264 slot=17547264 nbytes=17547264 fd=O_DIRECT
  L2 want=17547264 slot=17547264 nbytes=17547264 fd=O_DIRECT
  L2 want=17547264 slot=17547264 nbytes=17547264 fd=O_DIRECT
  L2 want=17547264 slot=17547264 nbytes=17547264 fd=O_DIRECT
  L2 want=17547264 slot=17547264 nbytes=17547264 fd=O_DIRECT
  L2 want=17547264 slot=17547264 nbytes=17547264 fd=O_DIRECT
  L2 want=17547264 slot=17547264 nbytes=17547264 fd=O_DIRECT
  L2 want=17547264 slot=17547264 nbytes=17547264 fd=O_DIRECT
  L2 want=17547264 slot=17547264 nbytes=17547264 fd=O_DIRECT
  L2 want=17547264 slot=17547264 nbytes=17547264 fd=O_DIRECT
  L2 want=17547264 slot=17547264 nbytes=17547264 fd=O_DIRECT
  L2 want=17547264 slot=17547264 nbytes=17547264 fd=O_DIRECT
DBG getmany L1 nw=16 wall=0.258s thr(out)1 thr(in)16 conc_peak=16 pread=2.907s
DBG getmany L2 nw=16 wall=0.230s thr(out)1 thr(in)16 conc_peak=16 pread=2.455s
DBG getmany L3 nw=16 wall=0.214s thr(out)1 thr(in)16 conc_peak=16 pread=2.252s
DBG getmany L4 nw=16 wall=0.218s thr(out)1 thr(in)16 conc_peak=16 pread=2.447s
DBG getmany L5 nw=16 wall=0.194s thr(out)1 thr(in)16 conc_peak=16 pread=2.069s
DBG getmany L6 nw=16 wall=0.189s thr(out)1 thr(in)16 conc_peak=16 pread=1.889s
DBG getmany L7 nw=16 wall=0.215s thr(out)1 thr(in)16 conc_peak=16 pread=2.423s
DBG getmany L8 nw=16 wall=0.205s thr(out)1 thr(in)16 conc_peak=16 pread=2.140s
DBG getmany L9 nw=16 wall=0.226s thr(out)1 thr(in)16 conc_peak=16 pread=2.502s
DBG getmany L10 nw=16 wall=0.238s thr(out)1 thr(in)16 conc_peak=16 pread=2.698s
DBG getmany L11 nw=16 wall=0.224s thr(out)1 thr(in)16 conc_peak=16 pread=2.521s
DBG getmany L12 nw=16 wall=0.218s thr(out)1 thr(in)16 conc_peak=16 pread=2.486s
DBG getmany L13 nw=16 wall=0.221s thr(out)1 thr(in)16 conc_peak=16 pread=2.362s
DBG getmany L14 nw=16 wall=0.230s thr(out)1 thr(in)16 conc_peak=16 pread=2.582s
DBG getmany L15 nw=16 wall=0.485s thr(out)1 thr(in)16 conc_peak=16 pread=6.646s
DBG getmany L16 nw=16 wall=0.246s thr(out)1 thr(in)16 conc_peak=16 pread=2.882s
DBG getmany L17 nw=16 wall=0.237s thr(out)1 thr(in)16 conc_peak=16 pread=2.617s
DBG getmany L18 nw=16 wall=0.238s thr(out)1 thr(in)16 conc_peak=16 pread=2.651s
DBG getmany L19 nw=16 wall=0.242s thr(out)1 thr(in)16 conc_peak=16 pread=2.708s
DBG getmany L20 nw=16 wall=0.229s thr(out)1 thr(in)16 conc_peak=16 pread=2.437s
DBG getmany L21 nw=16 wall=0.236s thr(out)1 thr(in)16 conc_peak=16 pread=2.581s
DBG getmany L22 nw=16 wall=0.277s thr(out)1 thr(in)16 conc_peak=16 pread=2.877s
DBG getmany L23 nw=16 wall=0.455s thr(out)1 thr(in)16 conc_peak=16 pread=5.766s
DBG getmany L24 nw=16 wall=0.488s thr(out)1 thr(in)16 conc_peak=16 pread=5.483s
DBG getmany L25 nw=16 wall=0.493s thr(out)1 thr(in)16 conc_peak=16 pread=6.597s
DBG getmany L26 nw=16 wall=0.329s thr(out)1 thr(in)16 conc_peak=16 pread=4.549s
DBG getmany L27 nw=16 wall=0.446s thr(out)1 thr(in)16 conc_peak=16 pread=5.419s
DBG getmany L28 nw=16 wall=0.399s thr(out)1 thr(in)16 conc_peak=16 pread=4.273s
DBG getmany L29 nw=16 wall=0.438s thr(out)1 thr(in)16 conc_peak=16 pread=5.428s
DBG getmany L30 nw=16 wall=0.345s thr(out)1 thr(in)16 conc_peak=16 pread=4.580s
DBG getmany L31 nw=16 wall=0.482s thr(out)1 thr(in)16 conc_peak=16 pread=5.717s
DBG getmany L32 nw=16 wall=0.482s thr(out)1 thr(in)16 conc_peak=16 pread=5.812s
DBG getmany L33 nw=16 wall=0.532s thr(out)1 thr(in)16 conc_peak=16 pread=5.771s
DBG getmany L34 nw=16 wall=0.318s thr(out)1 thr(in)16 conc_peak=16 pread=4.096s
DBG getmany L35 nw=16 wall=0.503s thr(out)1 thr(in)16 conc_peak=16 pread=6.524s
DBG getmany L36 nw=16 wall=0.516s thr(out)1 thr(in)16 conc_peak=16 pread=6.818s
DBG getmany L37 nw=16 wall=0.511s thr(out)1 thr(in)16 conc_peak=16 pread=5.506s
DBG getmany L38 nw=16 wall=0.361s thr(out)1 thr(in)16 conc_peak=16 pread=4.712s
DBG getmany L39 nw=16 wall=11.646s thr(out)1 thr(in)16 conc_peak=16 pread=147.395s
DBG getmany L40 nw=16 wall=0.503s thr(out)1 thr(in)16 conc_peak=16 pread=6.394s
DBG getmany L41 nw=16 wall=0.476s thr(out)1 thr(in)16 conc_peak=16 pread=5.431s
DBG getmany L42 nw=16 wall=0.311s thr(out)1 thr(in)16 conc_peak=16 pread=4.063s
DBG getmany L43 nw=16 wall=0.505s thr(out)1 thr(in)16 conc_peak=16 pread=6.959s
DBG getmany L44 nw=16 wall=0.579s thr(out)1 thr(in)16 conc_peak=16 pread=7.426s
DBG getmany L45 nw=16 wall=0.520s thr(out)1 thr(in)16 conc_peak=16 pread=5.745s
DBG getmany L46 nw=16 wall=0.383s thr(out)1 thr(in)16 conc_peak=16 pread=4.275s
DBG getmany L47 nw=16 wall=0.539s thr(out)1 thr(in)16 conc_peak=16 pread=5.809s
DBG getmany L48 nw=16 wall=0.530s thr(out)1 thr(in)16 conc_peak=16 pread=6.819s
DBG getmany L49 nw=16 wall=0.716s thr(out)1 thr(in)16 conc_peak=16 pread=9.083s
DBG getmany L50 nw=16 wall=0.534s thr(out)1 thr(in)16 conc_peak=16 pread=7.162s
DBG getmany L51 nw=16 wall=0.720s thr(out)1 thr(in)16 conc_peak=16 pread=7.845s
DBG getmany L52 nw=16 wall=0.737s thr(out)1 thr(in)16 conc_peak=16 pread=7.937s
DBG getmany L53 nw=16 wall=0.731s thr(out)1 thr(in)16 conc_peak=16 pread=9.119s
DBG getmany L54 nw=16 wall=0.562s thr(out)1 thr(in)16 conc_peak=16 pread=6.835s
DBG getmany L55 nw=16 wall=0.785s thr(out)1 thr(in)16 conc_peak=16 pread=9.362s
DBG getmany L56 nw=16 wall=0.763s thr(out)1 thr(in)16 conc_peak=16 pread=9.974s
DBG getmany L57 nw=16 wall=0.743s thr(out)1 thr(in)16 conc_peak=16 pread=8.004s
DBG getmany L58 nw=16 wall=0.521s thr(out)1 thr(in)16 conc_peak=16 pread=7.064s
DBG getmany L59 nw=16 wall=0.781s thr(out)1 thr(in)16 conc_peak=16 pread=11.282s
DBG getmany L60 nw=16 wall=0.718s thr(out)1 thr(in)16 conc_peak=16 pread=9.400s
DBG getmany L61 nw=16 wall=0.776s thr(out)1 thr(in)16 conc_peak=16 pread=6.315s
DBG getmany L62 nw=16 wall=0.486s thr(out)1 thr(in)16 conc_peak=16 pread=6.599s
DBG getmany L63 nw=16 wall=0.817s thr(out)1 thr(in)16 conc_peak=16 pread=9.015s
DBG getmany L64 nw=16 wall=0.784s thr(out)1 thr(in)16 conc_peak=16 pread=11.244s
DBG getmany L65 nw=16 wall=0.719s thr(out)1 thr(in)16 conc_peak=16 pread=9.979s
DBG getmany L66 nw=16 wall=0.558s thr(out)1 thr(in)16 conc_peak=16 pread=7.076s
DBG getmany L67 nw=16 wall=0.597s thr(out)1 thr(in)16 conc_peak=16 pread=7.282s
DBG getmany L68 nw=16 wall=0.720s thr(out)1 thr(in)16 conc_peak=16 pread=8.452s
DBG getmany L69 nw=16 wall=0.720s thr(out)1 thr(in)16 conc_peak=16 pread=9.349s
DBG getmany L70 nw=16 wall=0.557s thr(out)1 thr(in)16 conc_peak=16 pread=7.621s
DBG getmany L71 nw=16 wall=0.815s thr(out)1 thr(in)16 conc_peak=16 pread=11.915s
DBG getmany L72 nw=16 wall=0.756s thr(out)1 thr(in)16 conc_peak=16 pread=10.371s
DBG getmany L73 nw=16 wall=0.723s thr(out)1 thr(in)16 conc_peak=16 pread=10.391s
DBG getmany L74 nw=16 wall=0.536s thr(out)1 thr(in)16 conc_peak=16 pread=7.096s
DBG getmany L75 nw=16 wall=0.771s thr(out)1 thr(in)16 conc_peak=16 pread=10.029s
DBG getmany L76 nw=16 wall=0.709s thr(out)1 thr(in)16 conc_peak=16 pread=9.102s
DBG getmany L77 nw=16 wall=1.553s thr(out)1 thr(in)16 conc_peak=16 pread=14.064s
DBG getmany L78 nw=16 wall=10.707s thr(out)1 thr(in)16 conc_peak=16 pread=155.255s
DBG getmany L79 nw=16 wall=0.819s thr(out)1 thr(in)16 conc_peak=16 pread=5.655s
DBG getmany L80 nw=16 wall=0.721s thr(out)1 thr(in)16 conc_peak=16 pread=10.597s
DBG getmany L81 nw=16 wall=0.750s thr(out)1 thr(in)16 conc_peak=16 pread=10.396s
DBG getmany L82 nw=16 wall=0.487s thr(out)1 thr(in)16 conc_peak=16 pread=6.761s
DBG getmany L83 nw=16 wall=0.749s thr(out)1 thr(in)16 conc_peak=16 pread=11.147s
DBG getmany L84 nw=16 wall=0.728s thr(out)1 thr(in)16 conc_peak=16 pread=8.708s
DBG getmany L85 nw=16 wall=0.735s thr(out)1 thr(in)16 conc_peak=16 pread=10.758s
DBG getmany L86 nw=16 wall=0.486s thr(out)1 thr(in)16 conc_peak=16 pread=6.511s
DBG getmany L87 nw=16 wall=0.744s thr(out)1 thr(in)16 conc_peak=16 pread=9.734s
DBG getmany L88 nw=16 wall=0.657s thr(out)1 thr(in)16 conc_peak=16 pread=9.168s
DBG getmany L89 nw=16 wall=0.782s thr(out)1 thr(in)16 conc_peak=16 pread=9.514s
DBG getmany L90 nw=16 wall=0.492s thr(out)1 thr(in)16 conc_peak=16 pread=6.534s
DBG getmany L91 nw=16 wall=0.528s thr(out)1 thr(in)16 conc_peak=16 pread=6.869s
DBG getmany L92 nw=16 wall=0.236s thr(out)1 thr(in)16 conc_peak=16 pread=2.142s
config: /model/config.json (nested shape) | hidden=7168 layers=93 vocab=163840 | 24 MLA + 69 KDA | experts 896 top16 shared2 | latent=3584
  KV cache : 11.85 MB for 5 positions (2.37 MB/position)
Kimi K3, pure C, released checkpoint
  model    : /model
  prompt   : 1 tokens, generating 3

indexed 497220 tensors from 96 shards in 0.61 s
trunk on disk : 110.00 GB total (STREAMED from /mnt/nvme/trunk_layers_out, not held in RAM)

memory plan
  trunk (STREAMED) 32.00 GB
  embed + lm_head  4.70 GB
  expert cache     15.00 GB
  recurrent state  626.25 MB
  buffers          4.68 MB
  KV cache         11.83 MB
  TOTAL            52.34 GB
  available        57.79 GB

k3_trunk: trunk.bin absent - using per-layer slices (layer_%03d.bin)
trunk stream: 56.60 GB packed, 22/93 layers PINNED (29.30 GB), ring 2 x 1.30 GB
              reads use buffered I/O
              ring holds 2 slots: layers repeat over ~2 tokens, so recent ones are reused instead of re-read
trunk streaming enabled from /mnt/nvme/trunk_layers_out in 0.0 s
embedding, final norm and lm_head: 4.70 GB in 5.3 s

expert L1 eviction policy: heat
expert L2 cache enabled: 14589 slots x 17.55 MB = 256.00 GB on /mnt/nvme/experts.l2
expert L2 exact: nslot=14589 slot_bytes=17547264 l2_slot=17547264 K3_ST_ALIGN=4096
expert L2 eviction policy: heat
peak RSS after loading weights: 4.78 GB  (the plan above is a forecast, this is measured)
expert cache: 854 slots x 17.56 MB = 14.99 GB (1.04% of the 1.45 TB expert pool)

recurrent state for 93 layers: 626.25 MB

incremental decode: KV cache 11.83 MB for 24 MLA layers at 5 positions

STEP   TOKEN      SECONDS      CACHE HIT  READ GB    TOK/S
--------------------------------------------------------------------
0      220        111.04       100.0      25.83      0.009
  L2   resident=6779/14589 slots hit=100.0% read=25.83GB write=0.00GB
DBG getmany L1 nw=16 wall=0.252s thr(out)1 thr(in)16 conc_peak=16 pread=2.412s
DBG getmany L2 nw=16 wall=0.238s thr(out)1 thr(in)16 conc_peak=16 pread=2.224s
DBG getmany L3 nw=16 wall=0.240s thr(out)1 thr(in)16 conc_peak=16 pread=2.185s
DBG getmany L4 nw=16 wall=0.235s thr(out)1 thr(in)16 conc_peak=16 pread=2.334s
DBG getmany L5 nw=16 wall=0.236s thr(out)1 thr(in)16 conc_peak=16 pread=2.241s
DBG getmany L6 nw=16 wall=0.246s thr(out)1 thr(in)16 conc_peak=16 pread=2.404s
DBG getmany L7 nw=16 wall=0.234s thr(out)1 thr(in)16 conc_peak=16 pread=2.168s
DBG getmany L8 nw=16 wall=0.238s thr(out)1 thr(in)16 conc_peak=16 pread=2.248s
DBG getmany L9 nw=16 wall=0.246s thr(out)1 thr(in)16 conc_peak=16 pread=2.286s
DBG getmany L10 nw=16 wall=0.244s thr(out)1 thr(in)16 conc_peak=16 pread=2.323s
DBG getmany L11 nw=16 wall=0.249s thr(out)1 thr(in)16 conc_peak=16 pread=2.402s
DBG getmany L12 nw=16 wall=0.239s thr(out)1 thr(in)16 conc_peak=16 pread=2.263s
DBG getmany L13 nw=16 wall=0.247s thr(out)1 thr(in)16 conc_peak=16 pread=2.223s
DBG getmany L14 nw=16 wall=0.246s thr(out)1 thr(in)16 conc_peak=16 pread=2.347s
DBG getmany L15 nw=16 wall=0.248s thr(out)1 thr(in)16 conc_peak=16 pread=2.280s
DBG getmany L16 nw=16 wall=0.242s thr(out)1 thr(in)16 conc_peak=16 pread=2.230s
DBG getmany L17 nw=16 wall=0.241s thr(out)1 thr(in)16 conc_peak=16 pread=2.310s
DBG getmany L18 nw=16 wall=0.237s thr(out)1 thr(in)16 conc_peak=16 pread=2.134s
DBG getmany L19 nw=16 wall=0.243s thr(out)1 thr(in)16 conc_peak=16 pread=2.196s
DBG getmany L20 nw=16 wall=0.245s thr(out)1 thr(in)16 conc_peak=16 pread=2.335s
DBG getmany L21 nw=16 wall=0.516s thr(out)1 thr(in)16 conc_peak=16 pread=5.465s
DBG getmany L22 nw=16 wall=0.549s thr(out)1 thr(in)16 conc_peak=16 pread=6.329s
DBG getmany L23 nw=16 wall=0.706s thr(out)1 thr(in)16 conc_peak=16 pread=10.077s
DBG getmany L24 nw=16 wall=0.773s thr(out)1 thr(in)16 conc_peak=16 pread=8.414s
DBG getmany L25 nw=16 wall=0.703s thr(out)1 thr(in)16 conc_peak=16 pread=10.415s
DBG getmany L26 nw=16 wall=0.535s thr(out)1 thr(in)16 conc_peak=16 pread=7.210s
DBG getmany L27 nw=16 wall=0.675s thr(out)1 thr(in)16 conc_peak=16 pread=8.851s
DBG getmany L28 nw=16 wall=0.680s thr(out)1 thr(in)16 conc_peak=16 pread=8.054s
DBG getmany L29 nw=16 wall=0.785s thr(out)1 thr(in)16 conc_peak=16 pread=11.028s
DBG getmany L30 nw=16 wall=0.541s thr(out)1 thr(in)16 conc_peak=16 pread=7.707s
DBG getmany L31 nw=16 wall=0.727s thr(out)1 thr(in)16 conc_peak=16 pread=9.410s
DBG getmany L32 nw=16 wall=0.641s thr(out)1 thr(in)16 conc_peak=16 pread=8.498s
DBG getmany L33 nw=16 wall=0.764s thr(out)1 thr(in)16 conc_peak=16 pread=10.934s
DBG getmany L34 nw=16 wall=9.506s thr(out)1 thr(in)16 conc_peak=16 pread=130.548s
DBG getmany L35 nw=16 wall=3.093s thr(out)1 thr(in)16 conc_peak=16 pread=47.961s
DBG getmany L36 nw=16 wall=0.727s thr(out)1 thr(in)16 conc_peak=16 pread=7.796s
DBG getmany L37 nw=16 wall=0.716s thr(out)1 thr(in)16 conc_peak=16 pread=10.158s
DBG getmany L38 nw=16 wall=0.459s thr(out)1 thr(in)16 conc_peak=16 pread=6.455s
DBG getmany L39 nw=16 wall=0.733s thr(out)1 thr(in)16 conc_peak=16 pread=10.368s
DBG getmany L40 nw=16 wall=0.749s thr(out)1 thr(in)16 conc_peak=16 pread=9.888s
DBG getmany L41 nw=16 wall=0.709s thr(out)1 thr(in)16 conc_peak=16 pread=9.745s
DBG getmany L42 nw=16 wall=0.533s thr(out)1 thr(in)16 conc_peak=16 pread=7.144s
DBG getmany L43 nw=16 wall=0.804s thr(out)1 thr(in)16 conc_peak=16 pread=10.984s
DBG getmany L44 nw=16 wall=0.745s thr(out)1 thr(in)16 conc_peak=16 pread=9.299s
DBG getmany L45 nw=16 wall=0.768s thr(out)1 thr(in)16 conc_peak=16 pread=10.005s
DBG getmany L46 nw=16 wall=0.551s thr(out)1 thr(in)16 conc_peak=16 pread=7.895s
DBG getmany L47 nw=16 wall=0.766s thr(out)1 thr(in)16 conc_peak=16 pread=10.530s
DBG getmany L48 nw=16 wall=0.697s thr(out)1 thr(in)16 conc_peak=16 pread=9.912s
DBG getmany L49 nw=16 wall=0.749s thr(out)1 thr(in)16 conc_peak=16 pread=9.490s
DBG getmany L50 nw=16 wall=0.548s thr(out)1 thr(in)16 conc_peak=16 pread=7.193s
DBG getmany L51 nw=16 wall=0.541s thr(out)1 thr(in)16 conc_peak=16 pread=5.903s
DBG getmany L52 nw=16 wall=0.703s thr(out)1 thr(in)16 conc_peak=16 pread=8.126s
DBG getmany L53 nw=16 wall=0.759s thr(out)1 thr(in)16 conc_peak=16 pread=9.316s
DBG getmany L54 nw=16 wall=0.548s thr(out)1 thr(in)16 conc_peak=16 pread=7.373s
DBG getmany L55 nw=16 wall=0.610s thr(out)1 thr(in)16 conc_peak=16 pread=6.715s
DBG getmany L56 nw=16 wall=0.737s thr(out)1 thr(in)16 conc_peak=16 pread=9.394s
DBG getmany L57 nw=16 wall=0.765s thr(out)1 thr(in)16 conc_peak=16 pread=9.292s
DBG getmany L58 nw=16 wall=0.542s thr(out)1 thr(in)16 conc_peak=16 pread=7.353s
DBG getmany L59 nw=16 wall=0.727s thr(out)1 thr(in)16 conc_peak=16 pread=10.435s
DBG getmany L60 nw=16 wall=0.734s thr(out)1 thr(in)16 conc_peak=16 pread=10.692s
DBG getmany L61 nw=16 wall=0.480s thr(out)1 thr(in)16 conc_peak=16 pread=6.439s
DBG getmany L62 nw=16 wall=0.480s thr(out)1 thr(in)16 conc_peak=16 pread=6.213s
DBG getmany L63 nw=16 wall=0.721s thr(out)1 thr(in)16 conc_peak=16 pread=10.075s
DBG getmany L64 nw=16 wall=0.718s thr(out)1 thr(in)16 conc_peak=16 pread=9.999s
DBG getmany L65 nw=16 wall=0.703s thr(out)1 thr(in)16 conc_peak=16 pread=9.462s
DBG getmany L66 nw=16 wall=0.510s thr(out)1 thr(in)16 conc_peak=16 pread=5.744s
DBG getmany L67 nw=16 wall=0.750s thr(out)1 thr(in)16 conc_peak=16 pread=11.236s
DBG getmany L68 nw=16 wall=0.691s thr(out)1 thr(in)16 conc_peak=16 pread=9.314s
DBG getmany L69 nw=16 wall=0.793s thr(out)1 thr(in)16 conc_peak=16 pread=7.553s
DBG getmany L70 nw=16 wall=0.531s thr(out)1 thr(in)16 conc_peak=16 pread=7.711s
DBG getmany L71 nw=16 wall=0.815s thr(out)1 thr(in)16 conc_peak=16 pread=12.294s
DBG getmany L72 nw=16 wall=0.746s thr(out)1 thr(in)16 conc_peak=16 pread=10.344s
DBG getmany L73 nw=16 wall=0.728s thr(out)1 thr(in)16 conc_peak=16 pread=10.047s
DBG getmany L74 nw=16 wall=0.537s thr(out)1 thr(in)16 conc_peak=16 pread=7.043s
DBG getmany L75 nw=16 wall=0.754s thr(out)1 thr(in)16 conc_peak=16 pread=11.226s
DBG getmany L76 nw=16 wall=0.686s thr(out)1 thr(in)16 conc_peak=16 pread=9.648s
DBG getmany L77 nw=16 wall=0.753s thr(out)1 thr(in)16 conc_peak=16 pread=11.206s
DBG getmany L78 nw=16 wall=0.530s thr(out)1 thr(in)16 conc_peak=16 pread=7.167s
DBG getmany L79 nw=16 wall=0.747s thr(out)1 thr(in)16 conc_peak=16 pread=9.084s
DBG getmany L80 nw=16 wall=0.708s thr(out)1 thr(in)16 conc_peak=16 pread=9.857s
DBG getmany L81 nw=16 wall=0.770s thr(out)1 thr(in)16 conc_peak=16 pread=11.316s
DBG getmany L82 nw=16 wall=0.525s thr(out)1 thr(in)16 conc_peak=16 pread=7.234s
DBG getmany L83 nw=16 wall=0.756s thr(out)1 thr(in)16 conc_peak=16 pread=9.900s
DBG getmany L84 nw=16 wall=0.731s thr(out)1 thr(in)16 conc_peak=16 pread=10.532s
DBG getmany L85 nw=16 wall=0.708s thr(out)1 thr(in)16 conc_peak=16 pread=7.996s
DBG getmany L86 nw=16 wall=0.512s thr(out)1 thr(in)16 conc_peak=16 pread=6.527s
DBG getmany L87 nw=16 wall=0.723s thr(out)1 thr(in)16 conc_peak=16 pread=9.809s
DBG getmany L88 nw=16 wall=0.741s thr(out)1 thr(in)16 conc_peak=16 pread=10.967s
DBG getmany L89 nw=16 wall=0.761s thr(out)1 thr(in)16 conc_peak=16 pread=10.168s
DBG getmany L90 nw=16 wall=0.580s thr(out)1 thr(in)16 conc_peak=16 pread=8.556s
DBG getmany L91 nw=16 wall=0.544s thr(out)1 thr(in)16 conc_peak=16 pread=7.461s
DBG getmany L92 nw=16 wall=0.255s thr(out)1 thr(in)16 conc_peak=16 pread=2.470s
1      802        85.31        100.0      25.83      0.012
  L2   resident=6779/14589 slots hit=100.0% read=51.66GB write=0.00GB
DBG getmany L1 nw=16 wall=0.257s thr(out)1 thr(in)16 conc_peak=16 pread=2.469s
DBG getmany L2 nw=15 wall=0.243s thr(out)1 thr(in)16 conc_peak=15 pread=2.095s
DBG getmany L3 nw=13 wall=0.207s thr(out)1 thr(in)16 conc_peak=13 pread=1.520s
DBG getmany L4 nw=15 wall=0.241s thr(out)1 thr(in)16 conc_peak=15 pread=2.204s
DBG getmany L5 nw=16 wall=0.246s thr(out)1 thr(in)16 conc_peak=16 pread=2.203s
DBG getmany L6 nw=15 wall=0.244s thr(out)1 thr(in)16 conc_peak=15 pread=2.038s
DBG getmany L7 nw=15 wall=0.219s thr(out)1 thr(in)16 conc_peak=15 pread=1.863s
DBG getmany L8 nw=16 wall=0.231s thr(out)1 thr(in)16 conc_peak=16 pread=2.218s
DBG getmany L9 nw=15 wall=0.219s thr(out)1 thr(in)16 conc_peak=15 pread=2.029s
DBG getmany L10 nw=15 wall=0.223s thr(out)1 thr(in)16 conc_peak=15 pread=1.929s
DBG getmany L11 nw=15 wall=0.226s thr(out)1 thr(in)16 conc_peak=15 pread=2.096s
DBG getmany L12 nw=15 wall=0.224s thr(out)1 thr(in)16 conc_peak=15 pread=1.899s
DBG getmany L13 nw=16 wall=0.249s thr(out)1 thr(in)16 conc_peak=16 pread=2.520s
DBG getmany L14 nw=15 wall=0.230s thr(out)1 thr(in)16 conc_peak=15 pread=2.094s
DBG getmany L15 nw=16 wall=0.247s thr(out)1 thr(in)16 conc_peak=16 pread=2.200s
DBG getmany L16 nw=15 wall=0.228s thr(out)1 thr(in)16 conc_peak=15 pread=2.046s
DBG getmany L17 nw=16 wall=0.243s thr(out)1 thr(in)16 conc_peak=16 pread=2.254s
DBG getmany L18 nw=16 wall=0.240s thr(out)1 thr(in)16 conc_peak=16 pread=2.138s
DBG getmany L19 nw=16 wall=0.242s thr(out)1 thr(in)16 conc_peak=16 pread=2.246s
DBG getmany L20 nw=16 wall=0.239s thr(out)1 thr(in)16 conc_peak=16 pread=2.402s
DBG getmany L21 nw=16 wall=0.708s thr(out)1 thr(in)16 conc_peak=16 pread=9.698s
DBG getmany L22 nw=16 wall=0.520s thr(out)1 thr(in)16 conc_peak=16 pread=6.513s
DBG getmany L23 nw=15 wall=0.668s thr(out)1 thr(in)16 conc_peak=15 pread=8.878s
DBG getmany L24 nw=13 wall=0.740s thr(out)1 thr(in)16 conc_peak=13 pread=7.998s
DBG getmany L25 nw=15 wall=0.713s thr(out)1 thr(in)16 conc_peak=15 pread=9.410s
DBG getmany L26 nw=15 wall=0.507s thr(out)1 thr(in)16 conc_peak=15 pread=6.342s
DBG getmany L27 nw=16 wall=0.694s thr(out)1 thr(in)16 conc_peak=16 pread=9.217s
DBG getmany L28 nw=15 wall=0.623s thr(out)1 thr(in)16 conc_peak=15 pread=8.074s
DBG getmany L29 nw=16 wall=0.732s thr(out)1 thr(in)16 conc_peak=16 pread=10.710s
DBG getmany L30 nw=16 wall=0.525s thr(out)1 thr(in)16 conc_peak=16 pread=7.445s
DBG getmany L31 nw=16 wall=0.725s thr(out)1 thr(in)16 conc_peak=16 pread=9.637s
DBG getmany L32 nw=14 wall=0.869s thr(out)1 thr(in)16 conc_peak=14 pread=9.419s
DBG getmany L33 nw=15 wall=0.782s thr(out)1 thr(in)16 conc_peak=15 pread=11.202s
DBG getmany L34 nw=16 wall=0.536s thr(out)1 thr(in)16 conc_peak=16 pread=7.660s
DBG getmany L35 nw=16 wall=0.754s thr(out)1 thr(in)16 conc_peak=16 pread=10.469s
DBG getmany L36 nw=14 wall=0.629s thr(out)1 thr(in)16 conc_peak=14 pread=8.029s
DBG getmany L37 nw=16 wall=0.722s thr(out)1 thr(in)16 conc_peak=16 pread=7.577s
DBG getmany L38 nw=16 wall=0.506s thr(out)1 thr(in)16 conc_peak=16 pread=6.829s
DBG getmany L39 nw=16 wall=0.705s thr(out)1 thr(in)16 conc_peak=16 pread=9.216s
DBG getmany L40 nw=16 wall=0.728s thr(out)1 thr(in)16 conc_peak=16 pread=10.461s
DBG getmany L41 nw=16 wall=0.697s thr(out)1 thr(in)16 conc_peak=16 pread=9.514s
DBG getmany L42 nw=16 wall=0.535s thr(out)1 thr(in)16 conc_peak=16 pread=7.579s
DBG getmany L43 nw=16 wall=0.774s thr(out)1 thr(in)16 conc_peak=16 pread=11.265s
DBG getmany L44 nw=16 wall=0.723s thr(out)1 thr(in)16 conc_peak=16 pread=10.153s
DBG getmany L45 nw=16 wall=0.779s thr(out)1 thr(in)16 conc_peak=16 pread=11.364s
DBG getmany L46 nw=15 wall=0.581s thr(out)1 thr(in)16 conc_peak=15 pread=6.566s
DBG getmany L47 nw=15 wall=0.703s thr(out)1 thr(in)16 conc_peak=15 pread=8.907s
DBG getmany L48 nw=15 wall=0.714s thr(out)1 thr(in)16 conc_peak=15 pread=7.301s
DBG getmany L49 nw=15 wall=0.727s thr(out)1 thr(in)16 conc_peak=15 pread=9.690s
DBG getmany L50 nw=16 wall=0.509s thr(out)1 thr(in)16 conc_peak=16 pread=7.310s
DBG getmany L51 nw=16 wall=0.722s thr(out)1 thr(in)16 conc_peak=16 pread=10.809s
DBG getmany L52 nw=16 wall=0.698s thr(out)1 thr(in)16 conc_peak=16 pread=8.153s
DBG getmany L53 nw=15 wall=0.702s thr(out)1 thr(in)16 conc_peak=15 pread=9.899s
DBG getmany L54 nw=16 wall=0.534s thr(out)1 thr(in)16 conc_peak=16 pread=7.636s
DBG getmany L55 nw=16 wall=0.728s thr(out)1 thr(in)16 conc_peak=16 pread=9.122s
DBG getmany L56 nw=16 wall=0.734s thr(out)1 thr(in)16 conc_peak=16 pread=8.236s
DBG getmany L57 nw=16 wall=0.725s thr(out)1 thr(in)16 conc_peak=16 pread=9.652s
DBG getmany L58 nw=16 wall=0.548s thr(out)1 thr(in)16 conc_peak=16 pread=8.131s
DBG getmany L59 nw=16 wall=0.749s thr(out)1 thr(in)16 conc_peak=16 pread=10.963s
DBG getmany L60 nw=16 wall=0.722s thr(out)1 thr(in)16 conc_peak=16 pread=8.610s
DBG getmany L61 nw=16 wall=0.691s thr(out)1 thr(in)16 conc_peak=16 pread=9.038s
DBG getmany L62 nw=16 wall=0.512s thr(out)1 thr(in)16 conc_peak=16 pread=7.498s
DBG getmany L63 nw=16 wall=0.748s thr(out)1 thr(in)16 conc_peak=16 pread=9.741s
DBG getmany L64 nw=16 wall=0.744s thr(out)1 thr(in)16 conc_peak=16 pread=8.888s
DBG getmany L65 nw=16 wall=0.686s thr(out)1 thr(in)16 conc_peak=16 pread=10.111s
DBG getmany L66 nw=16 wall=0.597s thr(out)1 thr(in)16 conc_peak=16 pread=8.579s
DBG getmany L67 nw=16 wall=0.754s thr(out)1 thr(in)16 conc_peak=16 pread=10.655s
DBG getmany L68 nw=16 wall=0.704s thr(out)1 thr(in)16 conc_peak=16 pread=9.053s
DBG getmany L69 nw=16 wall=0.741s thr(out)1 thr(in)16 conc_peak=16 pread=10.021s
DBG getmany L70 nw=16 wall=0.526s thr(out)1 thr(in)16 conc_peak=16 pread=6.671s
DBG getmany L71 nw=16 wall=0.805s thr(out)1 thr(in)16 conc_peak=16 pread=9.723s
DBG getmany L72 nw=16 wall=0.782s thr(out)1 thr(in)16 conc_peak=16 pread=9.580s
DBG getmany L73 nw=16 wall=0.713s thr(out)1 thr(in)16 conc_peak=16 pread=9.012s
DBG getmany L74 nw=16 wall=0.547s thr(out)1 thr(in)16 conc_peak=16 pread=7.709s
DBG getmany L75 nw=16 wall=0.736s thr(out)1 thr(in)16 conc_peak=16 pread=9.583s
DBG getmany L76 nw=16 wall=0.673s thr(out)1 thr(in)16 conc_peak=16 pread=9.003s
DBG getmany L77 nw=16 wall=0.743s thr(out)1 thr(in)16 conc_peak=16 pread=9.363s
DBG getmany L78 nw=16 wall=0.525s thr(out)1 thr(in)16 conc_peak=16 pread=7.077s
DBG getmany L79 nw=16 wall=0.705s thr(out)1 thr(in)16 conc_peak=16 pread=8.865s
DBG getmany L80 nw=16 wall=0.714s thr(out)1 thr(in)16 conc_peak=16 pread=9.115s
DBG getmany L81 nw=15 wall=0.728s thr(out)1 thr(in)16 conc_peak=15 pread=8.622s
DBG getmany L82 nw=16 wall=0.516s thr(out)1 thr(in)16 conc_peak=16 pread=7.142s
DBG getmany L83 nw=13 wall=0.707s thr(out)1 thr(in)16 conc_peak=13 pread=8.289s
DBG getmany L84 nw=13 wall=0.688s thr(out)1 thr(in)16 conc_peak=13 pread=6.049s
DBG getmany L85 nw=14 wall=0.675s thr(out)1 thr(in)16 conc_peak=14 pread=8.508s
DBG getmany L86 nw=16 wall=0.488s thr(out)1 thr(in)16 conc_peak=16 pread=6.123s
DBG getmany L87 nw=13 wall=0.646s thr(out)1 thr(in)16 conc_peak=13 pread=6.421s
DBG getmany L88 nw=15 wall=0.714s thr(out)1 thr(in)16 conc_peak=15 pread=9.522s
DBG getmany L89 nw=13 wall=0.701s thr(out)1 thr(in)16 conc_peak=13 pread=7.907s
DBG getmany L90 nw=12 wall=0.479s thr(out)1 thr(in)16 conc_peak=12 pread=4.859s
DBG getmany L91 nw=13 wall=0.477s thr(out)1 thr(in)16 conc_peak=13 pread=5.355s
DBG getmany L92 nw=13 wall=0.201s thr(out)1 thr(in)16 conc_peak=13 pread=1.466s
2      24         73.12        100.0      24.85      0.014
  L2   resident=6779/14589 slots hit=100.0% read=76.51GB write=0.00GB
--------------------------------------------------------------------
3 tokens in 269.5 s, 89.82 s/token average
PEAK RSS for the whole run: 37.16 GB   <- quote this, not the plan
layers completed: 93/93; routed expert drops: 0


[chip] simulated MXFP4 GEMV bill over 4 tokens
  4416 expert chains | 291722231808 flops | 77488717824 bytes (77.49 GB)
  per token: 1104 chains | 19.37 GB | 0.07 Gflops
  compute wall @ 4 TFLOPS : 0.07 s (18.23 ms/token)
  bandwidth wall @ 200 GB/s : 0.39 s (96.86 ms/token)
  -> bandwidth-bound; to be compute-bound at 4 TFLOPS this needs 1062 GB/s
  expert fetch (host wall, measured): 185.83 s moving 77.49 GB = 0 GB/s
  chip pool wall (measured): 24.41 s

cache [final step]
  slots        : 854 of 17.56 MB = 14.99 GB arena (854 resident, 0 pinned)
  requests     : 1472  hits 1472 (100.00%)  misses 0  evictions 1416
  of those hits : 1416 came from the batch prefetch, i.e. read from disk
                  this token; TRUE resident hit rate 3.80%
  read from disk: 24.85 GB in 52.35 s (475 MB/s while loading)
  phase2 i/o    : 24.86 GB in 52.35 s (475 MB/s)  [pure parallel disk read]
l2cache [final step]
  requests     : 4360  hits 4360 (100.00%)  misses 0
  read  from sdd7: 76.51 GB, written 0.00 GB
  fd split  : 3344 O_DIRECT, 0 BUFFERED (0.00% buffered)
  hit I/O   : 76.51 GB in 185.19 s (wall) = 413 MB/s [pread 2375.37 s, 32 MB/s per-thread]
  miss I/O  : 0 misses, 0.00 GB from /model in 0.00 s (wall) = 0 MB/s
  restored from meta: 6779 slots
kio tier0: 4595 reqs, 216.66 GB delivered | per-stream 87 MB/s, aggregate 804 MB/s, concurrency 9.3x | queue 82.7 s (3.3% of io), submit-lock 3.5 s, worker-lock 0.1 s, sleep 1913.7 s in 8254 waits (44% of worker-time)
      group0: 235 reqs, 140.16 GB | per-stream 689 MB/s | queue 0.1 s (0.1%)
      group1: 4360 reqs, 76.51 GB | per-stream 33 MB/s | queue 82.5 s (3.6%)

wrote reports/gateab_ab/v61_burst/burst_p4/ctrl.json
I/O share of wall clock: 144.3%  (trunk 203.6 s + experts 185.2 s of 269.5 s)
  both figures are WHOLE-RUN totals over 3 steps
  expert phase split: phase1 SERIAL reserve 0.1 s (552 calls) vs phase2 read 185.2 s
  over 100% because trunk reads overlap compute on the reader thread;
  119.3 s of device time was hidden behind arithmetic
  experts, whole run: 76.51 GB read | 910 of 4416 requests retained in RAM (20.61%) | 3506 evictions
    (retention = requests - evictions; the raw `hits` counter includes
     experts the prefetcher had just read from disk, so it is not a
     measure of avoided I/O)

trunk [final]
  pinned 22/93 layers, ring 2 slots
  binds 279, hits 44 (15.8%), reads 235
  read 140.16 GB in 203.55 s (689 MB/s pread)
  per-layer loads [L]=count: 0=1 1=1 2=1 3=1 4=1 5=1 6=1 7=1 8=1 9=1 10=1 11=1 12=1 13=1 14=1 15=1 16=1 17=1 18=1 19=1 20=1 21=1 22=3 23=3 24=3 25=3 26=3 27=3 28=3 29=3 30=3 31=3 32=3 33=3 34=3 35=3 36=3 37=3 38=3 39=3 40=3 41=3 42=3 43=3 44=3 45=3 46=3 47=3 48=3 49=3 50=3 51=3 52=3 53=3 54=3 55=3 56=3 57=3 58=3 59=3 60=3 61=3 62=3 63=3 64=3 65=3 66=3 67=3 68=3 69=3 70=3 71=3 72=3 73=3 74=3 75=3 76=3 77=3 78=3 79=3 80=3 81=3 82=3 83=3 84=3 85=3 86=3 87=3 88=3 89=3 90=3 91=3 92=3
  bind wall 22.44 s over 279 binds; read 203.55 + widen 1.89 = 205.44 s of device work,
                    of which 183.00 s (89%) overlapped compute on the reader thread
  widen breakdown: find 5 ms (7365)  copy 0 ms (3444)  deq 1879 ms (2370)  timed 2 s of widen 1.89 s
