L2 auto: 209 GB free on /mnt/nvme -> L2 at 256 GB
k3 chip: 4 workers, 4 TFLOPS, 200 GB/s simulated wall
  L2 want=17547264 slot=17547264 nbytes=17547264 fd=O_DIRECT
  L2 want=17547264 slot=17547264 nbytes=17547264 fd=O_DIRECT
  L2 want=17547264 slot=17547264 nbytes=17547264 fd=O_DIRECT
  L2 want=17547264 slot=17547264 nbytes=17547264 fd=O_DIRECT
  L2 want=17547264 slot=17547264 nbytes=17547264 fd=O_DIRECT
  L2 want=17547264 slot=17547264 nbytes=17547264 fd=O_DIRECT
  L2 want=17547264 slot=17547264 nbytes=17547264 fd=O_DIRECT
  L2 want=17547264 slot=17547264 nbytes=17547264 fd=O_DIRECT
  L2 want=17547264 slot=17547264 nbytes=17547264 fd=O_DIRECT
  L2 want=17547264 slot=17547264 nbytes=17547264 fd=O_DIRECT
  L2 want=17547264 slot=17547264 nbytes=17547264 fd=O_DIRECT
  L2 want=17547264 slot=17547264 nbytes=17547264 fd=O_DIRECT
  L2 want=17547264 slot=17547264 nbytes=17547264 fd=O_DIRECT
  L2 want=17547264 slot=17547264 nbytes=17547264 fd=O_DIRECT
  L2 want=17547264 slot=17547264 nbytes=17547264 fd=O_DIRECT
  L2 want=17547264 slot=17547264 nbytes=17547264 fd=O_DIRECT
DBG getmany L1 nw=16 wall=0.246s thr(out)1 thr(in)16 conc_peak=16 pread=1.554s
DBG getmany L2 nw=16 wall=0.211s thr(out)1 thr(in)16 conc_peak=16 pread=2.253s
DBG getmany L3 nw=16 wall=0.222s thr(out)1 thr(in)16 conc_peak=16 pread=2.478s
DBG getmany L4 nw=16 wall=0.206s thr(out)1 thr(in)16 conc_peak=16 pread=2.225s
DBG getmany L5 nw=16 wall=0.197s thr(out)1 thr(in)16 conc_peak=16 pread=2.133s
DBG getmany L6 nw=16 wall=0.210s thr(out)1 thr(in)16 conc_peak=16 pread=2.290s
DBG getmany L7 nw=16 wall=0.201s thr(out)1 thr(in)16 conc_peak=16 pread=2.107s
DBG getmany L8 nw=16 wall=0.213s thr(out)1 thr(in)16 conc_peak=16 pread=2.309s
DBG getmany L9 nw=16 wall=0.219s thr(out)1 thr(in)16 conc_peak=16 pread=2.403s
DBG getmany L10 nw=16 wall=0.224s thr(out)1 thr(in)16 conc_peak=16 pread=2.486s
DBG getmany L11 nw=16 wall=0.216s thr(out)1 thr(in)16 conc_peak=16 pread=2.383s
DBG getmany L12 nw=16 wall=0.233s thr(out)1 thr(in)16 conc_peak=16 pread=2.488s
DBG getmany L13 nw=16 wall=0.235s thr(out)1 thr(in)16 conc_peak=16 pread=2.605s
DBG getmany L14 nw=16 wall=0.228s thr(out)1 thr(in)16 conc_peak=16 pread=2.461s
DBG getmany L15 nw=16 wall=0.236s thr(out)1 thr(in)16 conc_peak=16 pread=2.707s
DBG getmany L16 nw=16 wall=0.222s thr(out)1 thr(in)16 conc_peak=16 pread=2.410s
DBG getmany L17 nw=16 wall=0.230s thr(out)1 thr(in)16 conc_peak=16 pread=2.638s
DBG getmany L18 nw=16 wall=0.221s thr(out)1 thr(in)16 conc_peak=16 pread=2.458s
DBG getmany L19 nw=16 wall=0.249s thr(out)1 thr(in)16 conc_peak=16 pread=2.852s
DBG getmany L20 nw=16 wall=0.231s thr(out)1 thr(in)16 conc_peak=16 pread=2.585s
DBG getmany L21 nw=16 wall=0.241s thr(out)1 thr(in)16 conc_peak=16 pread=2.709s
DBG getmany L22 nw=16 wall=0.292s thr(out)1 thr(in)16 conc_peak=16 pread=2.724s
DBG getmany L23 nw=16 wall=0.476s thr(out)1 thr(in)16 conc_peak=16 pread=5.928s
DBG getmany L24 nw=16 wall=0.539s thr(out)1 thr(in)16 conc_peak=16 pread=7.029s
DBG getmany L25 nw=16 wall=0.512s thr(out)1 thr(in)16 conc_peak=16 pread=6.371s
DBG getmany L26 nw=16 wall=0.325s thr(out)1 thr(in)16 conc_peak=16 pread=4.530s
DBG getmany L27 nw=16 wall=0.488s thr(out)1 thr(in)16 conc_peak=16 pread=5.804s
DBG getmany L28 nw=16 wall=0.443s thr(out)1 thr(in)16 conc_peak=16 pread=5.533s
DBG getmany L29 nw=16 wall=0.501s thr(out)1 thr(in)16 conc_peak=16 pread=5.555s
DBG getmany L30 nw=16 wall=0.374s thr(out)1 thr(in)16 conc_peak=16 pread=4.927s
DBG getmany L31 nw=16 wall=0.534s thr(out)1 thr(in)16 conc_peak=16 pread=6.553s
DBG getmany L32 nw=16 wall=0.507s thr(out)1 thr(in)16 conc_peak=16 pread=6.646s
DBG getmany L33 nw=16 wall=0.519s thr(out)1 thr(in)16 conc_peak=16 pread=7.144s
DBG getmany L34 nw=16 wall=0.378s thr(out)1 thr(in)16 conc_peak=16 pread=4.866s
DBG getmany L35 nw=16 wall=0.583s thr(out)1 thr(in)16 conc_peak=16 pread=6.566s
DBG getmany L36 nw=16 wall=0.542s thr(out)1 thr(in)16 conc_peak=16 pread=5.258s
DBG getmany L37 nw=16 wall=0.508s thr(out)1 thr(in)16 conc_peak=16 pread=5.728s
DBG getmany L38 nw=16 wall=0.356s thr(out)1 thr(in)16 conc_peak=16 pread=4.321s
DBG getmany L39 nw=16 wall=0.563s thr(out)1 thr(in)16 conc_peak=16 pread=7.554s
DBG getmany L40 nw=16 wall=0.498s thr(out)1 thr(in)16 conc_peak=16 pread=7.142s
DBG getmany L41 nw=16 wall=0.501s thr(out)1 thr(in)16 conc_peak=16 pread=6.860s
DBG getmany L42 nw=16 wall=0.380s thr(out)1 thr(in)16 conc_peak=16 pread=5.148s
DBG getmany L43 nw=16 wall=0.549s thr(out)1 thr(in)16 conc_peak=16 pread=7.567s
DBG getmany L44 nw=16 wall=0.516s thr(out)1 thr(in)16 conc_peak=16 pread=5.695s
DBG getmany L45 nw=16 wall=0.515s thr(out)1 thr(in)16 conc_peak=16 pread=6.424s
DBG getmany L46 nw=16 wall=0.400s thr(out)1 thr(in)16 conc_peak=16 pread=5.141s
DBG getmany L47 nw=16 wall=0.554s thr(out)1 thr(in)16 conc_peak=16 pread=7.631s
DBG getmany L48 nw=16 wall=0.462s thr(out)1 thr(in)16 conc_peak=16 pread=5.851s
DBG getmany L49 nw=16 wall=0.561s thr(out)1 thr(in)16 conc_peak=16 pread=6.777s
DBG getmany L50 nw=16 wall=0.646s thr(out)1 thr(in)16 conc_peak=16 pread=6.062s
DBG getmany L51 nw=16 wall=0.548s thr(out)1 thr(in)16 conc_peak=16 pread=7.428s
DBG getmany L52 nw=16 wall=0.467s thr(out)1 thr(in)16 conc_peak=16 pread=5.869s
DBG getmany L53 nw=16 wall=0.474s thr(out)1 thr(in)16 conc_peak=16 pread=5.684s
DBG getmany L54 nw=16 wall=0.421s thr(out)1 thr(in)16 conc_peak=16 pread=4.866s
DBG getmany L55 nw=16 wall=0.557s thr(out)1 thr(in)16 conc_peak=16 pread=8.248s
DBG getmany L56 nw=16 wall=11.672s thr(out)1 thr(in)16 conc_peak=16 pread=171.675s
DBG getmany L57 nw=16 wall=0.568s thr(out)1 thr(in)16 conc_peak=16 pread=8.331s
DBG getmany L58 nw=16 wall=0.419s thr(out)1 thr(in)16 conc_peak=16 pread=5.711s
DBG getmany L59 nw=16 wall=0.541s thr(out)1 thr(in)16 conc_peak=16 pread=7.573s
DBG getmany L60 nw=16 wall=0.518s thr(out)1 thr(in)16 conc_peak=16 pread=7.753s
DBG getmany L61 nw=16 wall=0.554s thr(out)1 thr(in)16 conc_peak=16 pread=8.066s
DBG getmany L62 nw=16 wall=0.360s thr(out)1 thr(in)16 conc_peak=16 pread=4.791s
DBG getmany L63 nw=16 wall=0.569s thr(out)1 thr(in)16 conc_peak=16 pread=7.977s
DBG getmany L64 nw=16 wall=0.554s thr(out)1 thr(in)16 conc_peak=16 pread=7.349s
DBG getmany L65 nw=16 wall=0.551s thr(out)1 thr(in)16 conc_peak=16 pread=8.156s
DBG getmany L66 nw=16 wall=0.371s thr(out)1 thr(in)16 conc_peak=16 pread=4.885s
DBG getmany L67 nw=16 wall=0.569s thr(out)1 thr(in)16 conc_peak=16 pread=6.858s
DBG getmany L68 nw=16 wall=0.496s thr(out)1 thr(in)16 conc_peak=16 pread=7.217s
DBG getmany L69 nw=16 wall=0.562s thr(out)1 thr(in)16 conc_peak=16 pread=5.541s
DBG getmany L70 nw=16 wall=0.375s thr(out)1 thr(in)16 conc_peak=16 pread=4.438s
DBG getmany L71 nw=16 wall=0.579s thr(out)1 thr(in)16 conc_peak=16 pread=8.116s
DBG getmany L72 nw=16 wall=0.558s thr(out)1 thr(in)16 conc_peak=16 pread=8.054s
DBG getmany L73 nw=16 wall=0.571s thr(out)1 thr(in)16 conc_peak=16 pread=6.903s
DBG getmany L74 nw=16 wall=0.378s thr(out)1 thr(in)16 conc_peak=16 pread=5.415s
DBG getmany L75 nw=16 wall=0.539s thr(out)1 thr(in)16 conc_peak=16 pread=7.411s
DBG getmany L76 nw=16 wall=0.496s thr(out)1 thr(in)16 conc_peak=16 pread=7.255s
DBG getmany L77 nw=16 wall=0.554s thr(out)1 thr(in)16 conc_peak=16 pread=6.835s
DBG getmany L78 nw=16 wall=0.423s thr(out)1 thr(in)16 conc_peak=16 pread=5.738s
DBG getmany L79 nw=16 wall=0.546s thr(out)1 thr(in)16 conc_peak=16 pread=7.754s
DBG getmany L80 nw=16 wall=0.472s thr(out)1 thr(in)16 conc_peak=16 pread=6.106s
DBG getmany L81 nw=16 wall=0.541s thr(out)1 thr(in)16 conc_peak=16 pread=7.649s
DBG getmany L82 nw=16 wall=0.357s thr(out)1 thr(in)16 conc_peak=16 pread=4.420s
DBG getmany L83 nw=16 wall=0.522s thr(out)1 thr(in)16 conc_peak=16 pread=6.756s
DBG getmany L84 nw=16 wall=0.516s thr(out)1 thr(in)16 conc_peak=16 pread=7.065s
DBG getmany L85 nw=16 wall=0.502s thr(out)1 thr(in)16 conc_peak=16 pread=5.454s
DBG getmany L86 nw=16 wall=0.363s thr(out)1 thr(in)16 conc_peak=16 pread=5.265s
DBG getmany L87 nw=16 wall=0.562s thr(out)1 thr(in)16 conc_peak=16 pread=8.503s
DBG getmany L88 nw=16 wall=0.498s thr(out)1 thr(in)16 conc_peak=16 pread=6.104s
DBG getmany L89 nw=16 wall=0.507s thr(out)1 thr(in)16 conc_peak=16 pread=6.223s
DBG getmany L90 nw=16 wall=0.521s thr(out)1 thr(in)16 conc_peak=16 pread=6.960s
DBG getmany L91 nw=16 wall=0.556s thr(out)1 thr(in)16 conc_peak=16 pread=7.351s
DBG getmany L92 nw=16 wall=0.238s thr(out)1 thr(in)16 conc_peak=16 pread=2.317s
config: /model/config.json (nested shape) | hidden=7168 layers=93 vocab=163840 | 24 MLA + 69 KDA | experts 896 top16 shared2 | latent=3584
  KV cache : 11.85 MB for 5 positions (2.37 MB/position)
Kimi K3, pure C, released checkpoint
  model    : /model
  prompt   : 1 tokens, generating 3

indexed 497220 tensors from 96 shards in 3.97 s
trunk on disk : 110.00 GB total (STREAMED from /mnt/nvme/trunk_layers_out, not held in RAM)

memory plan
  trunk (STREAMED) 32.00 GB
  embed + lm_head  4.70 GB
  expert cache     15.00 GB
  recurrent state  626.25 MB
  buffers          4.68 MB
  KV cache         11.83 MB
  TOTAL            52.34 GB
  available        57.82 GB

k3_trunk: trunk.bin absent - using per-layer slices (layer_%03d.bin)
trunk stream: 56.60 GB packed, 22/93 layers PINNED (29.30 GB), ring 2 x 1.30 GB
              reads use buffered I/O
              ring holds 2 slots: layers repeat over ~2 tokens, so recent ones are reused instead of re-read
trunk streaming enabled from /mnt/nvme/trunk_layers_out in 0.0 s
embedding, final norm and lm_head: 4.70 GB in 11.0 s

expert L1 eviction policy: heat
expert L2 cache enabled: 14589 slots x 17.55 MB = 256.00 GB on /mnt/nvme/experts.l2
expert L2 exact: nslot=14589 slot_bytes=17547264 l2_slot=17547264 K3_ST_ALIGN=4096
expert L2 eviction policy: heat
peak RSS after loading weights: 4.78 GB  (the plan above is a forecast, this is measured)
expert cache: 854 slots x 17.56 MB = 14.99 GB (1.04% of the 1.45 TB expert pool)

recurrent state for 93 layers: 626.25 MB

incremental decode: KV cache 11.83 MB for 24 MLA layers at 5 positions

STEP   TOKEN      SECONDS      CACHE HIT  READ GB    TOK/S
--------------------------------------------------------------------
0      220        90.02        100.0      25.83      0.011
  L2   resident=6779/14589 slots hit=100.0% read=25.83GB write=0.00GB
DBG getmany L1 nw=16 wall=0.250s thr(out)1 thr(in)16 conc_peak=16 pread=2.333s
DBG getmany L2 nw=16 wall=0.235s thr(out)1 thr(in)16 conc_peak=16 pread=2.352s
DBG getmany L3 nw=16 wall=0.239s thr(out)1 thr(in)16 conc_peak=16 pread=2.191s
DBG getmany L4 nw=16 wall=0.230s thr(out)1 thr(in)16 conc_peak=16 pread=2.166s
DBG getmany L5 nw=16 wall=0.233s thr(out)1 thr(in)16 conc_peak=16 pread=2.089s
DBG getmany L6 nw=16 wall=0.240s thr(out)1 thr(in)16 conc_peak=16 pread=2.231s
DBG getmany L7 nw=16 wall=0.238s thr(out)1 thr(in)16 conc_peak=16 pread=2.239s
DBG getmany L8 nw=16 wall=0.232s thr(out)1 thr(in)16 conc_peak=16 pread=2.093s
DBG getmany L9 nw=16 wall=0.240s thr(out)1 thr(in)16 conc_peak=16 pread=2.265s
DBG getmany L10 nw=16 wall=0.246s thr(out)1 thr(in)16 conc_peak=16 pread=2.286s
DBG getmany L11 nw=16 wall=0.244s thr(out)1 thr(in)16 conc_peak=16 pread=2.197s
DBG getmany L12 nw=16 wall=0.236s thr(out)1 thr(in)16 conc_peak=16 pread=2.209s
DBG getmany L13 nw=16 wall=0.248s thr(out)1 thr(in)16 conc_peak=16 pread=2.249s
DBG getmany L14 nw=16 wall=0.244s thr(out)1 thr(in)16 conc_peak=16 pread=2.251s
DBG getmany L15 nw=16 wall=0.247s thr(out)1 thr(in)16 conc_peak=16 pread=2.200s
DBG getmany L16 nw=16 wall=0.244s thr(out)1 thr(in)16 conc_peak=16 pread=2.254s
DBG getmany L17 nw=16 wall=0.237s thr(out)1 thr(in)16 conc_peak=16 pread=2.286s
DBG getmany L18 nw=16 wall=0.241s thr(out)1 thr(in)16 conc_peak=16 pread=2.098s
DBG getmany L19 nw=16 wall=0.241s thr(out)1 thr(in)16 conc_peak=16 pread=2.200s
DBG getmany L20 nw=16 wall=0.241s thr(out)1 thr(in)16 conc_peak=16 pread=2.219s
DBG getmany L21 nw=16 wall=0.769s thr(out)1 thr(in)16 conc_peak=16 pread=11.029s
DBG getmany L22 nw=16 wall=0.567s thr(out)1 thr(in)16 conc_peak=16 pread=7.417s
DBG getmany L23 nw=16 wall=0.693s thr(out)1 thr(in)16 conc_peak=16 pread=8.253s
DBG getmany L24 nw=16 wall=0.843s thr(out)1 thr(in)16 conc_peak=16 pread=8.301s
DBG getmany L25 nw=16 wall=0.750s thr(out)1 thr(in)16 conc_peak=16 pread=10.319s
DBG getmany L26 nw=16 wall=0.567s thr(out)1 thr(in)16 conc_peak=16 pread=6.872s
DBG getmany L27 nw=16 wall=0.728s thr(out)1 thr(in)16 conc_peak=16 pread=10.699s
DBG getmany L28 nw=16 wall=0.712s thr(out)1 thr(in)16 conc_peak=16 pread=9.989s
DBG getmany L29 nw=16 wall=0.723s thr(out)1 thr(in)16 conc_peak=16 pread=9.666s
DBG getmany L30 nw=16 wall=0.569s thr(out)1 thr(in)16 conc_peak=16 pread=7.529s
DBG getmany L31 nw=16 wall=0.776s thr(out)1 thr(in)16 conc_peak=16 pread=10.151s
DBG getmany L32 nw=16 wall=0.714s thr(out)1 thr(in)16 conc_peak=16 pread=8.865s
DBG getmany L33 nw=16 wall=0.808s thr(out)1 thr(in)16 conc_peak=16 pread=11.046s
DBG getmany L34 nw=16 wall=0.559s thr(out)1 thr(in)16 conc_peak=16 pread=7.344s
DBG getmany L35 nw=16 wall=0.787s thr(out)1 thr(in)16 conc_peak=16 pread=10.204s
DBG getmany L36 nw=16 wall=0.766s thr(out)1 thr(in)16 conc_peak=16 pread=10.686s
DBG getmany L37 nw=16 wall=0.786s thr(out)1 thr(in)16 conc_peak=16 pread=11.598s
DBG getmany L38 nw=16 wall=0.522s thr(out)1 thr(in)16 conc_peak=16 pread=7.049s
DBG getmany L39 nw=16 wall=0.781s thr(out)1 thr(in)16 conc_peak=16 pread=10.057s
DBG getmany L40 nw=16 wall=0.748s thr(out)1 thr(in)16 conc_peak=16 pread=9.572s
DBG getmany L41 nw=16 wall=0.775s thr(out)1 thr(in)16 conc_peak=16 pread=8.675s
DBG getmany L42 nw=16 wall=0.565s thr(out)1 thr(in)16 conc_peak=16 pread=7.842s
DBG getmany L43 nw=16 wall=0.802s thr(out)1 thr(in)16 conc_peak=16 pread=10.929s
DBG getmany L44 nw=16 wall=0.753s thr(out)1 thr(in)16 conc_peak=16 pread=10.836s
DBG getmany L45 nw=16 wall=0.768s thr(out)1 thr(in)16 conc_peak=16 pread=11.124s
DBG getmany L46 nw=16 wall=0.561s thr(out)1 thr(in)16 conc_peak=16 pread=7.623s
DBG getmany L47 nw=16 wall=0.776s thr(out)1 thr(in)16 conc_peak=16 pread=11.224s
DBG getmany L48 nw=16 wall=0.730s thr(out)1 thr(in)16 conc_peak=16 pread=10.529s
DBG getmany L49 nw=16 wall=0.678s thr(out)1 thr(in)16 conc_peak=16 pread=7.940s
DBG getmany L50 nw=16 wall=0.577s thr(out)1 thr(in)16 conc_peak=16 pread=7.699s
DBG getmany L51 nw=16 wall=0.757s thr(out)1 thr(in)16 conc_peak=16 pread=11.369s
DBG getmany L52 nw=16 wall=0.730s thr(out)1 thr(in)16 conc_peak=16 pread=8.969s
DBG getmany L53 nw=16 wall=0.749s thr(out)1 thr(in)16 conc_peak=16 pread=10.137s
DBG getmany L54 nw=16 wall=0.568s thr(out)1 thr(in)16 conc_peak=16 pread=7.586s
DBG getmany L55 nw=16 wall=0.769s thr(out)1 thr(in)16 conc_peak=16 pread=10.939s
DBG getmany L56 nw=16 wall=0.731s thr(out)1 thr(in)16 conc_peak=16 pread=10.152s
DBG getmany L57 nw=16 wall=0.742s thr(out)1 thr(in)16 conc_peak=16 pread=10.167s
DBG getmany L58 nw=16 wall=0.551s thr(out)1 thr(in)16 conc_peak=16 pread=7.190s
DBG getmany L59 nw=16 wall=0.766s thr(out)1 thr(in)16 conc_peak=16 pread=10.673s
DBG getmany L60 nw=16 wall=0.767s thr(out)1 thr(in)16 conc_peak=16 pread=11.339s
DBG getmany L61 nw=16 wall=0.694s thr(out)1 thr(in)16 conc_peak=16 pread=9.129s
DBG getmany L62 nw=16 wall=0.499s thr(out)1 thr(in)16 conc_peak=16 pread=7.107s
DBG getmany L63 nw=16 wall=0.762s thr(out)1 thr(in)16 conc_peak=16 pread=10.007s
DBG getmany L64 nw=16 wall=0.741s thr(out)1 thr(in)16 conc_peak=16 pread=4.580s
DBG getmany L65 nw=16 wall=0.743s thr(out)1 thr(in)16 conc_peak=16 pread=10.537s
DBG getmany L66 nw=16 wall=0.538s thr(out)1 thr(in)16 conc_peak=16 pread=6.815s
DBG getmany L67 nw=16 wall=0.796s thr(out)1 thr(in)16 conc_peak=16 pread=11.479s
DBG getmany L68 nw=16 wall=0.757s thr(out)1 thr(in)16 conc_peak=16 pread=8.789s
DBG getmany L69 nw=16 wall=0.775s thr(out)1 thr(in)16 conc_peak=16 pread=9.629s
DBG getmany L70 nw=16 wall=0.562s thr(out)1 thr(in)16 conc_peak=16 pread=8.157s
DBG getmany L71 nw=16 wall=0.837s thr(out)1 thr(in)16 conc_peak=16 pread=12.181s
DBG getmany L72 nw=16 wall=0.742s thr(out)1 thr(in)16 conc_peak=16 pread=10.903s
DBG getmany L73 nw=16 wall=0.788s thr(out)1 thr(in)16 conc_peak=16 pread=9.548s
DBG getmany L74 nw=16 wall=0.581s thr(out)1 thr(in)16 conc_peak=16 pread=8.264s
DBG getmany L75 nw=16 wall=0.791s thr(out)1 thr(in)16 conc_peak=16 pread=10.241s
DBG getmany L76 nw=16 wall=0.717s thr(out)1 thr(in)16 conc_peak=16 pread=10.631s
DBG getmany L77 nw=16 wall=0.729s thr(out)1 thr(in)16 conc_peak=16 pread=9.479s
DBG getmany L78 nw=16 wall=0.559s thr(out)1 thr(in)16 conc_peak=16 pread=7.061s
DBG getmany L79 nw=16 wall=0.650s thr(out)1 thr(in)16 conc_peak=16 pread=7.425s
DBG getmany L80 nw=16 wall=0.723s thr(out)1 thr(in)16 conc_peak=16 pread=10.664s
DBG getmany L81 nw=16 wall=0.799s thr(out)1 thr(in)16 conc_peak=16 pread=11.578s
DBG getmany L82 nw=16 wall=0.531s thr(out)1 thr(in)16 conc_peak=16 pread=6.547s
DBG getmany L83 nw=16 wall=0.789s thr(out)1 thr(in)16 conc_peak=16 pread=10.679s
DBG getmany L84 nw=16 wall=0.760s thr(out)1 thr(in)16 conc_peak=16 pread=10.046s
DBG getmany L85 nw=16 wall=0.746s thr(out)1 thr(in)16 conc_peak=16 pread=10.305s
DBG getmany L86 nw=16 wall=0.515s thr(out)1 thr(in)16 conc_peak=16 pread=7.524s
DBG getmany L87 nw=16 wall=0.752s thr(out)1 thr(in)16 conc_peak=16 pread=10.617s
DBG getmany L88 nw=16 wall=0.751s thr(out)1 thr(in)16 conc_peak=16 pread=10.096s
DBG getmany L89 nw=16 wall=0.734s thr(out)1 thr(in)16 conc_peak=16 pread=8.130s
DBG getmany L90 nw=16 wall=0.545s thr(out)1 thr(in)16 conc_peak=16 pread=7.912s
DBG getmany L91 nw=16 wall=0.582s thr(out)1 thr(in)16 conc_peak=16 pread=7.960s
DBG getmany L92 nw=16 wall=0.251s thr(out)1 thr(in)16 conc_peak=16 pread=2.393s
1      802        75.00        100.0      25.83      0.013
  L2   resident=6779/14589 slots hit=100.0% read=51.66GB write=0.00GB
DBG getmany L1 nw=16 wall=0.254s thr(out)1 thr(in)16 conc_peak=16 pread=2.375s
DBG getmany L2 nw=15 wall=0.238s thr(out)1 thr(in)16 conc_peak=15 pread=2.030s
DBG getmany L3 nw=13 wall=0.206s thr(out)1 thr(in)16 conc_peak=13 pread=1.518s
DBG getmany L4 nw=15 wall=0.238s thr(out)1 thr(in)16 conc_peak=15 pread=1.984s
DBG getmany L5 nw=16 wall=0.250s thr(out)1 thr(in)16 conc_peak=16 pread=2.495s
DBG getmany L6 nw=15 wall=0.237s thr(out)1 thr(in)16 conc_peak=15 pread=2.015s
DBG getmany L7 nw=15 wall=0.216s thr(out)1 thr(in)16 conc_peak=15 pread=1.779s
DBG getmany L8 nw=16 wall=0.232s thr(out)1 thr(in)16 conc_peak=16 pread=2.105s
DBG getmany L9 nw=15 wall=0.219s thr(out)1 thr(in)16 conc_peak=15 pread=1.965s
DBG getmany L10 nw=15 wall=0.218s thr(out)1 thr(in)16 conc_peak=15 pread=1.875s
DBG getmany L11 nw=15 wall=0.225s thr(out)1 thr(in)16 conc_peak=15 pread=1.954s
DBG getmany L12 nw=15 wall=0.224s thr(out)1 thr(in)16 conc_peak=15 pread=2.105s
DBG getmany L13 nw=16 wall=0.245s thr(out)1 thr(in)16 conc_peak=16 pread=2.338s
DBG getmany L14 nw=15 wall=0.227s thr(out)1 thr(in)16 conc_peak=15 pread=1.921s
DBG getmany L15 nw=16 wall=0.246s thr(out)1 thr(in)16 conc_peak=16 pread=2.231s
DBG getmany L16 nw=15 wall=0.228s thr(out)1 thr(in)16 conc_peak=15 pread=2.038s
DBG getmany L17 nw=16 wall=0.242s thr(out)1 thr(in)16 conc_peak=16 pread=2.328s
DBG getmany L18 nw=16 wall=0.239s thr(out)1 thr(in)16 conc_peak=16 pread=2.124s
DBG getmany L19 nw=16 wall=0.241s thr(out)1 thr(in)16 conc_peak=16 pread=2.209s
DBG getmany L20 nw=16 wall=0.239s thr(out)1 thr(in)16 conc_peak=16 pread=2.319s
DBG getmany L21 nw=16 wall=0.745s thr(out)1 thr(in)16 conc_peak=16 pread=11.191s
DBG getmany L22 nw=16 wall=0.562s thr(out)1 thr(in)16 conc_peak=16 pread=7.440s
DBG getmany L23 nw=15 wall=0.711s thr(out)1 thr(in)16 conc_peak=15 pread=9.109s
DBG getmany L24 nw=13 wall=0.762s thr(out)1 thr(in)16 conc_peak=11 pread=7.232s
DBG getmany L25 nw=15 wall=0.686s thr(out)1 thr(in)16 conc_peak=15 pread=8.649s
DBG getmany L26 nw=15 wall=0.536s thr(out)1 thr(in)16 conc_peak=15 pread=7.056s
DBG getmany L27 nw=16 wall=0.737s thr(out)1 thr(in)16 conc_peak=16 pread=9.075s
DBG getmany L28 nw=15 wall=0.702s thr(out)1 thr(in)16 conc_peak=15 pread=9.265s
DBG getmany L29 nw=16 wall=0.777s thr(out)1 thr(in)16 conc_peak=16 pread=10.432s
DBG getmany L30 nw=16 wall=0.536s thr(out)1 thr(in)16 conc_peak=16 pread=6.960s
DBG getmany L31 nw=16 wall=0.774s thr(out)1 thr(in)16 conc_peak=16 pread=11.276s
DBG getmany L32 nw=14 wall=0.727s thr(out)1 thr(in)16 conc_peak=14 pread=5.644s
DBG getmany L33 nw=15 wall=0.797s thr(out)1 thr(in)16 conc_peak=15 pread=10.850s
DBG getmany L34 nw=16 wall=0.550s thr(out)1 thr(in)16 conc_peak=16 pread=7.838s
DBG getmany L35 nw=16 wall=0.786s thr(out)1 thr(in)16 conc_peak=16 pread=11.886s
DBG getmany L36 nw=14 wall=0.741s thr(out)1 thr(in)16 conc_peak=14 pread=8.835s
DBG getmany L37 nw=16 wall=0.752s thr(out)1 thr(in)16 conc_peak=16 pread=10.849s
DBG getmany L38 nw=16 wall=0.485s thr(out)1 thr(in)16 conc_peak=16 pread=5.523s
DBG getmany L39 nw=16 wall=0.761s thr(out)1 thr(in)16 conc_peak=16 pread=11.136s
DBG getmany L40 nw=16 wall=0.758s thr(out)1 thr(in)16 conc_peak=16 pread=11.428s
DBG getmany L41 nw=16 wall=0.702s thr(out)1 thr(in)16 conc_peak=16 pread=10.311s
DBG getmany L42 nw=16 wall=0.536s thr(out)1 thr(in)16 conc_peak=16 pread=7.236s
DBG getmany L43 nw=16 wall=0.786s thr(out)1 thr(in)16 conc_peak=16 pread=11.668s
DBG getmany L44 nw=16 wall=0.766s thr(out)1 thr(in)16 conc_peak=16 pread=10.363s
DBG getmany L45 nw=16 wall=0.746s thr(out)1 thr(in)16 conc_peak=16 pread=10.127s
DBG getmany L46 nw=15 wall=0.562s thr(out)1 thr(in)16 conc_peak=15 pread=7.542s
DBG getmany L47 nw=15 wall=0.732s thr(out)1 thr(in)16 conc_peak=15 pread=9.990s
DBG getmany L48 nw=15 wall=0.693s thr(out)1 thr(in)16 conc_peak=15 pread=9.568s
DBG getmany L49 nw=15 wall=0.767s thr(out)1 thr(in)16 conc_peak=15 pread=9.080s
DBG getmany L50 nw=16 wall=0.547s thr(out)1 thr(in)16 conc_peak=16 pread=7.514s
DBG getmany L51 nw=16 wall=0.744s thr(out)1 thr(in)16 conc_peak=16 pread=11.105s
DBG getmany L52 nw=16 wall=0.780s thr(out)1 thr(in)16 conc_peak=16 pread=8.425s
DBG getmany L53 nw=15 wall=0.738s thr(out)1 thr(in)16 conc_peak=15 pread=8.711s
DBG getmany L54 nw=16 wall=0.538s thr(out)1 thr(in)16 conc_peak=16 pread=7.491s
DBG getmany L55 nw=16 wall=0.750s thr(out)1 thr(in)16 conc_peak=16 pread=11.133s
DBG getmany L56 nw=16 wall=0.729s thr(out)1 thr(in)16 conc_peak=16 pread=10.901s
DBG getmany L57 nw=16 wall=0.746s thr(out)1 thr(in)16 conc_peak=16 pread=10.387s
DBG getmany L58 nw=16 wall=0.566s thr(out)1 thr(in)16 conc_peak=16 pread=7.913s
DBG getmany L59 nw=16 wall=10.528s thr(out)1 thr(in)16 conc_peak=16 pread=106.310s
DBG getmany L60 nw=16 wall=2.378s thr(out)1 thr(in)16 conc_peak=16 pread=29.227s
DBG getmany L61 nw=16 wall=0.721s thr(out)1 thr(in)16 conc_peak=16 pread=8.775s
DBG getmany L62 nw=16 wall=0.542s thr(out)1 thr(in)16 conc_peak=16 pread=6.943s
DBG getmany L63 nw=16 wall=0.771s thr(out)1 thr(in)16 conc_peak=16 pread=11.595s
DBG getmany L64 nw=16 wall=0.746s thr(out)1 thr(in)16 conc_peak=16 pread=10.908s
DBG getmany L65 nw=16 wall=0.772s thr(out)1 thr(in)16 conc_peak=16 pread=10.486s
DBG getmany L66 nw=16 wall=0.567s thr(out)1 thr(in)16 conc_peak=16 pread=6.574s
DBG getmany L67 nw=16 wall=0.749s thr(out)1 thr(in)16 conc_peak=16 pread=10.668s
DBG getmany L68 nw=16 wall=0.707s thr(out)1 thr(in)16 conc_peak=16 pread=9.489s
DBG getmany L69 nw=16 wall=0.752s thr(out)1 thr(in)16 conc_peak=16 pread=8.617s
DBG getmany L70 nw=16 wall=0.560s thr(out)1 thr(in)16 conc_peak=16 pread=7.824s
DBG getmany L71 nw=16 wall=0.833s thr(out)1 thr(in)16 conc_peak=16 pread=10.134s
DBG getmany L72 nw=16 wall=0.738s thr(out)1 thr(in)16 conc_peak=16 pread=9.860s
DBG getmany L73 nw=16 wall=0.738s thr(out)1 thr(in)16 conc_peak=16 pread=10.848s
DBG getmany L74 nw=16 wall=0.562s thr(out)1 thr(in)16 conc_peak=16 pread=7.389s
DBG getmany L75 nw=16 wall=0.770s thr(out)1 thr(in)16 conc_peak=16 pread=10.917s
DBG getmany L76 nw=16 wall=0.802s thr(out)1 thr(in)16 conc_peak=16 pread=6.828s
DBG getmany L77 nw=16 wall=0.758s thr(out)1 thr(in)16 conc_peak=16 pread=11.252s
DBG getmany L78 nw=16 wall=0.571s thr(out)1 thr(in)16 conc_peak=16 pread=8.234s
DBG getmany L79 nw=16 wall=0.751s thr(out)1 thr(in)16 conc_peak=16 pread=10.556s
DBG getmany L80 nw=16 wall=0.717s thr(out)1 thr(in)16 conc_peak=16 pread=9.639s
DBG getmany L81 nw=15 wall=0.784s thr(out)1 thr(in)16 conc_peak=15 pread=10.064s
DBG getmany L82 nw=16 wall=0.526s thr(out)1 thr(in)16 conc_peak=16 pread=6.484s
DBG getmany L83 nw=13 wall=0.703s thr(out)1 thr(in)16 conc_peak=13 pread=7.271s
DBG getmany L84 nw=13 wall=0.527s thr(out)1 thr(in)16 conc_peak=13 pread=4.811s
DBG getmany L85 nw=14 wall=0.719s thr(out)1 thr(in)16 conc_peak=14 pread=8.627s
DBG getmany L86 nw=16 wall=0.561s thr(out)1 thr(in)16 conc_peak=16 pread=8.130s
DBG getmany L87 nw=13 wall=0.721s thr(out)1 thr(in)16 conc_peak=13 pread=8.641s
DBG getmany L88 nw=15 wall=0.724s thr(out)1 thr(in)16 conc_peak=15 pread=9.645s
DBG getmany L89 nw=13 wall=0.754s thr(out)1 thr(in)16 conc_peak=11 pread=7.432s
DBG getmany L90 nw=12 wall=0.504s thr(out)1 thr(in)16 conc_peak=12 pread=5.069s
DBG getmany L91 nw=13 wall=0.514s thr(out)1 thr(in)16 conc_peak=13 pread=5.991s
DBG getmany L92 nw=13 wall=0.201s thr(out)1 thr(in)16 conc_peak=13 pread=1.540s
2      24         85.77        100.0      24.85      0.012
  L2   resident=6779/14589 slots hit=100.0% read=76.51GB write=0.00GB
--------------------------------------------------------------------
3 tokens in 250.8 s, 83.60 s/token average
PEAK RSS for the whole run: 37.16 GB   <- quote this, not the plan
layers completed: 93/93; routed expert drops: 0


[chip] simulated MXFP4 GEMV bill over 4 tokens
  4416 expert chains | 291722231808 flops | 77488717824 bytes (77.49 GB)
  per token: 1104 chains | 19.37 GB | 0.07 Gflops
  compute wall @ 4 TFLOPS : 0.07 s (18.23 ms/token)
  bandwidth wall @ 200 GB/s : 0.39 s (96.86 ms/token)
  -> bandwidth-bound; to be compute-bound at 4 TFLOPS this needs 1062 GB/s
  expert fetch (host wall, measured): 171.90 s moving 77.49 GB = 0 GB/s
  chip pool wall (measured): 22.51 s

cache [final step]
  slots        : 854 of 17.56 MB = 14.99 GB arena (854 resident, 0 pinned)
  requests     : 1472  hits 1472 (100.00%)  misses 0  evictions 1416
  of those hits : 1416 came from the batch prefetch, i.e. read from disk
                  this token; TRUE resident hit rate 3.80%
  read from disk: 24.85 GB in 65.25 s (381 MB/s while loading)
  phase2 i/o    : 24.86 GB in 65.25 s (381 MB/s)  [pure parallel disk read]
l2cache [final step]
  requests     : 4360  hits 4360 (100.00%)  misses 0
  read  from sdd7: 76.51 GB, written 0.00 GB
  fd split  : 3033 O_DIRECT, 0 BUFFERED (0.00% buffered)
  hit I/O   : 76.51 GB in 170.74 s (wall) = 448 MB/s [pread 2175.98 s, 35 MB/s per-thread]
  miss I/O  : 0 misses, 0.00 GB from /model in 0.00 s (wall) = 0 MB/s
  restored from meta: 6779 slots
kio tier0: 4595 reqs, 216.66 GB delivered | per-stream 95 MB/s, aggregate 864 MB/s, concurrency 9.1x | queue 75.2 s (3.3% of io), submit-lock 3.0 s, worker-lock 0.0 s, sleep 1950.9 s in 8300 waits (49% of worker-time)
      group0: 235 reqs, 140.16 GB | per-stream 781 MB/s | queue 0.2 s (0.1%)
      group1: 4360 reqs, 76.51 GB | per-stream 36 MB/s | queue 75.1 s (3.6%)

wrote reports/gateab_ab/v59_bisect/008449c/ctrl.json
I/O share of wall clock: 139.7%  (trunk 179.6 s + experts 170.7 s of 250.8 s)
  both figures are WHOLE-RUN totals over 3 steps
  expert phase split: phase1 SERIAL reserve 0.2 s (552 calls) vs phase2 read 170.7 s
  over 100% because trunk reads overlap compute on the reader thread;
  99.5 s of device time was hidden behind arithmetic
  experts, whole run: 76.51 GB read | 910 of 4416 requests retained in RAM (20.61%) | 3506 evictions
    (retention = requests - evictions; the raw `hits` counter includes
     experts the prefetcher had just read from disk, so it is not a
     measure of avoided I/O)

trunk [final]
  pinned 22/93 layers, ring 2 slots
  binds 279, hits 44 (15.8%), reads 235
  read 140.16 GB in 179.59 s (780 MB/s pread)
  per-layer loads [L]=count: 0=1 1=1 2=1 3=1 4=1 5=1 6=1 7=1 8=1 9=1 10=1 11=1 12=1 13=1 14=1 15=1 16=1 17=1 18=1 19=1 20=1 21=1 22=3 23=3 24=3 25=3 26=3 27=3 28=3 29=3 30=3 31=3 32=3 33=3 34=3 35=3 36=3 37=3 38=3 39=3 40=3 41=3 42=3 43=3 44=3 45=3 46=3 47=3 48=3 49=3 50=3 51=3 52=3 53=3 54=3 55=3 56=3 57=3 58=3 59=3 60=3 61=3 62=3 63=3 64=3 65=3 66=3 67=3 68=3 69=3 70=3 71=3 72=3 73=3 74=3 75=3 76=3 77=3 78=3 79=3 80=3 81=3 82=3 83=3 84=3 85=3 86=3 87=3 88=3 89=3 90=3 91=3 92=3
  bind wall 19.32 s over 279 binds; read 179.59 + widen 1.64 = 181.23 s of device work,
                    of which 161.92 s (89%) overlapped compute on the reader thread
  widen breakdown: find 4 ms (7365)  copy 0 ms (3444)  deq 1632 ms (2370)  timed 2 s of widen 1.64 s
