L2 auto: 209 GB free on /mnt/nvme -> L2 at 256 GB
k3 chip: 4 workers, 4 TFLOPS, 200 GB/s simulated wall
DBG getmany L1 nw=16 wall=0.222s thr(out)1 thr(in)16 conc_peak=16 pread=2.520s
DBG getmany L2 nw=16 wall=0.622s thr(out)1 thr(in)16 conc_peak=16 pread=5.665s
DBG getmany L3 nw=16 wall=0.464s thr(out)1 thr(in)16 conc_peak=16 pread=6.019s
DBG getmany L4 nw=16 wall=0.435s thr(out)1 thr(in)16 conc_peak=16 pread=5.775s
DBG getmany L5 nw=16 wall=0.442s thr(out)1 thr(in)16 conc_peak=16 pread=5.434s
DBG getmany L6 nw=16 wall=0.309s thr(out)1 thr(in)16 conc_peak=16 pread=3.897s
DBG getmany L7 nw=16 wall=0.467s thr(out)1 thr(in)16 conc_peak=16 pread=6.737s
DBG getmany L8 nw=16 wall=0.451s thr(out)1 thr(in)16 conc_peak=16 pread=6.152s
DBG getmany L9 nw=16 wall=0.217s thr(out)1 thr(in)16 conc_peak=16 pread=2.384s
DBG getmany L10 nw=16 wall=0.336s thr(out)1 thr(in)16 conc_peak=16 pread=4.425s
DBG getmany L11 nw=16 wall=0.523s thr(out)1 thr(in)16 conc_peak=16 pread=6.450s
DBG getmany L12 nw=16 wall=0.377s thr(out)1 thr(in)16 conc_peak=16 pread=4.567s
DBG getmany L13 nw=16 wall=0.427s thr(out)1 thr(in)16 conc_peak=16 pread=4.903s
DBG getmany L14 nw=16 wall=0.336s thr(out)1 thr(in)16 conc_peak=16 pread=4.686s
DBG getmany L15 nw=16 wall=0.240s thr(out)1 thr(in)16 conc_peak=16 pread=2.477s
DBG getmany L16 nw=16 wall=0.416s thr(out)1 thr(in)16 conc_peak=16 pread=5.198s
DBG getmany L17 nw=16 wall=0.610s thr(out)1 thr(in)16 conc_peak=16 pread=4.644s
DBG getmany L18 nw=16 wall=0.728s thr(out)1 thr(in)16 conc_peak=16 pread=7.921s
DBG getmany L19 nw=16 wall=0.471s thr(out)1 thr(in)16 conc_peak=16 pread=5.877s
DBG getmany L20 nw=16 wall=0.264s thr(out)1 thr(in)16 conc_peak=16 pread=2.689s
DBG getmany L21 nw=16 wall=0.467s thr(out)1 thr(in)16 conc_peak=16 pread=5.691s
DBG getmany L22 nw=16 wall=0.332s thr(out)1 thr(in)16 conc_peak=16 pread=4.301s
DBG getmany L23 nw=16 wall=0.679s thr(out)1 thr(in)16 conc_peak=16 pread=9.366s
DBG getmany L24 nw=16 wall=0.453s thr(out)1 thr(in)16 conc_peak=16 pread=6.296s
DBG getmany L25 nw=16 wall=0.494s thr(out)1 thr(in)16 conc_peak=16 pread=6.916s
DBG getmany L26 nw=16 wall=1.098s thr(out)1 thr(in)16 conc_peak=16 pread=14.868s
DBG getmany L27 nw=16 wall=1.277s thr(out)1 thr(in)16 conc_peak=16 pread=18.388s
DBG getmany L28 nw=16 wall=1.282s thr(out)1 thr(in)16 conc_peak=16 pread=19.447s
DBG getmany L29 nw=16 wall=0.453s thr(out)1 thr(in)16 conc_peak=16 pread=6.087s
DBG getmany L30 nw=16 wall=6.124s thr(out)1 thr(in)16 conc_peak=16 pread=66.957s
DBG getmany L31 nw=16 wall=5.557s thr(out)1 thr(in)16 conc_peak=16 pread=85.793s
DBG getmany L32 nw=16 wall=0.545s thr(out)1 thr(in)16 conc_peak=16 pread=6.034s
DBG getmany L33 nw=16 wall=0.515s thr(out)1 thr(in)16 conc_peak=16 pread=6.125s
DBG getmany L34 nw=16 wall=0.311s thr(out)1 thr(in)16 conc_peak=16 pread=4.319s
DBG getmany L35 nw=16 wall=0.508s thr(out)1 thr(in)16 conc_peak=16 pread=6.245s
DBG getmany L36 nw=16 wall=0.468s thr(out)1 thr(in)16 conc_peak=16 pread=5.614s
DBG getmany L37 nw=16 wall=0.493s thr(out)1 thr(in)16 conc_peak=16 pread=6.018s
DBG getmany L38 nw=16 wall=0.307s thr(out)1 thr(in)16 conc_peak=16 pread=3.914s
DBG getmany L39 nw=16 wall=0.879s thr(out)1 thr(in)16 conc_peak=16 pread=12.936s
DBG getmany L40 nw=16 wall=0.469s thr(out)1 thr(in)16 conc_peak=16 pread=6.428s
DBG getmany L41 nw=16 wall=0.541s thr(out)1 thr(in)16 conc_peak=16 pread=7.337s
DBG getmany L42 nw=16 wall=0.362s thr(out)1 thr(in)16 conc_peak=16 pread=4.920s
DBG getmany L43 nw=16 wall=0.652s thr(out)1 thr(in)16 conc_peak=16 pread=8.855s
DBG getmany L44 nw=16 wall=0.468s thr(out)1 thr(in)16 conc_peak=16 pread=6.406s
DBG getmany L45 nw=16 wall=0.689s thr(out)1 thr(in)16 conc_peak=16 pread=9.918s
DBG getmany L46 nw=16 wall=0.588s thr(out)1 thr(in)16 conc_peak=16 pread=8.176s
DBG getmany L47 nw=16 wall=0.512s thr(out)1 thr(in)16 conc_peak=16 pread=6.943s
DBG getmany L48 nw=16 wall=0.300s thr(out)1 thr(in)16 conc_peak=16 pread=3.547s
DBG getmany L49 nw=16 wall=0.944s thr(out)1 thr(in)16 conc_peak=16 pread=12.861s
DBG getmany L50 nw=16 wall=0.370s thr(out)1 thr(in)16 conc_peak=16 pread=4.729s
DBG getmany L51 nw=16 wall=1.812s thr(out)1 thr(in)16 conc_peak=16 pread=10.178s
DBG getmany L52 nw=16 wall=0.302s thr(out)1 thr(in)16 conc_peak=16 pread=3.572s
DBG getmany L53 nw=16 wall=0.434s thr(out)1 thr(in)16 conc_peak=16 pread=5.080s
DBG getmany L54 nw=16 wall=0.210s thr(out)1 thr(in)16 conc_peak=16 pread=2.106s
DBG getmany L55 nw=16 wall=0.369s thr(out)1 thr(in)16 conc_peak=16 pread=4.965s
DBG getmany L56 nw=16 wall=0.500s thr(out)1 thr(in)16 conc_peak=16 pread=6.686s
DBG getmany L57 nw=16 wall=0.454s thr(out)1 thr(in)16 conc_peak=16 pread=6.048s
DBG getmany L58 nw=16 wall=0.341s thr(out)1 thr(in)16 conc_peak=16 pread=4.371s
DBG getmany L59 nw=16 wall=0.523s thr(out)1 thr(in)16 conc_peak=16 pread=7.327s
DBG getmany L60 nw=16 wall=0.545s thr(out)1 thr(in)16 conc_peak=16 pread=7.937s
DBG getmany L61 nw=16 wall=0.520s thr(out)1 thr(in)16 conc_peak=16 pread=6.254s
DBG getmany L62 nw=16 wall=0.354s thr(out)1 thr(in)16 conc_peak=16 pread=4.563s
DBG getmany L63 nw=16 wall=0.574s thr(out)1 thr(in)16 conc_peak=16 pread=8.226s
DBG getmany L64 nw=16 wall=0.492s thr(out)1 thr(in)16 conc_peak=16 pread=6.785s
DBG getmany L65 nw=16 wall=0.503s thr(out)1 thr(in)16 conc_peak=16 pread=7.265s
DBG getmany L66 nw=16 wall=0.396s thr(out)1 thr(in)16 conc_peak=16 pread=5.707s
DBG getmany L67 nw=16 wall=0.563s thr(out)1 thr(in)16 conc_peak=16 pread=8.312s
DBG getmany L68 nw=16 wall=0.489s thr(out)1 thr(in)16 conc_peak=16 pread=6.471s
DBG getmany L69 nw=16 wall=0.472s thr(out)1 thr(in)16 conc_peak=16 pread=6.167s
DBG getmany L70 nw=16 wall=0.190s thr(out)1 thr(in)16 conc_peak=16 pread=1.933s
DBG getmany L71 nw=16 wall=0.520s thr(out)1 thr(in)16 conc_peak=16 pread=7.133s
DBG getmany L72 nw=16 wall=0.522s thr(out)1 thr(in)16 conc_peak=16 pread=6.538s
DBG getmany L73 nw=16 wall=0.531s thr(out)1 thr(in)16 conc_peak=16 pread=7.236s
DBG getmany L74 nw=16 wall=0.358s thr(out)1 thr(in)16 conc_peak=16 pread=4.586s
DBG getmany L75 nw=16 wall=0.567s thr(out)1 thr(in)16 conc_peak=16 pread=8.488s
DBG getmany L76 nw=16 wall=0.470s thr(out)1 thr(in)16 conc_peak=16 pread=6.856s
DBG getmany L77 nw=16 wall=0.522s thr(out)1 thr(in)16 conc_peak=16 pread=7.354s
DBG getmany L78 nw=16 wall=0.395s thr(out)1 thr(in)16 conc_peak=16 pread=5.455s
DBG getmany L79 nw=16 wall=0.469s thr(out)1 thr(in)16 conc_peak=16 pread=6.613s
DBG getmany L80 nw=16 wall=0.430s thr(out)1 thr(in)16 conc_peak=16 pread=6.239s
DBG getmany L81 nw=16 wall=0.476s thr(out)1 thr(in)16 conc_peak=16 pread=6.140s
DBG getmany L82 nw=16 wall=0.245s thr(out)1 thr(in)16 conc_peak=16 pread=3.106s
DBG getmany L83 nw=16 wall=0.490s thr(out)1 thr(in)16 conc_peak=16 pread=7.351s
DBG getmany L84 nw=16 wall=0.381s thr(out)1 thr(in)16 conc_peak=16 pread=5.077s
DBG getmany L85 nw=16 wall=0.441s thr(out)1 thr(in)16 conc_peak=16 pread=5.101s
DBG getmany L86 nw=16 wall=0.343s thr(out)1 thr(in)16 conc_peak=16 pread=4.633s
DBG getmany L87 nw=16 wall=0.469s thr(out)1 thr(in)16 conc_peak=16 pread=6.189s
DBG getmany L88 nw=16 wall=0.468s thr(out)1 thr(in)16 conc_peak=16 pread=6.333s
DBG getmany L89 nw=16 wall=0.502s thr(out)1 thr(in)16 conc_peak=16 pread=7.187s
DBG getmany L90 nw=16 wall=0.487s thr(out)1 thr(in)16 conc_peak=16 pread=5.937s
DBG getmany L91 nw=16 wall=0.489s thr(out)1 thr(in)16 conc_peak=16 pread=5.768s
DBG getmany L92 nw=16 wall=0.231s thr(out)1 thr(in)16 conc_peak=16 pread=2.184s
auto budget: 28.7 GB available, 9.0 GB reserved -> trunk 6.0 GB / expert cache 13.7 GB
config: /model/config.json (nested shape) | hidden=7168 layers=93 vocab=163840 | 24 MLA + 69 KDA | experts 896 top16 shared2 | latent=3584
  KV cache : 23.70 MB for 10 positions (2.37 MB/position)
Kimi K3, pure C, released checkpoint
  model    : /model
  prompt   : 1 tokens, generating 8

indexed 497220 tensors from 96 shards in 5.67 s
trunk on disk : 110.00 GB total (STREAMED from /mnt/nvme/trunk_layers_out, not held in RAM)

memory plan
  trunk (STREAMED) 6.00 GB
  embed + lm_head  4.70 GB
  expert cache     13.75 GB
  recurrent state  626.25 MB
  buffers          8.02 MB
  KV cache         23.65 MB
  TOTAL            25.10 GB
  available        28.62 GB

k3_trunk: trunk.bin absent - using per-layer slices (layer_%03d.bin)
trunk stream: 56.60 GB packed, 1/93 layers PINNED (3.00 GB), ring 2 x 1.30 GB
              reads use buffered I/O
              ring holds 2 slots: layers repeat over ~2 tokens, so recent ones are reused instead of re-read
trunk streaming enabled from /mnt/nvme/trunk_layers_out in 0.0 s
embedding, final norm and lm_head: 4.70 GB in 12.1 s

expert L1 eviction policy: heat
expert L2 cache enabled: 14589 slots x 17.55 MB = 256.00 GB on /mnt/nvme/experts.l2
expert L2 eviction policy: heat
peak RSS after loading weights: 4.79 GB  (the plan above is a forecast, this is measured)
expert cache: 783 slots x 17.56 MB = 13.75 GB (0.95% of the 1.45 TB expert pool)

recurrent state for 93 layers: 626.25 MB

incremental decode: KV cache 23.65 MB for 24 MLA layers at 10 positions

STEP   TOKEN      SECONDS      CACHE HIT  READ GB    TOK/S
--------------------------------------------------------------------
0      220        95.86        100.0      25.83      0.010
  L2   resident=6778/14589 slots hit=100.0% read=25.83GB write=0.00GB
DBG getmany L1 nw=16 wall=0.393s thr(out)1 thr(in)16 conc_peak=16 pread=5.031s
DBG getmany L2 nw=16 wall=0.333s thr(out)1 thr(in)16 conc_peak=16 pread=4.491s
DBG getmany L3 nw=16 wall=0.453s thr(out)1 thr(in)16 conc_peak=16 pread=5.598s
DBG getmany L4 nw=16 wall=0.415s thr(out)1 thr(in)16 conc_peak=16 pread=4.714s
DBG getmany L5 nw=16 wall=12.830s thr(out)1 thr(in)16 conc_peak=16 pread=186.360s
DBG getmany L6 nw=16 wall=0.306s thr(out)1 thr(in)16 conc_peak=16 pread=4.338s
DBG getmany L7 nw=16 wall=0.479s thr(out)1 thr(in)16 conc_peak=16 pread=7.103s
DBG getmany L8 nw=16 wall=0.464s thr(out)1 thr(in)16 conc_peak=16 pread=6.542s
DBG getmany L9 nw=16 wall=0.503s thr(out)1 thr(in)16 conc_peak=16 pread=7.112s
DBG getmany L10 nw=16 wall=0.329s thr(out)1 thr(in)16 conc_peak=16 pread=4.573s
DBG getmany L11 nw=16 wall=0.526s thr(out)1 thr(in)16 conc_peak=16 pread=7.049s
DBG getmany L12 nw=16 wall=0.493s thr(out)1 thr(in)16 conc_peak=16 pread=5.876s
DBG getmany L13 nw=16 wall=0.453s thr(out)1 thr(in)16 conc_peak=16 pread=6.285s
DBG getmany L14 nw=16 wall=0.335s thr(out)1 thr(in)16 conc_peak=16 pread=4.327s
DBG getmany L15 nw=16 wall=0.425s thr(out)1 thr(in)16 conc_peak=16 pread=5.776s
DBG getmany L16 nw=16 wall=0.429s thr(out)1 thr(in)16 conc_peak=16 pread=6.032s
DBG getmany L17 nw=16 wall=0.448s thr(out)1 thr(in)16 conc_peak=16 pread=6.534s
DBG getmany L18 nw=16 wall=0.330s thr(out)1 thr(in)16 conc_peak=16 pread=4.057s
DBG getmany L19 nw=16 wall=0.434s thr(out)1 thr(in)16 conc_peak=16 pread=4.619s
DBG getmany L20 nw=16 wall=0.500s thr(out)1 thr(in)16 conc_peak=16 pread=6.603s
DBG getmany L21 nw=16 wall=0.465s thr(out)1 thr(in)16 conc_peak=16 pread=6.296s
DBG getmany L22 nw=16 wall=0.331s thr(out)1 thr(in)16 conc_peak=16 pread=4.361s
DBG getmany L23 nw=16 wall=0.489s thr(out)1 thr(in)16 conc_peak=16 pread=6.871s
DBG getmany L24 nw=16 wall=0.486s thr(out)1 thr(in)16 conc_peak=16 pread=7.094s
DBG getmany L25 nw=16 wall=0.530s thr(out)1 thr(in)16 conc_peak=16 pread=6.667s
DBG getmany L26 nw=16 wall=0.395s thr(out)1 thr(in)16 conc_peak=16 pread=5.778s
DBG getmany L27 nw=16 wall=0.502s thr(out)1 thr(in)16 conc_peak=16 pread=7.213s
DBG getmany L28 nw=16 wall=0.626s thr(out)1 thr(in)16 conc_peak=16 pread=8.964s
DBG getmany L29 nw=16 wall=0.734s thr(out)1 thr(in)16 conc_peak=16 pread=10.283s
DBG getmany L30 nw=16 wall=0.528s thr(out)1 thr(in)16 conc_peak=16 pread=6.787s
DBG getmany L31 nw=16 wall=0.672s thr(out)1 thr(in)16 conc_peak=16 pread=9.487s
DBG getmany L32 nw=16 wall=0.748s thr(out)1 thr(in)16 conc_peak=16 pread=9.630s
DBG getmany L33 nw=16 wall=0.734s thr(out)1 thr(in)16 conc_peak=16 pread=9.066s
DBG getmany L34 nw=16 wall=0.517s thr(out)1 thr(in)16 conc_peak=16 pread=7.205s
DBG getmany L35 nw=16 wall=0.771s thr(out)1 thr(in)16 conc_peak=16 pread=10.789s
DBG getmany L36 nw=16 wall=0.746s thr(out)1 thr(in)16 conc_peak=16 pread=9.902s
DBG getmany L37 nw=16 wall=0.730s thr(out)1 thr(in)16 conc_peak=16 pread=10.479s
DBG getmany L38 nw=16 wall=0.424s thr(out)1 thr(in)16 conc_peak=16 pread=5.307s
DBG getmany L39 nw=16 wall=0.724s thr(out)1 thr(in)16 conc_peak=16 pread=10.101s
DBG getmany L40 nw=16 wall=0.734s thr(out)1 thr(in)16 conc_peak=16 pread=9.883s
DBG getmany L41 nw=16 wall=0.725s thr(out)1 thr(in)16 conc_peak=16 pread=9.353s
DBG getmany L42 nw=16 wall=0.556s thr(out)1 thr(in)16 conc_peak=16 pread=7.930s
DBG getmany L43 nw=16 wall=0.780s thr(out)1 thr(in)16 conc_peak=16 pread=11.579s
DBG getmany L44 nw=16 wall=0.716s thr(out)1 thr(in)16 conc_peak=16 pread=9.887s
DBG getmany L45 nw=16 wall=0.765s thr(out)1 thr(in)16 conc_peak=16 pread=8.765s
DBG getmany L46 nw=16 wall=0.562s thr(out)1 thr(in)16 conc_peak=16 pread=7.752s
DBG getmany L47 nw=16 wall=0.766s thr(out)1 thr(in)16 conc_peak=16 pread=9.514s
DBG getmany L48 nw=16 wall=0.700s thr(out)1 thr(in)16 conc_peak=16 pread=9.865s
DBG getmany L49 nw=16 wall=0.756s thr(out)1 thr(in)16 conc_peak=16 pread=10.252s
DBG getmany L50 nw=16 wall=0.571s thr(out)1 thr(in)16 conc_peak=16 pread=7.968s
DBG getmany L51 nw=16 wall=0.754s thr(out)1 thr(in)16 conc_peak=16 pread=10.140s
DBG getmany L52 nw=16 wall=0.706s thr(out)1 thr(in)16 conc_peak=16 pread=8.970s
DBG getmany L53 nw=16 wall=0.730s thr(out)1 thr(in)16 conc_peak=16 pread=10.234s
DBG getmany L54 nw=16 wall=0.540s thr(out)1 thr(in)16 conc_peak=16 pread=7.675s
DBG getmany L55 nw=16 wall=0.771s thr(out)1 thr(in)16 conc_peak=16 pread=10.950s
DBG getmany L56 nw=16 wall=0.700s thr(out)1 thr(in)16 conc_peak=16 pread=9.427s
DBG getmany L57 nw=16 wall=0.753s thr(out)1 thr(in)16 conc_peak=16 pread=9.318s
DBG getmany L58 nw=16 wall=0.524s thr(out)1 thr(in)16 conc_peak=16 pread=6.454s
DBG getmany L59 nw=16 wall=0.777s thr(out)1 thr(in)16 conc_peak=16 pread=11.593s
DBG getmany L60 nw=16 wall=0.877s thr(out)1 thr(in)16 conc_peak=16 pread=12.822s
DBG getmany L61 nw=16 wall=0.712s thr(out)1 thr(in)16 conc_peak=16 pread=9.775s
DBG getmany L62 nw=16 wall=0.509s thr(out)1 thr(in)16 conc_peak=16 pread=6.520s
DBG getmany L63 nw=16 wall=0.758s thr(out)1 thr(in)16 conc_peak=16 pread=9.168s
DBG getmany L64 nw=16 wall=0.729s thr(out)1 thr(in)16 conc_peak=16 pread=9.758s
DBG getmany L65 nw=16 wall=0.734s thr(out)1 thr(in)16 conc_peak=16 pread=10.112s
DBG getmany L66 nw=16 wall=0.550s thr(out)1 thr(in)16 conc_peak=16 pread=7.257s
DBG getmany L67 nw=16 wall=0.758s thr(out)1 thr(in)16 conc_peak=16 pread=8.010s
DBG getmany L68 nw=16 wall=0.756s thr(out)1 thr(in)16 conc_peak=16 pread=10.220s
DBG getmany L69 nw=16 wall=0.727s thr(out)1 thr(in)16 conc_peak=16 pread=8.351s
DBG getmany L70 nw=16 wall=0.538s thr(out)1 thr(in)16 conc_peak=16 pread=7.360s
DBG getmany L71 nw=16 wall=0.783s thr(out)1 thr(in)16 conc_peak=16 pread=11.673s
DBG getmany L72 nw=16 wall=0.734s thr(out)1 thr(in)16 conc_peak=16 pread=10.735s
DBG getmany L73 nw=16 wall=0.697s thr(out)1 thr(in)16 conc_peak=16 pread=10.090s
DBG getmany L74 nw=16 wall=0.536s thr(out)1 thr(in)16 conc_peak=16 pread=7.412s
DBG getmany L75 nw=16 wall=0.743s thr(out)1 thr(in)16 conc_peak=16 pread=9.376s
DBG getmany L76 nw=16 wall=0.689s thr(out)1 thr(in)16 conc_peak=16 pread=9.839s
DBG getmany L77 nw=16 wall=0.707s thr(out)1 thr(in)16 conc_peak=16 pread=9.583s
DBG getmany L78 nw=16 wall=0.551s thr(out)1 thr(in)16 conc_peak=16 pread=8.118s
DBG getmany L79 nw=16 wall=0.725s thr(out)1 thr(in)16 conc_peak=16 pread=9.631s
DBG getmany L80 nw=16 wall=0.675s thr(out)1 thr(in)16 conc_peak=16 pread=9.317s
DBG getmany L81 nw=16 wall=0.640s thr(out)1 thr(in)16 conc_peak=16 pread=8.348s
DBG getmany L82 nw=16 wall=0.499s thr(out)1 thr(in)16 conc_peak=16 pread=6.781s
DBG getmany L83 nw=16 wall=0.758s thr(out)1 thr(in)16 conc_peak=16 pread=11.172s
DBG getmany L84 nw=16 wall=0.672s thr(out)1 thr(in)16 conc_peak=16 pread=9.911s
DBG getmany L85 nw=16 wall=0.666s thr(out)1 thr(in)16 conc_peak=16 pread=9.705s
DBG getmany L86 nw=16 wall=0.522s thr(out)1 thr(in)16 conc_peak=16 pread=6.638s
DBG getmany L87 nw=16 wall=0.728s thr(out)1 thr(in)16 conc_peak=16 pread=10.070s
DBG getmany L88 nw=16 wall=0.734s thr(out)1 thr(in)16 conc_peak=16 pread=10.154s
DBG getmany L89 nw=16 wall=0.742s thr(out)1 thr(in)16 conc_peak=16 pread=10.542s
DBG getmany L90 nw=16 wall=0.511s thr(out)1 thr(in)16 conc_peak=16 pread=6.510s
DBG getmany L91 nw=16 wall=0.530s thr(out)1 thr(in)16 conc_peak=16 pread=7.330s
DBG getmany L92 nw=16 wall=0.236s thr(out)1 thr(in)16 conc_peak=16 pread=2.287s
1      802        90.51        100.0      25.83      0.011
  L2   resident=6778/14589 slots hit=100.0% read=51.64GB write=0.00GB
DBG getmany L1 nw=16 wall=0.650s thr(out)1 thr(in)16 conc_peak=16 pread=8.910s
DBG getmany L2 nw=15 wall=0.462s thr(out)1 thr(in)16 conc_peak=15 pread=5.793s
DBG getmany L3 nw=13 wall=0.673s thr(out)1 thr(in)16 conc_peak=13 pread=6.999s
DBG getmany L4 nw=15 wall=0.664s thr(out)1 thr(in)16 conc_peak=15 pread=8.727s
DBG getmany L5 nw=16 wall=0.689s thr(out)1 thr(in)16 conc_peak=16 pread=10.380s
DBG getmany L6 nw=15 wall=0.491s thr(out)1 thr(in)16 conc_peak=15 pread=5.861s
DBG getmany L7 nw=15 wall=0.684s thr(out)1 thr(in)16 conc_peak=15 pread=9.018s
DBG getmany L8 nw=16 wall=0.696s thr(out)1 thr(in)16 conc_peak=16 pread=9.764s
DBG getmany L9 nw=15 wall=0.723s thr(out)1 thr(in)16 conc_peak=15 pread=9.049s
DBG getmany L10 nw=15 wall=0.488s thr(out)1 thr(in)16 conc_peak=15 pread=5.936s
DBG getmany L11 nw=15 wall=0.730s thr(out)1 thr(in)16 conc_peak=15 pread=8.137s
DBG getmany L12 nw=15 wall=0.685s thr(out)1 thr(in)16 conc_peak=15 pread=9.108s
DBG getmany L13 nw=16 wall=0.636s thr(out)1 thr(in)16 conc_peak=16 pread=8.451s
DBG getmany L14 nw=15 wall=0.524s thr(out)1 thr(in)16 conc_peak=15 pread=6.846s
DBG getmany L15 nw=16 wall=0.720s thr(out)1 thr(in)16 conc_peak=16 pread=9.677s
DBG getmany L16 nw=15 wall=0.641s thr(out)1 thr(in)16 conc_peak=15 pread=8.321s
DBG getmany L17 nw=16 wall=0.591s thr(out)1 thr(in)16 conc_peak=16 pread=7.997s
DBG getmany L18 nw=16 wall=0.506s thr(out)1 thr(in)16 conc_peak=16 pread=7.168s
DBG getmany L19 nw=16 wall=0.613s thr(out)1 thr(in)16 conc_peak=16 pread=6.785s
DBG getmany L20 nw=16 wall=0.664s thr(out)1 thr(in)16 conc_peak=16 pread=9.660s
DBG getmany L21 nw=16 wall=0.695s thr(out)1 thr(in)16 conc_peak=16 pread=9.817s
DBG getmany L22 nw=16 wall=0.510s thr(out)1 thr(in)16 conc_peak=16 pread=6.813s
DBG getmany L23 nw=15 wall=0.645s thr(out)1 thr(in)16 conc_peak=15 pread=7.954s
DBG getmany L24 nw=13 wall=0.653s thr(out)1 thr(in)16 conc_peak=13 pread=7.763s
DBG getmany L25 nw=15 wall=0.711s thr(out)1 thr(in)16 conc_peak=15 pread=7.908s
DBG getmany L26 nw=15 wall=0.527s thr(out)1 thr(in)16 conc_peak=15 pread=6.852s
DBG getmany L27 nw=16 wall=0.662s thr(out)1 thr(in)16 conc_peak=16 pread=7.388s
DBG getmany L28 nw=15 wall=0.632s thr(out)1 thr(in)16 conc_peak=15 pread=7.479s
DBG getmany L29 nw=16 wall=0.737s thr(out)1 thr(in)16 conc_peak=16 pread=7.644s
DBG getmany L30 nw=16 wall=0.593s thr(out)1 thr(in)16 conc_peak=16 pread=7.088s
DBG getmany L31 nw=16 wall=0.721s thr(out)1 thr(in)16 conc_peak=16 pread=10.182s
DBG getmany L32 nw=14 wall=0.671s thr(out)1 thr(in)16 conc_peak=14 pread=6.768s
DBG getmany L33 nw=15 wall=0.710s thr(out)1 thr(in)16 conc_peak=15 pread=9.760s
DBG getmany L34 nw=16 wall=0.549s thr(out)1 thr(in)16 conc_peak=16 pread=7.672s
DBG getmany L35 nw=16 wall=0.762s thr(out)1 thr(in)16 conc_peak=16 pread=11.151s
DBG getmany L36 nw=14 wall=0.694s thr(out)1 thr(in)16 conc_peak=14 pread=8.973s
DBG getmany L37 nw=16 wall=0.693s thr(out)1 thr(in)16 conc_peak=16 pread=8.820s
DBG getmany L38 nw=16 wall=0.508s thr(out)1 thr(in)16 conc_peak=16 pread=7.003s
DBG getmany L39 nw=16 wall=0.703s thr(out)1 thr(in)16 conc_peak=16 pread=9.984s
DBG getmany L40 nw=16 wall=0.704s thr(out)1 thr(in)16 conc_peak=16 pread=8.903s
DBG getmany L41 nw=16 wall=0.694s thr(out)1 thr(in)16 conc_peak=16 pread=9.977s
DBG getmany L42 nw=16 wall=0.520s thr(out)1 thr(in)16 conc_peak=16 pread=6.169s
DBG getmany L43 nw=16 wall=0.767s thr(out)1 thr(in)16 conc_peak=16 pread=10.503s
DBG getmany L44 nw=16 wall=0.707s thr(out)1 thr(in)16 conc_peak=16 pread=10.287s
DBG getmany L45 nw=16 wall=0.708s thr(out)1 thr(in)16 conc_peak=16 pread=9.804s
DBG getmany L46 nw=15 wall=0.418s thr(out)1 thr(in)16 conc_peak=15 pread=4.501s
DBG getmany L47 nw=15 wall=0.693s thr(out)1 thr(in)16 conc_peak=15 pread=9.508s
DBG getmany L48 nw=15 wall=0.714s thr(out)1 thr(in)16 conc_peak=15 pread=9.027s
DBG getmany L49 nw=15 wall=0.700s thr(out)1 thr(in)16 conc_peak=15 pread=8.990s
DBG getmany L50 nw=16 wall=0.492s thr(out)1 thr(in)16 conc_peak=16 pread=6.686s
DBG getmany L51 nw=16 wall=0.738s thr(out)1 thr(in)16 conc_peak=16 pread=8.648s
DBG getmany L52 nw=16 wall=0.669s thr(out)1 thr(in)16 conc_peak=16 pread=9.063s
DBG getmany L53 nw=15 wall=0.690s thr(out)1 thr(in)16 conc_peak=15 pread=9.515s
DBG getmany L54 nw=16 wall=0.411s thr(out)1 thr(in)16 conc_peak=16 pread=5.048s
DBG getmany L55 nw=16 wall=0.723s thr(out)1 thr(in)16 conc_peak=16 pread=10.429s
DBG getmany L56 nw=16 wall=0.669s thr(out)1 thr(in)16 conc_peak=16 pread=7.124s
DBG getmany L57 nw=16 wall=0.739s thr(out)1 thr(in)16 conc_peak=16 pread=6.277s
DBG getmany L58 nw=16 wall=0.482s thr(out)1 thr(in)16 conc_peak=16 pread=6.693s
DBG getmany L59 nw=16 wall=0.730s thr(out)1 thr(in)16 conc_peak=16 pread=9.206s
DBG getmany L60 nw=16 wall=0.934s thr(out)1 thr(in)16 conc_peak=16 pread=13.095s
DBG getmany L61 nw=16 wall=0.720s thr(out)1 thr(in)16 conc_peak=16 pread=10.098s
DBG getmany L62 nw=16 wall=0.501s thr(out)1 thr(in)16 conc_peak=16 pread=6.530s
DBG getmany L63 nw=16 wall=0.732s thr(out)1 thr(in)16 conc_peak=16 pread=10.037s
DBG getmany L64 nw=16 wall=0.726s thr(out)1 thr(in)16 conc_peak=16 pread=10.791s
DBG getmany L65 nw=16 wall=0.692s thr(out)1 thr(in)16 conc_peak=16 pread=8.594s
DBG getmany L66 nw=16 wall=0.498s thr(out)1 thr(in)16 conc_peak=16 pread=6.805s
DBG getmany L67 nw=16 wall=0.749s thr(out)1 thr(in)16 conc_peak=16 pread=10.223s
DBG getmany L68 nw=16 wall=0.712s thr(out)1 thr(in)16 conc_peak=16 pread=8.473s
DBG getmany L69 nw=16 wall=0.600s thr(out)1 thr(in)16 conc_peak=16 pread=8.096s
DBG getmany L70 nw=16 wall=0.551s thr(out)1 thr(in)16 conc_peak=16 pread=6.587s
DBG getmany L71 nw=16 wall=0.738s thr(out)1 thr(in)16 conc_peak=16 pread=9.248s
DBG getmany L72 nw=16 wall=0.705s thr(out)1 thr(in)16 conc_peak=16 pread=9.762s
DBG getmany L73 nw=16 wall=0.708s thr(out)1 thr(in)16 conc_peak=16 pread=10.067s
DBG getmany L74 nw=16 wall=0.408s thr(out)1 thr(in)16 conc_peak=16 pread=5.490s
DBG getmany L75 nw=16 wall=0.720s thr(out)1 thr(in)16 conc_peak=16 pread=10.422s
DBG getmany L76 nw=16 wall=0.639s thr(out)1 thr(in)16 conc_peak=16 pread=8.318s
DBG getmany L77 nw=16 wall=0.645s thr(out)1 thr(in)16 conc_peak=16 pread=8.809s
DBG getmany L78 nw=16 wall=0.540s thr(out)1 thr(in)16 conc_peak=16 pread=6.673s
DBG getmany L79 nw=16 wall=0.731s thr(out)1 thr(in)16 conc_peak=16 pread=10.122s
DBG getmany L80 nw=16 wall=0.679s thr(out)1 thr(in)16 conc_peak=16 pread=9.515s
DBG getmany L81 nw=15 wall=0.692s thr(out)1 thr(in)16 conc_peak=15 pread=9.667s
DBG getmany L82 nw=16 wall=0.543s thr(out)1 thr(in)16 conc_peak=16 pread=4.455s
DBG getmany L83 nw=13 wall=0.641s thr(out)1 thr(in)16 conc_peak=13 pread=6.872s
DBG getmany L84 nw=13 wall=0.646s thr(out)1 thr(in)16 conc_peak=13 pread=6.635s
DBG getmany L85 nw=14 wall=0.640s thr(out)1 thr(in)16 conc_peak=14 pread=8.522s
DBG getmany L86 nw=16 wall=0.495s thr(out)1 thr(in)16 conc_peak=16 pread=6.996s
DBG getmany L87 nw=13 wall=0.644s thr(out)1 thr(in)16 conc_peak=13 pread=7.631s
DBG getmany L88 nw=15 wall=0.667s thr(out)1 thr(in)16 conc_peak=15 pread=8.616s
DBG getmany L89 nw=13 wall=0.658s thr(out)1 thr(in)16 conc_peak=13 pread=7.629s
DBG getmany L90 nw=12 wall=0.444s thr(out)1 thr(in)16 conc_peak=12 pread=4.664s
DBG getmany L91 nw=13 wall=0.480s thr(out)1 thr(in)16 conc_peak=13 pread=4.587s
DBG getmany L92 nw=13 wall=0.182s thr(out)1 thr(in)16 conc_peak=13 pread=1.432s
2      24         81.49        100.0      24.85      0.012
  L2   resident=6778/14589 slots hit=100.0% read=76.49GB write=0.00GB
DBG getmany L1 nw=15 wall=0.642s thr(out)1 thr(in)16 conc_peak=15 pread=7.797s
DBG getmany L2 nw=14 wall=0.485s thr(out)1 thr(in)16 conc_peak=14 pread=5.882s
DBG getmany L3 nw=12 wall=0.663s thr(out)1 thr(in)16 conc_peak=12 pread=6.667s
DBG getmany L4 nw=13 wall=0.648s thr(out)1 thr(in)16 conc_peak=13 pread=6.767s
DBG getmany L5 nw=15 wall=0.686s thr(out)1 thr(in)16 conc_peak=15 pread=8.505s
DBG getmany L6 nw=16 wall=0.455s thr(out)1 thr(in)16 conc_peak=16 pread=5.689s
DBG getmany L7 nw=15 wall=0.708s thr(out)1 thr(in)16 conc_peak=15 pread=9.724s
DBG getmany L8 nw=16 wall=0.718s thr(out)1 thr(in)16 conc_peak=16 pread=10.065s
DBG getmany L9 nw=12 wall=0.667s thr(out)1 thr(in)16 conc_peak=12 pread=6.145s
DBG getmany L10 nw=10 wall=0.474s thr(out)1 thr(in)16 conc_peak=10 pread=4.187s
DBG getmany L11 nw=13 wall=0.709s thr(out)1 thr(in)16 conc_peak=13 pread=6.001s
DBG getmany L12 nw=14 wall=0.494s thr(out)1 thr(in)16 conc_peak=14 pread=5.228s
DBG getmany L13 nw=13 wall=0.635s thr(out)1 thr(in)16 conc_peak=13 pread=7.170s
DBG getmany L14 nw=13 wall=0.420s thr(out)1 thr(in)16 conc_peak=13 pread=2.838s
DBG getmany L15 nw=14 wall=0.698s thr(out)1 thr(in)16 conc_peak=14 pread=6.996s
DBG getmany L16 nw=12 wall=0.580s thr(out)1 thr(in)16 conc_peak=12 pread=6.073s
DBG getmany L17 nw=14 wall=0.626s thr(out)1 thr(in)16 conc_peak=14 pread=8.224s
DBG getmany L18 nw=13 wall=0.448s thr(out)1 thr(in)16 conc_peak=13 pread=5.148s
DBG getmany L19 nw=13 wall=0.651s thr(out)1 thr(in)16 conc_peak=13 pread=7.739s
DBG getmany L20 nw=12 wall=0.536s thr(out)1 thr(in)16 conc_peak=12 pread=4.663s
DBG getmany L21 nw=15 wall=0.663s thr(out)1 thr(in)16 conc_peak=15 pread=8.858s
DBG getmany L22 nw=15 wall=0.564s thr(out)1 thr(in)16 conc_peak=15 pread=7.163s
DBG getmany L23 nw=12 wall=0.647s thr(out)1 thr(in)16 conc_peak=12 pread=6.020s
DBG getmany L24 nw=13 wall=0.690s thr(out)1 thr(in)16 conc_peak=13 pread=8.256s
DBG getmany L25 nw=16 wall=0.714s thr(out)1 thr(in)16 conc_peak=16 pread=9.285s
DBG getmany L26 nw=14 wall=0.482s thr(out)1 thr(in)16 conc_peak=14 pread=4.944s
DBG getmany L27 nw=16 wall=0.697s thr(out)1 thr(in)16 conc_peak=16 pread=9.567s
DBG getmany L28 nw=15 wall=0.641s thr(out)1 thr(in)16 conc_peak=15 pread=7.682s
DBG getmany L29 nw=14 wall=0.689s thr(out)1 thr(in)16 conc_peak=14 pread=8.359s
DBG getmany L30 nw=15 wall=0.541s thr(out)1 thr(in)16 conc_peak=15 pread=7.412s
DBG getmany L31 nw=15 wall=0.726s thr(out)1 thr(in)16 conc_peak=15 pread=8.437s
DBG getmany L32 nw=12 wall=0.645s thr(out)1 thr(in)16 conc_peak=12 pread=7.238s
DBG getmany L33 nw=13 wall=0.697s thr(out)1 thr(in)16 conc_peak=13 pread=7.159s
DBG getmany L34 nw=15 wall=0.590s thr(out)1 thr(in)16 conc_peak=15 pread=7.575s
DBG getmany L35 nw=14 wall=0.749s thr(out)1 thr(in)16 conc_peak=14 pread=9.610s
DBG getmany L36 nw=14 wall=0.714s thr(out)1 thr(in)16 conc_peak=14 pread=9.132s
DBG getmany L37 nw=15 wall=0.579s thr(out)1 thr(in)16 conc_peak=15 pread=7.282s
DBG getmany L38 nw=14 wall=0.484s thr(out)1 thr(in)16 conc_peak=14 pread=5.837s
DBG getmany L39 nw=14 wall=0.700s thr(out)1 thr(in)16 conc_peak=14 pread=7.842s
DBG getmany L40 nw=15 wall=0.667s thr(out)1 thr(in)16 conc_peak=15 pread=8.038s
DBG getmany L41 nw=14 wall=0.653s thr(out)1 thr(in)16 conc_peak=14 pread=8.654s
DBG getmany L42 nw=14 wall=0.339s thr(out)1 thr(in)16 conc_peak=14 pread=3.003s
DBG getmany L43 nw=16 wall=0.745s thr(out)1 thr(in)16 conc_peak=16 pread=10.424s
DBG getmany L44 nw=16 wall=0.728s thr(out)1 thr(in)16 conc_peak=16 pread=10.260s
DBG getmany L45 nw=15 wall=0.701s thr(out)1 thr(in)16 conc_peak=15 pread=9.081s
DBG getmany L46 nw=14 wall=0.546s thr(out)1 thr(in)16 conc_peak=14 pread=7.085s
DBG getmany L47 nw=14 wall=0.727s thr(out)1 thr(in)16 conc_peak=14 pread=8.802s
DBG getmany L48 nw=15 wall=0.655s thr(out)1 thr(in)16 conc_peak=15 pread=6.699s
DBG getmany L49 nw=15 wall=0.729s thr(out)1 thr(in)16 conc_peak=15 pread=9.626s
DBG getmany L50 nw=15 wall=0.509s thr(out)1 thr(in)16 conc_peak=15 pread=6.953s
DBG getmany L51 nw=14 wall=0.724s thr(out)1 thr(in)16 conc_peak=14 pread=9.244s
DBG getmany L52 nw=13 wall=0.653s thr(out)1 thr(in)16 conc_peak=13 pread=7.812s
DBG getmany L53 nw=14 wall=0.635s thr(out)1 thr(in)16 conc_peak=14 pread=8.197s
DBG getmany L54 nw=15 wall=0.496s thr(out)1 thr(in)16 conc_peak=15 pread=6.185s
DBG getmany L55 nw=13 wall=0.586s thr(out)1 thr(in)16 conc_peak=13 pread=5.152s
DBG getmany L56 nw=15 wall=0.673s thr(out)1 thr(in)16 conc_peak=15 pread=8.863s
DBG getmany L57 nw=16 wall=0.719s thr(out)1 thr(in)16 conc_peak=16 pread=9.576s
DBG getmany L58 nw=13 wall=0.496s thr(out)1 thr(in)16 conc_peak=13 pread=5.644s
DBG getmany L59 nw=13 wall=0.726s thr(out)1 thr(in)16 conc_peak=13 pread=6.436s
DBG getmany L60 nw=15 wall=0.882s thr(out)1 thr(in)16 conc_peak=15 pread=11.906s
DBG getmany L61 nw=15 wall=0.663s thr(out)1 thr(in)16 conc_peak=15 pread=6.673s
DBG getmany L62 nw=12 wall=0.462s thr(out)1 thr(in)16 conc_peak=12 pread=5.197s
DBG getmany L63 nw=13 wall=0.669s thr(out)1 thr(in)16 conc_peak=13 pread=5.625s
DBG getmany L64 nw=14 wall=0.716s thr(out)1 thr(in)16 conc_peak=14 pread=8.379s
DBG getmany L65 nw=12 wall=0.630s thr(out)1 thr(in)16 conc_peak=12 pread=6.974s
DBG getmany L66 nw=14 wall=0.515s thr(out)1 thr(in)16 conc_peak=14 pread=6.220s
DBG getmany L67 nw=14 wall=0.655s thr(out)1 thr(in)16 conc_peak=14 pread=7.934s
DBG getmany L68 nw=13 wall=0.682s thr(out)1 thr(in)16 conc_peak=13 pread=7.933s
DBG getmany L69 nw=13 wall=0.674s thr(out)1 thr(in)16 conc_peak=13 pread=7.679s
DBG getmany L70 nw=12 wall=0.490s thr(out)1 thr(in)16 conc_peak=12 pread=4.394s
DBG getmany L71 nw=14 wall=0.734s thr(out)1 thr(in)16 conc_peak=14 pread=6.436s
DBG getmany L72 nw=15 wall=0.696s thr(out)1 thr(in)16 conc_peak=15 pread=9.671s
DBG getmany L73 nw=16 wall=0.818s thr(out)1 thr(in)16 conc_peak=16 pread=4.653s
DBG getmany L74 nw=16 wall=0.504s thr(out)1 thr(in)16 conc_peak=16 pread=6.453s
DBG getmany L75 nw=16 wall=0.728s thr(out)1 thr(in)16 conc_peak=16 pread=10.154s
DBG getmany L76 nw=16 wall=0.685s thr(out)1 thr(in)16 conc_peak=16 pread=9.862s
DBG getmany L77 nw=13 wall=0.640s thr(out)1 thr(in)16 conc_peak=13 pread=6.679s
DBG getmany L78 nw=14 wall=0.501s thr(out)1 thr(in)16 conc_peak=14 pread=6.108s
DBG getmany L79 nw=14 wall=0.703s thr(out)1 thr(in)16 conc_peak=14 pread=7.581s
DBG getmany L80 nw=16 wall=0.687s thr(out)1 thr(in)16 conc_peak=16 pread=5.895s
DBG getmany L81 nw=14 wall=0.655s thr(out)1 thr(in)16 conc_peak=14 pread=8.590s
DBG getmany L82 nw=15 wall=0.503s thr(out)1 thr(in)16 conc_peak=15 pread=6.470s
DBG getmany L83 nw=13 wall=0.695s thr(out)1 thr(in)16 conc_peak=13 pread=7.829s
DBG getmany L84 nw=10 wall=0.648s thr(out)1 thr(in)16 conc_peak=10 pread=5.991s
DBG getmany L85 nw=13 wall=0.663s thr(out)1 thr(in)16 conc_peak=13 pread=7.020s
DBG getmany L86 nw=14 wall=0.449s thr(out)1 thr(in)16 conc_peak=14 pread=5.377s
DBG getmany L87 nw=13 wall=0.676s thr(out)1 thr(in)16 conc_peak=13 pread=8.128s
DBG getmany L88 nw=12 wall=0.656s thr(out)1 thr(in)16 conc_peak=12 pread=5.928s
DBG getmany L89 nw=14 wall=0.724s thr(out)1 thr(in)16 conc_peak=14 pread=8.392s
DBG getmany L90 nw=13 wall=0.484s thr(out)1 thr(in)16 conc_peak=13 pread=4.621s
DBG getmany L91 nw=12 wall=0.479s thr(out)1 thr(in)16 conc_peak=12 pread=5.137s
DBG getmany L92 nw=13 wall=0.185s thr(out)1 thr(in)16 conc_peak=13 pread=1.434s
3      12         78.90        99.9       22.51      0.013
  L2   resident=6778/14589 slots hit=100.0% read=98.97GB write=0.00GB
DBG getmany L1 nw=15 wall=0.680s thr(out)1 thr(in)16 conc_peak=15 pread=9.664s
DBG getmany L2 nw=14 wall=0.495s thr(out)1 thr(in)16 conc_peak=14 pread=5.284s
DBG getmany L3 nw=13 wall=0.667s thr(out)1 thr(in)16 conc_peak=13 pread=7.127s
DBG getmany L4 nw=13 wall=0.660s thr(out)1 thr(in)16 conc_peak=13 pread=6.762s
DBG getmany L5 nw=16 wall=0.695s thr(out)1 thr(in)16 conc_peak=16 pread=9.533s
DBG getmany L6 nw=16 wall=0.515s thr(out)1 thr(in)16 conc_peak=16 pread=7.219s
DBG getmany L7 nw=15 wall=0.708s thr(out)1 thr(in)16 conc_peak=15 pread=8.504s
DBG getmany L8 nw=16 wall=0.727s thr(out)1 thr(in)16 conc_peak=16 pread=9.399s
DBG getmany L9 nw=14 wall=0.685s thr(out)1 thr(in)16 conc_peak=14 pread=8.646s
DBG getmany L10 nw=14 wall=0.501s thr(out)1 thr(in)16 conc_peak=14 pread=6.552s
DBG getmany L11 nw=13 wall=0.701s thr(out)1 thr(in)16 conc_peak=13 pread=7.288s
DBG getmany L12 nw=15 wall=0.671s thr(out)1 thr(in)16 conc_peak=15 pread=8.374s
DBG getmany L13 nw=15 wall=0.755s thr(out)1 thr(in)16 conc_peak=15 pread=9.735s
DBG getmany L14 nw=15 wall=0.530s thr(out)1 thr(in)16 conc_peak=15 pread=6.695s
DBG getmany L15 nw=14 wall=0.694s thr(out)1 thr(in)16 conc_peak=14 pread=7.408s
DBG getmany L16 nw=14 wall=0.599s thr(out)1 thr(in)16 conc_peak=14 pread=7.471s
DBG getmany L17 nw=15 wall=0.645s thr(out)1 thr(in)16 conc_peak=15 pread=8.419s
DBG getmany L18 nw=15 wall=0.457s thr(out)1 thr(in)16 conc_peak=15 pread=5.464s
DBG getmany L19 nw=14 wall=0.656s thr(out)1 thr(in)16 conc_peak=14 pread=8.674s
DBG getmany L20 nw=14 wall=0.597s thr(out)1 thr(in)16 conc_peak=14 pread=5.902s
DBG getmany L21 nw=15 wall=0.690s thr(out)1 thr(in)16 conc_peak=15 pread=9.351s
DBG getmany L22 nw=15 wall=0.514s thr(out)1 thr(in)16 conc_peak=15 pread=6.940s
DBG getmany L23 nw=12 wall=0.631s thr(out)1 thr(in)16 conc_peak=12 pread=5.772s
DBG getmany L24 nw=13 wall=0.556s thr(out)1 thr(in)16 conc_peak=13 pread=6.070s
DBG getmany L25 nw=16 wall=0.728s thr(out)1 thr(in)16 conc_peak=16 pread=9.854s
DBG getmany L26 nw=15 wall=0.526s thr(out)1 thr(in)16 conc_peak=15 pread=6.483s
DBG getmany L27 nw=16 wall=0.697s thr(out)1 thr(in)16 conc_peak=16 pread=9.248s
DBG getmany L28 nw=15 wall=0.643s thr(out)1 thr(in)16 conc_peak=15 pread=7.448s
DBG getmany L29 nw=15 wall=0.709s thr(out)1 thr(in)16 conc_peak=15 pread=9.220s
DBG getmany L30 nw=16 wall=0.501s thr(out)1 thr(in)16 conc_peak=16 pread=7.104s
DBG getmany L31 nw=15 wall=0.727s thr(out)1 thr(in)16 conc_peak=15 pread=9.699s
DBG getmany L32 nw=14 wall=0.646s thr(out)1 thr(in)16 conc_peak=14 pread=7.598s
DBG getmany L33 nw=15 wall=0.722s thr(out)1 thr(in)16 conc_peak=15 pread=10.197s
DBG getmany L34 nw=15 wall=0.532s thr(out)1 thr(in)16 conc_peak=15 pread=6.577s
DBG getmany L35 nw=15 wall=0.743s thr(out)1 thr(in)16 conc_peak=15 pread=9.280s
DBG getmany L36 nw=15 wall=0.721s thr(out)1 thr(in)16 conc_peak=15 pread=10.120s
DBG getmany L37 nw=15 wall=0.703s thr(out)1 thr(in)16 conc_peak=15 pread=8.841s
DBG getmany L38 nw=14 wall=0.461s thr(out)1 thr(in)16 conc_peak=14 pread=5.563s
DBG getmany L39 nw=14 wall=0.550s thr(out)1 thr(in)16 conc_peak=14 pread=5.200s
DBG getmany L40 nw=15 wall=0.702s thr(out)1 thr(in)16 conc_peak=15 pread=8.047s
DBG getmany L41 nw=15 wall=0.697s thr(out)1 thr(in)16 conc_peak=15 pread=9.580s
DBG getmany L42 nw=15 wall=0.514s thr(out)1 thr(in)16 conc_peak=15 pread=6.928s
DBG getmany L43 nw=16 wall=0.749s thr(out)1 thr(in)16 conc_peak=16 pread=10.508s
DBG getmany L44 nw=16 wall=0.644s thr(out)1 thr(in)16 conc_peak=16 pread=8.828s
DBG getmany L45 nw=16 wall=0.700s thr(out)1 thr(in)16 conc_peak=16 pread=9.541s
DBG getmany L46 nw=15 wall=0.525s thr(out)1 thr(in)16 conc_peak=15 pread=6.700s
DBG getmany L47 nw=14 wall=0.672s thr(out)1 thr(in)16 conc_peak=14 pread=8.431s
DBG getmany L48 nw=15 wall=0.696s thr(out)1 thr(in)16 conc_peak=15 pread=9.708s
DBG getmany L49 nw=16 wall=0.728s thr(out)1 thr(in)16 conc_peak=16 pread=10.390s
DBG getmany L50 nw=15 wall=0.531s thr(out)1 thr(in)16 conc_peak=15 pread=7.373s
DBG getmany L51 nw=15 wall=0.713s thr(out)1 thr(in)16 conc_peak=15 pread=9.126s
DBG getmany L52 nw=13 wall=0.643s thr(out)1 thr(in)16 conc_peak=13 pread=7.104s
DBG getmany L53 nw=15 wall=0.709s thr(out)1 thr(in)16 conc_peak=15 pread=9.971s
DBG getmany L54 nw=15 wall=0.555s thr(out)1 thr(in)16 conc_peak=15 pread=5.982s
DBG getmany L55 nw=14 wall=0.710s thr(out)1 thr(in)16 conc_peak=14 pread=8.189s
DBG getmany L56 nw=15 wall=0.642s thr(out)1 thr(in)16 conc_peak=15 pread=8.223s
DBG getmany L57 nw=16 wall=0.735s thr(out)1 thr(in)16 conc_peak=16 pread=10.520s
DBG getmany L58 nw=16 wall=0.510s thr(out)1 thr(in)16 conc_peak=16 pread=7.242s
DBG getmany L59 nw=13 wall=0.721s thr(out)1 thr(in)16 conc_peak=13 pread=5.998s
DBG getmany L60 nw=16 wall=0.883s thr(out)1 thr(in)16 conc_peak=16 pread=13.397s
DBG getmany L61 nw=15 wall=0.706s thr(out)1 thr(in)16 conc_peak=15 pread=9.974s
DBG getmany L62 nw=13 wall=0.454s thr(out)1 thr(in)16 conc_peak=13 pread=4.792s
DBG getmany L63 nw=15 wall=0.718s thr(out)1 thr(in)16 conc_peak=15 pread=9.070s
DBG getmany L64 nw=14 wall=0.663s thr(out)1 thr(in)16 conc_peak=14 pread=7.326s
DBG getmany L65 nw=15 wall=0.674s thr(out)1 thr(in)16 conc_peak=15 pread=7.848s
DBG getmany L66 nw=16 wall=0.530s thr(out)1 thr(in)16 conc_peak=16 pread=6.748s
DBG getmany L67 nw=16 wall=0.730s thr(out)1 thr(in)16 conc_peak=16 pread=10.583s
DBG getmany L68 nw=14 wall=0.697s thr(out)1 thr(in)16 conc_peak=14 pread=9.254s
DBG getmany L69 nw=14 wall=0.667s thr(out)1 thr(in)16 conc_peak=14 pread=8.652s
DBG getmany L70 nw=13 wall=0.488s thr(out)1 thr(in)16 conc_peak=13 pread=5.520s
DBG getmany L71 nw=14 wall=0.698s thr(out)1 thr(in)16 conc_peak=14 pread=8.943s
DBG getmany L72 nw=16 wall=0.736s thr(out)1 thr(in)16 conc_peak=16 pread=9.206s
DBG getmany L73 nw=16 wall=0.733s thr(out)1 thr(in)16 conc_peak=16 pread=9.504s
DBG getmany L74 nw=16 wall=0.524s thr(out)1 thr(in)16 conc_peak=16 pread=7.627s
DBG getmany L75 nw=16 wall=0.736s thr(out)1 thr(in)16 conc_peak=16 pread=9.918s
DBG getmany L76 nw=16 wall=0.660s thr(out)1 thr(in)16 conc_peak=16 pread=7.864s
DBG getmany L77 nw=14 wall=0.696s thr(out)1 thr(in)16 conc_peak=14 pread=7.191s
DBG getmany L78 nw=14 wall=0.480s thr(out)1 thr(in)16 conc_peak=14 pread=4.699s
DBG getmany L79 nw=15 wall=0.717s thr(out)1 thr(in)16 conc_peak=15 pread=9.440s
DBG getmany L80 nw=16 wall=0.696s thr(out)1 thr(in)16 conc_peak=16 pread=9.173s
DBG getmany L81 nw=15 wall=0.677s thr(out)1 thr(in)16 conc_peak=15 pread=7.667s
DBG getmany L82 nw=16 wall=0.520s thr(out)1 thr(in)16 conc_peak=16 pread=7.581s
DBG getmany L83 nw=14 wall=0.679s thr(out)1 thr(in)16 conc_peak=14 pread=7.699s
DBG getmany L84 nw=13 wall=0.649s thr(out)1 thr(in)16 conc_peak=13 pread=7.780s
DBG getmany L85 nw=15 wall=0.595s thr(out)1 thr(in)16 conc_peak=15 pread=6.636s
DBG getmany L86 nw=15 wall=0.521s thr(out)1 thr(in)16 conc_peak=15 pread=6.565s
DBG getmany L87 nw=14 wall=0.665s thr(out)1 thr(in)16 conc_peak=14 pread=8.726s
DBG getmany L88 nw=13 wall=0.706s thr(out)1 thr(in)16 conc_peak=13 pread=7.656s
DBG getmany L89 nw=14 wall=0.707s thr(out)1 thr(in)16 conc_peak=14 pread=8.092s
DBG getmany L90 nw=14 wall=0.501s thr(out)1 thr(in)16 conc_peak=14 pread=6.217s
DBG getmany L91 nw=12 wall=0.506s thr(out)1 thr(in)16 conc_peak=12 pread=4.933s
DBG getmany L92 nw=15 wall=0.245s thr(out)1 thr(in)16 conc_peak=15 pread=2.148s
4      2975       80.35        100.0      23.76      0.012
  L2   resident=6778/14589 slots hit=100.0% read=122.71GB write=0.00GB
DBG getmany L1 nw=13 wall=0.640s thr(out)1 thr(in)16 conc_peak=13 pread=7.785s
DBG getmany L2 nw=12 wall=0.468s thr(out)1 thr(in)16 conc_peak=12 pread=4.520s
DBG getmany L3 nw=11 wall=0.616s thr(out)1 thr(in)16 conc_peak=11 pread=5.738s
DBG getmany L4 nw=13 wall=0.668s thr(out)1 thr(in)16 conc_peak=13 pread=6.791s
DBG getmany L5 nw=12 wall=0.613s thr(out)1 thr(in)16 conc_peak=12 pread=6.007s
DBG getmany L6 nw=16 wall=0.493s thr(out)1 thr(in)16 conc_peak=16 pread=6.849s
DBG getmany L7 nw=15 wall=0.707s thr(out)1 thr(in)16 conc_peak=15 pread=9.566s
DBG getmany L8 nw=15 wall=0.703s thr(out)1 thr(in)16 conc_peak=15 pread=9.894s
DBG getmany L9 nw=12 wall=0.695s thr(out)1 thr(in)16 conc_peak=12 pread=7.917s
DBG getmany L10 nw=11 wall=0.453s thr(out)1 thr(in)16 conc_peak=11 pread=4.281s
DBG getmany L11 nw=12 wall=0.642s thr(out)1 thr(in)16 conc_peak=12 pread=5.513s
DBG getmany L12 nw=14 wall=0.672s thr(out)1 thr(in)16 conc_peak=14 pread=8.810s
DBG getmany L13 nw=13 wall=0.657s thr(out)1 thr(in)16 conc_peak=13 pread=7.652s
DBG getmany L14 nw=14 wall=0.538s thr(out)1 thr(in)16 conc_peak=14 pread=6.367s
DBG getmany L15 nw=12 wall=0.685s thr(out)1 thr(in)16 conc_peak=12 pread=6.496s
DBG getmany L16 nw=12 wall=0.580s thr(out)1 thr(in)16 conc_peak=12 pread=5.751s
DBG getmany L17 nw=14 wall=0.601s thr(out)1 thr(in)16 conc_peak=14 pread=7.405s
DBG getmany L18 nw=13 wall=0.451s thr(out)1 thr(in)16 conc_peak=13 pread=5.191s
DBG getmany L19 nw=13 wall=0.622s thr(out)1 thr(in)16 conc_peak=13 pread=6.820s
DBG getmany L20 nw=11 wall=0.583s thr(out)1 thr(in)16 conc_peak=11 pread=4.877s
DBG getmany L21 nw=14 wall=0.695s thr(out)1 thr(in)16 conc_peak=14 pread=8.048s
DBG getmany L22 nw=13 wall=0.479s thr(out)1 thr(in)16 conc_peak=13 pread=5.341s
DBG getmany L23 nw=13 wall=0.636s thr(out)1 thr(in)16 conc_peak=13 pread=6.214s
DBG getmany L24 nw=14 wall=0.694s thr(out)1 thr(in)16 conc_peak=14 pread=9.085s
DBG getmany L25 nw=16 wall=0.758s thr(out)1 thr(in)16 conc_peak=16 pread=8.083s
DBG getmany L26 nw=11 wall=0.465s thr(out)1 thr(in)16 conc_peak=11 pread=4.440s
DBG getmany L27 nw=15 wall=0.679s thr(out)1 thr(in)16 conc_peak=15 pread=8.050s
DBG getmany L28 nw=15 wall=0.634s thr(out)1 thr(in)16 conc_peak=15 pread=6.900s
DBG getmany L29 nw=14 wall=0.608s thr(out)1 thr(in)16 conc_peak=14 pread=6.666s
DBG getmany L30 nw=14 wall=0.526s thr(out)1 thr(in)16 conc_peak=14 pread=6.327s
DBG getmany L31 nw=14 wall=0.618s thr(out)1 thr(in)16 conc_peak=14 pread=6.905s
DBG getmany L32 nw=13 wall=0.637s thr(out)1 thr(in)16 conc_peak=13 pread=6.569s
DBG getmany L33 nw=9 wall=0.429s thr(out)1 thr(in)16 conc_peak=9 pread=3.157s
DBG getmany L34 nw=15 wall=0.550s thr(out)1 thr(in)16 conc_peak=15 pread=7.346s
DBG getmany L35 nw=15 wall=0.755s thr(out)1 thr(in)16 conc_peak=15 pread=10.628s
DBG getmany L36 nw=15 wall=0.723s thr(out)1 thr(in)16 conc_peak=15 pread=7.812s
DBG getmany L37 nw=14 wall=0.655s thr(out)1 thr(in)16 conc_peak=14 pread=8.299s
DBG getmany L38 nw=11 wall=0.479s thr(out)1 thr(in)16 conc_peak=10 pread=4.318s
DBG getmany L39 nw=12 wall=0.673s thr(out)1 thr(in)16 conc_peak=11 pread=6.703s
DBG getmany L40 nw=12 wall=0.693s thr(out)1 thr(in)16 conc_peak=9 pread=6.643s
DBG getmany L41 nw=12 wall=0.667s thr(out)1 thr(in)16 conc_peak=12 pread=6.071s
DBG getmany L42 nw=9 wall=0.443s thr(out)1 thr(in)16 conc_peak=9 pread=3.688s
DBG getmany L43 nw=11 wall=0.619s thr(out)1 thr(in)16 conc_peak=11 pread=5.528s
DBG getmany L44 nw=14 wall=0.687s thr(out)1 thr(in)16 conc_peak=14 pread=7.832s
DBG getmany L45 nw=11 wall=0.685s thr(out)1 thr(in)16 conc_peak=11 pread=6.229s
DBG getmany L46 nw=11 wall=0.453s thr(out)1 thr(in)16 conc_peak=11 pread=4.080s
DBG getmany L47 nw=13 wall=0.680s thr(out)1 thr(in)16 conc_peak=13 pread=8.110s
DBG getmany L48 nw=12 wall=0.658s thr(out)1 thr(in)16 conc_peak=12 pread=7.129s
DBG getmany L49 nw=15 wall=0.739s thr(out)1 thr(in)16 conc_peak=15 pread=9.935s
DBG getmany L50 nw=13 wall=0.486s thr(out)1 thr(in)16 conc_peak=13 pread=5.238s
DBG getmany L51 nw=13 wall=0.686s thr(out)1 thr(in)16 conc_peak=13 pread=7.120s
DBG getmany L52 nw=12 wall=0.634s thr(out)1 thr(in)16 conc_peak=8 pread=5.121s
DBG getmany L53 nw=13 wall=0.648s thr(out)1 thr(in)16 conc_peak=13 pread=5.648s
DBG getmany L54 nw=14 wall=0.501s thr(out)1 thr(in)16 conc_peak=14 pread=6.236s
DBG getmany L55 nw=13 wall=0.711s thr(out)1 thr(in)16 conc_peak=13 pread=8.068s
DBG getmany L56 nw=15 wall=0.715s thr(out)1 thr(in)16 conc_peak=15 pread=9.653s
DBG getmany L57 nw=15 wall=0.717s thr(out)1 thr(in)16 conc_peak=15 pread=9.032s
DBG getmany L58 nw=10 wall=0.469s thr(out)1 thr(in)16 conc_peak=10 pread=4.000s
DBG getmany L59 nw=10 wall=0.676s thr(out)1 thr(in)16 conc_peak=10 pread=6.197s
DBG getmany L60 nw=13 wall=0.809s thr(out)1 thr(in)16 conc_peak=13 pread=9.834s
DBG getmany L61 nw=14 wall=0.632s thr(out)1 thr(in)16 conc_peak=14 pread=8.364s
DBG getmany L62 nw=10 wall=0.426s thr(out)1 thr(in)16 conc_peak=10 pread=3.320s
DBG getmany L63 nw=14 wall=0.731s thr(out)1 thr(in)16 conc_peak=14 pread=8.392s
DBG getmany L64 nw=12 wall=0.667s thr(out)1 thr(in)16 conc_peak=12 pread=6.111s
DBG getmany L65 nw=13 wall=0.701s thr(out)1 thr(in)16 conc_peak=13 pread=7.509s
DBG getmany L66 nw=13 wall=0.492s thr(out)1 thr(in)16 conc_peak=13 pread=3.915s
DBG getmany L67 nw=14 wall=0.752s thr(out)1 thr(in)16 conc_peak=14 pread=6.703s
DBG getmany L68 nw=15 wall=0.692s thr(out)1 thr(in)16 conc_peak=15 pread=8.838s
DBG getmany L69 nw=10 wall=0.576s thr(out)1 thr(in)16 conc_peak=10 pread=4.897s
DBG getmany L70 nw=8 wall=0.446s thr(out)1 thr(in)16 conc_peak=8 pread=2.983s
DBG getmany L71 nw=13 wall=0.710s thr(out)1 thr(in)16 conc_peak=13 pread=7.879s
DBG getmany L72 nw=12 wall=0.647s thr(out)1 thr(in)16 conc_peak=12 pread=7.026s
DBG getmany L73 nw=12 wall=0.624s thr(out)1 thr(in)16 conc_peak=12 pread=6.638s
DBG getmany L74 nw=9 wall=0.408s thr(out)1 thr(in)16 conc_peak=9 pread=2.930s
DBG getmany L75 nw=8 wall=0.621s thr(out)1 thr(in)16 conc_peak=7 pread=4.471s
DBG getmany L76 nw=13 wall=0.621s thr(out)1 thr(in)16 conc_peak=13 pread=6.428s
DBG getmany L77 nw=9 wall=0.597s thr(out)1 thr(in)16 conc_peak=9 pread=3.880s
DBG getmany L78 nw=10 wall=0.470s thr(out)1 thr(in)16 conc_peak=10 pread=4.104s
DBG getmany L79 nw=9 wall=0.628s thr(out)1 thr(in)16 conc_peak=9 pread=4.109s
DBG getmany L80 nw=13 wall=0.628s thr(out)1 thr(in)16 conc_peak=13 pread=5.658s
DBG getmany L81 nw=14 wall=0.693s thr(out)1 thr(in)16 conc_peak=14 pread=8.826s
DBG getmany L82 nw=13 wall=0.491s thr(out)1 thr(in)16 conc_peak=13 pread=5.712s
DBG getmany L83 nw=12 wall=0.668s thr(out)1 thr(in)16 conc_peak=12 pread=6.020s
DBG getmany L84 nw=13 wall=0.645s thr(out)1 thr(in)16 conc_peak=13 pread=7.288s
DBG getmany L85 nw=13 wall=0.656s thr(out)1 thr(in)16 conc_peak=13 pread=7.121s
DBG getmany L86 nw=12 wall=0.436s thr(out)1 thr(in)16 conc_peak=12 pread=4.351s
DBG getmany L87 nw=9 wall=0.598s thr(out)1 thr(in)16 conc_peak=9 pread=4.881s
DBG getmany L88 nw=13 wall=0.630s thr(out)1 thr(in)16 conc_peak=13 pread=6.447s
DBG getmany L89 nw=10 wall=0.656s thr(out)1 thr(in)16 conc_peak=9 pread=5.014s
DBG getmany L90 nw=10 wall=0.412s thr(out)1 thr(in)16 conc_peak=10 pread=3.730s
DBG getmany L91 nw=9 wall=0.457s thr(out)1 thr(in)16 conc_peak=9 pread=3.583s
DBG getmany L92 nw=12 wall=0.173s thr(out)1 thr(in)16 conc_peak=12 pread=1.271s
5      15         77.40        100.0      20.13      0.013
  L2   resident=6778/14589 slots hit=100.0% read=142.83GB write=0.00GB
DBG getmany L1 nw=14 wall=0.605s thr(out)1 thr(in)16 conc_peak=14 pread=7.369s
DBG getmany L2 nw=12 wall=0.459s thr(out)1 thr(in)16 conc_peak=12 pread=4.645s
DBG getmany L3 nw=10 wall=0.653s thr(out)1 thr(in)16 conc_peak=10 pread=5.947s
DBG getmany L4 nw=12 wall=0.614s thr(out)1 thr(in)16 conc_peak=12 pread=6.624s
DBG getmany L5 nw=7 wall=0.498s thr(out)1 thr(in)16 conc_peak=5 pread=3.413s
DBG getmany L6 nw=15 wall=0.461s thr(out)1 thr(in)16 conc_peak=15 pread=5.950s
DBG getmany L7 nw=14 wall=0.680s thr(out)1 thr(in)16 conc_peak=14 pread=8.188s
DBG getmany L8 nw=14 wall=0.662s thr(out)1 thr(in)16 conc_peak=14 pread=8.238s
DBG getmany L9 nw=12 wall=0.675s thr(out)1 thr(in)16 conc_peak=12 pread=7.709s
DBG getmany L10 nw=10 wall=0.404s thr(out)1 thr(in)16 conc_peak=10 pread=3.011s
DBG getmany L11 nw=12 wall=0.695s thr(out)1 thr(in)16 conc_peak=12 pread=6.873s
DBG getmany L12 nw=13 wall=0.693s thr(out)1 thr(in)16 conc_peak=13 pread=7.776s
DBG getmany L13 nw=13 wall=0.671s thr(out)1 thr(in)16 conc_peak=13 pread=6.800s
DBG getmany L14 nw=16 wall=0.548s thr(out)1 thr(in)16 conc_peak=16 pread=6.223s
DBG getmany L15 nw=14 wall=0.682s thr(out)1 thr(in)16 conc_peak=14 pread=6.948s
DBG getmany L16 nw=11 wall=0.530s thr(out)1 thr(in)16 conc_peak=11 pread=4.495s
DBG getmany L17 nw=13 wall=0.632s thr(out)1 thr(in)16 conc_peak=13 pread=6.648s
DBG getmany L18 nw=12 wall=0.400s thr(out)1 thr(in)16 conc_peak=12 pread=3.920s
DBG getmany L19 nw=14 wall=0.653s thr(out)1 thr(in)16 conc_peak=11 pread=7.213s
DBG getmany L20 nw=10 wall=0.602s thr(out)1 thr(in)16 conc_peak=9 pread=5.468s
DBG getmany L21 nw=13 wall=0.649s thr(out)1 thr(in)16 conc_peak=13 pread=8.016s
DBG getmany L22 nw=10 wall=0.418s thr(out)1 thr(in)16 conc_peak=10 pread=3.535s
DBG getmany L23 nw=12 wall=0.632s thr(out)1 thr(in)16 conc_peak=12 pread=5.688s
DBG getmany L24 nw=15 wall=0.738s thr(out)1 thr(in)16 conc_peak=15 pread=9.334s
DBG getmany L25 nw=13 wall=0.479s thr(out)1 thr(in)16 conc_peak=13 pread=5.297s
DBG getmany L26 nw=13 wall=0.495s thr(out)1 thr(in)16 conc_peak=13 pread=4.902s
DBG getmany L27 nw=15 wall=0.577s thr(out)1 thr(in)16 conc_peak=15 pread=6.142s
DBG getmany L28 nw=14 wall=0.617s thr(out)1 thr(in)16 conc_peak=14 pread=7.048s
DBG getmany L29 nw=14 wall=0.658s thr(out)1 thr(in)16 conc_peak=14 pread=6.942s
DBG getmany L30 nw=11 wall=0.442s thr(out)1 thr(in)16 conc_peak=11 pread=4.298s
DBG getmany L31 nw=13 wall=0.678s thr(out)1 thr(in)16 conc_peak=13 pread=8.426s
DBG getmany L32 nw=11 wall=0.630s thr(out)1 thr(in)16 conc_peak=11 pread=6.155s
DBG getmany L33 nw=14 wall=0.704s thr(out)1 thr(in)16 conc_peak=14 pread=8.368s
DBG getmany L34 nw=14 wall=0.455s thr(out)1 thr(in)16 conc_peak=14 pread=5.712s
DBG getmany L35 nw=11 wall=0.657s thr(out)1 thr(in)16 conc_peak=11 pread=6.307s
DBG getmany L36 nw=14 wall=0.682s thr(out)1 thr(in)16 conc_peak=14 pread=7.348s
DBG getmany L37 nw=15 wall=0.710s thr(out)1 thr(in)16 conc_peak=15 pread=8.981s
DBG getmany L38 nw=11 wall=0.408s thr(out)1 thr(in)16 conc_peak=11 pread=3.619s
DBG getmany L39 nw=14 wall=0.675s thr(out)1 thr(in)16 conc_peak=14 pread=8.758s
DBG getmany L40 nw=13 wall=0.670s thr(out)1 thr(in)16 conc_peak=13 pread=7.822s
DBG getmany L41 nw=9 wall=0.622s thr(out)1 thr(in)16 conc_peak=9 pread=4.511s
DBG getmany L42 nw=9 wall=0.429s thr(out)1 thr(in)16 conc_peak=9 pread=3.199s
DBG getmany L43 nw=9 wall=0.680s thr(out)1 thr(in)16 conc_peak=9 pread=5.645s
DBG getmany L44 nw=12 wall=0.680s thr(out)1 thr(in)16 conc_peak=12 pread=7.313s
DBG getmany L45 nw=11 wall=0.621s thr(out)1 thr(in)16 conc_peak=11 pread=6.595s
DBG getmany L46 nw=11 wall=0.499s thr(out)1 thr(in)16 conc_peak=11 pread=4.925s
DBG getmany L47 nw=11 wall=0.664s thr(out)1 thr(in)16 conc_peak=11 pread=4.778s
DBG getmany L48 nw=13 wall=0.590s thr(out)1 thr(in)16 conc_peak=12 pread=6.719s
DBG getmany L49 nw=15 wall=0.713s thr(out)1 thr(in)16 conc_peak=15 pread=9.391s
DBG getmany L50 nw=12 wall=0.445s thr(out)1 thr(in)16 conc_peak=12 pread=4.096s
DBG getmany L51 nw=12 wall=0.692s thr(out)1 thr(in)16 conc_peak=12 pread=6.903s
DBG getmany L52 nw=13 wall=0.620s thr(out)1 thr(in)16 conc_peak=13 pread=5.823s
DBG getmany L53 nw=12 wall=0.652s thr(out)1 thr(in)16 conc_peak=12 pread=6.768s
DBG getmany L54 nw=12 wall=0.472s thr(out)1 thr(in)16 conc_peak=12 pread=4.728s
DBG getmany L55 nw=12 wall=0.699s thr(out)1 thr(in)16 conc_peak=12 pread=7.048s
DBG getmany L56 nw=13 wall=0.667s thr(out)1 thr(in)16 conc_peak=11 pread=6.749s
DBG getmany L57 nw=15 wall=0.722s thr(out)1 thr(in)16 conc_peak=15 pread=9.657s
DBG getmany L58 nw=11 wall=0.459s thr(out)1 thr(in)16 conc_peak=11 pread=4.503s
DBG getmany L59 nw=9 wall=0.675s thr(out)1 thr(in)16 conc_peak=9 pread=5.033s
DBG getmany L60 nw=12 wall=0.864s thr(out)1 thr(in)16 conc_peak=12 pread=9.406s
DBG getmany L61 nw=13 wall=0.688s thr(out)1 thr(in)16 conc_peak=13 pread=6.793s
DBG getmany L62 nw=14 wall=0.498s thr(out)1 thr(in)16 conc_peak=14 pread=5.480s
DBG getmany L63 nw=12 wall=0.669s thr(out)1 thr(in)16 conc_peak=12 pread=7.442s
DBG getmany L64 nw=12 wall=0.602s thr(out)1 thr(in)16 conc_peak=10 pread=6.294s
DBG getmany L65 nw=11 wall=0.596s thr(out)1 thr(in)16 conc_peak=11 pread=5.205s
DBG getmany L66 nw=11 wall=0.468s thr(out)1 thr(in)16 conc_peak=11 pread=3.437s
DBG getmany L67 nw=13 wall=0.712s thr(out)1 thr(in)16 conc_peak=13 pread=8.249s
DBG getmany L68 nw=13 wall=0.683s thr(out)1 thr(in)16 conc_peak=13 pread=7.419s
DBG getmany L69 nw=12 wall=0.687s thr(out)1 thr(in)16 conc_peak=12 pread=6.796s
DBG getmany L70 nw=11 wall=0.455s thr(out)1 thr(in)16 conc_peak=11 pread=4.686s
DBG getmany L71 nw=14 wall=0.744s thr(out)1 thr(in)16 conc_peak=14 pread=9.778s
DBG getmany L72 nw=12 wall=0.691s thr(out)1 thr(in)16 conc_peak=12 pread=4.396s
DBG getmany L73 nw=13 wall=0.725s thr(out)1 thr(in)16 conc_peak=13 pread=7.951s
DBG getmany L74 nw=10 wall=0.404s thr(out)1 thr(in)16 conc_peak=10 pread=3.375s
DBG getmany L75 nw=10 wall=0.620s thr(out)1 thr(in)16 conc_peak=10 pread=4.975s
DBG getmany L76 nw=13 wall=0.656s thr(out)1 thr(in)16 conc_peak=13 pread=8.042s
DBG getmany L77 nw=11 wall=0.660s thr(out)1 thr(in)16 conc_peak=11 pread=6.751s
DBG getmany L78 nw=11 wall=0.449s thr(out)1 thr(in)16 conc_peak=11 pread=4.042s
DBG getmany L79 nw=10 wall=0.635s thr(out)1 thr(in)16 conc_peak=10 pread=4.562s
DBG getmany L80 nw=13 wall=0.667s thr(out)1 thr(in)16 conc_peak=13 pread=7.449s
DBG getmany L81 nw=14 wall=0.724s thr(out)1 thr(in)16 conc_peak=14 pread=9.369s
DBG getmany L82 nw=13 wall=0.488s thr(out)1 thr(in)16 conc_peak=13 pread=5.588s
DBG getmany L83 nw=12 wall=0.702s thr(out)1 thr(in)16 conc_peak=12 pread=5.866s
DBG getmany L84 nw=13 wall=0.654s thr(out)1 thr(in)16 conc_peak=13 pread=7.350s
DBG getmany L85 nw=13 wall=0.623s thr(out)1 thr(in)16 conc_peak=13 pread=6.450s
DBG getmany L86 nw=12 wall=0.526s thr(out)1 thr(in)16 conc_peak=12 pread=5.301s
DBG getmany L87 nw=10 wall=0.646s thr(out)1 thr(in)16 conc_peak=10 pread=5.153s
DBG getmany L88 nw=13 wall=0.660s thr(out)1 thr(in)16 conc_peak=13 pread=7.633s
DBG getmany L89 nw=10 wall=0.627s thr(out)1 thr(in)16 conc_peak=10 pread=4.620s
DBG getmany L90 nw=9 wall=0.446s thr(out)1 thr(in)16 conc_peak=9 pread=3.276s
DBG getmany L91 nw=9 wall=0.460s thr(out)1 thr(in)16 conc_peak=9 pread=3.413s
DBG getmany L92 nw=12 wall=0.168s thr(out)1 thr(in)16 conc_peak=12 pread=1.241s
6      3629       77.70        99.7       19.72      0.013
  L2   resident=6778/14589 slots hit=100.0% read=162.49GB write=0.00GB
DBG getmany L1 nw=15 wall=0.659s thr(out)1 thr(in)16 conc_peak=15 pread=8.385s
DBG getmany L2 nw=14 wall=0.527s thr(out)1 thr(in)16 conc_peak=14 pread=6.650s
DBG getmany L3 nw=10 wall=0.527s thr(out)1 thr(in)16 conc_peak=10 pread=4.137s
DBG getmany L4 nw=14 wall=0.644s thr(out)1 thr(in)16 conc_peak=14 pread=7.692s
DBG getmany L5 nw=13 wall=0.625s thr(out)1 thr(in)16 conc_peak=10 pread=7.572s
DBG getmany L6 nw=15 wall=0.499s thr(out)1 thr(in)16 conc_peak=15 pread=5.302s
DBG getmany L7 nw=15 wall=0.681s thr(out)1 thr(in)16 conc_peak=15 pread=8.738s
DBG getmany L8 nw=15 wall=0.626s thr(out)1 thr(in)16 conc_peak=15 pread=7.131s
DBG getmany L9 nw=15 wall=0.701s thr(out)1 thr(in)16 conc_peak=15 pread=9.656s
DBG getmany L10 nw=12 wall=0.486s thr(out)1 thr(in)16 conc_peak=12 pread=4.839s
DBG getmany L11 nw=13 wall=0.575s thr(out)1 thr(in)16 conc_peak=13 pread=2.694s
DBG getmany L12 nw=13 wall=0.638s thr(out)1 thr(in)16 conc_peak=13 pread=6.886s
DBG getmany L13 nw=15 wall=0.680s thr(out)1 thr(in)16 conc_peak=15 pread=8.964s
DBG getmany L14 nw=16 wall=0.505s thr(out)1 thr(in)16 conc_peak=16 pread=6.321s
DBG getmany L15 nw=15 wall=0.710s thr(out)1 thr(in)16 conc_peak=15 pread=8.424s
DBG getmany L16 nw=14 wall=0.596s thr(out)1 thr(in)16 conc_peak=14 pread=6.582s
DBG getmany L17 nw=13 wall=0.595s thr(out)1 thr(in)16 conc_peak=13 pread=5.499s
DBG getmany L18 nw=11 wall=0.417s thr(out)1 thr(in)16 conc_peak=11 pread=4.021s
DBG getmany L19 nw=15 wall=0.490s thr(out)1 thr(in)16 conc_peak=15 pread=5.470s
DBG getmany L20 nw=12 wall=0.627s thr(out)1 thr(in)16 conc_peak=12 pread=5.657s
DBG getmany L21 nw=14 wall=0.736s thr(out)1 thr(in)16 conc_peak=14 pread=8.996s
DBG getmany L22 nw=14 wall=0.493s thr(out)1 thr(in)16 conc_peak=14 pread=6.019s
DBG getmany L23 nw=14 wall=0.670s thr(out)1 thr(in)16 conc_peak=14 pread=5.878s
DBG getmany L24 nw=15 wall=0.739s thr(out)1 thr(in)16 conc_peak=15 pread=8.910s
DBG getmany L25 nw=13 wall=0.521s thr(out)1 thr(in)16 conc_peak=11 pread=5.011s
DBG getmany L26 nw=14 wall=0.528s thr(out)1 thr(in)16 conc_peak=14 pread=5.701s
DBG getmany L27 nw=16 wall=0.693s thr(out)1 thr(in)16 conc_peak=16 pread=9.473s
DBG getmany L28 nw=15 wall=0.661s thr(out)1 thr(in)16 conc_peak=15 pread=8.166s
DBG getmany L29 nw=13 wall=0.584s thr(out)1 thr(in)16 conc_peak=13 pread=5.303s
DBG getmany L30 nw=12 wall=0.473s thr(out)1 thr(in)16 conc_peak=12 pread=5.063s
DBG getmany L31 nw=15 wall=0.722s thr(out)1 thr(in)16 conc_peak=15 pread=8.112s
DBG getmany L32 nw=12 wall=0.689s thr(out)1 thr(in)16 conc_peak=9 pread=6.770s
DBG getmany L33 nw=14 wall=0.664s thr(out)1 thr(in)16 conc_peak=14 pread=7.116s
DBG getmany L34 nw=13 wall=0.438s thr(out)1 thr(in)16 conc_peak=13 pread=4.684s
DBG getmany L35 nw=13 wall=0.730s thr(out)1 thr(in)16 conc_peak=13 pread=8.245s
DBG getmany L36 nw=13 wall=0.713s thr(out)1 thr(in)16 conc_peak=13 pread=7.928s
DBG getmany L37 nw=14 wall=0.627s thr(out)1 thr(in)16 conc_peak=14 pread=7.464s
DBG getmany L38 nw=12 wall=0.450s thr(out)1 thr(in)16 conc_peak=12 pread=3.672s
DBG getmany L39 nw=13 wall=0.709s thr(out)1 thr(in)16 conc_peak=13 pread=8.580s
DBG getmany L40 nw=13 wall=0.488s thr(out)1 thr(in)16 conc_peak=13 pread=5.234s
DBG getmany L41 nw=11 wall=0.653s thr(out)1 thr(in)16 conc_peak=11 pread=6.124s
DBG getmany L42 nw=9 wall=0.446s thr(out)1 thr(in)16 conc_peak=9 pread=3.438s
DBG getmany L43 nw=10 wall=0.574s thr(out)1 thr(in)16 conc_peak=10 pread=4.871s
DBG getmany L44 nw=13 wall=0.696s thr(out)1 thr(in)16 conc_peak=13 pread=4.609s
DBG getmany L45 nw=14 wall=0.694s thr(out)1 thr(in)16 conc_peak=14 pread=7.880s
DBG getmany L46 nw=13 wall=0.498s thr(out)1 thr(in)16 conc_peak=13 pread=5.725s
DBG getmany L47 nw=13 wall=0.676s thr(out)1 thr(in)16 conc_peak=13 pread=7.043s
DBG getmany L48 nw=12 wall=0.694s thr(out)1 thr(in)16 conc_peak=10 pread=5.174s
DBG getmany L49 nw=15 wall=0.695s thr(out)1 thr(in)16 conc_peak=15 pread=8.705s
DBG getmany L50 nw=14 wall=0.526s thr(out)1 thr(in)16 conc_peak=14 pread=5.778s
DBG getmany L51 nw=12 wall=0.694s thr(out)1 thr(in)16 conc_peak=12 pread=6.588s
DBG getmany L52 nw=12 wall=0.640s thr(out)1 thr(in)16 conc_peak=12 pread=7.210s
DBG getmany L53 nw=13 wall=0.692s thr(out)1 thr(in)16 conc_peak=13 pread=8.296s
DBG getmany L54 nw=12 wall=0.444s thr(out)1 thr(in)16 conc_peak=12 pread=5.003s
DBG getmany L55 nw=15 wall=0.741s thr(out)1 thr(in)16 conc_peak=15 pread=4.283s
DBG getmany L56 nw=13 wall=0.650s thr(out)1 thr(in)16 conc_peak=13 pread=7.829s
DBG getmany L57 nw=16 wall=0.710s thr(out)1 thr(in)16 conc_peak=16 pread=10.497s
DBG getmany L58 nw=11 wall=0.478s thr(out)1 thr(in)16 conc_peak=11 pread=4.272s
DBG getmany L59 nw=11 wall=0.661s thr(out)1 thr(in)16 conc_peak=11 pread=6.223s
DBG getmany L60 nw=13 wall=0.852s thr(out)1 thr(in)16 conc_peak=13 pread=8.643s
DBG getmany L61 nw=15 wall=0.722s thr(out)1 thr(in)16 conc_peak=15 pread=7.802s
DBG getmany L62 nw=12 wall=0.448s thr(out)1 thr(in)16 conc_peak=10 pread=3.901s
DBG getmany L63 nw=13 wall=0.698s thr(out)1 thr(in)16 conc_peak=13 pread=7.847s
DBG getmany L64 nw=13 wall=0.691s thr(out)1 thr(in)16 conc_peak=13 pread=8.009s
DBG getmany L65 nw=13 wall=0.657s thr(out)1 thr(in)16 conc_peak=13 pread=7.527s
DBG getmany L66 nw=13 wall=0.482s thr(out)1 thr(in)16 conc_peak=13 pread=5.042s
DBG getmany L67 nw=13 wall=0.688s thr(out)1 thr(in)16 conc_peak=13 pread=7.026s
DBG getmany L68 nw=15 wall=0.672s thr(out)1 thr(in)16 conc_peak=15 pread=9.406s
DBG getmany L69 nw=13 wall=0.688s thr(out)1 thr(in)16 conc_peak=13 pread=7.647s
DBG getmany L70 nw=12 wall=0.441s thr(out)1 thr(in)16 conc_peak=12 pread=4.700s
DBG getmany L71 nw=13 wall=0.725s thr(out)1 thr(in)16 conc_peak=13 pread=8.735s
DBG getmany L72 nw=12 wall=0.648s thr(out)1 thr(in)16 conc_peak=12 pread=7.209s
DBG getmany L73 nw=14 wall=0.669s thr(out)1 thr(in)16 conc_peak=14 pread=8.218s
DBG getmany L74 nw=9 wall=0.435s thr(out)1 thr(in)16 conc_peak=9 pread=3.560s
DBG getmany L75 nw=11 wall=0.600s thr(out)1 thr(in)16 conc_peak=11 pread=4.887s
DBG getmany L76 nw=11 wall=0.619s thr(out)1 thr(in)16 conc_peak=11 pread=6.166s
DBG getmany L77 nw=12 wall=0.569s thr(out)1 thr(in)16 conc_peak=12 pread=5.459s
DBG getmany L78 nw=12 wall=0.445s thr(out)1 thr(in)16 conc_peak=12 pread=4.780s
DBG getmany L79 nw=10 wall=0.660s thr(out)1 thr(in)16 conc_peak=9 pread=3.805s
DBG getmany L80 nw=14 wall=0.660s thr(out)1 thr(in)16 conc_peak=14 pread=6.491s
DBG getmany L81 nw=15 wall=0.674s thr(out)1 thr(in)16 conc_peak=15 pread=8.473s
DBG getmany L82 nw=13 wall=0.473s thr(out)1 thr(in)16 conc_peak=13 pread=5.394s
DBG getmany L83 nw=11 wall=0.651s thr(out)1 thr(in)16 conc_peak=11 pread=5.973s
DBG getmany L84 nw=15 wall=0.677s thr(out)1 thr(in)16 conc_peak=15 pread=9.210s
DBG getmany L85 nw=13 wall=0.647s thr(out)1 thr(in)16 conc_peak=13 pread=7.436s
DBG getmany L86 nw=13 wall=0.501s thr(out)1 thr(in)16 conc_peak=13 pread=4.999s
DBG getmany L87 nw=11 wall=0.651s thr(out)1 thr(in)16 conc_peak=11 pread=6.292s
DBG getmany L88 nw=13 wall=0.666s thr(out)1 thr(in)16 conc_peak=13 pread=5.765s
DBG getmany L89 nw=9 wall=0.642s thr(out)1 thr(in)16 conc_peak=9 pread=4.440s
DBG getmany L90 nw=11 wall=0.469s thr(out)1 thr(in)16 conc_peak=11 pread=3.118s
DBG getmany L91 nw=11 wall=0.421s thr(out)1 thr(in)16 conc_peak=10 pread=3.594s
DBG getmany L92 nw=14 wall=0.200s thr(out)1 thr(in)16 conc_peak=14 pread=1.744s
7      1389       77.26        100.0      21.02      0.013
  L2   resident=6778/14589 slots hit=100.0% read=183.47GB write=0.02GB
--------------------------------------------------------------------
8 tokens in 659.5 s, 82.43 s/token average
PEAK RSS for the whole run: 22.86 GB   <- quote this, not the plan
layers completed: 93/93; routed expert drops: 0


[chip] simulated MXFP4 GEMV bill over 9 tokens
  11776 expert chains | 777925951488 flops | 206636580864 bytes (206.64 GB)
  per token: 1308 chains | 22.96 GB | 0.09 Gflops
  compute wall @ 4 TFLOPS : 0.19 s (21.61 ms/token)
  bandwidth wall @ 200 GB/s : 1.03 s (114.80 ms/token)
  -> bandwidth-bound; to be compute-bound at 4 TFLOPS this needs 1062 GB/s
  expert fetch (host wall, measured): 474.31 s moving 206.64 GB = 0 GB/s
  chip pool wall (measured): 63.53 s

cache [final step]
  slots        : 783 of 17.56 MB = 13.75 GB arena (783 resident, 0 pinned)
  requests     : 1472  hits 1472 (100.00%)  misses 0  evictions 1198
  of those hits : 1198 came from the batch prefetch, i.e. read from disk
                  this token; TRUE resident hit rate 18.61%
  read from disk: 21.02 GB in 55.74 s (377 MB/s while loading)
  phase2 i/o    : 21.03 GB in 55.74 s (377 MB/s)  [pure parallel disk read]
l2cache [final step]
  requests     : 10457  hits 10456 (99.99%)  misses 1
  read  from sdd7: 183.47 GB, written 0.02 GB
  hit I/O   : 183.47 GB in 465.23 s (wall) = 394 MB/s [pread 5540.88 s, 33 MB/s per-thread]
  miss I/O  : 1 misses, 0.02 GB from /model in 0.05 s (wall) = 347 MB/s
  restored from meta: 6778 slots

wrote /mnt/f/kimi-k3-in-c/reports/gateAB_20260926_075554/ctrl.json
I/O share of wall clock: 147.7%  (trunk 508.2 s + experts 466.1 s of 659.5 s)
  both figures are WHOLE-RUN totals over 8 steps
  over 100% because trunk reads overlap compute on the reader thread;
  314.9 s of device time was hidden behind arithmetic
  experts, whole run: 183.65 GB read | 2093 of 11776 requests retained in RAM (17.77%) | 9683 evictions
    (retention = requests - evictions; the raw `hits` counter includes
     experts the prefetcher had just read from disk, so it is not a
     measure of avoided I/O)

trunk [final]
  pinned 1/93 layers, ring 2 slots
  binds 744, hits 7 (0.9%), reads 737
  read 436.45 GB in 508.18 s (859 MB/s pread) + 0.00 s parked on the expert gate
  per-layer loads [L]=count: 0=1 1=8 2=8 3=8 4=8 5=8 6=8 7=8 8=8 9=8 10=8 11=8 12=8 13=8 14=8 15=8 16=8 17=8 18=8 19=8 20=8 21=8 22=8 23=8 24=8 25=8 26=8 27=8 28=8 29=8 30=8 31=8 32=8 33=8 34=8 35=8 36=8 37=8 38=8 39=8 40=8 41=8 42=8 43=8 44=8 45=8 46=8 47=8 48=8 49=8 50=8 51=8 52=8 53=8 54=8 55=8 56=8 57=8 58=8 59=8 60=8 61=8 62=8 63=8 64=8 65=8 66=8 67=8 68=8 69=8 70=8 71=8 72=8 73=8 74=8 75=8 76=8 77=8 78=8 79=8 80=8 81=8 82=8 83=8 84=8 85=8 86=8 87=8 88=8 89=8 90=8 91=8 92=8
  bind wall 10.81 s over 744 binds; read 508.18 + widen 3.35 = 511.52 s of device work,
                    of which 500.71 s (98%) overlapped compute on the reader thread
  widen breakdown: find 228 ms (19640)  copy 0 ms (9184)  deq 3103 ms (6320)  timed 3 s of widen 3.35 s
TIME_ELAPSED=682.68
