L2 auto: 209 GB free on /mnt/nvme -> L2 at 256 GB
k3 chip: 4 workers, 4 TFLOPS, 200 GB/s simulated wall
DBG getmany L1 nw=16 wall=0.246s thr(out)1 thr(in)16 conc_peak=16 pread=3.017s
DBG getmany L2 nw=16 wall=0.351s thr(out)1 thr(in)16 conc_peak=16 pread=4.294s
DBG getmany L3 nw=16 wall=0.489s thr(out)1 thr(in)16 conc_peak=16 pread=6.277s
DBG getmany L4 nw=16 wall=0.466s thr(out)1 thr(in)16 conc_peak=16 pread=5.703s
DBG getmany L5 nw=16 wall=0.468s thr(out)1 thr(in)16 conc_peak=16 pread=5.448s
DBG getmany L6 nw=16 wall=0.340s thr(out)1 thr(in)16 conc_peak=16 pread=4.436s
DBG getmany L7 nw=16 wall=0.487s thr(out)1 thr(in)16 conc_peak=16 pread=6.291s
DBG getmany L8 nw=16 wall=0.495s thr(out)1 thr(in)16 conc_peak=16 pread=5.301s
DBG getmany L9 nw=16 wall=0.493s thr(out)1 thr(in)16 conc_peak=16 pread=5.918s
DBG getmany L10 nw=16 wall=0.377s thr(out)1 thr(in)16 conc_peak=16 pread=4.848s
DBG getmany L11 nw=16 wall=0.507s thr(out)1 thr(in)16 conc_peak=16 pread=6.557s
DBG getmany L12 nw=16 wall=0.474s thr(out)1 thr(in)16 conc_peak=16 pread=4.962s
DBG getmany L13 nw=16 wall=0.471s thr(out)1 thr(in)16 conc_peak=16 pread=5.988s
DBG getmany L14 nw=16 wall=0.364s thr(out)1 thr(in)16 conc_peak=16 pread=4.370s
DBG getmany L15 nw=16 wall=0.516s thr(out)1 thr(in)16 conc_peak=16 pread=6.789s
DBG getmany L16 nw=16 wall=0.442s thr(out)1 thr(in)16 conc_peak=16 pread=4.729s
DBG getmany L17 nw=16 wall=0.479s thr(out)1 thr(in)16 conc_peak=16 pread=5.570s
DBG getmany L18 nw=16 wall=0.364s thr(out)1 thr(in)16 conc_peak=16 pread=4.929s
DBG getmany L19 nw=16 wall=0.478s thr(out)1 thr(in)16 conc_peak=16 pread=5.747s
DBG getmany L20 nw=16 wall=0.444s thr(out)1 thr(in)16 conc_peak=16 pread=4.966s
DBG getmany L21 nw=16 wall=0.507s thr(out)1 thr(in)16 conc_peak=16 pread=5.745s
DBG getmany L22 nw=16 wall=0.365s thr(out)1 thr(in)16 conc_peak=16 pread=4.746s
DBG getmany L23 nw=16 wall=0.474s thr(out)1 thr(in)16 conc_peak=16 pread=6.146s
DBG getmany L24 nw=16 wall=0.561s thr(out)1 thr(in)16 conc_peak=16 pread=6.784s
DBG getmany L25 nw=16 wall=0.544s thr(out)1 thr(in)16 conc_peak=16 pread=5.610s
DBG getmany L26 nw=16 wall=0.394s thr(out)1 thr(in)16 conc_peak=16 pread=5.032s
DBG getmany L27 nw=16 wall=0.482s thr(out)1 thr(in)16 conc_peak=16 pread=6.307s
DBG getmany L28 nw=16 wall=0.468s thr(out)1 thr(in)16 conc_peak=16 pread=5.999s
DBG getmany L29 nw=16 wall=0.491s thr(out)1 thr(in)16 conc_peak=16 pread=5.914s
DBG getmany L30 nw=16 wall=0.391s thr(out)1 thr(in)16 conc_peak=16 pread=5.075s
DBG getmany L31 nw=16 wall=0.556s thr(out)1 thr(in)16 conc_peak=16 pread=6.446s
DBG getmany L32 nw=16 wall=0.538s thr(out)1 thr(in)16 conc_peak=16 pread=7.073s
DBG getmany L33 nw=16 wall=0.573s thr(out)1 thr(in)16 conc_peak=16 pread=6.717s
DBG getmany L34 nw=16 wall=0.393s thr(out)1 thr(in)16 conc_peak=16 pread=5.161s
DBG getmany L35 nw=16 wall=0.569s thr(out)1 thr(in)16 conc_peak=16 pread=8.003s
DBG getmany L36 nw=16 wall=0.555s thr(out)1 thr(in)16 conc_peak=16 pread=6.427s
DBG getmany L37 nw=16 wall=0.522s thr(out)1 thr(in)16 conc_peak=16 pread=6.077s
DBG getmany L38 nw=16 wall=0.374s thr(out)1 thr(in)16 conc_peak=16 pread=4.765s
DBG getmany L39 nw=16 wall=0.578s thr(out)1 thr(in)16 conc_peak=16 pread=7.344s
DBG getmany L40 nw=16 wall=0.542s thr(out)1 thr(in)16 conc_peak=16 pread=6.657s
DBG getmany L41 nw=16 wall=0.519s thr(out)1 thr(in)16 conc_peak=16 pread=5.811s
DBG getmany L42 nw=16 wall=0.399s thr(out)1 thr(in)16 conc_peak=16 pread=4.987s
DBG getmany L43 nw=16 wall=0.525s thr(out)1 thr(in)16 conc_peak=16 pread=6.814s
DBG getmany L44 nw=16 wall=0.521s thr(out)1 thr(in)16 conc_peak=16 pread=7.567s
DBG getmany L45 nw=16 wall=0.545s thr(out)1 thr(in)16 conc_peak=16 pread=5.374s
DBG getmany L46 nw=16 wall=0.385s thr(out)1 thr(in)16 conc_peak=16 pread=4.792s
DBG getmany L47 nw=16 wall=0.571s thr(out)1 thr(in)16 conc_peak=16 pread=6.882s
DBG getmany L48 nw=16 wall=0.566s thr(out)1 thr(in)16 conc_peak=16 pread=7.205s
DBG getmany L49 nw=16 wall=0.591s thr(out)1 thr(in)16 conc_peak=16 pread=7.557s
DBG getmany L50 nw=16 wall=0.446s thr(out)1 thr(in)16 conc_peak=16 pread=6.461s
DBG getmany L51 nw=16 wall=0.597s thr(out)1 thr(in)16 conc_peak=16 pread=7.537s
DBG getmany L52 nw=16 wall=0.566s thr(out)1 thr(in)16 conc_peak=16 pread=7.661s
DBG getmany L53 nw=16 wall=0.590s thr(out)1 thr(in)16 conc_peak=16 pread=8.476s
DBG getmany L54 nw=16 wall=0.434s thr(out)1 thr(in)16 conc_peak=16 pread=5.918s
DBG getmany L55 nw=16 wall=0.553s thr(out)1 thr(in)16 conc_peak=16 pread=8.113s
DBG getmany L56 nw=16 wall=0.607s thr(out)1 thr(in)16 conc_peak=16 pread=6.554s
DBG getmany L57 nw=16 wall=0.560s thr(out)1 thr(in)16 conc_peak=16 pread=7.288s
DBG getmany L58 nw=16 wall=0.424s thr(out)1 thr(in)16 conc_peak=16 pread=5.890s
DBG getmany L59 nw=16 wall=0.576s thr(out)1 thr(in)16 conc_peak=16 pread=6.834s
DBG getmany L60 nw=16 wall=0.568s thr(out)1 thr(in)16 conc_peak=16 pread=8.264s
DBG getmany L61 nw=16 wall=0.583s thr(out)1 thr(in)16 conc_peak=16 pread=8.209s
DBG getmany L62 nw=16 wall=0.401s thr(out)1 thr(in)16 conc_peak=16 pread=5.283s
DBG getmany L63 nw=16 wall=0.592s thr(out)1 thr(in)16 conc_peak=16 pread=8.063s
DBG getmany L64 nw=16 wall=0.592s thr(out)1 thr(in)16 conc_peak=16 pread=8.789s
DBG getmany L65 nw=16 wall=0.544s thr(out)1 thr(in)16 conc_peak=16 pread=7.052s
DBG getmany L66 nw=16 wall=0.436s thr(out)1 thr(in)16 conc_peak=16 pread=6.193s
DBG getmany L67 nw=16 wall=0.564s thr(out)1 thr(in)16 conc_peak=16 pread=8.328s
DBG getmany L68 nw=16 wall=0.557s thr(out)1 thr(in)16 conc_peak=16 pread=5.287s
DBG getmany L69 nw=16 wall=0.543s thr(out)1 thr(in)16 conc_peak=16 pread=7.524s
DBG getmany L70 nw=16 wall=0.407s thr(out)1 thr(in)16 conc_peak=16 pread=5.248s
DBG getmany L71 nw=16 wall=0.657s thr(out)1 thr(in)16 conc_peak=16 pread=6.163s
DBG getmany L72 nw=16 wall=0.783s thr(out)1 thr(in)16 conc_peak=16 pread=9.767s
DBG getmany L73 nw=16 wall=0.807s thr(out)1 thr(in)16 conc_peak=16 pread=11.542s
DBG getmany L74 nw=16 wall=0.587s thr(out)1 thr(in)16 conc_peak=16 pread=8.220s
DBG getmany L75 nw=16 wall=0.791s thr(out)1 thr(in)16 conc_peak=16 pread=10.780s
DBG getmany L76 nw=16 wall=0.738s thr(out)1 thr(in)16 conc_peak=16 pread=10.489s
DBG getmany L77 nw=16 wall=0.786s thr(out)1 thr(in)16 conc_peak=16 pread=11.174s
DBG getmany L78 nw=16 wall=0.555s thr(out)1 thr(in)16 conc_peak=16 pread=7.167s
DBG getmany L79 nw=16 wall=0.771s thr(out)1 thr(in)16 conc_peak=16 pread=10.519s
DBG getmany L80 nw=16 wall=0.785s thr(out)1 thr(in)16 conc_peak=16 pread=7.751s
DBG getmany L81 nw=16 wall=0.727s thr(out)1 thr(in)16 conc_peak=16 pread=9.452s
DBG getmany L82 nw=16 wall=0.570s thr(out)1 thr(in)16 conc_peak=16 pread=7.875s
DBG getmany L83 nw=16 wall=0.764s thr(out)1 thr(in)16 conc_peak=16 pread=10.109s
DBG getmany L84 nw=16 wall=0.751s thr(out)1 thr(in)16 conc_peak=16 pread=11.338s
DBG getmany L85 nw=16 wall=0.762s thr(out)1 thr(in)16 conc_peak=16 pread=9.279s
DBG getmany L86 nw=16 wall=0.565s thr(out)1 thr(in)16 conc_peak=16 pread=8.366s
DBG getmany L87 nw=16 wall=0.733s thr(out)1 thr(in)16 conc_peak=16 pread=9.809s
DBG getmany L88 nw=16 wall=0.756s thr(out)1 thr(in)16 conc_peak=16 pread=11.157s
DBG getmany L89 nw=16 wall=0.785s thr(out)1 thr(in)16 conc_peak=16 pread=9.231s
DBG getmany L90 nw=16 wall=0.524s thr(out)1 thr(in)16 conc_peak=16 pread=7.520s
DBG getmany L91 nw=16 wall=0.471s thr(out)1 thr(in)16 conc_peak=16 pread=4.452s
DBG getmany L92 nw=16 wall=0.226s thr(out)1 thr(in)16 conc_peak=16 pread=2.196s
config: /model/config.json (nested shape) | hidden=7168 layers=93 vocab=163840 | 24 MLA + 69 KDA | experts 896 top16 shared2 | latent=3584
  KV cache : 23.70 MB for 10 positions (2.37 MB/position)
Kimi K3, pure C, released checkpoint
  model    : /model
  prompt   : 1 tokens, generating 8

indexed 497220 tensors from 96 shards in 4.38 s
trunk on disk : 110.00 GB total (STREAMED from /mnt/nvme/trunk_layers_out, not held in RAM)

memory plan
  trunk (STREAMED) 6.00 GB
  embed + lm_head  4.70 GB
  expert cache     13.60 GB
  recurrent state  626.25 MB
  buffers          8.02 MB
  KV cache         23.65 MB
  TOTAL            24.96 GB
  available        57.80 GB

k3_trunk: trunk.bin absent - using per-layer slices (layer_%03d.bin)
trunk stream: 56.60 GB packed, 1/93 layers PINNED (3.00 GB), ring 2 x 1.30 GB
              reads use buffered I/O
              ring holds 2 slots: layers repeat over ~2 tokens, so recent ones are reused instead of re-read
trunk streaming enabled from /mnt/nvme/trunk_layers_out in 0.0 s
embedding, final norm and lm_head: 4.70 GB in 10.5 s

expert L1 eviction policy: heat
expert L2 cache enabled: 14589 slots x 17.55 MB = 256.00 GB on /mnt/nvme/experts.l2
expert L2 eviction policy: heat
peak RSS after loading weights: 4.78 GB  (the plan above is a forecast, this is measured)
expert cache: 774 slots x 17.56 MB = 13.59 GB (0.94% of the 1.45 TB expert pool)

recurrent state for 93 layers: 626.25 MB

incremental decode: KV cache 23.65 MB for 24 MLA layers at 10 positions

STEP   TOKEN      SECONDS      CACHE HIT  READ GB    TOK/S
--------------------------------------------------------------------
0      220        69.52        100.0      25.83      0.014
  L2   resident=6779/14589 slots hit=100.0% read=25.83GB write=0.00GB
DBG getmany L1 nw=16 wall=0.653s thr(out)1 thr(in)16 conc_peak=16 pread=9.246s
DBG getmany L2 nw=16 wall=0.568s thr(out)1 thr(in)16 conc_peak=16 pread=7.811s
DBG getmany L3 nw=16 wall=0.748s thr(out)1 thr(in)16 conc_peak=16 pread=9.476s
DBG getmany L4 nw=16 wall=0.732s thr(out)1 thr(in)16 conc_peak=16 pread=10.733s
DBG getmany L5 nw=16 wall=0.719s thr(out)1 thr(in)16 conc_peak=16 pread=9.519s
DBG getmany L6 nw=16 wall=0.538s thr(out)1 thr(in)16 conc_peak=16 pread=7.252s
DBG getmany L7 nw=16 wall=0.739s thr(out)1 thr(in)16 conc_peak=16 pread=7.526s
DBG getmany L8 nw=16 wall=0.786s thr(out)1 thr(in)16 conc_peak=16 pread=7.763s
DBG getmany L9 nw=16 wall=0.782s thr(out)1 thr(in)16 conc_peak=16 pread=11.212s
DBG getmany L10 nw=16 wall=0.594s thr(out)1 thr(in)16 conc_peak=16 pread=7.875s
DBG getmany L11 nw=16 wall=0.789s thr(out)1 thr(in)16 conc_peak=16 pread=8.885s
DBG getmany L12 nw=16 wall=0.746s thr(out)1 thr(in)16 conc_peak=16 pread=11.110s
DBG getmany L13 nw=16 wall=0.728s thr(out)1 thr(in)16 conc_peak=16 pread=10.891s
DBG getmany L14 nw=16 wall=0.558s thr(out)1 thr(in)16 conc_peak=16 pread=5.681s
DBG getmany L15 nw=16 wall=0.891s thr(out)1 thr(in)16 conc_peak=16 pread=13.456s
DBG getmany L16 nw=16 wall=0.641s thr(out)1 thr(in)16 conc_peak=16 pread=8.321s
DBG getmany L17 nw=16 wall=0.729s thr(out)1 thr(in)16 conc_peak=16 pread=10.932s
DBG getmany L18 nw=16 wall=0.584s thr(out)1 thr(in)16 conc_peak=16 pread=8.256s
DBG getmany L19 nw=16 wall=0.702s thr(out)1 thr(in)16 conc_peak=16 pread=10.100s
DBG getmany L20 nw=16 wall=0.700s thr(out)1 thr(in)16 conc_peak=16 pread=7.697s
DBG getmany L21 nw=16 wall=0.765s thr(out)1 thr(in)16 conc_peak=16 pread=11.546s
DBG getmany L22 nw=16 wall=0.570s thr(out)1 thr(in)16 conc_peak=16 pread=8.408s
DBG getmany L23 nw=16 wall=0.733s thr(out)1 thr(in)16 conc_peak=16 pread=9.806s
DBG getmany L24 nw=16 wall=0.694s thr(out)1 thr(in)16 conc_peak=16 pread=7.931s
DBG getmany L25 nw=16 wall=0.720s thr(out)1 thr(in)16 conc_peak=16 pread=10.763s
DBG getmany L26 nw=16 wall=0.573s thr(out)1 thr(in)16 conc_peak=16 pread=7.665s
DBG getmany L27 nw=16 wall=0.729s thr(out)1 thr(in)16 conc_peak=16 pread=9.969s
DBG getmany L28 nw=16 wall=0.702s thr(out)1 thr(in)16 conc_peak=16 pread=9.876s
DBG getmany L29 nw=16 wall=0.756s thr(out)1 thr(in)16 conc_peak=16 pread=11.278s
DBG getmany L30 nw=16 wall=0.593s thr(out)1 thr(in)16 conc_peak=16 pread=8.441s
DBG getmany L31 nw=16 wall=0.729s thr(out)1 thr(in)16 conc_peak=16 pread=9.063s
DBG getmany L32 nw=16 wall=0.767s thr(out)1 thr(in)16 conc_peak=16 pread=11.585s
DBG getmany L33 nw=16 wall=0.809s thr(out)1 thr(in)16 conc_peak=16 pread=7.377s
DBG getmany L34 nw=16 wall=0.555s thr(out)1 thr(in)16 conc_peak=16 pread=6.077s
DBG getmany L35 nw=16 wall=0.776s thr(out)1 thr(in)16 conc_peak=16 pread=11.160s
DBG getmany L36 nw=16 wall=0.658s thr(out)1 thr(in)16 conc_peak=16 pread=7.626s
DBG getmany L37 nw=16 wall=0.753s thr(out)1 thr(in)16 conc_peak=16 pread=10.365s
DBG getmany L38 nw=16 wall=0.551s thr(out)1 thr(in)16 conc_peak=16 pread=7.737s
DBG getmany L39 nw=16 wall=0.762s thr(out)1 thr(in)16 conc_peak=16 pread=10.488s
DBG getmany L40 nw=16 wall=0.761s thr(out)1 thr(in)16 conc_peak=16 pread=10.538s
DBG getmany L41 nw=16 wall=0.752s thr(out)1 thr(in)16 conc_peak=16 pread=10.816s
DBG getmany L42 nw=16 wall=0.579s thr(out)1 thr(in)16 conc_peak=16 pread=8.208s
DBG getmany L43 nw=16 wall=0.762s thr(out)1 thr(in)16 conc_peak=16 pread=10.025s
DBG getmany L44 nw=16 wall=0.764s thr(out)1 thr(in)16 conc_peak=16 pread=10.710s
DBG getmany L45 nw=16 wall=0.780s thr(out)1 thr(in)16 conc_peak=16 pread=11.101s
DBG getmany L46 nw=16 wall=0.587s thr(out)1 thr(in)16 conc_peak=16 pread=7.751s
DBG getmany L47 nw=16 wall=0.744s thr(out)1 thr(in)16 conc_peak=16 pread=10.517s
DBG getmany L48 nw=16 wall=0.760s thr(out)1 thr(in)16 conc_peak=16 pread=10.975s
DBG getmany L49 nw=16 wall=0.792s thr(out)1 thr(in)16 conc_peak=16 pread=9.956s
DBG getmany L50 nw=16 wall=0.582s thr(out)1 thr(in)16 conc_peak=16 pread=8.137s
DBG getmany L51 nw=16 wall=0.762s thr(out)1 thr(in)16 conc_peak=16 pread=11.372s
DBG getmany L52 nw=16 wall=0.724s thr(out)1 thr(in)16 conc_peak=16 pread=10.725s
DBG getmany L53 nw=16 wall=0.753s thr(out)1 thr(in)16 conc_peak=16 pread=11.240s
DBG getmany L54 nw=16 wall=0.575s thr(out)1 thr(in)16 conc_peak=16 pread=7.799s
DBG getmany L55 nw=16 wall=0.768s thr(out)1 thr(in)16 conc_peak=16 pread=10.723s
DBG getmany L56 nw=16 wall=0.672s thr(out)1 thr(in)16 conc_peak=16 pread=9.325s
DBG getmany L57 nw=16 wall=0.769s thr(out)1 thr(in)16 conc_peak=16 pread=11.261s
DBG getmany L58 nw=16 wall=0.574s thr(out)1 thr(in)16 conc_peak=16 pread=8.344s
DBG getmany L59 nw=16 wall=0.794s thr(out)1 thr(in)16 conc_peak=16 pread=11.710s
DBG getmany L60 nw=16 wall=0.768s thr(out)1 thr(in)16 conc_peak=16 pread=11.588s
DBG getmany L61 nw=16 wall=0.752s thr(out)1 thr(in)16 conc_peak=16 pread=10.496s
DBG getmany L62 nw=16 wall=0.546s thr(out)1 thr(in)16 conc_peak=16 pread=7.731s
DBG getmany L63 nw=16 wall=0.735s thr(out)1 thr(in)16 conc_peak=16 pread=10.277s
DBG getmany L64 nw=16 wall=0.766s thr(out)1 thr(in)16 conc_peak=16 pread=8.791s
DBG getmany L65 nw=16 wall=0.759s thr(out)1 thr(in)16 conc_peak=16 pread=10.401s
DBG getmany L66 nw=16 wall=0.566s thr(out)1 thr(in)16 conc_peak=16 pread=8.022s
DBG getmany L67 nw=16 wall=0.787s thr(out)1 thr(in)16 conc_peak=16 pread=11.808s
DBG getmany L68 nw=16 wall=0.742s thr(out)1 thr(in)16 conc_peak=16 pread=10.979s
DBG getmany L69 nw=16 wall=0.758s thr(out)1 thr(in)16 conc_peak=16 pread=10.561s
DBG getmany L70 nw=16 wall=0.542s thr(out)1 thr(in)16 conc_peak=16 pread=7.591s
DBG getmany L71 nw=16 wall=0.816s thr(out)1 thr(in)16 conc_peak=16 pread=10.149s
DBG getmany L72 nw=16 wall=0.803s thr(out)1 thr(in)16 conc_peak=16 pread=11.755s
DBG getmany L73 nw=16 wall=0.807s thr(out)1 thr(in)16 conc_peak=16 pread=12.190s
DBG getmany L74 nw=16 wall=0.580s thr(out)1 thr(in)16 conc_peak=16 pread=8.239s
DBG getmany L75 nw=16 wall=0.795s thr(out)1 thr(in)16 conc_peak=16 pread=8.137s
DBG getmany L76 nw=16 wall=0.738s thr(out)1 thr(in)16 conc_peak=16 pread=10.230s
DBG getmany L77 nw=16 wall=0.768s thr(out)1 thr(in)16 conc_peak=16 pread=10.399s
DBG getmany L78 nw=16 wall=0.582s thr(out)1 thr(in)16 conc_peak=16 pread=6.785s
DBG getmany L79 nw=16 wall=0.770s thr(out)1 thr(in)16 conc_peak=16 pread=10.026s
DBG getmany L80 nw=16 wall=0.732s thr(out)1 thr(in)16 conc_peak=16 pread=9.729s
DBG getmany L81 nw=16 wall=0.754s thr(out)1 thr(in)16 conc_peak=16 pread=11.167s
DBG getmany L82 nw=16 wall=0.574s thr(out)1 thr(in)16 conc_peak=16 pread=8.282s
DBG getmany L83 nw=16 wall=0.770s thr(out)1 thr(in)16 conc_peak=16 pread=11.477s
DBG getmany L84 nw=16 wall=0.752s thr(out)1 thr(in)16 conc_peak=16 pread=10.480s
DBG getmany L85 nw=16 wall=0.723s thr(out)1 thr(in)16 conc_peak=16 pread=10.010s
DBG getmany L86 nw=16 wall=0.575s thr(out)1 thr(in)16 conc_peak=16 pread=8.365s
DBG getmany L87 nw=16 wall=0.744s thr(out)1 thr(in)16 conc_peak=16 pread=11.062s
DBG getmany L88 nw=16 wall=0.749s thr(out)1 thr(in)16 conc_peak=16 pread=10.183s
DBG getmany L89 nw=16 wall=0.784s thr(out)1 thr(in)16 conc_peak=16 pread=11.816s
DBG getmany L90 nw=16 wall=0.561s thr(out)1 thr(in)16 conc_peak=16 pread=7.193s
DBG getmany L91 nw=16 wall=0.582s thr(out)1 thr(in)16 conc_peak=16 pread=8.499s
DBG getmany L92 nw=16 wall=0.235s thr(out)1 thr(in)16 conc_peak=16 pread=2.313s
1      802        81.16        100.0      25.83      0.012
  L2   resident=6779/14589 slots hit=100.0% read=51.66GB write=0.00GB
DBG getmany L1 nw=16 wall=0.575s thr(out)1 thr(in)16 conc_peak=16 pread=7.038s
DBG getmany L2 nw=15 wall=0.554s thr(out)1 thr(in)16 conc_peak=15 pread=7.416s
DBG getmany L3 nw=13 wall=0.692s thr(out)1 thr(in)16 conc_peak=13 pread=7.471s
DBG getmany L4 nw=15 wall=0.711s thr(out)1 thr(in)16 conc_peak=15 pread=9.444s
DBG getmany L5 nw=16 wall=0.730s thr(out)1 thr(in)16 conc_peak=16 pread=10.967s
DBG getmany L6 nw=15 wall=0.529s thr(out)1 thr(in)16 conc_peak=14 pread=6.655s
DBG getmany L7 nw=15 wall=0.726s thr(out)1 thr(in)16 conc_peak=15 pread=9.470s
DBG getmany L8 nw=16 wall=0.788s thr(out)1 thr(in)16 conc_peak=16 pread=8.521s
DBG getmany L9 nw=15 wall=0.766s thr(out)1 thr(in)16 conc_peak=15 pread=10.540s
DBG getmany L10 nw=15 wall=0.582s thr(out)1 thr(in)16 conc_peak=15 pread=7.586s
DBG getmany L11 nw=15 wall=0.762s thr(out)1 thr(in)16 conc_peak=15 pread=9.720s
DBG getmany L12 nw=15 wall=0.727s thr(out)1 thr(in)16 conc_peak=15 pread=9.636s
DBG getmany L13 nw=16 wall=0.729s thr(out)1 thr(in)16 conc_peak=16 pread=10.728s
DBG getmany L14 nw=15 wall=0.555s thr(out)1 thr(in)16 conc_peak=15 pread=5.283s
DBG getmany L15 nw=16 wall=0.944s thr(out)1 thr(in)16 conc_peak=16 pread=13.999s
DBG getmany L16 nw=15 wall=0.655s thr(out)1 thr(in)16 conc_peak=15 pread=8.974s
DBG getmany L17 nw=16 wall=0.738s thr(out)1 thr(in)16 conc_peak=16 pread=9.708s
DBG getmany L18 nw=16 wall=0.578s thr(out)1 thr(in)16 conc_peak=16 pread=8.376s
DBG getmany L19 nw=16 wall=0.721s thr(out)1 thr(in)16 conc_peak=16 pread=9.287s
DBG getmany L20 nw=16 wall=0.708s thr(out)1 thr(in)16 conc_peak=16 pread=9.448s
DBG getmany L21 nw=16 wall=0.758s thr(out)1 thr(in)16 conc_peak=16 pread=10.754s
DBG getmany L22 nw=16 wall=0.567s thr(out)1 thr(in)16 conc_peak=16 pread=8.125s
DBG getmany L23 nw=15 wall=0.702s thr(out)1 thr(in)16 conc_peak=15 pread=7.272s
DBG getmany L24 nw=13 wall=0.756s thr(out)1 thr(in)16 conc_peak=13 pread=9.236s
DBG getmany L25 nw=15 wall=0.746s thr(out)1 thr(in)16 conc_peak=15 pread=10.138s
DBG getmany L26 nw=15 wall=0.557s thr(out)1 thr(in)16 conc_peak=15 pread=7.372s
DBG getmany L27 nw=16 wall=0.674s thr(out)1 thr(in)16 conc_peak=16 pread=7.789s
DBG getmany L28 nw=15 wall=0.686s thr(out)1 thr(in)16 conc_peak=15 pread=9.772s
DBG getmany L29 nw=16 wall=0.766s thr(out)1 thr(in)16 conc_peak=16 pread=11.043s
DBG getmany L30 nw=16 wall=0.579s thr(out)1 thr(in)16 conc_peak=16 pread=8.467s
DBG getmany L31 nw=16 wall=0.752s thr(out)1 thr(in)16 conc_peak=16 pread=10.251s
DBG getmany L32 nw=14 wall=0.719s thr(out)1 thr(in)16 conc_peak=14 pread=8.589s
DBG getmany L33 nw=15 wall=0.774s thr(out)1 thr(in)16 conc_peak=15 pread=10.699s
DBG getmany L34 nw=16 wall=0.583s thr(out)1 thr(in)16 conc_peak=16 pread=7.676s
DBG getmany L35 nw=16 wall=0.794s thr(out)1 thr(in)16 conc_peak=16 pread=9.682s
DBG getmany L36 nw=14 wall=0.742s thr(out)1 thr(in)16 conc_peak=14 pread=8.987s
DBG getmany L37 nw=16 wall=0.750s thr(out)1 thr(in)16 conc_peak=16 pread=8.238s
DBG getmany L38 nw=16 wall=0.558s thr(out)1 thr(in)16 conc_peak=16 pread=6.178s
DBG getmany L39 nw=16 wall=0.714s thr(out)1 thr(in)16 conc_peak=16 pread=9.701s
DBG getmany L40 nw=16 wall=0.762s thr(out)1 thr(in)16 conc_peak=16 pread=11.556s
DBG getmany L41 nw=16 wall=0.737s thr(out)1 thr(in)16 conc_peak=16 pread=9.668s
DBG getmany L42 nw=16 wall=0.570s thr(out)1 thr(in)16 conc_peak=16 pread=7.427s
DBG getmany L43 nw=16 wall=0.795s thr(out)1 thr(in)16 conc_peak=16 pread=11.655s
DBG getmany L44 nw=16 wall=0.757s thr(out)1 thr(in)16 conc_peak=16 pread=10.351s
DBG getmany L45 nw=16 wall=0.759s thr(out)1 thr(in)16 conc_peak=16 pread=10.734s
DBG getmany L46 nw=15 wall=0.560s thr(out)1 thr(in)16 conc_peak=15 pread=5.600s
DBG getmany L47 nw=15 wall=0.748s thr(out)1 thr(in)16 conc_peak=15 pread=9.368s
DBG getmany L48 nw=15 wall=0.690s thr(out)1 thr(in)16 conc_peak=15 pread=9.457s
DBG getmany L49 nw=15 wall=0.688s thr(out)1 thr(in)16 conc_peak=15 pread=6.553s
DBG getmany L50 nw=16 wall=0.551s thr(out)1 thr(in)16 conc_peak=16 pread=8.070s
DBG getmany L51 nw=16 wall=0.752s thr(out)1 thr(in)16 conc_peak=16 pread=9.490s
DBG getmany L52 nw=16 wall=0.723s thr(out)1 thr(in)16 conc_peak=16 pread=10.614s
DBG getmany L53 nw=15 wall=0.725s thr(out)1 thr(in)16 conc_peak=15 pread=9.596s
DBG getmany L54 nw=16 wall=0.525s thr(out)1 thr(in)16 conc_peak=16 pread=7.484s
DBG getmany L55 nw=16 wall=0.736s thr(out)1 thr(in)16 conc_peak=16 pread=10.269s
DBG getmany L56 nw=16 wall=0.745s thr(out)1 thr(in)16 conc_peak=16 pread=10.680s
DBG getmany L57 nw=16 wall=0.755s thr(out)1 thr(in)16 conc_peak=16 pread=7.265s
DBG getmany L58 nw=16 wall=0.525s thr(out)1 thr(in)16 conc_peak=16 pread=6.710s
DBG getmany L59 nw=16 wall=0.783s thr(out)1 thr(in)16 conc_peak=16 pread=10.598s
DBG getmany L60 nw=16 wall=0.761s thr(out)1 thr(in)16 conc_peak=16 pread=11.446s
DBG getmany L61 nw=16 wall=0.739s thr(out)1 thr(in)16 conc_peak=16 pread=11.008s
DBG getmany L62 nw=16 wall=0.500s thr(out)1 thr(in)16 conc_peak=16 pread=5.956s
DBG getmany L63 nw=16 wall=0.732s thr(out)1 thr(in)16 conc_peak=16 pread=9.987s
DBG getmany L64 nw=16 wall=0.744s thr(out)1 thr(in)16 conc_peak=16 pread=9.891s
DBG getmany L65 nw=16 wall=0.725s thr(out)1 thr(in)16 conc_peak=16 pread=10.136s
DBG getmany L66 nw=16 wall=0.574s thr(out)1 thr(in)16 conc_peak=16 pread=8.412s
DBG getmany L67 nw=16 wall=0.779s thr(out)1 thr(in)16 conc_peak=16 pread=11.642s
DBG getmany L68 nw=16 wall=0.710s thr(out)1 thr(in)16 conc_peak=16 pread=9.889s
DBG getmany L69 nw=16 wall=0.773s thr(out)1 thr(in)16 conc_peak=16 pread=11.636s
DBG getmany L70 nw=16 wall=0.558s thr(out)1 thr(in)16 conc_peak=16 pread=6.024s
DBG getmany L71 nw=16 wall=0.813s thr(out)1 thr(in)16 conc_peak=16 pread=11.322s
DBG getmany L72 nw=16 wall=0.772s thr(out)1 thr(in)16 conc_peak=16 pread=10.749s
DBG getmany L73 nw=16 wall=0.764s thr(out)1 thr(in)16 conc_peak=16 pread=11.483s
DBG getmany L74 nw=16 wall=0.520s thr(out)1 thr(in)16 conc_peak=16 pread=7.640s
DBG getmany L75 nw=16 wall=0.743s thr(out)1 thr(in)16 conc_peak=16 pread=10.799s
DBG getmany L76 nw=16 wall=0.713s thr(out)1 thr(in)16 conc_peak=16 pread=10.644s
DBG getmany L77 nw=16 wall=0.755s thr(out)1 thr(in)16 conc_peak=16 pread=10.078s
DBG getmany L78 nw=16 wall=0.565s thr(out)1 thr(in)16 conc_peak=16 pread=7.580s
DBG getmany L79 nw=16 wall=0.774s thr(out)1 thr(in)16 conc_peak=16 pread=11.446s
DBG getmany L80 nw=16 wall=0.721s thr(out)1 thr(in)16 conc_peak=16 pread=9.485s
DBG getmany L81 nw=15 wall=0.732s thr(out)1 thr(in)16 conc_peak=15 pread=10.192s
DBG getmany L82 nw=16 wall=0.558s thr(out)1 thr(in)16 conc_peak=16 pread=7.775s
DBG getmany L83 nw=13 wall=0.723s thr(out)1 thr(in)16 conc_peak=13 pread=7.704s
DBG getmany L84 nw=13 wall=0.710s thr(out)1 thr(in)16 conc_peak=12 pread=8.774s
DBG getmany L85 nw=14 wall=0.634s thr(out)1 thr(in)16 conc_peak=14 pread=5.533s
DBG getmany L86 nw=16 wall=0.562s thr(out)1 thr(in)16 conc_peak=16 pread=7.850s
DBG getmany L87 nw=13 wall=0.707s thr(out)1 thr(in)16 conc_peak=13 pread=8.649s
DBG getmany L88 nw=15 wall=0.666s thr(out)1 thr(in)16 conc_peak=15 pread=8.494s
DBG getmany L89 nw=13 wall=0.616s thr(out)1 thr(in)16 conc_peak=13 pread=6.646s
DBG getmany L90 nw=12 wall=0.499s thr(out)1 thr(in)16 conc_peak=12 pread=5.158s
DBG getmany L91 nw=13 wall=0.429s thr(out)1 thr(in)16 conc_peak=13 pread=3.946s
DBG getmany L92 nw=13 wall=0.187s thr(out)1 thr(in)16 conc_peak=13 pread=1.354s
2      24         79.55        100.0      24.85      0.013
  L2   resident=6779/14589 slots hit=100.0% read=76.51GB write=0.00GB
DBG getmany L1 nw=15 wall=0.630s thr(out)1 thr(in)16 conc_peak=15 pread=8.810s
DBG getmany L2 nw=14 wall=0.529s thr(out)1 thr(in)16 conc_peak=14 pread=6.417s
DBG getmany L3 nw=12 wall=0.699s thr(out)1 thr(in)16 conc_peak=12 pread=7.719s
DBG getmany L4 nw=13 wall=0.684s thr(out)1 thr(in)16 conc_peak=11 pread=6.242s
DBG getmany L5 nw=15 wall=0.677s thr(out)1 thr(in)16 conc_peak=15 pread=7.588s
DBG getmany L6 nw=16 wall=0.527s thr(out)1 thr(in)16 conc_peak=16 pread=7.212s
DBG getmany L7 nw=15 wall=0.737s thr(out)1 thr(in)16 conc_peak=15 pread=9.928s
DBG getmany L8 nw=16 wall=0.808s thr(out)1 thr(in)16 conc_peak=16 pread=12.239s
DBG getmany L9 nw=12 wall=0.722s thr(out)1 thr(in)16 conc_peak=12 pread=8.040s
DBG getmany L10 nw=10 wall=0.518s thr(out)1 thr(in)16 conc_peak=10 pread=3.994s
DBG getmany L11 nw=13 wall=0.736s thr(out)1 thr(in)16 conc_peak=13 pread=7.667s
DBG getmany L12 nw=14 wall=0.719s thr(out)1 thr(in)16 conc_peak=13 pread=9.534s
DBG getmany L13 nw=13 wall=0.673s thr(out)1 thr(in)16 conc_peak=13 pread=8.009s
DBG getmany L14 nw=13 wall=0.414s thr(out)1 thr(in)16 conc_peak=11 pread=4.241s
DBG getmany L15 nw=14 wall=0.947s thr(out)1 thr(in)16 conc_peak=14 pread=11.494s
DBG getmany L16 nw=12 wall=0.613s thr(out)1 thr(in)16 conc_peak=12 pread=6.810s
DBG getmany L17 nw=14 wall=0.701s thr(out)1 thr(in)16 conc_peak=14 pread=8.625s
DBG getmany L18 nw=13 wall=0.544s thr(out)1 thr(in)16 conc_peak=13 pread=5.886s
DBG getmany L19 nw=13 wall=0.632s thr(out)1 thr(in)16 conc_peak=13 pread=7.934s
DBG getmany L20 nw=12 wall=0.649s thr(out)1 thr(in)16 conc_peak=12 pread=6.931s
DBG getmany L21 nw=15 wall=0.745s thr(out)1 thr(in)16 conc_peak=15 pread=10.097s
DBG getmany L22 nw=15 wall=0.552s thr(out)1 thr(in)16 conc_peak=15 pread=7.649s
DBG getmany L23 nw=12 wall=0.652s thr(out)1 thr(in)16 conc_peak=12 pread=5.696s
DBG getmany L24 nw=13 wall=0.759s thr(out)1 thr(in)16 conc_peak=13 pread=7.224s
DBG getmany L25 nw=16 wall=0.746s thr(out)1 thr(in)16 conc_peak=16 pread=10.440s
DBG getmany L26 nw=14 wall=0.468s thr(out)1 thr(in)16 conc_peak=10 pread=5.175s
DBG getmany L27 nw=16 wall=0.723s thr(out)1 thr(in)16 conc_peak=16 pread=10.540s
DBG getmany L28 nw=15 wall=0.681s thr(out)1 thr(in)16 conc_peak=15 pread=7.741s
DBG getmany L29 nw=14 wall=0.730s thr(out)1 thr(in)16 conc_peak=14 pread=7.431s
DBG getmany L30 nw=15 wall=0.571s thr(out)1 thr(in)16 conc_peak=15 pread=7.828s
DBG getmany L31 nw=15 wall=0.757s thr(out)1 thr(in)16 conc_peak=15 pread=10.646s
DBG getmany L32 nw=12 wall=0.704s thr(out)1 thr(in)16 conc_peak=12 pread=7.273s
DBG getmany L33 nw=13 wall=0.754s thr(out)1 thr(in)16 conc_peak=13 pread=9.365s
DBG getmany L34 nw=15 wall=0.559s thr(out)1 thr(in)16 conc_peak=15 pread=7.535s
DBG getmany L35 nw=14 wall=0.766s thr(out)1 thr(in)16 conc_peak=14 pread=8.690s
DBG getmany L36 nw=14 wall=0.707s thr(out)1 thr(in)16 conc_peak=14 pread=9.504s
DBG getmany L37 nw=15 wall=0.734s thr(out)1 thr(in)16 conc_peak=15 pread=10.535s
DBG getmany L38 nw=14 wall=0.516s thr(out)1 thr(in)16 conc_peak=14 pread=6.762s
DBG getmany L39 nw=14 wall=0.728s thr(out)1 thr(in)16 conc_peak=14 pread=8.904s
DBG getmany L40 nw=15 wall=0.747s thr(out)1 thr(in)16 conc_peak=15 pread=9.861s
DBG getmany L41 nw=14 wall=0.706s thr(out)1 thr(in)16 conc_peak=14 pread=8.125s
DBG getmany L42 nw=14 wall=0.536s thr(out)1 thr(in)16 conc_peak=14 pread=6.467s
DBG getmany L43 nw=16 wall=0.739s thr(out)1 thr(in)16 conc_peak=16 pread=10.712s
DBG getmany L44 nw=16 wall=0.625s thr(out)1 thr(in)16 conc_peak=16 pread=7.516s
DBG getmany L45 nw=15 wall=0.754s thr(out)1 thr(in)16 conc_peak=15 pread=10.719s
DBG getmany L46 nw=14 wall=0.549s thr(out)1 thr(in)16 conc_peak=14 pread=6.785s
DBG getmany L47 nw=14 wall=0.727s thr(out)1 thr(in)16 conc_peak=14 pread=8.318s
DBG getmany L48 nw=15 wall=0.742s thr(out)1 thr(in)16 conc_peak=10 pread=9.688s
DBG getmany L49 nw=15 wall=0.685s thr(out)1 thr(in)16 conc_peak=15 pread=7.458s
DBG getmany L50 nw=15 wall=0.551s thr(out)1 thr(in)16 conc_peak=15 pread=7.355s
DBG getmany L51 nw=14 wall=0.720s thr(out)1 thr(in)16 conc_peak=14 pread=9.535s
DBG getmany L52 nw=13 wall=0.691s thr(out)1 thr(in)16 conc_peak=13 pread=8.004s
DBG getmany L53 nw=14 wall=0.705s thr(out)1 thr(in)16 conc_peak=14 pread=9.469s
DBG getmany L54 nw=15 wall=0.548s thr(out)1 thr(in)16 conc_peak=15 pread=7.547s
DBG getmany L55 nw=13 wall=0.719s thr(out)1 thr(in)16 conc_peak=13 pread=8.111s
DBG getmany L56 nw=15 wall=0.742s thr(out)1 thr(in)16 conc_peak=15 pread=9.653s
DBG getmany L57 nw=16 wall=0.761s thr(out)1 thr(in)16 conc_peak=16 pread=9.994s
DBG getmany L58 nw=13 wall=0.520s thr(out)1 thr(in)16 conc_peak=13 pread=6.013s
DBG getmany L59 nw=13 wall=0.730s thr(out)1 thr(in)16 conc_peak=13 pread=8.987s
DBG getmany L60 nw=15 wall=0.755s thr(out)1 thr(in)16 conc_peak=15 pread=9.899s
DBG getmany L61 nw=15 wall=0.728s thr(out)1 thr(in)16 conc_peak=15 pread=9.180s
DBG getmany L62 nw=12 wall=0.477s thr(out)1 thr(in)16 conc_peak=12 pread=4.665s
DBG getmany L63 nw=13 wall=0.700s thr(out)1 thr(in)16 conc_peak=13 pread=5.681s
DBG getmany L64 nw=14 wall=0.705s thr(out)1 thr(in)16 conc_peak=14 pread=8.632s
DBG getmany L65 nw=12 wall=0.689s thr(out)1 thr(in)16 conc_peak=12 pread=7.832s
DBG getmany L66 nw=14 wall=0.535s thr(out)1 thr(in)16 conc_peak=14 pread=7.042s
DBG getmany L67 nw=14 wall=0.749s thr(out)1 thr(in)16 conc_peak=14 pread=9.978s
DBG getmany L68 nw=13 wall=0.708s thr(out)1 thr(in)16 conc_peak=13 pread=7.828s
DBG getmany L69 nw=13 wall=0.709s thr(out)1 thr(in)16 conc_peak=13 pread=7.428s
DBG getmany L70 nw=12 wall=0.429s thr(out)1 thr(in)16 conc_peak=12 pread=4.555s
DBG getmany L71 nw=14 wall=0.768s thr(out)1 thr(in)16 conc_peak=14 pread=8.033s
DBG getmany L72 nw=15 wall=0.767s thr(out)1 thr(in)16 conc_peak=15 pread=9.242s
DBG getmany L73 nw=16 wall=0.748s thr(out)1 thr(in)16 conc_peak=16 pread=10.201s
DBG getmany L74 nw=16 wall=0.542s thr(out)1 thr(in)16 conc_peak=16 pread=6.500s
DBG getmany L75 nw=16 wall=0.759s thr(out)1 thr(in)16 conc_peak=16 pread=10.082s
DBG getmany L76 nw=16 wall=0.718s thr(out)1 thr(in)16 conc_peak=16 pread=10.837s
DBG getmany L77 nw=13 wall=0.704s thr(out)1 thr(in)16 conc_peak=13 pread=8.598s
DBG getmany L78 nw=14 wall=0.481s thr(out)1 thr(in)16 conc_peak=14 pread=5.116s
DBG getmany L79 nw=14 wall=0.704s thr(out)1 thr(in)16 conc_peak=14 pread=9.275s
DBG getmany L80 nw=16 wall=0.707s thr(out)1 thr(in)16 conc_peak=16 pread=10.604s
DBG getmany L81 nw=14 wall=0.716s thr(out)1 thr(in)16 conc_peak=14 pread=8.086s
DBG getmany L82 nw=15 wall=0.554s thr(out)1 thr(in)16 conc_peak=15 pread=6.648s
DBG getmany L83 nw=13 wall=0.719s thr(out)1 thr(in)16 conc_peak=13 pread=8.796s
DBG getmany L84 nw=10 wall=0.675s thr(out)1 thr(in)16 conc_peak=10 pread=6.265s
DBG getmany L85 nw=13 wall=0.694s thr(out)1 thr(in)16 conc_peak=13 pread=8.259s
DBG getmany L86 nw=14 wall=0.536s thr(out)1 thr(in)16 conc_peak=14 pread=6.838s
DBG getmany L87 nw=13 wall=0.703s thr(out)1 thr(in)16 conc_peak=13 pread=7.859s
DBG getmany L88 nw=12 wall=0.678s thr(out)1 thr(in)16 conc_peak=11 pread=7.733s
DBG getmany L89 nw=14 wall=0.744s thr(out)1 thr(in)16 conc_peak=14 pread=9.006s
DBG getmany L90 nw=13 wall=0.503s thr(out)1 thr(in)16 conc_peak=13 pread=5.389s
DBG getmany L91 nw=13 wall=0.495s thr(out)1 thr(in)16 conc_peak=13 pread=5.169s
DBG getmany L92 nw=13 wall=0.183s thr(out)1 thr(in)16 conc_peak=13 pread=1.453s
3      12         77.67        100.0      22.51      0.013
  L2   resident=6779/14589 slots hit=100.0% read=99.02GB write=0.00GB
DBG getmany L1 nw=15 wall=0.684s thr(out)1 thr(in)16 conc_peak=15 pread=8.997s
DBG getmany L2 nw=14 wall=0.527s thr(out)1 thr(in)16 conc_peak=14 pread=6.599s
DBG getmany L3 nw=13 wall=0.708s thr(out)1 thr(in)16 conc_peak=13 pread=6.893s
DBG getmany L4 nw=13 wall=0.687s thr(out)1 thr(in)16 conc_peak=13 pread=8.294s
DBG getmany L5 nw=16 wall=0.724s thr(out)1 thr(in)16 conc_peak=16 pread=10.817s
DBG getmany L6 nw=16 wall=0.527s thr(out)1 thr(in)16 conc_peak=16 pread=7.356s
DBG getmany L7 nw=15 wall=0.705s thr(out)1 thr(in)16 conc_peak=15 pread=9.585s
DBG getmany L8 nw=16 wall=0.781s thr(out)1 thr(in)16 conc_peak=16 pread=11.376s
DBG getmany L9 nw=14 wall=0.756s thr(out)1 thr(in)16 conc_peak=14 pread=8.585s
DBG getmany L10 nw=14 wall=0.559s thr(out)1 thr(in)16 conc_peak=14 pread=6.717s
DBG getmany L11 nw=13 wall=0.744s thr(out)1 thr(in)16 conc_peak=13 pread=9.041s
DBG getmany L12 nw=15 wall=0.729s thr(out)1 thr(in)16 conc_peak=15 pread=10.335s
DBG getmany L13 nw=15 wall=0.708s thr(out)1 thr(in)16 conc_peak=15 pread=9.169s
DBG getmany L14 nw=15 wall=0.543s thr(out)1 thr(in)16 conc_peak=15 pread=7.544s
DBG getmany L15 nw=14 wall=0.932s thr(out)1 thr(in)16 conc_peak=14 pread=12.243s
DBG getmany L16 nw=14 wall=0.654s thr(out)1 thr(in)16 conc_peak=12 pread=8.630s
DBG getmany L17 nw=15 wall=0.712s thr(out)1 thr(in)16 conc_peak=15 pread=10.213s
DBG getmany L18 nw=15 wall=0.564s thr(out)1 thr(in)16 conc_peak=15 pread=7.636s
DBG getmany L19 nw=14 wall=0.684s thr(out)1 thr(in)16 conc_peak=11 pread=8.942s
DBG getmany L20 nw=14 wall=0.669s thr(out)1 thr(in)16 conc_peak=14 pread=8.216s
DBG getmany L21 nw=15 wall=0.748s thr(out)1 thr(in)16 conc_peak=15 pread=9.994s
DBG getmany L22 nw=15 wall=0.561s thr(out)1 thr(in)16 conc_peak=15 pread=7.747s
DBG getmany L23 nw=12 wall=0.662s thr(out)1 thr(in)16 conc_peak=9 pread=6.266s
DBG getmany L24 nw=13 wall=0.767s thr(out)1 thr(in)16 conc_peak=13 pread=9.459s
DBG getmany L25 nw=16 wall=0.758s thr(out)1 thr(in)16 conc_peak=16 pread=9.167s
DBG getmany L26 nw=15 wall=0.556s thr(out)1 thr(in)16 conc_peak=15 pread=7.342s
DBG getmany L27 nw=16 wall=0.724s thr(out)1 thr(in)16 conc_peak=16 pread=10.595s
DBG getmany L28 nw=15 wall=0.685s thr(out)1 thr(in)16 conc_peak=15 pread=7.978s
DBG getmany L29 nw=15 wall=0.742s thr(out)1 thr(in)16 conc_peak=15 pread=9.415s
DBG getmany L30 nw=16 wall=0.577s thr(out)1 thr(in)16 conc_peak=16 pread=7.958s
DBG getmany L31 nw=15 wall=0.755s thr(out)1 thr(in)16 conc_peak=15 pread=10.455s
DBG getmany L32 nw=14 wall=0.711s thr(out)1 thr(in)16 conc_peak=14 pread=8.864s
DBG getmany L33 nw=15 wall=0.793s thr(out)1 thr(in)16 conc_peak=15 pread=9.087s
DBG getmany L34 nw=15 wall=0.558s thr(out)1 thr(in)16 conc_peak=15 pread=7.040s
DBG getmany L35 nw=15 wall=0.779s thr(out)1 thr(in)16 conc_peak=15 pread=11.156s
DBG getmany L36 nw=15 wall=0.748s thr(out)1 thr(in)16 conc_peak=15 pread=10.221s
DBG getmany L37 nw=15 wall=0.740s thr(out)1 thr(in)16 conc_peak=15 pread=8.631s
DBG getmany L38 nw=14 wall=0.511s thr(out)1 thr(in)16 conc_peak=14 pread=5.975s
DBG getmany L39 nw=14 wall=0.734s thr(out)1 thr(in)16 conc_peak=14 pread=9.735s
DBG getmany L40 nw=15 wall=0.757s thr(out)1 thr(in)16 conc_peak=15 pread=8.144s
DBG getmany L41 nw=15 wall=0.725s thr(out)1 thr(in)16 conc_peak=15 pread=10.505s
DBG getmany L42 nw=15 wall=0.560s thr(out)1 thr(in)16 conc_peak=15 pread=7.886s
DBG getmany L43 nw=16 wall=0.768s thr(out)1 thr(in)16 conc_peak=16 pread=10.202s
DBG getmany L44 nw=16 wall=0.753s thr(out)1 thr(in)16 conc_peak=16 pread=11.394s
DBG getmany L45 nw=16 wall=0.769s thr(out)1 thr(in)16 conc_peak=16 pread=10.898s
DBG getmany L46 nw=15 wall=0.561s thr(out)1 thr(in)16 conc_peak=15 pread=6.959s
DBG getmany L47 nw=14 wall=0.728s thr(out)1 thr(in)16 conc_peak=14 pread=8.791s
DBG getmany L48 nw=15 wall=0.726s thr(out)1 thr(in)16 conc_peak=15 pread=9.325s
DBG getmany L49 nw=16 wall=0.777s thr(out)1 thr(in)16 conc_peak=16 pread=10.239s
DBG getmany L50 nw=15 wall=0.553s thr(out)1 thr(in)16 conc_peak=15 pread=6.978s
DBG getmany L51 nw=15 wall=0.737s thr(out)1 thr(in)16 conc_peak=15 pread=10.029s
DBG getmany L52 nw=13 wall=0.679s thr(out)1 thr(in)16 conc_peak=13 pread=8.138s
DBG getmany L53 nw=15 wall=0.733s thr(out)1 thr(in)16 conc_peak=15 pread=7.066s
DBG getmany L54 nw=15 wall=0.548s thr(out)1 thr(in)16 conc_peak=15 pread=7.069s
DBG getmany L55 nw=14 wall=0.733s thr(out)1 thr(in)16 conc_peak=14 pread=8.543s
DBG getmany L56 nw=15 wall=0.738s thr(out)1 thr(in)16 conc_peak=15 pread=10.513s
DBG getmany L57 nw=16 wall=0.767s thr(out)1 thr(in)16 conc_peak=16 pread=10.914s
DBG getmany L58 nw=16 wall=0.574s thr(out)1 thr(in)16 conc_peak=16 pread=8.450s
DBG getmany L59 nw=13 wall=0.734s thr(out)1 thr(in)16 conc_peak=13 pread=7.072s
DBG getmany L60 nw=16 wall=0.760s thr(out)1 thr(in)16 conc_peak=16 pread=11.264s
DBG getmany L61 nw=15 wall=0.716s thr(out)1 thr(in)16 conc_peak=15 pread=6.549s
DBG getmany L62 nw=13 wall=0.499s thr(out)1 thr(in)16 conc_peak=13 pread=4.671s
DBG getmany L63 nw=15 wall=0.742s thr(out)1 thr(in)16 conc_peak=15 pread=8.515s
DBG getmany L64 nw=14 wall=0.747s thr(out)1 thr(in)16 conc_peak=14 pread=9.869s
DBG getmany L65 nw=15 wall=0.731s thr(out)1 thr(in)16 conc_peak=15 pread=9.532s
DBG getmany L66 nw=16 wall=0.567s thr(out)1 thr(in)16 conc_peak=16 pread=8.230s
DBG getmany L67 nw=16 wall=0.797s thr(out)1 thr(in)16 conc_peak=16 pread=10.204s
DBG getmany L68 nw=14 wall=0.590s thr(out)1 thr(in)16 conc_peak=14 pread=5.758s
DBG getmany L69 nw=14 wall=0.739s thr(out)1 thr(in)16 conc_peak=14 pread=9.732s
DBG getmany L70 nw=13 wall=0.530s thr(out)1 thr(in)16 conc_peak=13 pread=5.805s
DBG getmany L71 nw=14 wall=0.788s thr(out)1 thr(in)16 conc_peak=14 pread=10.579s
DBG getmany L72 nw=16 wall=0.783s thr(out)1 thr(in)16 conc_peak=16 pread=11.039s
DBG getmany L73 nw=16 wall=0.762s thr(out)1 thr(in)16 conc_peak=16 pread=9.557s
DBG getmany L74 nw=16 wall=0.557s thr(out)1 thr(in)16 conc_peak=16 pread=7.187s
DBG getmany L75 nw=16 wall=0.770s thr(out)1 thr(in)16 conc_peak=16 pread=9.120s
DBG getmany L76 nw=16 wall=0.733s thr(out)1 thr(in)16 conc_peak=16 pread=10.596s
DBG getmany L77 nw=14 wall=0.727s thr(out)1 thr(in)16 conc_peak=14 pread=8.648s
DBG getmany L78 nw=14 wall=0.546s thr(out)1 thr(in)16 conc_peak=14 pread=6.695s
DBG getmany L79 nw=15 wall=0.736s thr(out)1 thr(in)16 conc_peak=15 pread=9.143s
DBG getmany L80 nw=16 wall=0.721s thr(out)1 thr(in)16 conc_peak=16 pread=7.927s
DBG getmany L81 nw=15 wall=0.739s thr(out)1 thr(in)16 conc_peak=15 pread=9.921s
DBG getmany L82 nw=16 wall=0.584s thr(out)1 thr(in)16 conc_peak=16 pread=8.262s
DBG getmany L83 nw=14 wall=0.734s thr(out)1 thr(in)16 conc_peak=14 pread=9.739s
DBG getmany L84 nw=13 wall=0.703s thr(out)1 thr(in)16 conc_peak=13 pread=7.996s
DBG getmany L85 nw=15 wall=0.738s thr(out)1 thr(in)16 conc_peak=15 pread=9.649s
DBG getmany L86 nw=15 wall=0.527s thr(out)1 thr(in)16 conc_peak=15 pread=6.160s
DBG getmany L87 nw=14 wall=0.725s thr(out)1 thr(in)16 conc_peak=14 pread=9.393s
DBG getmany L88 nw=13 wall=0.716s thr(out)1 thr(in)16 conc_peak=13 pread=8.944s
DBG getmany L89 nw=14 wall=0.738s thr(out)1 thr(in)16 conc_peak=14 pread=9.931s
DBG getmany L90 nw=14 wall=0.518s thr(out)1 thr(in)16 conc_peak=14 pread=6.088s
DBG getmany L91 nw=12 wall=0.528s thr(out)1 thr(in)16 conc_peak=12 pread=5.175s
DBG getmany L92 nw=15 wall=0.235s thr(out)1 thr(in)16 conc_peak=15 pread=2.269s
4      2975       79.08        100.0      23.76      0.013
  L2   resident=6779/14589 slots hit=100.0% read=122.78GB write=0.00GB
DBG getmany L1 nw=13 wall=0.619s thr(out)1 thr(in)16 conc_peak=13 pread=6.746s
DBG getmany L2 nw=12 wall=0.510s thr(out)1 thr(in)16 conc_peak=12 pread=5.374s
DBG getmany L3 nw=11 wall=0.683s thr(out)1 thr(in)16 conc_peak=11 pread=6.684s
DBG getmany L4 nw=13 wall=0.695s thr(out)1 thr(in)16 conc_peak=13 pread=6.771s
DBG getmany L5 nw=12 wall=0.564s thr(out)1 thr(in)16 conc_peak=11 pread=5.224s
DBG getmany L6 nw=16 wall=0.536s thr(out)1 thr(in)16 conc_peak=16 pread=6.962s
DBG getmany L7 nw=15 wall=0.732s thr(out)1 thr(in)16 conc_peak=15 pread=9.258s
DBG getmany L8 nw=15 wall=0.768s thr(out)1 thr(in)16 conc_peak=15 pread=10.967s
DBG getmany L9 nw=12 wall=0.698s thr(out)1 thr(in)16 conc_peak=12 pread=6.223s
DBG getmany L10 nw=11 wall=0.524s thr(out)1 thr(in)16 conc_peak=11 pread=4.006s
DBG getmany L11 nw=12 wall=0.730s thr(out)1 thr(in)16 conc_peak=12 pread=7.438s
DBG getmany L12 nw=14 wall=0.715s thr(out)1 thr(in)16 conc_peak=13 pread=8.769s
DBG getmany L13 nw=13 wall=0.685s thr(out)1 thr(in)16 conc_peak=13 pread=7.118s
DBG getmany L14 nw=14 wall=0.539s thr(out)1 thr(in)16 conc_peak=14 pread=6.353s
DBG getmany L15 nw=12 wall=0.729s thr(out)1 thr(in)16 conc_peak=12 pread=7.544s
DBG getmany L16 nw=12 wall=0.626s thr(out)1 thr(in)16 conc_peak=12 pread=6.742s
DBG getmany L17 nw=14 wall=0.704s thr(out)1 thr(in)16 conc_peak=14 pread=9.419s
DBG getmany L18 nw=13 wall=0.547s thr(out)1 thr(in)16 conc_peak=13 pread=6.193s
DBG getmany L19 nw=13 wall=0.668s thr(out)1 thr(in)16 conc_peak=13 pread=7.800s
DBG getmany L20 nw=11 wall=0.638s thr(out)1 thr(in)16 conc_peak=11 pread=5.741s
DBG getmany L21 nw=14 wall=0.735s thr(out)1 thr(in)16 conc_peak=14 pread=6.785s
DBG getmany L22 nw=13 wall=0.524s thr(out)1 thr(in)16 conc_peak=13 pread=5.422s
DBG getmany L23 nw=13 wall=0.677s thr(out)1 thr(in)16 conc_peak=13 pread=6.158s
DBG getmany L24 nw=14 wall=0.785s thr(out)1 thr(in)16 conc_peak=14 pread=9.135s
DBG getmany L25 nw=16 wall=0.774s thr(out)1 thr(in)16 conc_peak=16 pread=11.285s
DBG getmany L26 nw=11 wall=0.513s thr(out)1 thr(in)16 conc_peak=11 pread=4.721s
DBG getmany L27 nw=15 wall=0.718s thr(out)1 thr(in)16 conc_peak=15 pread=6.851s
DBG getmany L28 nw=15 wall=0.690s thr(out)1 thr(in)16 conc_peak=15 pread=9.574s
DBG getmany L29 nw=14 wall=0.736s thr(out)1 thr(in)16 conc_peak=14 pread=9.862s
DBG getmany L30 nw=14 wall=0.555s thr(out)1 thr(in)16 conc_peak=14 pread=7.112s
DBG getmany L31 nw=14 wall=0.743s thr(out)1 thr(in)16 conc_peak=14 pread=8.545s
DBG getmany L32 nw=13 wall=0.703s thr(out)1 thr(in)16 conc_peak=13 pread=7.831s
DBG getmany L33 nw=9 wall=0.718s thr(out)1 thr(in)16 conc_peak=9 pread=5.977s
DBG getmany L34 nw=15 wall=0.572s thr(out)1 thr(in)16 conc_peak=15 pread=7.212s
DBG getmany L35 nw=15 wall=0.655s thr(out)1 thr(in)16 conc_peak=15 pread=8.617s
DBG getmany L36 nw=15 wall=0.759s thr(out)1 thr(in)16 conc_peak=15 pread=10.235s
DBG getmany L37 nw=14 wall=0.690s thr(out)1 thr(in)16 conc_peak=14 pread=8.224s
DBG getmany L38 nw=11 wall=0.504s thr(out)1 thr(in)16 conc_peak=11 pread=4.678s
DBG getmany L39 nw=12 wall=0.697s thr(out)1 thr(in)16 conc_peak=12 pread=7.863s
DBG getmany L40 nw=12 wall=0.717s thr(out)1 thr(in)16 conc_peak=12 pread=7.387s
DBG getmany L41 nw=12 wall=0.689s thr(out)1 thr(in)16 conc_peak=12 pread=7.681s
DBG getmany L42 nw=9 wall=0.477s thr(out)1 thr(in)16 conc_peak=8 pread=4.102s
DBG getmany L43 nw=11 wall=0.729s thr(out)1 thr(in)16 conc_peak=9 pread=6.922s
DBG getmany L44 nw=14 wall=0.737s thr(out)1 thr(in)16 conc_peak=13 pread=8.400s
DBG getmany L45 nw=11 wall=0.712s thr(out)1 thr(in)16 conc_peak=11 pread=7.288s
DBG getmany L46 nw=11 wall=0.491s thr(out)1 thr(in)16 conc_peak=11 pread=4.570s
DBG getmany L47 nw=13 wall=0.725s thr(out)1 thr(in)16 conc_peak=13 pread=6.285s
DBG getmany L48 nw=12 wall=0.615s thr(out)1 thr(in)16 conc_peak=12 pread=6.128s
DBG getmany L49 nw=15 wall=0.772s thr(out)1 thr(in)16 conc_peak=15 pread=10.948s
DBG getmany L50 nw=13 wall=0.526s thr(out)1 thr(in)16 conc_peak=13 pread=6.227s
DBG getmany L51 nw=13 wall=0.713s thr(out)1 thr(in)16 conc_peak=13 pread=8.684s
DBG getmany L52 nw=12 wall=0.679s thr(out)1 thr(in)16 conc_peak=12 pread=7.663s
DBG getmany L53 nw=13 wall=0.689s thr(out)1 thr(in)16 conc_peak=13 pread=8.306s
DBG getmany L54 nw=14 wall=0.522s thr(out)1 thr(in)16 conc_peak=14 pread=6.498s
DBG getmany L55 nw=13 wall=0.717s thr(out)1 thr(in)16 conc_peak=13 pread=7.321s
DBG getmany L56 nw=15 wall=0.730s thr(out)1 thr(in)16 conc_peak=15 pread=9.365s
DBG getmany L57 nw=15 wall=0.763s thr(out)1 thr(in)16 conc_peak=15 pread=10.610s
DBG getmany L58 nw=10 wall=0.499s thr(out)1 thr(in)16 conc_peak=7 pread=4.359s
DBG getmany L59 nw=10 wall=0.678s thr(out)1 thr(in)16 conc_peak=10 pread=5.004s
DBG getmany L60 nw=13 wall=0.742s thr(out)1 thr(in)16 conc_peak=13 pread=8.985s
DBG getmany L61 nw=14 wall=0.651s thr(out)1 thr(in)16 conc_peak=14 pread=7.740s
DBG getmany L62 nw=10 wall=0.468s thr(out)1 thr(in)16 conc_peak=10 pread=4.436s
DBG getmany L63 nw=14 wall=0.743s thr(out)1 thr(in)16 conc_peak=14 pread=9.631s
DBG getmany L64 nw=12 wall=5.672s thr(out)1 thr(in)16 conc_peak=7 pread=50.419s
DBG getmany L65 nw=13 wall=4.664s thr(out)1 thr(in)16 conc_peak=13 pread=59.242s
DBG getmany L66 nw=13 wall=0.538s thr(out)1 thr(in)16 conc_peak=13 pread=6.382s
DBG getmany L67 nw=14 wall=0.668s thr(out)1 thr(in)16 conc_peak=14 pread=6.711s
DBG getmany L68 nw=15 wall=0.723s thr(out)1 thr(in)16 conc_peak=15 pread=9.942s
DBG getmany L69 nw=10 wall=0.679s thr(out)1 thr(in)16 conc_peak=10 pread=6.511s
DBG getmany L70 nw=8 wall=0.448s thr(out)1 thr(in)16 conc_peak=8 pread=3.302s
DBG getmany L71 nw=13 wall=0.776s thr(out)1 thr(in)16 conc_peak=13 pread=6.918s
DBG getmany L72 nw=12 wall=0.737s thr(out)1 thr(in)16 conc_peak=12 pread=6.290s
DBG getmany L73 nw=12 wall=0.683s thr(out)1 thr(in)16 conc_peak=12 pread=6.294s
DBG getmany L74 nw=9 wall=0.467s thr(out)1 thr(in)16 conc_peak=9 pread=3.564s
DBG getmany L75 nw=8 wall=0.388s thr(out)1 thr(in)16 conc_peak=8 pread=2.529s
DBG getmany L76 nw=13 wall=0.686s thr(out)1 thr(in)16 conc_peak=13 pread=6.300s
DBG getmany L77 nw=9 wall=0.678s thr(out)1 thr(in)16 conc_peak=9 pread=5.581s
DBG getmany L78 nw=10 wall=0.470s thr(out)1 thr(in)16 conc_peak=9 pread=4.273s
DBG getmany L79 nw=9 wall=0.660s thr(out)1 thr(in)16 conc_peak=8 pread=4.972s
DBG getmany L80 nw=13 wall=0.668s thr(out)1 thr(in)16 conc_peak=13 pread=7.491s
DBG getmany L81 nw=14 wall=0.731s thr(out)1 thr(in)16 conc_peak=14 pread=9.700s
DBG getmany L82 nw=13 wall=0.524s thr(out)1 thr(in)16 conc_peak=13 pread=5.641s
DBG getmany L83 nw=12 wall=0.708s thr(out)1 thr(in)16 conc_peak=12 pread=7.102s
DBG getmany L84 nw=13 wall=0.722s thr(out)1 thr(in)16 conc_peak=13 pread=5.664s
DBG getmany L85 nw=13 wall=0.709s thr(out)1 thr(in)16 conc_peak=13 pread=8.659s
DBG getmany L86 nw=12 wall=0.514s thr(out)1 thr(in)16 conc_peak=12 pread=5.797s
DBG getmany L87 nw=9 wall=0.643s thr(out)1 thr(in)16 conc_peak=9 pread=4.383s
DBG getmany L88 nw=13 wall=0.711s thr(out)1 thr(in)16 conc_peak=13 pread=7.897s
DBG getmany L89 nw=10 wall=0.693s thr(out)1 thr(in)16 conc_peak=10 pread=5.467s
DBG getmany L90 nw=10 wall=0.471s thr(out)1 thr(in)16 conc_peak=10 pread=3.652s
DBG getmany L91 nw=9 wall=0.479s thr(out)1 thr(in)16 conc_peak=9 pread=3.991s
DBG getmany L92 nw=12 wall=0.169s thr(out)1 thr(in)16 conc_peak=12 pread=1.172s
5      15         86.27        100.0      20.13      0.012
  L2   resident=6779/14589 slots hit=100.0% read=142.90GB write=0.00GB
DBG getmany L1 nw=14 wall=0.570s thr(out)1 thr(in)16 conc_peak=14 pread=5.946s
DBG getmany L2 nw=12 wall=0.508s thr(out)1 thr(in)16 conc_peak=12 pread=5.347s
DBG getmany L3 nw=10 wall=0.671s thr(out)1 thr(in)16 conc_peak=10 pread=6.291s
DBG getmany L4 nw=12 wall=0.649s thr(out)1 thr(in)16 conc_peak=12 pread=6.388s
DBG getmany L5 nw=7 wall=0.606s thr(out)1 thr(in)16 conc_peak=7 pread=3.944s
DBG getmany L6 nw=15 wall=0.521s thr(out)1 thr(in)16 conc_peak=15 pread=5.667s
DBG getmany L7 nw=14 wall=0.716s thr(out)1 thr(in)16 conc_peak=14 pread=7.149s
DBG getmany L8 nw=14 wall=0.765s thr(out)1 thr(in)16 conc_peak=14 pread=10.270s
DBG getmany L9 nw=12 wall=0.734s thr(out)1 thr(in)16 conc_peak=12 pread=7.700s
DBG getmany L10 nw=10 wall=0.507s thr(out)1 thr(in)16 conc_peak=10 pread=4.289s
DBG getmany L11 nw=12 wall=0.663s thr(out)1 thr(in)16 conc_peak=12 pread=6.965s
DBG getmany L12 nw=13 wall=0.673s thr(out)1 thr(in)16 conc_peak=13 pread=7.646s
DBG getmany L13 nw=13 wall=0.679s thr(out)1 thr(in)16 conc_peak=13 pread=8.029s
DBG getmany L14 nw=16 wall=0.564s thr(out)1 thr(in)16 conc_peak=16 pread=7.163s
DBG getmany L15 nw=14 wall=0.740s thr(out)1 thr(in)16 conc_peak=14 pread=8.866s
DBG getmany L16 nw=12 wall=0.629s thr(out)1 thr(in)16 conc_peak=12 pread=6.567s
DBG getmany L17 nw=13 wall=0.676s thr(out)1 thr(in)16 conc_peak=13 pread=7.514s
DBG getmany L18 nw=12 wall=0.530s thr(out)1 thr(in)16 conc_peak=12 pread=5.932s
DBG getmany L19 nw=14 wall=0.658s thr(out)1 thr(in)16 conc_peak=14 pread=7.906s
DBG getmany L20 nw=10 wall=0.629s thr(out)1 thr(in)16 conc_peak=10 pread=5.503s
DBG getmany L21 nw=13 wall=0.712s thr(out)1 thr(in)16 conc_peak=13 pread=8.537s
DBG getmany L22 nw=10 wall=0.491s thr(out)1 thr(in)16 conc_peak=10 pread=4.624s
DBG getmany L23 nw=12 wall=0.664s thr(out)1 thr(in)16 conc_peak=12 pread=6.828s
DBG getmany L24 nw=15 wall=0.801s thr(out)1 thr(in)16 conc_peak=15 pread=8.469s
DBG getmany L25 nw=13 wall=0.720s thr(out)1 thr(in)16 conc_peak=13 pread=8.680s
DBG getmany L26 nw=13 wall=0.518s thr(out)1 thr(in)16 conc_peak=13 pread=5.789s
DBG getmany L27 nw=15 wall=0.670s thr(out)1 thr(in)16 conc_peak=15 pread=7.948s
DBG getmany L28 nw=14 wall=0.668s thr(out)1 thr(in)16 conc_peak=14 pread=8.526s
DBG getmany L29 nw=14 wall=0.745s thr(out)1 thr(in)16 conc_peak=14 pread=9.634s
DBG getmany L30 nw=11 wall=0.500s thr(out)1 thr(in)16 conc_peak=11 pread=4.265s
DBG getmany L31 nw=13 wall=0.736s thr(out)1 thr(in)16 conc_peak=13 pread=8.824s
DBG getmany L32 nw=11 wall=0.692s thr(out)1 thr(in)16 conc_peak=11 pread=4.652s
DBG getmany L33 nw=14 wall=0.783s thr(out)1 thr(in)16 conc_peak=14 pread=9.986s
DBG getmany L34 nw=14 wall=0.545s thr(out)1 thr(in)16 conc_peak=14 pread=6.853s
DBG getmany L35 nw=11 wall=0.717s thr(out)1 thr(in)16 conc_peak=11 pread=7.111s
DBG getmany L36 nw=14 wall=0.744s thr(out)1 thr(in)16 conc_peak=14 pread=9.064s
DBG getmany L37 nw=15 wall=0.741s thr(out)1 thr(in)16 conc_peak=15 pread=9.809s
DBG getmany L38 nw=11 wall=0.488s thr(out)1 thr(in)16 conc_peak=11 pread=4.568s
DBG getmany L39 nw=14 wall=0.724s thr(out)1 thr(in)16 conc_peak=14 pread=7.186s
DBG getmany L40 nw=13 wall=0.723s thr(out)1 thr(in)16 conc_peak=13 pread=8.150s
DBG getmany L41 nw=9 wall=0.649s thr(out)1 thr(in)16 conc_peak=9 pread=4.795s
DBG getmany L42 nw=9 wall=0.462s thr(out)1 thr(in)16 conc_peak=9 pread=3.548s
DBG getmany L43 nw=9 wall=0.692s thr(out)1 thr(in)16 conc_peak=9 pread=5.408s
DBG getmany L44 nw=12 wall=0.711s thr(out)1 thr(in)16 conc_peak=12 pread=8.241s
DBG getmany L45 nw=11 wall=0.699s thr(out)1 thr(in)16 conc_peak=11 pread=6.456s
DBG getmany L46 nw=11 wall=0.493s thr(out)1 thr(in)16 conc_peak=11 pread=4.818s
DBG getmany L47 nw=11 wall=0.705s thr(out)1 thr(in)16 conc_peak=11 pread=6.817s
DBG getmany L48 nw=13 wall=0.700s thr(out)1 thr(in)16 conc_peak=11 pread=8.220s
DBG getmany L49 nw=15 wall=0.757s thr(out)1 thr(in)16 conc_peak=15 pread=10.139s
DBG getmany L50 nw=12 wall=0.517s thr(out)1 thr(in)16 conc_peak=12 pread=5.160s
DBG getmany L51 nw=12 wall=0.686s thr(out)1 thr(in)16 conc_peak=12 pread=6.821s
DBG getmany L52 nw=13 wall=0.670s thr(out)1 thr(in)16 conc_peak=13 pread=7.461s
DBG getmany L53 nw=12 wall=0.666s thr(out)1 thr(in)16 conc_peak=12 pread=6.967s
DBG getmany L54 nw=12 wall=0.510s thr(out)1 thr(in)16 conc_peak=12 pread=5.007s
DBG getmany L55 nw=12 wall=0.702s thr(out)1 thr(in)16 conc_peak=12 pread=7.442s
DBG getmany L56 nw=13 wall=0.727s thr(out)1 thr(in)16 conc_peak=11 pread=7.018s
DBG getmany L57 nw=15 wall=0.754s thr(out)1 thr(in)16 conc_peak=15 pread=9.723s
DBG getmany L58 nw=11 wall=0.505s thr(out)1 thr(in)16 conc_peak=10 pread=3.895s
DBG getmany L59 nw=9 wall=0.687s thr(out)1 thr(in)16 conc_peak=8 pread=5.403s
DBG getmany L60 nw=12 wall=0.697s thr(out)1 thr(in)16 conc_peak=12 pread=7.144s
DBG getmany L61 nw=13 wall=0.701s thr(out)1 thr(in)16 conc_peak=11 pread=7.416s
DBG getmany L62 nw=14 wall=0.548s thr(out)1 thr(in)16 conc_peak=14 pread=5.676s
DBG getmany L63 nw=12 wall=0.715s thr(out)1 thr(in)16 conc_peak=9 pread=7.538s
DBG getmany L64 nw=12 wall=0.711s thr(out)1 thr(in)16 conc_peak=12 pread=7.922s
DBG getmany L65 nw=12 wall=0.684s thr(out)1 thr(in)16 conc_peak=12 pread=6.628s
DBG getmany L66 nw=14 wall=0.542s thr(out)1 thr(in)16 conc_peak=14 pread=6.002s
DBG getmany L67 nw=14 wall=0.748s thr(out)1 thr(in)16 conc_peak=14 pread=9.700s
DBG getmany L68 nw=13 wall=0.688s thr(out)1 thr(in)16 conc_peak=13 pread=7.889s
DBG getmany L69 nw=12 wall=0.689s thr(out)1 thr(in)16 conc_peak=12 pread=6.924s
DBG getmany L70 nw=11 wall=0.498s thr(out)1 thr(in)16 conc_peak=7 pread=4.769s
DBG getmany L71 nw=14 wall=0.787s thr(out)1 thr(in)16 conc_peak=14 pread=9.119s
DBG getmany L72 nw=12 wall=0.721s thr(out)1 thr(in)16 conc_peak=12 pread=7.306s
DBG getmany L73 nw=13 wall=0.743s thr(out)1 thr(in)16 conc_peak=13 pread=8.768s
DBG getmany L74 nw=10 wall=0.484s thr(out)1 thr(in)16 conc_peak=10 pread=3.071s
DBG getmany L75 nw=10 wall=0.666s thr(out)1 thr(in)16 conc_peak=10 pread=6.077s
DBG getmany L76 nw=13 wall=0.680s thr(out)1 thr(in)16 conc_peak=13 pread=7.901s
DBG getmany L77 nw=11 wall=0.650s thr(out)1 thr(in)16 conc_peak=11 pread=6.852s
DBG getmany L78 nw=11 wall=0.498s thr(out)1 thr(in)16 conc_peak=10 pread=5.100s
DBG getmany L79 nw=10 wall=0.650s thr(out)1 thr(in)16 conc_peak=10 pread=5.934s
DBG getmany L80 nw=13 wall=0.681s thr(out)1 thr(in)16 conc_peak=13 pread=7.133s
DBG getmany L81 nw=14 wall=0.721s thr(out)1 thr(in)16 conc_peak=14 pread=8.526s
DBG getmany L82 nw=13 wall=0.529s thr(out)1 thr(in)16 conc_peak=13 pread=6.033s
DBG getmany L83 nw=12 wall=0.711s thr(out)1 thr(in)16 conc_peak=12 pread=7.094s
DBG getmany L84 nw=13 wall=0.704s thr(out)1 thr(in)16 conc_peak=13 pread=7.183s
DBG getmany L85 nw=13 wall=0.721s thr(out)1 thr(in)16 conc_peak=13 pread=9.003s
DBG getmany L86 nw=12 wall=0.515s thr(out)1 thr(in)16 conc_peak=12 pread=5.591s
DBG getmany L87 nw=10 wall=0.666s thr(out)1 thr(in)16 conc_peak=10 pread=5.830s
DBG getmany L88 nw=13 wall=0.707s thr(out)1 thr(in)16 conc_peak=13 pread=8.783s
DBG getmany L89 nw=10 wall=0.692s thr(out)1 thr(in)16 conc_peak=10 pread=6.558s
DBG getmany L90 nw=9 wall=0.470s thr(out)1 thr(in)16 conc_peak=7 pread=3.536s
DBG getmany L91 nw=9 wall=0.474s thr(out)1 thr(in)16 conc_peak=9 pread=3.477s
DBG getmany L92 nw=12 wall=0.170s thr(out)1 thr(in)16 conc_peak=12 pread=1.167s
6      3629       76.62        99.7       19.83      0.013
  L2   resident=6779/14589 slots hit=100.0% read=162.66GB write=0.00GB
DBG getmany L1 nw=15 wall=0.625s thr(out)1 thr(in)16 conc_peak=15 pread=8.255s
DBG getmany L2 nw=14 wall=0.543s thr(out)1 thr(in)16 conc_peak=14 pread=5.231s
DBG getmany L3 nw=10 wall=0.664s thr(out)1 thr(in)16 conc_peak=10 pread=5.805s
DBG getmany L4 nw=14 wall=0.697s thr(out)1 thr(in)16 conc_peak=14 pread=8.606s
DBG getmany L5 nw=13 wall=0.690s thr(out)1 thr(in)16 conc_peak=13 pread=8.567s
DBG getmany L6 nw=15 wall=0.530s thr(out)1 thr(in)16 conc_peak=15 pread=6.873s
DBG getmany L7 nw=15 wall=0.718s thr(out)1 thr(in)16 conc_peak=15 pread=9.592s
DBG getmany L8 nw=15 wall=0.780s thr(out)1 thr(in)16 conc_peak=15 pread=10.201s
DBG getmany L9 nw=15 wall=0.746s thr(out)1 thr(in)16 conc_peak=15 pread=8.310s
DBG getmany L10 nw=12 wall=0.533s thr(out)1 thr(in)16 conc_peak=12 pread=4.723s
DBG getmany L11 nw=13 wall=0.737s thr(out)1 thr(in)16 conc_peak=13 pread=9.010s
DBG getmany L12 nw=13 wall=0.697s thr(out)1 thr(in)16 conc_peak=13 pread=6.760s
DBG getmany L13 nw=15 wall=0.711s thr(out)1 thr(in)16 conc_peak=15 pread=9.772s
DBG getmany L14 nw=16 wall=0.559s thr(out)1 thr(in)16 conc_peak=16 pread=8.097s
DBG getmany L15 nw=15 wall=0.740s thr(out)1 thr(in)16 conc_peak=15 pread=10.364s
DBG getmany L16 nw=14 wall=0.650s thr(out)1 thr(in)16 conc_peak=14 pread=7.897s
DBG getmany L17 nw=13 wall=0.684s thr(out)1 thr(in)16 conc_peak=13 pread=6.381s
DBG getmany L18 nw=11 wall=0.507s thr(out)1 thr(in)16 conc_peak=11 pread=4.613s
DBG getmany L19 nw=15 wall=0.697s thr(out)1 thr(in)16 conc_peak=15 pread=9.138s
DBG getmany L20 nw=12 wall=0.652s thr(out)1 thr(in)16 conc_peak=12 pread=7.023s
DBG getmany L21 nw=14 wall=0.738s thr(out)1 thr(in)16 conc_peak=14 pread=7.711s
DBG getmany L22 nw=14 wall=0.539s thr(out)1 thr(in)16 conc_peak=14 pread=7.023s
DBG getmany L23 nw=14 wall=0.643s thr(out)1 thr(in)16 conc_peak=14 pread=8.196s
DBG getmany L24 nw=15 wall=0.787s thr(out)1 thr(in)16 conc_peak=15 pread=10.331s
DBG getmany L25 nw=13 wall=0.709s thr(out)1 thr(in)16 conc_peak=13 pread=8.712s
DBG getmany L26 nw=14 wall=0.538s thr(out)1 thr(in)16 conc_peak=14 pread=6.830s
DBG getmany L27 nw=16 wall=0.723s thr(out)1 thr(in)16 conc_peak=16 pread=10.028s
DBG getmany L28 nw=15 wall=0.661s thr(out)1 thr(in)16 conc_peak=15 pread=6.987s
DBG getmany L29 nw=13 wall=0.702s thr(out)1 thr(in)16 conc_peak=13 pread=8.363s
DBG getmany L30 nw=12 wall=0.524s thr(out)1 thr(in)16 conc_peak=12 pread=5.126s
DBG getmany L31 nw=15 wall=0.765s thr(out)1 thr(in)16 conc_peak=15 pread=10.780s
DBG getmany L32 nw=12 wall=0.703s thr(out)1 thr(in)16 conc_peak=12 pread=7.922s
DBG getmany L33 nw=14 wall=0.777s thr(out)1 thr(in)16 conc_peak=14 pread=9.193s
DBG getmany L34 nw=13 wall=0.543s thr(out)1 thr(in)16 conc_peak=13 pread=6.087s
DBG getmany L35 nw=13 wall=0.727s thr(out)1 thr(in)16 conc_peak=13 pread=8.652s
DBG getmany L36 nw=13 wall=0.736s thr(out)1 thr(in)16 conc_peak=13 pread=8.565s
DBG getmany L37 nw=14 wall=0.718s thr(out)1 thr(in)16 conc_peak=14 pread=7.121s
DBG getmany L38 nw=12 wall=0.493s thr(out)1 thr(in)16 conc_peak=12 pread=5.215s
DBG getmany L39 nw=13 wall=0.709s thr(out)1 thr(in)16 conc_peak=13 pread=8.535s
DBG getmany L40 nw=13 wall=0.739s thr(out)1 thr(in)16 conc_peak=13 pread=8.615s
DBG getmany L41 nw=11 wall=0.660s thr(out)1 thr(in)16 conc_peak=11 pread=5.291s
DBG getmany L42 nw=9 wall=0.473s thr(out)1 thr(in)16 conc_peak=9 pread=3.798s
DBG getmany L43 nw=10 wall=0.701s thr(out)1 thr(in)16 conc_peak=10 pread=6.808s
DBG getmany L44 nw=13 wall=0.703s thr(out)1 thr(in)16 conc_peak=13 pread=6.762s
DBG getmany L45 nw=14 wall=0.744s thr(out)1 thr(in)16 conc_peak=14 pread=8.483s
DBG getmany L46 nw=13 wall=0.533s thr(out)1 thr(in)16 conc_peak=13 pread=6.396s
DBG getmany L47 nw=13 wall=0.720s thr(out)1 thr(in)16 conc_peak=13 pread=8.942s
DBG getmany L48 nw=12 wall=0.673s thr(out)1 thr(in)16 conc_peak=12 pread=7.087s
DBG getmany L49 nw=15 wall=0.774s thr(out)1 thr(in)16 conc_peak=15 pread=8.870s
DBG getmany L50 nw=14 wall=0.549s thr(out)1 thr(in)16 conc_peak=14 pread=6.874s
DBG getmany L51 nw=12 wall=0.704s thr(out)1 thr(in)16 conc_peak=12 pread=8.126s
DBG getmany L52 nw=12 wall=0.678s thr(out)1 thr(in)16 conc_peak=12 pread=7.839s
DBG getmany L53 nw=13 wall=0.708s thr(out)1 thr(in)16 conc_peak=13 pread=8.554s
DBG getmany L54 nw=12 wall=0.513s thr(out)1 thr(in)16 conc_peak=12 pread=5.862s
DBG getmany L55 nw=15 wall=0.744s thr(out)1 thr(in)16 conc_peak=15 pread=10.567s
DBG getmany L56 nw=13 wall=0.708s thr(out)1 thr(in)16 conc_peak=13 pread=7.070s
DBG getmany L57 nw=16 wall=0.777s thr(out)1 thr(in)16 conc_peak=16 pread=9.343s
DBG getmany L58 nw=11 wall=0.505s thr(out)1 thr(in)16 conc_peak=11 pread=4.605s
DBG getmany L59 nw=11 wall=0.689s thr(out)1 thr(in)16 conc_peak=11 pread=6.596s
DBG getmany L60 nw=13 wall=0.702s thr(out)1 thr(in)16 conc_peak=13 pread=8.060s
DBG getmany L61 nw=15 wall=0.732s thr(out)1 thr(in)16 conc_peak=15 pread=9.024s
DBG getmany L62 nw=12 wall=0.551s thr(out)1 thr(in)16 conc_peak=12 pread=5.459s
DBG getmany L63 nw=13 wall=0.716s thr(out)1 thr(in)16 conc_peak=13 pread=8.336s
DBG getmany L64 nw=13 wall=0.725s thr(out)1 thr(in)16 conc_peak=13 pread=9.017s
DBG getmany L65 nw=13 wall=0.705s thr(out)1 thr(in)16 conc_peak=12 pread=8.571s
DBG getmany L66 nw=13 wall=0.528s thr(out)1 thr(in)16 conc_peak=13 pread=5.265s
DBG getmany L67 nw=13 wall=0.745s thr(out)1 thr(in)16 conc_peak=13 pread=6.848s
DBG getmany L68 nw=15 wall=0.737s thr(out)1 thr(in)16 conc_peak=15 pread=10.586s
DBG getmany L69 nw=13 wall=0.709s thr(out)1 thr(in)16 conc_peak=13 pread=7.784s
DBG getmany L70 nw=12 wall=0.519s thr(out)1 thr(in)16 conc_peak=12 pread=5.848s
DBG getmany L71 nw=13 wall=0.776s thr(out)1 thr(in)16 conc_peak=10 pread=8.948s
DBG getmany L72 nw=12 wall=0.726s thr(out)1 thr(in)16 conc_peak=12 pread=8.239s
DBG getmany L73 nw=14 wall=0.739s thr(out)1 thr(in)16 conc_peak=14 pread=9.034s
DBG getmany L74 nw=9 wall=0.469s thr(out)1 thr(in)16 conc_peak=8 pread=3.782s
DBG getmany L75 nw=11 wall=0.706s thr(out)1 thr(in)16 conc_peak=11 pread=6.102s
DBG getmany L76 nw=11 wall=0.492s thr(out)1 thr(in)16 conc_peak=5 pread=4.157s
DBG getmany L77 nw=12 wall=0.699s thr(out)1 thr(in)16 conc_peak=12 pread=7.681s
DBG getmany L78 nw=12 wall=0.511s thr(out)1 thr(in)16 conc_peak=12 pread=5.176s
DBG getmany L79 nw=10 wall=0.665s thr(out)1 thr(in)16 conc_peak=10 pread=6.128s
DBG getmany L80 nw=14 wall=0.690s thr(out)1 thr(in)16 conc_peak=14 pread=9.208s
DBG getmany L81 nw=15 wall=0.744s thr(out)1 thr(in)16 conc_peak=15 pread=7.972s
DBG getmany L82 nw=13 wall=0.513s thr(out)1 thr(in)16 conc_peak=13 pread=5.601s
DBG getmany L83 nw=11 wall=0.704s thr(out)1 thr(in)16 conc_peak=11 pread=7.481s
DBG getmany L84 nw=15 wall=0.737s thr(out)1 thr(in)16 conc_peak=15 pread=9.801s
DBG getmany L85 nw=13 wall=0.718s thr(out)1 thr(in)16 conc_peak=13 pread=8.222s
DBG getmany L86 nw=13 wall=0.511s thr(out)1 thr(in)16 conc_peak=13 pread=5.825s
DBG getmany L87 nw=11 wall=0.684s thr(out)1 thr(in)16 conc_peak=11 pread=5.794s
DBG getmany L88 nw=13 wall=0.718s thr(out)1 thr(in)16 conc_peak=13 pread=8.482s
DBG getmany L89 nw=9 wall=0.685s thr(out)1 thr(in)16 conc_peak=8 pread=5.676s
DBG getmany L90 nw=11 wall=0.492s thr(out)1 thr(in)16 conc_peak=11 pread=4.203s
DBG getmany L91 nw=11 wall=0.520s thr(out)1 thr(in)16 conc_peak=11 pread=4.863s
DBG getmany L92 nw=14 wall=0.207s thr(out)1 thr(in)16 conc_peak=14 pread=1.582s
7      1389       77.10        100.0      21.02      0.013
  L2   resident=6779/14589 slots hit=100.0% read=183.68GB write=0.00GB
--------------------------------------------------------------------
8 tokens in 626.9 s, 78.37 s/token average
PEAK RSS for the whole run: 22.70 GB   <- quote this, not the plan
layers completed: 93/93; routed expert drops: 0


[chip] simulated MXFP4 GEMV bill over 9 tokens
  11776 expert chains | 777925951488 flops | 206636580864 bytes (206.64 GB)
  per token: 1308 chains | 22.96 GB | 0.09 Gflops
  compute wall @ 4 TFLOPS : 0.19 s (21.61 ms/token)
  bandwidth wall @ 200 GB/s : 1.03 s (114.80 ms/token)
  -> bandwidth-bound; to be compute-bound at 4 TFLOPS this needs 1062 GB/s
  expert fetch (host wall, measured): 489.40 s moving 206.64 GB = 0 GB/s
  chip pool wall (measured): 59.65 s

cache [final step]
  slots        : 774 of 17.56 MB = 13.59 GB arena (774 resident, 0 pinned)
  requests     : 1472  hits 1472 (100.00%)  misses 0  evictions 1198
  of those hits : 1198 came from the batch prefetch, i.e. read from disk
                  this token; TRUE resident hit rate 18.61%
  read from disk: 21.02 GB in 60.26 s (349 MB/s while loading)
  phase2 i/o    : 21.03 GB in 60.26 s (349 MB/s)  [pure parallel disk read]
l2cache [final step]
  requests     : 10468  hits 10468 (100.00%)  misses 0
  read  from sdd7: 183.68 GB, written 0.00 GB
  hit I/O   : 183.68 GB in 487.20 s (wall) = 377 MB/s [pread 5900.19 s, 31 MB/s per-thread]
  miss I/O  : 0 misses, 0.00 GB from /model in 0.00 s (wall) = 0 MB/s
  restored from meta: 6779 slots

wrote /mnt/f/kimi-k3-in-c/reports/gateab_ab/v16_oldbin-20260927_181507/ctrl.json
I/O share of wall clock: 158.1%  (trunk 503.2 s + experts 487.9 s of 626.9 s)
  both figures are WHOLE-RUN totals over 8 steps
  over 100% because trunk reads overlap compute on the reader thread;
  364.2 s of device time was hidden behind arithmetic
  experts, whole run: 183.75 GB read | 2078 of 11776 requests retained in RAM (17.65%) | 9698 evictions
    (retention = requests - evictions; the raw `hits` counter includes
     experts the prefetcher had just read from disk, so it is not a
     measure of avoided I/O)

trunk [final]
  pinned 1/93 layers, ring 2 slots
  binds 744, hits 7 (0.9%), reads 737
  read 436.45 GB in 503.24 s (867 MB/s pread)
  per-layer loads [L]=count: 0=1 1=8 2=8 3=8 4=8 5=8 6=8 7=8 8=8 9=8 10=8 11=8 12=8 13=8 14=8 15=8 16=8 17=8 18=8 19=8 20=8 21=8 22=8 23=8 24=8 25=8 26=8 27=8 28=8 29=8 30=8 31=8 32=8 33=8 34=8 35=8 36=8 37=8 38=8 39=8 40=8 41=8 42=8 43=8 44=8 45=8 46=8 47=8 48=8 49=8 50=8 51=8 52=8 53=8 54=8 55=8 56=8 57=8 58=8 59=8 60=8 61=8 62=8 63=8 64=8 65=8 66=8 67=8 68=8 69=8 70=8 71=8 72=8 73=8 74=8 75=8 76=8 77=8 78=8 79=8 80=8 81=8 82=8 83=8 84=8 85=8 86=8 87=8 88=8 89=8 90=8 91=8 92=8
  bind wall 10.12 s over 744 binds; read 503.24 + widen 2.66 = 505.90 s of device work,
                    of which 495.78 s (98%) overlapped compute on the reader thread
  widen breakdown: find 9 ms (19640)  copy 0 ms (9184)  deq 2640 ms (6320)  timed 3 s of widen 2.66 s
TIME_ELAPSED=646.53
