L2 auto: 209 GB free on /mnt/nvme -> L2 at 256 GB
k3 chip: 4 workers, 4 TFLOPS, 200 GB/s simulated wall
  L2 want=17547264 slot=17547264 nbytes=17547264 fd=O_DIRECT
  L2 want=17547264 slot=17547264 nbytes=17547264 fd=O_DIRECT
  L2 want=17547264 slot=17547264 nbytes=17547264 fd=O_DIRECT
  L2 want=17547264 slot=17547264 nbytes=17547264 fd=O_DIRECT
  L2 want=17547264 slot=17547264 nbytes=17547264 fd=O_DIRECT
  L2 want=17547264 slot=17547264 nbytes=17547264 fd=O_DIRECT
  L2 want=17547264 slot=17547264 nbytes=17547264 fd=O_DIRECT
  L2 want=17547264 slot=17547264 nbytes=17547264 fd=O_DIRECT
  L2 want=17547264 slot=17547264 nbytes=17547264 fd=O_DIRECT
  L2 want=17547264 slot=17547264 nbytes=17547264 fd=O_DIRECT
  L2 want=17547264 slot=17547264 nbytes=17547264 fd=O_DIRECT
  L2 want=17547264 slot=17547264 nbytes=17547264 fd=O_DIRECT
  L2 want=17547264 slot=17547264 nbytes=17547264 fd=O_DIRECT
  L2 want=17547264 slot=17547264 nbytes=17547264 fd=O_DIRECT
  L2 want=17547264 slot=17547264 nbytes=17547264 fd=O_DIRECT
  L2 want=17547264 slot=17547264 nbytes=17547264 fd=O_DIRECT
DBG getmany L1 nw=16 wall=0.229s thr(out)1 thr(in)16 conc_peak=16 pread=2.457s
DBG getmany L2 nw=16 wall=0.240s thr(out)1 thr(in)16 conc_peak=16 pread=2.635s
DBG getmany L3 nw=16 wall=0.236s thr(out)1 thr(in)16 conc_peak=16 pread=2.624s
DBG getmany L4 nw=16 wall=0.221s thr(out)1 thr(in)16 conc_peak=16 pread=2.487s
DBG getmany L5 nw=16 wall=0.203s thr(out)1 thr(in)16 conc_peak=16 pread=2.244s
DBG getmany L6 nw=16 wall=0.224s thr(out)1 thr(in)16 conc_peak=16 pread=2.526s
DBG getmany L7 nw=16 wall=0.219s thr(out)1 thr(in)16 conc_peak=16 pread=2.463s
DBG getmany L8 nw=16 wall=0.212s thr(out)1 thr(in)16 conc_peak=16 pread=2.437s
DBG getmany L9 nw=16 wall=0.217s thr(out)1 thr(in)16 conc_peak=16 pread=2.324s
DBG getmany L10 nw=16 wall=0.232s thr(out)1 thr(in)16 conc_peak=16 pread=2.391s
DBG getmany L11 nw=16 wall=0.216s thr(out)1 thr(in)16 conc_peak=16 pread=2.517s
DBG getmany L12 nw=16 wall=0.225s thr(out)1 thr(in)16 conc_peak=16 pread=2.589s
DBG getmany L13 nw=16 wall=0.254s thr(out)1 thr(in)16 conc_peak=16 pread=2.896s
DBG getmany L14 nw=16 wall=0.232s thr(out)1 thr(in)16 conc_peak=16 pread=2.478s
DBG getmany L15 nw=16 wall=0.223s thr(out)1 thr(in)16 conc_peak=16 pread=2.400s
DBG getmany L16 nw=16 wall=0.233s thr(out)1 thr(in)16 conc_peak=16 pread=2.507s
DBG getmany L17 nw=16 wall=0.218s thr(out)1 thr(in)16 conc_peak=16 pread=2.336s
DBG getmany L18 nw=16 wall=0.228s thr(out)1 thr(in)16 conc_peak=15 pread=2.608s
DBG getmany L19 nw=16 wall=0.254s thr(out)1 thr(in)16 conc_peak=16 pread=2.830s
DBG getmany L20 nw=16 wall=0.222s thr(out)1 thr(in)16 conc_peak=16 pread=2.410s
DBG getmany L21 nw=16 wall=0.234s thr(out)1 thr(in)16 conc_peak=16 pread=2.472s
DBG getmany L22 nw=16 wall=0.299s thr(out)1 thr(in)16 conc_peak=16 pread=2.806s
DBG getmany L23 nw=16 wall=0.446s thr(out)1 thr(in)16 conc_peak=16 pread=5.657s
DBG getmany L24 nw=16 wall=0.379s thr(out)1 thr(in)16 conc_peak=16 pread=5.094s
DBG getmany L25 nw=16 wall=0.434s thr(out)1 thr(in)16 conc_peak=16 pread=5.504s
DBG getmany L26 nw=16 wall=0.338s thr(out)1 thr(in)16 conc_peak=16 pread=4.535s
DBG getmany L27 nw=16 wall=0.384s thr(out)1 thr(in)16 conc_peak=16 pread=4.605s
DBG getmany L28 nw=16 wall=0.369s thr(out)1 thr(in)16 conc_peak=16 pread=4.550s
DBG getmany L29 nw=16 wall=0.410s thr(out)1 thr(in)16 conc_peak=16 pread=5.203s
DBG getmany L30 nw=16 wall=0.279s thr(out)1 thr(in)16 conc_peak=16 pread=3.612s
DBG getmany L31 nw=16 wall=0.474s thr(out)1 thr(in)16 conc_peak=16 pread=5.521s
DBG getmany L32 nw=16 wall=0.480s thr(out)1 thr(in)16 conc_peak=16 pread=6.612s
DBG getmany L33 nw=16 wall=0.530s thr(out)1 thr(in)16 conc_peak=16 pread=6.925s
DBG getmany L34 nw=16 wall=0.333s thr(out)1 thr(in)16 conc_peak=16 pread=4.602s
DBG getmany L35 nw=16 wall=0.497s thr(out)1 thr(in)16 conc_peak=16 pread=6.417s
DBG getmany L36 nw=16 wall=0.471s thr(out)1 thr(in)16 conc_peak=16 pread=6.201s
DBG getmany L37 nw=16 wall=0.441s thr(out)1 thr(in)16 conc_peak=16 pread=5.870s
DBG getmany L38 nw=16 wall=0.309s thr(out)1 thr(in)16 conc_peak=16 pread=4.075s
DBG getmany L39 nw=16 wall=0.505s thr(out)1 thr(in)16 conc_peak=16 pread=6.848s
DBG getmany L40 nw=16 wall=0.531s thr(out)1 thr(in)16 conc_peak=16 pread=5.883s
DBG getmany L41 nw=16 wall=0.412s thr(out)1 thr(in)16 conc_peak=16 pread=5.512s
DBG getmany L42 nw=16 wall=0.312s thr(out)1 thr(in)16 conc_peak=16 pread=4.194s
DBG getmany L43 nw=16 wall=1.713s thr(out)1 thr(in)16 conc_peak=16 pread=8.335s
DBG getmany L44 nw=16 wall=5.445s thr(out)1 thr(in)16 conc_peak=16 pread=78.744s
DBG getmany L45 nw=16 wall=4.655s thr(out)1 thr(in)16 conc_peak=16 pread=67.637s
DBG getmany L46 nw=16 wall=5.590s thr(out)1 thr(in)16 conc_peak=16 pread=81.828s
DBG getmany L47 nw=16 wall=6.052s thr(out)1 thr(in)16 conc_peak=16 pread=88.753s
DBG getmany L48 nw=16 wall=4.711s thr(out)1 thr(in)16 conc_peak=16 pread=69.180s
DBG getmany L49 nw=16 wall=6.194s thr(out)1 thr(in)16 conc_peak=16 pread=92.484s
DBG getmany L50 nw=16 wall=5.074s thr(out)1 thr(in)16 conc_peak=16 pread=76.910s
DBG getmany L51 nw=16 wall=5.154s thr(out)1 thr(in)16 conc_peak=16 pread=74.876s
DBG getmany L52 nw=16 wall=5.749s thr(out)1 thr(in)16 conc_peak=16 pread=83.167s
DBG getmany L53 nw=16 wall=8.632s thr(out)1 thr(in)16 conc_peak=16 pread=87.593s
DBG getmany L54 nw=16 wall=0.367s thr(out)1 thr(in)16 conc_peak=16 pread=4.684s
DBG getmany L55 nw=16 wall=0.488s thr(out)1 thr(in)16 conc_peak=16 pread=7.144s
DBG getmany L56 nw=16 wall=0.439s thr(out)1 thr(in)16 conc_peak=16 pread=5.674s
DBG getmany L57 nw=16 wall=0.518s thr(out)1 thr(in)16 conc_peak=16 pread=6.300s
DBG getmany L58 nw=16 wall=0.226s thr(out)1 thr(in)16 conc_peak=16 pread=2.429s
DBG getmany L59 nw=16 wall=0.401s thr(out)1 thr(in)16 conc_peak=16 pread=5.380s
DBG getmany L60 nw=16 wall=0.373s thr(out)1 thr(in)16 conc_peak=16 pread=5.013s
DBG getmany L61 nw=16 wall=0.323s thr(out)1 thr(in)16 conc_peak=16 pread=3.964s
DBG getmany L62 nw=16 wall=0.321s thr(out)1 thr(in)16 conc_peak=16 pread=4.309s
DBG getmany L63 nw=16 wall=0.473s thr(out)1 thr(in)16 conc_peak=16 pread=6.344s
DBG getmany L64 nw=16 wall=0.442s thr(out)1 thr(in)16 conc_peak=16 pread=5.721s
DBG getmany L65 nw=16 wall=0.296s thr(out)1 thr(in)16 conc_peak=16 pread=3.543s
DBG getmany L66 nw=16 wall=0.270s thr(out)1 thr(in)16 conc_peak=16 pread=3.230s
DBG getmany L67 nw=16 wall=0.259s thr(out)1 thr(in)16 conc_peak=16 pread=2.019s
DBG getmany L68 nw=16 wall=0.486s thr(out)1 thr(in)16 conc_peak=16 pread=4.352s
DBG getmany L69 nw=16 wall=0.318s thr(out)1 thr(in)16 conc_peak=16 pread=3.688s
DBG getmany L70 nw=16 wall=0.268s thr(out)1 thr(in)16 conc_peak=16 pread=3.404s
DBG getmany L71 nw=16 wall=0.460s thr(out)1 thr(in)16 conc_peak=16 pread=5.049s
DBG getmany L72 nw=16 wall=0.461s thr(out)1 thr(in)16 conc_peak=16 pread=6.384s
DBG getmany L73 nw=16 wall=0.444s thr(out)1 thr(in)16 conc_peak=16 pread=6.099s
DBG getmany L74 nw=16 wall=0.317s thr(out)1 thr(in)16 conc_peak=16 pread=4.084s
DBG getmany L75 nw=16 wall=0.208s thr(out)1 thr(in)16 conc_peak=16 pread=1.904s
DBG getmany L76 nw=16 wall=0.426s thr(out)1 thr(in)16 conc_peak=16 pread=5.724s
DBG getmany L77 nw=16 wall=0.236s thr(out)1 thr(in)16 conc_peak=16 pread=1.975s
DBG getmany L78 nw=16 wall=0.356s thr(out)1 thr(in)16 conc_peak=16 pread=3.712s
DBG getmany L79 nw=16 wall=0.205s thr(out)1 thr(in)16 conc_peak=16 pread=1.907s
DBG getmany L80 nw=16 wall=0.473s thr(out)1 thr(in)16 conc_peak=16 pread=6.895s
DBG getmany L81 nw=16 wall=0.481s thr(out)1 thr(in)16 conc_peak=16 pread=7.046s
DBG getmany L82 nw=16 wall=0.255s thr(out)1 thr(in)16 conc_peak=16 pread=3.333s
DBG getmany L83 nw=16 wall=0.494s thr(out)1 thr(in)16 conc_peak=16 pread=6.962s
DBG getmany L84 nw=16 wall=0.359s thr(out)1 thr(in)16 conc_peak=16 pread=4.395s
DBG getmany L85 nw=16 wall=0.471s thr(out)1 thr(in)16 conc_peak=16 pread=6.637s
DBG getmany L86 nw=16 wall=0.167s thr(out)1 thr(in)16 conc_peak=16 pread=1.582s
DBG getmany L87 nw=16 wall=0.506s thr(out)1 thr(in)16 conc_peak=16 pread=5.825s
DBG getmany L88 nw=16 wall=0.465s thr(out)1 thr(in)16 conc_peak=16 pread=5.775s
DBG getmany L89 nw=16 wall=0.471s thr(out)1 thr(in)16 conc_peak=16 pread=6.197s
DBG getmany L90 nw=16 wall=0.381s thr(out)1 thr(in)16 conc_peak=16 pread=2.948s
DBG getmany L91 nw=16 wall=0.339s thr(out)1 thr(in)16 conc_peak=16 pread=4.819s
DBG getmany L92 nw=16 wall=0.167s thr(out)1 thr(in)16 conc_peak=16 pread=1.605s
config: /model/config.json (nested shape) | hidden=7168 layers=93 vocab=163840 | 24 MLA + 69 KDA | experts 896 top16 shared2 | latent=3584
  KV cache : 11.85 MB for 5 positions (2.37 MB/position)
Kimi K3, pure C, released checkpoint
  model    : /model
  prompt   : 1 tokens, generating 3

indexed 497220 tensors from 96 shards in 4.24 s
trunk on disk : 110.00 GB total (STREAMED from /mnt/nvme/trunk_layers_out, not held in RAM)

memory plan
  trunk (STREAMED) 32.00 GB
  embed + lm_head  4.70 GB
  expert cache     15.00 GB
  recurrent state  626.25 MB
  buffers          4.68 MB
  KV cache         11.83 MB
  TOTAL            52.34 GB
  available        57.80 GB

k3_trunk: trunk.bin absent - using per-layer slices (layer_%03d.bin)
trunk stream: 56.60 GB packed, 22/93 layers PINNED (29.30 GB), ring 2 x 1.30 GB
              reads use buffered I/O
              ring holds 2 slots: layers repeat over ~2 tokens, so recent ones are reused instead of re-read
trunk streaming enabled from /mnt/nvme/trunk_layers_out in 0.0 s
embedding, final norm and lm_head: 4.70 GB in 13.5 s

expert L1 eviction policy: heat
expert L2 cache enabled: 14589 slots x 17.55 MB = 256.00 GB on /mnt/nvme/experts.l2
expert L2 exact: nslot=14589 slot_bytes=17547264 l2_slot=17547264 K3_ST_ALIGN=4096
expert L2 eviction policy: heat
peak RSS after loading weights: 4.78 GB  (the plan above is a forecast, this is measured)
expert cache: 854 slots x 17.56 MB = 14.99 GB (1.04% of the 1.45 TB expert pool)

recurrent state for 93 layers: 626.25 MB

incremental decode: KV cache 11.83 MB for 24 MLA layers at 5 positions

STEP   TOKEN      SECONDS      CACHE HIT  READ GB    TOK/S
--------------------------------------------------------------------
0      220        139.66       100.0      25.83      0.007
  L2   resident=6779/14589 slots hit=100.0% read=25.83GB write=0.00GB
DBG getmany L1 nw=16 wall=0.183s thr(out)1 thr(in)16 conc_peak=16 pread=1.723s
DBG getmany L2 nw=16 wall=0.176s thr(out)1 thr(in)16 conc_peak=16 pread=1.685s
DBG getmany L3 nw=16 wall=0.167s thr(out)1 thr(in)16 conc_peak=16 pread=1.672s
DBG getmany L4 nw=16 wall=0.166s thr(out)1 thr(in)16 conc_peak=16 pread=1.581s
DBG getmany L5 nw=16 wall=0.175s thr(out)1 thr(in)16 conc_peak=16 pread=1.746s
DBG getmany L6 nw=16 wall=0.179s thr(out)1 thr(in)16 conc_peak=16 pread=1.716s
DBG getmany L7 nw=16 wall=0.170s thr(out)1 thr(in)16 conc_peak=16 pread=1.657s
DBG getmany L8 nw=16 wall=0.161s thr(out)1 thr(in)16 conc_peak=16 pread=1.472s
DBG getmany L9 nw=16 wall=0.166s thr(out)1 thr(in)16 conc_peak=16 pread=1.555s
DBG getmany L10 nw=16 wall=0.166s thr(out)1 thr(in)16 conc_peak=16 pread=1.518s
DBG getmany L11 nw=16 wall=0.174s thr(out)1 thr(in)16 conc_peak=16 pread=1.602s
DBG getmany L12 nw=16 wall=0.176s thr(out)1 thr(in)16 conc_peak=16 pread=1.637s
DBG getmany L13 nw=16 wall=0.176s thr(out)1 thr(in)16 conc_peak=16 pread=1.681s
DBG getmany L14 nw=16 wall=0.174s thr(out)1 thr(in)16 conc_peak=16 pread=1.642s
DBG getmany L15 nw=16 wall=0.169s thr(out)1 thr(in)16 conc_peak=16 pread=1.654s
DBG getmany L16 nw=16 wall=0.178s thr(out)1 thr(in)16 conc_peak=16 pread=1.727s
DBG getmany L17 nw=16 wall=0.172s thr(out)1 thr(in)16 conc_peak=16 pread=1.673s
DBG getmany L18 nw=16 wall=0.171s thr(out)1 thr(in)16 conc_peak=16 pread=1.557s
DBG getmany L19 nw=16 wall=0.167s thr(out)1 thr(in)16 conc_peak=16 pread=1.600s
DBG getmany L20 nw=16 wall=0.167s thr(out)1 thr(in)16 conc_peak=16 pread=1.550s
DBG getmany L21 nw=16 wall=0.344s thr(out)1 thr(in)16 conc_peak=16 pread=4.800s
DBG getmany L22 nw=16 wall=0.277s thr(out)1 thr(in)16 conc_peak=16 pread=3.729s
DBG getmany L23 nw=16 wall=0.418s thr(out)1 thr(in)16 conc_peak=16 pread=5.179s
DBG getmany L24 nw=16 wall=0.508s thr(out)1 thr(in)16 conc_peak=16 pread=6.799s
DBG getmany L25 nw=16 wall=0.439s thr(out)1 thr(in)16 conc_peak=16 pread=6.310s
DBG getmany L26 nw=16 wall=0.270s thr(out)1 thr(in)16 conc_peak=16 pread=3.417s
DBG getmany L27 nw=16 wall=0.414s thr(out)1 thr(in)16 conc_peak=16 pread=4.272s
DBG getmany L28 nw=16 wall=0.360s thr(out)1 thr(in)16 conc_peak=16 pread=4.336s
DBG getmany L29 nw=16 wall=0.457s thr(out)1 thr(in)16 conc_peak=16 pread=6.816s
DBG getmany L30 nw=16 wall=0.365s thr(out)1 thr(in)16 conc_peak=16 pread=4.893s
DBG getmany L31 nw=16 wall=0.754s thr(out)1 thr(in)16 conc_peak=16 pread=10.552s
DBG getmany L32 nw=16 wall=0.693s thr(out)1 thr(in)16 conc_peak=16 pread=9.932s
DBG getmany L33 nw=16 wall=0.744s thr(out)1 thr(in)16 conc_peak=16 pread=10.565s
DBG getmany L34 nw=16 wall=0.511s thr(out)1 thr(in)16 conc_peak=16 pread=7.567s
DBG getmany L35 nw=16 wall=0.722s thr(out)1 thr(in)16 conc_peak=16 pread=8.020s
DBG getmany L36 nw=16 wall=0.697s thr(out)1 thr(in)16 conc_peak=16 pread=9.710s
DBG getmany L37 nw=16 wall=0.683s thr(out)1 thr(in)16 conc_peak=16 pread=8.570s
DBG getmany L38 nw=16 wall=0.465s thr(out)1 thr(in)16 conc_peak=16 pread=6.529s
DBG getmany L39 nw=16 wall=0.728s thr(out)1 thr(in)16 conc_peak=16 pread=9.636s
DBG getmany L40 nw=16 wall=0.625s thr(out)1 thr(in)16 conc_peak=16 pread=8.424s
DBG getmany L41 nw=16 wall=11.846s thr(out)1 thr(in)16 conc_peak=16 pread=188.402s
DBG getmany L42 nw=16 wall=0.556s thr(out)1 thr(in)16 conc_peak=16 pread=7.879s
DBG getmany L43 nw=16 wall=0.752s thr(out)1 thr(in)16 conc_peak=16 pread=11.254s
DBG getmany L44 nw=16 wall=0.668s thr(out)1 thr(in)16 conc_peak=16 pread=8.740s
DBG getmany L45 nw=16 wall=0.776s thr(out)1 thr(in)16 conc_peak=16 pread=11.471s
DBG getmany L46 nw=16 wall=0.544s thr(out)1 thr(in)16 conc_peak=16 pread=7.518s
DBG getmany L47 nw=16 wall=0.742s thr(out)1 thr(in)16 conc_peak=16 pread=9.020s
DBG getmany L48 nw=16 wall=0.681s thr(out)1 thr(in)16 conc_peak=16 pread=9.026s
DBG getmany L49 nw=16 wall=0.759s thr(out)1 thr(in)16 conc_peak=16 pread=10.344s
DBG getmany L50 nw=16 wall=0.548s thr(out)1 thr(in)16 conc_peak=16 pread=7.748s
DBG getmany L51 nw=16 wall=0.631s thr(out)1 thr(in)16 conc_peak=16 pread=7.853s
DBG getmany L52 nw=16 wall=0.664s thr(out)1 thr(in)16 conc_peak=16 pread=8.899s
DBG getmany L53 nw=16 wall=0.742s thr(out)1 thr(in)16 conc_peak=16 pread=9.625s
DBG getmany L54 nw=16 wall=0.484s thr(out)1 thr(in)16 conc_peak=16 pread=6.897s
DBG getmany L55 nw=16 wall=0.747s thr(out)1 thr(in)16 conc_peak=16 pread=11.118s
DBG getmany L56 nw=16 wall=0.723s thr(out)1 thr(in)16 conc_peak=16 pread=10.567s
DBG getmany L57 nw=16 wall=0.754s thr(out)1 thr(in)16 conc_peak=16 pread=10.961s
DBG getmany L58 nw=16 wall=0.538s thr(out)1 thr(in)16 conc_peak=16 pread=7.814s
DBG getmany L59 nw=16 wall=0.733s thr(out)1 thr(in)16 conc_peak=16 pread=10.251s
DBG getmany L60 nw=16 wall=0.729s thr(out)1 thr(in)16 conc_peak=16 pread=10.410s
DBG getmany L61 nw=16 wall=0.711s thr(out)1 thr(in)16 conc_peak=16 pread=8.637s
DBG getmany L62 nw=16 wall=0.457s thr(out)1 thr(in)16 conc_peak=16 pread=6.287s
DBG getmany L63 nw=16 wall=0.708s thr(out)1 thr(in)16 conc_peak=16 pread=9.328s
DBG getmany L64 nw=16 wall=0.700s thr(out)1 thr(in)16 conc_peak=16 pread=10.163s
DBG getmany L65 nw=16 wall=0.715s thr(out)1 thr(in)16 conc_peak=16 pread=9.943s
DBG getmany L66 nw=16 wall=0.530s thr(out)1 thr(in)16 conc_peak=16 pread=7.010s
DBG getmany L67 nw=16 wall=0.672s thr(out)1 thr(in)16 conc_peak=16 pread=8.735s
DBG getmany L68 nw=16 wall=0.600s thr(out)1 thr(in)16 conc_peak=16 pread=7.698s
DBG getmany L69 nw=16 wall=0.976s thr(out)1 thr(in)16 conc_peak=16 pread=8.728s
DBG getmany L70 nw=16 wall=0.684s thr(out)1 thr(in)16 conc_peak=16 pread=7.967s
DBG getmany L71 nw=16 wall=0.963s thr(out)1 thr(in)16 conc_peak=16 pread=9.239s
DBG getmany L72 nw=16 wall=0.621s thr(out)1 thr(in)16 conc_peak=16 pread=7.880s
DBG getmany L73 nw=16 wall=0.608s thr(out)1 thr(in)16 conc_peak=16 pread=8.151s
DBG getmany L74 nw=16 wall=1.291s thr(out)1 thr(in)16 conc_peak=16 pread=19.135s
DBG getmany L75 nw=16 wall=0.704s thr(out)1 thr(in)16 conc_peak=16 pread=9.242s
DBG getmany L76 nw=16 wall=0.492s thr(out)1 thr(in)16 conc_peak=16 pread=5.601s
DBG getmany L77 nw=16 wall=0.731s thr(out)1 thr(in)16 conc_peak=16 pread=10.073s
DBG getmany L78 nw=16 wall=0.539s thr(out)1 thr(in)16 conc_peak=16 pread=5.394s
DBG getmany L79 nw=16 wall=0.634s thr(out)1 thr(in)16 conc_peak=16 pread=6.489s
DBG getmany L80 nw=16 wall=0.679s thr(out)1 thr(in)16 conc_peak=16 pread=8.390s
DBG getmany L81 nw=16 wall=0.603s thr(out)1 thr(in)16 conc_peak=16 pread=7.826s
DBG getmany L82 nw=16 wall=0.507s thr(out)1 thr(in)16 conc_peak=16 pread=6.450s
DBG getmany L83 nw=16 wall=0.726s thr(out)1 thr(in)16 conc_peak=16 pread=9.689s
DBG getmany L84 nw=16 wall=0.683s thr(out)1 thr(in)16 conc_peak=16 pread=10.039s
DBG getmany L85 nw=16 wall=0.711s thr(out)1 thr(in)16 conc_peak=16 pread=9.753s
DBG getmany L86 nw=16 wall=0.519s thr(out)1 thr(in)16 conc_peak=16 pread=6.167s
DBG getmany L87 nw=16 wall=0.704s thr(out)1 thr(in)16 conc_peak=16 pread=9.536s
DBG getmany L88 nw=16 wall=0.692s thr(out)1 thr(in)16 conc_peak=16 pread=8.767s
DBG getmany L89 nw=16 wall=0.736s thr(out)1 thr(in)16 conc_peak=16 pread=10.468s
DBG getmany L90 nw=16 wall=0.550s thr(out)1 thr(in)16 conc_peak=16 pread=7.605s
DBG getmany L91 nw=16 wall=0.542s thr(out)1 thr(in)16 conc_peak=16 pread=7.684s
DBG getmany L92 nw=16 wall=0.257s thr(out)1 thr(in)16 conc_peak=16 pread=2.440s
1      802        86.76        100.0      25.83      0.012
  L2   resident=6779/14589 slots hit=100.0% read=51.66GB write=0.00GB
DBG getmany L1 nw=16 wall=0.264s thr(out)1 thr(in)16 conc_peak=16 pread=2.389s
DBG getmany L2 nw=15 wall=0.242s thr(out)1 thr(in)16 conc_peak=15 pread=2.134s
DBG getmany L3 nw=13 wall=0.208s thr(out)1 thr(in)16 conc_peak=13 pread=1.511s
DBG getmany L4 nw=15 wall=0.245s thr(out)1 thr(in)16 conc_peak=15 pread=2.115s
DBG getmany L5 nw=16 wall=0.256s thr(out)1 thr(in)16 conc_peak=16 pread=2.471s
DBG getmany L6 nw=15 wall=0.253s thr(out)1 thr(in)16 conc_peak=15 pread=2.274s
DBG getmany L7 nw=15 wall=0.221s thr(out)1 thr(in)16 conc_peak=15 pread=1.885s
DBG getmany L8 nw=16 wall=0.234s thr(out)1 thr(in)16 conc_peak=16 pread=2.282s
DBG getmany L9 nw=15 wall=0.225s thr(out)1 thr(in)16 conc_peak=14 pread=1.920s
DBG getmany L10 nw=15 wall=0.222s thr(out)1 thr(in)16 conc_peak=15 pread=1.899s
DBG getmany L11 nw=15 wall=0.229s thr(out)1 thr(in)16 conc_peak=15 pread=2.001s
DBG getmany L12 nw=15 wall=0.232s thr(out)1 thr(in)16 conc_peak=15 pread=1.900s
DBG getmany L13 nw=16 wall=0.244s thr(out)1 thr(in)16 conc_peak=16 pread=2.340s
DBG getmany L14 nw=15 wall=0.228s thr(out)1 thr(in)16 conc_peak=15 pread=1.978s
DBG getmany L15 nw=16 wall=0.246s thr(out)1 thr(in)16 conc_peak=16 pread=2.368s
DBG getmany L16 nw=15 wall=0.232s thr(out)1 thr(in)16 conc_peak=15 pread=2.023s
DBG getmany L17 nw=16 wall=0.247s thr(out)1 thr(in)16 conc_peak=16 pread=2.386s
DBG getmany L18 nw=16 wall=0.245s thr(out)1 thr(in)16 conc_peak=16 pread=2.568s
DBG getmany L19 nw=16 wall=0.250s thr(out)1 thr(in)16 conc_peak=16 pread=2.371s
DBG getmany L20 nw=16 wall=0.241s thr(out)1 thr(in)16 conc_peak=16 pread=2.309s
DBG getmany L21 nw=16 wall=0.668s thr(out)1 thr(in)16 conc_peak=16 pread=8.128s
DBG getmany L22 nw=16 wall=0.465s thr(out)1 thr(in)16 conc_peak=16 pread=6.020s
DBG getmany L23 nw=15 wall=0.642s thr(out)1 thr(in)16 conc_peak=15 pread=8.481s
DBG getmany L24 nw=13 wall=0.717s thr(out)1 thr(in)16 conc_peak=13 pread=7.410s
DBG getmany L25 nw=15 wall=0.708s thr(out)1 thr(in)16 conc_peak=15 pread=9.111s
DBG getmany L26 nw=15 wall=0.451s thr(out)1 thr(in)16 conc_peak=15 pread=5.324s
DBG getmany L27 nw=16 wall=0.659s thr(out)1 thr(in)16 conc_peak=16 pread=8.163s
DBG getmany L28 nw=15 wall=0.635s thr(out)1 thr(in)16 conc_peak=15 pread=8.285s
DBG getmany L29 nw=16 wall=0.709s thr(out)1 thr(in)16 conc_peak=16 pread=10.621s
DBG getmany L30 nw=16 wall=0.522s thr(out)1 thr(in)16 conc_peak=16 pread=7.356s
DBG getmany L31 nw=16 wall=0.717s thr(out)1 thr(in)16 conc_peak=16 pread=9.449s
DBG getmany L32 nw=14 wall=0.672s thr(out)1 thr(in)16 conc_peak=14 pread=8.061s
DBG getmany L33 nw=15 wall=0.717s thr(out)1 thr(in)16 conc_peak=15 pread=9.344s
DBG getmany L34 nw=16 wall=0.552s thr(out)1 thr(in)16 conc_peak=16 pread=7.831s
DBG getmany L35 nw=16 wall=0.707s thr(out)1 thr(in)16 conc_peak=16 pread=10.398s
DBG getmany L36 nw=14 wall=11.685s thr(out)1 thr(in)16 conc_peak=14 pread=123.643s
DBG getmany L37 nw=16 wall=0.707s thr(out)1 thr(in)16 conc_peak=16 pread=9.722s
DBG getmany L38 nw=16 wall=0.411s thr(out)1 thr(in)16 conc_peak=16 pread=5.288s
DBG getmany L39 nw=16 wall=0.711s thr(out)1 thr(in)16 conc_peak=16 pread=9.536s
DBG getmany L40 nw=16 wall=0.693s thr(out)1 thr(in)16 conc_peak=16 pread=10.324s
DBG getmany L41 nw=16 wall=0.659s thr(out)1 thr(in)16 conc_peak=16 pread=9.383s
DBG getmany L42 nw=16 wall=0.491s thr(out)1 thr(in)16 conc_peak=16 pread=6.431s
DBG getmany L43 nw=16 wall=0.724s thr(out)1 thr(in)16 conc_peak=16 pread=10.703s
DBG getmany L44 nw=16 wall=0.699s thr(out)1 thr(in)16 conc_peak=16 pread=8.915s
DBG getmany L45 nw=16 wall=0.771s thr(out)1 thr(in)16 conc_peak=16 pread=10.940s
DBG getmany L46 nw=15 wall=0.498s thr(out)1 thr(in)16 conc_peak=15 pread=6.068s
DBG getmany L47 nw=15 wall=0.661s thr(out)1 thr(in)16 conc_peak=15 pread=8.808s
DBG getmany L48 nw=15 wall=0.689s thr(out)1 thr(in)16 conc_peak=15 pread=9.395s
DBG getmany L49 nw=15 wall=0.671s thr(out)1 thr(in)16 conc_peak=15 pread=9.403s
DBG getmany L50 nw=16 wall=0.499s thr(out)1 thr(in)16 conc_peak=16 pread=5.928s
DBG getmany L51 nw=16 wall=0.684s thr(out)1 thr(in)16 conc_peak=16 pread=9.684s
DBG getmany L52 nw=16 wall=0.650s thr(out)1 thr(in)16 conc_peak=16 pread=8.072s
DBG getmany L53 nw=15 wall=0.646s thr(out)1 thr(in)16 conc_peak=15 pread=8.463s
DBG getmany L54 nw=16 wall=0.441s thr(out)1 thr(in)16 conc_peak=16 pread=5.687s
DBG getmany L55 nw=16 wall=0.695s thr(out)1 thr(in)16 conc_peak=16 pread=9.332s
DBG getmany L56 nw=16 wall=0.733s thr(out)1 thr(in)16 conc_peak=16 pread=9.143s
DBG getmany L57 nw=16 wall=0.717s thr(out)1 thr(in)16 conc_peak=16 pread=10.644s
DBG getmany L58 nw=16 wall=0.507s thr(out)1 thr(in)16 conc_peak=16 pread=7.095s
DBG getmany L59 nw=16 wall=0.717s thr(out)1 thr(in)16 conc_peak=16 pread=10.182s
DBG getmany L60 nw=16 wall=0.733s thr(out)1 thr(in)16 conc_peak=16 pread=10.637s
DBG getmany L61 nw=16 wall=0.671s thr(out)1 thr(in)16 conc_peak=16 pread=9.201s
DBG getmany L62 nw=16 wall=0.449s thr(out)1 thr(in)16 conc_peak=16 pread=5.677s
DBG getmany L63 nw=16 wall=0.698s thr(out)1 thr(in)16 conc_peak=16 pread=9.343s
DBG getmany L64 nw=16 wall=0.741s thr(out)1 thr(in)16 conc_peak=16 pread=9.520s
DBG getmany L65 nw=16 wall=0.681s thr(out)1 thr(in)16 conc_peak=16 pread=9.836s
DBG getmany L66 nw=16 wall=0.512s thr(out)1 thr(in)16 conc_peak=16 pread=6.834s
DBG getmany L67 nw=16 wall=0.738s thr(out)1 thr(in)16 conc_peak=16 pread=10.904s
DBG getmany L68 nw=16 wall=0.675s thr(out)1 thr(in)16 conc_peak=16 pread=8.291s
DBG getmany L69 nw=16 wall=0.721s thr(out)1 thr(in)16 conc_peak=16 pread=9.561s
DBG getmany L70 nw=16 wall=0.484s thr(out)1 thr(in)16 conc_peak=16 pread=6.555s
DBG getmany L71 nw=16 wall=0.765s thr(out)1 thr(in)16 conc_peak=16 pread=10.828s
DBG getmany L72 nw=16 wall=0.691s thr(out)1 thr(in)16 conc_peak=16 pread=9.655s
DBG getmany L73 nw=16 wall=0.727s thr(out)1 thr(in)16 conc_peak=16 pread=10.620s
DBG getmany L74 nw=16 wall=0.531s thr(out)1 thr(in)16 conc_peak=16 pread=7.377s
DBG getmany L75 nw=16 wall=0.761s thr(out)1 thr(in)16 conc_peak=16 pread=11.262s
DBG getmany L76 nw=16 wall=0.665s thr(out)1 thr(in)16 conc_peak=16 pread=6.987s
DBG getmany L77 nw=16 wall=0.717s thr(out)1 thr(in)16 conc_peak=16 pread=9.850s
DBG getmany L78 nw=16 wall=0.549s thr(out)1 thr(in)16 conc_peak=16 pread=7.915s
DBG getmany L79 nw=16 wall=0.710s thr(out)1 thr(in)16 conc_peak=16 pread=10.544s
DBG getmany L80 nw=16 wall=0.649s thr(out)1 thr(in)16 conc_peak=16 pread=8.934s
DBG getmany L81 nw=15 wall=0.714s thr(out)1 thr(in)16 conc_peak=15 pread=9.097s
DBG getmany L82 nw=16 wall=0.521s thr(out)1 thr(in)16 conc_peak=16 pread=7.507s
DBG getmany L83 nw=13 wall=0.665s thr(out)1 thr(in)16 conc_peak=13 pread=6.390s
DBG getmany L84 nw=13 wall=0.549s thr(out)1 thr(in)16 conc_peak=13 pread=5.190s
DBG getmany L85 nw=14 wall=0.609s thr(out)1 thr(in)16 conc_peak=14 pread=6.579s
DBG getmany L86 nw=16 wall=0.495s thr(out)1 thr(in)16 conc_peak=16 pread=6.041s
DBG getmany L87 nw=13 wall=0.658s thr(out)1 thr(in)16 conc_peak=13 pread=7.366s
DBG getmany L88 nw=15 wall=0.643s thr(out)1 thr(in)16 conc_peak=15 pread=7.262s
DBG getmany L89 nw=13 wall=0.763s thr(out)1 thr(in)16 conc_peak=13 pread=8.767s
DBG getmany L90 nw=12 wall=0.470s thr(out)1 thr(in)16 conc_peak=12 pread=4.330s
DBG getmany L91 nw=13 wall=0.491s thr(out)1 thr(in)16 conc_peak=13 pread=5.401s
DBG getmany L92 nw=13 wall=0.206s thr(out)1 thr(in)16 conc_peak=13 pread=1.613s
2      24         87.55        100.0      24.85      0.011
  L2   resident=6779/14589 slots hit=100.0% read=76.51GB write=0.00GB
--------------------------------------------------------------------
3 tokens in 314.0 s, 104.66 s/token average
PEAK RSS for the whole run: 37.16 GB   <- quote this, not the plan
layers completed: 93/93; routed expert drops: 0


[chip] simulated MXFP4 GEMV bill over 4 tokens
  4416 expert chains | 291722231808 flops | 77488717824 bytes (77.49 GB)
  per token: 1104 chains | 19.37 GB | 0.07 Gflops
  compute wall @ 4 TFLOPS : 0.07 s (18.23 ms/token)
  bandwidth wall @ 200 GB/s : 0.39 s (96.86 ms/token)
  -> bandwidth-bound; to be compute-bound at 4 TFLOPS this needs 1062 GB/s
  expert fetch (host wall, measured): 210.54 s moving 77.49 GB = 0 GB/s
  chip pool wall (measured): 29.28 s

cache [final step]
  slots        : 854 of 17.56 MB = 14.99 GB arena (854 resident, 0 pinned)
  requests     : 1472  hits 1472 (100.00%)  misses 0  evictions 1416
  of those hits : 1416 came from the batch prefetch, i.e. read from disk
                  this token; TRUE resident hit rate 3.80%
  read from disk: 24.85 GB in 61.32 s (405 MB/s while loading)
  phase2 i/o    : 24.86 GB in 61.32 s (405 MB/s)  [pure parallel disk read]
l2cache [final step]
  requests     : 4360  hits 4360 (100.00%)  misses 0
  read  from sdd7: 76.51 GB, written 0.00 GB
  fd split  : 3732 O_DIRECT, 0 BUFFERED (0.00% buffered)
  hit I/O   : 76.51 GB in 207.88 s (wall) = 368 MB/s [pread 2715.21 s, 28 MB/s per-thread]
  miss I/O  : 0 misses, 0.00 GB from /model in 0.00 s (wall) = 0 MB/s
  restored from meta: 6779 slots
kio tier0: 4595 reqs, 216.66 GB delivered | per-stream 77 MB/s, aggregate 690 MB/s, concurrency 9.0x | queue 75.4 s (2.7% of io), submit-lock 6.2 s, worker-lock 0.2 s, sleep 2480.4 s in 8450 waits (49% of worker-time)
      group0: 235 reqs, 140.16 GB | per-stream 745 MB/s | queue 0.1 s (0.1%)
      group1: 4360 reqs, 76.51 GB | per-stream 29 MB/s | queue 75.3 s (2.9%)

wrote reports/gateab_ab/v64_schedstat/run-20261007_082730/ctrl.json
I/O share of wall clock: 126.3%  (trunk 188.6 s + experts 207.9 s of 314.0 s)
  both figures are WHOLE-RUN totals over 3 steps
  expert phase split: phase1 SERIAL reserve 1.6 s (552 calls) vs phase2 read 207.9 s
  over 100% because trunk reads overlap compute on the reader thread;
  82.5 s of device time was hidden behind arithmetic
  experts, whole run: 76.51 GB read | 910 of 4416 requests retained in RAM (20.61%) | 3506 evictions
    (retention = requests - evictions; the raw `hits` counter includes
     experts the prefetcher had just read from disk, so it is not a
     measure of avoided I/O)

trunk [final]
  pinned 22/93 layers, ring 2 slots
  binds 279, hits 44 (15.8%), reads 235
  read 140.16 GB in 188.60 s (743 MB/s pread)
  per-layer loads [L]=count: 0=1 1=1 2=1 3=1 4=1 5=1 6=1 7=1 8=1 9=1 10=1 11=1 12=1 13=1 14=1 15=1 16=1 17=1 18=1 19=1 20=1 21=1 22=3 23=3 24=3 25=3 26=3 27=3 28=3 29=3 30=3 31=3 32=3 33=3 34=3 35=3 36=3 37=3 38=3 39=3 40=3 41=3 42=3 43=3 44=3 45=3 46=3 47=3 48=3 49=3 50=3 51=3 52=3 53=3 54=3 55=3 56=3 57=3 58=3 59=3 60=3 61=3 62=3 63=3 64=3 65=3 66=3 67=3 68=3 69=3 70=3 71=3 72=3 73=3 74=3 75=3 76=3 77=3 78=3 79=3 80=3 81=3 82=3 83=3 84=3 85=3 86=3 87=3 88=3 89=3 90=3 91=3 92=3
  bind wall 25.59 s over 279 binds; read 188.60 + widen 2.18 = 190.78 s of device work,
                    of which 165.20 s (87%) overlapped compute on the reader thread
  widen breakdown: find 6 ms (7365)  copy 0 ms (3444)  deq 2169 ms (2370)  timed 2 s of widen 2.18 s
