L2 auto: 209 GB free on /mnt/nvme -> L2 at 256 GB
k3 chip: 4 workers, 4 TFLOPS, 200 GB/s simulated wall
  L2 want=17547264 slot=17547264 nbytes=17547264 fd=O_DIRECT
  L2 want=17547264 slot=17547264 nbytes=17547264 fd=O_DIRECT
  L2 want=17547264 slot=17547264 nbytes=17547264 fd=O_DIRECT
  L2 want=17547264 slot=17547264 nbytes=17547264 fd=O_DIRECT
  L2 want=17547264 slot=17547264 nbytes=17547264 fd=O_DIRECT
  L2 want=17547264 slot=17547264 nbytes=17547264 fd=O_DIRECT
  L2 want=17547264 slot=17547264 nbytes=17547264 fd=O_DIRECT
  L2 want=17547264 slot=17547264 nbytes=17547264 fd=O_DIRECT
  L2 want=17547264 slot=17547264 nbytes=17547264 fd=O_DIRECT
  L2 want=17547264 slot=17547264 nbytes=17547264 fd=O_DIRECT
  L2 want=17547264 slot=17547264 nbytes=17547264 fd=O_DIRECT
  L2 want=17547264 slot=17547264 nbytes=17547264 fd=O_DIRECT
  L2 want=17547264 slot=17547264 nbytes=17547264 fd=O_DIRECT
  L2 want=17547264 slot=17547264 nbytes=17547264 fd=O_DIRECT
  L2 want=17547264 slot=17547264 nbytes=17547264 fd=O_DIRECT
  L2 want=17547264 slot=17547264 nbytes=17547264 fd=O_DIRECT
DBG getmany L1 nw=16 wall=0.228s thr(out)1 thr(in)16 conc_peak=16 pread=2.569s
DBG getmany L2 nw=16 wall=0.233s thr(out)1 thr(in)16 conc_peak=16 pread=2.594s
DBG getmany L3 nw=16 wall=0.226s thr(out)1 thr(in)16 conc_peak=16 pread=2.572s
DBG getmany L4 nw=16 wall=0.215s thr(out)1 thr(in)16 conc_peak=16 pread=2.398s
DBG getmany L5 nw=16 wall=0.217s thr(out)1 thr(in)16 conc_peak=16 pread=2.442s
DBG getmany L6 nw=16 wall=0.197s thr(out)1 thr(in)16 conc_peak=16 pread=2.057s
DBG getmany L7 nw=16 wall=0.218s thr(out)1 thr(in)16 conc_peak=16 pread=2.422s
DBG getmany L8 nw=16 wall=0.204s thr(out)1 thr(in)16 conc_peak=16 pread=2.135s
DBG getmany L9 nw=16 wall=0.233s thr(out)1 thr(in)16 conc_peak=16 pread=2.641s
DBG getmany L10 nw=16 wall=0.234s thr(out)1 thr(in)16 conc_peak=16 pread=2.598s
DBG getmany L11 nw=16 wall=0.223s thr(out)1 thr(in)16 conc_peak=16 pread=2.419s
DBG getmany L12 nw=16 wall=0.215s thr(out)1 thr(in)16 conc_peak=16 pread=2.327s
DBG getmany L13 nw=16 wall=0.229s thr(out)1 thr(in)16 conc_peak=16 pread=2.530s
DBG getmany L14 nw=16 wall=0.240s thr(out)1 thr(in)16 conc_peak=16 pread=2.724s
DBG getmany L15 nw=16 wall=0.240s thr(out)1 thr(in)16 conc_peak=16 pread=2.608s
DBG getmany L16 nw=16 wall=0.236s thr(out)1 thr(in)16 conc_peak=16 pread=2.621s
DBG getmany L17 nw=16 wall=0.217s thr(out)1 thr(in)16 conc_peak=16 pread=2.332s
DBG getmany L18 nw=16 wall=0.217s thr(out)1 thr(in)16 conc_peak=16 pread=2.345s
DBG getmany L19 nw=16 wall=0.227s thr(out)1 thr(in)16 conc_peak=16 pread=2.432s
DBG getmany L20 nw=16 wall=0.230s thr(out)1 thr(in)16 conc_peak=16 pread=2.610s
DBG getmany L21 nw=16 wall=0.225s thr(out)1 thr(in)16 conc_peak=16 pread=2.413s
DBG getmany L22 nw=16 wall=0.256s thr(out)1 thr(in)16 conc_peak=16 pread=2.604s
DBG getmany L23 nw=16 wall=0.475s thr(out)1 thr(in)16 conc_peak=16 pread=5.920s
DBG getmany L24 nw=16 wall=0.589s thr(out)1 thr(in)16 conc_peak=16 pread=6.062s
DBG getmany L25 nw=16 wall=0.516s thr(out)1 thr(in)16 conc_peak=16 pread=6.707s
DBG getmany L26 nw=16 wall=0.388s thr(out)1 thr(in)16 conc_peak=16 pread=5.133s
DBG getmany L27 nw=16 wall=0.483s thr(out)1 thr(in)16 conc_peak=16 pread=5.668s
DBG getmany L28 nw=16 wall=0.435s thr(out)1 thr(in)16 conc_peak=16 pread=6.048s
DBG getmany L29 nw=16 wall=0.467s thr(out)1 thr(in)16 conc_peak=16 pread=6.336s
DBG getmany L30 nw=16 wall=0.368s thr(out)1 thr(in)16 conc_peak=16 pread=5.138s
DBG getmany L31 nw=16 wall=0.549s thr(out)1 thr(in)16 conc_peak=16 pread=6.983s
DBG getmany L32 nw=16 wall=0.514s thr(out)1 thr(in)16 conc_peak=16 pread=5.990s
DBG getmany L33 nw=16 wall=0.574s thr(out)1 thr(in)16 conc_peak=16 pread=7.561s
DBG getmany L34 nw=16 wall=0.346s thr(out)1 thr(in)16 conc_peak=16 pread=4.508s
DBG getmany L35 nw=16 wall=0.589s thr(out)1 thr(in)16 conc_peak=16 pread=5.179s
DBG getmany L36 nw=16 wall=0.545s thr(out)1 thr(in)16 conc_peak=16 pread=6.374s
DBG getmany L37 nw=16 wall=0.455s thr(out)1 thr(in)16 conc_peak=16 pread=5.501s
DBG getmany L38 nw=16 wall=0.390s thr(out)1 thr(in)16 conc_peak=16 pread=5.056s
DBG getmany L39 nw=16 wall=0.586s thr(out)1 thr(in)16 conc_peak=16 pread=7.616s
DBG getmany L40 nw=16 wall=0.534s thr(out)1 thr(in)16 conc_peak=16 pread=7.129s
DBG getmany L41 nw=16 wall=0.475s thr(out)1 thr(in)16 conc_peak=16 pread=6.144s
DBG getmany L42 nw=16 wall=0.410s thr(out)1 thr(in)16 conc_peak=16 pread=5.035s
DBG getmany L43 nw=16 wall=0.553s thr(out)1 thr(in)16 conc_peak=16 pread=6.702s
DBG getmany L44 nw=16 wall=0.504s thr(out)1 thr(in)16 conc_peak=16 pread=6.766s
DBG getmany L45 nw=16 wall=0.504s thr(out)1 thr(in)16 conc_peak=16 pread=5.903s
DBG getmany L46 nw=16 wall=0.401s thr(out)1 thr(in)16 conc_peak=16 pread=5.259s
DBG getmany L47 nw=16 wall=0.537s thr(out)1 thr(in)16 conc_peak=16 pread=5.974s
DBG getmany L48 nw=16 wall=0.524s thr(out)1 thr(in)16 conc_peak=16 pread=5.818s
DBG getmany L49 nw=16 wall=0.557s thr(out)1 thr(in)16 conc_peak=16 pread=7.321s
DBG getmany L50 nw=16 wall=0.421s thr(out)1 thr(in)16 conc_peak=16 pread=5.305s
DBG getmany L51 nw=16 wall=7.376s thr(out)1 thr(in)16 conc_peak=16 pread=105.367s
DBG getmany L52 nw=16 wall=7.299s thr(out)1 thr(in)16 conc_peak=16 pread=110.927s
DBG getmany L53 nw=16 wall=8.218s thr(out)1 thr(in)16 conc_peak=16 pread=123.924s
DBG getmany L54 nw=16 wall=3.498s thr(out)1 thr(in)16 conc_peak=16 pread=22.459s
DBG getmany L55 nw=16 wall=0.561s thr(out)1 thr(in)16 conc_peak=16 pread=5.060s
DBG getmany L56 nw=16 wall=0.555s thr(out)1 thr(in)16 conc_peak=16 pread=7.498s
DBG getmany L57 nw=16 wall=0.519s thr(out)1 thr(in)16 conc_peak=16 pread=7.531s
DBG getmany L58 nw=16 wall=0.406s thr(out)1 thr(in)16 conc_peak=16 pread=5.721s
DBG getmany L59 nw=16 wall=0.559s thr(out)1 thr(in)16 conc_peak=16 pread=7.909s
DBG getmany L60 nw=16 wall=0.492s thr(out)1 thr(in)16 conc_peak=16 pread=4.948s
DBG getmany L61 nw=16 wall=0.536s thr(out)1 thr(in)16 conc_peak=16 pread=7.309s
DBG getmany L62 nw=16 wall=0.401s thr(out)1 thr(in)16 conc_peak=16 pread=5.498s
DBG getmany L63 nw=16 wall=0.521s thr(out)1 thr(in)16 conc_peak=16 pread=6.827s
DBG getmany L64 nw=16 wall=0.591s thr(out)1 thr(in)16 conc_peak=16 pread=8.247s
DBG getmany L65 nw=16 wall=0.530s thr(out)1 thr(in)16 conc_peak=16 pread=6.670s
DBG getmany L66 nw=16 wall=0.407s thr(out)1 thr(in)16 conc_peak=16 pread=5.424s
DBG getmany L67 nw=16 wall=0.559s thr(out)1 thr(in)16 conc_peak=16 pread=8.095s
DBG getmany L68 nw=16 wall=0.498s thr(out)1 thr(in)16 conc_peak=16 pread=7.272s
DBG getmany L69 nw=16 wall=0.535s thr(out)1 thr(in)16 conc_peak=16 pread=5.992s
DBG getmany L70 nw=16 wall=0.381s thr(out)1 thr(in)16 conc_peak=16 pread=4.582s
DBG getmany L71 nw=16 wall=0.589s thr(out)1 thr(in)16 conc_peak=16 pread=7.847s
DBG getmany L72 nw=16 wall=0.495s thr(out)1 thr(in)16 conc_peak=16 pread=6.458s
DBG getmany L73 nw=16 wall=0.545s thr(out)1 thr(in)16 conc_peak=16 pread=7.819s
DBG getmany L74 nw=16 wall=0.394s thr(out)1 thr(in)16 conc_peak=16 pread=5.312s
DBG getmany L75 nw=16 wall=0.558s thr(out)1 thr(in)16 conc_peak=16 pread=7.039s
DBG getmany L76 nw=16 wall=0.520s thr(out)1 thr(in)16 conc_peak=16 pread=7.713s
DBG getmany L77 nw=16 wall=0.575s thr(out)1 thr(in)16 conc_peak=16 pread=7.072s
DBG getmany L78 nw=16 wall=0.407s thr(out)1 thr(in)16 conc_peak=16 pread=4.784s
DBG getmany L79 nw=16 wall=0.544s thr(out)1 thr(in)16 conc_peak=16 pread=6.546s
DBG getmany L80 nw=16 wall=0.497s thr(out)1 thr(in)16 conc_peak=16 pread=6.346s
DBG getmany L81 nw=16 wall=0.533s thr(out)1 thr(in)16 conc_peak=16 pread=7.474s
DBG getmany L82 nw=16 wall=0.373s thr(out)1 thr(in)16 conc_peak=16 pread=5.338s
DBG getmany L83 nw=16 wall=0.559s thr(out)1 thr(in)16 conc_peak=16 pread=5.278s
DBG getmany L84 nw=16 wall=0.551s thr(out)1 thr(in)16 conc_peak=16 pread=7.657s
DBG getmany L85 nw=16 wall=0.520s thr(out)1 thr(in)16 conc_peak=16 pread=7.159s
DBG getmany L86 nw=16 wall=0.368s thr(out)1 thr(in)16 conc_peak=16 pread=4.973s
DBG getmany L87 nw=16 wall=0.491s thr(out)1 thr(in)16 conc_peak=16 pread=4.913s
DBG getmany L88 nw=16 wall=0.449s thr(out)1 thr(in)16 conc_peak=16 pread=5.809s
DBG getmany L89 nw=16 wall=0.540s thr(out)1 thr(in)16 conc_peak=16 pread=6.886s
DBG getmany L90 nw=16 wall=0.391s thr(out)1 thr(in)16 conc_peak=16 pread=5.187s
DBG getmany L91 nw=16 wall=0.421s thr(out)1 thr(in)16 conc_peak=16 pread=6.069s
DBG getmany L92 nw=16 wall=0.162s thr(out)1 thr(in)16 conc_peak=16 pread=1.612s
config: /model/config.json (nested shape) | hidden=7168 layers=93 vocab=163840 | 24 MLA + 69 KDA | experts 896 top16 shared2 | latent=3584
  KV cache : 11.85 MB for 5 positions (2.37 MB/position)
Kimi K3, pure C, released checkpoint
  model    : /model
  prompt   : 1 tokens, generating 3

indexed 497220 tensors from 96 shards in 0.45 s
trunk on disk : 110.00 GB total (STREAMED from /mnt/nvme/trunk_layers_out, not held in RAM)

memory plan
  trunk (STREAMED) 32.00 GB
  embed + lm_head  4.70 GB
  expert cache     15.00 GB
  recurrent state  626.25 MB
  buffers          4.68 MB
  KV cache         11.83 MB
  TOTAL            52.34 GB
  available        57.79 GB

k3_trunk: trunk.bin absent - using per-layer slices (layer_%03d.bin)
trunk stream: 56.60 GB packed, 22/93 layers PINNED (29.30 GB), ring 2 x 1.30 GB
              reads use buffered I/O
              ring holds 2 slots: layers repeat over ~2 tokens, so recent ones are reused instead of re-read
trunk streaming enabled from /mnt/nvme/trunk_layers_out in 0.0 s
embedding, final norm and lm_head: 4.70 GB in 6.1 s

expert L1 eviction policy: heat
expert L2 cache enabled: 14589 slots x 17.55 MB = 256.00 GB on /mnt/nvme/experts.l2
expert L2 exact: nslot=14589 slot_bytes=17547264 l2_slot=17547264 K3_ST_ALIGN=4096
expert L2 eviction policy: heat
peak RSS after loading weights: 4.78 GB  (the plan above is a forecast, this is measured)
expert cache: 854 slots x 17.56 MB = 14.99 GB (1.04% of the 1.45 TB expert pool)

recurrent state for 93 layers: 626.25 MB

incremental decode: KV cache 11.83 MB for 24 MLA layers at 5 positions

STEP   TOKEN      SECONDS      CACHE HIT  READ GB    TOK/S
--------------------------------------------------------------------
0      220        105.53       100.0      25.83      0.009
  L2   resident=6779/14589 slots hit=100.0% read=25.83GB write=0.00GB
DBG getmany L1 nw=16 wall=0.191s thr(out)1 thr(in)16 conc_peak=16 pread=1.840s
DBG getmany L2 nw=16 wall=0.174s thr(out)1 thr(in)16 conc_peak=16 pread=1.680s
DBG getmany L3 nw=16 wall=0.167s thr(out)1 thr(in)16 conc_peak=16 pread=1.620s
DBG getmany L4 nw=16 wall=0.162s thr(out)1 thr(in)16 conc_peak=16 pread=1.452s
DBG getmany L5 nw=16 wall=0.161s thr(out)1 thr(in)16 conc_peak=16 pread=1.545s
DBG getmany L6 nw=16 wall=0.177s thr(out)1 thr(in)16 conc_peak=16 pread=1.646s
DBG getmany L7 nw=16 wall=0.164s thr(out)1 thr(in)16 conc_peak=16 pread=1.615s
DBG getmany L8 nw=16 wall=0.159s thr(out)1 thr(in)16 conc_peak=16 pread=1.481s
DBG getmany L9 nw=16 wall=0.165s thr(out)1 thr(in)16 conc_peak=16 pread=1.488s
DBG getmany L10 nw=16 wall=0.165s thr(out)1 thr(in)16 conc_peak=16 pread=1.705s
DBG getmany L11 nw=16 wall=0.170s thr(out)1 thr(in)16 conc_peak=16 pread=1.761s
DBG getmany L12 nw=16 wall=0.165s thr(out)1 thr(in)16 conc_peak=16 pread=1.610s
DBG getmany L13 nw=16 wall=0.169s thr(out)1 thr(in)16 conc_peak=16 pread=1.645s
DBG getmany L14 nw=16 wall=0.166s thr(out)1 thr(in)16 conc_peak=16 pread=1.482s
DBG getmany L15 nw=16 wall=0.167s thr(out)1 thr(in)16 conc_peak=16 pread=1.582s
DBG getmany L16 nw=16 wall=0.165s thr(out)1 thr(in)16 conc_peak=16 pread=1.560s
DBG getmany L17 nw=16 wall=0.170s thr(out)1 thr(in)16 conc_peak=16 pread=1.690s
DBG getmany L18 nw=16 wall=0.171s thr(out)1 thr(in)16 conc_peak=16 pread=1.681s
DBG getmany L19 nw=16 wall=0.171s thr(out)1 thr(in)16 conc_peak=16 pread=1.611s
DBG getmany L20 nw=16 wall=0.167s thr(out)1 thr(in)16 conc_peak=16 pread=1.500s
DBG getmany L21 nw=16 wall=0.478s thr(out)1 thr(in)16 conc_peak=16 pread=7.127s
DBG getmany L22 nw=16 wall=0.289s thr(out)1 thr(in)16 conc_peak=16 pread=3.796s
DBG getmany L23 nw=16 wall=0.398s thr(out)1 thr(in)16 conc_peak=16 pread=4.314s
DBG getmany L24 nw=16 wall=0.518s thr(out)1 thr(in)16 conc_peak=16 pread=6.558s
DBG getmany L25 nw=16 wall=0.496s thr(out)1 thr(in)16 conc_peak=16 pread=7.222s
DBG getmany L26 nw=16 wall=0.354s thr(out)1 thr(in)16 conc_peak=16 pread=4.669s
DBG getmany L27 nw=16 wall=0.481s thr(out)1 thr(in)16 conc_peak=16 pread=6.634s
DBG getmany L28 nw=16 wall=0.444s thr(out)1 thr(in)16 conc_peak=16 pread=6.365s
DBG getmany L29 nw=16 wall=0.467s thr(out)1 thr(in)16 conc_peak=16 pread=6.770s
DBG getmany L30 nw=16 wall=0.377s thr(out)1 thr(in)16 conc_peak=16 pread=5.237s
DBG getmany L31 nw=16 wall=0.472s thr(out)1 thr(in)16 conc_peak=16 pread=6.375s
DBG getmany L32 nw=16 wall=0.546s thr(out)1 thr(in)16 conc_peak=16 pread=8.185s
DBG getmany L33 nw=16 wall=0.528s thr(out)1 thr(in)16 conc_peak=16 pread=7.595s
DBG getmany L34 nw=16 wall=0.376s thr(out)1 thr(in)16 conc_peak=16 pread=5.004s
DBG getmany L35 nw=16 wall=0.554s thr(out)1 thr(in)16 conc_peak=16 pread=8.420s
DBG getmany L36 nw=16 wall=0.379s thr(out)1 thr(in)16 conc_peak=16 pread=4.655s
DBG getmany L37 nw=16 wall=0.520s thr(out)1 thr(in)16 conc_peak=16 pread=7.821s
DBG getmany L38 nw=16 wall=0.360s thr(out)1 thr(in)16 conc_peak=16 pread=5.192s
DBG getmany L39 nw=16 wall=0.563s thr(out)1 thr(in)16 conc_peak=16 pread=7.215s
DBG getmany L40 nw=16 wall=0.542s thr(out)1 thr(in)16 conc_peak=16 pread=7.395s
DBG getmany L41 nw=16 wall=0.501s thr(out)1 thr(in)16 conc_peak=16 pread=5.146s
DBG getmany L42 nw=16 wall=0.335s thr(out)1 thr(in)16 conc_peak=16 pread=4.321s
DBG getmany L43 nw=16 wall=0.488s thr(out)1 thr(in)16 conc_peak=16 pread=6.555s
DBG getmany L44 nw=16 wall=0.516s thr(out)1 thr(in)16 conc_peak=16 pread=7.473s
DBG getmany L45 nw=16 wall=0.506s thr(out)1 thr(in)16 conc_peak=16 pread=5.337s
DBG getmany L46 nw=16 wall=0.378s thr(out)1 thr(in)16 conc_peak=16 pread=5.268s
DBG getmany L47 nw=16 wall=0.418s thr(out)1 thr(in)16 conc_peak=16 pread=5.015s
DBG getmany L48 nw=16 wall=0.546s thr(out)1 thr(in)16 conc_peak=16 pread=6.919s
DBG getmany L49 nw=16 wall=0.561s thr(out)1 thr(in)16 conc_peak=16 pread=8.346s
DBG getmany L50 nw=16 wall=0.403s thr(out)1 thr(in)16 conc_peak=16 pread=5.668s
DBG getmany L51 nw=16 wall=0.562s thr(out)1 thr(in)16 conc_peak=16 pread=6.497s
DBG getmany L52 nw=16 wall=0.587s thr(out)1 thr(in)16 conc_peak=16 pread=7.037s
DBG getmany L53 nw=16 wall=0.747s thr(out)1 thr(in)16 conc_peak=16 pread=6.510s
DBG getmany L54 nw=16 wall=0.589s thr(out)1 thr(in)16 conc_peak=16 pread=8.030s
DBG getmany L55 nw=16 wall=0.762s thr(out)1 thr(in)16 conc_peak=16 pread=10.915s
DBG getmany L56 nw=16 wall=0.757s thr(out)1 thr(in)16 conc_peak=16 pread=9.491s
DBG getmany L57 nw=16 wall=0.737s thr(out)1 thr(in)16 conc_peak=16 pread=10.339s
DBG getmany L58 nw=16 wall=0.562s thr(out)1 thr(in)16 conc_peak=16 pread=7.988s
DBG getmany L59 nw=16 wall=0.762s thr(out)1 thr(in)16 conc_peak=16 pread=10.646s
DBG getmany L60 nw=16 wall=0.733s thr(out)1 thr(in)16 conc_peak=16 pread=7.703s
DBG getmany L61 nw=16 wall=0.719s thr(out)1 thr(in)16 conc_peak=16 pread=10.118s
DBG getmany L62 nw=16 wall=0.530s thr(out)1 thr(in)16 conc_peak=16 pread=7.658s
DBG getmany L63 nw=16 wall=0.749s thr(out)1 thr(in)16 conc_peak=16 pread=10.902s
DBG getmany L64 nw=16 wall=0.768s thr(out)1 thr(in)16 conc_peak=16 pread=8.644s
DBG getmany L65 nw=16 wall=0.739s thr(out)1 thr(in)16 conc_peak=16 pread=9.901s
DBG getmany L66 nw=16 wall=0.545s thr(out)1 thr(in)16 conc_peak=16 pread=7.789s
DBG getmany L67 nw=16 wall=0.743s thr(out)1 thr(in)16 conc_peak=16 pread=10.921s
DBG getmany L68 nw=16 wall=0.663s thr(out)1 thr(in)16 conc_peak=16 pread=9.399s
DBG getmany L69 nw=16 wall=0.751s thr(out)1 thr(in)16 conc_peak=16 pread=6.943s
DBG getmany L70 nw=16 wall=0.508s thr(out)1 thr(in)16 conc_peak=16 pread=7.143s
DBG getmany L71 nw=16 wall=0.811s thr(out)1 thr(in)16 conc_peak=16 pread=8.446s
DBG getmany L72 nw=16 wall=0.752s thr(out)1 thr(in)16 conc_peak=16 pread=11.129s
DBG getmany L73 nw=16 wall=0.762s thr(out)1 thr(in)16 conc_peak=16 pread=8.456s
DBG getmany L74 nw=16 wall=0.532s thr(out)1 thr(in)16 conc_peak=16 pread=7.512s
DBG getmany L75 nw=16 wall=0.766s thr(out)1 thr(in)16 conc_peak=16 pread=10.299s
DBG getmany L76 nw=16 wall=0.746s thr(out)1 thr(in)16 conc_peak=16 pread=9.794s
DBG getmany L77 nw=16 wall=0.824s thr(out)1 thr(in)16 conc_peak=16 pread=9.794s
DBG getmany L78 nw=16 wall=0.581s thr(out)1 thr(in)16 conc_peak=16 pread=7.637s
DBG getmany L79 nw=16 wall=0.753s thr(out)1 thr(in)16 conc_peak=16 pread=10.461s
DBG getmany L80 nw=16 wall=0.727s thr(out)1 thr(in)16 conc_peak=16 pread=10.576s
DBG getmany L81 nw=16 wall=0.796s thr(out)1 thr(in)16 conc_peak=16 pread=11.041s
DBG getmany L82 nw=16 wall=0.549s thr(out)1 thr(in)16 conc_peak=16 pread=8.101s
DBG getmany L83 nw=16 wall=0.763s thr(out)1 thr(in)16 conc_peak=16 pread=9.564s
DBG getmany L84 nw=16 wall=0.741s thr(out)1 thr(in)16 conc_peak=16 pread=9.133s
DBG getmany L85 nw=16 wall=0.712s thr(out)1 thr(in)16 conc_peak=16 pread=9.528s
DBG getmany L86 nw=16 wall=0.525s thr(out)1 thr(in)16 conc_peak=16 pread=7.136s
DBG getmany L87 nw=16 wall=0.756s thr(out)1 thr(in)16 conc_peak=16 pread=10.667s
DBG getmany L88 nw=16 wall=0.657s thr(out)1 thr(in)16 conc_peak=15 pread=7.645s
DBG getmany L89 nw=16 wall=0.780s thr(out)1 thr(in)16 conc_peak=16 pread=10.002s
DBG getmany L90 nw=16 wall=0.541s thr(out)1 thr(in)16 conc_peak=16 pread=7.440s
DBG getmany L91 nw=16 wall=0.570s thr(out)1 thr(in)16 conc_peak=16 pread=8.039s
DBG getmany L92 nw=16 wall=0.255s thr(out)1 thr(in)16 conc_peak=16 pread=2.369s
1      802        68.32        100.0      25.83      0.015
  L2   resident=6779/14589 slots hit=100.0% read=51.66GB write=0.00GB
DBG getmany L1 nw=16 wall=0.257s thr(out)1 thr(in)16 conc_peak=16 pread=2.432s
DBG getmany L2 nw=15 wall=0.240s thr(out)1 thr(in)16 conc_peak=15 pread=2.161s
DBG getmany L3 nw=13 wall=0.207s thr(out)1 thr(in)16 conc_peak=13 pread=1.617s
DBG getmany L4 nw=15 wall=0.240s thr(out)1 thr(in)16 conc_peak=15 pread=2.042s
DBG getmany L5 nw=16 wall=0.249s thr(out)1 thr(in)16 conc_peak=16 pread=2.295s
DBG getmany L6 nw=15 wall=0.245s thr(out)1 thr(in)16 conc_peak=15 pread=2.117s
DBG getmany L7 nw=15 wall=0.220s thr(out)1 thr(in)16 conc_peak=15 pread=1.919s
DBG getmany L8 nw=16 wall=0.231s thr(out)1 thr(in)16 conc_peak=16 pread=2.125s
DBG getmany L9 nw=15 wall=0.219s thr(out)1 thr(in)16 conc_peak=15 pread=2.109s
DBG getmany L10 nw=15 wall=0.224s thr(out)1 thr(in)16 conc_peak=15 pread=2.033s
DBG getmany L11 nw=15 wall=0.223s thr(out)1 thr(in)16 conc_peak=15 pread=1.872s
DBG getmany L12 nw=15 wall=0.223s thr(out)1 thr(in)16 conc_peak=15 pread=1.938s
DBG getmany L13 nw=16 wall=0.247s thr(out)1 thr(in)16 conc_peak=16 pread=2.622s
DBG getmany L14 nw=15 wall=0.229s thr(out)1 thr(in)16 conc_peak=15 pread=2.141s
DBG getmany L15 nw=16 wall=0.246s thr(out)1 thr(in)16 conc_peak=16 pread=2.408s
DBG getmany L16 nw=15 wall=0.231s thr(out)1 thr(in)16 conc_peak=15 pread=2.089s
DBG getmany L17 nw=16 wall=0.245s thr(out)1 thr(in)16 conc_peak=16 pread=2.295s
DBG getmany L18 nw=16 wall=0.242s thr(out)1 thr(in)16 conc_peak=16 pread=2.309s
DBG getmany L19 nw=16 wall=0.242s thr(out)1 thr(in)16 conc_peak=16 pread=2.465s
DBG getmany L20 nw=16 wall=0.239s thr(out)1 thr(in)16 conc_peak=16 pread=2.306s
DBG getmany L21 nw=16 wall=0.629s thr(out)1 thr(in)16 conc_peak=16 pread=6.618s
DBG getmany L22 nw=16 wall=0.576s thr(out)1 thr(in)16 conc_peak=16 pread=7.832s
DBG getmany L23 nw=15 wall=0.721s thr(out)1 thr(in)16 conc_peak=15 pread=9.875s
DBG getmany L24 nw=13 wall=0.809s thr(out)1 thr(in)16 conc_peak=13 pread=8.459s
DBG getmany L25 nw=15 wall=0.728s thr(out)1 thr(in)16 conc_peak=15 pread=9.818s
DBG getmany L26 nw=15 wall=0.536s thr(out)1 thr(in)16 conc_peak=15 pread=7.244s
DBG getmany L27 nw=16 wall=0.718s thr(out)1 thr(in)16 conc_peak=16 pread=9.268s
DBG getmany L28 nw=15 wall=0.690s thr(out)1 thr(in)16 conc_peak=15 pread=9.512s
DBG getmany L29 nw=16 wall=0.742s thr(out)1 thr(in)16 conc_peak=16 pread=8.968s
DBG getmany L30 nw=16 wall=0.561s thr(out)1 thr(in)16 conc_peak=16 pread=7.743s
DBG getmany L31 nw=16 wall=0.672s thr(out)1 thr(in)16 conc_peak=16 pread=6.998s
DBG getmany L32 nw=14 wall=0.621s thr(out)1 thr(in)16 conc_peak=14 pread=7.001s
DBG getmany L33 nw=15 wall=0.787s thr(out)1 thr(in)16 conc_peak=15 pread=10.827s
DBG getmany L34 nw=16 wall=0.449s thr(out)1 thr(in)16 conc_peak=16 pread=6.291s
DBG getmany L35 nw=16 wall=0.791s thr(out)1 thr(in)16 conc_peak=16 pread=9.776s
DBG getmany L36 nw=14 wall=0.726s thr(out)1 thr(in)16 conc_peak=14 pread=9.444s
DBG getmany L37 nw=16 wall=0.754s thr(out)1 thr(in)16 conc_peak=16 pread=9.849s
DBG getmany L38 nw=16 wall=0.539s thr(out)1 thr(in)16 conc_peak=16 pread=7.423s
DBG getmany L39 nw=16 wall=0.774s thr(out)1 thr(in)16 conc_peak=16 pread=8.092s
DBG getmany L40 nw=16 wall=0.777s thr(out)1 thr(in)16 conc_peak=16 pread=11.468s
DBG getmany L41 nw=16 wall=0.722s thr(out)1 thr(in)16 conc_peak=16 pread=10.176s
DBG getmany L42 nw=16 wall=0.572s thr(out)1 thr(in)16 conc_peak=16 pread=6.427s
DBG getmany L43 nw=16 wall=0.767s thr(out)1 thr(in)16 conc_peak=16 pread=10.050s
DBG getmany L44 nw=16 wall=0.771s thr(out)1 thr(in)16 conc_peak=16 pread=10.406s
DBG getmany L45 nw=16 wall=0.802s thr(out)1 thr(in)16 conc_peak=16 pread=11.767s
DBG getmany L46 nw=15 wall=0.582s thr(out)1 thr(in)16 conc_peak=15 pread=8.082s
DBG getmany L47 nw=15 wall=0.747s thr(out)1 thr(in)16 conc_peak=15 pread=10.018s
DBG getmany L48 nw=15 wall=0.722s thr(out)1 thr(in)16 conc_peak=15 pread=9.380s
DBG getmany L49 nw=15 wall=0.783s thr(out)1 thr(in)16 conc_peak=15 pread=10.616s
DBG getmany L50 nw=16 wall=0.576s thr(out)1 thr(in)16 conc_peak=16 pread=7.791s
DBG getmany L51 nw=16 wall=0.745s thr(out)1 thr(in)16 conc_peak=16 pread=9.197s
DBG getmany L52 nw=16 wall=0.698s thr(out)1 thr(in)16 conc_peak=16 pread=7.833s
DBG getmany L53 nw=15 wall=0.732s thr(out)1 thr(in)16 conc_peak=15 pread=7.701s
DBG getmany L54 nw=16 wall=0.493s thr(out)1 thr(in)16 conc_peak=16 pread=4.309s
DBG getmany L55 nw=16 wall=0.777s thr(out)1 thr(in)16 conc_peak=16 pread=11.036s
DBG getmany L56 nw=16 wall=0.783s thr(out)1 thr(in)16 conc_peak=16 pread=11.642s
DBG getmany L57 nw=16 wall=0.836s thr(out)1 thr(in)16 conc_peak=16 pread=4.568s
DBG getmany L58 nw=16 wall=11.804s thr(out)1 thr(in)16 conc_peak=16 pread=165.122s
DBG getmany L59 nw=16 wall=0.771s thr(out)1 thr(in)16 conc_peak=16 pread=7.882s
DBG getmany L60 nw=16 wall=0.753s thr(out)1 thr(in)16 conc_peak=16 pread=10.456s
DBG getmany L61 nw=16 wall=0.707s thr(out)1 thr(in)16 conc_peak=16 pread=9.587s
DBG getmany L62 nw=16 wall=0.566s thr(out)1 thr(in)16 conc_peak=16 pread=7.506s
DBG getmany L63 nw=16 wall=0.794s thr(out)1 thr(in)16 conc_peak=16 pread=11.948s
DBG getmany L64 nw=16 wall=0.766s thr(out)1 thr(in)16 conc_peak=16 pread=10.645s
DBG getmany L65 nw=16 wall=0.764s thr(out)1 thr(in)16 conc_peak=16 pread=9.510s
DBG getmany L66 nw=16 wall=0.573s thr(out)1 thr(in)16 conc_peak=16 pread=7.117s
DBG getmany L67 nw=16 wall=0.721s thr(out)1 thr(in)16 conc_peak=16 pread=10.292s
DBG getmany L68 nw=16 wall=0.737s thr(out)1 thr(in)16 conc_peak=16 pread=10.845s
DBG getmany L69 nw=16 wall=0.766s thr(out)1 thr(in)16 conc_peak=16 pread=10.051s
DBG getmany L70 nw=16 wall=0.567s thr(out)1 thr(in)16 conc_peak=16 pread=7.798s
DBG getmany L71 nw=16 wall=0.829s thr(out)1 thr(in)16 conc_peak=16 pread=12.265s
DBG getmany L72 nw=16 wall=0.759s thr(out)1 thr(in)16 conc_peak=16 pread=10.636s
DBG getmany L73 nw=16 wall=0.760s thr(out)1 thr(in)16 conc_peak=16 pread=10.906s
DBG getmany L74 nw=16 wall=0.568s thr(out)1 thr(in)16 conc_peak=16 pread=7.793s
DBG getmany L75 nw=16 wall=0.760s thr(out)1 thr(in)16 conc_peak=16 pread=9.442s
DBG getmany L76 nw=16 wall=0.720s thr(out)1 thr(in)16 conc_peak=16 pread=10.666s
DBG getmany L77 nw=16 wall=0.770s thr(out)1 thr(in)16 conc_peak=16 pread=9.871s
DBG getmany L78 nw=16 wall=0.558s thr(out)1 thr(in)16 conc_peak=16 pread=7.488s
DBG getmany L79 nw=16 wall=0.721s thr(out)1 thr(in)16 conc_peak=16 pread=9.169s
DBG getmany L80 nw=16 wall=0.732s thr(out)1 thr(in)16 conc_peak=16 pread=9.209s
DBG getmany L81 nw=15 wall=0.757s thr(out)1 thr(in)16 conc_peak=15 pread=9.380s
DBG getmany L82 nw=16 wall=0.547s thr(out)1 thr(in)16 conc_peak=16 pread=7.190s
DBG getmany L83 nw=13 wall=0.717s thr(out)1 thr(in)16 conc_peak=13 pread=8.033s
DBG getmany L84 nw=13 wall=0.714s thr(out)1 thr(in)16 conc_peak=13 pread=8.040s
DBG getmany L85 nw=14 wall=0.687s thr(out)1 thr(in)16 conc_peak=14 pread=8.013s
DBG getmany L86 nw=16 wall=0.542s thr(out)1 thr(in)16 conc_peak=16 pread=7.966s
DBG getmany L87 nw=13 wall=0.604s thr(out)1 thr(in)16 conc_peak=13 pread=5.531s
DBG getmany L88 nw=15 wall=0.749s thr(out)1 thr(in)16 conc_peak=15 pread=10.003s
DBG getmany L89 nw=13 wall=0.739s thr(out)1 thr(in)16 conc_peak=13 pread=7.245s
DBG getmany L90 nw=12 wall=0.490s thr(out)1 thr(in)16 conc_peak=12 pread=5.223s
DBG getmany L91 nw=13 wall=0.534s thr(out)1 thr(in)16 conc_peak=13 pread=5.810s
DBG getmany L92 nw=13 wall=0.271s thr(out)1 thr(in)16 conc_peak=13 pread=1.763s
2      24         88.83        100.0      24.85      0.011
  L2   resident=6779/14589 slots hit=100.0% read=76.51GB write=0.00GB
--------------------------------------------------------------------
3 tokens in 262.7 s, 87.56 s/token average
PEAK RSS for the whole run: 37.16 GB   <- quote this, not the plan
layers completed: 93/93; routed expert drops: 0


[chip] simulated MXFP4 GEMV bill over 4 tokens
  4416 expert chains | 291722231808 flops | 77488717824 bytes (77.49 GB)
  per token: 1104 chains | 19.37 GB | 0.07 Gflops
  compute wall @ 4 TFLOPS : 0.07 s (18.23 ms/token)
  bandwidth wall @ 200 GB/s : 0.39 s (96.86 ms/token)
  -> bandwidth-bound; to be compute-bound at 4 TFLOPS this needs 1062 GB/s
  expert fetch (host wall, measured): 174.99 s moving 77.49 GB = 0 GB/s
  chip pool wall (measured): 25.83 s

cache [final step]
  slots        : 854 of 17.56 MB = 14.99 GB arena (854 resident, 0 pinned)
  requests     : 1472  hits 1472 (100.00%)  misses 0  evictions 1416
  of those hits : 1416 came from the batch prefetch, i.e. read from disk
                  this token; TRUE resident hit rate 3.80%
  read from disk: 24.85 GB in 65.22 s (381 MB/s while loading)
  phase2 i/o    : 24.86 GB in 65.22 s (381 MB/s)  [pure parallel disk read]
l2cache [final step]
  requests     : 4360  hits 4360 (100.00%)  misses 0
  read  from sdd7: 76.51 GB, written 0.00 GB
  fd split  : 3377 O_DIRECT, 0 BUFFERED (0.00% buffered)
  hit I/O   : 76.51 GB in 174.36 s (wall) = 439 MB/s [pread 2241.42 s, 34 MB/s per-thread]
  miss I/O  : 0 misses, 0.00 GB from /model in 0.00 s (wall) = 0 MB/s
  restored from meta: 6779 slots
kio tier0: 4595 reqs, 216.66 GB delivered | per-stream 93 MB/s, aggregate 825 MB/s, concurrency 8.9x | queue 69.6 s (3.0% of io), submit-lock 4.6 s, worker-lock 0.1 s, sleep 1963.5 s in 8248 waits (47% of worker-time)
      group0: 235 reqs, 140.16 GB | per-stream 847 MB/s | queue 0.1 s (0.1%)
      group1: 4360 reqs, 76.51 GB | per-stream 35 MB/s | queue 69.4 s (3.2%)

wrote reports/gateab_ab/v61_burst/noburst_p1/ctrl.json
I/O share of wall clock: 129.5%  (trunk 165.7 s + experts 174.4 s of 262.7 s)
  both figures are WHOLE-RUN totals over 3 steps
  expert phase split: phase1 SERIAL reserve 0.2 s (552 calls) vs phase2 read 174.4 s
  over 100% because trunk reads overlap compute on the reader thread;
  77.4 s of device time was hidden behind arithmetic
  experts, whole run: 76.51 GB read | 910 of 4416 requests retained in RAM (20.61%) | 3506 evictions
    (retention = requests - evictions; the raw `hits` counter includes
     experts the prefetcher had just read from disk, so it is not a
     measure of avoided I/O)

trunk [final]
  pinned 22/93 layers, ring 2 slots
  binds 279, hits 44 (15.8%), reads 235
  read 140.16 GB in 165.70 s (846 MB/s pread)
  per-layer loads [L]=count: 0=1 1=1 2=1 3=1 4=1 5=1 6=1 7=1 8=1 9=1 10=1 11=1 12=1 13=1 14=1 15=1 16=1 17=1 18=1 19=1 20=1 21=1 22=3 23=3 24=3 25=3 26=3 27=3 28=3 29=3 30=3 31=3 32=3 33=3 34=3 35=3 36=3 37=3 38=3 39=3 40=3 41=3 42=3 43=3 44=3 45=3 46=3 47=3 48=3 49=3 50=3 51=3 52=3 53=3 54=3 55=3 56=3 57=3 58=3 59=3 60=3 61=3 62=3 63=3 64=3 65=3 66=3 67=3 68=3 69=3 70=3 71=3 72=3 73=3 74=3 75=3 76=3 77=3 78=3 79=3 80=3 81=3 82=3 83=3 84=3 85=3 86=3 87=3 88=3 89=3 90=3 91=3 92=3
  bind wall 20.96 s over 279 binds; read 165.70 + widen 1.78 = 167.48 s of device work,
                    of which 146.52 s (87%) overlapped compute on the reader thread
  widen breakdown: find 5 ms (7365)  copy 0 ms (3444)  deq 1769 ms (2370)  timed 2 s of widen 1.78 s
