[trace] ON -> /mnt/f/kimi-k3-in-c/reports/gateab_ab/v32_table2b/rep1-20260929_080607/trace.csv (K3_TRACE_MAX 200000 events)
L2 auto: 209 GB free on /mnt/nvme -> L2 at 256 GB
k3 chip: 4 workers, 4 TFLOPS, 200 GB/s simulated wall
DBG getmany L1 nw=16 wall=0.198s thr(out)1 thr(in)16 conc_peak=16 pread=2.141s
DBG getmany L2 nw=16 wall=0.185s thr(out)1 thr(in)16 conc_peak=16 pread=1.931s
DBG getmany L3 nw=16 wall=0.192s thr(out)1 thr(in)16 conc_peak=16 pread=2.006s
DBG getmany L4 nw=16 wall=0.184s thr(out)1 thr(in)16 conc_peak=16 pread=1.904s
DBG getmany L5 nw=16 wall=0.188s thr(out)1 thr(in)16 conc_peak=16 pread=1.970s
DBG getmany L6 nw=16 wall=0.190s thr(out)1 thr(in)16 conc_peak=16 pread=1.999s
DBG getmany L7 nw=16 wall=0.190s thr(out)1 thr(in)16 conc_peak=16 pread=2.002s
DBG getmany L8 nw=16 wall=0.201s thr(out)1 thr(in)16 conc_peak=16 pread=2.208s
DBG getmany L9 nw=16 wall=0.201s thr(out)1 thr(in)16 conc_peak=16 pread=2.184s
DBG getmany L10 nw=16 wall=0.201s thr(out)1 thr(in)16 conc_peak=16 pread=2.091s
DBG getmany L11 nw=16 wall=0.205s thr(out)1 thr(in)16 conc_peak=16 pread=2.181s
DBG getmany L12 nw=16 wall=0.202s thr(out)1 thr(in)16 conc_peak=16 pread=2.123s
DBG getmany L13 nw=16 wall=0.210s thr(out)1 thr(in)16 conc_peak=16 pread=2.193s
DBG getmany L14 nw=16 wall=0.199s thr(out)1 thr(in)16 conc_peak=16 pread=2.088s
DBG getmany L15 nw=16 wall=0.202s thr(out)1 thr(in)16 conc_peak=16 pread=2.176s
DBG getmany L16 nw=16 wall=0.199s thr(out)1 thr(in)16 conc_peak=16 pread=2.035s
DBG getmany L17 nw=16 wall=0.199s thr(out)1 thr(in)16 conc_peak=16 pread=2.150s
DBG getmany L18 nw=16 wall=0.207s thr(out)1 thr(in)16 conc_peak=16 pread=2.189s
DBG getmany L19 nw=16 wall=0.206s thr(out)1 thr(in)16 conc_peak=16 pread=2.141s
DBG getmany L20 nw=16 wall=0.201s thr(out)1 thr(in)16 conc_peak=16 pread=2.099s
DBG getmany L21 nw=16 wall=0.215s thr(out)1 thr(in)16 conc_peak=16 pread=2.258s
DBG getmany L22 nw=16 wall=0.255s thr(out)1 thr(in)16 conc_peak=16 pread=2.238s
DBG getmany L23 nw=16 wall=0.473s thr(out)1 thr(in)16 conc_peak=16 pread=6.295s
DBG getmany L24 nw=16 wall=0.502s thr(out)1 thr(in)16 conc_peak=16 pread=5.591s
DBG getmany L25 nw=16 wall=0.553s thr(out)1 thr(in)16 conc_peak=16 pread=6.726s
DBG getmany L26 nw=16 wall=0.410s thr(out)1 thr(in)16 conc_peak=16 pread=5.096s
DBG getmany L27 nw=16 wall=0.251s thr(out)1 thr(in)16 conc_peak=16 pread=2.188s
DBG getmany L28 nw=16 wall=0.489s thr(out)1 thr(in)16 conc_peak=16 pread=6.258s
DBG getmany L29 nw=16 wall=0.519s thr(out)1 thr(in)16 conc_peak=16 pread=5.655s
DBG getmany L30 nw=16 wall=0.225s thr(out)1 thr(in)16 conc_peak=16 pread=2.056s
DBG getmany L31 nw=16 wall=0.594s thr(out)1 thr(in)16 conc_peak=16 pread=7.240s
DBG getmany L32 nw=16 wall=0.514s thr(out)1 thr(in)16 conc_peak=16 pread=6.006s
DBG getmany L33 nw=16 wall=0.656s thr(out)1 thr(in)16 conc_peak=16 pread=6.685s
DBG getmany L34 nw=16 wall=0.418s thr(out)1 thr(in)16 conc_peak=16 pread=5.419s
DBG getmany L35 nw=16 wall=0.588s thr(out)1 thr(in)16 conc_peak=16 pread=7.745s
DBG getmany L36 nw=16 wall=0.576s thr(out)1 thr(in)16 conc_peak=16 pread=7.499s
DBG getmany L37 nw=16 wall=0.566s thr(out)1 thr(in)16 conc_peak=16 pread=6.108s
DBG getmany L38 nw=16 wall=0.416s thr(out)1 thr(in)16 conc_peak=16 pread=5.243s
DBG getmany L39 nw=16 wall=0.576s thr(out)1 thr(in)16 conc_peak=16 pread=8.323s
DBG getmany L40 nw=16 wall=0.544s thr(out)1 thr(in)16 conc_peak=16 pread=7.127s
DBG getmany L41 nw=16 wall=0.502s thr(out)1 thr(in)16 conc_peak=16 pread=6.911s
DBG getmany L42 nw=16 wall=0.415s thr(out)1 thr(in)16 conc_peak=16 pread=5.323s
DBG getmany L43 nw=16 wall=0.581s thr(out)1 thr(in)16 conc_peak=16 pread=7.150s
DBG getmany L44 nw=16 wall=0.540s thr(out)1 thr(in)16 conc_peak=16 pread=8.055s
DBG getmany L45 nw=16 wall=0.567s thr(out)1 thr(in)16 conc_peak=16 pread=5.959s
DBG getmany L46 nw=16 wall=0.402s thr(out)1 thr(in)16 conc_peak=16 pread=5.054s
DBG getmany L47 nw=16 wall=0.587s thr(out)1 thr(in)16 conc_peak=16 pread=7.526s
DBG getmany L48 nw=16 wall=0.587s thr(out)1 thr(in)16 conc_peak=16 pread=6.553s
DBG getmany L49 nw=16 wall=0.554s thr(out)1 thr(in)16 conc_peak=16 pread=7.880s
DBG getmany L50 nw=16 wall=0.440s thr(out)1 thr(in)16 conc_peak=16 pread=6.268s
DBG getmany L51 nw=16 wall=0.613s thr(out)1 thr(in)16 conc_peak=16 pread=7.549s
DBG getmany L52 nw=16 wall=0.584s thr(out)1 thr(in)16 conc_peak=16 pread=7.205s
DBG getmany L53 nw=16 wall=0.262s thr(out)1 thr(in)16 conc_peak=16 pread=2.775s
DBG getmany L54 nw=16 wall=0.468s thr(out)1 thr(in)16 conc_peak=16 pread=6.136s
DBG getmany L55 nw=16 wall=0.606s thr(out)1 thr(in)16 conc_peak=16 pread=8.507s
DBG getmany L56 nw=16 wall=0.290s thr(out)1 thr(in)16 conc_peak=16 pread=2.181s
DBG getmany L57 nw=16 wall=0.581s thr(out)1 thr(in)16 conc_peak=16 pread=8.187s
DBG getmany L58 nw=16 wall=0.417s thr(out)1 thr(in)16 conc_peak=16 pread=5.978s
DBG getmany L59 nw=16 wall=0.587s thr(out)1 thr(in)16 conc_peak=16 pread=7.749s
DBG getmany L60 nw=16 wall=0.627s thr(out)1 thr(in)16 conc_peak=16 pread=4.185s
DBG getmany L61 nw=16 wall=0.578s thr(out)1 thr(in)16 conc_peak=16 pread=7.795s
DBG getmany L62 nw=16 wall=0.452s thr(out)1 thr(in)16 conc_peak=16 pread=5.681s
DBG getmany L63 nw=16 wall=0.608s thr(out)1 thr(in)16 conc_peak=16 pread=8.048s
DBG getmany L64 nw=16 wall=0.593s thr(out)1 thr(in)16 conc_peak=16 pread=7.484s
DBG getmany L65 nw=16 wall=0.580s thr(out)1 thr(in)16 conc_peak=16 pread=8.506s
DBG getmany L66 nw=16 wall=0.448s thr(out)1 thr(in)16 conc_peak=16 pread=6.267s
DBG getmany L67 nw=16 wall=0.600s thr(out)1 thr(in)16 conc_peak=16 pread=8.602s
DBG getmany L68 nw=16 wall=0.552s thr(out)1 thr(in)16 conc_peak=16 pread=7.194s
DBG getmany L69 nw=16 wall=0.553s thr(out)1 thr(in)16 conc_peak=16 pread=7.381s
DBG getmany L70 nw=16 wall=0.427s thr(out)1 thr(in)16 conc_peak=16 pread=5.565s
DBG getmany L71 nw=16 wall=0.598s thr(out)1 thr(in)16 conc_peak=16 pread=8.203s
DBG getmany L72 nw=16 wall=0.598s thr(out)1 thr(in)16 conc_peak=16 pread=7.522s
DBG getmany L73 nw=16 wall=0.600s thr(out)1 thr(in)16 conc_peak=16 pread=8.678s
DBG getmany L74 nw=16 wall=0.426s thr(out)1 thr(in)16 conc_peak=16 pread=4.801s
DBG getmany L75 nw=16 wall=0.608s thr(out)1 thr(in)16 conc_peak=16 pread=7.815s
DBG getmany L76 nw=16 wall=0.554s thr(out)1 thr(in)16 conc_peak=16 pread=7.481s
DBG getmany L77 nw=16 wall=0.606s thr(out)1 thr(in)16 conc_peak=16 pread=8.849s
DBG getmany L78 nw=16 wall=0.443s thr(out)1 thr(in)16 conc_peak=16 pread=6.141s
DBG getmany L79 nw=16 wall=0.586s thr(out)1 thr(in)16 conc_peak=16 pread=5.763s
DBG getmany L80 nw=16 wall=0.557s thr(out)1 thr(in)16 conc_peak=16 pread=7.846s
DBG getmany L81 nw=16 wall=0.590s thr(out)1 thr(in)16 conc_peak=16 pread=5.057s
DBG getmany L82 nw=16 wall=0.404s thr(out)1 thr(in)16 conc_peak=16 pread=5.091s
DBG getmany L83 nw=16 wall=0.560s thr(out)1 thr(in)16 conc_peak=16 pread=7.504s
DBG getmany L84 nw=16 wall=0.553s thr(out)1 thr(in)16 conc_peak=16 pread=7.485s
DBG getmany L85 nw=16 wall=0.558s thr(out)1 thr(in)16 conc_peak=16 pread=8.134s
DBG getmany L86 nw=16 wall=0.405s thr(out)1 thr(in)16 conc_peak=16 pread=4.991s
DBG getmany L87 nw=16 wall=0.533s thr(out)1 thr(in)16 conc_peak=16 pread=6.601s
DBG getmany L88 nw=16 wall=0.553s thr(out)1 thr(in)16 conc_peak=16 pread=8.106s
DBG getmany L89 nw=16 wall=0.823s thr(out)1 thr(in)16 conc_peak=16 pread=10.274s
DBG getmany L90 nw=16 wall=0.580s thr(out)1 thr(in)16 conc_peak=16 pread=8.189s
DBG getmany L91 nw=16 wall=0.581s thr(out)1 thr(in)16 conc_peak=16 pread=7.659s
DBG getmany L92 nw=16 wall=0.229s thr(out)1 thr(in)16 conc_peak=16 pread=2.222s
config: /model/config.json (nested shape) | hidden=7168 layers=93 vocab=163840 | 24 MLA + 69 KDA | experts 896 top16 shared2 | latent=3584
  KV cache : 23.70 MB for 10 positions (2.37 MB/position)
Kimi K3, pure C, released checkpoint
  model    : /model
  prompt   : 1 tokens, generating 8

indexed 497220 tensors from 96 shards in 3.94 s
trunk on disk : 110.00 GB total (STREAMED from /mnt/nvme/trunk_layers_out, not held in RAM)

memory plan
  trunk (STREAMED) 32.00 GB
  embed + lm_head  4.70 GB
  expert cache     15.00 GB
  recurrent state  626.25 MB
  buffers          8.02 MB
  KV cache         23.65 MB
  TOTAL            52.36 GB
  available        57.80 GB

k3_trunk: trunk.bin absent - using per-layer slices (layer_%03d.bin)
trunk stream: 56.60 GB packed, 22/93 layers PINNED (29.30 GB), ring 2 x 1.30 GB
              reads use buffered I/O
              ring holds 2 slots: layers repeat over ~2 tokens, so recent ones are reused instead of re-read
trunk streaming enabled from /mnt/nvme/trunk_layers_out in 0.0 s
embedding, final norm and lm_head: 4.70 GB in 10.2 s

expert L1 eviction policy: heat
expert L2 cache enabled: 14589 slots x 17.55 MB = 256.00 GB on /mnt/nvme/experts.l2
expert L2 eviction policy: heat
peak RSS after loading weights: 4.78 GB  (the plan above is a forecast, this is measured)
expert cache: 854 slots x 17.56 MB = 14.99 GB (1.04% of the 1.45 TB expert pool)

recurrent state for 93 layers: 626.25 MB

incremental decode: KV cache 23.65 MB for 24 MLA layers at 10 positions

STEP   TOKEN      SECONDS      CACHE HIT  READ GB    TOK/S
--------------------------------------------------------------------
0      220        74.48        100.0      25.83      0.013
  L2   resident=6779/14589 slots hit=100.0% read=25.83GB write=0.00GB
DBG getmany L1 nw=16 wall=0.249s thr(out)1 thr(in)16 conc_peak=16 pread=2.198s
DBG getmany L2 nw=16 wall=0.240s thr(out)1 thr(in)16 conc_peak=16 pread=2.287s
DBG getmany L3 nw=16 wall=0.233s thr(out)1 thr(in)16 conc_peak=16 pread=2.157s
DBG getmany L4 nw=16 wall=0.230s thr(out)1 thr(in)16 conc_peak=16 pread=2.270s
DBG getmany L5 nw=16 wall=0.233s thr(out)1 thr(in)16 conc_peak=16 pread=2.152s
DBG getmany L6 nw=16 wall=0.245s thr(out)1 thr(in)16 conc_peak=16 pread=2.136s
DBG getmany L7 nw=16 wall=0.229s thr(out)1 thr(in)16 conc_peak=16 pread=2.043s
DBG getmany L8 nw=16 wall=0.227s thr(out)1 thr(in)16 conc_peak=16 pread=2.185s
DBG getmany L9 nw=16 wall=0.231s thr(out)1 thr(in)16 conc_peak=16 pread=2.146s
DBG getmany L10 nw=16 wall=0.237s thr(out)1 thr(in)16 conc_peak=16 pread=2.177s
DBG getmany L11 nw=16 wall=0.235s thr(out)1 thr(in)16 conc_peak=16 pread=2.070s
DBG getmany L12 nw=16 wall=0.233s thr(out)1 thr(in)16 conc_peak=16 pread=2.134s
DBG getmany L13 nw=16 wall=0.242s thr(out)1 thr(in)16 conc_peak=16 pread=2.276s
DBG getmany L14 nw=16 wall=0.235s thr(out)1 thr(in)16 conc_peak=16 pread=2.070s
DBG getmany L15 nw=16 wall=0.235s thr(out)1 thr(in)16 conc_peak=16 pread=2.230s
DBG getmany L16 nw=16 wall=0.236s thr(out)1 thr(in)16 conc_peak=16 pread=2.235s
DBG getmany L17 nw=16 wall=0.238s thr(out)1 thr(in)16 conc_peak=16 pread=2.177s
DBG getmany L18 nw=16 wall=0.234s thr(out)1 thr(in)16 conc_peak=16 pread=2.173s
DBG getmany L19 nw=16 wall=0.234s thr(out)1 thr(in)16 conc_peak=16 pread=2.358s
DBG getmany L20 nw=16 wall=0.231s thr(out)1 thr(in)16 conc_peak=16 pread=2.133s
DBG getmany L21 nw=16 wall=0.773s thr(out)1 thr(in)16 conc_peak=16 pread=6.851s
DBG getmany L22 nw=16 wall=0.606s thr(out)1 thr(in)16 conc_peak=16 pread=8.927s
DBG getmany L23 nw=16 wall=0.749s thr(out)1 thr(in)16 conc_peak=16 pread=9.557s
DBG getmany L24 nw=16 wall=0.848s thr(out)1 thr(in)16 conc_peak=16 pread=9.259s
DBG getmany L25 nw=16 wall=0.780s thr(out)1 thr(in)16 conc_peak=16 pread=11.520s
DBG getmany L26 nw=16 wall=0.590s thr(out)1 thr(in)16 conc_peak=16 pread=8.343s
DBG getmany L27 nw=16 wall=0.687s thr(out)1 thr(in)16 conc_peak=16 pread=9.593s
DBG getmany L28 nw=16 wall=0.723s thr(out)1 thr(in)16 conc_peak=16 pread=8.774s
DBG getmany L29 nw=16 wall=0.778s thr(out)1 thr(in)16 conc_peak=16 pread=10.488s
DBG getmany L30 nw=16 wall=0.598s thr(out)1 thr(in)16 conc_peak=16 pread=7.586s
DBG getmany L31 nw=16 wall=0.776s thr(out)1 thr(in)16 conc_peak=16 pread=9.341s
DBG getmany L32 nw=16 wall=0.783s thr(out)1 thr(in)16 conc_peak=16 pread=11.374s
DBG getmany L33 nw=16 wall=0.807s thr(out)1 thr(in)16 conc_peak=16 pread=11.314s
DBG getmany L34 nw=16 wall=0.569s thr(out)1 thr(in)16 conc_peak=16 pread=7.465s
DBG getmany L35 nw=16 wall=0.787s thr(out)1 thr(in)16 conc_peak=16 pread=11.682s
DBG getmany L36 nw=16 wall=0.775s thr(out)1 thr(in)16 conc_peak=16 pread=10.121s
DBG getmany L37 nw=16 wall=0.755s thr(out)1 thr(in)16 conc_peak=16 pread=9.689s
DBG getmany L38 nw=16 wall=0.570s thr(out)1 thr(in)16 conc_peak=16 pread=7.655s
DBG getmany L39 nw=16 wall=0.778s thr(out)1 thr(in)16 conc_peak=16 pread=10.412s
DBG getmany L40 nw=16 wall=0.780s thr(out)1 thr(in)16 conc_peak=16 pread=11.520s
DBG getmany L41 nw=16 wall=0.758s thr(out)1 thr(in)16 conc_peak=16 pread=10.926s
DBG getmany L42 nw=16 wall=0.603s thr(out)1 thr(in)16 conc_peak=16 pread=7.903s
DBG getmany L43 nw=16 wall=0.814s thr(out)1 thr(in)16 conc_peak=16 pread=10.730s
DBG getmany L44 nw=16 wall=0.793s thr(out)1 thr(in)16 conc_peak=16 pread=10.023s
DBG getmany L45 nw=16 wall=0.790s thr(out)1 thr(in)16 conc_peak=16 pread=10.955s
DBG getmany L46 nw=16 wall=0.605s thr(out)1 thr(in)16 conc_peak=16 pread=7.512s
DBG getmany L47 nw=16 wall=0.770s thr(out)1 thr(in)16 conc_peak=16 pread=10.876s
DBG getmany L48 nw=16 wall=0.764s thr(out)1 thr(in)16 conc_peak=16 pread=11.048s
DBG getmany L49 nw=16 wall=0.808s thr(out)1 thr(in)16 conc_peak=16 pread=11.611s
DBG getmany L50 nw=16 wall=0.604s thr(out)1 thr(in)16 conc_peak=16 pread=7.238s
DBG getmany L51 nw=16 wall=0.772s thr(out)1 thr(in)16 conc_peak=16 pread=11.658s
DBG getmany L52 nw=16 wall=0.746s thr(out)1 thr(in)16 conc_peak=16 pread=10.442s
DBG getmany L53 nw=16 wall=0.793s thr(out)1 thr(in)16 conc_peak=16 pread=10.324s
DBG getmany L54 nw=16 wall=0.603s thr(out)1 thr(in)16 conc_peak=16 pread=8.256s
DBG getmany L55 nw=16 wall=0.782s thr(out)1 thr(in)16 conc_peak=16 pread=10.722s
DBG getmany L56 nw=16 wall=0.763s thr(out)1 thr(in)16 conc_peak=16 pread=6.499s
DBG getmany L57 nw=16 wall=0.780s thr(out)1 thr(in)16 conc_peak=16 pread=11.474s
DBG getmany L58 nw=16 wall=0.588s thr(out)1 thr(in)16 conc_peak=16 pread=8.714s
DBG getmany L59 nw=16 wall=0.786s thr(out)1 thr(in)16 conc_peak=16 pread=11.689s
DBG getmany L60 nw=16 wall=0.791s thr(out)1 thr(in)16 conc_peak=16 pread=11.596s
DBG getmany L61 nw=16 wall=0.750s thr(out)1 thr(in)16 conc_peak=16 pread=10.302s
DBG getmany L62 nw=16 wall=0.568s thr(out)1 thr(in)16 conc_peak=16 pread=8.326s
DBG getmany L63 nw=16 wall=0.779s thr(out)1 thr(in)16 conc_peak=16 pread=10.800s
DBG getmany L64 nw=16 wall=0.780s thr(out)1 thr(in)16 conc_peak=16 pread=10.706s
DBG getmany L65 nw=16 wall=0.767s thr(out)1 thr(in)16 conc_peak=16 pread=10.769s
DBG getmany L66 nw=16 wall=0.593s thr(out)1 thr(in)16 conc_peak=16 pread=8.623s
DBG getmany L67 nw=16 wall=0.793s thr(out)1 thr(in)16 conc_peak=16 pread=10.068s
DBG getmany L68 nw=16 wall=0.766s thr(out)1 thr(in)16 conc_peak=16 pread=10.902s
DBG getmany L69 nw=16 wall=0.795s thr(out)1 thr(in)16 conc_peak=16 pread=11.726s
DBG getmany L70 nw=16 wall=0.573s thr(out)1 thr(in)16 conc_peak=16 pread=7.679s
DBG getmany L71 nw=16 wall=0.840s thr(out)1 thr(in)16 conc_peak=16 pread=11.662s
DBG getmany L72 nw=16 wall=0.799s thr(out)1 thr(in)16 conc_peak=16 pread=9.284s
DBG getmany L73 nw=16 wall=0.790s thr(out)1 thr(in)16 conc_peak=16 pread=10.837s
DBG getmany L74 nw=16 wall=0.601s thr(out)1 thr(in)16 conc_peak=16 pread=8.275s
DBG getmany L75 nw=16 wall=0.793s thr(out)1 thr(in)16 conc_peak=16 pread=11.727s
DBG getmany L76 nw=16 wall=0.766s thr(out)1 thr(in)16 conc_peak=16 pread=9.908s
DBG getmany L77 nw=16 wall=0.782s thr(out)1 thr(in)16 conc_peak=16 pread=10.935s
DBG getmany L78 nw=16 wall=0.603s thr(out)1 thr(in)16 conc_peak=16 pread=8.620s
DBG getmany L79 nw=16 wall=0.776s thr(out)1 thr(in)16 conc_peak=16 pread=11.677s
DBG getmany L80 nw=16 wall=0.745s thr(out)1 thr(in)16 conc_peak=16 pread=9.493s
DBG getmany L81 nw=16 wall=0.782s thr(out)1 thr(in)16 conc_peak=16 pread=10.487s
DBG getmany L82 nw=16 wall=0.596s thr(out)1 thr(in)16 conc_peak=16 pread=8.252s
DBG getmany L83 nw=16 wall=0.809s thr(out)1 thr(in)16 conc_peak=16 pread=8.374s
DBG getmany L84 nw=16 wall=0.778s thr(out)1 thr(in)16 conc_peak=16 pread=11.760s
DBG getmany L85 nw=16 wall=0.757s thr(out)1 thr(in)16 conc_peak=16 pread=10.723s
DBG getmany L86 nw=16 wall=0.571s thr(out)1 thr(in)16 conc_peak=16 pread=7.723s
DBG getmany L87 nw=16 wall=0.734s thr(out)1 thr(in)16 conc_peak=16 pread=10.053s
DBG getmany L88 nw=16 wall=0.771s thr(out)1 thr(in)16 conc_peak=16 pread=9.272s
DBG getmany L89 nw=16 wall=0.807s thr(out)1 thr(in)16 conc_peak=16 pread=11.872s
DBG getmany L90 nw=16 wall=0.561s thr(out)1 thr(in)16 conc_peak=16 pread=7.435s
DBG getmany L91 nw=16 wall=0.593s thr(out)1 thr(in)16 conc_peak=16 pread=8.263s
DBG getmany L92 nw=16 wall=0.240s thr(out)1 thr(in)16 conc_peak=16 pread=2.391s
1      802        71.70        100.0      25.83      0.014
  L2   resident=6779/14589 slots hit=100.0% read=51.66GB write=0.00GB
DBG getmany L1 nw=16 wall=0.229s thr(out)1 thr(in)16 conc_peak=16 pread=2.170s
DBG getmany L2 nw=15 wall=0.221s thr(out)1 thr(in)16 conc_peak=15 pread=1.911s
DBG getmany L3 nw=13 wall=0.188s thr(out)1 thr(in)16 conc_peak=13 pread=1.363s
DBG getmany L4 nw=15 wall=0.217s thr(out)1 thr(in)16 conc_peak=15 pread=1.945s
DBG getmany L5 nw=16 wall=0.240s thr(out)1 thr(in)16 conc_peak=16 pread=2.115s
DBG getmany L6 nw=15 wall=0.228s thr(out)1 thr(in)16 conc_peak=15 pread=1.996s
DBG getmany L7 nw=15 wall=0.216s thr(out)1 thr(in)16 conc_peak=15 pread=1.852s
DBG getmany L8 nw=16 wall=0.229s thr(out)1 thr(in)16 conc_peak=16 pread=2.039s
DBG getmany L9 nw=15 wall=0.215s thr(out)1 thr(in)16 conc_peak=15 pread=2.029s
DBG getmany L10 nw=15 wall=0.219s thr(out)1 thr(in)16 conc_peak=15 pread=2.123s
DBG getmany L11 nw=15 wall=0.217s thr(out)1 thr(in)16 conc_peak=15 pread=2.062s
DBG getmany L12 nw=15 wall=0.219s thr(out)1 thr(in)16 conc_peak=15 pread=1.936s
DBG getmany L13 nw=16 wall=0.244s thr(out)1 thr(in)16 conc_peak=16 pread=2.273s
DBG getmany L14 nw=15 wall=0.216s thr(out)1 thr(in)16 conc_peak=15 pread=1.861s
DBG getmany L15 nw=16 wall=0.234s thr(out)1 thr(in)16 conc_peak=16 pread=2.055s
DBG getmany L16 nw=15 wall=0.221s thr(out)1 thr(in)16 conc_peak=15 pread=1.992s
DBG getmany L17 nw=16 wall=0.230s thr(out)1 thr(in)16 conc_peak=16 pread=2.152s
DBG getmany L18 nw=16 wall=0.237s thr(out)1 thr(in)16 conc_peak=16 pread=2.326s
DBG getmany L19 nw=16 wall=0.239s thr(out)1 thr(in)16 conc_peak=16 pread=2.443s
DBG getmany L20 nw=16 wall=0.231s thr(out)1 thr(in)16 conc_peak=16 pread=2.138s
DBG getmany L21 nw=16 wall=0.759s thr(out)1 thr(in)16 conc_peak=16 pread=8.988s
DBG getmany L22 nw=16 wall=0.601s thr(out)1 thr(in)16 conc_peak=16 pread=8.215s
DBG getmany L23 nw=15 wall=0.716s thr(out)1 thr(in)16 conc_peak=15 pread=10.153s
DBG getmany L24 nw=13 wall=0.789s thr(out)1 thr(in)16 conc_peak=13 pread=9.294s
DBG getmany L25 nw=15 wall=0.754s thr(out)1 thr(in)16 conc_peak=15 pread=9.840s
DBG getmany L26 nw=15 wall=0.558s thr(out)1 thr(in)16 conc_peak=15 pread=7.085s
DBG getmany L27 nw=16 wall=0.743s thr(out)1 thr(in)16 conc_peak=16 pread=11.185s
DBG getmany L28 nw=15 wall=0.697s thr(out)1 thr(in)16 conc_peak=15 pread=7.742s
DBG getmany L29 nw=16 wall=0.783s thr(out)1 thr(in)16 conc_peak=16 pread=11.211s
DBG getmany L30 nw=16 wall=0.604s thr(out)1 thr(in)16 conc_peak=16 pread=8.788s
DBG getmany L31 nw=16 wall=0.779s thr(out)1 thr(in)16 conc_peak=16 pread=11.675s
DBG getmany L32 nw=14 wall=0.618s thr(out)1 thr(in)16 conc_peak=14 pread=6.204s
DBG getmany L33 nw=15 wall=0.805s thr(out)1 thr(in)16 conc_peak=15 pread=8.632s
DBG getmany L34 nw=16 wall=0.606s thr(out)1 thr(in)16 conc_peak=16 pread=7.946s
DBG getmany L35 nw=16 wall=0.789s thr(out)1 thr(in)16 conc_peak=16 pread=11.078s
DBG getmany L36 nw=14 wall=0.754s thr(out)1 thr(in)16 conc_peak=14 pread=10.158s
DBG getmany L37 nw=16 wall=0.784s thr(out)1 thr(in)16 conc_peak=16 pread=11.450s
DBG getmany L38 nw=16 wall=0.561s thr(out)1 thr(in)16 conc_peak=16 pread=8.125s
DBG getmany L39 nw=16 wall=0.773s thr(out)1 thr(in)16 conc_peak=16 pread=11.039s
DBG getmany L40 nw=16 wall=0.774s thr(out)1 thr(in)16 conc_peak=16 pread=9.954s
DBG getmany L41 nw=16 wall=0.756s thr(out)1 thr(in)16 conc_peak=16 pread=8.486s
DBG getmany L42 nw=16 wall=0.591s thr(out)1 thr(in)16 conc_peak=16 pread=7.657s
DBG getmany L43 nw=16 wall=0.814s thr(out)1 thr(in)16 conc_peak=16 pread=11.234s
DBG getmany L44 nw=16 wall=0.788s thr(out)1 thr(in)16 conc_peak=16 pread=10.612s
DBG getmany L45 nw=16 wall=0.779s thr(out)1 thr(in)16 conc_peak=16 pread=11.825s
DBG getmany L46 nw=15 wall=0.581s thr(out)1 thr(in)16 conc_peak=15 pread=8.035s
DBG getmany L47 nw=15 wall=0.733s thr(out)1 thr(in)16 conc_peak=15 pread=10.059s
DBG getmany L48 nw=15 wall=0.737s thr(out)1 thr(in)16 conc_peak=15 pread=10.540s
DBG getmany L49 nw=15 wall=0.777s thr(out)1 thr(in)16 conc_peak=15 pread=10.191s
DBG getmany L50 nw=16 wall=0.590s thr(out)1 thr(in)16 conc_peak=16 pread=8.703s
DBG getmany L51 nw=16 wall=0.780s thr(out)1 thr(in)16 conc_peak=16 pread=10.642s
DBG getmany L52 nw=16 wall=0.740s thr(out)1 thr(in)16 conc_peak=16 pread=11.099s
DBG getmany L53 nw=15 wall=0.755s thr(out)1 thr(in)16 conc_peak=15 pread=9.547s
DBG getmany L54 nw=16 wall=0.582s thr(out)1 thr(in)16 conc_peak=16 pread=8.460s
DBG getmany L55 nw=16 wall=0.771s thr(out)1 thr(in)16 conc_peak=16 pread=11.582s
DBG getmany L56 nw=16 wall=0.756s thr(out)1 thr(in)16 conc_peak=16 pread=10.617s
DBG getmany L57 nw=16 wall=0.767s thr(out)1 thr(in)16 conc_peak=16 pread=10.402s
DBG getmany L58 nw=16 wall=0.588s thr(out)1 thr(in)16 conc_peak=16 pread=7.750s
DBG getmany L59 nw=16 wall=0.789s thr(out)1 thr(in)16 conc_peak=16 pread=11.857s
DBG getmany L60 nw=16 wall=0.789s thr(out)1 thr(in)16 conc_peak=16 pread=9.207s
DBG getmany L61 nw=16 wall=0.755s thr(out)1 thr(in)16 conc_peak=16 pread=10.521s
DBG getmany L62 nw=16 wall=0.570s thr(out)1 thr(in)16 conc_peak=16 pread=8.263s
DBG getmany L63 nw=16 wall=0.776s thr(out)1 thr(in)16 conc_peak=16 pread=10.308s
DBG getmany L64 nw=16 wall=0.779s thr(out)1 thr(in)16 conc_peak=16 pread=10.223s
DBG getmany L65 nw=16 wall=0.761s thr(out)1 thr(in)16 conc_peak=16 pread=10.966s
DBG getmany L66 nw=16 wall=0.593s thr(out)1 thr(in)16 conc_peak=16 pread=6.630s
DBG getmany L67 nw=16 wall=0.789s thr(out)1 thr(in)16 conc_peak=16 pread=11.216s
DBG getmany L68 nw=16 wall=0.754s thr(out)1 thr(in)16 conc_peak=16 pread=10.727s
DBG getmany L69 nw=16 wall=0.687s thr(out)1 thr(in)16 conc_peak=16 pread=8.731s
DBG getmany L70 nw=16 wall=0.571s thr(out)1 thr(in)16 conc_peak=16 pread=7.448s
DBG getmany L71 nw=16 wall=0.840s thr(out)1 thr(in)16 conc_peak=16 pread=9.274s
DBG getmany L72 nw=16 wall=0.760s thr(out)1 thr(in)16 conc_peak=16 pread=10.257s
DBG getmany L73 nw=16 wall=0.785s thr(out)1 thr(in)16 conc_peak=16 pread=10.969s
DBG getmany L74 nw=16 wall=0.583s thr(out)1 thr(in)16 conc_peak=16 pread=7.428s
DBG getmany L75 nw=16 wall=0.774s thr(out)1 thr(in)16 conc_peak=16 pread=10.556s
DBG getmany L76 nw=16 wall=0.743s thr(out)1 thr(in)16 conc_peak=16 pread=10.098s
DBG getmany L77 nw=16 wall=0.771s thr(out)1 thr(in)16 conc_peak=16 pread=9.373s
DBG getmany L78 nw=16 wall=8.009s thr(out)1 thr(in)16 conc_peak=16 pread=97.088s
DBG getmany L79 nw=16 wall=9.039s thr(out)1 thr(in)16 conc_peak=16 pread=98.717s
DBG getmany L80 nw=16 wall=0.679s thr(out)1 thr(in)16 conc_peak=16 pread=8.554s
DBG getmany L81 nw=15 wall=0.773s thr(out)1 thr(in)16 conc_peak=15 pread=7.966s
DBG getmany L82 nw=16 wall=0.584s thr(out)1 thr(in)16 conc_peak=16 pread=7.860s
DBG getmany L83 nw=13 wall=0.733s thr(out)1 thr(in)16 conc_peak=13 pread=8.030s
DBG getmany L84 nw=13 wall=0.725s thr(out)1 thr(in)16 conc_peak=13 pread=6.580s
DBG getmany L85 nw=14 wall=0.730s thr(out)1 thr(in)16 conc_peak=14 pread=9.743s
DBG getmany L86 nw=16 wall=0.568s thr(out)1 thr(in)16 conc_peak=16 pread=6.589s
DBG getmany L87 nw=13 wall=0.697s thr(out)1 thr(in)16 conc_peak=10 pread=8.673s
DBG getmany L88 nw=15 wall=0.750s thr(out)1 thr(in)16 conc_peak=15 pread=10.096s
DBG getmany L89 nw=13 wall=0.752s thr(out)1 thr(in)16 conc_peak=10 pread=8.210s
DBG getmany L90 nw=12 wall=0.522s thr(out)1 thr(in)16 conc_peak=12 pread=5.841s
DBG getmany L91 nw=13 wall=0.538s thr(out)1 thr(in)16 conc_peak=13 pread=5.506s
DBG getmany L92 nw=13 wall=0.188s thr(out)1 thr(in)16 conc_peak=12 pread=1.393s
2      24         92.72        100.0      24.85      0.011
  L2   resident=6779/14589 slots hit=100.0% read=76.51GB write=0.00GB
DBG getmany L1 nw=15 wall=0.215s thr(out)1 thr(in)16 conc_peak=15 pread=1.926s
DBG getmany L2 nw=14 wall=0.200s thr(out)1 thr(in)16 conc_peak=14 pread=1.731s
DBG getmany L3 nw=12 wall=0.173s thr(out)1 thr(in)16 conc_peak=12 pread=1.161s
DBG getmany L4 nw=13 wall=0.187s thr(out)1 thr(in)16 conc_peak=10 pread=1.410s
DBG getmany L5 nw=15 wall=0.224s thr(out)1 thr(in)16 conc_peak=15 pread=1.871s
DBG getmany L6 nw=16 wall=0.232s thr(out)1 thr(in)16 conc_peak=16 pread=2.205s
DBG getmany L7 nw=15 wall=0.219s thr(out)1 thr(in)16 conc_peak=15 pread=1.884s
DBG getmany L8 nw=16 wall=0.223s thr(out)1 thr(in)16 conc_peak=16 pread=2.007s
DBG getmany L9 nw=12 wall=0.173s thr(out)1 thr(in)16 conc_peak=12 pread=1.156s
DBG getmany L10 nw=10 wall=0.146s thr(out)1 thr(in)16 conc_peak=10 pread=0.867s
DBG getmany L11 nw=13 wall=0.187s thr(out)1 thr(in)16 conc_peak=13 pread=1.419s
DBG getmany L12 nw=14 wall=0.198s thr(out)1 thr(in)16 conc_peak=14 pread=1.625s
DBG getmany L13 nw=13 wall=0.190s thr(out)1 thr(in)16 conc_peak=13 pread=1.466s
DBG getmany L14 nw=13 wall=0.182s thr(out)1 thr(in)16 conc_peak=13 pread=1.383s
DBG getmany L15 nw=14 wall=0.198s thr(out)1 thr(in)16 conc_peak=14 pread=1.668s
DBG getmany L16 nw=12 wall=0.171s thr(out)1 thr(in)16 conc_peak=12 pread=1.144s
DBG getmany L17 nw=14 wall=0.201s thr(out)1 thr(in)16 conc_peak=14 pread=1.700s
DBG getmany L18 nw=13 wall=0.188s thr(out)1 thr(in)16 conc_peak=13 pread=1.406s
DBG getmany L19 nw=13 wall=0.188s thr(out)1 thr(in)16 conc_peak=13 pread=1.350s
DBG getmany L20 nw=12 wall=0.169s thr(out)1 thr(in)16 conc_peak=12 pread=1.165s
DBG getmany L21 nw=15 wall=0.755s thr(out)1 thr(in)16 conc_peak=15 pread=8.410s
DBG getmany L22 nw=15 wall=0.580s thr(out)1 thr(in)16 conc_peak=15 pread=7.263s
DBG getmany L23 nw=12 wall=0.667s thr(out)1 thr(in)16 conc_peak=12 pread=7.153s
DBG getmany L24 nw=13 wall=0.784s thr(out)1 thr(in)16 conc_peak=13 pread=8.665s
DBG getmany L25 nw=16 wall=0.772s thr(out)1 thr(in)16 conc_peak=16 pread=11.101s
DBG getmany L26 nw=14 wall=0.554s thr(out)1 thr(in)16 conc_peak=14 pread=5.505s
DBG getmany L27 nw=16 wall=0.724s thr(out)1 thr(in)16 conc_peak=16 pread=9.008s
DBG getmany L28 nw=15 wall=0.696s thr(out)1 thr(in)16 conc_peak=15 pread=8.065s
DBG getmany L29 nw=14 wall=0.742s thr(out)1 thr(in)16 conc_peak=14 pread=8.660s
DBG getmany L30 nw=15 wall=0.574s thr(out)1 thr(in)16 conc_peak=15 pread=6.096s
DBG getmany L31 nw=15 wall=0.782s thr(out)1 thr(in)16 conc_peak=15 pread=11.004s
DBG getmany L32 nw=12 wall=0.714s thr(out)1 thr(in)16 conc_peak=12 pread=7.280s
DBG getmany L33 nw=13 wall=0.774s thr(out)1 thr(in)16 conc_peak=13 pread=8.026s
DBG getmany L34 nw=15 wall=0.582s thr(out)1 thr(in)16 conc_peak=15 pread=6.113s
DBG getmany L35 nw=14 wall=0.768s thr(out)1 thr(in)16 conc_peak=14 pread=8.808s
DBG getmany L36 nw=14 wall=0.748s thr(out)1 thr(in)16 conc_peak=14 pread=8.371s
DBG getmany L37 nw=15 wall=0.751s thr(out)1 thr(in)16 conc_peak=15 pread=9.515s
DBG getmany L38 nw=14 wall=0.529s thr(out)1 thr(in)16 conc_peak=14 pread=5.826s
DBG getmany L39 nw=14 wall=0.749s thr(out)1 thr(in)16 conc_peak=14 pread=9.524s
DBG getmany L40 nw=15 wall=0.761s thr(out)1 thr(in)16 conc_peak=15 pread=8.406s
DBG getmany L41 nw=14 wall=0.719s thr(out)1 thr(in)16 conc_peak=14 pread=9.169s
DBG getmany L42 nw=14 wall=0.550s thr(out)1 thr(in)16 conc_peak=14 pread=6.887s
DBG getmany L43 nw=16 wall=11.802s thr(out)1 thr(in)16 conc_peak=16 pread=156.865s
DBG getmany L44 nw=16 wall=0.783s thr(out)1 thr(in)16 conc_peak=16 pread=10.933s
DBG getmany L45 nw=15 wall=0.768s thr(out)1 thr(in)16 conc_peak=15 pread=9.759s
DBG getmany L46 nw=14 wall=0.565s thr(out)1 thr(in)16 conc_peak=14 pread=6.483s
DBG getmany L47 nw=14 wall=0.723s thr(out)1 thr(in)16 conc_peak=14 pread=8.394s
DBG getmany L48 nw=15 wall=0.732s thr(out)1 thr(in)16 conc_peak=15 pread=10.391s
DBG getmany L49 nw=15 wall=0.678s thr(out)1 thr(in)16 conc_peak=15 pread=9.367s
DBG getmany L50 nw=15 wall=0.563s thr(out)1 thr(in)16 conc_peak=15 pread=7.252s
DBG getmany L51 nw=14 wall=0.722s thr(out)1 thr(in)16 conc_peak=14 pread=7.707s
DBG getmany L52 nw=13 wall=0.699s thr(out)1 thr(in)16 conc_peak=13 pread=8.011s
DBG getmany L53 nw=14 wall=0.744s thr(out)1 thr(in)16 conc_peak=14 pread=9.161s
DBG getmany L54 nw=15 wall=0.545s thr(out)1 thr(in)16 conc_peak=15 pread=6.997s
DBG getmany L55 nw=13 wall=0.716s thr(out)1 thr(in)16 conc_peak=13 pread=8.475s
DBG getmany L56 nw=15 wall=0.748s thr(out)1 thr(in)16 conc_peak=15 pread=10.482s
DBG getmany L57 nw=16 wall=0.712s thr(out)1 thr(in)16 conc_peak=16 pread=7.109s
DBG getmany L58 nw=13 wall=0.558s thr(out)1 thr(in)16 conc_peak=13 pread=6.541s
DBG getmany L59 nw=13 wall=0.742s thr(out)1 thr(in)16 conc_peak=13 pread=6.277s
DBG getmany L60 nw=15 wall=0.760s thr(out)1 thr(in)16 conc_peak=15 pread=9.075s
DBG getmany L61 nw=15 wall=0.741s thr(out)1 thr(in)16 conc_peak=13 pread=10.113s
DBG getmany L62 nw=12 wall=0.538s thr(out)1 thr(in)16 conc_peak=12 pread=5.363s
DBG getmany L63 nw=13 wall=0.733s thr(out)1 thr(in)16 conc_peak=13 pread=8.387s
DBG getmany L64 nw=14 wall=0.753s thr(out)1 thr(in)16 conc_peak=14 pread=7.395s
DBG getmany L65 nw=12 wall=0.707s thr(out)1 thr(in)16 conc_peak=7 pread=7.740s
DBG getmany L66 nw=14 wall=0.564s thr(out)1 thr(in)16 conc_peak=14 pread=7.239s
DBG getmany L67 nw=14 wall=0.768s thr(out)1 thr(in)16 conc_peak=14 pread=6.009s
DBG getmany L68 nw=13 wall=0.675s thr(out)1 thr(in)16 conc_peak=13 pread=6.297s
DBG getmany L69 nw=13 wall=0.748s thr(out)1 thr(in)16 conc_peak=12 pread=7.946s
DBG getmany L70 nw=12 wall=0.517s thr(out)1 thr(in)16 conc_peak=12 pread=4.866s
DBG getmany L71 nw=14 wall=0.801s thr(out)1 thr(in)16 conc_peak=14 pread=8.787s
DBG getmany L72 nw=15 wall=0.765s thr(out)1 thr(in)16 conc_peak=15 pread=11.002s
DBG getmany L73 nw=16 wall=0.784s thr(out)1 thr(in)16 conc_peak=16 pread=11.671s
DBG getmany L74 nw=16 wall=0.579s thr(out)1 thr(in)16 conc_peak=16 pread=8.556s
DBG getmany L75 nw=16 wall=0.769s thr(out)1 thr(in)16 conc_peak=16 pread=10.385s
DBG getmany L76 nw=16 wall=0.735s thr(out)1 thr(in)16 conc_peak=16 pread=8.962s
DBG getmany L77 nw=13 wall=0.687s thr(out)1 thr(in)16 conc_peak=10 pread=7.497s
DBG getmany L78 nw=14 wall=0.559s thr(out)1 thr(in)16 conc_peak=14 pread=6.853s
DBG getmany L79 nw=14 wall=0.732s thr(out)1 thr(in)16 conc_peak=14 pread=8.081s
DBG getmany L80 nw=16 wall=0.741s thr(out)1 thr(in)16 conc_peak=16 pread=9.762s
DBG getmany L81 nw=14 wall=0.749s thr(out)1 thr(in)16 conc_peak=14 pread=9.143s
DBG getmany L82 nw=15 wall=0.559s thr(out)1 thr(in)16 conc_peak=15 pread=6.261s
DBG getmany L83 nw=13 wall=0.735s thr(out)1 thr(in)16 conc_peak=13 pread=8.305s
DBG getmany L84 nw=10 wall=0.686s thr(out)1 thr(in)16 conc_peak=9 pread=5.205s
DBG getmany L85 nw=13 wall=0.707s thr(out)1 thr(in)16 conc_peak=12 pread=8.667s
DBG getmany L86 nw=14 wall=0.525s thr(out)1 thr(in)16 conc_peak=14 pread=5.730s
DBG getmany L87 nw=13 wall=0.701s thr(out)1 thr(in)16 conc_peak=13 pread=7.495s
DBG getmany L88 nw=12 wall=0.704s thr(out)1 thr(in)16 conc_peak=12 pread=7.618s
DBG getmany L89 nw=14 wall=0.770s thr(out)1 thr(in)16 conc_peak=14 pread=10.122s
DBG getmany L90 nw=13 wall=0.535s thr(out)1 thr(in)16 conc_peak=13 pread=5.629s
DBG getmany L91 nw=12 wall=0.525s thr(out)1 thr(in)16 conc_peak=12 pread=5.695s
DBG getmany L92 nw=13 wall=0.185s thr(out)1 thr(in)16 conc_peak=10 pread=1.386s
3      12         78.80        100.0      22.50      0.013
  L2   resident=6779/14589 slots hit=100.0% read=99.00GB write=0.00GB
DBG getmany L1 nw=13 wall=0.180s thr(out)1 thr(in)16 conc_peak=10 pread=1.396s
DBG getmany L2 nw=10 wall=0.147s thr(out)1 thr(in)16 conc_peak=10 pread=0.861s
DBG getmany L3 nw=10 wall=0.140s thr(out)1 thr(in)16 conc_peak=10 pread=0.809s
DBG getmany L4 nw=11 wall=0.153s thr(out)1 thr(in)16 conc_peak=10 pread=0.943s
DBG getmany L5 nw=11 wall=0.154s thr(out)1 thr(in)16 conc_peak=11 pread=0.955s
DBG getmany L6 nw=16 wall=0.226s thr(out)1 thr(in)16 conc_peak=16 pread=2.135s
DBG getmany L7 nw=15 wall=0.212s thr(out)1 thr(in)16 conc_peak=15 pread=1.772s
DBG getmany L8 nw=15 wall=0.215s thr(out)1 thr(in)16 conc_peak=15 pread=1.809s
DBG getmany L9 nw=11 wall=0.154s thr(out)1 thr(in)16 conc_peak=11 pread=1.023s
DBG getmany L10 nw=13 wall=0.190s thr(out)1 thr(in)16 conc_peak=13 pread=1.391s
DBG getmany L11 nw=10 wall=0.139s thr(out)1 thr(in)16 conc_peak=10 pread=0.782s
DBG getmany L12 nw=13 wall=0.185s thr(out)1 thr(in)16 conc_peak=13 pread=1.366s
DBG getmany L13 nw=13 wall=0.185s thr(out)1 thr(in)16 conc_peak=13 pread=1.355s
DBG getmany L14 nw=14 wall=0.199s thr(out)1 thr(in)16 conc_peak=14 pread=1.628s
DBG getmany L15 nw=11 wall=0.157s thr(out)1 thr(in)16 conc_peak=11 pread=1.013s
DBG getmany L16 nw=11 wall=0.151s thr(out)1 thr(in)16 conc_peak=11 pread=0.924s
DBG getmany L17 nw=12 wall=0.167s thr(out)1 thr(in)16 conc_peak=12 pread=1.162s
DBG getmany L18 nw=13 wall=0.184s thr(out)1 thr(in)16 conc_peak=13 pread=1.464s
DBG getmany L19 nw=10 wall=0.143s thr(out)1 thr(in)16 conc_peak=10 pread=0.850s
DBG getmany L20 nw=12 wall=0.171s thr(out)1 thr(in)16 conc_peak=8 pread=1.168s
DBG getmany L21 nw=13 wall=0.724s thr(out)1 thr(in)16 conc_peak=11 pread=7.335s
DBG getmany L22 nw=11 wall=0.516s thr(out)1 thr(in)16 conc_peak=11 pread=4.325s
DBG getmany L23 nw=11 wall=0.660s thr(out)1 thr(in)16 conc_peak=11 pread=5.156s
DBG getmany L24 nw=11 wall=0.749s thr(out)1 thr(in)16 conc_peak=11 pread=6.437s
DBG getmany L25 nw=15 wall=0.756s thr(out)1 thr(in)16 conc_peak=14 pread=7.929s
DBG getmany L26 nw=13 wall=0.531s thr(out)1 thr(in)16 conc_peak=13 pread=6.136s
DBG getmany L27 nw=15 wall=0.719s thr(out)1 thr(in)16 conc_peak=15 pread=10.216s
DBG getmany L28 nw=15 wall=0.700s thr(out)1 thr(in)16 conc_peak=15 pread=8.710s
DBG getmany L29 nw=13 wall=0.718s thr(out)1 thr(in)16 conc_peak=13 pread=8.335s
DBG getmany L30 nw=13 wall=0.554s thr(out)1 thr(in)16 conc_peak=13 pread=6.327s
DBG getmany L31 nw=14 wall=0.748s thr(out)1 thr(in)16 conc_peak=14 pread=9.804s
DBG getmany L32 nw=12 wall=0.709s thr(out)1 thr(in)16 conc_peak=12 pread=7.351s
DBG getmany L33 nw=12 wall=0.758s thr(out)1 thr(in)16 conc_peak=12 pread=7.657s
DBG getmany L34 nw=15 wall=0.576s thr(out)1 thr(in)16 conc_peak=15 pread=7.745s
DBG getmany L35 nw=13 wall=0.745s thr(out)1 thr(in)16 conc_peak=13 pread=7.558s
DBG getmany L36 nw=13 wall=0.710s thr(out)1 thr(in)16 conc_peak=13 pread=7.672s
DBG getmany L37 nw=13 wall=0.724s thr(out)1 thr(in)16 conc_peak=13 pread=7.147s
DBG getmany L38 nw=11 wall=0.482s thr(out)1 thr(in)16 conc_peak=11 pread=3.810s
DBG getmany L39 nw=12 wall=0.713s thr(out)1 thr(in)16 conc_peak=11 pread=7.550s
DBG getmany L40 nw=12 wall=0.713s thr(out)1 thr(in)16 conc_peak=12 pread=7.204s
DBG getmany L41 nw=11 wall=0.597s thr(out)1 thr(in)16 conc_peak=11 pread=4.110s
DBG getmany L42 nw=7 wall=0.452s thr(out)1 thr(in)16 conc_peak=7 pread=2.437s
DBG getmany L43 nw=12 wall=0.754s thr(out)1 thr(in)16 conc_peak=12 pread=6.500s
DBG getmany L44 nw=13 wall=0.739s thr(out)1 thr(in)16 conc_peak=13 pread=8.761s
DBG getmany L45 nw=9 wall=0.674s thr(out)1 thr(in)16 conc_peak=9 pread=4.063s
DBG getmany L46 nw=10 wall=0.503s thr(out)1 thr(in)16 conc_peak=10 pread=4.014s
DBG getmany L47 nw=11 wall=0.699s thr(out)1 thr(in)16 conc_peak=7 pread=5.295s
DBG getmany L48 nw=11 wall=0.481s thr(out)1 thr(in)16 conc_peak=11 pread=3.968s
DBG getmany L49 nw=14 wall=0.772s thr(out)1 thr(in)16 conc_peak=14 pread=9.537s
DBG getmany L50 nw=12 wall=0.528s thr(out)1 thr(in)16 conc_peak=12 pread=4.837s
DBG getmany L51 nw=11 wall=0.685s thr(out)1 thr(in)16 conc_peak=11 pread=6.736s
DBG getmany L52 nw=12 wall=0.682s thr(out)1 thr(in)16 conc_peak=12 pread=6.134s
DBG getmany L53 nw=11 wall=0.683s thr(out)1 thr(in)16 conc_peak=11 pread=6.126s
DBG getmany L54 nw=12 wall=0.498s thr(out)1 thr(in)16 conc_peak=12 pread=5.248s
DBG getmany L55 nw=11 wall=0.699s thr(out)1 thr(in)16 conc_peak=11 pread=5.385s
DBG getmany L56 nw=12 wall=0.722s thr(out)1 thr(in)16 conc_peak=12 pread=7.148s
DBG getmany L57 nw=15 wall=0.764s thr(out)1 thr(in)16 conc_peak=15 pread=9.022s
DBG getmany L58 nw=14 wall=0.576s thr(out)1 thr(in)16 conc_peak=14 pread=6.882s
DBG getmany L59 nw=13 wall=0.743s thr(out)1 thr(in)16 conc_peak=13 pread=8.399s
DBG getmany L60 nw=16 wall=0.793s thr(out)1 thr(in)16 conc_peak=16 pread=10.271s
DBG getmany L61 nw=15 wall=0.745s thr(out)1 thr(in)16 conc_peak=15 pread=9.779s
DBG getmany L62 nw=13 wall=0.531s thr(out)1 thr(in)16 conc_peak=13 pread=5.827s
DBG getmany L63 nw=15 wall=0.715s thr(out)1 thr(in)16 conc_peak=15 pread=9.148s
DBG getmany L64 nw=13 wall=0.734s thr(out)1 thr(in)16 conc_peak=13 pread=7.414s
DBG getmany L65 nw=15 wall=0.757s thr(out)1 thr(in)16 conc_peak=15 pread=8.394s
DBG getmany L66 nw=16 wall=0.584s thr(out)1 thr(in)16 conc_peak=16 pread=8.629s
DBG getmany L67 nw=12 wall=0.738s thr(out)1 thr(in)16 conc_peak=12 pread=6.338s
DBG getmany L68 nw=14 wall=0.737s thr(out)1 thr(in)16 conc_peak=14 pread=8.888s
DBG getmany L69 nw=14 wall=0.759s thr(out)1 thr(in)16 conc_peak=14 pread=9.213s
DBG getmany L70 nw=13 wall=0.536s thr(out)1 thr(in)16 conc_peak=13 pread=6.340s
DBG getmany L71 nw=14 wall=0.810s thr(out)1 thr(in)16 conc_peak=14 pread=10.132s
DBG getmany L72 nw=16 wall=0.790s thr(out)1 thr(in)16 conc_peak=16 pread=10.738s
DBG getmany L73 nw=16 wall=0.780s thr(out)1 thr(in)16 conc_peak=16 pread=9.522s
DBG getmany L74 nw=16 wall=0.576s thr(out)1 thr(in)16 conc_peak=16 pread=8.027s
DBG getmany L75 nw=15 wall=0.758s thr(out)1 thr(in)16 conc_peak=15 pread=10.852s
DBG getmany L76 nw=16 wall=0.578s thr(out)1 thr(in)16 conc_peak=16 pread=6.292s
DBG getmany L77 nw=14 wall=0.741s thr(out)1 thr(in)16 conc_peak=14 pread=8.503s
DBG getmany L78 nw=14 wall=0.567s thr(out)1 thr(in)16 conc_peak=14 pread=5.925s
DBG getmany L79 nw=15 wall=0.754s thr(out)1 thr(in)16 conc_peak=15 pread=8.591s
DBG getmany L80 nw=16 wall=0.675s thr(out)1 thr(in)16 conc_peak=16 pread=8.069s
DBG getmany L81 nw=15 wall=0.773s thr(out)1 thr(in)16 conc_peak=15 pread=8.843s
DBG getmany L82 nw=16 wall=0.580s thr(out)1 thr(in)16 conc_peak=16 pread=8.141s
DBG getmany L83 nw=14 wall=0.727s thr(out)1 thr(in)16 conc_peak=14 pread=9.364s
DBG getmany L84 nw=13 wall=0.741s thr(out)1 thr(in)16 conc_peak=13 pread=8.767s
DBG getmany L85 nw=15 wall=0.756s thr(out)1 thr(in)16 conc_peak=14 pread=8.810s
DBG getmany L86 nw=15 wall=0.570s thr(out)1 thr(in)16 conc_peak=15 pread=7.827s
DBG getmany L87 nw=14 wall=0.613s thr(out)1 thr(in)16 conc_peak=14 pread=7.339s
DBG getmany L88 nw=13 wall=0.740s thr(out)1 thr(in)16 conc_peak=13 pread=8.558s
DBG getmany L89 nw=10 wall=0.721s thr(out)1 thr(in)16 conc_peak=10 pread=6.352s
DBG getmany L90 nw=9 wall=0.488s thr(out)1 thr(in)16 conc_peak=9 pread=3.887s
DBG getmany L91 nw=9 wall=0.492s thr(out)1 thr(in)16 conc_peak=8 pread=3.677s
DBG getmany L92 nw=14 wall=0.234s thr(out)1 thr(in)16 conc_peak=14 pread=1.908s
4      2975       69.47        98.7       21.16      0.014
  L2   resident=6779/14589 slots hit=100.0% read=119.83GB write=0.00GB
DBG getmany L1 nw=13 wall=0.193s thr(out)1 thr(in)16 conc_peak=13 pread=1.445s
DBG getmany L2 nw=12 wall=0.185s thr(out)1 thr(in)16 conc_peak=11 pread=1.350s
DBG getmany L3 nw=11 wall=0.158s thr(out)1 thr(in)16 conc_peak=11 pread=0.969s
DBG getmany L4 nw=13 wall=0.207s thr(out)1 thr(in)16 conc_peak=13 pread=1.531s
DBG getmany L5 nw=12 wall=0.183s thr(out)1 thr(in)16 conc_peak=12 pread=1.274s
DBG getmany L6 nw=16 wall=0.236s thr(out)1 thr(in)16 conc_peak=16 pread=2.231s
DBG getmany L7 nw=15 wall=0.220s thr(out)1 thr(in)16 conc_peak=15 pread=1.857s
DBG getmany L8 nw=15 wall=0.224s thr(out)1 thr(in)16 conc_peak=15 pread=1.994s
DBG getmany L9 nw=12 wall=0.178s thr(out)1 thr(in)16 conc_peak=12 pread=1.272s
DBG getmany L10 nw=11 wall=0.157s thr(out)1 thr(in)16 conc_peak=11 pread=0.992s
DBG getmany L11 nw=12 wall=0.181s thr(out)1 thr(in)16 conc_peak=12 pread=1.267s
DBG getmany L12 nw=14 wall=0.207s thr(out)1 thr(in)16 conc_peak=13 pread=1.650s
DBG getmany L13 nw=13 wall=0.201s thr(out)1 thr(in)16 conc_peak=13 pread=1.580s
DBG getmany L14 nw=14 wall=0.219s thr(out)1 thr(in)16 conc_peak=14 pread=1.770s
DBG getmany L15 nw=12 wall=0.190s thr(out)1 thr(in)16 conc_peak=12 pread=1.321s
DBG getmany L16 nw=12 wall=0.183s thr(out)1 thr(in)16 conc_peak=9 pread=1.248s
DBG getmany L17 nw=14 wall=0.209s thr(out)1 thr(in)16 conc_peak=14 pread=1.639s
DBG getmany L18 nw=13 wall=0.193s thr(out)1 thr(in)16 conc_peak=13 pread=1.468s
DBG getmany L19 nw=13 wall=0.204s thr(out)1 thr(in)16 conc_peak=13 pread=1.531s
DBG getmany L20 nw=11 wall=0.164s thr(out)1 thr(in)16 conc_peak=11 pread=0.999s
DBG getmany L21 nw=14 wall=0.757s thr(out)1 thr(in)16 conc_peak=13 pread=10.002s
DBG getmany L22 nw=13 wall=0.556s thr(out)1 thr(in)16 conc_peak=13 pread=6.503s
DBG getmany L23 nw=13 wall=0.684s thr(out)1 thr(in)16 conc_peak=13 pread=8.108s
DBG getmany L24 nw=14 wall=0.800s thr(out)1 thr(in)16 conc_peak=14 pread=9.917s
DBG getmany L25 nw=16 wall=0.782s thr(out)1 thr(in)16 conc_peak=16 pread=8.731s
DBG getmany L26 nw=11 wall=0.502s thr(out)1 thr(in)16 conc_peak=11 pread=3.844s
DBG getmany L27 nw=15 wall=0.710s thr(out)1 thr(in)16 conc_peak=15 pread=9.068s
DBG getmany L28 nw=15 wall=0.704s thr(out)1 thr(in)16 conc_peak=15 pread=6.526s
DBG getmany L29 nw=14 wall=0.622s thr(out)1 thr(in)16 conc_peak=14 pread=7.745s
DBG getmany L30 nw=14 wall=0.580s thr(out)1 thr(in)16 conc_peak=14 pread=7.436s
DBG getmany L31 nw=14 wall=0.547s thr(out)1 thr(in)16 conc_peak=13 pread=5.309s
DBG getmany L32 nw=13 wall=0.723s thr(out)1 thr(in)16 conc_peak=13 pread=7.876s
DBG getmany L33 nw=9 wall=0.724s thr(out)1 thr(in)16 conc_peak=9 pread=4.963s
DBG getmany L34 nw=15 wall=0.591s thr(out)1 thr(in)16 conc_peak=15 pread=6.194s
DBG getmany L35 nw=15 wall=0.795s thr(out)1 thr(in)16 conc_peak=15 pread=10.597s
DBG getmany L36 nw=15 wall=0.770s thr(out)1 thr(in)16 conc_peak=15 pread=9.844s
DBG getmany L37 nw=14 wall=0.742s thr(out)1 thr(in)16 conc_peak=14 pread=9.455s
DBG getmany L38 nw=11 wall=0.485s thr(out)1 thr(in)16 conc_peak=11 pread=4.443s
DBG getmany L39 nw=12 wall=0.726s thr(out)1 thr(in)16 conc_peak=12 pread=6.793s
DBG getmany L40 nw=12 wall=0.734s thr(out)1 thr(in)16 conc_peak=12 pread=7.828s
DBG getmany L41 nw=12 wall=0.703s thr(out)1 thr(in)16 conc_peak=12 pread=7.256s
DBG getmany L42 nw=9 wall=0.484s thr(out)1 thr(in)16 conc_peak=9 pread=3.489s
DBG getmany L43 nw=11 wall=0.745s thr(out)1 thr(in)16 conc_peak=11 pread=7.120s
DBG getmany L44 nw=14 wall=0.761s thr(out)1 thr(in)16 conc_peak=14 pread=7.700s
DBG getmany L45 nw=11 wall=0.587s thr(out)1 thr(in)16 conc_peak=11 pread=4.388s
DBG getmany L46 nw=11 wall=0.524s thr(out)1 thr(in)16 conc_peak=11 pread=5.189s
DBG getmany L47 nw=13 wall=0.721s thr(out)1 thr(in)16 conc_peak=13 pread=4.952s
DBG getmany L48 nw=12 wall=0.701s thr(out)1 thr(in)16 conc_peak=12 pread=6.740s
DBG getmany L49 nw=15 wall=0.788s thr(out)1 thr(in)16 conc_peak=15 pread=10.399s
DBG getmany L50 nw=13 wall=0.545s thr(out)1 thr(in)16 conc_peak=13 pread=6.397s
DBG getmany L51 nw=13 wall=0.722s thr(out)1 thr(in)16 conc_peak=13 pread=7.560s
DBG getmany L52 nw=12 wall=0.700s thr(out)1 thr(in)16 conc_peak=11 pread=7.374s
DBG getmany L53 nw=13 wall=0.725s thr(out)1 thr(in)16 conc_peak=13 pread=7.614s
DBG getmany L54 nw=14 wall=0.562s thr(out)1 thr(in)16 conc_peak=10 pread=6.680s
DBG getmany L55 nw=13 wall=0.727s thr(out)1 thr(in)16 conc_peak=13 pread=5.171s
DBG getmany L56 nw=15 wall=0.753s thr(out)1 thr(in)16 conc_peak=15 pread=8.278s
DBG getmany L57 nw=15 wall=0.772s thr(out)1 thr(in)16 conc_peak=15 pread=10.004s
DBG getmany L58 nw=10 wall=0.483s thr(out)1 thr(in)16 conc_peak=10 pread=4.153s
DBG getmany L59 nw=10 wall=0.705s thr(out)1 thr(in)16 conc_peak=10 pread=6.340s
DBG getmany L60 nw=13 wall=0.757s thr(out)1 thr(in)16 conc_peak=13 pread=9.065s
DBG getmany L61 nw=14 wall=0.750s thr(out)1 thr(in)16 conc_peak=14 pread=9.729s
DBG getmany L62 nw=10 wall=0.496s thr(out)1 thr(in)16 conc_peak=10 pread=4.435s
DBG getmany L63 nw=14 wall=0.759s thr(out)1 thr(in)16 conc_peak=14 pread=7.270s
DBG getmany L64 nw=12 wall=0.722s thr(out)1 thr(in)16 conc_peak=12 pread=7.544s
DBG getmany L65 nw=13 wall=0.733s thr(out)1 thr(in)16 conc_peak=13 pread=7.806s
DBG getmany L66 nw=13 wall=0.554s thr(out)1 thr(in)16 conc_peak=13 pread=5.820s
DBG getmany L67 nw=14 wall=0.763s thr(out)1 thr(in)16 conc_peak=14 pread=10.138s
DBG getmany L68 nw=15 wall=0.760s thr(out)1 thr(in)16 conc_peak=15 pread=10.655s
DBG getmany L69 nw=10 wall=0.704s thr(out)1 thr(in)16 conc_peak=10 pread=5.036s
DBG getmany L70 nw=8 wall=0.461s thr(out)1 thr(in)16 conc_peak=8 pread=3.181s
DBG getmany L71 nw=13 wall=0.791s thr(out)1 thr(in)16 conc_peak=13 pread=9.096s
DBG getmany L72 nw=12 wall=0.734s thr(out)1 thr(in)16 conc_peak=12 pread=7.529s
DBG getmany L73 nw=12 wall=0.732s thr(out)1 thr(in)16 conc_peak=12 pread=6.017s
DBG getmany L74 nw=9 wall=0.406s thr(out)1 thr(in)16 conc_peak=9 pread=2.609s
DBG getmany L75 nw=8 wall=0.670s thr(out)1 thr(in)16 conc_peak=8 pread=4.647s
DBG getmany L76 nw=13 wall=0.681s thr(out)1 thr(in)16 conc_peak=13 pread=6.599s
DBG getmany L77 nw=9 wall=0.669s thr(out)1 thr(in)16 conc_peak=9 pread=4.479s
DBG getmany L78 nw=10 wall=0.516s thr(out)1 thr(in)16 conc_peak=10 pread=4.470s
DBG getmany L79 nw=9 wall=0.682s thr(out)1 thr(in)16 conc_peak=9 pread=3.315s
DBG getmany L80 nw=13 wall=0.687s thr(out)1 thr(in)16 conc_peak=12 pread=7.412s
DBG getmany L81 nw=14 wall=0.759s thr(out)1 thr(in)16 conc_peak=14 pread=9.357s
DBG getmany L82 nw=13 wall=0.547s thr(out)1 thr(in)16 conc_peak=13 pread=6.530s
DBG getmany L83 nw=12 wall=0.753s thr(out)1 thr(in)16 conc_peak=12 pread=8.294s
DBG getmany L84 nw=13 wall=0.742s thr(out)1 thr(in)16 conc_peak=10 pread=9.217s
DBG getmany L85 nw=13 wall=0.724s thr(out)1 thr(in)16 conc_peak=13 pread=8.118s
DBG getmany L86 nw=12 wall=0.542s thr(out)1 thr(in)16 conc_peak=12 pread=5.608s
DBG getmany L87 nw=9 wall=0.676s thr(out)1 thr(in)16 conc_peak=9 pread=5.301s
DBG getmany L88 nw=13 wall=0.725s thr(out)1 thr(in)16 conc_peak=13 pread=6.469s
DBG getmany L89 nw=10 wall=0.719s thr(out)1 thr(in)16 conc_peak=10 pread=5.067s
DBG getmany L90 nw=10 wall=0.493s thr(out)1 thr(in)16 conc_peak=9 pread=4.644s
DBG getmany L91 nw=9 wall=0.487s thr(out)1 thr(in)16 conc_peak=9 pread=3.640s
DBG getmany L92 nw=12 wall=0.174s thr(out)1 thr(in)16 conc_peak=12 pread=1.165s
5      15         66.34        100.0      20.13      0.015
  L2   resident=6779/14589 slots hit=100.0% read=139.96GB write=0.00GB
DBG getmany L1 nw=14 wall=0.198s thr(out)1 thr(in)16 conc_peak=14 pread=1.575s
DBG getmany L2 nw=12 wall=0.180s thr(out)1 thr(in)16 conc_peak=12 pread=1.226s
DBG getmany L3 nw=10 wall=0.148s thr(out)1 thr(in)16 conc_peak=10 pread=0.875s
DBG getmany L4 nw=12 wall=0.181s thr(out)1 thr(in)16 conc_peak=12 pread=1.263s
DBG getmany L5 nw=7 wall=0.105s thr(out)1 thr(in)16 conc_peak=4 pread=0.441s
DBG getmany L6 nw=15 wall=0.216s thr(out)1 thr(in)16 conc_peak=15 pread=1.951s
DBG getmany L7 nw=14 wall=0.202s thr(out)1 thr(in)16 conc_peak=14 pread=1.663s
DBG getmany L8 nw=14 wall=0.210s thr(out)1 thr(in)16 conc_peak=14 pread=1.602s
DBG getmany L9 nw=12 wall=0.183s thr(out)1 thr(in)16 conc_peak=12 pread=1.241s
DBG getmany L10 nw=10 wall=0.146s thr(out)1 thr(in)16 conc_peak=9 pread=0.869s
DBG getmany L11 nw=12 wall=0.175s thr(out)1 thr(in)16 conc_peak=12 pread=1.200s
DBG getmany L12 nw=13 wall=0.197s thr(out)1 thr(in)16 conc_peak=10 pread=1.416s
DBG getmany L13 nw=13 wall=0.197s thr(out)1 thr(in)16 conc_peak=13 pread=1.453s
DBG getmany L14 nw=16 wall=0.243s thr(out)1 thr(in)16 conc_peak=16 pread=2.283s
DBG getmany L15 nw=14 wall=0.209s thr(out)1 thr(in)16 conc_peak=14 pread=1.655s
DBG getmany L16 nw=11 wall=0.166s thr(out)1 thr(in)16 conc_peak=11 pread=1.048s
DBG getmany L17 nw=13 wall=0.193s thr(out)1 thr(in)16 conc_peak=13 pread=1.415s
DBG getmany L18 nw=12 wall=0.179s thr(out)1 thr(in)16 conc_peak=9 pread=1.270s
DBG getmany L19 nw=14 wall=0.213s thr(out)1 thr(in)16 conc_peak=14 pread=1.654s
DBG getmany L20 nw=10 wall=0.152s thr(out)1 thr(in)16 conc_peak=10 pread=0.866s
DBG getmany L21 nw=13 wall=0.704s thr(out)1 thr(in)16 conc_peak=11 pread=7.185s
DBG getmany L22 nw=10 wall=0.446s thr(out)1 thr(in)16 conc_peak=9 pread=3.360s
DBG getmany L23 nw=12 wall=0.674s thr(out)1 thr(in)16 conc_peak=12 pread=7.398s
DBG getmany L24 nw=15 wall=0.812s thr(out)1 thr(in)16 conc_peak=15 pread=10.044s
DBG getmany L25 nw=13 wall=0.736s thr(out)1 thr(in)16 conc_peak=13 pread=7.940s
DBG getmany L26 nw=13 wall=0.508s thr(out)1 thr(in)16 conc_peak=13 pread=5.045s
DBG getmany L27 nw=15 wall=0.717s thr(out)1 thr(in)16 conc_peak=15 pread=8.699s
DBG getmany L28 nw=14 wall=0.673s thr(out)1 thr(in)16 conc_peak=14 pread=8.465s
DBG getmany L29 nw=14 wall=0.659s thr(out)1 thr(in)16 conc_peak=13 pread=7.651s
DBG getmany L30 nw=11 wall=0.472s thr(out)1 thr(in)16 conc_peak=8 pread=4.043s
DBG getmany L31 nw=13 wall=0.734s thr(out)1 thr(in)16 conc_peak=13 pread=8.073s
DBG getmany L32 nw=11 wall=0.700s thr(out)1 thr(in)16 conc_peak=11 pread=5.191s
DBG getmany L33 nw=14 wall=0.778s thr(out)1 thr(in)16 conc_peak=14 pread=10.279s
DBG getmany L34 nw=14 wall=0.570s thr(out)1 thr(in)16 conc_peak=14 pread=7.297s
DBG getmany L35 nw=11 wall=0.729s thr(out)1 thr(in)16 conc_peak=11 pread=7.038s
DBG getmany L36 nw=14 wall=0.748s thr(out)1 thr(in)16 conc_peak=14 pread=9.690s
DBG getmany L37 nw=14 wall=0.743s thr(out)1 thr(in)16 conc_peak=14 pread=8.671s
DBG getmany L38 nw=11 wall=0.467s thr(out)1 thr(in)16 conc_peak=11 pread=4.225s
DBG getmany L39 nw=14 wall=0.746s thr(out)1 thr(in)16 conc_peak=14 pread=9.560s
DBG getmany L40 nw=13 wall=0.730s thr(out)1 thr(in)16 conc_peak=13 pread=7.207s
DBG getmany L41 nw=9 wall=0.611s thr(out)1 thr(in)16 conc_peak=8 pread=4.055s
DBG getmany L42 nw=8 wall=0.467s thr(out)1 thr(in)16 conc_peak=8 pread=3.215s
DBG getmany L43 nw=9 wall=0.708s thr(out)1 thr(in)16 conc_peak=9 pread=4.952s
DBG getmany L44 nw=12 wall=0.723s thr(out)1 thr(in)16 conc_peak=12 pread=6.499s
DBG getmany L45 nw=10 wall=0.699s thr(out)1 thr(in)16 conc_peak=10 pread=5.412s
DBG getmany L46 nw=10 wall=0.501s thr(out)1 thr(in)16 conc_peak=10 pread=4.612s
DBG getmany L47 nw=11 wall=0.680s thr(out)1 thr(in)16 conc_peak=11 pread=6.147s
DBG getmany L48 nw=13 wall=0.708s thr(out)1 thr(in)16 conc_peak=13 pread=8.579s
DBG getmany L49 nw=15 wall=0.783s thr(out)1 thr(in)16 conc_peak=15 pread=11.098s
DBG getmany L50 nw=12 wall=0.528s thr(out)1 thr(in)16 conc_peak=12 pread=5.361s
DBG getmany L51 nw=11 wall=3.299s thr(out)1 thr(in)16 conc_peak=11 pread=21.835s
DBG getmany L52 nw=13 wall=7.438s thr(out)1 thr(in)16 conc_peak=13 pread=83.514s
DBG getmany L53 nw=12 wall=0.717s thr(out)1 thr(in)16 conc_peak=11 pread=7.648s
DBG getmany L54 nw=12 wall=0.524s thr(out)1 thr(in)16 conc_peak=12 pread=5.499s
DBG getmany L55 nw=12 wall=0.708s thr(out)1 thr(in)16 conc_peak=12 pread=7.194s
DBG getmany L56 nw=11 wall=0.698s thr(out)1 thr(in)16 conc_peak=11 pread=7.243s
DBG getmany L57 nw=14 wall=0.748s thr(out)1 thr(in)16 conc_peak=14 pread=9.714s
DBG getmany L58 nw=10 wall=0.508s thr(out)1 thr(in)16 conc_peak=10 pread=4.561s
DBG getmany L59 nw=9 wall=0.697s thr(out)1 thr(in)16 conc_peak=9 pread=4.610s
DBG getmany L60 nw=12 wall=0.727s thr(out)1 thr(in)16 conc_peak=12 pread=6.540s
DBG getmany L61 nw=12 wall=0.707s thr(out)1 thr(in)16 conc_peak=12 pread=7.667s
DBG getmany L62 nw=13 wall=0.530s thr(out)1 thr(in)16 conc_peak=13 pread=5.362s
DBG getmany L63 nw=12 wall=0.710s thr(out)1 thr(in)16 conc_peak=12 pread=6.599s
DBG getmany L64 nw=12 wall=0.730s thr(out)1 thr(in)16 conc_peak=12 pread=5.500s
DBG getmany L65 nw=11 wall=0.708s thr(out)1 thr(in)16 conc_peak=11 pread=6.739s
DBG getmany L66 nw=10 wall=0.509s thr(out)1 thr(in)16 conc_peak=10 pread=4.718s
DBG getmany L67 nw=13 wall=0.747s thr(out)1 thr(in)16 conc_peak=13 pread=7.394s
DBG getmany L68 nw=12 wall=0.719s thr(out)1 thr(in)16 conc_peak=12 pread=7.872s
DBG getmany L69 nw=12 wall=0.736s thr(out)1 thr(in)16 conc_peak=12 pread=7.391s
DBG getmany L70 nw=10 wall=0.492s thr(out)1 thr(in)16 conc_peak=10 pread=3.560s
DBG getmany L71 nw=10 wall=0.747s thr(out)1 thr(in)16 conc_peak=10 pread=6.295s
DBG getmany L72 nw=11 wall=0.551s thr(out)1 thr(in)16 conc_peak=11 pread=4.271s
DBG getmany L73 nw=13 wall=0.734s thr(out)1 thr(in)16 conc_peak=13 pread=7.757s
DBG getmany L74 nw=7 wall=0.453s thr(out)1 thr(in)16 conc_peak=7 pread=2.509s
DBG getmany L75 nw=8 wall=0.653s thr(out)1 thr(in)16 conc_peak=8 pread=4.715s
DBG getmany L76 nw=10 wall=0.651s thr(out)1 thr(in)16 conc_peak=8 pread=5.107s
DBG getmany L77 nw=9 wall=0.676s thr(out)1 thr(in)16 conc_peak=9 pread=5.040s
DBG getmany L78 nw=11 wall=0.495s thr(out)1 thr(in)16 conc_peak=11 pread=5.016s
DBG getmany L79 nw=9 wall=0.642s thr(out)1 thr(in)16 conc_peak=9 pread=4.886s
DBG getmany L80 nw=10 wall=0.660s thr(out)1 thr(in)16 conc_peak=9 pread=5.783s
DBG getmany L81 nw=13 wall=0.742s thr(out)1 thr(in)16 conc_peak=10 pread=7.561s
DBG getmany L82 nw=11 wall=0.518s thr(out)1 thr(in)16 conc_peak=11 pread=5.142s
DBG getmany L83 nw=11 wall=0.699s thr(out)1 thr(in)16 conc_peak=11 pread=7.194s
DBG getmany L84 nw=12 wall=0.701s thr(out)1 thr(in)16 conc_peak=12 pread=7.465s
DBG getmany L85 nw=10 wall=0.670s thr(out)1 thr(in)16 conc_peak=10 pread=6.297s
DBG getmany L86 nw=11 wall=0.514s thr(out)1 thr(in)16 conc_peak=11 pread=4.507s
DBG getmany L87 nw=9 wall=0.662s thr(out)1 thr(in)16 conc_peak=9 pread=5.454s
DBG getmany L88 nw=11 wall=0.700s thr(out)1 thr(in)16 conc_peak=11 pread=7.300s
DBG getmany L89 nw=7 wall=0.681s thr(out)1 thr(in)16 conc_peak=7 pread=3.785s
DBG getmany L90 nw=8 wall=0.471s thr(out)1 thr(in)16 conc_peak=8 pread=3.507s
DBG getmany L91 nw=8 wall=0.449s thr(out)1 thr(in)16 conc_peak=8 pread=1.465s
DBG getmany L92 nw=11 wall=0.157s thr(out)1 thr(in)16 conc_peak=11 pread=1.017s
6      3629       76.13        99.9       18.79      0.013
  L2   resident=6779/14589 slots hit=100.0% read=158.72GB write=0.00GB
DBG getmany L1 nw=15 wall=0.215s thr(out)1 thr(in)16 conc_peak=15 pread=1.993s
DBG getmany L2 nw=14 wall=0.207s thr(out)1 thr(in)16 conc_peak=14 pread=1.712s
DBG getmany L3 nw=10 wall=0.145s thr(out)1 thr(in)16 conc_peak=9 pread=0.816s
DBG getmany L4 nw=14 wall=0.202s thr(out)1 thr(in)16 conc_peak=14 pread=1.660s
DBG getmany L5 nw=13 wall=0.189s thr(out)1 thr(in)16 conc_peak=13 pread=1.467s
DBG getmany L6 nw=15 wall=0.219s thr(out)1 thr(in)16 conc_peak=15 pread=1.809s
DBG getmany L7 nw=15 wall=0.217s thr(out)1 thr(in)16 conc_peak=15 pread=1.988s
DBG getmany L8 nw=15 wall=0.217s thr(out)1 thr(in)16 conc_peak=15 pread=1.776s
DBG getmany L9 nw=15 wall=0.214s thr(out)1 thr(in)16 conc_peak=15 pread=1.924s
DBG getmany L10 nw=12 wall=0.168s thr(out)1 thr(in)16 conc_peak=12 pread=1.230s
DBG getmany L11 nw=13 wall=0.183s thr(out)1 thr(in)16 conc_peak=13 pread=1.371s
DBG getmany L12 nw=13 wall=0.185s thr(out)1 thr(in)16 conc_peak=13 pread=1.323s
DBG getmany L13 nw=15 wall=0.221s thr(out)1 thr(in)16 conc_peak=15 pread=2.132s
DBG getmany L14 nw=16 wall=0.232s thr(out)1 thr(in)16 conc_peak=16 pread=2.140s
DBG getmany L15 nw=15 wall=0.220s thr(out)1 thr(in)16 conc_peak=15 pread=1.946s
DBG getmany L16 nw=14 wall=0.211s thr(out)1 thr(in)16 conc_peak=14 pread=1.707s
DBG getmany L17 nw=13 wall=0.189s thr(out)1 thr(in)16 conc_peak=9 pread=1.385s
DBG getmany L18 nw=11 wall=0.168s thr(out)1 thr(in)16 conc_peak=10 pread=1.099s
DBG getmany L19 nw=15 wall=0.214s thr(out)1 thr(in)16 conc_peak=15 pread=1.811s
DBG getmany L20 nw=12 wall=0.174s thr(out)1 thr(in)16 conc_peak=12 pread=1.174s
DBG getmany L21 nw=14 wall=0.748s thr(out)1 thr(in)16 conc_peak=14 pread=9.763s
DBG getmany L22 nw=14 wall=0.565s thr(out)1 thr(in)16 conc_peak=13 pread=6.089s
DBG getmany L23 nw=14 wall=0.702s thr(out)1 thr(in)16 conc_peak=12 pread=7.326s
DBG getmany L24 nw=15 wall=0.815s thr(out)1 thr(in)16 conc_peak=15 pread=11.245s
DBG getmany L25 nw=13 wall=0.737s thr(out)1 thr(in)16 conc_peak=13 pread=9.230s
DBG getmany L26 nw=14 wall=0.552s thr(out)1 thr(in)16 conc_peak=14 pread=6.662s
DBG getmany L27 nw=16 wall=0.738s thr(out)1 thr(in)16 conc_peak=16 pread=8.528s
DBG getmany L28 nw=15 wall=0.699s thr(out)1 thr(in)16 conc_peak=15 pread=9.422s
DBG getmany L29 nw=13 wall=0.731s thr(out)1 thr(in)16 conc_peak=13 pread=7.665s
DBG getmany L30 nw=12 wall=0.534s thr(out)1 thr(in)16 conc_peak=10 pread=4.985s
DBG getmany L31 nw=15 wall=0.752s thr(out)1 thr(in)16 conc_peak=15 pread=8.297s
DBG getmany L32 nw=12 wall=0.713s thr(out)1 thr(in)16 conc_peak=12 pread=8.118s
DBG getmany L33 nw=14 wall=0.777s thr(out)1 thr(in)16 conc_peak=14 pread=7.536s
DBG getmany L34 nw=13 wall=0.547s thr(out)1 thr(in)16 conc_peak=11 pread=6.297s
DBG getmany L35 nw=13 wall=0.754s thr(out)1 thr(in)16 conc_peak=13 pread=9.069s
DBG getmany L36 nw=13 wall=0.730s thr(out)1 thr(in)16 conc_peak=13 pread=8.280s
DBG getmany L37 nw=14 wall=0.736s thr(out)1 thr(in)16 conc_peak=14 pread=8.529s
DBG getmany L38 nw=12 wall=0.508s thr(out)1 thr(in)16 conc_peak=12 pread=5.077s
DBG getmany L39 nw=13 wall=0.728s thr(out)1 thr(in)16 conc_peak=13 pread=8.750s
DBG getmany L40 nw=13 wall=0.746s thr(out)1 thr(in)16 conc_peak=13 pread=8.040s
DBG getmany L41 nw=11 wall=0.500s thr(out)1 thr(in)16 conc_peak=11 pread=4.224s
DBG getmany L42 nw=9 wall=0.480s thr(out)1 thr(in)16 conc_peak=9 pread=3.514s
DBG getmany L43 nw=10 wall=0.658s thr(out)1 thr(in)16 conc_peak=10 pread=4.197s
DBG getmany L44 nw=13 wall=0.742s thr(out)1 thr(in)16 conc_peak=13 pread=7.261s
DBG getmany L45 nw=14 wall=0.750s thr(out)1 thr(in)16 conc_peak=14 pread=9.757s
DBG getmany L46 nw=13 wall=0.552s thr(out)1 thr(in)16 conc_peak=13 pread=6.546s
DBG getmany L47 nw=13 wall=0.726s thr(out)1 thr(in)16 conc_peak=10 pread=8.436s
DBG getmany L48 nw=12 wall=0.710s thr(out)1 thr(in)16 conc_peak=12 pread=7.515s
DBG getmany L49 nw=15 wall=0.782s thr(out)1 thr(in)16 conc_peak=15 pread=9.786s
DBG getmany L50 nw=14 wall=0.558s thr(out)1 thr(in)16 conc_peak=14 pread=7.310s
DBG getmany L51 nw=12 wall=2.303s thr(out)1 thr(in)16 conc_peak=12 pread=13.623s
DBG getmany L52 nw=12 wall=10.306s thr(out)1 thr(in)16 conc_peak=12 pread=93.563s
DBG getmany L53 nw=13 wall=0.732s thr(out)1 thr(in)16 conc_peak=13 pread=9.087s
DBG getmany L54 nw=12 wall=0.531s thr(out)1 thr(in)16 conc_peak=12 pread=5.576s
DBG getmany L55 nw=15 wall=0.777s thr(out)1 thr(in)16 conc_peak=15 pread=10.790s
DBG getmany L56 nw=13 wall=0.457s thr(out)1 thr(in)16 conc_peak=13 pread=4.431s
DBG getmany L57 nw=16 wall=0.810s thr(out)1 thr(in)16 conc_peak=16 pread=9.552s
DBG getmany L58 nw=11 wall=0.536s thr(out)1 thr(in)16 conc_peak=11 pread=4.988s
DBG getmany L59 nw=11 wall=0.472s thr(out)1 thr(in)16 conc_peak=11 pread=2.595s
DBG getmany L60 nw=13 wall=0.779s thr(out)1 thr(in)16 conc_peak=13 pread=7.282s
DBG getmany L61 nw=15 wall=0.737s thr(out)1 thr(in)16 conc_peak=15 pread=9.199s
DBG getmany L62 nw=12 wall=0.515s thr(out)1 thr(in)16 conc_peak=12 pread=5.366s
DBG getmany L63 nw=13 wall=0.746s thr(out)1 thr(in)16 conc_peak=13 pread=7.687s
DBG getmany L64 nw=13 wall=0.758s thr(out)1 thr(in)16 conc_peak=13 pread=8.847s
DBG getmany L65 nw=13 wall=0.751s thr(out)1 thr(in)16 conc_peak=13 pread=8.593s
DBG getmany L66 nw=13 wall=0.554s thr(out)1 thr(in)16 conc_peak=12 pread=6.407s
DBG getmany L67 nw=13 wall=0.759s thr(out)1 thr(in)16 conc_peak=13 pread=7.818s
DBG getmany L68 nw=15 wall=0.748s thr(out)1 thr(in)16 conc_peak=15 pread=10.187s
DBG getmany L69 nw=13 wall=0.771s thr(out)1 thr(in)16 conc_peak=13 pread=8.669s
DBG getmany L70 nw=12 wall=0.521s thr(out)1 thr(in)16 conc_peak=11 pread=5.351s
DBG getmany L71 nw=13 wall=1.159s thr(out)1 thr(in)16 conc_peak=13 pread=13.064s
DBG getmany L72 nw=12 wall=0.747s thr(out)1 thr(in)16 conc_peak=12 pread=7.443s
DBG getmany L73 nw=14 wall=0.751s thr(out)1 thr(in)16 conc_peak=14 pread=8.636s
DBG getmany L74 nw=9 wall=0.481s thr(out)1 thr(in)16 conc_peak=8 pread=3.661s
DBG getmany L75 nw=11 wall=0.707s thr(out)1 thr(in)16 conc_peak=11 pread=5.920s
DBG getmany L76 nw=11 wall=0.683s thr(out)1 thr(in)16 conc_peak=11 pread=6.346s
DBG getmany L77 nw=12 wall=0.734s thr(out)1 thr(in)16 conc_peak=12 pread=6.840s
DBG getmany L78 nw=12 wall=0.533s thr(out)1 thr(in)16 conc_peak=11 pread=5.117s
DBG getmany L79 nw=10 wall=0.682s thr(out)1 thr(in)16 conc_peak=10 pread=6.039s
DBG getmany L80 nw=14 wall=0.726s thr(out)1 thr(in)16 conc_peak=14 pread=8.234s
DBG getmany L81 nw=15 wall=0.776s thr(out)1 thr(in)16 conc_peak=15 pread=10.475s
DBG getmany L82 nw=13 wall=0.543s thr(out)1 thr(in)16 conc_peak=13 pread=6.576s
DBG getmany L83 nw=11 wall=0.730s thr(out)1 thr(in)16 conc_peak=11 pread=5.579s
DBG getmany L84 nw=15 wall=0.769s thr(out)1 thr(in)16 conc_peak=15 pread=9.529s
DBG getmany L85 nw=13 wall=0.755s thr(out)1 thr(in)16 conc_peak=13 pread=9.215s
DBG getmany L86 nw=13 wall=0.531s thr(out)1 thr(in)16 conc_peak=13 pread=5.193s
DBG getmany L87 nw=11 wall=0.678s thr(out)1 thr(in)16 conc_peak=11 pread=6.928s
DBG getmany L88 nw=13 wall=0.722s thr(out)1 thr(in)16 conc_peak=13 pread=8.942s
DBG getmany L89 nw=9 wall=0.709s thr(out)1 thr(in)16 conc_peak=8 pread=4.768s
DBG getmany L90 nw=11 wall=0.518s thr(out)1 thr(in)16 conc_peak=8 pread=4.784s
DBG getmany L91 nw=11 wall=0.521s thr(out)1 thr(in)16 conc_peak=11 pread=5.409s
DBG getmany L92 nw=14 wall=0.209s thr(out)1 thr(in)16 conc_peak=14 pread=1.623s
7      1389       78.67        100.0      21.02      0.013
  L2   resident=6779/14589 slots hit=100.0% read=179.74GB write=0.00GB
[trace] wrote 2224 events to /mnt/f/kimi-k3-in-c/reports/gateab_ab/v32_table2b/rep1-20260929_080607/trace.csv
--------------------------------------------------------------------
8 tokens in 608.3 s, 76.04 s/token average
PEAK RSS for the whole run: 37.17 GB   <- quote this, not the plan
layers completed: 93/93; routed expert drops: 0


[chip] simulated MXFP4 GEMV bill over 9 tokens
  11776 expert chains | 777925951488 flops | 206636580864 bytes (206.64 GB)
  per token: 1308 chains | 22.96 GB | 0.09 Gflops
  compute wall @ 4 TFLOPS : 0.19 s (21.61 ms/token)
  bandwidth wall @ 200 GB/s : 1.03 s (114.80 ms/token)
  -> bandwidth-bound; to be compute-bound at 4 TFLOPS this needs 1062 GB/s
  expert fetch (host wall, measured): 462.92 s moving 206.64 GB = 0 GB/s
  chip pool wall (measured): 59.03 s

cache [final step]
  slots        : 854 of 17.56 MB = 14.99 GB arena (854 resident, 0 pinned)
  requests     : 1472  hits 1472 (100.00%)  misses 0  evictions 1198
  of those hits : 1198 came from the batch prefetch, i.e. read from disk
                  this token; TRUE resident hit rate 18.61%
  read from disk: 21.02 GB in 63.49 s (331 MB/s while loading)
  phase2 i/o    : 21.03 GB in 63.49 s (331 MB/s)  [pure parallel disk read]
l2cache [final step]
  requests     : 10243  hits 10243 (100.00%)  misses 0
  read  from sdd7: 179.74 GB, written 0.00 GB
  hit I/O   : 179.74 GB in 457.80 s (wall) = 393 MB/s [pread 5165.41 s, 35 MB/s per-thread]
  miss I/O  : 0 misses, 0.00 GB from /model in 0.00 s (wall) = 0 MB/s
  restored from meta: 6779 slots

wrote /mnt/f/kimi-k3-in-c/reports/gateab_ab/v32_table2b/rep1-20260929_080607/ctrl.json
I/O share of wall clock: 149.7%  (trunk 449.3 s + experts 461.5 s of 608.3 s)
  both figures are WHOLE-RUN totals over 8 steps
  over 100% because trunk reads overlap compute on the reader thread;
  302.4 s of device time was hidden behind arithmetic
  experts, whole run: 180.11 GB read | 2366 of 11776 requests retained in RAM (20.09%) | 9410 evictions
    (retention = requests - evictions; the raw `hits` counter includes
     experts the prefetcher had just read from disk, so it is not a
     measure of avoided I/O)

trunk [final]
  pinned 22/93 layers, ring 2 slots
  binds 744, hits 154 (20.7%), reads 590
  read 349.03 GB in 449.28 s (777 MB/s pread)
  per-layer loads [L]=count: 0=1 1=1 2=1 3=1 4=1 5=1 6=1 7=1 8=1 9=1 10=1 11=1 12=1 13=1 14=1 15=1 16=1 17=1 18=1 19=1 20=1 21=1 22=8 23=8 24=8 25=8 26=8 27=8 28=8 29=8 30=8 31=8 32=8 33=8 34=8 35=8 36=8 37=8 38=8 39=8 40=8 41=8 42=8 43=8 44=8 45=8 46=8 47=8 48=8 49=8 50=8 51=8 52=8 53=8 54=8 55=8 56=8 57=8 58=8 59=8 60=8 61=8 62=8 63=8 64=8 65=8 66=8 67=8 68=8 69=8 70=8 71=8 72=8 73=8 74=8 75=8 76=8 77=8 78=8 79=8 80=8 81=8 82=8 83=8 84=8 85=8 86=8 87=8 88=8 89=8 90=8 91=8 92=8
  bind wall 29.93 s over 744 binds; read 449.28 + widen 3.06 = 452.34 s of device work,
                    of which 422.41 s (93%) overlapped compute on the reader thread
  widen breakdown: find 9 ms (19640)  copy 0 ms (9184)  deq 3038 ms (6320)  timed 3 s of widen 3.06 s
TIME_ELAPSED=627.27
