k3 chip: 4 workers, 4 TFLOPS, 200 GB/s simulated wall

REFUSING TO START: this needs 32.83 GB and the machine has 28.63 GB available, a shortfall of 4.20 GB.
Options: a larger box, a smaller --cache-gb, or fewer --layers.
config: /model/config.json (nested shape) | hidden=7168 layers=93 vocab=163840 | 24 MLA + 69 KDA | experts 896 top16 shared2 | latent=3584
NOTE: binding only the first 12 of 93 layers. Output is NOT the full model; it is a partial stack for testing the machinery.

  KV cache : 40.29 MB for 17 positions (2.37 MB/position)
Kimi K3, pure C, released checkpoint
  model    : /model
  prompt   : 8 tokens, generating 8

indexed 497220 tensors from 96 shards in 0.48 s
trunk on disk : 15.16 GB total (STREAMED from /mnt/nvme/trunk_layers_out, not held in RAM)

memory plan
  trunk (STREAMED) 20.00 GB
  embed + lm_head  4.70 GB
  expert cache     8.00 GB
  recurrent state  80.81 MB
  buffers          12.70 MB
  KV cache         40.21 MB
  TOTAL            32.83 GB
  available        28.63 GB
