L2 auto: 209 GB free on /mnt/nvme -> L2 at 256 GB
k3 chip: 4 workers, 4 TFLOPS, 200 GB/s simulated wall
  L2 want=17547264 slot=17547264 nbytes=17547264 fd=O_DIRECT
  L2 want=17547264 slot=17547264 nbytes=17547264 fd=O_DIRECT
  L2 want=17547264 slot=17547264 nbytes=17547264 fd=O_DIRECT
  L2 want=17547264 slot=17547264 nbytes=17547264 fd=O_DIRECT
  L2 want=17547264 slot=17547264 nbytes=17547264 fd=O_DIRECT
  L2 want=17547264 slot=17547264 nbytes=17547264 fd=O_DIRECT
  L2 want=17547264 slot=17547264 nbytes=17547264 fd=O_DIRECT
  L2 want=17547264 slot=17547264 nbytes=17547264 fd=O_DIRECT
  L2 want=17547264 slot=17547264 nbytes=17547264 fd=O_DIRECT
  L2 want=17547264 slot=17547264 nbytes=17547264 fd=O_DIRECT
  L2 want=17547264 slot=17547264 nbytes=17547264 fd=O_DIRECT
  L2 want=17547264 slot=17547264 nbytes=17547264 fd=O_DIRECT
  L2 want=17547264 slot=17547264 nbytes=17547264 fd=O_DIRECT
  L2 want=17547264 slot=17547264 nbytes=17547264 fd=O_DIRECT
  L2 want=17547264 slot=17547264 nbytes=17547264 fd=O_DIRECT
  L2 want=17547264 slot=17547264 nbytes=17547264 fd=O_DIRECT
DBG getmany L1 nw=16 wall=0.262s thr(out)1 thr(in)16 conc_peak=16 pread=2.748s
DBG getmany L2 nw=16 wall=0.238s thr(out)1 thr(in)16 conc_peak=16 pread=2.558s
DBG getmany L3 nw=16 wall=0.226s thr(out)1 thr(in)16 conc_peak=16 pread=2.400s
DBG getmany L4 nw=16 wall=0.214s thr(out)1 thr(in)16 conc_peak=16 pread=2.363s
DBG getmany L5 nw=16 wall=0.210s thr(out)1 thr(in)16 conc_peak=16 pread=2.365s
DBG getmany L6 nw=16 wall=0.220s thr(out)1 thr(in)16 conc_peak=16 pread=2.276s
DBG getmany L7 nw=16 wall=0.197s thr(out)1 thr(in)16 conc_peak=16 pread=2.018s
DBG getmany L8 nw=16 wall=0.225s thr(out)1 thr(in)16 conc_peak=16 pread=2.387s
DBG getmany L9 nw=16 wall=0.230s thr(out)1 thr(in)16 conc_peak=16 pread=2.565s
DBG getmany L10 nw=16 wall=0.232s thr(out)1 thr(in)16 conc_peak=16 pread=2.454s
DBG getmany L11 nw=16 wall=0.232s thr(out)1 thr(in)16 conc_peak=16 pread=2.498s
DBG getmany L12 nw=16 wall=0.221s thr(out)1 thr(in)16 conc_peak=16 pread=2.332s
DBG getmany L13 nw=16 wall=0.243s thr(out)1 thr(in)16 conc_peak=16 pread=2.632s
DBG getmany L14 nw=16 wall=0.246s thr(out)1 thr(in)16 conc_peak=16 pread=2.561s
DBG getmany L15 nw=16 wall=0.242s thr(out)1 thr(in)16 conc_peak=16 pread=2.726s
DBG getmany L16 nw=16 wall=0.272s thr(out)1 thr(in)16 conc_peak=16 pread=3.133s
DBG getmany L17 nw=16 wall=0.237s thr(out)1 thr(in)16 conc_peak=16 pread=2.613s
DBG getmany L18 nw=16 wall=0.232s thr(out)1 thr(in)16 conc_peak=16 pread=2.457s
DBG getmany L19 nw=16 wall=0.256s thr(out)1 thr(in)16 conc_peak=16 pread=2.934s
DBG getmany L20 nw=16 wall=0.247s thr(out)1 thr(in)16 conc_peak=16 pread=2.750s
DBG getmany L21 nw=16 wall=0.243s thr(out)1 thr(in)16 conc_peak=16 pread=2.521s
DBG getmany L22 nw=16 wall=0.266s thr(out)1 thr(in)16 conc_peak=16 pread=2.589s
DBG getmany L23 nw=16 wall=0.404s thr(out)1 thr(in)16 conc_peak=16 pread=4.520s
DBG getmany L24 nw=16 wall=0.451s thr(out)1 thr(in)16 conc_peak=16 pread=4.946s
DBG getmany L25 nw=16 wall=0.475s thr(out)1 thr(in)16 conc_peak=16 pread=5.001s
DBG getmany L26 nw=16 wall=0.259s thr(out)1 thr(in)16 conc_peak=16 pread=3.094s
DBG getmany L27 nw=16 wall=0.386s thr(out)1 thr(in)16 conc_peak=16 pread=4.437s
DBG getmany L28 nw=16 wall=0.381s thr(out)1 thr(in)16 conc_peak=16 pread=4.872s
DBG getmany L29 nw=16 wall=0.407s thr(out)1 thr(in)16 conc_peak=16 pread=4.221s
DBG getmany L30 nw=16 wall=0.289s thr(out)1 thr(in)16 conc_peak=16 pread=3.863s
DBG getmany L31 nw=16 wall=0.529s thr(out)1 thr(in)16 conc_peak=16 pread=6.441s
DBG getmany L32 nw=16 wall=0.427s thr(out)1 thr(in)16 conc_peak=16 pread=6.003s
DBG getmany L33 nw=16 wall=0.484s thr(out)1 thr(in)16 conc_peak=16 pread=7.083s
DBG getmany L34 nw=16 wall=0.267s thr(out)1 thr(in)16 conc_peak=16 pread=3.407s
DBG getmany L35 nw=16 wall=0.498s thr(out)1 thr(in)16 conc_peak=16 pread=6.626s
DBG getmany L36 nw=16 wall=0.433s thr(out)1 thr(in)16 conc_peak=16 pread=5.935s
DBG getmany L37 nw=16 wall=0.426s thr(out)1 thr(in)16 conc_peak=16 pread=5.136s
DBG getmany L38 nw=16 wall=0.318s thr(out)1 thr(in)16 conc_peak=16 pread=3.964s
DBG getmany L39 nw=16 wall=0.556s thr(out)1 thr(in)16 conc_peak=16 pread=8.053s
DBG getmany L40 nw=16 wall=0.465s thr(out)1 thr(in)16 conc_peak=16 pread=5.806s
DBG getmany L41 nw=16 wall=0.432s thr(out)1 thr(in)16 conc_peak=16 pread=4.759s
DBG getmany L42 nw=16 wall=0.259s thr(out)1 thr(in)16 conc_peak=16 pread=3.268s
DBG getmany L43 nw=16 wall=0.445s thr(out)1 thr(in)16 conc_peak=16 pread=6.006s
DBG getmany L44 nw=16 wall=0.417s thr(out)1 thr(in)16 conc_peak=16 pread=5.585s
DBG getmany L45 nw=16 wall=0.460s thr(out)1 thr(in)16 conc_peak=16 pread=6.087s
DBG getmany L46 nw=16 wall=0.352s thr(out)1 thr(in)16 conc_peak=16 pread=4.852s
DBG getmany L47 nw=16 wall=0.568s thr(out)1 thr(in)16 conc_peak=16 pread=7.143s
DBG getmany L48 nw=16 wall=0.463s thr(out)1 thr(in)16 conc_peak=16 pread=6.752s
DBG getmany L49 nw=16 wall=0.488s thr(out)1 thr(in)16 conc_peak=16 pread=6.237s
DBG getmany L50 nw=16 wall=0.353s thr(out)1 thr(in)16 conc_peak=16 pread=4.595s
DBG getmany L51 nw=16 wall=0.528s thr(out)1 thr(in)16 conc_peak=16 pread=7.454s
DBG getmany L52 nw=16 wall=0.513s thr(out)1 thr(in)16 conc_peak=16 pread=7.023s
DBG getmany L53 nw=16 wall=0.462s thr(out)1 thr(in)16 conc_peak=16 pread=4.860s
DBG getmany L54 nw=16 wall=0.398s thr(out)1 thr(in)16 conc_peak=16 pread=5.506s
DBG getmany L55 nw=16 wall=0.511s thr(out)1 thr(in)16 conc_peak=16 pread=6.712s
DBG getmany L56 nw=16 wall=0.523s thr(out)1 thr(in)16 conc_peak=16 pread=6.485s
DBG getmany L57 nw=16 wall=0.505s thr(out)1 thr(in)16 conc_peak=16 pread=7.141s
DBG getmany L58 nw=16 wall=0.320s thr(out)1 thr(in)16 conc_peak=16 pread=4.538s
DBG getmany L59 nw=16 wall=0.477s thr(out)1 thr(in)16 conc_peak=16 pread=5.750s
DBG getmany L60 nw=16 wall=0.492s thr(out)1 thr(in)16 conc_peak=16 pread=6.687s
DBG getmany L61 nw=16 wall=0.501s thr(out)1 thr(in)16 conc_peak=16 pread=6.807s
DBG getmany L62 nw=16 wall=0.322s thr(out)1 thr(in)16 conc_peak=16 pread=4.071s
DBG getmany L63 nw=16 wall=0.499s thr(out)1 thr(in)16 conc_peak=16 pread=6.875s
DBG getmany L64 nw=16 wall=0.506s thr(out)1 thr(in)16 conc_peak=16 pread=6.568s
DBG getmany L65 nw=16 wall=0.476s thr(out)1 thr(in)16 conc_peak=16 pread=6.263s
DBG getmany L66 nw=16 wall=0.324s thr(out)1 thr(in)16 conc_peak=16 pread=4.135s
DBG getmany L67 nw=16 wall=0.533s thr(out)1 thr(in)16 conc_peak=16 pread=7.416s
DBG getmany L68 nw=16 wall=0.502s thr(out)1 thr(in)16 conc_peak=16 pread=6.706s
DBG getmany L69 nw=16 wall=0.472s thr(out)1 thr(in)16 conc_peak=16 pread=6.610s
DBG getmany L70 nw=16 wall=0.338s thr(out)1 thr(in)16 conc_peak=16 pread=4.242s
DBG getmany L71 nw=16 wall=0.516s thr(out)1 thr(in)16 conc_peak=16 pread=6.247s
DBG getmany L72 nw=16 wall=0.420s thr(out)1 thr(in)16 conc_peak=16 pread=5.767s
DBG getmany L73 nw=16 wall=0.694s thr(out)1 thr(in)16 conc_peak=16 pread=10.030s
DBG getmany L74 nw=16 wall=0.503s thr(out)1 thr(in)16 conc_peak=16 pread=5.298s
DBG getmany L75 nw=16 wall=0.699s thr(out)1 thr(in)16 conc_peak=16 pread=10.182s
DBG getmany L76 nw=16 wall=0.663s thr(out)1 thr(in)16 conc_peak=16 pread=8.782s
DBG getmany L77 nw=16 wall=0.695s thr(out)1 thr(in)16 conc_peak=16 pread=7.211s
DBG getmany L78 nw=16 wall=0.502s thr(out)1 thr(in)16 conc_peak=16 pread=6.008s
DBG getmany L79 nw=16 wall=0.727s thr(out)1 thr(in)16 conc_peak=16 pread=9.042s
DBG getmany L80 nw=16 wall=0.659s thr(out)1 thr(in)16 conc_peak=16 pread=8.168s
DBG getmany L81 nw=16 wall=0.684s thr(out)1 thr(in)16 conc_peak=16 pread=8.754s
DBG getmany L82 nw=16 wall=0.465s thr(out)1 thr(in)16 conc_peak=16 pread=6.578s
DBG getmany L83 nw=16 wall=0.728s thr(out)1 thr(in)16 conc_peak=16 pread=9.843s
DBG getmany L84 nw=16 wall=0.718s thr(out)1 thr(in)16 conc_peak=16 pread=10.485s
DBG getmany L85 nw=16 wall=0.659s thr(out)1 thr(in)16 conc_peak=16 pread=9.057s
DBG getmany L86 nw=16 wall=0.469s thr(out)1 thr(in)16 conc_peak=16 pread=6.353s
DBG getmany L87 nw=16 wall=0.671s thr(out)1 thr(in)16 conc_peak=16 pread=8.790s
DBG getmany L88 nw=16 wall=0.662s thr(out)1 thr(in)16 conc_peak=16 pread=9.481s
DBG getmany L89 nw=16 wall=0.700s thr(out)1 thr(in)16 conc_peak=16 pread=7.337s
DBG getmany L90 nw=16 wall=0.457s thr(out)1 thr(in)16 conc_peak=16 pread=6.113s
DBG getmany L91 nw=16 wall=0.505s thr(out)1 thr(in)16 conc_peak=16 pread=6.528s
DBG getmany L92 nw=16 wall=0.237s thr(out)1 thr(in)16 conc_peak=16 pread=2.528s
config: /model/config.json (nested shape) | hidden=7168 layers=93 vocab=163840 | 24 MLA + 69 KDA | experts 896 top16 shared2 | latent=3584
  KV cache : 11.85 MB for 5 positions (2.37 MB/position)
Kimi K3, pure C, released checkpoint
  model    : /model
  prompt   : 1 tokens, generating 3

indexed 497220 tensors from 96 shards in 3.99 s
trunk on disk : 110.00 GB total (STREAMED from /mnt/nvme/trunk_layers_out, not held in RAM)

memory plan
  trunk (STREAMED) 32.00 GB
  embed + lm_head  4.70 GB
  expert cache     8.00 GB
  recurrent state  626.25 MB
  buffers          4.68 MB
  KV cache         11.83 MB
  TOTAL            45.34 GB
  available        57.80 GB

k3_trunk: trunk.bin absent - using per-layer slices (layer_%03d.bin)
trunk stream: 56.60 GB packed, 22/93 layers PINNED (29.30 GB), ring 2 x 1.30 GB
              reads use buffered I/O
              ring holds 2 slots: layers repeat over ~2 tokens, so recent ones are reused instead of re-read
trunk streaming enabled from /mnt/nvme/trunk_layers_out in 0.0 s
embedding, final norm and lm_head: 4.70 GB in 12.5 s

expert L1 eviction policy: lru
expert L2 cache enabled: 14589 slots x 17.55 MB = 256.00 GB on /mnt/nvme/experts.l2
expert L2 exact: nslot=14589 slot_bytes=17547264 l2_slot=17547264 K3_ST_ALIGN=4096
expert L2 eviction policy: heat
peak RSS after loading weights: 4.78 GB  (the plan above is a forecast, this is measured)
expert cache: 455 slots x 17.56 MB = 7.99 GB (0.55% of the 1.45 TB expert pool)

recurrent state for 93 layers: 626.25 MB

incremental decode: KV cache 11.83 MB for 24 MLA layers at 5 positions

STEP   TOKEN      SECONDS      CACHE HIT  READ GB    TOK/S
--------------------------------------------------------------------
0      220        87.88        100.0      25.83      0.011
  L2   resident=6779/14589 slots hit=100.0% read=25.83GB write=0.00GB
DBG getmany L1 nw=16 wall=0.254s thr(out)1 thr(in)16 conc_peak=16 pread=2.462s
DBG getmany L2 nw=16 wall=0.244s thr(out)1 thr(in)16 conc_peak=16 pread=2.356s
DBG getmany L3 nw=16 wall=0.237s thr(out)1 thr(in)16 conc_peak=16 pread=2.248s
DBG getmany L4 nw=16 wall=0.245s thr(out)1 thr(in)16 conc_peak=16 pread=2.150s
DBG getmany L5 nw=16 wall=0.234s thr(out)1 thr(in)16 conc_peak=16 pread=2.170s
DBG getmany L6 nw=16 wall=0.251s thr(out)1 thr(in)16 conc_peak=16 pread=2.509s
DBG getmany L7 nw=16 wall=0.237s thr(out)1 thr(in)16 conc_peak=16 pread=2.161s
DBG getmany L8 nw=16 wall=0.234s thr(out)1 thr(in)16 conc_peak=16 pread=2.269s
DBG getmany L9 nw=16 wall=0.240s thr(out)1 thr(in)16 conc_peak=16 pread=2.380s
DBG getmany L10 nw=16 wall=0.250s thr(out)1 thr(in)16 conc_peak=16 pread=2.454s
DBG getmany L11 nw=16 wall=0.241s thr(out)1 thr(in)16 conc_peak=16 pread=2.333s
DBG getmany L12 nw=16 wall=0.245s thr(out)1 thr(in)16 conc_peak=16 pread=2.387s
DBG getmany L13 nw=16 wall=0.247s thr(out)1 thr(in)16 conc_peak=16 pread=2.396s
DBG getmany L14 nw=16 wall=0.243s thr(out)1 thr(in)16 conc_peak=16 pread=2.269s
DBG getmany L15 nw=16 wall=0.253s thr(out)1 thr(in)16 conc_peak=16 pread=2.401s
DBG getmany L16 nw=16 wall=0.247s thr(out)1 thr(in)16 conc_peak=16 pread=2.274s
DBG getmany L17 nw=16 wall=0.245s thr(out)1 thr(in)16 conc_peak=16 pread=2.240s
DBG getmany L18 nw=16 wall=0.242s thr(out)1 thr(in)16 conc_peak=16 pread=2.362s
DBG getmany L19 nw=16 wall=0.245s thr(out)1 thr(in)16 conc_peak=16 pread=2.259s
DBG getmany L20 nw=16 wall=0.246s thr(out)1 thr(in)16 conc_peak=16 pread=2.376s
DBG getmany L21 nw=16 wall=0.632s thr(out)1 thr(in)16 conc_peak=16 pread=8.368s
DBG getmany L22 nw=16 wall=0.493s thr(out)1 thr(in)16 conc_peak=16 pread=6.575s
DBG getmany L23 nw=16 wall=0.715s thr(out)1 thr(in)16 conc_peak=16 pread=8.256s
DBG getmany L24 nw=16 wall=0.724s thr(out)1 thr(in)16 conc_peak=16 pread=8.784s
DBG getmany L25 nw=16 wall=0.676s thr(out)1 thr(in)16 conc_peak=16 pread=8.432s
DBG getmany L26 nw=16 wall=0.460s thr(out)1 thr(in)16 conc_peak=16 pread=5.581s
DBG getmany L27 nw=16 wall=0.626s thr(out)1 thr(in)16 conc_peak=16 pread=6.847s
DBG getmany L28 nw=16 wall=0.551s thr(out)1 thr(in)16 conc_peak=16 pread=6.074s
DBG getmany L29 nw=16 wall=0.637s thr(out)1 thr(in)16 conc_peak=16 pread=9.003s
DBG getmany L30 nw=16 wall=0.269s thr(out)1 thr(in)16 conc_peak=16 pread=2.654s
DBG getmany L31 nw=16 wall=0.744s thr(out)1 thr(in)16 conc_peak=16 pread=11.114s
DBG getmany L32 nw=16 wall=0.644s thr(out)1 thr(in)16 conc_peak=16 pread=8.553s
DBG getmany L33 nw=16 wall=0.513s thr(out)1 thr(in)16 conc_peak=16 pread=6.271s
DBG getmany L34 nw=16 wall=0.468s thr(out)1 thr(in)16 conc_peak=16 pread=6.127s
DBG getmany L35 nw=16 wall=0.742s thr(out)1 thr(in)16 conc_peak=16 pread=6.873s
DBG getmany L36 nw=16 wall=0.655s thr(out)1 thr(in)16 conc_peak=16 pread=8.514s
DBG getmany L37 nw=16 wall=0.685s thr(out)1 thr(in)16 conc_peak=16 pread=9.598s
DBG getmany L38 nw=16 wall=0.446s thr(out)1 thr(in)16 conc_peak=16 pread=5.840s
DBG getmany L39 nw=16 wall=0.636s thr(out)1 thr(in)16 conc_peak=16 pread=7.740s
DBG getmany L40 nw=16 wall=0.647s thr(out)1 thr(in)16 conc_peak=16 pread=8.835s
DBG getmany L41 nw=16 wall=0.652s thr(out)1 thr(in)16 conc_peak=16 pread=9.734s
DBG getmany L42 nw=16 wall=0.522s thr(out)1 thr(in)16 conc_peak=16 pread=6.418s
DBG getmany L43 nw=16 wall=0.753s thr(out)1 thr(in)16 conc_peak=16 pread=9.656s
DBG getmany L44 nw=16 wall=0.674s thr(out)1 thr(in)16 conc_peak=16 pread=9.692s
DBG getmany L45 nw=16 wall=0.734s thr(out)1 thr(in)16 conc_peak=16 pread=9.105s
DBG getmany L46 nw=16 wall=0.526s thr(out)1 thr(in)16 conc_peak=16 pread=7.482s
DBG getmany L47 nw=16 wall=0.781s thr(out)1 thr(in)16 conc_peak=16 pread=10.850s
DBG getmany L48 nw=16 wall=0.666s thr(out)1 thr(in)16 conc_peak=16 pread=8.354s
DBG getmany L49 nw=16 wall=0.720s thr(out)1 thr(in)16 conc_peak=16 pread=9.964s
DBG getmany L50 nw=16 wall=0.539s thr(out)1 thr(in)16 conc_peak=16 pread=7.012s
DBG getmany L51 nw=16 wall=0.691s thr(out)1 thr(in)16 conc_peak=16 pread=9.991s
DBG getmany L52 nw=16 wall=0.669s thr(out)1 thr(in)16 conc_peak=16 pread=8.038s
DBG getmany L53 nw=16 wall=0.714s thr(out)1 thr(in)16 conc_peak=16 pread=10.042s
DBG getmany L54 nw=16 wall=0.506s thr(out)1 thr(in)16 conc_peak=16 pread=7.057s
DBG getmany L55 nw=16 wall=0.690s thr(out)1 thr(in)16 conc_peak=16 pread=9.413s
DBG getmany L56 nw=16 wall=0.733s thr(out)1 thr(in)16 conc_peak=16 pread=10.229s
DBG getmany L57 nw=16 wall=0.661s thr(out)1 thr(in)16 conc_peak=16 pread=8.913s
DBG getmany L58 nw=16 wall=0.498s thr(out)1 thr(in)16 conc_peak=16 pread=6.927s
DBG getmany L59 nw=16 wall=0.718s thr(out)1 thr(in)16 conc_peak=16 pread=9.680s
DBG getmany L60 nw=16 wall=0.638s thr(out)1 thr(in)16 conc_peak=16 pread=8.727s
DBG getmany L61 nw=16 wall=0.670s thr(out)1 thr(in)16 conc_peak=16 pread=9.303s
DBG getmany L62 nw=16 wall=0.472s thr(out)1 thr(in)16 conc_peak=16 pread=6.667s
DBG getmany L63 nw=16 wall=0.538s thr(out)1 thr(in)16 conc_peak=16 pread=6.090s
DBG getmany L64 nw=16 wall=0.729s thr(out)1 thr(in)16 conc_peak=16 pread=8.474s
DBG getmany L65 nw=16 wall=0.690s thr(out)1 thr(in)16 conc_peak=16 pread=9.194s
DBG getmany L66 nw=16 wall=0.511s thr(out)1 thr(in)16 conc_peak=16 pread=7.334s
DBG getmany L67 nw=16 wall=0.718s thr(out)1 thr(in)16 conc_peak=16 pread=9.363s
DBG getmany L68 nw=16 wall=0.678s thr(out)1 thr(in)16 conc_peak=16 pread=7.722s
DBG getmany L69 nw=16 wall=0.534s thr(out)1 thr(in)16 conc_peak=16 pread=6.534s
DBG getmany L70 nw=16 wall=0.499s thr(out)1 thr(in)16 conc_peak=16 pread=5.717s
DBG getmany L71 nw=16 wall=0.805s thr(out)1 thr(in)16 conc_peak=16 pread=10.624s
DBG getmany L72 nw=16 wall=0.704s thr(out)1 thr(in)16 conc_peak=16 pread=10.303s
DBG getmany L73 nw=16 wall=0.712s thr(out)1 thr(in)16 conc_peak=16 pread=9.820s
DBG getmany L74 nw=16 wall=0.490s thr(out)1 thr(in)16 conc_peak=16 pread=6.835s
DBG getmany L75 nw=16 wall=0.718s thr(out)1 thr(in)16 conc_peak=16 pread=10.577s
DBG getmany L76 nw=16 wall=0.646s thr(out)1 thr(in)16 conc_peak=16 pread=7.590s
DBG getmany L77 nw=16 wall=0.622s thr(out)1 thr(in)16 conc_peak=16 pread=8.853s
DBG getmany L78 nw=16 wall=0.497s thr(out)1 thr(in)16 conc_peak=16 pread=6.468s
DBG getmany L79 nw=16 wall=0.705s thr(out)1 thr(in)16 conc_peak=16 pread=8.121s
DBG getmany L80 nw=16 wall=0.659s thr(out)1 thr(in)16 conc_peak=16 pread=6.399s
DBG getmany L81 nw=16 wall=0.721s thr(out)1 thr(in)16 conc_peak=16 pread=8.768s
DBG getmany L82 nw=16 wall=0.472s thr(out)1 thr(in)16 conc_peak=16 pread=5.823s
DBG getmany L83 nw=16 wall=0.681s thr(out)1 thr(in)16 conc_peak=16 pread=7.667s
DBG getmany L84 nw=16 wall=0.686s thr(out)1 thr(in)16 conc_peak=16 pread=9.405s
DBG getmany L85 nw=16 wall=0.673s thr(out)1 thr(in)16 conc_peak=16 pread=9.609s
DBG getmany L86 nw=16 wall=0.543s thr(out)1 thr(in)16 conc_peak=16 pread=7.198s
DBG getmany L87 nw=16 wall=0.668s thr(out)1 thr(in)16 conc_peak=16 pread=7.553s
DBG getmany L88 nw=16 wall=0.702s thr(out)1 thr(in)16 conc_peak=16 pread=10.125s
DBG getmany L89 nw=16 wall=0.694s thr(out)1 thr(in)16 conc_peak=16 pread=8.253s
DBG getmany L90 nw=16 wall=0.467s thr(out)1 thr(in)16 conc_peak=16 pread=6.097s
DBG getmany L91 nw=16 wall=0.475s thr(out)1 thr(in)16 conc_peak=16 pread=6.615s
DBG getmany L92 nw=16 wall=0.252s thr(out)1 thr(in)16 conc_peak=16 pread=2.498s
1      802        76.42        100.0      25.83      0.013
  L2   resident=6779/14589 slots hit=100.0% read=51.66GB write=0.00GB
DBG getmany L1 nw=16 wall=0.270s thr(out)1 thr(in)16 conc_peak=16 pread=2.380s
DBG getmany L2 nw=16 wall=0.256s thr(out)1 thr(in)16 conc_peak=16 pread=2.322s
DBG getmany L3 nw=16 wall=0.249s thr(out)1 thr(in)16 conc_peak=16 pread=2.317s
DBG getmany L4 nw=16 wall=0.254s thr(out)1 thr(in)16 conc_peak=16 pread=2.260s
DBG getmany L5 nw=16 wall=0.248s thr(out)1 thr(in)16 conc_peak=16 pread=2.234s
DBG getmany L6 nw=16 wall=0.260s thr(out)1 thr(in)16 conc_peak=16 pread=2.561s
DBG getmany L7 nw=16 wall=0.233s thr(out)1 thr(in)16 conc_peak=16 pread=2.341s
DBG getmany L8 nw=16 wall=0.237s thr(out)1 thr(in)16 conc_peak=16 pread=2.325s
DBG getmany L9 nw=16 wall=0.239s thr(out)1 thr(in)16 conc_peak=16 pread=2.334s
DBG getmany L10 nw=16 wall=0.240s thr(out)1 thr(in)16 conc_peak=16 pread=2.419s
DBG getmany L11 nw=16 wall=0.240s thr(out)1 thr(in)16 conc_peak=16 pread=2.295s
DBG getmany L12 nw=16 wall=0.244s thr(out)1 thr(in)16 conc_peak=16 pread=2.474s
DBG getmany L13 nw=16 wall=0.248s thr(out)1 thr(in)16 conc_peak=16 pread=2.290s
DBG getmany L14 nw=16 wall=0.244s thr(out)1 thr(in)16 conc_peak=16 pread=2.193s
DBG getmany L15 nw=16 wall=0.245s thr(out)1 thr(in)16 conc_peak=16 pread=2.387s
DBG getmany L16 nw=16 wall=0.248s thr(out)1 thr(in)16 conc_peak=16 pread=2.233s
DBG getmany L17 nw=16 wall=0.243s thr(out)1 thr(in)16 conc_peak=16 pread=2.289s
DBG getmany L18 nw=16 wall=0.243s thr(out)1 thr(in)16 conc_peak=16 pread=2.377s
DBG getmany L19 nw=16 wall=0.250s thr(out)1 thr(in)16 conc_peak=16 pread=2.383s
DBG getmany L20 nw=16 wall=0.242s thr(out)1 thr(in)16 conc_peak=16 pread=2.228s
DBG getmany L21 nw=16 wall=0.561s thr(out)1 thr(in)16 conc_peak=16 pread=8.086s
DBG getmany L22 nw=16 wall=0.464s thr(out)1 thr(in)16 conc_peak=16 pread=5.928s
DBG getmany L23 nw=16 wall=0.662s thr(out)1 thr(in)16 conc_peak=16 pread=9.780s
DBG getmany L24 nw=16 wall=0.753s thr(out)1 thr(in)16 conc_peak=16 pread=11.261s
DBG getmany L25 nw=16 wall=0.507s thr(out)1 thr(in)16 conc_peak=16 pread=7.105s
DBG getmany L26 nw=16 wall=0.351s thr(out)1 thr(in)16 conc_peak=16 pread=4.492s
DBG getmany L27 nw=16 wall=0.677s thr(out)1 thr(in)16 conc_peak=16 pread=8.235s
DBG getmany L28 nw=16 wall=0.611s thr(out)1 thr(in)16 conc_peak=16 pread=7.458s
DBG getmany L29 nw=16 wall=0.696s thr(out)1 thr(in)16 conc_peak=16 pread=7.901s
DBG getmany L30 nw=16 wall=0.509s thr(out)1 thr(in)16 conc_peak=16 pread=7.135s
DBG getmany L31 nw=16 wall=0.625s thr(out)1 thr(in)16 conc_peak=16 pread=8.442s
DBG getmany L32 nw=16 wall=0.578s thr(out)1 thr(in)16 conc_peak=16 pread=8.287s
DBG getmany L33 nw=16 wall=0.760s thr(out)1 thr(in)16 conc_peak=16 pread=11.056s
DBG getmany L34 nw=16 wall=0.481s thr(out)1 thr(in)16 conc_peak=16 pread=5.974s
DBG getmany L35 nw=16 wall=0.705s thr(out)1 thr(in)16 conc_peak=16 pread=10.007s
DBG getmany L36 nw=16 wall=0.691s thr(out)1 thr(in)16 conc_peak=16 pread=8.910s
DBG getmany L37 nw=16 wall=0.658s thr(out)1 thr(in)16 conc_peak=16 pread=8.947s
DBG getmany L38 nw=16 wall=0.522s thr(out)1 thr(in)16 conc_peak=16 pread=7.126s
DBG getmany L39 nw=16 wall=0.638s thr(out)1 thr(in)16 conc_peak=16 pread=7.894s
DBG getmany L40 nw=16 wall=0.667s thr(out)1 thr(in)16 conc_peak=16 pread=9.494s
DBG getmany L41 nw=16 wall=0.582s thr(out)1 thr(in)16 conc_peak=16 pread=8.026s
DBG getmany L42 nw=16 wall=0.506s thr(out)1 thr(in)16 conc_peak=16 pread=7.160s
DBG getmany L43 nw=16 wall=0.744s thr(out)1 thr(in)16 conc_peak=16 pread=9.235s
DBG getmany L44 nw=16 wall=0.689s thr(out)1 thr(in)16 conc_peak=16 pread=9.213s
DBG getmany L45 nw=16 wall=0.415s thr(out)1 thr(in)16 conc_peak=16 pread=4.952s
DBG getmany L46 nw=16 wall=0.446s thr(out)1 thr(in)16 conc_peak=16 pread=5.934s
DBG getmany L47 nw=16 wall=0.519s thr(out)1 thr(in)16 conc_peak=16 pread=6.418s
DBG getmany L48 nw=16 wall=0.569s thr(out)1 thr(in)16 conc_peak=16 pread=7.550s
DBG getmany L49 nw=16 wall=0.696s thr(out)1 thr(in)16 conc_peak=16 pread=9.276s
DBG getmany L50 nw=16 wall=0.375s thr(out)1 thr(in)16 conc_peak=16 pread=5.133s
DBG getmany L51 nw=16 wall=0.587s thr(out)1 thr(in)16 conc_peak=16 pread=7.344s
DBG getmany L52 nw=16 wall=0.586s thr(out)1 thr(in)16 conc_peak=16 pread=8.161s
DBG getmany L53 nw=16 wall=0.638s thr(out)1 thr(in)16 conc_peak=16 pread=8.490s
DBG getmany L54 nw=16 wall=0.502s thr(out)1 thr(in)16 conc_peak=16 pread=5.572s
DBG getmany L55 nw=16 wall=0.698s thr(out)1 thr(in)16 conc_peak=16 pread=10.365s
DBG getmany L56 nw=16 wall=0.640s thr(out)1 thr(in)16 conc_peak=16 pread=8.189s
DBG getmany L57 nw=16 wall=0.632s thr(out)1 thr(in)16 conc_peak=16 pread=7.726s
DBG getmany L58 nw=16 wall=0.254s thr(out)1 thr(in)16 conc_peak=16 pread=2.547s
DBG getmany L59 nw=16 wall=0.642s thr(out)1 thr(in)16 conc_peak=16 pread=8.484s
DBG getmany L60 nw=16 wall=0.692s thr(out)1 thr(in)16 conc_peak=16 pread=8.667s
DBG getmany L61 nw=16 wall=0.500s thr(out)1 thr(in)16 conc_peak=16 pread=5.106s
DBG getmany L62 nw=16 wall=0.254s thr(out)1 thr(in)16 conc_peak=16 pread=2.214s
DBG getmany L63 nw=16 wall=0.587s thr(out)1 thr(in)16 conc_peak=16 pread=7.741s
DBG getmany L64 nw=16 wall=0.653s thr(out)1 thr(in)16 conc_peak=16 pread=8.807s
DBG getmany L65 nw=16 wall=0.525s thr(out)1 thr(in)16 conc_peak=16 pread=7.460s
DBG getmany L66 nw=16 wall=0.404s thr(out)1 thr(in)16 conc_peak=16 pread=4.648s
DBG getmany L67 nw=16 wall=0.705s thr(out)1 thr(in)16 conc_peak=16 pread=9.762s
DBG getmany L68 nw=16 wall=0.620s thr(out)1 thr(in)16 conc_peak=16 pread=8.277s
DBG getmany L69 nw=16 wall=0.652s thr(out)1 thr(in)16 conc_peak=16 pread=9.449s
DBG getmany L70 nw=16 wall=0.477s thr(out)1 thr(in)16 conc_peak=16 pread=5.609s
DBG getmany L71 nw=16 wall=0.705s thr(out)1 thr(in)16 conc_peak=16 pread=8.520s
DBG getmany L72 nw=16 wall=0.694s thr(out)1 thr(in)16 conc_peak=16 pread=8.894s
DBG getmany L73 nw=16 wall=0.635s thr(out)1 thr(in)16 conc_peak=16 pread=8.744s
DBG getmany L74 nw=16 wall=0.377s thr(out)1 thr(in)16 conc_peak=16 pread=5.167s
DBG getmany L75 nw=16 wall=0.625s thr(out)1 thr(in)16 conc_peak=16 pread=5.639s
DBG getmany L76 nw=16 wall=0.486s thr(out)1 thr(in)16 conc_peak=16 pread=6.641s
DBG getmany L77 nw=16 wall=0.661s thr(out)1 thr(in)16 conc_peak=16 pread=8.091s
DBG getmany L78 nw=16 wall=0.379s thr(out)1 thr(in)16 conc_peak=16 pread=4.758s
DBG getmany L79 nw=16 wall=0.676s thr(out)1 thr(in)16 conc_peak=16 pread=8.081s
DBG getmany L80 nw=16 wall=0.639s thr(out)1 thr(in)16 conc_peak=16 pread=6.718s
DBG getmany L81 nw=16 wall=0.698s thr(out)1 thr(in)16 conc_peak=16 pread=9.184s
DBG getmany L82 nw=16 wall=0.472s thr(out)1 thr(in)16 conc_peak=16 pread=5.274s
DBG getmany L83 nw=16 wall=0.688s thr(out)1 thr(in)16 conc_peak=16 pread=9.356s
DBG getmany L84 nw=16 wall=0.476s thr(out)1 thr(in)16 conc_peak=16 pread=5.792s
DBG getmany L85 nw=16 wall=0.590s thr(out)1 thr(in)16 conc_peak=16 pread=7.552s
DBG getmany L86 nw=16 wall=0.440s thr(out)1 thr(in)16 conc_peak=16 pread=5.081s
DBG getmany L87 nw=16 wall=0.673s thr(out)1 thr(in)16 conc_peak=16 pread=8.617s
DBG getmany L88 nw=16 wall=0.635s thr(out)1 thr(in)16 conc_peak=16 pread=8.390s
DBG getmany L89 nw=16 wall=0.631s thr(out)1 thr(in)16 conc_peak=16 pread=8.331s
DBG getmany L90 nw=16 wall=0.460s thr(out)1 thr(in)16 conc_peak=16 pread=5.796s
DBG getmany L91 nw=16 wall=0.518s thr(out)1 thr(in)16 conc_peak=16 pread=7.136s
DBG getmany L92 nw=16 wall=0.250s thr(out)1 thr(in)16 conc_peak=16 pread=2.258s
2      24         77.58        100.0      25.83      0.013
  L2   resident=6779/14589 slots hit=100.0% read=77.49GB write=0.00GB
--------------------------------------------------------------------
3 tokens in 241.9 s, 80.63 s/token average
PEAK RSS for the whole run: 30.16 GB   <- quote this, not the plan
layers completed: 93/93; routed expert drops: 0


[chip] simulated MXFP4 GEMV bill over 4 tokens
  4416 expert chains | 291722231808 flops | 77488717824 bytes (77.49 GB)
  per token: 1104 chains | 19.37 GB | 0.07 Gflops
  compute wall @ 4 TFLOPS : 0.07 s (18.23 ms/token)
  bandwidth wall @ 200 GB/s : 0.39 s (96.86 ms/token)
  -> bandwidth-bound; to be compute-bound at 4 TFLOPS this needs 1062 GB/s
  expert fetch (host wall, measured): 136.23 s moving 77.49 GB = 1 GB/s
  chip pool wall (measured): 29.71 s

cache [final step]
  slots        : 455 of 17.56 MB = 7.99 GB arena (455 resident, 0 pinned)
  requests     : 1472  hits 1472 (100.00%)  misses 0  evictions 1472
  of those hits : 1472 came from the batch prefetch, i.e. read from disk
                  this token; TRUE resident hit rate 0.00%
  read from disk: 25.83 GB in 46.25 s (558 MB/s while loading)
  phase2 i/o    : 25.84 GB in 46.25 s (559 MB/s)  [pure parallel disk read]
l2cache [final step]
  requests     : 4416  hits 4416 (100.00%)  misses 0
  read  from sdd7: 77.49 GB, written 0.00 GB
  fd split  : 3727 O_DIRECT, 0 BUFFERED (0.00% buffered)
  hit I/O   : 77.49 GB in 134.92 s (wall) = 574 MB/s [pread 1702.08 s, 46 MB/s per-thread]
  miss I/O  : 0 misses, 0.00 GB from /model in 0.00 s (wall) = 0 MB/s
  restored from meta: 6779 slots
kio tier0: 4651 reqs, 217.64 GB delivered | per-stream 120 MB/s, aggregate 900 MB/s, concurrency 7.5x | queue 61.3 s (3.4% of io), submit-lock 4.1 s, worker-lock 0.1 s, sleep 2318.6 s in 8414 waits (60% of worker-time)
      group0: 235 reqs, 140.16 GB | per-stream 824 MB/s | queue 0.1 s (0.1%)
      group1: 4416 reqs, 77.49 GB | per-stream 47 MB/s | queue 61.2 s (3.7%)

wrote reports/gateab_ab/v62_policy/lru8_r1/ctrl.json
I/O share of wall clock: 126.2%  (trunk 170.4 s + experts 134.9 s of 241.9 s)
  both figures are WHOLE-RUN totals over 3 steps
  expert phase split: phase1 SERIAL reserve 0.1 s (552 calls) vs phase2 read 134.9 s
  over 100% because trunk reads overlap compute on the reader thread;
  63.4 s of device time was hidden behind arithmetic
  experts, whole run: 77.49 GB read | 455 of 4416 requests retained in RAM (10.30%) | 3961 evictions
    (retention = requests - evictions; the raw `hits` counter includes
     experts the prefetcher had just read from disk, so it is not a
     measure of avoided I/O)

trunk [final]
  pinned 22/93 layers, ring 2 slots
  binds 279, hits 44 (15.8%), reads 235
  read 140.16 GB in 170.38 s (823 MB/s pread)
  per-layer loads [L]=count: 0=1 1=1 2=1 3=1 4=1 5=1 6=1 7=1 8=1 9=1 10=1 11=1 12=1 13=1 14=1 15=1 16=1 17=1 18=1 19=1 20=1 21=1 22=3 23=3 24=3 25=3 26=3 27=3 28=3 29=3 30=3 31=3 32=3 33=3 34=3 35=3 36=3 37=3 38=3 39=3 40=3 41=3 42=3 43=3 44=3 45=3 46=3 47=3 48=3 49=3 50=3 51=3 52=3 53=3 54=3 55=3 56=3 57=3 58=3 59=3 60=3 61=3 62=3 63=3 64=3 65=3 66=3 67=3 68=3 69=3 70=3 71=3 72=3 73=3 74=3 75=3 76=3 77=3 78=3 79=3 80=3 81=3 82=3 83=3 84=3 85=3 86=3 87=3 88=3 89=3 90=3 91=3 92=3
  bind wall 22.81 s over 279 binds; read 170.38 + widen 2.12 = 172.50 s of device work,
                    of which 149.69 s (87%) overlapped compute on the reader thread
  widen breakdown: find 5 ms (7365)  copy 0 ms (3444)  deq 2111 ms (2370)  timed 2 s of widen 2.12 s
