k3 chip: 4 workers, 4 TFLOPS, 200 GB/s simulated wall
DBG io submit tier=0 nbytes=2341216256 qhead=0x642a3d551090
DBG io worker tier=0 rc=2341216256 nbytes=2341216256
k3_trunk: short read on layer 0
trunk bind failed at layer 0
forward pass failed at generation step 0; aborting.
config: /model/config.json (nested shape) | hidden=7168 layers=93 vocab=163840 | 24 MLA + 69 KDA | experts 896 top16 shared2 | latent=3584
  KV cache : 9.48 MB for 4 positions (2.37 MB/position)
Kimi K3, pure C, released checkpoint
  model    : /model
  prompt   : 2 tokens, generating 1

indexed 497220 tensors from 96 shards in 4.22 s
trunk on disk : 110.00 GB total (STREAMED from /mnt/nvme/trunk_layers_out, not held in RAM)

memory plan
  trunk (STREAMED) 12.00 GB
  embed + lm_head  4.70 GB
  expert cache     2.00 GB
  recurrent state  626.25 MB
  buffers          4.01 MB
  KV cache         9.46 MB
  TOTAL            19.34 GB
  available        28.63 GB

k3_trunk: trunk.bin absent - using per-layer slices (layer_%03d.bin)
trunk stream: 56.60 GB packed, 6/93 layers PINNED (9.30 GB), ring 2 x 1.30 GB
              reads use buffered I/O
              ring holds 2 slots: layers repeat over ~2 tokens, so recent ones are reused instead of re-read
trunk streaming enabled from /mnt/nvme/trunk_layers_out in 0.0 s
embedding, final norm and lm_head: 4.70 GB in 11.9 s

expert L2 cache enabled: 11397 slots x 17.55 MB = 199.99 GB on /mnt/nvme/experts.l2
expert L2 eviction policy: heat
peak RSS after loading weights: 4.78 GB  (the plan above is a forecast, this is measured)
expert cache: 113 slots x 17.56 MB = 1.98 GB (0.14% of the 1.45 TB expert pool)

recurrent state for 93 layers: 626.25 MB

incremental decode: KV cache 9.46 MB for 24 MLA layers at 4 positions

STEP   TOKEN      SECONDS      CACHE HIT  READ GB    TOK/S
--------------------------------------------------------------------
